-- Found builtin_interfaces: 1.0.0 (/opt/ros/foxy/share/builtin_interfaces/cmake)
-- Found PythonInterp: /usr/bin/python3 (found suitable version "3.8.10", minimum required is "3") 
-- Using PYTHON_EXECUTABLE: /usr/bin/python3
-- Override CMake install command with custom implementation using symlinks instead of copying resources
-- Using all available rosidl_typesupport_c: rosidl_typesupport_fastrtps_c;rosidl_typesupport_introspection_c
-- Found rosidl_adapter: 1.3.1 (/opt/ros/foxy/share/rosidl_adapter/cmake)
-- Using all available rosidl_typesupport_cpp: rosidl_typesupport_fastrtps_cpp;rosidl_typesupport_introspection_cpp
-- Found geometry_msgs: 2.0.5 (/opt/ros/foxy/share/geometry_msgs/cmake)
-- Found nav_2d_msgs: 0.4.7 (/home/unitree/navigation_ws/install/nav_2d_msgs/share/nav_2d_msgs/cmake)
-- Found nav_msgs: 2.0.5 (/opt/ros/foxy/share/nav_msgs/cmake)
-- Found rosidl_default_generators: 1.0.1 (/opt/ros/foxy/share/rosidl_default_generators/cmake)
-- Found PythonInterp: /usr/bin/python3 (found version "3.8.10") 
-- Found ament_cmake_ros: 0.9.2 (/opt/ros/foxy/share/ament_cmake_ros/cmake)
-- Using all available rosidl_typesupport_c: rosidl_typesupport_fastrtps_c;rosidl_typesupport_introspection_c
-- Using all available rosidl_typesupport_cpp: rosidl_typesupport_fastrtps_cpp;rosidl_typesupport_introspection_cpp
-- Found PythonInterp: /usr/bin/python3 (found suitable version "3.8.10", minimum required is "3.5") 
-- Found python_cmake_module: 0.8.1 (/opt/ros/foxy/share/python_cmake_module/cmake)
-- Using PYTHON_EXECUTABLE: /usr/bin/python3
-- Using PYTHON_INCLUDE_DIRS: /usr/include/python3.8
-- Using PYTHON_LIBRARIES: /usr/lib/aarch64-linux-gnu/libpython3.8.so
-- Configuring done
-- Generating done
-- Build files have been written to: /home/unitree/navigation_ws/build/dwb_msgs
[  1%] Built target dwb_msgs__cpp
[  2%] [32m[1mLinking C shared library libdwb_msgs__rosidl_generator_c.so[0m
[ 12%] Built target dwb_msgs__rosidl_generator_c
[ 13%] [32m[1mLinking CXX shared library libdwb_msgs__rosidl_typesupport_fastrtps_cpp.so[0m
[ 24%] Built target dwb_msgs__rosidl_typesupport_fastrtps_cpp
[ 25%] [32m[1mLinking CXX shared library libdwb_msgs__rosidl_typesupport_c.so[0m
[ 35%] Built target dwb_msgs__rosidl_typesupport_c
[ 36%] [32m[1mLinking CXX shared library libdwb_msgs__rosidl_typesupport_fastrtps_c.so[0m
[ 47%] Built target dwb_msgs__rosidl_typesupport_fastrtps_c
[ 48%] [32m[1mLinking C shared library libdwb_msgs__rosidl_typesupport_introspection_c.so[0m
[ 58%] Built target dwb_msgs__rosidl_typesupport_introspection_c
[ 60%] [32m[1mLinking CXX shared library libdwb_msgs__rosidl_typesupport_introspection_cpp.so[0m
[ 70%] Built target dwb_msgs__rosidl_typesupport_introspection_cpp
[ 71%] [32m[1mLinking CXX shared library libdwb_msgs__rosidl_typesupport_cpp.so[0m
[ 82%] Built target dwb_msgs__rosidl_typesupport_cpp
[ 82%] Built target dwb_msgs
[ 83%] Built target dwb_msgs__py
[ 84%] [32m[1mLinking C shared library rosidl_generator_py/dwb_msgs/libdwb_msgs__python.so[0m
[ 93%] Built target dwb_msgs__python
[ 94%] [32m[1mLinking C shared library rosidl_generator_py/dwb_msgs/dwb_msgs_s__rosidl_typesupport_c.cpython-38-aarch64-linux-gnu.so[0m
[ 95%] Built target dwb_msgs__rosidl_typesupport_c__pyext
[ 96%] [32m[1mLinking CXX shared library rosidl_generator_py/dwb_msgs/dwb_msgs_s__rosidl_typesupport_fastrtps_c.cpython-38-aarch64-linux-gnu.so[0m
[ 97%] Built target dwb_msgs__rosidl_typesupport_fastrtps_c__pyext
[ 98%] [32m[1mLinking C shared library rosidl_generator_py/dwb_msgs/dwb_msgs_s__rosidl_typesupport_introspection_c.cpython-38-aarch64-linux-gnu.so[0m
[100%] Built target dwb_msgs__rosidl_typesupport_introspection_c__pyext
-- Install configuration: "Release"
-- Execute custom install script
-- Up-to-date symlink: /home/unitree/navigation_ws/install/dwb_msgs/share/ament_index/resource_index/rosidl_interfaces/dwb_msgs
-- Up-to-date symlink: /home/unitree/navigation_ws/install/dwb_msgs/include/dwb_msgs/msg/critic_score.h
-- Up-to-date symlink: /home/unitree/navigation_ws/install/dwb_msgs/include/dwb_msgs/msg/detail/critic_score__functions.h
-- Up-to-date symlink: /home/unitree/navigation_ws/install/dwb_msgs/include/dwb_msgs/msg/detail/critic_score__struct.h
-- Up-to-date symlink: /home/unitree/navigation_ws/install/dwb_msgs/include/dwb_msgs/msg/detail/critic_score__type_support.h
-- Up-to-date symlink: /home/unitree/navigation_ws/install/dwb_msgs/include/dwb_msgs/msg/detail/local_plan_evaluation__functions.h
-- Up-to-date symlink: /home/unitree/navigation_ws/install/dwb_msgs/include/dwb_msgs/msg/detail/local_plan_evaluation__struct.h
-- Up-to-date symlink: /home/unitree/navigation_ws/install/dwb_msgs/include/dwb_msgs/msg/detail/local_plan_evaluation__type_support.h
-- Up-to-date symlink: /home/unitree/navigation_ws/install/dwb_msgs/include/dwb_msgs/msg/detail/trajectory2_d__functions.h
-- Up-to-date symlink: /home/unitree/navigation_ws/install/dwb_msgs/include/dwb_msgs/msg/detail/trajectory2_d__struct.h
-- Up-to-date symlink: /home/unitree/navigation_ws/install/dwb_msgs/include/dwb_msgs/msg/detail/trajectory2_d__type_support.h
-- Up-to-date symlink: /home/unitree/navigation_ws/install/dwb_msgs/include/dwb_msgs/msg/detail/trajectory_score__functions.h
-- Up-to-date symlink: /home/unitree/navigation_ws/install/dwb_msgs/include/dwb_msgs/msg/detail/trajectory_score__struct.h
-- Up-to-date symlink: /home/unitree/navigation_ws/install/dwb_msgs/include/dwb_msgs/msg/detail/trajectory_score__type_support.h
-- Up-to-date symlink: /home/unitree/navigation_ws/install/dwb_msgs/include/dwb_msgs/msg/local_plan_evaluation.h
-- Up-to-date symlink: /home/unitree/navigation_ws/install/dwb_msgs/include/dwb_msgs/msg/rosidl_generator_c__visibility_control.h
-- Up-to-date symlink: /home/unitree/navigation_ws/install/dwb_msgs/include/dwb_msgs/msg/trajectory2_d.h
-- Up-to-date symlink: /home/unitree/navigation_ws/install/dwb_msgs/include/dwb_msgs/msg/trajectory_score.h
-- Up-to-date symlink: /home/unitree/navigation_ws/install/dwb_msgs/include/dwb_msgs/srv/debug_local_plan.h
-- Up-to-date symlink: /home/unitree/navigation_ws/install/dwb_msgs/include/dwb_msgs/srv/detail/debug_local_plan__functions.h
-- Up-to-date symlink: /home/unitree/navigation_ws/install/dwb_msgs/include/dwb_msgs/srv/detail/debug_local_plan__struct.h
-- Up-to-date symlink: /home/unitree/navigation_ws/install/dwb_msgs/include/dwb_msgs/srv/detail/debug_local_plan__type_support.h
-- Up-to-date symlink: /home/unitree/navigation_ws/install/dwb_msgs/include/dwb_msgs/srv/detail/generate_trajectory__functions.h
-- Up-to-date symlink: /home/unitree/navigation_ws/install/dwb_msgs/include/dwb_msgs/srv/detail/generate_trajectory__struct.h
-- Up-to-date symlink: /home/unitree/navigation_ws/install/dwb_msgs/include/dwb_msgs/srv/detail/generate_trajectory__type_support.h
-- Up-to-date symlink: /home/unitree/navigation_ws/install/dwb_msgs/include/dwb_msgs/srv/detail/generate_twists__functions.h
-- Up-to-date symlink: /home/unitree/navigation_ws/install/dwb_msgs/include/dwb_msgs/srv/detail/generate_twists__struct.h
-- Up-to-date symlink: /home/unitree/navigation_ws/install/dwb_msgs/include/dwb_msgs/srv/detail/generate_twists__type_support.h
-- Up-to-date symlink: /home/unitree/navigation_ws/install/dwb_msgs/include/dwb_msgs/srv/detail/get_critic_score__functions.h
-- Up-to-date symlink: /home/unitree/navigation_ws/install/dwb_msgs/include/dwb_msgs/srv/detail/get_critic_score__struct.h
-- Up-to-date symlink: /home/unitree/navigation_ws/install/dwb_msgs/include/dwb_msgs/srv/detail/get_critic_score__type_support.h
-- Up-to-date symlink: /home/unitree/navigation_ws/install/dwb_msgs/include/dwb_msgs/srv/detail/score_trajectory__functions.h
-- Up-to-date symlink: /home/unitree/navigation_ws/install/dwb_msgs/include/dwb_msgs/srv/detail/score_trajectory__struct.h
-- Up-to-date symlink: /home/unitree/navigation_ws/install/dwb_msgs/include/dwb_msgs/srv/detail/score_trajectory__type_support.h
-- Up-to-date symlink: /home/unitree/navigation_ws/install/dwb_msgs/include/dwb_msgs/srv/generate_trajectory.h
-- Up-to-date symlink: /home/unitree/navigation_ws/install/dwb_msgs/include/dwb_msgs/srv/generate_twists.h
-- Up-to-date symlink: /home/unitree/navigation_ws/install/dwb_msgs/include/dwb_msgs/srv/get_critic_score.h
-- Up-to-date symlink: /home/unitree/navigation_ws/install/dwb_msgs/include/dwb_msgs/srv/score_trajectory.h
-- Up-to-date symlink: /home/unitree/navigation_ws/install/dwb_msgs/share/dwb_msgs/environment/library_path.sh
-- Up-to-date symlink: /home/unitree/navigation_ws/install/dwb_msgs/share/dwb_msgs/environment/library_path.dsv
-- Up-to-date symlink: /home/unitree/navigation_ws/install/dwb_msgs/include/dwb_msgs/msg/detail/critic_score__rosidl_typesupport_fastrtps_c.h
-- Up-to-date symlink: /home/unitree/navigation_ws/install/dwb_msgs/include/dwb_msgs/msg/detail/local_plan_evaluation__rosidl_typesupport_fastrtps_c.h
-- Up-to-date symlink: /home/unitree/navigation_ws/install/dwb_msgs/include/dwb_msgs/msg/detail/trajectory2_d__rosidl_typesupport_fastrtps_c.h
-- Up-to-date symlink: /home/unitree/navigation_ws/install/dwb_msgs/include/dwb_msgs/msg/detail/trajectory_score__rosidl_typesupport_fastrtps_c.h
-- Up-to-date symlink: /home/unitree/navigation_ws/install/dwb_msgs/include/dwb_msgs/msg/rosidl_typesupport_fastrtps_c__visibility_control.h
-- Up-to-date symlink: /home/unitree/navigation_ws/install/dwb_msgs/include/dwb_msgs/srv/detail/debug_local_plan__rosidl_typesupport_fastrtps_c.h
-- Up-to-date symlink: /home/unitree/navigation_ws/install/dwb_msgs/include/dwb_msgs/srv/detail/generate_trajectory__rosidl_typesupport_fastrtps_c.h
-- Up-to-date symlink: /home/unitree/navigation_ws/install/dwb_msgs/include/dwb_msgs/srv/detail/generate_twists__rosidl_typesupport_fastrtps_c.h
-- Up-to-date symlink: /home/unitree/navigation_ws/install/dwb_msgs/include/dwb_msgs/srv/detail/get_critic_score__rosidl_typesupport_fastrtps_c.h
-- Up-to-date symlink: /home/unitree/navigation_ws/install/dwb_msgs/include/dwb_msgs/srv/detail/score_trajectory__rosidl_typesupport_fastrtps_c.h
-- Up-to-date symlink: /home/unitree/navigation_ws/install/dwb_msgs/lib/libdwb_msgs__rosidl_typesupport_fastrtps_c.so
-- Up-to-date symlink: /home/unitree/navigation_ws/install/dwb_msgs/include/dwb_msgs/msg/detail/critic_score__rosidl_typesupport_fastrtps_cpp.hpp
-- Up-to-date symlink: /home/unitree/navigation_ws/install/dwb_msgs/include/dwb_msgs/msg/detail/local_plan_evaluation__rosidl_typesupport_fastrtps_cpp.hpp
-- Up-to-date symlink: /home/unitree/navigation_ws/install/dwb_msgs/include/dwb_msgs/msg/detail/trajectory2_d__rosidl_typesupport_fastrtps_cpp.hpp
-- Up-to-date symlink: /home/unitree/navigation_ws/install/dwb_msgs/include/dwb_msgs/msg/detail/trajectory_score__rosidl_typesupport_fastrtps_cpp.hpp
-- Up-to-date symlink: /home/unitree/navigation_ws/install/dwb_msgs/include/dwb_msgs/msg/rosidl_typesupport_fastrtps_cpp__visibility_control.h
-- Up-to-date symlink: /home/unitree/navigation_ws/install/dwb_msgs/include/dwb_msgs/srv/detail/debug_local_plan__rosidl_typesupport_fastrtps_cpp.hpp
-- Up-to-date symlink: /home/unitree/navigation_ws/install/dwb_msgs/include/dwb_msgs/srv/detail/generate_trajectory__rosidl_typesupport_fastrtps_cpp.hpp
-- Up-to-date symlink: /home/unitree/navigation_ws/install/dwb_msgs/include/dwb_msgs/srv/detail/generate_twists__rosidl_typesupport_fastrtps_cpp.hpp
-- Up-to-date symlink: /home/unitree/navigation_ws/install/dwb_msgs/include/dwb_msgs/srv/detail/get_critic_score__rosidl_typesupport_fastrtps_cpp.hpp
-- Up-to-date symlink: /home/unitree/navigation_ws/install/dwb_msgs/include/dwb_msgs/srv/detail/score_trajectory__rosidl_typesupport_fastrtps_cpp.hpp
-- Up-to-date symlink: /home/unitree/navigation_ws/install/dwb_msgs/lib/libdwb_msgs__rosidl_typesupport_fastrtps_cpp.so
-- Up-to-date symlink: /home/unitree/navigation_ws/install/dwb_msgs/include/dwb_msgs/msg/detail/critic_score__rosidl_typesupport_introspection_c.h
-- Up-to-date symlink: /home/unitree/navigation_ws/install/dwb_msgs/include/dwb_msgs/msg/detail/local_plan_evaluation__rosidl_typesupport_introspection_c.h
-- Up-to-date symlink: /home/unitree/navigation_ws/install/dwb_msgs/include/dwb_msgs/msg/detail/trajectory2_d__rosidl_typesupport_introspection_c.h
-- Up-to-date symlink: /home/unitree/navigation_ws/install/dwb_msgs/include/dwb_msgs/msg/detail/trajectory_score__rosidl_typesupport_introspection_c.h
-- Up-to-date symlink: /home/unitree/navigation_ws/install/dwb_msgs/include/dwb_msgs/msg/rosidl_typesupport_introspection_c__visibility_control.h
-- Up-to-date symlink: /home/unitree/navigation_ws/install/dwb_msgs/include/dwb_msgs/srv/detail/debug_local_plan__rosidl_typesupport_introspection_c.h
-- Up-to-date symlink: /home/unitree/navigation_ws/install/dwb_msgs/include/dwb_msgs/srv/detail/generate_trajectory__rosidl_typesupport_introspection_c.h
-- Up-to-date symlink: /home/unitree/navigation_ws/install/dwb_msgs/include/dwb_msgs/srv/detail/generate_twists__rosidl_typesupport_introspection_c.h
-- Up-to-date symlink: /home/unitree/navigation_ws/install/dwb_msgs/include/dwb_msgs/srv/detail/get_critic_score__rosidl_typesupport_introspection_c.h
-- Up-to-date symlink: /home/unitree/navigation_ws/install/dwb_msgs/include/dwb_msgs/srv/detail/score_trajectory__rosidl_typesupport_introspection_c.h
-- Up-to-date symlink: /home/unitree/navigation_ws/install/dwb_msgs/include/dwb_msgs/msg/critic_score.hpp
-- Up-to-date symlink: /home/unitree/navigation_ws/install/dwb_msgs/include/dwb_msgs/msg/detail/critic_score__builder.hpp
-- Up-to-date symlink: /home/unitree/navigation_ws/install/dwb_msgs/include/dwb_msgs/msg/detail/critic_score__struct.hpp
-- Up-to-date symlink: /home/unitree/navigation_ws/install/dwb_msgs/include/dwb_msgs/msg/detail/critic_score__traits.hpp
-- Up-to-date symlink: /home/unitree/navigation_ws/install/dwb_msgs/include/dwb_msgs/msg/detail/critic_score__type_support.hpp
-- Up-to-date symlink: /home/unitree/navigation_ws/install/dwb_msgs/include/dwb_msgs/msg/detail/local_plan_evaluation__builder.hpp
-- Up-to-date symlink: /home/unitree/navigation_ws/install/dwb_msgs/include/dwb_msgs/msg/detail/local_plan_evaluation__struct.hpp
-- Up-to-date symlink: /home/unitree/navigation_ws/install/dwb_msgs/include/dwb_msgs/msg/detail/local_plan_evaluation__traits.hpp
-- Up-to-date symlink: /home/unitree/navigation_ws/install/dwb_msgs/include/dwb_msgs/msg/detail/local_plan_evaluation__type_support.hpp
-- Up-to-date symlink: /home/unitree/navigation_ws/install/dwb_msgs/include/dwb_msgs/msg/detail/trajectory2_d__builder.hpp
-- Up-to-date symlink: /home/unitree/navigation_ws/install/dwb_msgs/include/dwb_msgs/msg/detail/trajectory2_d__struct.hpp
-- Up-to-date symlink: /home/unitree/navigation_ws/install/dwb_msgs/include/dwb_msgs/msg/detail/trajectory2_d__traits.hpp
-- Up-to-date symlink: /home/unitree/navigation_ws/install/dwb_msgs/include/dwb_msgs/msg/detail/trajectory2_d__type_support.hpp
-- Up-to-date symlink: /home/unitree/navigation_ws/install/dwb_msgs/include/dwb_msgs/msg/detail/trajectory_score__builder.hpp
-- Up-to-date symlink: /home/unitree/navigation_ws/install/dwb_msgs/include/dwb_msgs/msg/detail/trajectory_score__struct.hpp
-- Up-to-date symlink: /home/unitree/navigation_ws/install/dwb_msgs/include/dwb_msgs/msg/detail/trajectory_score__traits.hpp
-- Up-to-date symlink: /home/unitree/navigation_ws/install/dwb_msgs/include/dwb_msgs/msg/detail/trajectory_score__type_support.hpp
-- Up-to-date symlink: /home/unitree/navigation_ws/install/dwb_msgs/include/dwb_msgs/msg/local_plan_evaluation.hpp
-- Up-to-date symlink: /home/unitree/navigation_ws/install/dwb_msgs/include/dwb_msgs/msg/rosidl_generator_cpp__visibility_control.hpp
-- Up-to-date symlink: /home/unitree/navigation_ws/install/dwb_msgs/include/dwb_msgs/msg/trajectory2_d.hpp
-- Up-to-date symlink: /home/unitree/navigation_ws/install/dwb_msgs/include/dwb_msgs/msg/trajectory_score.hpp
-- Up-to-date symlink: /home/unitree/navigation_ws/install/dwb_msgs/include/dwb_msgs/srv/debug_local_plan.hpp
-- Up-to-date symlink: /home/unitree/navigation_ws/install/dwb_msgs/include/dwb_msgs/srv/detail/debug_local_plan__builder.hpp
-- Up-to-date symlink: /home/unitree/navigation_ws/install/dwb_msgs/include/dwb_msgs/srv/detail/debug_local_plan__struct.hpp
-- Up-to-date symlink: /home/unitree/navigation_ws/install/dwb_msgs/include/dwb_msgs/srv/detail/debug_local_plan__traits.hpp
-- Up-to-date symlink: /home/unitree/navigation_ws/install/dwb_msgs/include/dwb_msgs/srv/detail/debug_local_plan__type_support.hpp
-- Up-to-date symlink: /home/unitree/navigation_ws/install/dwb_msgs/include/dwb_msgs/srv/detail/generate_trajectory__builder.hpp
-- Up-to-date symlink: /home/unitree/navigation_ws/install/dwb_msgs/include/dwb_msgs/srv/detail/generate_trajectory__struct.hpp
-- Up-to-date symlink: /home/unitree/navigation_ws/install/dwb_msgs/include/dwb_msgs/srv/detail/generate_trajectory__traits.hpp
-- Up-to-date symlink: /home/unitree/navigation_ws/install/dwb_msgs/include/dwb_msgs/srv/detail/generate_trajectory__type_support.hpp
-- Up-to-date symlink: /home/unitree/navigation_ws/install/dwb_msgs/include/dwb_msgs/srv/detail/generate_twists__builder.hpp
-- Up-to-date symlink: /home/unitree/navigation_ws/install/dwb_msgs/include/dwb_msgs/srv/detail/generate_twists__struct.hpp
-- Up-to-date symlink: /home/unitree/navigation_ws/install/dwb_msgs/include/dwb_msgs/srv/detail/generate_twists__traits.hpp
-- Up-to-date symlink: /home/unitree/navigation_ws/install/dwb_msgs/include/dwb_msgs/srv/detail/generate_twists__type_support.hpp
-- Up-to-date symlink: /home/unitree/navigation_ws/install/dwb_msgs/include/dwb_msgs/srv/detail/get_critic_score__builder.hpp
-- Up-to-date symlink: /home/unitree/navigation_ws/install/dwb_msgs/include/dwb_msgs/srv/detail/get_critic_score__struct.hpp
-- Up-to-date symlink: /home/unitree/navigation_ws/install/dwb_msgs/include/dwb_msgs/srv/detail/get_critic_score__traits.hpp
-- Up-to-date symlink: /home/unitree/navigation_ws/install/dwb_msgs/include/dwb_msgs/srv/detail/get_critic_score__type_support.hpp
-- Up-to-date symlink: /home/unitree/navigation_ws/install/dwb_msgs/include/dwb_msgs/srv/detail/score_trajectory__builder.hpp
-- Up-to-date symlink: /home/unitree/navigation_ws/install/dwb_msgs/include/dwb_msgs/srv/detail/score_trajectory__struct.hpp
-- Up-to-date symlink: /home/unitree/navigation_ws/install/dwb_msgs/include/dwb_msgs/srv/detail/score_trajectory__traits.hpp
-- Up-to-date symlink: /home/unitree/navigation_ws/install/dwb_msgs/include/dwb_msgs/srv/detail/score_trajectory__type_support.hpp
-- Up-to-date symlink: /home/unitree/navigation_ws/install/dwb_msgs/include/dwb_msgs/srv/generate_trajectory.hpp
-- Up-to-date symlink: /home/unitree/navigation_ws/install/dwb_msgs/include/dwb_msgs/srv/generate_twists.hpp
-- Up-to-date symlink: /home/unitree/navigation_ws/install/dwb_msgs/include/dwb_msgs/srv/get_critic_score.hpp
-- Up-to-date symlink: /home/unitree/navigation_ws/install/dwb_msgs/include/dwb_msgs/srv/score_trajectory.hpp
-- Up-to-date symlink: /home/unitree/navigation_ws/install/dwb_msgs/include/dwb_msgs/msg/detail/critic_score__rosidl_typesupport_introspection_cpp.hpp
-- Up-to-date symlink: /home/unitree/navigation_ws/install/dwb_msgs/include/dwb_msgs/msg/detail/local_plan_evaluation__rosidl_typesupport_introspection_cpp.hpp
-- Up-to-date symlink: /home/unitree/navigation_ws/install/dwb_msgs/include/dwb_msgs/msg/detail/trajectory2_d__rosidl_typesupport_introspection_cpp.hpp
-- Up-to-date symlink: /home/unitree/navigation_ws/install/dwb_msgs/include/dwb_msgs/msg/detail/trajectory_score__rosidl_typesupport_introspection_cpp.hpp
-- Up-to-date symlink: /home/unitree/navigation_ws/install/dwb_msgs/include/dwb_msgs/srv/detail/debug_local_plan__rosidl_typesupport_introspection_cpp.hpp
-- Up-to-date symlink: /home/unitree/navigation_ws/install/dwb_msgs/include/dwb_msgs/srv/detail/generate_trajectory__rosidl_typesupport_introspection_cpp.hpp
-- Up-to-date symlink: /home/unitree/navigation_ws/install/dwb_msgs/include/dwb_msgs/srv/detail/generate_twists__rosidl_typesupport_introspection_cpp.hpp
-- Up-to-date symlink: /home/unitree/navigation_ws/install/dwb_msgs/include/dwb_msgs/srv/detail/get_critic_score__rosidl_typesupport_introspection_cpp.hpp
-- Up-to-date symlink: /home/unitree/navigation_ws/install/dwb_msgs/include/dwb_msgs/srv/detail/score_trajectory__rosidl_typesupport_introspection_cpp.hpp
-- Up-to-date symlink: /home/unitree/navigation_ws/install/dwb_msgs/share/dwb_msgs/environment/pythonpath.sh
-- Up-to-date symlink: /home/unitree/navigation_ws/install/dwb_msgs/share/dwb_msgs/environment/pythonpath.dsv
-- Up-to-date symlink: /home/unitree/navigation_ws/install/dwb_msgs/lib/python3.8/site-packages/dwb_msgs/__init__.py
-- Up-to-date symlink: /home/unitree/navigation_ws/install/dwb_msgs/lib/python3.8/site-packages/dwb_msgs/msg/__init__.py
-- Up-to-date symlink: /home/unitree/navigation_ws/install/dwb_msgs/lib/python3.8/site-packages/dwb_msgs/msg/_critic_score.py
-- Up-to-date symlink: /home/unitree/navigation_ws/install/dwb_msgs/lib/python3.8/site-packages/dwb_msgs/msg/_local_plan_evaluation.py
-- Up-to-date symlink: /home/unitree/navigation_ws/install/dwb_msgs/lib/python3.8/site-packages/dwb_msgs/msg/_trajectory2_d.py
-- Up-to-date symlink: /home/unitree/navigation_ws/install/dwb_msgs/lib/python3.8/site-packages/dwb_msgs/msg/_trajectory_score.py
-- Up-to-date symlink: /home/unitree/navigation_ws/install/dwb_msgs/lib/python3.8/site-packages/dwb_msgs/srv/__init__.py
-- Up-to-date symlink: /home/unitree/navigation_ws/install/dwb_msgs/lib/python3.8/site-packages/dwb_msgs/srv/_debug_local_plan.py
-- Up-to-date symlink: /home/unitree/navigation_ws/install/dwb_msgs/lib/python3.8/site-packages/dwb_msgs/srv/_generate_trajectory.py
-- Up-to-date symlink: /home/unitree/navigation_ws/install/dwb_msgs/lib/python3.8/site-packages/dwb_msgs/srv/_generate_twists.py
-- Up-to-date symlink: /home/unitree/navigation_ws/install/dwb_msgs/lib/python3.8/site-packages/dwb_msgs/srv/_get_critic_score.py
-- Up-to-date symlink: /home/unitree/navigation_ws/install/dwb_msgs/lib/python3.8/site-packages/dwb_msgs/srv/_score_trajectory.py
-- Up-to-date symlink: /home/unitree/navigation_ws/install/dwb_msgs/lib/python3.8/site-packages/dwb_msgs/dwb_msgs_s__rosidl_typesupport_fastrtps_c.cpython-38-aarch64-linux-gnu.so
-- Up-to-date symlink: /home/unitree/navigation_ws/install/dwb_msgs/lib/python3.8/site-packages/dwb_msgs/dwb_msgs_s__rosidl_typesupport_introspection_c.cpython-38-aarch64-linux-gnu.so
-- Up-to-date symlink: /home/unitree/navigation_ws/install/dwb_msgs/lib/python3.8/site-packages/dwb_msgs/dwb_msgs_s__rosidl_typesupport_c.cpython-38-aarch64-linux-gnu.so
-- Up-to-date symlink: /home/unitree/navigation_ws/install/dwb_msgs/lib/libdwb_msgs__python.so
-- Up-to-date symlink: /home/unitree/navigation_ws/install/dwb_msgs/share/dwb_msgs/msg/CriticScore.idl
-- Up-to-date symlink: /home/unitree/navigation_ws/install/dwb_msgs/share/dwb_msgs/msg/LocalPlanEvaluation.idl
-- Up-to-date symlink: /home/unitree/navigation_ws/install/dwb_msgs/share/dwb_msgs/msg/Trajectory2D.idl
-- Up-to-date symlink: /home/unitree/navigation_ws/install/dwb_msgs/share/dwb_msgs/msg/TrajectoryScore.idl
-- Up-to-date symlink: /home/unitree/navigation_ws/install/dwb_msgs/share/dwb_msgs/srv/DebugLocalPlan.idl
-- Up-to-date symlink: /home/unitree/navigation_ws/install/dwb_msgs/share/dwb_msgs/srv/GenerateTrajectory.idl
-- Up-to-date symlink: /home/unitree/navigation_ws/install/dwb_msgs/share/dwb_msgs/srv/GenerateTwists.idl
-- Up-to-date symlink: /home/unitree/navigation_ws/install/dwb_msgs/share/dwb_msgs/srv/GetCriticScore.idl
-- Up-to-date symlink: /home/unitree/navigation_ws/install/dwb_msgs/share/dwb_msgs/srv/ScoreTrajectory.idl
-- Up-to-date symlink: /home/unitree/navigation_ws/install/dwb_msgs/share/dwb_msgs/msg/CriticScore.msg
-- Up-to-date symlink: /home/unitree/navigation_ws/install/dwb_msgs/share/dwb_msgs/msg/LocalPlanEvaluation.msg
-- Up-to-date symlink: /home/unitree/navigation_ws/install/dwb_msgs/share/dwb_msgs/msg/Trajectory2D.msg
-- Up-to-date symlink: /home/unitree/navigation_ws/install/dwb_msgs/share/dwb_msgs/msg/TrajectoryScore.msg
-- Up-to-date symlink: /home/unitree/navigation_ws/install/dwb_msgs/share/dwb_msgs/srv/DebugLocalPlan.srv
-- Up-to-date symlink: /home/unitree/navigation_ws/install/dwb_msgs/share/dwb_msgs/srv/DebugLocalPlan_Request.msg
-- Up-to-date symlink: /home/unitree/navigation_ws/install/dwb_msgs/share/dwb_msgs/srv/DebugLocalPlan_Response.msg
-- Up-to-date symlink: /home/unitree/navigation_ws/install/dwb_msgs/share/dwb_msgs/srv/GenerateTrajectory.srv
-- Up-to-date symlink: /home/unitree/navigation_ws/install/dwb_msgs/share/dwb_msgs/srv/GenerateTrajectory_Request.msg
-- Up-to-date symlink: /home/unitree/navigation_ws/install/dwb_msgs/share/dwb_msgs/srv/GenerateTrajectory_Response.msg
-- Up-to-date symlink: /home/unitree/navigation_ws/install/dwb_msgs/share/dwb_msgs/srv/GenerateTwists.srv
-- Up-to-date symlink: /home/unitree/navigation_ws/install/dwb_msgs/share/dwb_msgs/srv/GenerateTwists_Request.msg
-- Up-to-date symlink: /home/unitree/navigation_ws/install/dwb_msgs/share/dwb_msgs/srv/GenerateTwists_Response.msg
-- Up-to-date symlink: /home/unitree/navigation_ws/install/dwb_msgs/share/dwb_msgs/srv/GetCriticScore.srv
-- Up-to-date symlink: /home/unitree/navigation_ws/install/dwb_msgs/share/dwb_msgs/srv/GetCriticScore_Request.msg
-- Up-to-date symlink: /home/unitree/navigation_ws/install/dwb_msgs/share/dwb_msgs/srv/GetCriticScore_Response.msg
-- Up-to-date symlink: /home/unitree/navigation_ws/install/dwb_msgs/share/dwb_msgs/srv/ScoreTrajectory.srv
-- Up-to-date symlink: /home/unitree/navigation_ws/install/dwb_msgs/share/dwb_msgs/srv/ScoreTrajectory_Request.msg
-- Up-to-date symlink: /home/unitree/navigation_ws/install/dwb_msgs/share/dwb_msgs/srv/ScoreTrajectory_Response.msg
-- Up-to-date symlink: /home/unitree/navigation_ws/install/dwb_msgs/share/ament_index/resource_index/package_run_dependencies/dwb_msgs
-- Up-to-date symlink: /home/unitree/navigation_ws/install/dwb_msgs/share/ament_index/resource_index/parent_prefix_path/dwb_msgs
-- Up-to-date symlink: /home/unitree/navigation_ws/install/dwb_msgs/share/dwb_msgs/environment/ament_prefix_path.sh
-- Up-to-date symlink: /home/unitree/navigation_ws/install/dwb_msgs/share/dwb_msgs/environment/ament_prefix_path.dsv
-- Up-to-date symlink: /home/unitree/navigation_ws/install/dwb_msgs/share/dwb_msgs/environment/path.sh
-- Up-to-date symlink: /home/unitree/navigation_ws/install/dwb_msgs/share/dwb_msgs/environment/path.dsv
-- Up-to-date symlink: /home/unitree/navigation_ws/install/dwb_msgs/share/dwb_msgs/local_setup.bash
-- Up-to-date symlink: /home/unitree/navigation_ws/install/dwb_msgs/share/dwb_msgs/local_setup.sh
-- Up-to-date symlink: /home/unitree/navigation_ws/install/dwb_msgs/share/dwb_msgs/local_setup.zsh
-- Up-to-date symlink: /home/unitree/navigation_ws/install/dwb_msgs/share/dwb_msgs/local_setup.dsv
-- Symlinking: /home/unitree/navigation_ws/install/dwb_msgs/share/dwb_msgs/package.dsv
-- Up-to-date symlink: /home/unitree/navigation_ws/install/dwb_msgs/share/ament_index/resource_index/packages/dwb_msgs
-- Up-to-date symlink: /home/unitree/navigation_ws/install/dwb_msgs/share/dwb_msgs/cmake/rosidl_cmake-extras.cmake
-- Up-to-date symlink: /home/unitree/navigation_ws/install/dwb_msgs/share/dwb_msgs/cmake/ament_cmake_export_dependencies-extras.cmake
-- Up-to-date symlink: /home/unitree/navigation_ws/install/dwb_msgs/share/dwb_msgs/cmake/ament_cmake_export_libraries-extras.cmake
-- Up-to-date symlink: /home/unitree/navigation_ws/install/dwb_msgs/share/dwb_msgs/cmake/ament_cmake_export_targets-extras.cmake
-- Up-to-date symlink: /home/unitree/navigation_ws/install/dwb_msgs/share/dwb_msgs/cmake/ament_cmake_export_include_directories-extras.cmake
-- Up-to-date symlink: /home/unitree/navigation_ws/install/dwb_msgs/share/dwb_msgs/cmake/rosidl_cmake_export_typesupport_libraries-extras.cmake
-- Up-to-date symlink: /home/unitree/navigation_ws/install/dwb_msgs/share/dwb_msgs/cmake/rosidl_cmake_export_typesupport_targets-extras.cmake
-- Up-to-date symlink: /home/unitree/navigation_ws/install/dwb_msgs/share/dwb_msgs/cmake/dwb_msgsConfig.cmake
-- Up-to-date symlink: /home/unitree/navigation_ws/install/dwb_msgs/share/dwb_msgs/cmake/dwb_msgsConfig-version.cmake
-- Up-to-date symlink: /home/unitree/navigation_ws/install/dwb_msgs/share/dwb_msgs/package.xml
-- Installing: /home/unitree/navigation_ws/install/dwb_msgs/lib/libdwb_msgs__rosidl_generator_c.so
-- Set runtime path of "/home/unitree/navigation_ws/install/dwb_msgs/lib/libdwb_msgs__rosidl_generator_c.so" to ""
-- Installing: /home/unitree/navigation_ws/install/dwb_msgs/lib/libdwb_msgs__rosidl_typesupport_introspection_c.so
-- Set runtime path of "/home/unitree/navigation_ws/install/dwb_msgs/lib/libdwb_msgs__rosidl_typesupport_introspection_c.so" to ""
-- Installing: /home/unitree/navigation_ws/install/dwb_msgs/lib/libdwb_msgs__rosidl_typesupport_c.so
-- Set runtime path of "/home/unitree/navigation_ws/install/dwb_msgs/lib/libdwb_msgs__rosidl_typesupport_c.so" to ""
-- Installing: /home/unitree/navigation_ws/install/dwb_msgs/lib/libdwb_msgs__rosidl_typesupport_introspection_cpp.so
-- Set runtime path of "/home/unitree/navigation_ws/install/dwb_msgs/lib/libdwb_msgs__rosidl_typesupport_introspection_cpp.so" to ""
-- Installing: /home/unitree/navigation_ws/install/dwb_msgs/lib/libdwb_msgs__rosidl_typesupport_cpp.so
-- Set runtime path of "/home/unitree/navigation_ws/install/dwb_msgs/lib/libdwb_msgs__rosidl_typesupport_cpp.so" to ""
Compiling '/home/unitree/navigation_ws/install/dwb_msgs/lib/python3.8/site-packages/dwb_msgs/__init__.py'...
-- Up-to-date: /home/unitree/navigation_ws/install/dwb_msgs/share/dwb_msgs/cmake/dwb_msgs__rosidl_generator_cExport.cmake
-- Installing: /home/unitree/navigation_ws/install/dwb_msgs/share/dwb_msgs/cmake/dwb_msgs__rosidl_generator_cExport-release.cmake
-- Up-to-date: /home/unitree/navigation_ws/install/dwb_msgs/share/dwb_msgs/cmake/dwb_msgs__rosidl_typesupport_introspection_cExport.cmake
-- Installing: /home/unitree/navigation_ws/install/dwb_msgs/share/dwb_msgs/cmake/dwb_msgs__rosidl_typesupport_introspection_cExport-release.cmake
-- Up-to-date: /home/unitree/navigation_ws/install/dwb_msgs/share/dwb_msgs/cmake/dwb_msgs__rosidl_typesupport_cExport.cmake
-- Installing: /home/unitree/navigation_ws/install/dwb_msgs/share/dwb_msgs/cmake/dwb_msgs__rosidl_typesupport_cExport-release.cmake
-- Up-to-date: /home/unitree/navigation_ws/install/dwb_msgs/share/dwb_msgs/cmake/dwb_msgs__rosidl_generator_cppExport.cmake
-- Up-to-date: /home/unitree/navigation_ws/install/dwb_msgs/share/dwb_msgs/cmake/dwb_msgs__rosidl_typesupport_introspection_cppExport.cmake
-- Installing: /home/unitree/navigation_ws/install/dwb_msgs/share/dwb_msgs/cmake/dwb_msgs__rosidl_typesupport_introspection_cppExport-release.cmake
-- Up-to-date: /home/unitree/navigation_ws/install/dwb_msgs/share/dwb_msgs/cmake/dwb_msgs__rosidl_typesupport_cppExport.cmake
-- Installing: /home/unitree/navigation_ws/install/dwb_msgs/share/dwb_msgs/cmake/dwb_msgs__rosidl_typesupport_cppExport-release.cmake
