-- Found ament_cmake: 0.9.12 (/opt/ros/foxy/share/ament_cmake/cmake)
-- Using PYTHON_EXECUTABLE: /usr/bin/python3
-- Override CMake install command with custom implementation using symlinks instead of copying resources
-- Found nav2_common: 0.4.7 (/home/unitree/navigation_ws/install/nav2_common/share/nav2_common/cmake)
-- Found rclcpp: 2.4.3 (/opt/ros/foxy/share/rclcpp/cmake)
-- Using all available rosidl_typesupport_c: rosidl_typesupport_fastrtps_c;rosidl_typesupport_introspection_c
-- Found rosidl_adapter: 1.3.1 (/opt/ros/foxy/share/rosidl_adapter/cmake)
-- Using all available rosidl_typesupport_cpp: rosidl_typesupport_fastrtps_cpp;rosidl_typesupport_introspection_cpp
-- Found rmw_implementation_cmake: 1.0.4 (/opt/ros/foxy/share/rmw_implementation_cmake/cmake)
-- Using RMW implementation 'rmw_cyclonedds_cpp' as default
-- Found geometry_msgs: 2.0.5 (/opt/ros/foxy/share/geometry_msgs/cmake)
-- Found nav_2d_msgs: 0.4.7 (/home/unitree/navigation_ws/install/nav_2d_msgs/share/nav_2d_msgs/cmake)
-- Found dwb_msgs: 0.4.7 (/home/unitree/navigation_ws/install/dwb_msgs/share/dwb_msgs/cmake)
-- Found nav2_costmap_2d: 0.4.7 (/home/unitree/navigation_ws/install/nav2_costmap_2d/share/nav2_costmap_2d/cmake)
-- Found nav_2d_utils: 0.4.7 (/home/unitree/navigation_ws/install/nav_2d_utils/share/nav_2d_utils/cmake)
-- Found nav2_core: 0.4.7 (/home/unitree/navigation_ws/install/nav2_core/share/nav2_core/cmake)
-- Found ament_lint_auto: 0.9.8 (/opt/ros/foxy/share/ament_lint_auto/cmake)
-- Found ament_cmake_gtest: 0.9.12 (/opt/ros/foxy/share/ament_cmake_gtest/cmake)
-- Found gtest sources under '/opt/ros/foxy/src/gtest_vendor': C++ tests using 'Google Test' will be built
-- Added test 'cppcheck' to perform static code analysis on C / C++ code
-- Configured cppcheck include dirs: /home/unitree/navigation_ws/src/navigation2/nav2_dwb_controller/dwb_core/include
-- Configured cppcheck exclude dirs and/or files: 
-- Added test 'cpplint' to check C / C++ code against the Google style
-- Configured cpplint exclude dirs and/or files: 
-- Added test 'lint_cmake' to check CMake code style
-- Added test 'uncrustify' to check C / C++ code style
-- Configured uncrustify additional arguments: 
-- Added test 'xmllint' to check XML markup files
-- Configuring done
-- Generating done
-- Build files have been written to: /home/unitree/navigation_ws/build/dwb_core
[ 18%] Built target gtest_main
[ 36%] Built target gtest
[ 45%] [32mBuilding CXX object CMakeFiles/dwb_core.dir/src/dwb_local_planner.cpp.o[0m
[ 54%] [32mBuilding CXX object CMakeFiles/dwb_core.dir/src/illegal_trajectory_tracker.cpp.o[0m
[ 63%] [32mBuilding CXX object CMakeFiles/dwb_core.dir/src/publisher.cpp.o[0m
[ 72%] [32mBuilding CXX object CMakeFiles/dwb_core.dir/src/trajectory_utils.cpp.o[0m
[ 81%] [32m[1mLinking CXX shared library libdwb_core.so[0m
[ 81%] Built target dwb_core
[ 90%] [32mBuilding CXX object test/CMakeFiles/utils_test.dir/utils_test.cpp.o[0m
[100%] [32m[1mLinking CXX executable utils_test[0m
[100%] Built target utils_test
-- Install configuration: "Release"
-- Execute custom install script
-- Up-to-date symlink: /home/unitree/navigation_ws/install/dwb_core/lib/libdwb_core.so
-- Up-to-date symlink: /home/unitree/navigation_ws/install/dwb_core/include//dwb_core/dwb_local_planner.hpp
-- Up-to-date symlink: /home/unitree/navigation_ws/install/dwb_core/include//dwb_core/exceptions.hpp
-- Up-to-date symlink: /home/unitree/navigation_ws/install/dwb_core/include//dwb_core/illegal_trajectory_tracker.hpp
-- Up-to-date symlink: /home/unitree/navigation_ws/install/dwb_core/include//dwb_core/publisher.hpp
-- Up-to-date symlink: /home/unitree/navigation_ws/install/dwb_core/include//dwb_core/trajectory_critic.hpp
-- Up-to-date symlink: /home/unitree/navigation_ws/install/dwb_core/include//dwb_core/trajectory_generator.hpp
-- Up-to-date symlink: /home/unitree/navigation_ws/install/dwb_core/include//dwb_core/trajectory_utils.hpp
-- Up-to-date symlink: /home/unitree/navigation_ws/install/dwb_core/share/dwb_core/environment/library_path.sh
-- Up-to-date symlink: /home/unitree/navigation_ws/install/dwb_core/share/dwb_core/environment/library_path.dsv
-- Up-to-date symlink: /home/unitree/navigation_ws/install/dwb_core/share/dwb_core//local_planner_plugin.xml
-- Up-to-date symlink: /home/unitree/navigation_ws/install/dwb_core/share/ament_index/resource_index/package_run_dependencies/dwb_core
-- Up-to-date symlink: /home/unitree/navigation_ws/install/dwb_core/share/ament_index/resource_index/parent_prefix_path/dwb_core
-- Up-to-date symlink: /home/unitree/navigation_ws/install/dwb_core/share/dwb_core/environment/ament_prefix_path.sh
-- Up-to-date symlink: /home/unitree/navigation_ws/install/dwb_core/share/dwb_core/environment/ament_prefix_path.dsv
-- Up-to-date symlink: /home/unitree/navigation_ws/install/dwb_core/share/dwb_core/environment/path.sh
-- Up-to-date symlink: /home/unitree/navigation_ws/install/dwb_core/share/dwb_core/environment/path.dsv
-- Up-to-date symlink: /home/unitree/navigation_ws/install/dwb_core/share/dwb_core/local_setup.bash
-- Up-to-date symlink: /home/unitree/navigation_ws/install/dwb_core/share/dwb_core/local_setup.sh
-- Up-to-date symlink: /home/unitree/navigation_ws/install/dwb_core/share/dwb_core/local_setup.zsh
-- Up-to-date symlink: /home/unitree/navigation_ws/install/dwb_core/share/dwb_core/local_setup.dsv
-- Symlinking: /home/unitree/navigation_ws/install/dwb_core/share/dwb_core/package.dsv
-- Up-to-date symlink: /home/unitree/navigation_ws/install/dwb_core/share/ament_index/resource_index/packages/dwb_core
-- Up-to-date symlink: /home/unitree/navigation_ws/install/dwb_core/share/ament_index/resource_index/nav2_core__pluginlib__plugin/dwb_core
-- Up-to-date symlink: /home/unitree/navigation_ws/install/dwb_core/share/dwb_core/cmake/ament_cmake_export_include_directories-extras.cmake
-- Up-to-date symlink: /home/unitree/navigation_ws/install/dwb_core/share/dwb_core/cmake/ament_cmake_export_libraries-extras.cmake
-- Up-to-date symlink: /home/unitree/navigation_ws/install/dwb_core/share/dwb_core/cmake/ament_cmake_export_dependencies-extras.cmake
-- Up-to-date symlink: /home/unitree/navigation_ws/install/dwb_core/share/dwb_core/cmake/ament_cmake_export_definitions-extras.cmake
-- Up-to-date symlink: /home/unitree/navigation_ws/install/dwb_core/share/dwb_core/cmake/dwb_coreConfig.cmake
-- Up-to-date symlink: /home/unitree/navigation_ws/install/dwb_core/share/dwb_core/cmake/dwb_coreConfig-version.cmake
-- Up-to-date symlink: /home/unitree/navigation_ws/install/dwb_core/share/dwb_core/package.xml
