-- The C compiler identification is GNU 9.4.0
-- The CXX compiler identification is GNU 9.4.0
-- Check for working C compiler: /usr/bin/cc
-- Check for working C compiler: /usr/bin/cc -- works
-- Detecting C compiler ABI info
-- Detecting C compiler ABI info - done
-- Detecting C compile features
-- Detecting C compile features - done
-- Check for working CXX compiler: /usr/bin/c++
-- Check for working CXX compiler: /usr/bin/c++ -- works
-- Detecting CXX compiler ABI info
-- Detecting CXX compiler ABI info - done
-- Detecting CXX compile features
-- Detecting CXX compile features - done
-- Found ament_cmake_auto: 0.9.12 (/opt/ros/foxy/share/ament_cmake_auto/cmake)
-- Found PythonInterp: /usr/bin/python3 (found suitable version "3.8.10", minimum required is "3") 
-- Using PYTHON_EXECUTABLE: /usr/bin/python3
-- Override CMake install command with custom implementation using symlinks instead of copying resources
-- Found nav2_util: 0.4.7 (/home/unitree/navigation_ws/install/nav2_util/share/nav2_util/cmake)
-- Using all available rosidl_typesupport_c: rosidl_typesupport_fastrtps_c;rosidl_typesupport_introspection_c
-- Found rosidl_adapter: 1.3.1 (/opt/ros/foxy/share/rosidl_adapter/cmake)
-- Found OpenSSL: /usr/lib/aarch64-linux-gnu/libcrypto.so (found version "1.1.1f")  
-- Found FastRTPS: /opt/ros/foxy/include  
-- Using all available rosidl_typesupport_cpp: rosidl_typesupport_fastrtps_cpp;rosidl_typesupport_introspection_cpp
-- Found rmw_implementation_cmake: 1.0.4 (/opt/ros/foxy/share/rmw_implementation_cmake/cmake)
-- Using RMW implementation 'rmw_cyclonedds_cpp' as default
-- Looking for pthread.h
-- Looking for pthread.h - found
-- Performing Test CMAKE_HAVE_LIBC_PTHREAD
-- Performing Test CMAKE_HAVE_LIBC_PTHREAD - Failed
-- Looking for pthread_create in pthreads
-- Looking for pthread_create in pthreads - not found
-- Looking for pthread_create in pthread
-- Looking for pthread_create in pthread - found
-- Found Threads: TRUE  
-- Found eigen3_cmake_module: 0.1.1 (/opt/ros/foxy/share/eigen3_cmake_module/cmake)
-- Found Eigen3: TRUE (found version "3.3.7") 
-- Found nav2_costmap_2d: 0.4.7 (/home/unitree/navigation_ws/install/nav2_costmap_2d/share/nav2_costmap_2d/cmake)
-- Configuring done
-- Generating done
-- Build files have been written to: /home/unitree/navigation_ws/build/rm_autonomy
[35m[1mScanning dependencies of target polygon[0m
[  8%] [32mBuilding CXX object CMakeFiles/polygon.dir/src/polygon.cpp.o[0m
[ 16%] [32m[1mLinking CXX shared library libpolygon.so[0m
[ 16%] Built target polygon
[35m[1mScanning dependencies of target occupancy_grid_wrapper[0m
[ 25%] [32mBuilding CXX object CMakeFiles/occupancy_grid_wrapper.dir/src/occupancy_grid_wrapper.cpp.o[0m
[ 33%] [32m[1mLinking CXX shared library liboccupancy_grid_wrapper.so[0m
[ 33%] Built target occupancy_grid_wrapper
[35m[1mScanning dependencies of target sentry_autonomy_node[0m
[ 41%] [32mBuilding CXX object CMakeFiles/sentry_autonomy_node.dir/src/sentry_autonomy_node.cpp.o[0m
[ 50%] [32m[1mLinking CXX executable sentry_autonomy_node[0m
[ 50%] Built target sentry_autonomy_node
[35m[1mScanning dependencies of target get_current_location_action_bt_node[0m
[ 58%] [32mBuilding CXX object CMakeFiles/get_current_location_action_bt_node.dir/plugins/action/get_current_location_action_bt_node.cpp.o[0m
[ 66%] [32m[1mLinking CXX shared library libget_current_location_action_bt_node.so[0m
[ 66%] Built target get_current_location_action_bt_node
[35m[1mScanning dependencies of target send_goal_action_bt_node[0m
[ 75%] [32mBuilding CXX object CMakeFiles/send_goal_action_bt_node.dir/plugins/action/send_goal_action_bt_node.cpp.o[0m
[ 83%] [32m[1mLinking CXX shared library libsend_goal_action_bt_node.so[0m
[ 83%] Built target send_goal_action_bt_node
[35m[1mScanning dependencies of target pub_chasing_position_btnode_action[0m
[ 91%] [32mBuilding CXX object CMakeFiles/pub_chasing_position_btnode_action.dir/plugins/action/pub_chasing_position_btnode_action.cpp.o[0m
[100%] [32m[1mLinking CXX shared library libpub_chasing_position_btnode_action.so[0m
[100%] Built target pub_chasing_position_btnode_action
-- Install configuration: ""
-- Execute custom install script
-- Symlinking: /home/unitree/navigation_ws/install/rm_autonomy/lib/rm_autonomy/sentry_autonomy_node
-- Symlinking: /home/unitree/navigation_ws/install/rm_autonomy/share/rm_autonomy/bt_xml/rmuc_120.xml
-- Symlinking: /home/unitree/navigation_ws/install/rm_autonomy/share/rm_autonomy/bt_xml/rmuc_2024.xml
-- Symlinking: /home/unitree/navigation_ws/install/rm_autonomy/share/rm_autonomy/bt_xml/rmuc_2024_dead.xml
-- Symlinking: /home/unitree/navigation_ws/install/rm_autonomy/share/rm_autonomy/bt_xml/rmuc_2024_defence.xml
-- Symlinking: /home/unitree/navigation_ws/install/rm_autonomy/share/rm_autonomy/bt_xml/rmuc_2024_unstable.xml
-- Symlinking: /home/unitree/navigation_ws/install/rm_autonomy/share/rm_autonomy/bt_xml/rmuc_2025_blue.xml
-- Symlinking: /home/unitree/navigation_ws/install/rm_autonomy/share/rm_autonomy/bt_xml/rmuc_2025_red.xml
-- Symlinking: /home/unitree/navigation_ws/install/rm_autonomy/share/rm_autonomy/bt_xml/rmul_2024.xml
-- Symlinking: /home/unitree/navigation_ws/install/rm_autonomy/share/rm_autonomy/bt_xml/rmul_2025.xml
-- Symlinking: /home/unitree/navigation_ws/install/rm_autonomy/share/rm_autonomy/bt_xml/rmul_2025_test.xml
-- Symlinking: /home/unitree/navigation_ws/install/rm_autonomy/share/rm_autonomy/bt_xml/system_test/attack/test_attack.xml
-- Symlinking: /home/unitree/navigation_ws/install/rm_autonomy/share/rm_autonomy/bt_xml/system_test/dead/dead_120.xml
-- Symlinking: /home/unitree/navigation_ws/install/rm_autonomy/share/rm_autonomy/bt_xml/system_test/defence/test_defence.xml
-- Symlinking: /home/unitree/navigation_ws/install/rm_autonomy/share/rm_autonomy/bt_xml/system_test/patrol/120_patrol.xml
-- Symlinking: /home/unitree/navigation_ws/install/rm_autonomy/share/rm_autonomy/bt_xml/system_test/patrol/partrol.xml
-- Symlinking: /home/unitree/navigation_ws/install/rm_autonomy/share/rm_autonomy/bt_xml/unit_test/aatest_sub_info.xml
-- Symlinking: /home/unitree/navigation_ws/install/rm_autonomy/share/rm_autonomy/bt_xml/unit_test/atest_pub_navigate_command.xml
-- Symlinking: /home/unitree/navigation_ws/install/rm_autonomy/share/rm_autonomy/bt_xml/unit_test/btest_chase.xml
-- Symlinking: /home/unitree/navigation_ws/install/rm_autonomy/share/rm_autonomy/bt_xml/unit_test/btest_get_height.xml
-- Symlinking: /home/unitree/navigation_ws/install/rm_autonomy/share/rm_autonomy/bt_xml/unit_test/btest_go_up_self.xml
-- Symlinking: /home/unitree/navigation_ws/install/rm_autonomy/share/rm_autonomy/bt_xml/unit_test/btest_locate.xml
-- Symlinking: /home/unitree/navigation_ws/install/rm_autonomy/share/rm_autonomy/bt_xml/unit_test/btest_relocate.xml
-- Symlinking: /home/unitree/navigation_ws/install/rm_autonomy/share/rm_autonomy/bt_xml/unit_test/btest_send_goal.xml
-- Symlinking: /home/unitree/navigation_ws/install/rm_autonomy/share/rm_autonomy/bt_xml/unit_test/btest_send_goal_check.xml
-- Symlinking: /home/unitree/navigation_ws/install/rm_autonomy/share/rm_autonomy/bt_xml/unit_test/btest_spin.xml
-- Symlinking: /home/unitree/navigation_ws/install/rm_autonomy/share/rm_autonomy/bt_xml/unit_test/btest_two_point.xml
-- Symlinking: /home/unitree/navigation_ws/install/rm_autonomy/share/rm_autonomy/bt_xml/unit_test/ctest_gimbal_ctr.xml
-- Symlinking: /home/unitree/navigation_ws/install/rm_autonomy/share/rm_autonomy/bt_xml/unit_test/dtest_defence_behavior.xml
-- Symlinking: /home/unitree/navigation_ws/install/rm_autonomy/share/rm_autonomy/bt_xml/unit_test/etest_heal.xml
-- Symlinking: /home/unitree/navigation_ws/install/rm_autonomy/share/rm_autonomy/bt_xml/unit_test/ftest_human_intervention.xml
-- Symlinking: /home/unitree/navigation_ws/install/rm_autonomy/share/rm_autonomy/bt_xml/unit_test/gtest_two_point_patrol.xml
-- Symlinking: /home/unitree/navigation_ws/install/rm_autonomy/share/rm_autonomy/bt_xml/unit_test/htest_attack_outpost.xml
-- Symlinking: /home/unitree/navigation_ws/install/rm_autonomy/share/rm_autonomy/bt_xml/unit_test/itest_chase.xml
-- Symlinking: /home/unitree/navigation_ws/install/rm_autonomy/share/rm_autonomy/bt_xml/unit_test/jtest_reactive.xml
-- Symlinking: /home/unitree/navigation_ws/install/rm_autonomy/share/rm_autonomy/bt_xml/unit_test/ktest_omnisensing.xml
-- Symlinking: /home/unitree/navigation_ws/install/rm_autonomy/share/rm_autonomy/bt_xml/unit_test/ltest_attack_enemy.xml
-- Symlinking: /home/unitree/navigation_ws/install/rm_autonomy/share/rm_autonomy/bt_xml/unit_test/mtest_under_attack.xml
-- Symlinking: /home/unitree/navigation_ws/install/rm_autonomy/share/rm_autonomy/bt_xml/unit_test/ntest_self_ammo_low.xml
-- Symlinking: /home/unitree/navigation_ws/install/rm_autonomy/share/rm_autonomy/bt_xml/unit_test/otest_invincible_enemy.xml
-- Symlinking: /home/unitree/navigation_ws/install/rm_autonomy/share/rm_autonomy/bt_xml/unit_test/ptest_chase_communication.xml
-- Symlinking: /home/unitree/navigation_ws/install/rm_autonomy/share/rm_autonomy/bt_xml/unit_test/test.xml
-- Symlinking: /home/unitree/navigation_ws/install/rm_autonomy/share/rm_autonomy/launch/tb3_demo_behavior_cpp.launch.py
-- Symlinking: /home/unitree/navigation_ws/install/rm_autonomy/include/rm_autonomy/behavior_tree_engine.hpp
-- Symlinking: /home/unitree/navigation_ws/install/rm_autonomy/include/rm_autonomy/bt_action_node.hpp
-- Symlinking: /home/unitree/navigation_ws/install/rm_autonomy/include/rm_autonomy/bt_action_server.hpp
-- Symlinking: /home/unitree/navigation_ws/install/rm_autonomy/include/rm_autonomy/bt_action_server_impl.hpp
-- Symlinking: /home/unitree/navigation_ws/install/rm_autonomy/include/rm_autonomy/bt_cancel_action_node.hpp
-- Symlinking: /home/unitree/navigation_ws/install/rm_autonomy/include/rm_autonomy/bt_conversions.hpp
-- Symlinking: /home/unitree/navigation_ws/install/rm_autonomy/include/rm_autonomy/bt_service_node.hpp
-- Symlinking: /home/unitree/navigation_ws/install/rm_autonomy/include/rm_autonomy/bt_topic_pub_node.hpp
-- Symlinking: /home/unitree/navigation_ws/install/rm_autonomy/include/rm_autonomy/bt_topic_sub_node.hpp
-- Symlinking: /home/unitree/navigation_ws/install/rm_autonomy/include/rm_autonomy/bt_utils.hpp
-- Symlinking: /home/unitree/navigation_ws/install/rm_autonomy/include/rm_autonomy/occupancy_grid_wrapper.hpp
-- Symlinking: /home/unitree/navigation_ws/install/rm_autonomy/include/rm_autonomy/plugins.hpp
-- Symlinking: /home/unitree/navigation_ws/install/rm_autonomy/include/rm_autonomy/plugins/action/adjust_gimbal_yaw_action_bt_node.hpp
-- Symlinking: /home/unitree/navigation_ws/install/rm_autonomy/include/rm_autonomy/plugins/action/chase_action_bt_node.hpp
-- Symlinking: /home/unitree/navigation_ws/install/rm_autonomy/include/rm_autonomy/plugins/action/chasing_stage_confirm_bt_node.hpp
-- Symlinking: /home/unitree/navigation_ws/install/rm_autonomy/include/rm_autonomy/plugins/action/check_goal_height_action_bt_node.hpp
-- Symlinking: /home/unitree/navigation_ws/install/rm_autonomy/include/rm_autonomy/plugins/action/escape_stage_confirm_bt_node.hpp
-- Symlinking: /home/unitree/navigation_ws/install/rm_autonomy/include/rm_autonomy/plugins/action/get_current_height_action_bt_node.hpp
-- Symlinking: /home/unitree/navigation_ws/install/rm_autonomy/include/rm_autonomy/plugins/action/get_current_location_action_bt_node.hpp
-- Symlinking: /home/unitree/navigation_ws/install/rm_autonomy/include/rm_autonomy/plugins/action/get_safe_direction_bt_node.hpp
-- Symlinking: /home/unitree/navigation_ws/install/rm_autonomy/include/rm_autonomy/plugins/action/goal_reached_action.hpp
-- Symlinking: /home/unitree/navigation_ws/install/rm_autonomy/include/rm_autonomy/plugins/action/goal_reached_action_asnode.hpp
-- Symlinking: /home/unitree/navigation_ws/install/rm_autonomy/include/rm_autonomy/plugins/action/localization_confirm_bt_node.hpp
-- Symlinking: /home/unitree/navigation_ws/install/rm_autonomy/include/rm_autonomy/plugins/action/pub_chasing_action_bt_node.hpp
-- Symlinking: /home/unitree/navigation_ws/install/rm_autonomy/include/rm_autonomy/plugins/action/pub_chasing_position_btnode_action.hpp
-- Symlinking: /home/unitree/navigation_ws/install/rm_autonomy/include/rm_autonomy/plugins/action/pub_escape_action_bt_node.hpp
-- Symlinking: /home/unitree/navigation_ws/install/rm_autonomy/include/rm_autonomy/plugins/action/pub_gimbal_pitch_action_bt_node.hpp
-- Symlinking: /home/unitree/navigation_ws/install/rm_autonomy/include/rm_autonomy/plugins/action/pub_navigate_command_action_bt_node.hpp
-- Symlinking: /home/unitree/navigation_ws/install/rm_autonomy/include/rm_autonomy/plugins/action/pub_radar_target_action_bt_node.hpp
-- Symlinking: /home/unitree/navigation_ws/install/rm_autonomy/include/rm_autonomy/plugins/action/pub_relocate_pose_action_bt_node.hpp
-- Symlinking: /home/unitree/navigation_ws/install/rm_autonomy/include/rm_autonomy/plugins/action/pub_vel_bt_node.hpp
-- Symlinking: /home/unitree/navigation_ws/install/rm_autonomy/include/rm_autonomy/plugins/action/pub_vel_w_bt_node.hpp
-- Symlinking: /home/unitree/navigation_ws/install/rm_autonomy/include/rm_autonomy/plugins/action/random_send_goal_action_bt_node.hpp
-- Symlinking: /home/unitree/navigation_ws/install/rm_autonomy/include/rm_autonomy/plugins/action/relocalize_action_bt_node.hpp
-- Symlinking: /home/unitree/navigation_ws/install/rm_autonomy/include/rm_autonomy/plugins/action/send_goal_action_bt_node.hpp
-- Symlinking: /home/unitree/navigation_ws/install/rm_autonomy/include/rm_autonomy/plugins/action/situation_judgement_action_bt_node.hpp
-- Symlinking: /home/unitree/navigation_ws/install/rm_autonomy/include/rm_autonomy/plugins/action/sub_all_robot_hp_action_bt_node.hpp
-- Symlinking: /home/unitree/navigation_ws/install/rm_autonomy/include/rm_autonomy/plugins/action/sub_ally_robot_position_action_bt_node.hpp
-- Symlinking: /home/unitree/navigation_ws/install/rm_autonomy/include/rm_autonomy/plugins/action/sub_arena_status_action_bt_node.hpp
-- Symlinking: /home/unitree/navigation_ws/install/rm_autonomy/include/rm_autonomy/plugins/action/sub_autoaim_communication_action_bt_node.hpp
-- Symlinking: /home/unitree/navigation_ws/install/rm_autonomy/include/rm_autonomy/plugins/action/sub_chase_control_action_bt_node.hpp
-- Symlinking: /home/unitree/navigation_ws/install/rm_autonomy/include/rm_autonomy/plugins/action/sub_fire_trigger_action_bt_node.hpp
-- Symlinking: /home/unitree/navigation_ws/install/rm_autonomy/include/rm_autonomy/plugins/action/sub_game_status_action_bt_node.hpp
-- Symlinking: /home/unitree/navigation_ws/install/rm_autonomy/include/rm_autonomy/plugins/action/sub_gimbal_yaw_action_bt_node.hpp
-- Symlinking: /home/unitree/navigation_ws/install/rm_autonomy/include/rm_autonomy/plugins/action/sub_human_intervention_action_bt_node.hpp
-- Symlinking: /home/unitree/navigation_ws/install/rm_autonomy/include/rm_autonomy/plugins/action/sub_invincible_target_action_bt_node.hpp
-- Symlinking: /home/unitree/navigation_ws/install/rm_autonomy/include/rm_autonomy/plugins/action/sub_radar_enemy_position_action_bt_node.hpp
-- Symlinking: /home/unitree/navigation_ws/install/rm_autonomy/include/rm_autonomy/plugins/action/sub_relocation_pose_action_bt_node.hpp
-- Symlinking: /home/unitree/navigation_ws/install/rm_autonomy/include/rm_autonomy/plugins/action/sub_scan_distance_action_bt_node.hpp
-- Symlinking: /home/unitree/navigation_ws/install/rm_autonomy/include/rm_autonomy/plugins/action/sub_self_state_action_bt_node.hpp
-- Symlinking: /home/unitree/navigation_ws/install/rm_autonomy/include/rm_autonomy/plugins/action/two_position_patrol_action_bt_node.hpp
-- Symlinking: /home/unitree/navigation_ws/install/rm_autonomy/include/rm_autonomy/plugins/action/update_armor_dead_history_action_bt_node.hpp
-- Symlinking: /home/unitree/navigation_ws/install/rm_autonomy/include/rm_autonomy/plugins/action/update_dead_once_action_bt_node.hpp
-- Symlinking: /home/unitree/navigation_ws/install/rm_autonomy/include/rm_autonomy/plugins/condition/enemy_autoaim_detected_condition.hpp
-- Symlinking: /home/unitree/navigation_ws/install/rm_autonomy/include/rm_autonomy/plugins/condition/is_aggressive_condition.hpp
-- Symlinking: /home/unitree/navigation_ws/install/rm_autonomy/include/rm_autonomy/plugins/condition/is_base_attacked_condition.hpp
-- Symlinking: /home/unitree/navigation_ws/install/rm_autonomy/include/rm_autonomy/plugins/condition/is_dead_once_condition.hpp
-- Symlinking: /home/unitree/navigation_ws/install/rm_autonomy/include/rm_autonomy/plugins/condition/is_enemy_invincible_condition.hpp
-- Symlinking: /home/unitree/navigation_ws/install/rm_autonomy/include/rm_autonomy/plugins/condition/is_enemy_outpost_dead_condition.hpp
-- Symlinking: /home/unitree/navigation_ws/install/rm_autonomy/include/rm_autonomy/plugins/condition/is_game_start_condition.hpp
-- Symlinking: /home/unitree/navigation_ws/install/rm_autonomy/include/rm_autonomy/plugins/condition/is_gun_locked_condition.hpp
-- Symlinking: /home/unitree/navigation_ws/install/rm_autonomy/include/rm_autonomy/plugins/condition/is_human_intervented_condition.hpp
-- Symlinking: /home/unitree/navigation_ws/install/rm_autonomy/include/rm_autonomy/plugins/condition/is_in_defence_area_condition.hpp
-- Symlinking: /home/unitree/navigation_ws/install/rm_autonomy/include/rm_autonomy/plugins/condition/is_outpost_hp_low_condition.hpp
-- Symlinking: /home/unitree/navigation_ws/install/rm_autonomy/include/rm_autonomy/plugins/condition/is_rmuc_healing_available_condition.hpp
-- Symlinking: /home/unitree/navigation_ws/install/rm_autonomy/include/rm_autonomy/plugins/condition/is_rmul_healing_available_condition.hpp
-- Symlinking: /home/unitree/navigation_ws/install/rm_autonomy/include/rm_autonomy/plugins/condition/is_self_ammo_low_condition.hpp
-- Symlinking: /home/unitree/navigation_ws/install/rm_autonomy/include/rm_autonomy/plugins/condition/is_self_energy_high_condition.hpp
-- Symlinking: /home/unitree/navigation_ws/install/rm_autonomy/include/rm_autonomy/plugins/condition/is_self_hp_high_condition.hpp
-- Symlinking: /home/unitree/navigation_ws/install/rm_autonomy/include/rm_autonomy/plugins/condition/is_self_hp_low_condition.hpp
-- Symlinking: /home/unitree/navigation_ws/install/rm_autonomy/include/rm_autonomy/plugins/condition/remain_game_time_condition.hpp
-- Symlinking: /home/unitree/navigation_ws/install/rm_autonomy/include/rm_autonomy/plugins/condition/under_attack_condition.hpp
-- Symlinking: /home/unitree/navigation_ws/install/rm_autonomy/include/rm_autonomy/plugins/control/pipeline_sequence.hpp
-- Symlinking: /home/unitree/navigation_ws/install/rm_autonomy/include/rm_autonomy/plugins/control/round_robin_node.hpp
-- Symlinking: /home/unitree/navigation_ws/install/rm_autonomy/include/rm_autonomy/polygon.hpp
-- Symlinking: /home/unitree/navigation_ws/install/rm_autonomy/include/rm_autonomy/rm_bt_utils.hpp
-- Symlinking: /home/unitree/navigation_ws/install/rm_autonomy/include/rm_autonomy/ros_topic_logger.hpp
-- Symlinking: /home/unitree/navigation_ws/install/rm_autonomy/include/rm_autonomy/sentry_autonomy_node.hpp
-- Symlinking: /home/unitree/navigation_ws/install/rm_autonomy/include/rm_autonomy/utils/loop_rate.hpp
-- Symlinking: /home/unitree/navigation_ws/install/rm_autonomy/include/rm_autonomy/utils/test_action_server.hpp
-- Symlinking: /home/unitree/navigation_ws/install/rm_autonomy/share/rm_autonomy/environment/library_path.sh
-- Symlinking: /home/unitree/navigation_ws/install/rm_autonomy/share/rm_autonomy/environment/library_path.dsv
-- Symlinking: /home/unitree/navigation_ws/install/rm_autonomy/lib/libpolygon.so
-- Symlinking: /home/unitree/navigation_ws/install/rm_autonomy/lib/liboccupancy_grid_wrapper.so
-- Symlinking: /home/unitree/navigation_ws/install/rm_autonomy/lib/libget_current_location_action_bt_node.so
-- Symlinking: /home/unitree/navigation_ws/install/rm_autonomy/lib/libsend_goal_action_bt_node.so
-- Symlinking: /home/unitree/navigation_ws/install/rm_autonomy/lib/libpub_chasing_position_btnode_action.so
-- Up-to-date symlink: /home/unitree/navigation_ws/install/rm_autonomy/lib/rm_autonomy/sentry_autonomy_node
-- Symlinking: /home/unitree/navigation_ws/install/rm_autonomy/share/ament_index/resource_index/package_run_dependencies/rm_autonomy
-- Symlinking: /home/unitree/navigation_ws/install/rm_autonomy/share/ament_index/resource_index/parent_prefix_path/rm_autonomy
-- Symlinking: /home/unitree/navigation_ws/install/rm_autonomy/share/rm_autonomy/environment/ament_prefix_path.sh
-- Symlinking: /home/unitree/navigation_ws/install/rm_autonomy/share/rm_autonomy/environment/ament_prefix_path.dsv
-- Symlinking: /home/unitree/navigation_ws/install/rm_autonomy/share/rm_autonomy/environment/path.sh
-- Symlinking: /home/unitree/navigation_ws/install/rm_autonomy/share/rm_autonomy/environment/path.dsv
-- Symlinking: /home/unitree/navigation_ws/install/rm_autonomy/share/rm_autonomy/local_setup.bash
-- Symlinking: /home/unitree/navigation_ws/install/rm_autonomy/share/rm_autonomy/local_setup.sh
-- Symlinking: /home/unitree/navigation_ws/install/rm_autonomy/share/rm_autonomy/local_setup.zsh
-- Symlinking: /home/unitree/navigation_ws/install/rm_autonomy/share/rm_autonomy/local_setup.dsv
-- Symlinking: /home/unitree/navigation_ws/install/rm_autonomy/share/rm_autonomy/package.dsv
-- Symlinking: /home/unitree/navigation_ws/install/rm_autonomy/share/ament_index/resource_index/packages/rm_autonomy
-- Symlinking: /home/unitree/navigation_ws/install/rm_autonomy/share/rm_autonomy/cmake/ament_cmake_export_dependencies-extras.cmake
-- Symlinking: /home/unitree/navigation_ws/install/rm_autonomy/share/rm_autonomy/cmake/ament_cmake_export_include_directories-extras.cmake
-- Symlinking: /home/unitree/navigation_ws/install/rm_autonomy/share/rm_autonomy/cmake/ament_cmake_export_libraries-extras.cmake
-- Symlinking: /home/unitree/navigation_ws/install/rm_autonomy/share/rm_autonomy/cmake/rm_autonomyConfig.cmake
-- Symlinking: /home/unitree/navigation_ws/install/rm_autonomy/share/rm_autonomy/cmake/rm_autonomyConfig-version.cmake
-- Symlinking: /home/unitree/navigation_ws/install/rm_autonomy/share/rm_autonomy/package.xml
