[0.048s] Invoking command in '/home/unitree/navigation_ws/build/nav2_voxel_grid': AMENT_PREFIX_PATH=/home/unitree/navigation_ws/install/nav2_common:${AMENT_PREFIX_PATH} CMAKE_PREFIX_PATH=/home/unitree/navigation_ws/install/nav2_common:/home/unitree/cyclonedds_ws/install/rmw_cyclonedds_cpp:/home/unitree/cyclonedds_ws/install/cyclonedds:/opt/ros/foxy PYTHONPATH=/home/unitree/navigation_ws/install/nav2_common/lib/python3.8/site-packages:${PYTHONPATH} /usr/bin/cmake /home/unitree/navigation_ws/src/navigation2/nav2_voxel_grid -DAMENT_CMAKE_SYMLINK_INSTALL=1 -DCMAKE_INSTALL_PREFIX=/home/unitree/navigation_ws/install/nav2_voxel_grid
[0.857s] -- The C compiler identification is GNU 9.4.0
[0.857s] -- The CXX compiler identification is GNU 9.4.0
[0.857s] -- Check for working C compiler: /usr/bin/cc
[0.857s] -- Check for working C compiler: /usr/bin/cc -- works
[0.858s] -- Detecting C compiler ABI info
[0.858s] -- Detecting C compiler ABI info - done
[0.858s] -- Detecting C compile features
[0.858s] -- Detecting C compile features - done
[0.858s] -- Check for working CXX compiler: /usr/bin/c++
[0.988s] -- Check for working CXX compiler: /usr/bin/c++ -- works
[0.992s] -- Detecting CXX compiler ABI info
[1.199s] -- Detecting CXX compiler ABI info - done
[1.218s] -- Detecting CXX compile features
[1.219s] -- Detecting CXX compile features - done
[1.227s] -- Found ament_cmake: 0.9.12 (/opt/ros/foxy/share/ament_cmake/cmake)
[1.287s] -- Found PythonInterp: /usr/bin/python3 (found suitable version "3.8.10", minimum required is "3") 
[1.287s] -- Using PYTHON_EXECUTABLE: /usr/bin/python3
[1.706s] -- Override CMake install command with custom implementation using symlinks instead of copying resources
[1.792s] -- Found nav2_common: 0.4.7 (/home/unitree/navigation_ws/install/nav2_common/share/nav2_common/cmake)
[1.796s] -- Found rclcpp: 2.4.3 (/opt/ros/foxy/share/rclcpp/cmake)
[1.898s] -- Using all available rosidl_typesupport_c: rosidl_typesupport_fastrtps_c;rosidl_typesupport_introspection_c
[1.913s] -- Found rosidl_adapter: 1.3.1 (/opt/ros/foxy/share/rosidl_adapter/cmake)
[2.236s] -- Found OpenSSL: /usr/lib/aarch64-linux-gnu/libcrypto.so (found version "1.1.1f")  
[2.305s] -- Found FastRTPS: /opt/ros/foxy/include  
[2.529s] -- Using all available rosidl_typesupport_cpp: rosidl_typesupport_fastrtps_cpp;rosidl_typesupport_introspection_cpp
[2.633s] -- Found rmw_implementation_cmake: 1.0.4 (/opt/ros/foxy/share/rmw_implementation_cmake/cmake)
[2.636s] -- Using RMW implementation 'rmw_cyclonedds_cpp' as default
[2.639s] -- Looking for pthread.h
[2.945s] -- Looking for pthread.h - found
[2.946s] -- Performing Test CMAKE_HAVE_LIBC_PTHREAD
[3.196s] -- Performing Test CMAKE_HAVE_LIBC_PTHREAD - Failed
[3.197s] -- Looking for pthread_create in pthreads
[3.439s] -- Looking for pthread_create in pthreads - not found
[3.439s] -- Looking for pthread_create in pthread
[3.714s] -- Looking for pthread_create in pthread - found
[3.716s] -- Found Threads: TRUE  
[3.990s] -- Setting build type to Release as none was specified.
[3.995s] -- Found ament_lint_auto: 0.9.8 (/opt/ros/foxy/share/ament_lint_auto/cmake)
[4.148s] -- Found gtest sources under '/opt/ros/foxy/src/gtest_vendor': C++ tests using 'Google Test' will be built
[4.152s] -- Check if compiler accepts -pthread
[4.325s] -- Check if compiler accepts -pthread - yes
[4.347s] -- Added test 'cppcheck' to perform static code analysis on C / C++ code
[4.347s] -- Configured cppcheck include dirs: /home/unitree/navigation_ws/src/navigation2/nav2_voxel_grid/include
[4.347s] -- Configured cppcheck exclude dirs and/or files: 
[4.349s] -- Added test 'cpplint' to check C / C++ code against the Google style
[4.349s] -- Configured cpplint exclude dirs and/or files: 
[4.351s] -- Added test 'lint_cmake' to check CMake code style
[4.353s] -- Added test 'uncrustify' to check C / C++ code style
[4.353s] -- Configured uncrustify additional arguments: 
[4.354s] -- Added test 'xmllint' to check XML markup files
[4.370s] -- Configuring done
[4.401s] -- Generating done
[4.404s] -- Build files have been written to: /home/unitree/navigation_ws/build/nav2_voxel_grid
[4.436s] Invoked command in '/home/unitree/navigation_ws/build/nav2_voxel_grid' returned '0': AMENT_PREFIX_PATH=/home/unitree/navigation_ws/install/nav2_common:${AMENT_PREFIX_PATH} CMAKE_PREFIX_PATH=/home/unitree/navigation_ws/install/nav2_common:/home/unitree/cyclonedds_ws/install/rmw_cyclonedds_cpp:/home/unitree/cyclonedds_ws/install/cyclonedds:/opt/ros/foxy PYTHONPATH=/home/unitree/navigation_ws/install/nav2_common/lib/python3.8/site-packages:${PYTHONPATH} /usr/bin/cmake /home/unitree/navigation_ws/src/navigation2/nav2_voxel_grid -DAMENT_CMAKE_SYMLINK_INSTALL=1 -DCMAKE_INSTALL_PREFIX=/home/unitree/navigation_ws/install/nav2_voxel_grid
[4.450s] Invoking command in '/home/unitree/navigation_ws/build/nav2_voxel_grid': AMENT_PREFIX_PATH=/home/unitree/navigation_ws/install/nav2_common:${AMENT_PREFIX_PATH} CMAKE_PREFIX_PATH=/home/unitree/navigation_ws/install/nav2_common:/home/unitree/cyclonedds_ws/install/rmw_cyclonedds_cpp:/home/unitree/cyclonedds_ws/install/cyclonedds:/opt/ros/foxy PYTHONPATH=/home/unitree/navigation_ws/install/nav2_common/lib/python3.8/site-packages:${PYTHONPATH} /usr/bin/cmake --build /home/unitree/navigation_ws/build/nav2_voxel_grid -- -j8 -l8
[5.244s] [35m[1mScanning dependencies of target voxel_grid[0m
[5.244s] [ 12%] [32mBuilding CXX object CMakeFiles/voxel_grid.dir/src/voxel_grid.cpp.o[0m
[9.076s] [ 25%] [32m[1mLinking CXX shared library libvoxel_grid.so[0m
[9.327s] [ 25%] Built target voxel_grid
[9.356s] [35m[1mScanning dependencies of target gtest_main[0m
[9.398s] [ 37%] [32mBuilding CXX object gtest/CMakeFiles/gtest_main.dir/src/gtest_main.cc.o[0m
[10.847s] [ 50%] [32m[1mLinking CXX static library libgtest_main.a[0m
[10.917s] [ 50%] Built target gtest_main
[10.943s] [35m[1mScanning dependencies of target gtest[0m
[10.990s] [ 62%] [32mBuilding CXX object gtest/CMakeFiles/gtest.dir/src/gtest-all.cc.o[0m
[25.749s] [ 75%] [32m[1mLinking CXX static library libgtest.a[0m
[25.821s] [ 75%] Built target gtest
[25.838s] [35m[1mScanning dependencies of target voxel_grid_tests[0m
[25.911s] [ 87%] [32mBuilding CXX object test/CMakeFiles/voxel_grid_tests.dir/voxel_grid_tests.cpp.o[0m
[31.434s] [100%] [32m[1mLinking CXX executable voxel_grid_tests[0m
[31.702s] [100%] Built target voxel_grid_tests
[31.730s] Invoked command in '/home/unitree/navigation_ws/build/nav2_voxel_grid' returned '0': AMENT_PREFIX_PATH=/home/unitree/navigation_ws/install/nav2_common:${AMENT_PREFIX_PATH} CMAKE_PREFIX_PATH=/home/unitree/navigation_ws/install/nav2_common:/home/unitree/cyclonedds_ws/install/rmw_cyclonedds_cpp:/home/unitree/cyclonedds_ws/install/cyclonedds:/opt/ros/foxy PYTHONPATH=/home/unitree/navigation_ws/install/nav2_common/lib/python3.8/site-packages:${PYTHONPATH} /usr/bin/cmake --build /home/unitree/navigation_ws/build/nav2_voxel_grid -- -j8 -l8
[31.836s] Invoking command in '/home/unitree/navigation_ws/build/nav2_voxel_grid': AMENT_PREFIX_PATH=/home/unitree/navigation_ws/install/nav2_common:${AMENT_PREFIX_PATH} CMAKE_PREFIX_PATH=/home/unitree/navigation_ws/install/nav2_common:/home/unitree/cyclonedds_ws/install/rmw_cyclonedds_cpp:/home/unitree/cyclonedds_ws/install/cyclonedds:/opt/ros/foxy PYTHONPATH=/home/unitree/navigation_ws/install/nav2_common/lib/python3.8/site-packages:${PYTHONPATH} /usr/bin/cmake --install /home/unitree/navigation_ws/build/nav2_voxel_grid
[42.830s] -- Install configuration: "Release"
[42.831s] -- Execute custom install script
[42.831s] -- Symlinking: /home/unitree/navigation_ws/install/nav2_voxel_grid/lib/libvoxel_grid.so
[42.831s] -- Symlinking: /home/unitree/navigation_ws/install/nav2_voxel_grid/include/nav2_voxel_grid/voxel_grid.hpp
[42.831s] -- Symlinking: /home/unitree/navigation_ws/install/nav2_voxel_grid/share/nav2_voxel_grid/environment/library_path.sh
[42.832s] -- Symlinking: /home/unitree/navigation_ws/install/nav2_voxel_grid/share/nav2_voxel_grid/environment/library_path.dsv
[42.832s] -- Symlinking: /home/unitree/navigation_ws/install/nav2_voxel_grid/share/ament_index/resource_index/package_run_dependencies/nav2_voxel_grid
[42.832s] -- Symlinking: /home/unitree/navigation_ws/install/nav2_voxel_grid/share/ament_index/resource_index/parent_prefix_path/nav2_voxel_grid
[42.832s] -- Symlinking: /home/unitree/navigation_ws/install/nav2_voxel_grid/share/nav2_voxel_grid/environment/ament_prefix_path.sh
[42.832s] -- Symlinking: /home/unitree/navigation_ws/install/nav2_voxel_grid/share/nav2_voxel_grid/environment/ament_prefix_path.dsv
[42.832s] -- Symlinking: /home/unitree/navigation_ws/install/nav2_voxel_grid/share/nav2_voxel_grid/environment/path.sh
[42.832s] -- Symlinking: /home/unitree/navigation_ws/install/nav2_voxel_grid/share/nav2_voxel_grid/environment/path.dsv
[42.832s] -- Symlinking: /home/unitree/navigation_ws/install/nav2_voxel_grid/share/nav2_voxel_grid/local_setup.bash
[42.832s] -- Symlinking: /home/unitree/navigation_ws/install/nav2_voxel_grid/share/nav2_voxel_grid/local_setup.sh
[42.832s] -- Symlinking: /home/unitree/navigation_ws/install/nav2_voxel_grid/share/nav2_voxel_grid/local_setup.zsh
[42.832s] -- Symlinking: /home/unitree/navigation_ws/install/nav2_voxel_grid/share/nav2_voxel_grid/local_setup.dsv
[42.833s] -- Symlinking: /home/unitree/navigation_ws/install/nav2_voxel_grid/share/nav2_voxel_grid/package.dsv
[42.833s] -- Symlinking: /home/unitree/navigation_ws/install/nav2_voxel_grid/share/ament_index/resource_index/packages/nav2_voxel_grid
[42.833s] -- Symlinking: /home/unitree/navigation_ws/install/nav2_voxel_grid/share/nav2_voxel_grid/cmake/ament_cmake_export_dependencies-extras.cmake
[42.833s] -- Symlinking: /home/unitree/navigation_ws/install/nav2_voxel_grid/share/nav2_voxel_grid/cmake/ament_cmake_export_include_directories-extras.cmake
[42.833s] -- Symlinking: /home/unitree/navigation_ws/install/nav2_voxel_grid/share/nav2_voxel_grid/cmake/ament_cmake_export_libraries-extras.cmake
[42.833s] -- Symlinking: /home/unitree/navigation_ws/install/nav2_voxel_grid/share/nav2_voxel_grid/cmake/nav2_voxel_gridConfig.cmake
[42.833s] -- Symlinking: /home/unitree/navigation_ws/install/nav2_voxel_grid/share/nav2_voxel_grid/cmake/nav2_voxel_gridConfig-version.cmake
[42.833s] -- Symlinking: /home/unitree/navigation_ws/install/nav2_voxel_grid/share/nav2_voxel_grid/package.xml
[42.844s] Invoked command in '/home/unitree/navigation_ws/build/nav2_voxel_grid' returned '0': AMENT_PREFIX_PATH=/home/unitree/navigation_ws/install/nav2_common:${AMENT_PREFIX_PATH} CMAKE_PREFIX_PATH=/home/unitree/navigation_ws/install/nav2_common:/home/unitree/cyclonedds_ws/install/rmw_cyclonedds_cpp:/home/unitree/cyclonedds_ws/install/cyclonedds:/opt/ros/foxy PYTHONPATH=/home/unitree/navigation_ws/install/nav2_common/lib/python3.8/site-packages:${PYTHONPATH} /usr/bin/cmake --install /home/unitree/navigation_ws/build/nav2_voxel_grid
