[0.072s] Invoking command in '/home/unitree/navigation_ws/build/linefit_ground_segmentation': CMAKE_PREFIX_PATH=${CMAKE_PREFIX_PATH}:/opt/ros/foxy /usr/bin/cmake /home/unitree/navigation_ws/src/reconstruction/linefit_ground_segmentation_ros2/linefit_ground_segmentation -DAMENT_CMAKE_SYMLINK_INSTALL=1 -DCMAKE_INSTALL_PREFIX=/home/unitree/navigation_ws/install/linefit_ground_segmentation
[0.237s] -- The C compiler identification is GNU 9.4.0
[0.416s] -- The CXX compiler identification is GNU 9.4.0
[0.424s] -- Check for working C compiler: /usr/bin/cc
[0.594s] -- Check for working C compiler: /usr/bin/cc -- works
[0.594s] -- Detecting C compiler ABI info
[0.763s] -- Detecting C compiler ABI info - done
[0.778s] -- Detecting C compile features
[0.779s] -- Detecting C compile features - done
[0.784s] -- Check for working CXX compiler: /usr/bin/c++
[0.969s] -- Check for working CXX compiler: /usr/bin/c++ -- works
[0.971s] -- Detecting CXX compiler ABI info
[1.153s] -- Detecting CXX compiler ABI info - done
[1.169s] -- Detecting CXX compile features
[1.169s] -- Detecting CXX compile features - done
[1.172s] -- Found ament_cmake_auto: 0.9.12 (/opt/ros/foxy/share/ament_cmake_auto/cmake)
[1.222s] -- Found PythonInterp: /usr/bin/python3 (found suitable version "3.8.10", minimum required is "3") 
[1.223s] -- Using PYTHON_EXECUTABLE: /usr/bin/python3
[1.582s] -- Override CMake install command with custom implementation using symlinks instead of copying resources
[1.649s] -- Checking for module 'eigen3'
[1.695s] --   Found eigen3, version 3.3.7
[1.784s] -- Found Eigen: /usr/include/eigen3 (Required is at least version "3.1") 
[1.784s] -- Eigen found (include: /usr/include/eigen3, version: 3.3.7)
[1.881s] -- Found Boost: /usr/include (found suitable version "1.71.0", minimum required is "1.55.0") found components: system filesystem date_time iostreams regex 
[1.893s] -- Checking for module 'libusb-1.0'
[1.930s] --   Found libusb-1.0, version 1.0.23
[2.024s] -- Found USB_10: /usr/lib/aarch64-linux-gnu/libusb-1.0.so  
[2.147s] -- Found OpenNI: /usr/lib/libOpenNI.so  
[2.148s] -- OpenNI found (include: /usr/include/ni, lib: /usr/lib/libOpenNI.so)
[2.284s] -- Found OpenNI2: /usr/lib/libOpenNI2.so  
[2.284s] -- OpenNI2 found (include: /usr/include/openni2, lib: /usr/lib/libOpenNI2.so)
[2.284s] ** WARNING ** io features related to pcap will be disabled
[2.284s] ** WARNING ** io features related to png will be disabled
[2.375s] -- The imported target "vtkParseOGLExt" references the file
[2.375s]    "/usr/bin/vtkParseOGLExt-7.1"
[2.375s] but this file does not exist.  Possible reasons include:
[2.375s] * The file was deleted, renamed, or moved to another location.
[2.376s] * An install or uninstall procedure did not complete successfully.
[2.376s] * The installation package was faulty and contained
[2.376s]    "/usr/lib/cmake/vtk-7.1/VTKTargets.cmake"
[2.376s] but not all the files it references.
[2.376s] 
[2.377s] -- The imported target "vtkRenderingPythonTkWidgets" references the file
[2.377s]    "/usr/lib/aarch64-linux-gnu/libvtkRenderingPythonTkWidgets.so"
[2.377s] but this file does not exist.  Possible reasons include:
[2.378s] * The file was deleted, renamed, or moved to another location.
[2.378s] * An install or uninstall procedure did not complete successfully.
[2.378s] * The installation package was faulty and contained
[2.378s]    "/usr/lib/cmake/vtk-7.1/VTKTargets.cmake"
[2.378s] but not all the files it references.
[2.378s] 
[2.379s] -- The imported target "vtk" references the file
[2.379s]    "/usr/bin/vtk"
[2.379s] but this file does not exist.  Possible reasons include:
[2.379s] * The file was deleted, renamed, or moved to another location.
[2.379s] * An install or uninstall procedure did not complete successfully.
[2.379s] * The installation package was faulty and contained
[2.379s]    "/usr/lib/cmake/vtk-7.1/VTKTargets.cmake"
[2.379s] but not all the files it references.
[2.379s] 
[2.380s] -- The imported target "pvtk" references the file
[2.380s]    "/usr/bin/pvtk"
[2.380s] but this file does not exist.  Possible reasons include:
[2.380s] * The file was deleted, renamed, or moved to another location.
[2.380s] * An install or uninstall procedure did not complete successfully.
[2.380s] * The installation package was faulty and contained
[2.380s]    "/usr/lib/cmake/vtk-7.1/VTKTargets.cmake"
[2.380s] but not all the files it references.
[2.380s] 
[2.421s] -- Found libusb-1.0: /usr/include  
[2.421s] ** WARNING ** io features related to libusb-1.0 will be disabled
[2.451s] -- Checking for module 'flann'
[2.503s] --   Found flann, version 1.9.1
[2.666s] -- Found FLANN: /usr/lib/aarch64-linux-gnu/libflann_cpp.so  
[2.706s] -- looking for PCL_COMMON
[2.709s] -- Found PCL_COMMON: /usr/lib/aarch64-linux-gnu/libpcl_common.so  
[2.710s] -- looking for PCL_OCTREE
[2.712s] -- Found PCL_OCTREE: /usr/lib/aarch64-linux-gnu/libpcl_octree.so  
[2.713s] -- looking for PCL_IO
[2.715s] -- Found PCL_IO: /usr/lib/aarch64-linux-gnu/libpcl_io.so  
[2.717s] -- looking for PCL_KDTREE
[2.719s] -- Found PCL_KDTREE: /usr/lib/aarch64-linux-gnu/libpcl_kdtree.so  
[2.720s] -- looking for PCL_SEARCH
[2.723s] -- Found PCL_SEARCH: /usr/lib/aarch64-linux-gnu/libpcl_search.so  
[2.723s] -- looking for PCL_SAMPLE_CONSENSUS
[2.727s] -- Found PCL_SAMPLE_CONSENSUS: /usr/lib/aarch64-linux-gnu/libpcl_sample_consensus.so  
[2.727s] -- looking for PCL_FILTERS
[2.730s] -- Found PCL_FILTERS: /usr/lib/aarch64-linux-gnu/libpcl_filters.so  
[2.730s] -- looking for PCL_GEOMETRY
[2.731s] -- Found PCL_GEOMETRY: /usr/include/pcl-1.10  
[2.731s] -- looking for PCL_2D
[2.731s] -- Found PCL_2D: /usr/include/pcl-1.10  
[2.732s] -- looking for PCL_FEATURES
[2.734s] -- Found PCL_FEATURES: /usr/lib/aarch64-linux-gnu/libpcl_features.so  
[2.734s] -- looking for PCL_ML
[2.736s] -- Found PCL_ML: /usr/lib/aarch64-linux-gnu/libpcl_ml.so  
[2.737s] -- looking for PCL_SEGMENTATION
[2.738s] -- Found PCL_SEGMENTATION: /usr/lib/aarch64-linux-gnu/libpcl_segmentation.so  
[2.740s] -- Found PCL: pcl_common;pcl_octree;pcl_io;pcl_kdtree;pcl_search;pcl_sample_consensus;pcl_filters;pcl_features;pcl_ml;pcl_segmentation;/usr/lib/aarch64-linux-gnu/libboost_system.so;/usr/lib/aarch64-linux-gnu/libboost_filesystem.so;/usr/lib/aarch64-linux-gnu/libboost_date_time.so;/usr/lib/aarch64-linux-gnu/libboost_iostreams.so;/usr/lib/aarch64-linux-gnu/libboost_regex.so;/usr/lib/libOpenNI.so;/usr/lib/libOpenNI2.so;vtkChartsCore;vtkCommonColor;vtkCommonCore;vtksys;vtkCommonDataModel;vtkCommonMath;vtkCommonMisc;vtkCommonSystem;vtkCommonTransforms;vtkCommonExecutionModel;vtkFiltersGeneral;vtkCommonComputationalGeometry;vtkFiltersCore;vtkInfovisCore;vtkFiltersExtraction;vtkFiltersStatistics;vtkImagingFourier;vtkImagingCore;vtkalglib;vtkRenderingContext2D;vtkRenderingCore;vtkFiltersGeometry;vtkFiltersSources;vtkRenderingFreeType;/usr/lib/aarch64-linux-gnu/libfreetype.so;/usr/lib/aarch64-linux-gnu/libz.so;vtkFiltersModeling;vtkImagingSources;vtkInteractionStyle;vtkInteractionWidgets;vtkFiltersHybrid;vtkImagingColor;vtkImagingGeneral;vtkImagingHybrid;vtkIOImage;vtkDICOMParser;vtkmetaio;/usr/lib/aarch64-linux-gnu/libjpeg.so;/usr/lib/aarch64-linux-gnu/libpng.so;/usr/lib/aarch64-linux-gnu/libtiff.so;vtkRenderingAnnotation;vtkRenderingVolume;vtkIOXML;vtkIOCore;vtkIOXMLParser;/usr/lib/aarch64-linux-gnu/libexpat.so;vtkIOGeometry;vtkIOLegacy;vtkIOPLY;vtkRenderingLOD;vtkViewsContext2D;vtkViewsCore;vtkRenderingContextOpenGL2;vtkRenderingOpenGL2;FLANN::FLANN  
[2.942s] -- Using all available rosidl_typesupport_c: rosidl_typesupport_fastrtps_c;rosidl_typesupport_introspection_c
[2.950s] -- Found rosidl_adapter: 1.3.1 (/opt/ros/foxy/share/rosidl_adapter/cmake)
[3.303s] -- Found OpenSSL: /usr/lib/aarch64-linux-gnu/libcrypto.so (found version "1.1.1f")  
[3.415s] -- Found FastRTPS: /opt/ros/foxy/include  
[3.745s] -- Using all available rosidl_typesupport_cpp: rosidl_typesupport_fastrtps_cpp;rosidl_typesupport_introspection_cpp
[4.788s] -- Found rmw_implementation_cmake: 1.0.4 (/opt/ros/foxy/share/rmw_implementation_cmake/cmake)
[4.815s] -- Using RMW implementation 'rmw_cyclonedds_cpp' as default
[4.830s] -- Looking for pthread.h
[5.574s] -- Looking for pthread.h - found
[5.574s] -- Performing Test CMAKE_HAVE_LIBC_PTHREAD
[6.230s] -- Performing Test CMAKE_HAVE_LIBC_PTHREAD - Failed
[6.231s] -- Looking for pthread_create in pthreads
[6.841s] -- Looking for pthread_create in pthreads - not found
[6.841s] -- Looking for pthread_create in pthread
[7.679s] -- Looking for pthread_create in pthread - found
[7.681s] -- Found Threads: TRUE  
[8.574s] -- Configuring done
[8.772s] -- Generating done
[8.794s] -- Build files have been written to: /home/unitree/navigation_ws/build/linefit_ground_segmentation
[8.988s] Invoked command in '/home/unitree/navigation_ws/build/linefit_ground_segmentation' returned '0': CMAKE_PREFIX_PATH=${CMAKE_PREFIX_PATH}:/opt/ros/foxy /usr/bin/cmake /home/unitree/navigation_ws/src/reconstruction/linefit_ground_segmentation_ros2/linefit_ground_segmentation -DAMENT_CMAKE_SYMLINK_INSTALL=1 -DCMAKE_INSTALL_PREFIX=/home/unitree/navigation_ws/install/linefit_ground_segmentation
[8.991s] Invoking command in '/home/unitree/navigation_ws/build/linefit_ground_segmentation': CMAKE_PREFIX_PATH=${CMAKE_PREFIX_PATH}:/opt/ros/foxy /usr/bin/cmake --build /home/unitree/navigation_ws/build/linefit_ground_segmentation -- -j8 -l8
[21.777s] [35m[1mScanning dependencies of target linefit_ground_segmentation[0m
[21.778s] [ 20%] [32mBuilding CXX object CMakeFiles/linefit_ground_segmentation.dir/src/bin.cc.o[0m
[21.778s] [ 40%] [32mBuilding CXX object CMakeFiles/linefit_ground_segmentation.dir/src/segment.cc.o[0m
[21.778s] [ 60%] [32mBuilding CXX object CMakeFiles/linefit_ground_segmentation.dir/src/ground_segmentation.cc.o[0m
[21.778s] [ 80%] [32mBuilding CXX object CMakeFiles/linefit_ground_segmentation.dir/src/viewer.cc.o[0m
[54.224s] [100%] [32m[1mLinking CXX shared library liblinefit_ground_segmentation.so[0m
[55.250s] [100%] Built target linefit_ground_segmentation
[55.279s] Invoked command in '/home/unitree/navigation_ws/build/linefit_ground_segmentation' returned '0': CMAKE_PREFIX_PATH=${CMAKE_PREFIX_PATH}:/opt/ros/foxy /usr/bin/cmake --build /home/unitree/navigation_ws/build/linefit_ground_segmentation -- -j8 -l8
[55.390s] Invoking command in '/home/unitree/navigation_ws/build/linefit_ground_segmentation': CMAKE_PREFIX_PATH=${CMAKE_PREFIX_PATH}:/opt/ros/foxy /usr/bin/cmake --install /home/unitree/navigation_ws/build/linefit_ground_segmentation
[56.114s] -- Install configuration: ""
[56.117s] -- Execute custom install script
[56.118s] -- Symlinking: /home/unitree/navigation_ws/install/linefit_ground_segmentation/include/ground_segmentation/bin.h
[56.118s] -- Symlinking: /home/unitree/navigation_ws/install/linefit_ground_segmentation/include/ground_segmentation/ground_segmentation.h
[56.118s] -- Symlinking: /home/unitree/navigation_ws/install/linefit_ground_segmentation/include/ground_segmentation/segment.h
[56.118s] -- Symlinking: /home/unitree/navigation_ws/install/linefit_ground_segmentation/include/ground_segmentation/typedefs.h
[56.118s] -- Symlinking: /home/unitree/navigation_ws/install/linefit_ground_segmentation/include/ground_segmentation/viewer.h
[56.118s] -- Symlinking: /home/unitree/navigation_ws/install/linefit_ground_segmentation/share/linefit_ground_segmentation/environment/library_path.sh
[56.118s] -- Symlinking: /home/unitree/navigation_ws/install/linefit_ground_segmentation/share/linefit_ground_segmentation/environment/library_path.dsv
[56.118s] -- Symlinking: /home/unitree/navigation_ws/install/linefit_ground_segmentation/lib/liblinefit_ground_segmentation.so
[56.119s] -- Symlinking: /home/unitree/navigation_ws/install/linefit_ground_segmentation/share/ament_index/resource_index/package_run_dependencies/linefit_ground_segmentation
[56.119s] -- Symlinking: /home/unitree/navigation_ws/install/linefit_ground_segmentation/share/ament_index/resource_index/parent_prefix_path/linefit_ground_segmentation
[56.119s] -- Symlinking: /home/unitree/navigation_ws/install/linefit_ground_segmentation/share/linefit_ground_segmentation/environment/ament_prefix_path.sh
[56.119s] -- Symlinking: /home/unitree/navigation_ws/install/linefit_ground_segmentation/share/linefit_ground_segmentation/environment/ament_prefix_path.dsv
[56.119s] -- Symlinking: /home/unitree/navigation_ws/install/linefit_ground_segmentation/share/linefit_ground_segmentation/environment/path.sh
[56.119s] -- Symlinking: /home/unitree/navigation_ws/install/linefit_ground_segmentation/share/linefit_ground_segmentation/environment/path.dsv
[56.119s] -- Symlinking: /home/unitree/navigation_ws/install/linefit_ground_segmentation/share/linefit_ground_segmentation/local_setup.bash
[56.119s] -- Symlinking: /home/unitree/navigation_ws/install/linefit_ground_segmentation/share/linefit_ground_segmentation/local_setup.sh
[56.119s] -- Symlinking: /home/unitree/navigation_ws/install/linefit_ground_segmentation/share/linefit_ground_segmentation/local_setup.zsh
[56.119s] -- Symlinking: /home/unitree/navigation_ws/install/linefit_ground_segmentation/share/linefit_ground_segmentation/local_setup.dsv
[56.120s] -- Symlinking: /home/unitree/navigation_ws/install/linefit_ground_segmentation/share/linefit_ground_segmentation/package.dsv
[56.120s] -- Symlinking: /home/unitree/navigation_ws/install/linefit_ground_segmentation/share/ament_index/resource_index/packages/linefit_ground_segmentation
[56.120s] -- Symlinking: /home/unitree/navigation_ws/install/linefit_ground_segmentation/share/linefit_ground_segmentation/cmake/ament_cmake_export_dependencies-extras.cmake
[56.120s] -- Symlinking: /home/unitree/navigation_ws/install/linefit_ground_segmentation/share/linefit_ground_segmentation/cmake/ament_cmake_export_include_directories-extras.cmake
[56.120s] -- Symlinking: /home/unitree/navigation_ws/install/linefit_ground_segmentation/share/linefit_ground_segmentation/cmake/ament_cmake_export_libraries-extras.cmake
[56.120s] -- Symlinking: /home/unitree/navigation_ws/install/linefit_ground_segmentation/share/linefit_ground_segmentation/cmake/linefit_ground_segmentationConfig.cmake
[56.120s] -- Symlinking: /home/unitree/navigation_ws/install/linefit_ground_segmentation/share/linefit_ground_segmentation/cmake/linefit_ground_segmentationConfig-version.cmake
[56.120s] -- Symlinking: /home/unitree/navigation_ws/install/linefit_ground_segmentation/share/linefit_ground_segmentation/package.xml
[56.144s] Invoked command in '/home/unitree/navigation_ws/build/linefit_ground_segmentation' returned '0': CMAKE_PREFIX_PATH=${CMAKE_PREFIX_PATH}:/opt/ros/foxy /usr/bin/cmake --install /home/unitree/navigation_ws/build/linefit_ground_segmentation
