-- The C compiler identification is GNU 9.4.0
-- The CXX compiler identification is GNU 9.4.0
-- Check for working C compiler: /usr/bin/cc
-- Check for working C compiler: /usr/bin/cc -- works
-- Detecting C compiler ABI info
-- Detecting C compiler ABI info - done
-- Detecting C compile features
-- Detecting C compile features - done
-- Check for working CXX compiler: /usr/bin/c++
-- Check for working CXX compiler: /usr/bin/c++ -- works
-- Detecting CXX compiler ABI info
-- Detecting CXX compiler ABI info - done
-- Detecting CXX compile features
-- Detecting CXX compile features - done
-- Found ament_cmake: 0.9.12 (/opt/ros/foxy/share/ament_cmake/cmake)
-- Found PythonInterp: /usr/bin/python3 (found suitable version "3.8.10", minimum required is "3") 
-- Using PYTHON_EXECUTABLE: /usr/bin/python3
-- Override CMake install command with custom implementation using symlinks instead of copying resources
-- Configuring done
-- Generating done
-- Build files have been written to: /home/unitree/navigation_ws/build/navigation2
-- Install configuration: ""
-- Execute custom install script
-- Symlinking: /home/unitree/navigation_ws/install/navigation2/share/ament_index/resource_index/package_run_dependencies/navigation2
-- Symlinking: /home/unitree/navigation_ws/install/navigation2/share/ament_index/resource_index/parent_prefix_path/navigation2
-- Symlinking: /home/unitree/navigation_ws/install/navigation2/share/navigation2/environment/ament_prefix_path.sh
-- Symlinking: /home/unitree/navigation_ws/install/navigation2/share/navigation2/environment/ament_prefix_path.dsv
-- Symlinking: /home/unitree/navigation_ws/install/navigation2/share/navigation2/environment/path.sh
-- Symlinking: /home/unitree/navigation_ws/install/navigation2/share/navigation2/environment/path.dsv
-- Symlinking: /home/unitree/navigation_ws/install/navigation2/share/navigation2/local_setup.bash
-- Symlinking: /home/unitree/navigation_ws/install/navigation2/share/navigation2/local_setup.sh
-- Symlinking: /home/unitree/navigation_ws/install/navigation2/share/navigation2/local_setup.zsh
-- Symlinking: /home/unitree/navigation_ws/install/navigation2/share/navigation2/local_setup.dsv
-- Symlinking: /home/unitree/navigation_ws/install/navigation2/share/navigation2/package.dsv
-- Symlinking: /home/unitree/navigation_ws/install/navigation2/share/ament_index/resource_index/packages/navigation2
-- Symlinking: /home/unitree/navigation_ws/install/navigation2/share/navigation2/cmake/navigation2Config.cmake
-- Symlinking: /home/unitree/navigation_ws/install/navigation2/share/navigation2/cmake/navigation2Config-version.cmake
-- Symlinking: /home/unitree/navigation_ws/install/navigation2/share/navigation2/package.xml
