[ 16%] Built target polygon
[ 33%] Built target occupancy_grid_wrapper
[ 50%] Built target sentry_autonomy_node
[ 66%] Built target get_current_location_action_bt_node
[ 83%] Built target send_goal_action_bt_node
[35m[1mScanning dependencies of target pub_chasing_position_btnode_action[0m
[ 91%] [32mBuilding CXX object CMakeFiles/pub_chasing_position_btnode_action.dir/plugins/action/pub_chasing_position_btnode_action.cpp.o[0m
[01m[K/home/unitree/navigation_ws/src/autonomy/rm_autonomy/plugins/action/pub_chasing_position_btnode_action.cpp:[m[K In constructor ‘[01m[Krm_autonomy::PubChasingPositionAction::PubChasingPositionAction(const string&, const BT::NodeConfig&)[m[K’:
[01m[K/home/unitree/navigation_ws/src/autonomy/rm_autonomy/plugins/action/pub_chasing_position_btnode_action.cpp:16:34:[m[K [01;31m[Kerror: [m[K‘[01m[Krclcpp::Logger::Logger()[m[K’ is private within this context
   16 | : BT::SyncActionNode(name, config[01;31m[K)[m[K
      |                                  [01;31m[K^[m[K
In file included from [01m[K/opt/ros/foxy/include/rclcpp/logging.hpp:23[m[K,
                 from [01m[K/opt/ros/foxy/include/rclcpp/service.hpp:34[m[K,
                 from [01m[K/opt/ros/foxy/include/rclcpp/callback_group.hpp:25[m[K,
                 from [01m[K/opt/ros/foxy/include/rclcpp/any_executable.hpp:20[m[K,
                 from [01m[K/opt/ros/foxy/include/rclcpp/memory_strategy.hpp:24[m[K,
                 from [01m[K/opt/ros/foxy/include/rclcpp/memory_strategies.hpp:18[m[K,
                 from [01m[K/opt/ros/foxy/include/rclcpp/executor_options.hpp:20[m[K,
                 from [01m[K/opt/ros/foxy/include/rclcpp/executor.hpp:33[m[K,
                 from [01m[K/opt/ros/foxy/include/rclcpp/executors/multi_threaded_executor.hpp:26[m[K,
                 from [01m[K/opt/ros/foxy/include/rclcpp/executors.hpp:21[m[K,
                 from [01m[K/opt/ros/foxy/include/rclcpp/rclcpp.hpp:146[m[K,
                 from [01m[K/home/unitree/navigation_ws/src/autonomy/rm_autonomy/include/rm_autonomy/plugins/action/pub_chasing_position_btnode_action.hpp:9[m[K,
                 from [01m[K/home/unitree/navigation_ws/src/autonomy/rm_autonomy/plugins/action/pub_chasing_position_btnode_action.cpp:1[m[K:
[01m[K/opt/ros/foxy/include/rclcpp/logger.hpp:88:3:[m[K [01;36m[Knote: [m[Kdeclared private here
   88 |   [01;36m[KLogger[m[K()
      |   [01;36m[K^~~~~~[m[K
make[2]: *** [CMakeFiles/pub_chasing_position_btnode_action.dir/build.make:63: CMakeFiles/pub_chasing_position_btnode_action.dir/plugins/action/pub_chasing_position_btnode_action.cpp.o] Error 1
make[1]: *** [CMakeFiles/Makefile2:284: CMakeFiles/pub_chasing_position_btnode_action.dir/all] Error 2
make: *** [Makefile:141: all] Error 2
