Performing C SOURCE FILE Test CMAKE_HAVE_LIBC_PTHREAD failed with the following output:
Change Dir: /home/unitree/navigation_ws/build/nav2_amcl/CMakeFiles/CMakeTmp

Run Build Command(s):/usr/bin/make cmTC_50ee6/fast && /usr/bin/make -f CMakeFiles/cmTC_50ee6.dir/build.make CMakeFiles/cmTC_50ee6.dir/build
make[1]: Entering directory '/home/unitree/navigation_ws/build/nav2_amcl/CMakeFiles/CMakeTmp'
Building C object CMakeFiles/cmTC_50ee6.dir/src.c.o
/usr/bin/cc   -DCMAKE_HAVE_LIBC_PTHREAD   -o CMakeFiles/cmTC_50ee6.dir/src.c.o   -c /home/unitree/navigation_ws/build/nav2_amcl/CMakeFiles/CMakeTmp/src.c
Linking C executable cmTC_50ee6
/usr/bin/cmake -E cmake_link_script CMakeFiles/cmTC_50ee6.dir/link.txt --verbose=1
/usr/bin/cc  -DCMAKE_HAVE_LIBC_PTHREAD    CMakeFiles/cmTC_50ee6.dir/src.c.o  -o cmTC_50ee6 
/usr/bin/ld: CMakeFiles/cmTC_50ee6.dir/src.c.o: in function `main':
src.c:(.text+0x48): undefined reference to `pthread_create'
/usr/bin/ld: src.c:(.text+0x50): undefined reference to `pthread_detach'
/usr/bin/ld: src.c:(.text+0x5c): undefined reference to `pthread_join'
collect2: error: ld returned 1 exit status
make[1]: *** [CMakeFiles/cmTC_50ee6.dir/build.make:87: cmTC_50ee6] Error 1
make[1]: Leaving directory '/home/unitree/navigation_ws/build/nav2_amcl/CMakeFiles/CMakeTmp'
make: *** [Makefile:121: cmTC_50ee6/fast] Error 2


Source file was:
#include <pthread.h>

void* test_func(void* data)
{
  return data;
}

int main(void)
{
  pthread_t thread;
  pthread_create(&thread, NULL, test_func, NULL);
  pthread_detach(thread);
  pthread_join(thread, NULL);
  pthread_atfork(NULL, NULL, NULL);
  pthread_exit(NULL);

  return 0;
}

Determining if the function pthread_create exists in the pthreads failed with the following output:
Change Dir: /home/unitree/navigation_ws/build/nav2_amcl/CMakeFiles/CMakeTmp

Run Build Command(s):/usr/bin/make cmTC_ae6dd/fast && /usr/bin/make -f CMakeFiles/cmTC_ae6dd.dir/build.make CMakeFiles/cmTC_ae6dd.dir/build
make[1]: Entering directory '/home/unitree/navigation_ws/build/nav2_amcl/CMakeFiles/CMakeTmp'
Building C object CMakeFiles/cmTC_ae6dd.dir/CheckFunctionExists.c.o
/usr/bin/cc   -DCHECK_FUNCTION_EXISTS=pthread_create   -o CMakeFiles/cmTC_ae6dd.dir/CheckFunctionExists.c.o   -c /usr/share/cmake-3.16/Modules/CheckFunctionExists.c
Linking C executable cmTC_ae6dd
/usr/bin/cmake -E cmake_link_script CMakeFiles/cmTC_ae6dd.dir/link.txt --verbose=1
/usr/bin/cc  -DCHECK_FUNCTION_EXISTS=pthread_create    CMakeFiles/cmTC_ae6dd.dir/CheckFunctionExists.c.o  -o cmTC_ae6dd  -lpthreads 
/usr/bin/ld: cannot find -lpthreads
collect2: error: ld returned 1 exit status
make[1]: *** [CMakeFiles/cmTC_ae6dd.dir/build.make:87: cmTC_ae6dd] Error 1
make[1]: Leaving directory '/home/unitree/navigation_ws/build/nav2_amcl/CMakeFiles/CMakeTmp'
make: *** [Makefile:121: cmTC_ae6dd/fast] Error 2



Performing C SOURCE FILE Test CMAKE_HAVE_LIBC_PTHREAD failed with the following output:
Change Dir: /home/unitree/navigation_ws/build/nav2_amcl/CMakeFiles/CMakeTmp

Run Build Command(s):/usr/bin/make cmTC_25a97/fast && /usr/bin/make -f CMakeFiles/cmTC_25a97.dir/build.make CMakeFiles/cmTC_25a97.dir/build
make[1]: Entering directory '/home/unitree/navigation_ws/build/nav2_amcl/CMakeFiles/CMakeTmp'
Building C object CMakeFiles/cmTC_25a97.dir/src.c.o
/usr/bin/cc   -DCMAKE_HAVE_LIBC_PTHREAD   -o CMakeFiles/cmTC_25a97.dir/src.c.o   -c /home/unitree/navigation_ws/build/nav2_amcl/CMakeFiles/CMakeTmp/src.c
Linking C executable cmTC_25a97
/usr/bin/cmake -E cmake_link_script CMakeFiles/cmTC_25a97.dir/link.txt --verbose=1
/usr/bin/cc  -DCMAKE_HAVE_LIBC_PTHREAD    CMakeFiles/cmTC_25a97.dir/src.c.o  -o cmTC_25a97 
/usr/bin/ld: CMakeFiles/cmTC_25a97.dir/src.c.o: in function `main':
src.c:(.text+0x48): undefined reference to `pthread_create'
/usr/bin/ld: src.c:(.text+0x50): undefined reference to `pthread_detach'
/usr/bin/ld: src.c:(.text+0x5c): undefined reference to `pthread_join'
collect2: error: ld returned 1 exit status
make[1]: *** [CMakeFiles/cmTC_25a97.dir/build.make:87: cmTC_25a97] Error 1
make[1]: Leaving directory '/home/unitree/navigation_ws/build/nav2_amcl/CMakeFiles/CMakeTmp'
make: *** [Makefile:121: cmTC_25a97/fast] Error 2


Source file was:
#include <pthread.h>

void* test_func(void* data)
{
  return data;
}

int main(void)
{
  pthread_t thread;
  pthread_create(&thread, NULL, test_func, NULL);
  pthread_detach(thread);
  pthread_join(thread, NULL);
  pthread_atfork(NULL, NULL, NULL);
  pthread_exit(NULL);

  return 0;
}

Determining if the function pthread_create exists in the pthreads failed with the following output:
Change Dir: /home/unitree/navigation_ws/build/nav2_amcl/CMakeFiles/CMakeTmp

Run Build Command(s):/usr/bin/make cmTC_c67ab/fast && /usr/bin/make -f CMakeFiles/cmTC_c67ab.dir/build.make CMakeFiles/cmTC_c67ab.dir/build
make[1]: Entering directory '/home/unitree/navigation_ws/build/nav2_amcl/CMakeFiles/CMakeTmp'
Building C object CMakeFiles/cmTC_c67ab.dir/CheckFunctionExists.c.o
/usr/bin/cc   -DCHECK_FUNCTION_EXISTS=pthread_create   -o CMakeFiles/cmTC_c67ab.dir/CheckFunctionExists.c.o   -c /usr/share/cmake-3.16/Modules/CheckFunctionExists.c
Linking C executable cmTC_c67ab
/usr/bin/cmake -E cmake_link_script CMakeFiles/cmTC_c67ab.dir/link.txt --verbose=1
/usr/bin/cc  -DCHECK_FUNCTION_EXISTS=pthread_create    CMakeFiles/cmTC_c67ab.dir/CheckFunctionExists.c.o  -o cmTC_c67ab  -lpthreads 
/usr/bin/ld: cannot find -lpthreads
collect2: error: ld returned 1 exit status
make[1]: *** [CMakeFiles/cmTC_c67ab.dir/build.make:87: cmTC_c67ab] Error 1
make[1]: Leaving directory '/home/unitree/navigation_ws/build/nav2_amcl/CMakeFiles/CMakeTmp'
make: *** [Makefile:121: cmTC_c67ab/fast] Error 2



