[0.127s] Invoking command in '/home/unitree/navigation_ws/build/livox_ros_driver2': CMAKE_PREFIX_PATH=${CMAKE_PREFIX_PATH}:/opt/ros/foxy /usr/bin/cmake --build /home/unitree/navigation_ws/build/livox_ros_driver2 -- -j8 -l8
[0.324s] [  1%] Built target livox_interfaces2__cpp
[0.423s] [  8%] Built target livox_interfaces2__rosidl_generator_c
[0.462s] [ 12%] Built target livox_ros_driver2_node
[0.541s] [ 19%] Built target livox_interfaces2__rosidl_typesupport_cpp
[0.567s] [ 26%] Built target livox_interfaces2__rosidl_typesupport_introspection_cpp
[0.603s] [ 33%] Built target livox_interfaces2__rosidl_typesupport_introspection_c
[0.603s] [ 40%] Built target livox_interfaces2__rosidl_typesupport_c
[0.611s] [ 47%] Built target livox_interfaces2__rosidl_typesupport_fastrtps_cpp
[0.768s] [ 54%] Built target livox_interfaces2__rosidl_typesupport_fastrtps_c
[0.835s] [ 54%] Built target livox_interfaces2
[0.979s] [ 56%] Built target livox_interfaces2__py
[1.095s] [ 84%] Built target livox_ros_driver2
[1.107s] [ 89%] Built target livox_interfaces2__python
[1.279s] [ 92%] Built target livox_ros_driver2__rosidl_typesupport_c__pyext
[1.296s] [ 96%] Built target livox_ros_driver2__rosidl_typesupport_introspection_c__pyext
[1.303s] [100%] Built target livox_ros_driver2__rosidl_typesupport_fastrtps_c__pyext
[1.411s] Invoked command in '/home/unitree/navigation_ws/build/livox_ros_driver2' returned '0': CMAKE_PREFIX_PATH=${CMAKE_PREFIX_PATH}:/opt/ros/foxy /usr/bin/cmake --build /home/unitree/navigation_ws/build/livox_ros_driver2 -- -j8 -l8
[1.861s] Invoking command in '/home/unitree/navigation_ws/build/livox_ros_driver2': CMAKE_PREFIX_PATH=${CMAKE_PREFIX_PATH}:/opt/ros/foxy /usr/bin/cmake --install /home/unitree/navigation_ws/build/livox_ros_driver2
[1.893s] -- Install configuration: ""
[1.893s] -- Execute custom install script
[1.895s] -- Up-to-date symlink: /home/unitree/navigation_ws/install/livox_ros_driver2/share/ament_index/resource_index/rosidl_interfaces/livox_ros_driver2
[1.895s] -- Up-to-date symlink: /home/unitree/navigation_ws/install/livox_ros_driver2/include/livox_ros_driver2/msg/custom_msg.h
[1.895s] -- Up-to-date symlink: /home/unitree/navigation_ws/install/livox_ros_driver2/include/livox_ros_driver2/msg/custom_point.h
[1.895s] -- Up-to-date symlink: /home/unitree/navigation_ws/install/livox_ros_driver2/include/livox_ros_driver2/msg/detail/custom_msg__functions.h
[1.895s] -- Up-to-date symlink: /home/unitree/navigation_ws/install/livox_ros_driver2/include/livox_ros_driver2/msg/detail/custom_msg__struct.h
[1.896s] -- Up-to-date symlink: /home/unitree/navigation_ws/install/livox_ros_driver2/include/livox_ros_driver2/msg/detail/custom_msg__type_support.h
[1.896s] -- Up-to-date symlink: /home/unitree/navigation_ws/install/livox_ros_driver2/include/livox_ros_driver2/msg/detail/custom_point__functions.h
[1.896s] -- Up-to-date symlink: /home/unitree/navigation_ws/install/livox_ros_driver2/include/livox_ros_driver2/msg/detail/custom_point__struct.h
[1.896s] -- Up-to-date symlink: /home/unitree/navigation_ws/install/livox_ros_driver2/include/livox_ros_driver2/msg/detail/custom_point__type_support.h
[1.896s] -- Up-to-date symlink: /home/unitree/navigation_ws/install/livox_ros_driver2/include/livox_ros_driver2/msg/rosidl_generator_c__visibility_control.h
[1.896s] -- Up-to-date symlink: /home/unitree/navigation_ws/install/livox_ros_driver2/share/livox_ros_driver2/environment/library_path.sh
[1.896s] -- Up-to-date symlink: /home/unitree/navigation_ws/install/livox_ros_driver2/share/livox_ros_driver2/environment/library_path.dsv
[1.896s] -- Up-to-date symlink: /home/unitree/navigation_ws/install/livox_ros_driver2/include/livox_ros_driver2/msg/detail/custom_msg__rosidl_typesupport_fastrtps_c.h
[1.897s] -- Up-to-date symlink: /home/unitree/navigation_ws/install/livox_ros_driver2/include/livox_ros_driver2/msg/detail/custom_point__rosidl_typesupport_fastrtps_c.h
[1.897s] -- Up-to-date symlink: /home/unitree/navigation_ws/install/livox_ros_driver2/include/livox_ros_driver2/msg/rosidl_typesupport_fastrtps_c__visibility_control.h
[1.897s] -- Up-to-date symlink: /home/unitree/navigation_ws/install/livox_ros_driver2/lib/liblivox_ros_driver2__rosidl_typesupport_fastrtps_c.so
[1.897s] -- Up-to-date symlink: /home/unitree/navigation_ws/install/livox_ros_driver2/include/livox_ros_driver2/msg/detail/custom_msg__rosidl_typesupport_fastrtps_cpp.hpp
[1.897s] -- Up-to-date symlink: /home/unitree/navigation_ws/install/livox_ros_driver2/include/livox_ros_driver2/msg/detail/custom_point__rosidl_typesupport_fastrtps_cpp.hpp
[1.898s] -- Up-to-date symlink: /home/unitree/navigation_ws/install/livox_ros_driver2/include/livox_ros_driver2/msg/rosidl_typesupport_fastrtps_cpp__visibility_control.h
[1.898s] -- Up-to-date symlink: /home/unitree/navigation_ws/install/livox_ros_driver2/lib/liblivox_ros_driver2__rosidl_typesupport_fastrtps_cpp.so
[1.899s] -- Up-to-date symlink: /home/unitree/navigation_ws/install/livox_ros_driver2/include/livox_ros_driver2/msg/detail/custom_msg__rosidl_typesupport_introspection_c.h
[1.901s] -- Up-to-date symlink: /home/unitree/navigation_ws/install/livox_ros_driver2/include/livox_ros_driver2/msg/detail/custom_point__rosidl_typesupport_introspection_c.h
[1.901s] -- Up-to-date symlink: /home/unitree/navigation_ws/install/livox_ros_driver2/include/livox_ros_driver2/msg/rosidl_typesupport_introspection_c__visibility_control.h
[1.902s] -- Up-to-date symlink: /home/unitree/navigation_ws/install/livox_ros_driver2/include/livox_ros_driver2/msg/custom_msg.hpp
[1.902s] -- Up-to-date symlink: /home/unitree/navigation_ws/install/livox_ros_driver2/include/livox_ros_driver2/msg/custom_point.hpp
[1.902s] -- Up-to-date symlink: /home/unitree/navigation_ws/install/livox_ros_driver2/include/livox_ros_driver2/msg/detail/custom_msg__builder.hpp
[1.902s] -- Up-to-date symlink: /home/unitree/navigation_ws/install/livox_ros_driver2/include/livox_ros_driver2/msg/detail/custom_msg__struct.hpp
[1.902s] -- Up-to-date symlink: /home/unitree/navigation_ws/install/livox_ros_driver2/include/livox_ros_driver2/msg/detail/custom_msg__traits.hpp
[1.902s] -- Up-to-date symlink: /home/unitree/navigation_ws/install/livox_ros_driver2/include/livox_ros_driver2/msg/detail/custom_msg__type_support.hpp
[1.902s] -- Up-to-date symlink: /home/unitree/navigation_ws/install/livox_ros_driver2/include/livox_ros_driver2/msg/detail/custom_point__builder.hpp
[1.903s] -- Up-to-date symlink: /home/unitree/navigation_ws/install/livox_ros_driver2/include/livox_ros_driver2/msg/detail/custom_point__struct.hpp
[1.903s] -- Up-to-date symlink: /home/unitree/navigation_ws/install/livox_ros_driver2/include/livox_ros_driver2/msg/detail/custom_point__traits.hpp
[1.903s] -- Up-to-date symlink: /home/unitree/navigation_ws/install/livox_ros_driver2/include/livox_ros_driver2/msg/detail/custom_point__type_support.hpp
[1.903s] -- Up-to-date symlink: /home/unitree/navigation_ws/install/livox_ros_driver2/include/livox_ros_driver2/msg/rosidl_generator_cpp__visibility_control.hpp
[1.907s] -- Up-to-date symlink: /home/unitree/navigation_ws/install/livox_ros_driver2/include/livox_ros_driver2/msg/detail/custom_msg__rosidl_typesupport_introspection_cpp.hpp
[1.907s] -- Up-to-date symlink: /home/unitree/navigation_ws/install/livox_ros_driver2/include/livox_ros_driver2/msg/detail/custom_point__rosidl_typesupport_introspection_cpp.hpp
[1.907s] -- Up-to-date symlink: /home/unitree/navigation_ws/install/livox_ros_driver2/share/livox_ros_driver2/environment/pythonpath.sh
[1.907s] -- Up-to-date symlink: /home/unitree/navigation_ws/install/livox_ros_driver2/share/livox_ros_driver2/environment/pythonpath.dsv
[1.907s] -- Up-to-date symlink: /home/unitree/navigation_ws/install/livox_ros_driver2/lib/python3.8/site-packages/livox_ros_driver2/__init__.py
[1.907s] -- Up-to-date symlink: /home/unitree/navigation_ws/install/livox_ros_driver2/lib/python3.8/site-packages/livox_ros_driver2/msg/__init__.py
[1.907s] -- Up-to-date symlink: /home/unitree/navigation_ws/install/livox_ros_driver2/lib/python3.8/site-packages/livox_ros_driver2/msg/_custom_msg.py
[1.907s] -- Up-to-date symlink: /home/unitree/navigation_ws/install/livox_ros_driver2/lib/python3.8/site-packages/livox_ros_driver2/msg/_custom_point.py
[1.908s] -- Up-to-date symlink: /home/unitree/navigation_ws/install/livox_ros_driver2/lib/python3.8/site-packages/livox_ros_driver2/livox_ros_driver2_s__rosidl_typesupport_fastrtps_c.cpython-38-aarch64-linux-gnu.so
[1.908s] -- Up-to-date symlink: /home/unitree/navigation_ws/install/livox_ros_driver2/lib/python3.8/site-packages/livox_ros_driver2/livox_ros_driver2_s__rosidl_typesupport_introspection_c.cpython-38-aarch64-linux-gnu.so
[1.910s] -- Up-to-date symlink: /home/unitree/navigation_ws/install/livox_ros_driver2/lib/python3.8/site-packages/livox_ros_driver2/livox_ros_driver2_s__rosidl_typesupport_c.cpython-38-aarch64-linux-gnu.so
[1.911s] -- Up-to-date symlink: /home/unitree/navigation_ws/install/livox_ros_driver2/lib/liblivox_interfaces2__python.so
[1.911s] -- Up-to-date symlink: /home/unitree/navigation_ws/install/livox_ros_driver2/share/livox_ros_driver2/msg/CustomPoint.idl
[1.911s] -- Up-to-date symlink: /home/unitree/navigation_ws/install/livox_ros_driver2/share/livox_ros_driver2/msg/CustomMsg.idl
[1.913s] -- Up-to-date symlink: /home/unitree/navigation_ws/install/livox_ros_driver2/share/livox_ros_driver2/msg/CustomPoint.msg
[1.913s] -- Up-to-date symlink: /home/unitree/navigation_ws/install/livox_ros_driver2/share/livox_ros_driver2/msg/CustomMsg.msg
[1.914s] -- Up-to-date symlink: /home/unitree/navigation_ws/install/livox_ros_driver2/lib/livox_ros_driver2/livox_ros_driver2_node
[1.914s] -- Up-to-date symlink: /home/unitree/navigation_ws/install/livox_ros_driver2/lib/liblivox_ros_driver2.so
[1.914s] -- Up-to-date symlink: /home/unitree/navigation_ws/install/livox_ros_driver2/share/livox_ros_driver2/config/HAP_config.json
[1.914s] -- Up-to-date symlink: /home/unitree/navigation_ws/install/livox_ros_driver2/share/livox_ros_driver2/config/MID360_config.json
[1.915s] -- Up-to-date symlink: /home/unitree/navigation_ws/install/livox_ros_driver2/share/livox_ros_driver2/config/display_point_cloud_ROS1.rviz
[1.915s] -- Up-to-date symlink: /home/unitree/navigation_ws/install/livox_ros_driver2/share/livox_ros_driver2/config/display_point_cloud_ROS2.rviz
[1.915s] -- Up-to-date symlink: /home/unitree/navigation_ws/install/livox_ros_driver2/share/livox_ros_driver2/config/mixed_HAP_MID360_config.json
[1.916s] -- Up-to-date symlink: /home/unitree/navigation_ws/install/livox_ros_driver2/share/livox_ros_driver2/launch_ROS2/msg_HAP_launch.py
[1.916s] -- Up-to-date symlink: /home/unitree/navigation_ws/install/livox_ros_driver2/share/livox_ros_driver2/launch_ROS2/msg_MID360_launch.py
[1.916s] -- Up-to-date symlink: /home/unitree/navigation_ws/install/livox_ros_driver2/share/livox_ros_driver2/launch_ROS2/rviz_HAP_launch.py
[1.917s] -- Up-to-date symlink: /home/unitree/navigation_ws/install/livox_ros_driver2/share/livox_ros_driver2/launch_ROS2/rviz_MID360_launch.py
[1.918s] -- Up-to-date symlink: /home/unitree/navigation_ws/install/livox_ros_driver2/share/livox_ros_driver2/launch_ROS2/rviz_mixed.py
[1.918s] -- Up-to-date symlink: /home/unitree/navigation_ws/install/livox_ros_driver2/share/ament_index/resource_index/package_run_dependencies/livox_ros_driver2
[1.918s] -- Up-to-date symlink: /home/unitree/navigation_ws/install/livox_ros_driver2/share/ament_index/resource_index/parent_prefix_path/livox_ros_driver2
[1.919s] -- Up-to-date symlink: /home/unitree/navigation_ws/install/livox_ros_driver2/share/livox_ros_driver2/environment/ament_prefix_path.sh
[1.919s] -- Up-to-date symlink: /home/unitree/navigation_ws/install/livox_ros_driver2/share/livox_ros_driver2/environment/ament_prefix_path.dsv
[1.920s] -- Up-to-date symlink: /home/unitree/navigation_ws/install/livox_ros_driver2/share/livox_ros_driver2/environment/path.sh
[1.920s] -- Up-to-date symlink: /home/unitree/navigation_ws/install/livox_ros_driver2/share/livox_ros_driver2/environment/path.dsv
[1.921s] -- Up-to-date symlink: /home/unitree/navigation_ws/install/livox_ros_driver2/share/livox_ros_driver2/local_setup.bash
[1.921s] -- Up-to-date symlink: /home/unitree/navigation_ws/install/livox_ros_driver2/share/livox_ros_driver2/local_setup.sh
[1.921s] -- Up-to-date symlink: /home/unitree/navigation_ws/install/livox_ros_driver2/share/livox_ros_driver2/local_setup.zsh
[1.922s] -- Up-to-date symlink: /home/unitree/navigation_ws/install/livox_ros_driver2/share/livox_ros_driver2/local_setup.dsv
[1.922s] -- Symlinking: /home/unitree/navigation_ws/install/livox_ros_driver2/share/livox_ros_driver2/package.dsv
[1.963s] -- Up-to-date symlink: /home/unitree/navigation_ws/install/livox_ros_driver2/share/ament_index/resource_index/packages/livox_ros_driver2
[1.964s] -- Up-to-date symlink: /home/unitree/navigation_ws/install/livox_ros_driver2/share/ament_index/resource_index/rclcpp_components/livox_ros_driver2
[1.969s] -- Up-to-date symlink: /home/unitree/navigation_ws/install/livox_ros_driver2/share/livox_ros_driver2/cmake/rosidl_cmake-extras.cmake
[1.971s] -- Up-to-date symlink: /home/unitree/navigation_ws/install/livox_ros_driver2/share/livox_ros_driver2/cmake/ament_cmake_export_dependencies-extras.cmake
[1.971s] -- Up-to-date symlink: /home/unitree/navigation_ws/install/livox_ros_driver2/share/livox_ros_driver2/cmake/ament_cmake_export_libraries-extras.cmake
[1.971s] -- Up-to-date symlink: /home/unitree/navigation_ws/install/livox_ros_driver2/share/livox_ros_driver2/cmake/ament_cmake_export_targets-extras.cmake
[1.971s] -- Up-to-date symlink: /home/unitree/navigation_ws/install/livox_ros_driver2/share/livox_ros_driver2/cmake/ament_cmake_export_include_directories-extras.cmake
[1.971s] -- Up-to-date symlink: /home/unitree/navigation_ws/install/livox_ros_driver2/share/livox_ros_driver2/cmake/rosidl_cmake_export_typesupport_libraries-extras.cmake
[1.973s] -- Up-to-date symlink: /home/unitree/navigation_ws/install/livox_ros_driver2/share/livox_ros_driver2/cmake/rosidl_cmake_export_typesupport_targets-extras.cmake
[1.973s] -- Up-to-date symlink: /home/unitree/navigation_ws/install/livox_ros_driver2/share/livox_ros_driver2/cmake/livox_ros_driver2Config.cmake
[1.974s] -- Up-to-date symlink: /home/unitree/navigation_ws/install/livox_ros_driver2/share/livox_ros_driver2/cmake/livox_ros_driver2Config-version.cmake
[1.975s] -- Up-to-date symlink: /home/unitree/navigation_ws/install/livox_ros_driver2/share/livox_ros_driver2/package.xml
[1.975s] -- Up-to-date: /home/unitree/navigation_ws/install/livox_ros_driver2/lib/liblivox_ros_driver2__rosidl_generator_c.so
[1.975s] -- Up-to-date: /home/unitree/navigation_ws/install/livox_ros_driver2/lib/liblivox_ros_driver2__rosidl_typesupport_introspection_c.so
[1.976s] -- Up-to-date: /home/unitree/navigation_ws/install/livox_ros_driver2/lib/liblivox_ros_driver2__rosidl_typesupport_c.so
[1.976s] -- Up-to-date: /home/unitree/navigation_ws/install/livox_ros_driver2/lib/liblivox_ros_driver2__rosidl_typesupport_introspection_cpp.so
[1.976s] -- Up-to-date: /home/unitree/navigation_ws/install/livox_ros_driver2/lib/liblivox_ros_driver2__rosidl_typesupport_cpp.so
[2.049s] -- Up-to-date: /home/unitree/navigation_ws/install/livox_ros_driver2/share/livox_ros_driver2/cmake/livox_interfaces2__rosidl_generator_cExport.cmake
[2.050s] -- Up-to-date: /home/unitree/navigation_ws/install/livox_ros_driver2/share/livox_ros_driver2/cmake/livox_interfaces2__rosidl_generator_cExport-noconfig.cmake
[2.050s] -- Up-to-date: /home/unitree/navigation_ws/install/livox_ros_driver2/share/livox_ros_driver2/cmake/livox_interfaces2__rosidl_typesupport_introspection_cExport.cmake
[2.050s] -- Up-to-date: /home/unitree/navigation_ws/install/livox_ros_driver2/share/livox_ros_driver2/cmake/livox_interfaces2__rosidl_typesupport_introspection_cExport-noconfig.cmake
[2.050s] -- Up-to-date: /home/unitree/navigation_ws/install/livox_ros_driver2/share/livox_ros_driver2/cmake/livox_interfaces2__rosidl_typesupport_cExport.cmake
[2.050s] -- Up-to-date: /home/unitree/navigation_ws/install/livox_ros_driver2/share/livox_ros_driver2/cmake/livox_interfaces2__rosidl_typesupport_cExport-noconfig.cmake
[2.051s] -- Up-to-date: /home/unitree/navigation_ws/install/livox_ros_driver2/share/livox_ros_driver2/cmake/livox_interfaces2__rosidl_generator_cppExport.cmake
[2.051s] -- Up-to-date: /home/unitree/navigation_ws/install/livox_ros_driver2/share/livox_ros_driver2/cmake/livox_interfaces2__rosidl_typesupport_introspection_cppExport.cmake
[2.051s] -- Up-to-date: /home/unitree/navigation_ws/install/livox_ros_driver2/share/livox_ros_driver2/cmake/livox_interfaces2__rosidl_typesupport_introspection_cppExport-noconfig.cmake
[2.051s] -- Up-to-date: /home/unitree/navigation_ws/install/livox_ros_driver2/share/livox_ros_driver2/cmake/livox_interfaces2__rosidl_typesupport_cppExport.cmake
[2.051s] -- Up-to-date: /home/unitree/navigation_ws/install/livox_ros_driver2/share/livox_ros_driver2/cmake/livox_interfaces2__rosidl_typesupport_cppExport-noconfig.cmake
[2.062s] Invoked command in '/home/unitree/navigation_ws/build/livox_ros_driver2' returned '0': CMAKE_PREFIX_PATH=${CMAKE_PREFIX_PATH}:/opt/ros/foxy /usr/bin/cmake --install /home/unitree/navigation_ws/build/livox_ros_driver2
