Performing C SOURCE FILE Test CMAKE_HAVE_LIBC_PTHREAD failed with the following output:
Change Dir: /home/unitree/navigation_ws/build/nav2_costmap_2d/CMakeFiles/CMakeTmp

Run Build Command(s):/usr/bin/make cmTC_81ffc/fast && /usr/bin/make -f CMakeFiles/cmTC_81ffc.dir/build.make CMakeFiles/cmTC_81ffc.dir/build
make[1]: Entering directory '/home/unitree/navigation_ws/build/nav2_costmap_2d/CMakeFiles/CMakeTmp'
Building C object CMakeFiles/cmTC_81ffc.dir/src.c.o
/usr/bin/cc   -DCMAKE_HAVE_LIBC_PTHREAD   -o CMakeFiles/cmTC_81ffc.dir/src.c.o   -c /home/unitree/navigation_ws/build/nav2_costmap_2d/CMakeFiles/CMakeTmp/src.c
Linking C executable cmTC_81ffc
/usr/bin/cmake -E cmake_link_script CMakeFiles/cmTC_81ffc.dir/link.txt --verbose=1
/usr/bin/cc  -DCMAKE_HAVE_LIBC_PTHREAD    CMakeFiles/cmTC_81ffc.dir/src.c.o  -o cmTC_81ffc 
/usr/bin/ld: CMakeFiles/cmTC_81ffc.dir/src.c.o: in function `main':
src.c:(.text+0x48): undefined reference to `pthread_create'
/usr/bin/ld: src.c:(.text+0x50): undefined reference to `pthread_detach'
/usr/bin/ld: src.c:(.text+0x5c): undefined reference to `pthread_join'
collect2: error: ld returned 1 exit status
make[1]: *** [CMakeFiles/cmTC_81ffc.dir/build.make:87: cmTC_81ffc] Error 1
make[1]: Leaving directory '/home/unitree/navigation_ws/build/nav2_costmap_2d/CMakeFiles/CMakeTmp'
make: *** [Makefile:121: cmTC_81ffc/fast] Error 2


Source file was:
#include <pthread.h>

void* test_func(void* data)
{
  return data;
}

int main(void)
{
  pthread_t thread;
  pthread_create(&thread, NULL, test_func, NULL);
  pthread_detach(thread);
  pthread_join(thread, NULL);
  pthread_atfork(NULL, NULL, NULL);
  pthread_exit(NULL);

  return 0;
}

Determining if the function pthread_create exists in the pthreads failed with the following output:
Change Dir: /home/unitree/navigation_ws/build/nav2_costmap_2d/CMakeFiles/CMakeTmp

Run Build Command(s):/usr/bin/make cmTC_36354/fast && /usr/bin/make -f CMakeFiles/cmTC_36354.dir/build.make CMakeFiles/cmTC_36354.dir/build
make[1]: Entering directory '/home/unitree/navigation_ws/build/nav2_costmap_2d/CMakeFiles/CMakeTmp'
Building C object CMakeFiles/cmTC_36354.dir/CheckFunctionExists.c.o
/usr/bin/cc   -DCHECK_FUNCTION_EXISTS=pthread_create   -o CMakeFiles/cmTC_36354.dir/CheckFunctionExists.c.o   -c /usr/share/cmake-3.16/Modules/CheckFunctionExists.c
Linking C executable cmTC_36354
/usr/bin/cmake -E cmake_link_script CMakeFiles/cmTC_36354.dir/link.txt --verbose=1
/usr/bin/cc  -DCHECK_FUNCTION_EXISTS=pthread_create    CMakeFiles/cmTC_36354.dir/CheckFunctionExists.c.o  -o cmTC_36354  -lpthreads 
/usr/bin/ld: cannot find -lpthreads
collect2: error: ld returned 1 exit status
make[1]: *** [CMakeFiles/cmTC_36354.dir/build.make:87: cmTC_36354] Error 1
make[1]: Leaving directory '/home/unitree/navigation_ws/build/nav2_costmap_2d/CMakeFiles/CMakeTmp'
make: *** [Makefile:121: cmTC_36354/fast] Error 2



Performing C SOURCE FILE Test CMAKE_HAVE_LIBC_PTHREAD failed with the following output:
Change Dir: /home/unitree/navigation_ws/build/nav2_costmap_2d/CMakeFiles/CMakeTmp

Run Build Command(s):/usr/bin/make cmTC_dd57d/fast && /usr/bin/make -f CMakeFiles/cmTC_dd57d.dir/build.make CMakeFiles/cmTC_dd57d.dir/build
make[1]: Entering directory '/home/unitree/navigation_ws/build/nav2_costmap_2d/CMakeFiles/CMakeTmp'
Building C object CMakeFiles/cmTC_dd57d.dir/src.c.o
/usr/bin/cc   -DCMAKE_HAVE_LIBC_PTHREAD   -o CMakeFiles/cmTC_dd57d.dir/src.c.o   -c /home/unitree/navigation_ws/build/nav2_costmap_2d/CMakeFiles/CMakeTmp/src.c
Linking C executable cmTC_dd57d
/usr/bin/cmake -E cmake_link_script CMakeFiles/cmTC_dd57d.dir/link.txt --verbose=1
/usr/bin/cc  -DCMAKE_HAVE_LIBC_PTHREAD    CMakeFiles/cmTC_dd57d.dir/src.c.o  -o cmTC_dd57d 
/usr/bin/ld: CMakeFiles/cmTC_dd57d.dir/src.c.o: in function `main':
src.c:(.text+0x48): undefined reference to `pthread_create'
/usr/bin/ld: src.c:(.text+0x50): undefined reference to `pthread_detach'
/usr/bin/ld: src.c:(.text+0x5c): undefined reference to `pthread_join'
collect2: error: ld returned 1 exit status
make[1]: *** [CMakeFiles/cmTC_dd57d.dir/build.make:87: cmTC_dd57d] Error 1
make[1]: Leaving directory '/home/unitree/navigation_ws/build/nav2_costmap_2d/CMakeFiles/CMakeTmp'
make: *** [Makefile:121: cmTC_dd57d/fast] Error 2


Source file was:
#include <pthread.h>

void* test_func(void* data)
{
  return data;
}

int main(void)
{
  pthread_t thread;
  pthread_create(&thread, NULL, test_func, NULL);
  pthread_detach(thread);
  pthread_join(thread, NULL);
  pthread_atfork(NULL, NULL, NULL);
  pthread_exit(NULL);

  return 0;
}

Determining if the function pthread_create exists in the pthreads failed with the following output:
Change Dir: /home/unitree/navigation_ws/build/nav2_costmap_2d/CMakeFiles/CMakeTmp

Run Build Command(s):/usr/bin/make cmTC_929f5/fast && /usr/bin/make -f CMakeFiles/cmTC_929f5.dir/build.make CMakeFiles/cmTC_929f5.dir/build
make[1]: Entering directory '/home/unitree/navigation_ws/build/nav2_costmap_2d/CMakeFiles/CMakeTmp'
Building C object CMakeFiles/cmTC_929f5.dir/CheckFunctionExists.c.o
/usr/bin/cc   -DCHECK_FUNCTION_EXISTS=pthread_create   -o CMakeFiles/cmTC_929f5.dir/CheckFunctionExists.c.o   -c /usr/share/cmake-3.16/Modules/CheckFunctionExists.c
Linking C executable cmTC_929f5
/usr/bin/cmake -E cmake_link_script CMakeFiles/cmTC_929f5.dir/link.txt --verbose=1
/usr/bin/cc  -DCHECK_FUNCTION_EXISTS=pthread_create    CMakeFiles/cmTC_929f5.dir/CheckFunctionExists.c.o  -o cmTC_929f5  -lpthreads 
/usr/bin/ld: cannot find -lpthreads
collect2: error: ld returned 1 exit status
make[1]: *** [CMakeFiles/cmTC_929f5.dir/build.make:87: cmTC_929f5] Error 1
make[1]: Leaving directory '/home/unitree/navigation_ws/build/nav2_costmap_2d/CMakeFiles/CMakeTmp'
make: *** [Makefile:121: cmTC_929f5/fast] Error 2



