-- Found ament_cmake: 0.9.12 (/opt/ros/foxy/share/ament_cmake/cmake)
-- Using PYTHON_EXECUTABLE: /usr/bin/python3
-- Override CMake install command with custom implementation using symlinks instead of copying resources
-- Found nav2_common: 0.4.7 (/home/unitree/navigation_ws/install/nav2_common/share/nav2_common/cmake)
-- Found rclcpp: 2.4.3 (/opt/ros/foxy/share/rclcpp/cmake)
-- Using all available rosidl_typesupport_c: rosidl_typesupport_fastrtps_c;rosidl_typesupport_introspection_c
-- Found rosidl_adapter: 1.3.1 (/opt/ros/foxy/share/rosidl_adapter/cmake)
-- Using all available rosidl_typesupport_cpp: rosidl_typesupport_fastrtps_cpp;rosidl_typesupport_introspection_cpp
-- Found rmw_implementation_cmake: 1.0.4 (/opt/ros/foxy/share/rmw_implementation_cmake/cmake)
-- Using RMW implementation 'rmw_cyclonedds_cpp' as default
-- Found rclcpp_action: 2.4.3 (/opt/ros/foxy/share/rclcpp_action/cmake)
-- Found rclcpp_lifecycle: 2.4.3 (/opt/ros/foxy/share/rclcpp_lifecycle/cmake)
-- Found visualization_msgs: 2.0.5 (/opt/ros/foxy/share/visualization_msgs/cmake)
-- Found nav2_util: 0.4.7 (/home/unitree/navigation_ws/install/nav2_util/share/nav2_util/cmake)
-- Found eigen3_cmake_module: 0.1.1 (/opt/ros/foxy/share/eigen3_cmake_module/cmake)
-- Found nav2_core: 0.4.7 (/home/unitree/navigation_ws/install/nav2_core/share/nav2_core/cmake)
-- Found ament_lint_auto: 0.9.8 (/opt/ros/foxy/share/ament_lint_auto/cmake)
-- Added test 'copyright' to check source files copyright and LICENSE
-- Added test 'cppcheck' to perform static code analysis on C / C++ code
-- Configured cppcheck include dirs: /home/unitree/navigation_ws/src/navigation2/nav2_navfn_planner/include
-- Configured cppcheck exclude dirs and/or files: 
-- Added test 'cpplint' to check C / C++ code against the Google style
-- Configured cpplint exclude dirs and/or files: 
-- Added test 'lint_cmake' to check CMake code style
-- Added test 'uncrustify' to check C / C++ code style
-- Configured uncrustify additional arguments: 
-- Added test 'xmllint' to check XML markup files
-- Configuring done
-- Generating done
-- Build files have been written to: /home/unitree/navigation_ws/build/nav2_navfn_planner
[ 33%] [32m[1mLinking CXX shared library libnav2_navfn_planner.so[0m
[100%] Built target nav2_navfn_planner
-- Install configuration: "Release"
-- Execute custom install script
-- Up-to-date symlink: /home/unitree/navigation_ws/install/nav2_navfn_planner/share/nav2_navfn_planner//global_planner_plugin.xml
-- Up-to-date symlink: /home/unitree/navigation_ws/install/nav2_navfn_planner/lib/libnav2_navfn_planner.so
-- Up-to-date symlink: /home/unitree/navigation_ws/install/nav2_navfn_planner/include//nav2_navfn_planner/navfn.hpp
-- Up-to-date symlink: /home/unitree/navigation_ws/install/nav2_navfn_planner/include//nav2_navfn_planner/navfn_planner.hpp
-- Up-to-date symlink: /home/unitree/navigation_ws/install/nav2_navfn_planner/share/nav2_navfn_planner/global_planner_plugin.xml
-- Up-to-date symlink: /home/unitree/navigation_ws/install/nav2_navfn_planner/share/nav2_navfn_planner/environment/library_path.sh
-- Up-to-date symlink: /home/unitree/navigation_ws/install/nav2_navfn_planner/share/nav2_navfn_planner/environment/library_path.dsv
-- Up-to-date symlink: /home/unitree/navigation_ws/install/nav2_navfn_planner/share/ament_index/resource_index/package_run_dependencies/nav2_navfn_planner
-- Up-to-date symlink: /home/unitree/navigation_ws/install/nav2_navfn_planner/share/ament_index/resource_index/parent_prefix_path/nav2_navfn_planner
-- Up-to-date symlink: /home/unitree/navigation_ws/install/nav2_navfn_planner/share/nav2_navfn_planner/environment/ament_prefix_path.sh
-- Up-to-date symlink: /home/unitree/navigation_ws/install/nav2_navfn_planner/share/nav2_navfn_planner/environment/ament_prefix_path.dsv
-- Up-to-date symlink: /home/unitree/navigation_ws/install/nav2_navfn_planner/share/nav2_navfn_planner/environment/path.sh
-- Up-to-date symlink: /home/unitree/navigation_ws/install/nav2_navfn_planner/share/nav2_navfn_planner/environment/path.dsv
-- Up-to-date symlink: /home/unitree/navigation_ws/install/nav2_navfn_planner/share/nav2_navfn_planner/local_setup.bash
-- Up-to-date symlink: /home/unitree/navigation_ws/install/nav2_navfn_planner/share/nav2_navfn_planner/local_setup.sh
-- Up-to-date symlink: /home/unitree/navigation_ws/install/nav2_navfn_planner/share/nav2_navfn_planner/local_setup.zsh
-- Up-to-date symlink: /home/unitree/navigation_ws/install/nav2_navfn_planner/share/nav2_navfn_planner/local_setup.dsv
-- Symlinking: /home/unitree/navigation_ws/install/nav2_navfn_planner/share/nav2_navfn_planner/package.dsv
-- Up-to-date symlink: /home/unitree/navigation_ws/install/nav2_navfn_planner/share/ament_index/resource_index/packages/nav2_navfn_planner
-- Up-to-date symlink: /home/unitree/navigation_ws/install/nav2_navfn_planner/share/ament_index/resource_index/nav2_core__pluginlib__plugin/nav2_navfn_planner
-- Up-to-date symlink: /home/unitree/navigation_ws/install/nav2_navfn_planner/share/nav2_navfn_planner/cmake/ament_cmake_export_include_directories-extras.cmake
-- Up-to-date symlink: /home/unitree/navigation_ws/install/nav2_navfn_planner/share/nav2_navfn_planner/cmake/ament_cmake_export_libraries-extras.cmake
-- Up-to-date symlink: /home/unitree/navigation_ws/install/nav2_navfn_planner/share/nav2_navfn_planner/cmake/ament_cmake_export_dependencies-extras.cmake
-- Up-to-date symlink: /home/unitree/navigation_ws/install/nav2_navfn_planner/share/nav2_navfn_planner/cmake/ament_cmake_export_definitions-extras.cmake
-- Up-to-date symlink: /home/unitree/navigation_ws/install/nav2_navfn_planner/share/nav2_navfn_planner/cmake/nav2_navfn_plannerConfig.cmake
-- Up-to-date symlink: /home/unitree/navigation_ws/install/nav2_navfn_planner/share/nav2_navfn_planner/cmake/nav2_navfn_plannerConfig-version.cmake
-- Up-to-date symlink: /home/unitree/navigation_ws/install/nav2_navfn_planner/share/nav2_navfn_planner/package.xml
