-- Found ament_cmake: 0.9.12 (/opt/ros/foxy/share/ament_cmake/cmake)
-- Using PYTHON_EXECUTABLE: /usr/bin/python3
-- Override CMake install command with custom implementation using symlinks instead of copying resources
-- Found nav2_common: 0.4.7 (/home/unitree/navigation_ws/install/nav2_common/share/nav2_common/cmake)
-- Found rclcpp: 2.4.3 (/opt/ros/foxy/share/rclcpp/cmake)
-- Using all available rosidl_typesupport_c: rosidl_typesupport_fastrtps_c;rosidl_typesupport_introspection_c
-- Found rosidl_adapter: 1.3.1 (/opt/ros/foxy/share/rosidl_adapter/cmake)
-- Using all available rosidl_typesupport_cpp: rosidl_typesupport_fastrtps_cpp;rosidl_typesupport_introspection_cpp
-- Found rmw_implementation_cmake: 1.0.4 (/opt/ros/foxy/share/rmw_implementation_cmake/cmake)
-- Using RMW implementation 'rmw_cyclonedds_cpp' as default
-- Found rclcpp_lifecycle: 2.4.3 (/opt/ros/foxy/share/rclcpp_lifecycle/cmake)
-- Found geometry_msgs: 2.0.5 (/opt/ros/foxy/share/geometry_msgs/cmake)
-- Found nav2_costmap_2d: 0.4.7 (/home/unitree/navigation_ws/install/nav2_costmap_2d/share/nav2_costmap_2d/cmake)
-- Found ament_lint_auto: 0.9.8 (/opt/ros/foxy/share/ament_lint_auto/cmake)
-- Added test 'cppcheck' to perform static code analysis on C / C++ code
-- Configured cppcheck include dirs: 
-- Configured cppcheck exclude dirs and/or files: 
-- Added test 'cpplint' to check C / C++ code against the Google style
-- Configured cpplint exclude dirs and/or files: 
-- Added test 'lint_cmake' to check CMake code style
-- Added test 'uncrustify' to check C / C++ code style
-- Configured uncrustify additional arguments: 
-- Added test 'xmllint' to check XML markup files
-- Configuring done
-- Generating done
-- Build files have been written to: /home/unitree/navigation_ws/build/nav2_core
-- Install configuration: "Release"
-- Execute custom install script
-- Up-to-date symlink: /home/unitree/navigation_ws/install/nav2_core/include//nav2_core/controller.hpp
-- Up-to-date symlink: /home/unitree/navigation_ws/install/nav2_core/include//nav2_core/exceptions.hpp
-- Up-to-date symlink: /home/unitree/navigation_ws/install/nav2_core/include//nav2_core/global_planner.hpp
-- Up-to-date symlink: /home/unitree/navigation_ws/install/nav2_core/include//nav2_core/goal_checker.hpp
-- Up-to-date symlink: /home/unitree/navigation_ws/install/nav2_core/include//nav2_core/progress_checker.hpp
-- Up-to-date symlink: /home/unitree/navigation_ws/install/nav2_core/include//nav2_core/recovery.hpp
-- Up-to-date symlink: /home/unitree/navigation_ws/install/nav2_core/share/ament_index/resource_index/package_run_dependencies/nav2_core
-- Up-to-date symlink: /home/unitree/navigation_ws/install/nav2_core/share/ament_index/resource_index/parent_prefix_path/nav2_core
-- Up-to-date symlink: /home/unitree/navigation_ws/install/nav2_core/share/nav2_core/environment/ament_prefix_path.sh
-- Up-to-date symlink: /home/unitree/navigation_ws/install/nav2_core/share/nav2_core/environment/ament_prefix_path.dsv
-- Up-to-date symlink: /home/unitree/navigation_ws/install/nav2_core/share/nav2_core/environment/path.sh
-- Up-to-date symlink: /home/unitree/navigation_ws/install/nav2_core/share/nav2_core/environment/path.dsv
-- Up-to-date symlink: /home/unitree/navigation_ws/install/nav2_core/share/nav2_core/local_setup.bash
-- Up-to-date symlink: /home/unitree/navigation_ws/install/nav2_core/share/nav2_core/local_setup.sh
-- Up-to-date symlink: /home/unitree/navigation_ws/install/nav2_core/share/nav2_core/local_setup.zsh
-- Up-to-date symlink: /home/unitree/navigation_ws/install/nav2_core/share/nav2_core/local_setup.dsv
-- Symlinking: /home/unitree/navigation_ws/install/nav2_core/share/nav2_core/package.dsv
-- Up-to-date symlink: /home/unitree/navigation_ws/install/nav2_core/share/ament_index/resource_index/packages/nav2_core
-- Up-to-date symlink: /home/unitree/navigation_ws/install/nav2_core/share/nav2_core/cmake/ament_cmake_export_include_directories-extras.cmake
-- Up-to-date symlink: /home/unitree/navigation_ws/install/nav2_core/share/nav2_core/cmake/ament_cmake_export_dependencies-extras.cmake
-- Up-to-date symlink: /home/unitree/navigation_ws/install/nav2_core/share/nav2_core/cmake/nav2_coreConfig.cmake
-- Up-to-date symlink: /home/unitree/navigation_ws/install/nav2_core/share/nav2_core/cmake/nav2_coreConfig-version.cmake
-- Up-to-date symlink: /home/unitree/navigation_ws/install/nav2_core/share/nav2_core/package.xml
