[0.079s] Invoking command in '/home/unitree/navigation_ws/build/dwb_msgs': AMENT_PREFIX_PATH=/home/unitree/navigation_ws/install/nav_2d_msgs:${AMENT_PREFIX_PATH} CMAKE_PREFIX_PATH=/home/unitree/navigation_ws/install/nav_2d_msgs:/home/unitree/cyclonedds_ws/install/rmw_cyclonedds_cpp:/home/unitree/cyclonedds_ws/install/cyclonedds:/opt/ros/foxy LD_LIBRARY_PATH=/home/unitree/navigation_ws/install/nav_2d_msgs/lib:/usr/local/cuda-11.4/lib64:/usr/local/lib:/home/unitree/cyclonedds_ws/install/rmw_cyclonedds_cpp/lib:/home/unitree/cyclonedds_ws/install/cyclonedds/lib:/opt/ros/foxy/opt/yaml_cpp_vendor/lib:/opt/ros/foxy/opt/rviz_ogre_vendor/lib:/opt/ros/foxy/lib/aarch64-linux-gnu:/opt/ros/foxy/lib:/usr/local/cuda-11.4/lib64 PYTHONPATH=/home/unitree/navigation_ws/install/nav_2d_msgs/lib/python3.8/site-packages:${PYTHONPATH} /usr/bin/cmake /home/unitree/navigation_ws/src/navigation2/nav2_dwb_controller/dwb_msgs -DAMENT_CMAKE_SYMLINK_INSTALL=1 -DCMAKE_INSTALL_PREFIX=/home/unitree/navigation_ws/install/dwb_msgs
[3.696s] -- The C compiler identification is GNU 9.4.0
[3.697s] -- The CXX compiler identification is GNU 9.4.0
[3.697s] -- Check for working C compiler: /usr/bin/cc
[3.697s] -- Check for working C compiler: /usr/bin/cc -- works
[3.697s] -- Detecting C compiler ABI info
[3.697s] -- Detecting C compiler ABI info - done
[3.697s] -- Detecting C compile features
[3.698s] -- Detecting C compile features - done
[3.698s] -- Check for working CXX compiler: /usr/bin/c++
[3.698s] -- Check for working CXX compiler: /usr/bin/c++ -- works
[3.699s] -- Detecting CXX compiler ABI info
[3.699s] -- Detecting CXX compiler ABI info - done
[3.699s] -- Detecting CXX compile features
[3.699s] -- Detecting CXX compile features - done
[3.699s] -- Found builtin_interfaces: 1.0.0 (/opt/ros/foxy/share/builtin_interfaces/cmake)
[3.699s] -- Found PythonInterp: /usr/bin/python3 (found suitable version "3.8.10", minimum required is "3") 
[3.699s] -- Using PYTHON_EXECUTABLE: /usr/bin/python3
[3.699s] -- Override CMake install command with custom implementation using symlinks instead of copying resources
[3.699s] -- Using all available rosidl_typesupport_c: rosidl_typesupport_fastrtps_c;rosidl_typesupport_introspection_c
[3.700s] -- Found rosidl_adapter: 1.3.1 (/opt/ros/foxy/share/rosidl_adapter/cmake)
[3.700s] -- Found OpenSSL: /usr/lib/aarch64-linux-gnu/libcrypto.so (found version "1.1.1f")  
[3.700s] -- Found FastRTPS: /opt/ros/foxy/include  
[3.700s] -- Using all available rosidl_typesupport_cpp: rosidl_typesupport_fastrtps_cpp;rosidl_typesupport_introspection_cpp
[3.700s] -- Found geometry_msgs: 2.0.5 (/opt/ros/foxy/share/geometry_msgs/cmake)
[3.700s] -- Found nav_2d_msgs: 0.4.7 (/home/unitree/navigation_ws/install/nav_2d_msgs/share/nav_2d_msgs/cmake)
[3.700s] -- Found nav_msgs: 2.0.5 (/opt/ros/foxy/share/nav_msgs/cmake)
[3.700s] -- Found rosidl_default_generators: 1.0.1 (/opt/ros/foxy/share/rosidl_default_generators/cmake)
[3.700s] -- Found PythonInterp: /usr/bin/python3 (found version "3.8.10") 
[3.767s] -- Found ament_cmake_ros: 0.9.2 (/opt/ros/foxy/share/ament_cmake_ros/cmake)
[4.328s] -- Using all available rosidl_typesupport_c: rosidl_typesupport_fastrtps_c;rosidl_typesupport_introspection_c
[4.590s] -- Using all available rosidl_typesupport_cpp: rosidl_typesupport_fastrtps_cpp;rosidl_typesupport_introspection_cpp
[4.678s] -- Found PythonInterp: /usr/bin/python3 (found suitable version "3.8.10", minimum required is "3.5") 
[4.681s] -- Found python_cmake_module: 0.8.1 (/opt/ros/foxy/share/python_cmake_module/cmake)
[4.737s] -- Found PythonLibs: /usr/lib/aarch64-linux-gnu/libpython3.8.so (found suitable version "3.8.10", minimum required is "3.5") 
[4.738s] -- Using PYTHON_EXECUTABLE: /usr/bin/python3
[4.738s] -- Using PYTHON_INCLUDE_DIRS: /usr/include/python3.8
[4.738s] -- Using PYTHON_LIBRARIES: /usr/lib/aarch64-linux-gnu/libpython3.8.so
[4.793s] -- Found PythonExtra: .so  
[5.057s] -- Configuring done
[5.294s] -- Generating done
[5.299s] -- Build files have been written to: /home/unitree/navigation_ws/build/dwb_msgs
[5.332s] Invoked command in '/home/unitree/navigation_ws/build/dwb_msgs' returned '0': AMENT_PREFIX_PATH=/home/unitree/navigation_ws/install/nav_2d_msgs:${AMENT_PREFIX_PATH} CMAKE_PREFIX_PATH=/home/unitree/navigation_ws/install/nav_2d_msgs:/home/unitree/cyclonedds_ws/install/rmw_cyclonedds_cpp:/home/unitree/cyclonedds_ws/install/cyclonedds:/opt/ros/foxy LD_LIBRARY_PATH=/home/unitree/navigation_ws/install/nav_2d_msgs/lib:/usr/local/cuda-11.4/lib64:/usr/local/lib:/home/unitree/cyclonedds_ws/install/rmw_cyclonedds_cpp/lib:/home/unitree/cyclonedds_ws/install/cyclonedds/lib:/opt/ros/foxy/opt/yaml_cpp_vendor/lib:/opt/ros/foxy/opt/rviz_ogre_vendor/lib:/opt/ros/foxy/lib/aarch64-linux-gnu:/opt/ros/foxy/lib:/usr/local/cuda-11.4/lib64 PYTHONPATH=/home/unitree/navigation_ws/install/nav_2d_msgs/lib/python3.8/site-packages:${PYTHONPATH} /usr/bin/cmake /home/unitree/navigation_ws/src/navigation2/nav2_dwb_controller/dwb_msgs -DAMENT_CMAKE_SYMLINK_INSTALL=1 -DCMAKE_INSTALL_PREFIX=/home/unitree/navigation_ws/install/dwb_msgs
[5.342s] Invoking command in '/home/unitree/navigation_ws/build/dwb_msgs': AMENT_PREFIX_PATH=/home/unitree/navigation_ws/install/nav_2d_msgs:${AMENT_PREFIX_PATH} CMAKE_PREFIX_PATH=/home/unitree/navigation_ws/install/nav_2d_msgs:/home/unitree/cyclonedds_ws/install/rmw_cyclonedds_cpp:/home/unitree/cyclonedds_ws/install/cyclonedds:/opt/ros/foxy LD_LIBRARY_PATH=/home/unitree/navigation_ws/install/nav_2d_msgs/lib:/usr/local/cuda-11.4/lib64:/usr/local/lib:/home/unitree/cyclonedds_ws/install/rmw_cyclonedds_cpp/lib:/home/unitree/cyclonedds_ws/install/cyclonedds/lib:/opt/ros/foxy/opt/yaml_cpp_vendor/lib:/opt/ros/foxy/opt/rviz_ogre_vendor/lib:/opt/ros/foxy/lib/aarch64-linux-gnu:/opt/ros/foxy/lib:/usr/local/cuda-11.4/lib64 PYTHONPATH=/home/unitree/navigation_ws/install/nav_2d_msgs/lib/python3.8/site-packages:${PYTHONPATH} /usr/bin/cmake --build /home/unitree/navigation_ws/build/dwb_msgs -- -j8 -l8
[5.460s] [35m[1mScanning dependencies of target dwb_msgs__cpp[0m
[5.489s] [  1%] [34m[1mGenerating C++ code for ROS interfaces[0m
[7.956s] [  1%] Built target dwb_msgs__cpp
[7.988s] [  2%] [34m[1mGenerating C code for ROS interfaces[0m
[10.487s] [35m[1mScanning dependencies of target dwb_msgs__rosidl_generator_c[0m
[10.543s] [  3%] [32mBuilding C object CMakeFiles/dwb_msgs__rosidl_generator_c.dir/rosidl_generator_c/dwb_msgs/msg/detail/critic_score__functions.c.o[0m
[10.639s] [  4%] [32mBuilding C object CMakeFiles/dwb_msgs__rosidl_generator_c.dir/rosidl_generator_c/dwb_msgs/srv/detail/debug_local_plan__functions.c.o[0m
[10.766s] [  5%] [32mBuilding C object CMakeFiles/dwb_msgs__rosidl_generator_c.dir/rosidl_generator_c/dwb_msgs/srv/detail/generate_trajectory__functions.c.o[0m
[10.884s] [  6%] [32mBuilding C object CMakeFiles/dwb_msgs__rosidl_generator_c.dir/rosidl_generator_c/dwb_msgs/srv/detail/generate_twists__functions.c.o[0m
[11.002s] [  7%] [32mBuilding C object CMakeFiles/dwb_msgs__rosidl_generator_c.dir/rosidl_generator_c/dwb_msgs/srv/detail/get_critic_score__functions.c.o[0m
[11.115s] [  8%] [32mBuilding C object CMakeFiles/dwb_msgs__rosidl_generator_c.dir/rosidl_generator_c/dwb_msgs/srv/detail/score_trajectory__functions.c.o[0m
[11.234s] [  9%] [32mBuilding C object CMakeFiles/dwb_msgs__rosidl_generator_c.dir/rosidl_generator_c/dwb_msgs/msg/detail/trajectory_score__functions.c.o[0m
[11.324s] [ 10%] [32mBuilding C object CMakeFiles/dwb_msgs__rosidl_generator_c.dir/rosidl_generator_c/dwb_msgs/msg/detail/trajectory2_d__functions.c.o[0m
[11.413s] [ 11%] [32mBuilding C object CMakeFiles/dwb_msgs__rosidl_generator_c.dir/rosidl_generator_c/dwb_msgs/msg/detail/local_plan_evaluation__functions.c.o[0m
[11.509s] [ 12%] [32m[1mLinking C shared library libdwb_msgs__rosidl_generator_c.so[0m
[11.589s] [ 12%] Built target dwb_msgs__rosidl_generator_c
[11.612s] [ 13%] [34m[1mGenerating C++ type support for eProsima Fast-RTPS[0m
[13.233s] [35m[1mScanning dependencies of target dwb_msgs__rosidl_typesupport_fastrtps_cpp[0m
[13.292s] [ 14%] [32mBuilding CXX object CMakeFiles/dwb_msgs__rosidl_typesupport_fastrtps_cpp.dir/rosidl_typesupport_fastrtps_cpp/dwb_msgs/msg/detail/dds_fastrtps/critic_score__type_support.cpp.o[0m
[14.100s] [ 15%] [32mBuilding CXX object CMakeFiles/dwb_msgs__rosidl_typesupport_fastrtps_cpp.dir/rosidl_typesupport_fastrtps_cpp/dwb_msgs/msg/detail/dds_fastrtps/trajectory_score__type_support.cpp.o[0m
[15.234s] [ 16%] [32mBuilding CXX object CMakeFiles/dwb_msgs__rosidl_typesupport_fastrtps_cpp.dir/rosidl_typesupport_fastrtps_cpp/dwb_msgs/srv/detail/dds_fastrtps/debug_local_plan__type_support.cpp.o[0m
[16.104s] [ 17%] [32mBuilding CXX object CMakeFiles/dwb_msgs__rosidl_typesupport_fastrtps_cpp.dir/rosidl_typesupport_fastrtps_cpp/dwb_msgs/srv/detail/dds_fastrtps/generate_trajectory__type_support.cpp.o[0m
[16.940s] [ 18%] [32mBuilding CXX object CMakeFiles/dwb_msgs__rosidl_typesupport_fastrtps_cpp.dir/rosidl_typesupport_fastrtps_cpp/dwb_msgs/srv/detail/dds_fastrtps/generate_twists__type_support.cpp.o[0m
[17.929s] [ 20%] [32mBuilding CXX object CMakeFiles/dwb_msgs__rosidl_typesupport_fastrtps_cpp.dir/rosidl_typesupport_fastrtps_cpp/dwb_msgs/srv/detail/dds_fastrtps/get_critic_score__type_support.cpp.o[0m
[18.813s] [ 21%] [32mBuilding CXX object CMakeFiles/dwb_msgs__rosidl_typesupport_fastrtps_cpp.dir/rosidl_typesupport_fastrtps_cpp/dwb_msgs/srv/detail/dds_fastrtps/score_trajectory__type_support.cpp.o[0m
[19.643s] [ 22%] [32mBuilding CXX object CMakeFiles/dwb_msgs__rosidl_typesupport_fastrtps_cpp.dir/rosidl_typesupport_fastrtps_cpp/dwb_msgs/msg/detail/dds_fastrtps/trajectory2_d__type_support.cpp.o[0m
[20.575s] [ 23%] [32mBuilding CXX object CMakeFiles/dwb_msgs__rosidl_typesupport_fastrtps_cpp.dir/rosidl_typesupport_fastrtps_cpp/dwb_msgs/msg/detail/dds_fastrtps/local_plan_evaluation__type_support.cpp.o[0m
[21.533s] [ 24%] [32m[1mLinking CXX shared library libdwb_msgs__rosidl_typesupport_fastrtps_cpp.so[0m
[21.737s] [ 24%] Built target dwb_msgs__rosidl_typesupport_fastrtps_cpp
[21.760s] [ 25%] [34m[1mGenerating C type support dispatch for ROS interfaces[0m
[22.878s] [35m[1mScanning dependencies of target dwb_msgs__rosidl_typesupport_c[0m
[22.923s] [ 26%] [32mBuilding CXX object CMakeFiles/dwb_msgs__rosidl_typesupport_c.dir/rosidl_typesupport_c/dwb_msgs/msg/critic_score__type_support.cpp.o[0m
[22.988s] [ 27%] [32mBuilding CXX object CMakeFiles/dwb_msgs__rosidl_typesupport_c.dir/rosidl_typesupport_c/dwb_msgs/msg/trajectory_score__type_support.cpp.o[0m
[23.060s] [ 28%] [32mBuilding CXX object CMakeFiles/dwb_msgs__rosidl_typesupport_c.dir/rosidl_typesupport_c/dwb_msgs/srv/debug_local_plan__type_support.cpp.o[0m
[23.139s] [ 29%] [32mBuilding CXX object CMakeFiles/dwb_msgs__rosidl_typesupport_c.dir/rosidl_typesupport_c/dwb_msgs/srv/generate_trajectory__type_support.cpp.o[0m
[23.218s] [ 30%] [32mBuilding CXX object CMakeFiles/dwb_msgs__rosidl_typesupport_c.dir/rosidl_typesupport_c/dwb_msgs/srv/generate_twists__type_support.cpp.o[0m
[23.291s] [ 31%] [32mBuilding CXX object CMakeFiles/dwb_msgs__rosidl_typesupport_c.dir/rosidl_typesupport_c/dwb_msgs/srv/get_critic_score__type_support.cpp.o[0m
[23.378s] [ 32%] [32mBuilding CXX object CMakeFiles/dwb_msgs__rosidl_typesupport_c.dir/rosidl_typesupport_c/dwb_msgs/srv/score_trajectory__type_support.cpp.o[0m
[23.445s] [ 33%] [32mBuilding CXX object CMakeFiles/dwb_msgs__rosidl_typesupport_c.dir/rosidl_typesupport_c/dwb_msgs/msg/trajectory2_d__type_support.cpp.o[0m
[23.512s] [ 34%] [32mBuilding CXX object CMakeFiles/dwb_msgs__rosidl_typesupport_c.dir/rosidl_typesupport_c/dwb_msgs/msg/local_plan_evaluation__type_support.cpp.o[0m
[23.578s] [ 35%] [32m[1mLinking CXX shared library libdwb_msgs__rosidl_typesupport_c.so[0m
[23.667s] [ 35%] Built target dwb_msgs__rosidl_typesupport_c
[23.691s] [ 36%] [34m[1mGenerating C type support for eProsima Fast-RTPS[0m
[25.300s] [35m[1mScanning dependencies of target dwb_msgs__rosidl_typesupport_fastrtps_c[0m
[25.370s] [ 37%] [32mBuilding CXX object CMakeFiles/dwb_msgs__rosidl_typesupport_fastrtps_c.dir/rosidl_typesupport_fastrtps_c/dwb_msgs/msg/detail/critic_score__type_support_c.cpp.o[0m
[26.138s] [ 38%] [32mBuilding CXX object CMakeFiles/dwb_msgs__rosidl_typesupport_fastrtps_c.dir/rosidl_typesupport_fastrtps_c/dwb_msgs/srv/detail/debug_local_plan__type_support_c.cpp.o[0m
[26.862s] [ 40%] [32mBuilding CXX object CMakeFiles/dwb_msgs__rosidl_typesupport_fastrtps_c.dir/rosidl_typesupport_fastrtps_c/dwb_msgs/srv/detail/generate_trajectory__type_support_c.cpp.o[0m
[27.547s] [ 41%] [32mBuilding CXX object CMakeFiles/dwb_msgs__rosidl_typesupport_fastrtps_c.dir/rosidl_typesupport_fastrtps_c/dwb_msgs/srv/detail/generate_twists__type_support_c.cpp.o[0m
[28.264s] [ 42%] [32mBuilding CXX object CMakeFiles/dwb_msgs__rosidl_typesupport_fastrtps_c.dir/rosidl_typesupport_fastrtps_c/dwb_msgs/srv/detail/get_critic_score__type_support_c.cpp.o[0m
[28.975s] [ 43%] [32mBuilding CXX object CMakeFiles/dwb_msgs__rosidl_typesupport_fastrtps_c.dir/rosidl_typesupport_fastrtps_c/dwb_msgs/srv/detail/score_trajectory__type_support_c.cpp.o[0m
[29.670s] [ 44%] [32mBuilding CXX object CMakeFiles/dwb_msgs__rosidl_typesupport_fastrtps_c.dir/rosidl_typesupport_fastrtps_c/dwb_msgs/msg/detail/trajectory_score__type_support_c.cpp.o[0m
[30.350s] [ 45%] [32mBuilding CXX object CMakeFiles/dwb_msgs__rosidl_typesupport_fastrtps_c.dir/rosidl_typesupport_fastrtps_c/dwb_msgs/msg/detail/trajectory2_d__type_support_c.cpp.o[0m
[31.049s] [ 46%] [32mBuilding CXX object CMakeFiles/dwb_msgs__rosidl_typesupport_fastrtps_c.dir/rosidl_typesupport_fastrtps_c/dwb_msgs/msg/detail/local_plan_evaluation__type_support_c.cpp.o[0m
[31.733s] [ 47%] [32m[1mLinking CXX shared library libdwb_msgs__rosidl_typesupport_fastrtps_c.so[0m
[31.919s] [ 47%] Built target dwb_msgs__rosidl_typesupport_fastrtps_c
[31.944s] [ 48%] [34m[1mGenerating C introspection for ROS interfaces[0m
[33.486s] [35m[1mScanning dependencies of target dwb_msgs__rosidl_typesupport_introspection_c[0m
[33.534s] [ 49%] [32mBuilding C object CMakeFiles/dwb_msgs__rosidl_typesupport_introspection_c.dir/rosidl_typesupport_introspection_c/dwb_msgs/msg/detail/critic_score__type_support.c.o[0m
[33.601s] [ 50%] [32mBuilding C object CMakeFiles/dwb_msgs__rosidl_typesupport_introspection_c.dir/rosidl_typesupport_introspection_c/dwb_msgs/srv/detail/generate_trajectory__type_support.c.o[0m
[33.678s] [ 51%] [32mBuilding C object CMakeFiles/dwb_msgs__rosidl_typesupport_introspection_c.dir/rosidl_typesupport_introspection_c/dwb_msgs/srv/detail/generate_twists__type_support.c.o[0m
[33.751s] [ 52%] [32mBuilding C object CMakeFiles/dwb_msgs__rosidl_typesupport_introspection_c.dir/rosidl_typesupport_introspection_c/dwb_msgs/srv/detail/get_critic_score__type_support.c.o[0m
[33.831s] [ 53%] [32mBuilding C object CMakeFiles/dwb_msgs__rosidl_typesupport_introspection_c.dir/rosidl_typesupport_introspection_c/dwb_msgs/srv/detail/score_trajectory__type_support.c.o[0m
[33.914s] [ 54%] [32mBuilding C object CMakeFiles/dwb_msgs__rosidl_typesupport_introspection_c.dir/rosidl_typesupport_introspection_c/dwb_msgs/srv/detail/debug_local_plan__type_support.c.o[0m
[34.001s] [ 55%] [32mBuilding C object CMakeFiles/dwb_msgs__rosidl_typesupport_introspection_c.dir/rosidl_typesupport_introspection_c/dwb_msgs/msg/detail/trajectory_score__type_support.c.o[0m
[34.085s] [ 56%] [32mBuilding C object CMakeFiles/dwb_msgs__rosidl_typesupport_introspection_c.dir/rosidl_typesupport_introspection_c/dwb_msgs/msg/detail/trajectory2_d__type_support.c.o[0m
[34.171s] [ 57%] [32mBuilding C object CMakeFiles/dwb_msgs__rosidl_typesupport_introspection_c.dir/rosidl_typesupport_introspection_c/dwb_msgs/msg/detail/local_plan_evaluation__type_support.c.o[0m
[34.243s] [ 58%] [32m[1mLinking C shared library libdwb_msgs__rosidl_typesupport_introspection_c.so[0m
[34.322s] [ 58%] Built target dwb_msgs__rosidl_typesupport_introspection_c
[34.348s] [ 60%] [34m[1mGenerating C++ introspection for ROS interfaces[0m
[35.797s] [35m[1mScanning dependencies of target dwb_msgs__rosidl_typesupport_introspection_cpp[0m
[35.854s] [ 61%] [32mBuilding CXX object CMakeFiles/dwb_msgs__rosidl_typesupport_introspection_cpp.dir/rosidl_typesupport_introspection_cpp/dwb_msgs/msg/detail/critic_score__type_support.cpp.o[0m
[36.384s] [ 62%] [32mBuilding CXX object CMakeFiles/dwb_msgs__rosidl_typesupport_introspection_cpp.dir/rosidl_typesupport_introspection_cpp/dwb_msgs/srv/detail/generate_twists__type_support.cpp.o[0m
[37.020s] [ 63%] [32mBuilding CXX object CMakeFiles/dwb_msgs__rosidl_typesupport_introspection_cpp.dir/rosidl_typesupport_introspection_cpp/dwb_msgs/srv/detail/get_critic_score__type_support.cpp.o[0m
[37.635s] [ 64%] [32mBuilding CXX object CMakeFiles/dwb_msgs__rosidl_typesupport_introspection_cpp.dir/rosidl_typesupport_introspection_cpp/dwb_msgs/srv/detail/score_trajectory__type_support.cpp.o[0m
[38.277s] [ 65%] [32mBuilding CXX object CMakeFiles/dwb_msgs__rosidl_typesupport_introspection_cpp.dir/rosidl_typesupport_introspection_cpp/dwb_msgs/srv/detail/generate_trajectory__type_support.cpp.o[0m
[38.884s] [ 66%] [32mBuilding CXX object CMakeFiles/dwb_msgs__rosidl_typesupport_introspection_cpp.dir/rosidl_typesupport_introspection_cpp/dwb_msgs/srv/detail/debug_local_plan__type_support.cpp.o[0m
[39.537s] [ 67%] [32mBuilding CXX object CMakeFiles/dwb_msgs__rosidl_typesupport_introspection_cpp.dir/rosidl_typesupport_introspection_cpp/dwb_msgs/msg/detail/trajectory_score__type_support.cpp.o[0m
[40.210s] [ 68%] [32mBuilding CXX object CMakeFiles/dwb_msgs__rosidl_typesupport_introspection_cpp.dir/rosidl_typesupport_introspection_cpp/dwb_msgs/msg/detail/trajectory2_d__type_support.cpp.o[0m
[40.952s] [ 69%] [32mBuilding CXX object CMakeFiles/dwb_msgs__rosidl_typesupport_introspection_cpp.dir/rosidl_typesupport_introspection_cpp/dwb_msgs/msg/detail/local_plan_evaluation__type_support.cpp.o[0m
[41.666s] [ 70%] [32m[1mLinking CXX shared library libdwb_msgs__rosidl_typesupport_introspection_cpp.so[0m
[41.853s] [ 70%] Built target dwb_msgs__rosidl_typesupport_introspection_cpp
[41.887s] [ 71%] [34m[1mGenerating C++ type support dispatch for ROS interfaces[0m
[43.038s] [35m[1mScanning dependencies of target dwb_msgs__rosidl_typesupport_cpp[0m
[43.084s] [ 72%] [32mBuilding CXX object CMakeFiles/dwb_msgs__rosidl_typesupport_cpp.dir/rosidl_typesupport_cpp/dwb_msgs/msg/critic_score__type_support.cpp.o[0m
[43.649s] [ 73%] [32mBuilding CXX object CMakeFiles/dwb_msgs__rosidl_typesupport_cpp.dir/rosidl_typesupport_cpp/dwb_msgs/srv/get_critic_score__type_support.cpp.o[0m
[44.201s] [ 74%] [32mBuilding CXX object CMakeFiles/dwb_msgs__rosidl_typesupport_cpp.dir/rosidl_typesupport_cpp/dwb_msgs/srv/score_trajectory__type_support.cpp.o[0m
[44.782s] [ 75%] [32mBuilding CXX object CMakeFiles/dwb_msgs__rosidl_typesupport_cpp.dir/rosidl_typesupport_cpp/dwb_msgs/srv/generate_twists__type_support.cpp.o[0m
[45.344s] [ 76%] [32mBuilding CXX object CMakeFiles/dwb_msgs__rosidl_typesupport_cpp.dir/rosidl_typesupport_cpp/dwb_msgs/srv/generate_trajectory__type_support.cpp.o[0m
[45.916s] [ 77%] [32mBuilding CXX object CMakeFiles/dwb_msgs__rosidl_typesupport_cpp.dir/rosidl_typesupport_cpp/dwb_msgs/srv/debug_local_plan__type_support.cpp.o[0m
[46.477s] [ 78%] [32mBuilding CXX object CMakeFiles/dwb_msgs__rosidl_typesupport_cpp.dir/rosidl_typesupport_cpp/dwb_msgs/msg/trajectory_score__type_support.cpp.o[0m
[47.036s] [ 80%] [32mBuilding CXX object CMakeFiles/dwb_msgs__rosidl_typesupport_cpp.dir/rosidl_typesupport_cpp/dwb_msgs/msg/trajectory2_d__type_support.cpp.o[0m
[47.593s] [ 81%] [32mBuilding CXX object CMakeFiles/dwb_msgs__rosidl_typesupport_cpp.dir/rosidl_typesupport_cpp/dwb_msgs/msg/local_plan_evaluation__type_support.cpp.o[0m
[48.173s] [ 82%] [32m[1mLinking CXX shared library libdwb_msgs__rosidl_typesupport_cpp.so[0m
[48.257s] [ 82%] Built target dwb_msgs__rosidl_typesupport_cpp
[48.278s] [35m[1mScanning dependencies of target dwb_msgs[0m
[48.303s] [ 82%] Built target dwb_msgs
[48.330s] [35m[1mScanning dependencies of target dwb_msgs__py[0m
[48.356s] [ 83%] [34m[1mGenerating Python code for ROS interfaces[0m
[51.551s] [ 83%] Built target dwb_msgs__py
[51.574s] [35m[1mScanning dependencies of target dwb_msgs__python[0m
[51.646s] [ 84%] [32mBuilding C object CMakeFiles/dwb_msgs__python.dir/rosidl_generator_py/dwb_msgs/msg/_critic_score_s.c.o[0m
[51.816s] [ 85%] [32mBuilding C object CMakeFiles/dwb_msgs__python.dir/rosidl_generator_py/dwb_msgs/srv/_get_critic_score_s.c.o[0m
[51.995s] [ 86%] [32mBuilding C object CMakeFiles/dwb_msgs__python.dir/rosidl_generator_py/dwb_msgs/srv/_score_trajectory_s.c.o[0m
[52.170s] [ 87%] [32mBuilding C object CMakeFiles/dwb_msgs__python.dir/rosidl_generator_py/dwb_msgs/srv/_generate_twists_s.c.o[0m
[52.344s] [ 88%] [32mBuilding C object CMakeFiles/dwb_msgs__python.dir/rosidl_generator_py/dwb_msgs/srv/_generate_trajectory_s.c.o[0m
[52.516s] [ 89%] [32mBuilding C object CMakeFiles/dwb_msgs__python.dir/rosidl_generator_py/dwb_msgs/srv/_debug_local_plan_s.c.o[0m
[52.688s] [ 90%] [32mBuilding C object CMakeFiles/dwb_msgs__python.dir/rosidl_generator_py/dwb_msgs/msg/_trajectory_score_s.c.o[0m
[52.878s] [ 91%] [32mBuilding C object CMakeFiles/dwb_msgs__python.dir/rosidl_generator_py/dwb_msgs/msg/_trajectory2_d_s.c.o[0m
[53.091s] [ 92%] [32mBuilding C object CMakeFiles/dwb_msgs__python.dir/rosidl_generator_py/dwb_msgs/msg/_local_plan_evaluation_s.c.o[0m
[53.287s] [ 93%] [32m[1mLinking C shared library rosidl_generator_py/dwb_msgs/libdwb_msgs__python.so[0m
[53.402s] [ 93%] Built target dwb_msgs__python
[53.432s] [35m[1mScanning dependencies of target dwb_msgs__rosidl_typesupport_c__pyext[0m
[53.494s] [ 94%] [32mBuilding C object CMakeFiles/dwb_msgs__rosidl_typesupport_c__pyext.dir/rosidl_generator_py/dwb_msgs/_dwb_msgs_s.ep.rosidl_typesupport_c.c.o[0m
[53.721s] [ 95%] [32m[1mLinking C shared library rosidl_generator_py/dwb_msgs/dwb_msgs_s__rosidl_typesupport_c.cpython-38-aarch64-linux-gnu.so[0m
[53.818s] [ 95%] Built target dwb_msgs__rosidl_typesupport_c__pyext
[53.844s] [35m[1mScanning dependencies of target dwb_msgs__rosidl_typesupport_fastrtps_c__pyext[0m
[53.904s] [ 96%] [32mBuilding C object CMakeFiles/dwb_msgs__rosidl_typesupport_fastrtps_c__pyext.dir/rosidl_generator_py/dwb_msgs/_dwb_msgs_s.ep.rosidl_typesupport_fastrtps_c.c.o[0m
[54.143s] [ 97%] [32m[1mLinking CXX shared library rosidl_generator_py/dwb_msgs/dwb_msgs_s__rosidl_typesupport_fastrtps_c.cpython-38-aarch64-linux-gnu.so[0m
[54.288s] [ 97%] Built target dwb_msgs__rosidl_typesupport_fastrtps_c__pyext
[54.312s] [35m[1mScanning dependencies of target dwb_msgs__rosidl_typesupport_introspection_c__pyext[0m
[54.355s] [ 98%] [32mBuilding C object CMakeFiles/dwb_msgs__rosidl_typesupport_introspection_c__pyext.dir/rosidl_generator_py/dwb_msgs/_dwb_msgs_s.ep.rosidl_typesupport_introspection_c.c.o[0m
[54.588s] [100%] [32m[1mLinking C shared library rosidl_generator_py/dwb_msgs/dwb_msgs_s__rosidl_typesupport_introspection_c.cpython-38-aarch64-linux-gnu.so[0m
[54.666s] [100%] Built target dwb_msgs__rosidl_typesupport_introspection_c__pyext
[54.694s] Invoked command in '/home/unitree/navigation_ws/build/dwb_msgs' returned '0': AMENT_PREFIX_PATH=/home/unitree/navigation_ws/install/nav_2d_msgs:${AMENT_PREFIX_PATH} CMAKE_PREFIX_PATH=/home/unitree/navigation_ws/install/nav_2d_msgs:/home/unitree/cyclonedds_ws/install/rmw_cyclonedds_cpp:/home/unitree/cyclonedds_ws/install/cyclonedds:/opt/ros/foxy LD_LIBRARY_PATH=/home/unitree/navigation_ws/install/nav_2d_msgs/lib:/usr/local/cuda-11.4/lib64:/usr/local/lib:/home/unitree/cyclonedds_ws/install/rmw_cyclonedds_cpp/lib:/home/unitree/cyclonedds_ws/install/cyclonedds/lib:/opt/ros/foxy/opt/yaml_cpp_vendor/lib:/opt/ros/foxy/opt/rviz_ogre_vendor/lib:/opt/ros/foxy/lib/aarch64-linux-gnu:/opt/ros/foxy/lib:/usr/local/cuda-11.4/lib64 PYTHONPATH=/home/unitree/navigation_ws/install/nav_2d_msgs/lib/python3.8/site-packages:${PYTHONPATH} /usr/bin/cmake --build /home/unitree/navigation_ws/build/dwb_msgs -- -j8 -l8
[55.036s] Invoking command in '/home/unitree/navigation_ws/build/dwb_msgs': AMENT_PREFIX_PATH=/home/unitree/navigation_ws/install/nav_2d_msgs:${AMENT_PREFIX_PATH} CMAKE_PREFIX_PATH=/home/unitree/navigation_ws/install/nav_2d_msgs:/home/unitree/cyclonedds_ws/install/rmw_cyclonedds_cpp:/home/unitree/cyclonedds_ws/install/cyclonedds:/opt/ros/foxy LD_LIBRARY_PATH=/home/unitree/navigation_ws/install/nav_2d_msgs/lib:/usr/local/cuda-11.4/lib64:/usr/local/lib:/home/unitree/cyclonedds_ws/install/rmw_cyclonedds_cpp/lib:/home/unitree/cyclonedds_ws/install/cyclonedds/lib:/opt/ros/foxy/opt/yaml_cpp_vendor/lib:/opt/ros/foxy/opt/rviz_ogre_vendor/lib:/opt/ros/foxy/lib/aarch64-linux-gnu:/opt/ros/foxy/lib:/usr/local/cuda-11.4/lib64 PYTHONPATH=/home/unitree/navigation_ws/install/nav_2d_msgs/lib/python3.8/site-packages:${PYTHONPATH} /usr/bin/cmake --install /home/unitree/navigation_ws/build/dwb_msgs
[55.057s] -- Install configuration: ""
[55.058s] -- Execute custom install script
[55.059s] -- Symlinking: /home/unitree/navigation_ws/install/dwb_msgs/share/ament_index/resource_index/rosidl_interfaces/dwb_msgs
[55.083s] -- Symlinking: /home/unitree/navigation_ws/install/dwb_msgs/include/dwb_msgs/msg/critic_score.h
[55.104s] -- Symlinking: /home/unitree/navigation_ws/install/dwb_msgs/include/dwb_msgs/msg/detail/critic_score__functions.h
[55.127s] -- Symlinking: /home/unitree/navigation_ws/install/dwb_msgs/include/dwb_msgs/msg/detail/critic_score__struct.h
[55.147s] -- Symlinking: /home/unitree/navigation_ws/install/dwb_msgs/include/dwb_msgs/msg/detail/critic_score__type_support.h
[55.168s] -- Symlinking: /home/unitree/navigation_ws/install/dwb_msgs/include/dwb_msgs/msg/detail/local_plan_evaluation__functions.h
[55.192s] -- Symlinking: /home/unitree/navigation_ws/install/dwb_msgs/include/dwb_msgs/msg/detail/local_plan_evaluation__struct.h
[55.213s] -- Symlinking: /home/unitree/navigation_ws/install/dwb_msgs/include/dwb_msgs/msg/detail/local_plan_evaluation__type_support.h
[55.233s] -- Symlinking: /home/unitree/navigation_ws/install/dwb_msgs/include/dwb_msgs/msg/detail/trajectory2_d__functions.h
[55.254s] -- Symlinking: /home/unitree/navigation_ws/install/dwb_msgs/include/dwb_msgs/msg/detail/trajectory2_d__struct.h
[55.276s] -- Symlinking: /home/unitree/navigation_ws/install/dwb_msgs/include/dwb_msgs/msg/detail/trajectory2_d__type_support.h
[55.295s] -- Symlinking: /home/unitree/navigation_ws/install/dwb_msgs/include/dwb_msgs/msg/detail/trajectory_score__functions.h
[55.314s] -- Symlinking: /home/unitree/navigation_ws/install/dwb_msgs/include/dwb_msgs/msg/detail/trajectory_score__struct.h
[55.335s] -- Symlinking: /home/unitree/navigation_ws/install/dwb_msgs/include/dwb_msgs/msg/detail/trajectory_score__type_support.h
[55.360s] -- Symlinking: /home/unitree/navigation_ws/install/dwb_msgs/include/dwb_msgs/msg/local_plan_evaluation.h
[55.381s] -- Symlinking: /home/unitree/navigation_ws/install/dwb_msgs/include/dwb_msgs/msg/rosidl_generator_c__visibility_control.h
[55.405s] -- Symlinking: /home/unitree/navigation_ws/install/dwb_msgs/include/dwb_msgs/msg/trajectory2_d.h
[55.426s] -- Symlinking: /home/unitree/navigation_ws/install/dwb_msgs/include/dwb_msgs/msg/trajectory_score.h
[55.447s] -- Symlinking: /home/unitree/navigation_ws/install/dwb_msgs/include/dwb_msgs/srv/debug_local_plan.h
[55.472s] -- Symlinking: /home/unitree/navigation_ws/install/dwb_msgs/include/dwb_msgs/srv/detail/debug_local_plan__functions.h
[55.493s] -- Symlinking: /home/unitree/navigation_ws/install/dwb_msgs/include/dwb_msgs/srv/detail/debug_local_plan__struct.h
[55.517s] -- Symlinking: /home/unitree/navigation_ws/install/dwb_msgs/include/dwb_msgs/srv/detail/debug_local_plan__type_support.h
[55.538s] -- Symlinking: /home/unitree/navigation_ws/install/dwb_msgs/include/dwb_msgs/srv/detail/generate_trajectory__functions.h
[55.564s] -- Symlinking: /home/unitree/navigation_ws/install/dwb_msgs/include/dwb_msgs/srv/detail/generate_trajectory__struct.h
[55.586s] -- Symlinking: /home/unitree/navigation_ws/install/dwb_msgs/include/dwb_msgs/srv/detail/generate_trajectory__type_support.h
[55.612s] -- Symlinking: /home/unitree/navigation_ws/install/dwb_msgs/include/dwb_msgs/srv/detail/generate_twists__functions.h
[55.637s] -- Symlinking: /home/unitree/navigation_ws/install/dwb_msgs/include/dwb_msgs/srv/detail/generate_twists__struct.h
[55.656s] -- Symlinking: /home/unitree/navigation_ws/install/dwb_msgs/include/dwb_msgs/srv/detail/generate_twists__type_support.h
[55.680s] -- Symlinking: /home/unitree/navigation_ws/install/dwb_msgs/include/dwb_msgs/srv/detail/get_critic_score__functions.h
[55.701s] -- Symlinking: /home/unitree/navigation_ws/install/dwb_msgs/include/dwb_msgs/srv/detail/get_critic_score__struct.h
[55.723s] -- Symlinking: /home/unitree/navigation_ws/install/dwb_msgs/include/dwb_msgs/srv/detail/get_critic_score__type_support.h
[55.744s] -- Symlinking: /home/unitree/navigation_ws/install/dwb_msgs/include/dwb_msgs/srv/detail/score_trajectory__functions.h
[55.775s] -- Symlinking: /home/unitree/navigation_ws/install/dwb_msgs/include/dwb_msgs/srv/detail/score_trajectory__struct.h
[55.793s] -- Symlinking: /home/unitree/navigation_ws/install/dwb_msgs/include/dwb_msgs/srv/detail/score_trajectory__type_support.h
[55.817s] -- Symlinking: /home/unitree/navigation_ws/install/dwb_msgs/include/dwb_msgs/srv/generate_trajectory.h
[55.837s] -- Symlinking: /home/unitree/navigation_ws/install/dwb_msgs/include/dwb_msgs/srv/generate_twists.h
[55.858s] -- Symlinking: /home/unitree/navigation_ws/install/dwb_msgs/include/dwb_msgs/srv/get_critic_score.h
[55.881s] -- Symlinking: /home/unitree/navigation_ws/install/dwb_msgs/include/dwb_msgs/srv/score_trajectory.h
[55.902s] -- Symlinking: /home/unitree/navigation_ws/install/dwb_msgs/share/dwb_msgs/environment/library_path.sh
[55.924s] -- Symlinking: /home/unitree/navigation_ws/install/dwb_msgs/share/dwb_msgs/environment/library_path.dsv
[55.947s] -- Symlinking: /home/unitree/navigation_ws/install/dwb_msgs/include/dwb_msgs/msg/detail/critic_score__rosidl_typesupport_fastrtps_c.h
[55.970s] -- Symlinking: /home/unitree/navigation_ws/install/dwb_msgs/include/dwb_msgs/msg/detail/local_plan_evaluation__rosidl_typesupport_fastrtps_c.h
[55.990s] -- Symlinking: /home/unitree/navigation_ws/install/dwb_msgs/include/dwb_msgs/msg/detail/trajectory2_d__rosidl_typesupport_fastrtps_c.h
[56.010s] -- Symlinking: /home/unitree/navigation_ws/install/dwb_msgs/include/dwb_msgs/msg/detail/trajectory_score__rosidl_typesupport_fastrtps_c.h
[56.031s] -- Symlinking: /home/unitree/navigation_ws/install/dwb_msgs/include/dwb_msgs/msg/rosidl_typesupport_fastrtps_c__visibility_control.h
[56.052s] -- Symlinking: /home/unitree/navigation_ws/install/dwb_msgs/include/dwb_msgs/srv/detail/debug_local_plan__rosidl_typesupport_fastrtps_c.h
[56.076s] -- Symlinking: /home/unitree/navigation_ws/install/dwb_msgs/include/dwb_msgs/srv/detail/generate_trajectory__rosidl_typesupport_fastrtps_c.h
[56.098s] -- Symlinking: /home/unitree/navigation_ws/install/dwb_msgs/include/dwb_msgs/srv/detail/generate_twists__rosidl_typesupport_fastrtps_c.h
[56.122s] -- Symlinking: /home/unitree/navigation_ws/install/dwb_msgs/include/dwb_msgs/srv/detail/get_critic_score__rosidl_typesupport_fastrtps_c.h
[56.142s] -- Symlinking: /home/unitree/navigation_ws/install/dwb_msgs/include/dwb_msgs/srv/detail/score_trajectory__rosidl_typesupport_fastrtps_c.h
[56.164s] -- Symlinking: /home/unitree/navigation_ws/install/dwb_msgs/lib/libdwb_msgs__rosidl_typesupport_fastrtps_c.so
[56.193s] -- Symlinking: /home/unitree/navigation_ws/install/dwb_msgs/include/dwb_msgs/msg/detail/critic_score__rosidl_typesupport_fastrtps_cpp.hpp
[56.215s] -- Symlinking: /home/unitree/navigation_ws/install/dwb_msgs/include/dwb_msgs/msg/detail/local_plan_evaluation__rosidl_typesupport_fastrtps_cpp.hpp
[56.240s] -- Symlinking: /home/unitree/navigation_ws/install/dwb_msgs/include/dwb_msgs/msg/detail/trajectory2_d__rosidl_typesupport_fastrtps_cpp.hpp
[56.260s] -- Symlinking: /home/unitree/navigation_ws/install/dwb_msgs/include/dwb_msgs/msg/detail/trajectory_score__rosidl_typesupport_fastrtps_cpp.hpp
[56.285s] -- Symlinking: /home/unitree/navigation_ws/install/dwb_msgs/include/dwb_msgs/msg/rosidl_typesupport_fastrtps_cpp__visibility_control.h
[56.305s] -- Symlinking: /home/unitree/navigation_ws/install/dwb_msgs/include/dwb_msgs/srv/detail/debug_local_plan__rosidl_typesupport_fastrtps_cpp.hpp
[56.324s] -- Symlinking: /home/unitree/navigation_ws/install/dwb_msgs/include/dwb_msgs/srv/detail/generate_trajectory__rosidl_typesupport_fastrtps_cpp.hpp
[56.349s] -- Symlinking: /home/unitree/navigation_ws/install/dwb_msgs/include/dwb_msgs/srv/detail/generate_twists__rosidl_typesupport_fastrtps_cpp.hpp
[56.371s] -- Symlinking: /home/unitree/navigation_ws/install/dwb_msgs/include/dwb_msgs/srv/detail/get_critic_score__rosidl_typesupport_fastrtps_cpp.hpp
[56.399s] -- Symlinking: /home/unitree/navigation_ws/install/dwb_msgs/include/dwb_msgs/srv/detail/score_trajectory__rosidl_typesupport_fastrtps_cpp.hpp
[56.420s] -- Symlinking: /home/unitree/navigation_ws/install/dwb_msgs/lib/libdwb_msgs__rosidl_typesupport_fastrtps_cpp.so
[56.445s] -- Symlinking: /home/unitree/navigation_ws/install/dwb_msgs/include/dwb_msgs/msg/detail/critic_score__rosidl_typesupport_introspection_c.h
[56.466s] -- Symlinking: /home/unitree/navigation_ws/install/dwb_msgs/include/dwb_msgs/msg/detail/local_plan_evaluation__rosidl_typesupport_introspection_c.h
[56.486s] -- Symlinking: /home/unitree/navigation_ws/install/dwb_msgs/include/dwb_msgs/msg/detail/trajectory2_d__rosidl_typesupport_introspection_c.h
[56.506s] -- Symlinking: /home/unitree/navigation_ws/install/dwb_msgs/include/dwb_msgs/msg/detail/trajectory_score__rosidl_typesupport_introspection_c.h
[56.529s] -- Symlinking: /home/unitree/navigation_ws/install/dwb_msgs/include/dwb_msgs/msg/rosidl_typesupport_introspection_c__visibility_control.h
[56.553s] -- Symlinking: /home/unitree/navigation_ws/install/dwb_msgs/include/dwb_msgs/srv/detail/debug_local_plan__rosidl_typesupport_introspection_c.h
[56.574s] -- Symlinking: /home/unitree/navigation_ws/install/dwb_msgs/include/dwb_msgs/srv/detail/generate_trajectory__rosidl_typesupport_introspection_c.h
[56.602s] -- Symlinking: /home/unitree/navigation_ws/install/dwb_msgs/include/dwb_msgs/srv/detail/generate_twists__rosidl_typesupport_introspection_c.h
[56.622s] -- Symlinking: /home/unitree/navigation_ws/install/dwb_msgs/include/dwb_msgs/srv/detail/get_critic_score__rosidl_typesupport_introspection_c.h
[56.641s] -- Symlinking: /home/unitree/navigation_ws/install/dwb_msgs/include/dwb_msgs/srv/detail/score_trajectory__rosidl_typesupport_introspection_c.h
[56.663s] -- Symlinking: /home/unitree/navigation_ws/install/dwb_msgs/include/dwb_msgs/msg/critic_score.hpp
[56.684s] -- Symlinking: /home/unitree/navigation_ws/install/dwb_msgs/include/dwb_msgs/msg/detail/critic_score__builder.hpp
[56.707s] -- Symlinking: /home/unitree/navigation_ws/install/dwb_msgs/include/dwb_msgs/msg/detail/critic_score__struct.hpp
[56.730s] -- Symlinking: /home/unitree/navigation_ws/install/dwb_msgs/include/dwb_msgs/msg/detail/critic_score__traits.hpp
[56.755s] -- Symlinking: /home/unitree/navigation_ws/install/dwb_msgs/include/dwb_msgs/msg/detail/critic_score__type_support.hpp
[56.775s] -- Symlinking: /home/unitree/navigation_ws/install/dwb_msgs/include/dwb_msgs/msg/detail/local_plan_evaluation__builder.hpp
[56.800s] -- Symlinking: /home/unitree/navigation_ws/install/dwb_msgs/include/dwb_msgs/msg/detail/local_plan_evaluation__struct.hpp
[56.825s] -- Symlinking: /home/unitree/navigation_ws/install/dwb_msgs/include/dwb_msgs/msg/detail/local_plan_evaluation__traits.hpp
[56.845s] -- Symlinking: /home/unitree/navigation_ws/install/dwb_msgs/include/dwb_msgs/msg/detail/local_plan_evaluation__type_support.hpp
[56.866s] -- Symlinking: /home/unitree/navigation_ws/install/dwb_msgs/include/dwb_msgs/msg/detail/trajectory2_d__builder.hpp
[56.892s] -- Symlinking: /home/unitree/navigation_ws/install/dwb_msgs/include/dwb_msgs/msg/detail/trajectory2_d__struct.hpp
[56.912s] -- Symlinking: /home/unitree/navigation_ws/install/dwb_msgs/include/dwb_msgs/msg/detail/trajectory2_d__traits.hpp
[56.933s] -- Symlinking: /home/unitree/navigation_ws/install/dwb_msgs/include/dwb_msgs/msg/detail/trajectory2_d__type_support.hpp
[56.953s] -- Symlinking: /home/unitree/navigation_ws/install/dwb_msgs/include/dwb_msgs/msg/detail/trajectory_score__builder.hpp
[56.978s] -- Symlinking: /home/unitree/navigation_ws/install/dwb_msgs/include/dwb_msgs/msg/detail/trajectory_score__struct.hpp
[57.001s] -- Symlinking: /home/unitree/navigation_ws/install/dwb_msgs/include/dwb_msgs/msg/detail/trajectory_score__traits.hpp
[57.025s] -- Symlinking: /home/unitree/navigation_ws/install/dwb_msgs/include/dwb_msgs/msg/detail/trajectory_score__type_support.hpp
[57.050s] -- Symlinking: /home/unitree/navigation_ws/install/dwb_msgs/include/dwb_msgs/msg/local_plan_evaluation.hpp
[57.071s] -- Symlinking: /home/unitree/navigation_ws/install/dwb_msgs/include/dwb_msgs/msg/rosidl_generator_cpp__visibility_control.hpp
[57.097s] -- Symlinking: /home/unitree/navigation_ws/install/dwb_msgs/include/dwb_msgs/msg/trajectory2_d.hpp
[57.118s] -- Symlinking: /home/unitree/navigation_ws/install/dwb_msgs/include/dwb_msgs/msg/trajectory_score.hpp
[57.138s] -- Symlinking: /home/unitree/navigation_ws/install/dwb_msgs/include/dwb_msgs/srv/debug_local_plan.hpp
[57.159s] -- Symlinking: /home/unitree/navigation_ws/install/dwb_msgs/include/dwb_msgs/srv/detail/debug_local_plan__builder.hpp
[57.178s] -- Symlinking: /home/unitree/navigation_ws/install/dwb_msgs/include/dwb_msgs/srv/detail/debug_local_plan__struct.hpp
[57.198s] -- Symlinking: /home/unitree/navigation_ws/install/dwb_msgs/include/dwb_msgs/srv/detail/debug_local_plan__traits.hpp
[57.219s] -- Symlinking: /home/unitree/navigation_ws/install/dwb_msgs/include/dwb_msgs/srv/detail/debug_local_plan__type_support.hpp
[57.244s] -- Symlinking: /home/unitree/navigation_ws/install/dwb_msgs/include/dwb_msgs/srv/detail/generate_trajectory__builder.hpp
[57.269s] -- Symlinking: /home/unitree/navigation_ws/install/dwb_msgs/include/dwb_msgs/srv/detail/generate_trajectory__struct.hpp
[57.289s] -- Symlinking: /home/unitree/navigation_ws/install/dwb_msgs/include/dwb_msgs/srv/detail/generate_trajectory__traits.hpp
[57.309s] -- Symlinking: /home/unitree/navigation_ws/install/dwb_msgs/include/dwb_msgs/srv/detail/generate_trajectory__type_support.hpp
[57.333s] -- Symlinking: /home/unitree/navigation_ws/install/dwb_msgs/include/dwb_msgs/srv/detail/generate_twists__builder.hpp
[57.354s] -- Symlinking: /home/unitree/navigation_ws/install/dwb_msgs/include/dwb_msgs/srv/detail/generate_twists__struct.hpp
[57.374s] -- Symlinking: /home/unitree/navigation_ws/install/dwb_msgs/include/dwb_msgs/srv/detail/generate_twists__traits.hpp
[57.394s] -- Symlinking: /home/unitree/navigation_ws/install/dwb_msgs/include/dwb_msgs/srv/detail/generate_twists__type_support.hpp
[57.422s] -- Symlinking: /home/unitree/navigation_ws/install/dwb_msgs/include/dwb_msgs/srv/detail/get_critic_score__builder.hpp
[57.447s] -- Symlinking: /home/unitree/navigation_ws/install/dwb_msgs/include/dwb_msgs/srv/detail/get_critic_score__struct.hpp
[57.469s] -- Symlinking: /home/unitree/navigation_ws/install/dwb_msgs/include/dwb_msgs/srv/detail/get_critic_score__traits.hpp
[57.489s] -- Symlinking: /home/unitree/navigation_ws/install/dwb_msgs/include/dwb_msgs/srv/detail/get_critic_score__type_support.hpp
[57.508s] -- Symlinking: /home/unitree/navigation_ws/install/dwb_msgs/include/dwb_msgs/srv/detail/score_trajectory__builder.hpp
[57.529s] -- Symlinking: /home/unitree/navigation_ws/install/dwb_msgs/include/dwb_msgs/srv/detail/score_trajectory__struct.hpp
[57.550s] -- Symlinking: /home/unitree/navigation_ws/install/dwb_msgs/include/dwb_msgs/srv/detail/score_trajectory__traits.hpp
[57.570s] -- Symlinking: /home/unitree/navigation_ws/install/dwb_msgs/include/dwb_msgs/srv/detail/score_trajectory__type_support.hpp
[57.596s] -- Symlinking: /home/unitree/navigation_ws/install/dwb_msgs/include/dwb_msgs/srv/generate_trajectory.hpp
[57.624s] -- Symlinking: /home/unitree/navigation_ws/install/dwb_msgs/include/dwb_msgs/srv/generate_twists.hpp
[57.644s] -- Symlinking: /home/unitree/navigation_ws/install/dwb_msgs/include/dwb_msgs/srv/get_critic_score.hpp
[57.663s] -- Symlinking: /home/unitree/navigation_ws/install/dwb_msgs/include/dwb_msgs/srv/score_trajectory.hpp
[57.684s] -- Symlinking: /home/unitree/navigation_ws/install/dwb_msgs/include/dwb_msgs/msg/detail/critic_score__rosidl_typesupport_introspection_cpp.hpp
[57.707s] -- Symlinking: /home/unitree/navigation_ws/install/dwb_msgs/include/dwb_msgs/msg/detail/local_plan_evaluation__rosidl_typesupport_introspection_cpp.hpp
[57.730s] -- Symlinking: /home/unitree/navigation_ws/install/dwb_msgs/include/dwb_msgs/msg/detail/trajectory2_d__rosidl_typesupport_introspection_cpp.hpp
[57.756s] -- Symlinking: /home/unitree/navigation_ws/install/dwb_msgs/include/dwb_msgs/msg/detail/trajectory_score__rosidl_typesupport_introspection_cpp.hpp
[57.775s] -- Symlinking: /home/unitree/navigation_ws/install/dwb_msgs/include/dwb_msgs/srv/detail/debug_local_plan__rosidl_typesupport_introspection_cpp.hpp
[57.796s] -- Symlinking: /home/unitree/navigation_ws/install/dwb_msgs/include/dwb_msgs/srv/detail/generate_trajectory__rosidl_typesupport_introspection_cpp.hpp
[57.824s] -- Symlinking: /home/unitree/navigation_ws/install/dwb_msgs/include/dwb_msgs/srv/detail/generate_twists__rosidl_typesupport_introspection_cpp.hpp
[57.849s] -- Symlinking: /home/unitree/navigation_ws/install/dwb_msgs/include/dwb_msgs/srv/detail/get_critic_score__rosidl_typesupport_introspection_cpp.hpp
[57.872s] -- Symlinking: /home/unitree/navigation_ws/install/dwb_msgs/include/dwb_msgs/srv/detail/score_trajectory__rosidl_typesupport_introspection_cpp.hpp
[57.898s] -- Symlinking: /home/unitree/navigation_ws/install/dwb_msgs/share/dwb_msgs/environment/pythonpath.sh
[57.918s] -- Symlinking: /home/unitree/navigation_ws/install/dwb_msgs/share/dwb_msgs/environment/pythonpath.dsv
[57.938s] -- Symlinking: /home/unitree/navigation_ws/install/dwb_msgs/lib/python3.8/site-packages/dwb_msgs/__init__.py
[57.959s] -- Symlinking: /home/unitree/navigation_ws/install/dwb_msgs/lib/python3.8/site-packages/dwb_msgs/msg/__init__.py
[57.981s] -- Symlinking: /home/unitree/navigation_ws/install/dwb_msgs/lib/python3.8/site-packages/dwb_msgs/msg/_critic_score.py
[58.002s] -- Symlinking: /home/unitree/navigation_ws/install/dwb_msgs/lib/python3.8/site-packages/dwb_msgs/msg/_local_plan_evaluation.py
[58.027s] -- Symlinking: /home/unitree/navigation_ws/install/dwb_msgs/lib/python3.8/site-packages/dwb_msgs/msg/_trajectory2_d.py
[58.048s] -- Symlinking: /home/unitree/navigation_ws/install/dwb_msgs/lib/python3.8/site-packages/dwb_msgs/msg/_trajectory_score.py
[58.070s] -- Symlinking: /home/unitree/navigation_ws/install/dwb_msgs/lib/python3.8/site-packages/dwb_msgs/srv/__init__.py
[58.091s] -- Symlinking: /home/unitree/navigation_ws/install/dwb_msgs/lib/python3.8/site-packages/dwb_msgs/srv/_debug_local_plan.py
[58.113s] -- Symlinking: /home/unitree/navigation_ws/install/dwb_msgs/lib/python3.8/site-packages/dwb_msgs/srv/_generate_trajectory.py
[58.136s] -- Symlinking: /home/unitree/navigation_ws/install/dwb_msgs/lib/python3.8/site-packages/dwb_msgs/srv/_generate_twists.py
[58.158s] -- Symlinking: /home/unitree/navigation_ws/install/dwb_msgs/lib/python3.8/site-packages/dwb_msgs/srv/_get_critic_score.py
[58.180s] -- Symlinking: /home/unitree/navigation_ws/install/dwb_msgs/lib/python3.8/site-packages/dwb_msgs/srv/_score_trajectory.py
[58.203s] -- Symlinking: /home/unitree/navigation_ws/install/dwb_msgs/lib/python3.8/site-packages/dwb_msgs/dwb_msgs_s__rosidl_typesupport_fastrtps_c.cpython-38-aarch64-linux-gnu.so
[58.225s] -- Symlinking: /home/unitree/navigation_ws/install/dwb_msgs/lib/python3.8/site-packages/dwb_msgs/dwb_msgs_s__rosidl_typesupport_introspection_c.cpython-38-aarch64-linux-gnu.so
[58.244s] -- Symlinking: /home/unitree/navigation_ws/install/dwb_msgs/lib/python3.8/site-packages/dwb_msgs/dwb_msgs_s__rosidl_typesupport_c.cpython-38-aarch64-linux-gnu.so
[58.264s] -- Symlinking: /home/unitree/navigation_ws/install/dwb_msgs/lib/libdwb_msgs__python.so
[58.286s] -- Symlinking: /home/unitree/navigation_ws/install/dwb_msgs/share/dwb_msgs/msg/CriticScore.idl
[58.305s] -- Symlinking: /home/unitree/navigation_ws/install/dwb_msgs/share/dwb_msgs/msg/LocalPlanEvaluation.idl
[58.324s] -- Symlinking: /home/unitree/navigation_ws/install/dwb_msgs/share/dwb_msgs/msg/Trajectory2D.idl
[58.344s] -- Symlinking: /home/unitree/navigation_ws/install/dwb_msgs/share/dwb_msgs/msg/TrajectoryScore.idl
[58.363s] -- Symlinking: /home/unitree/navigation_ws/install/dwb_msgs/share/dwb_msgs/srv/DebugLocalPlan.idl
[58.382s] -- Symlinking: /home/unitree/navigation_ws/install/dwb_msgs/share/dwb_msgs/srv/GenerateTrajectory.idl
[58.403s] -- Symlinking: /home/unitree/navigation_ws/install/dwb_msgs/share/dwb_msgs/srv/GenerateTwists.idl
[58.422s] -- Symlinking: /home/unitree/navigation_ws/install/dwb_msgs/share/dwb_msgs/srv/GetCriticScore.idl
[58.441s] -- Symlinking: /home/unitree/navigation_ws/install/dwb_msgs/share/dwb_msgs/srv/ScoreTrajectory.idl
[58.463s] -- Symlinking: /home/unitree/navigation_ws/install/dwb_msgs/share/dwb_msgs/msg/CriticScore.msg
[58.484s] -- Symlinking: /home/unitree/navigation_ws/install/dwb_msgs/share/dwb_msgs/msg/LocalPlanEvaluation.msg
[58.505s] -- Symlinking: /home/unitree/navigation_ws/install/dwb_msgs/share/dwb_msgs/msg/Trajectory2D.msg
[58.527s] -- Symlinking: /home/unitree/navigation_ws/install/dwb_msgs/share/dwb_msgs/msg/TrajectoryScore.msg
[58.551s] -- Symlinking: /home/unitree/navigation_ws/install/dwb_msgs/share/dwb_msgs/srv/DebugLocalPlan.srv
[58.574s] -- Symlinking: /home/unitree/navigation_ws/install/dwb_msgs/share/dwb_msgs/srv/DebugLocalPlan_Request.msg
[58.598s] -- Symlinking: /home/unitree/navigation_ws/install/dwb_msgs/share/dwb_msgs/srv/DebugLocalPlan_Response.msg
[58.619s] -- Symlinking: /home/unitree/navigation_ws/install/dwb_msgs/share/dwb_msgs/srv/GenerateTrajectory.srv
[58.639s] -- Symlinking: /home/unitree/navigation_ws/install/dwb_msgs/share/dwb_msgs/srv/GenerateTrajectory_Request.msg
[58.661s] -- Symlinking: /home/unitree/navigation_ws/install/dwb_msgs/share/dwb_msgs/srv/GenerateTrajectory_Response.msg
[58.684s] -- Symlinking: /home/unitree/navigation_ws/install/dwb_msgs/share/dwb_msgs/srv/GenerateTwists.srv
[58.704s] -- Symlinking: /home/unitree/navigation_ws/install/dwb_msgs/share/dwb_msgs/srv/GenerateTwists_Request.msg
[58.725s] -- Symlinking: /home/unitree/navigation_ws/install/dwb_msgs/share/dwb_msgs/srv/GenerateTwists_Response.msg
[58.745s] -- Symlinking: /home/unitree/navigation_ws/install/dwb_msgs/share/dwb_msgs/srv/GetCriticScore.srv
[58.765s] -- Symlinking: /home/unitree/navigation_ws/install/dwb_msgs/share/dwb_msgs/srv/GetCriticScore_Request.msg
[58.784s] -- Symlinking: /home/unitree/navigation_ws/install/dwb_msgs/share/dwb_msgs/srv/GetCriticScore_Response.msg
[58.804s] -- Symlinking: /home/unitree/navigation_ws/install/dwb_msgs/share/dwb_msgs/srv/ScoreTrajectory.srv
[58.824s] -- Symlinking: /home/unitree/navigation_ws/install/dwb_msgs/share/dwb_msgs/srv/ScoreTrajectory_Request.msg
[58.845s] -- Symlinking: /home/unitree/navigation_ws/install/dwb_msgs/share/dwb_msgs/srv/ScoreTrajectory_Response.msg
[58.867s] -- Symlinking: /home/unitree/navigation_ws/install/dwb_msgs/share/ament_index/resource_index/package_run_dependencies/dwb_msgs
[58.886s] -- Symlinking: /home/unitree/navigation_ws/install/dwb_msgs/share/ament_index/resource_index/parent_prefix_path/dwb_msgs
[58.908s] -- Symlinking: /home/unitree/navigation_ws/install/dwb_msgs/share/dwb_msgs/environment/ament_prefix_path.sh
[58.929s] -- Symlinking: /home/unitree/navigation_ws/install/dwb_msgs/share/dwb_msgs/environment/ament_prefix_path.dsv
[58.946s] -- Symlinking: /home/unitree/navigation_ws/install/dwb_msgs/share/dwb_msgs/environment/path.sh
[58.968s] -- Symlinking: /home/unitree/navigation_ws/install/dwb_msgs/share/dwb_msgs/environment/path.dsv
[58.990s] -- Symlinking: /home/unitree/navigation_ws/install/dwb_msgs/share/dwb_msgs/local_setup.bash
[59.013s] -- Symlinking: /home/unitree/navigation_ws/install/dwb_msgs/share/dwb_msgs/local_setup.sh
[59.033s] -- Symlinking: /home/unitree/navigation_ws/install/dwb_msgs/share/dwb_msgs/local_setup.zsh
[59.059s] -- Symlinking: /home/unitree/navigation_ws/install/dwb_msgs/share/dwb_msgs/local_setup.dsv
[59.082s] -- Symlinking: /home/unitree/navigation_ws/install/dwb_msgs/share/dwb_msgs/package.dsv
[59.104s] -- Symlinking: /home/unitree/navigation_ws/install/dwb_msgs/share/ament_index/resource_index/packages/dwb_msgs
[59.129s] -- Symlinking: /home/unitree/navigation_ws/install/dwb_msgs/share/dwb_msgs/cmake/rosidl_cmake-extras.cmake
[59.152s] -- Symlinking: /home/unitree/navigation_ws/install/dwb_msgs/share/dwb_msgs/cmake/ament_cmake_export_dependencies-extras.cmake
[59.175s] -- Symlinking: /home/unitree/navigation_ws/install/dwb_msgs/share/dwb_msgs/cmake/ament_cmake_export_libraries-extras.cmake
[59.201s] -- Symlinking: /home/unitree/navigation_ws/install/dwb_msgs/share/dwb_msgs/cmake/ament_cmake_export_targets-extras.cmake
[59.223s] -- Symlinking: /home/unitree/navigation_ws/install/dwb_msgs/share/dwb_msgs/cmake/ament_cmake_export_include_directories-extras.cmake
[59.247s] -- Symlinking: /home/unitree/navigation_ws/install/dwb_msgs/share/dwb_msgs/cmake/rosidl_cmake_export_typesupport_libraries-extras.cmake
[59.269s] -- Symlinking: /home/unitree/navigation_ws/install/dwb_msgs/share/dwb_msgs/cmake/rosidl_cmake_export_typesupport_targets-extras.cmake
[59.291s] -- Symlinking: /home/unitree/navigation_ws/install/dwb_msgs/share/dwb_msgs/cmake/dwb_msgsConfig.cmake
[59.313s] -- Symlinking: /home/unitree/navigation_ws/install/dwb_msgs/share/dwb_msgs/cmake/dwb_msgsConfig-version.cmake
[59.335s] -- Symlinking: /home/unitree/navigation_ws/install/dwb_msgs/share/dwb_msgs/package.xml
[59.360s] -- Installing: /home/unitree/navigation_ws/install/dwb_msgs/lib/libdwb_msgs__rosidl_generator_c.so
[59.360s] -- Set runtime path of "/home/unitree/navigation_ws/install/dwb_msgs/lib/libdwb_msgs__rosidl_generator_c.so" to ""
[59.361s] -- Installing: /home/unitree/navigation_ws/install/dwb_msgs/lib/libdwb_msgs__rosidl_typesupport_introspection_c.so
[59.361s] -- Set runtime path of "/home/unitree/navigation_ws/install/dwb_msgs/lib/libdwb_msgs__rosidl_typesupport_introspection_c.so" to ""
[59.361s] -- Installing: /home/unitree/navigation_ws/install/dwb_msgs/lib/libdwb_msgs__rosidl_typesupport_c.so
[59.363s] -- Set runtime path of "/home/unitree/navigation_ws/install/dwb_msgs/lib/libdwb_msgs__rosidl_typesupport_c.so" to ""
[59.363s] -- Installing: /home/unitree/navigation_ws/install/dwb_msgs/lib/libdwb_msgs__rosidl_typesupport_introspection_cpp.so
[59.364s] -- Set runtime path of "/home/unitree/navigation_ws/install/dwb_msgs/lib/libdwb_msgs__rosidl_typesupport_introspection_cpp.so" to ""
[59.365s] -- Installing: /home/unitree/navigation_ws/install/dwb_msgs/lib/libdwb_msgs__rosidl_typesupport_cpp.so
[59.365s] -- Set runtime path of "/home/unitree/navigation_ws/install/dwb_msgs/lib/libdwb_msgs__rosidl_typesupport_cpp.so" to ""
[59.432s] Compiling '/home/unitree/navigation_ws/install/dwb_msgs/lib/python3.8/site-packages/dwb_msgs/__init__.py'...
[59.447s] -- Installing: /home/unitree/navigation_ws/install/dwb_msgs/share/dwb_msgs/cmake/dwb_msgs__rosidl_generator_cExport.cmake
[59.447s] -- Installing: /home/unitree/navigation_ws/install/dwb_msgs/share/dwb_msgs/cmake/dwb_msgs__rosidl_generator_cExport-noconfig.cmake
[59.448s] -- Installing: /home/unitree/navigation_ws/install/dwb_msgs/share/dwb_msgs/cmake/dwb_msgs__rosidl_typesupport_introspection_cExport.cmake
[59.448s] -- Installing: /home/unitree/navigation_ws/install/dwb_msgs/share/dwb_msgs/cmake/dwb_msgs__rosidl_typesupport_introspection_cExport-noconfig.cmake
[59.448s] -- Installing: /home/unitree/navigation_ws/install/dwb_msgs/share/dwb_msgs/cmake/dwb_msgs__rosidl_typesupport_cExport.cmake
[59.449s] -- Installing: /home/unitree/navigation_ws/install/dwb_msgs/share/dwb_msgs/cmake/dwb_msgs__rosidl_typesupport_cExport-noconfig.cmake
[59.449s] -- Installing: /home/unitree/navigation_ws/install/dwb_msgs/share/dwb_msgs/cmake/dwb_msgs__rosidl_generator_cppExport.cmake
[59.450s] -- Installing: /home/unitree/navigation_ws/install/dwb_msgs/share/dwb_msgs/cmake/dwb_msgs__rosidl_typesupport_introspection_cppExport.cmake
[59.450s] -- Installing: /home/unitree/navigation_ws/install/dwb_msgs/share/dwb_msgs/cmake/dwb_msgs__rosidl_typesupport_introspection_cppExport-noconfig.cmake
[59.450s] -- Installing: /home/unitree/navigation_ws/install/dwb_msgs/share/dwb_msgs/cmake/dwb_msgs__rosidl_typesupport_cppExport.cmake
[59.451s] -- Installing: /home/unitree/navigation_ws/install/dwb_msgs/share/dwb_msgs/cmake/dwb_msgs__rosidl_typesupport_cppExport-noconfig.cmake
[59.459s] Invoked command in '/home/unitree/navigation_ws/build/dwb_msgs' returned '0': AMENT_PREFIX_PATH=/home/unitree/navigation_ws/install/nav_2d_msgs:${AMENT_PREFIX_PATH} CMAKE_PREFIX_PATH=/home/unitree/navigation_ws/install/nav_2d_msgs:/home/unitree/cyclonedds_ws/install/rmw_cyclonedds_cpp:/home/unitree/cyclonedds_ws/install/cyclonedds:/opt/ros/foxy LD_LIBRARY_PATH=/home/unitree/navigation_ws/install/nav_2d_msgs/lib:/usr/local/cuda-11.4/lib64:/usr/local/lib:/home/unitree/cyclonedds_ws/install/rmw_cyclonedds_cpp/lib:/home/unitree/cyclonedds_ws/install/cyclonedds/lib:/opt/ros/foxy/opt/yaml_cpp_vendor/lib:/opt/ros/foxy/opt/rviz_ogre_vendor/lib:/opt/ros/foxy/lib/aarch64-linux-gnu:/opt/ros/foxy/lib:/usr/local/cuda-11.4/lib64 PYTHONPATH=/home/unitree/navigation_ws/install/nav_2d_msgs/lib/python3.8/site-packages:${PYTHONPATH} /usr/bin/cmake --install /home/unitree/navigation_ws/build/dwb_msgs
