[0.040s] Invoking command in '/home/unitree/navigation_ws/build/nav2_util': AMENT_PREFIX_PATH=/home/unitree/navigation_ws/install/nav2_msgs:/home/unitree/navigation_ws/install/nav2_common:${AMENT_PREFIX_PATH} CMAKE_PREFIX_PATH=/home/unitree/navigation_ws/install/nav2_msgs:/home/unitree/navigation_ws/install/nav2_common:/home/unitree/cyclonedds_ws/install/rmw_cyclonedds_cpp:/home/unitree/cyclonedds_ws/install/cyclonedds:/opt/ros/foxy LD_LIBRARY_PATH=/home/unitree/navigation_ws/install/nav2_msgs/lib:/usr/local/cuda-11.4/lib64:/usr/local/lib:/home/unitree/cyclonedds_ws/install/rmw_cyclonedds_cpp/lib:/home/unitree/cyclonedds_ws/install/cyclonedds/lib:/opt/ros/foxy/opt/yaml_cpp_vendor/lib:/opt/ros/foxy/opt/rviz_ogre_vendor/lib:/opt/ros/foxy/lib/aarch64-linux-gnu:/opt/ros/foxy/lib:/usr/local/cuda-11.4/lib64 PYTHONPATH=/home/unitree/navigation_ws/install/nav2_msgs/lib/python3.8/site-packages:/home/unitree/navigation_ws/install/nav2_common/lib/python3.8/site-packages:${PYTHONPATH} /usr/bin/cmake /home/unitree/navigation_ws/src/navigation2/nav2_util -DAMENT_CMAKE_SYMLINK_INSTALL=1 -DCMAKE_INSTALL_PREFIX=/home/unitree/navigation_ws/install/nav2_util
[0.154s] -- The C compiler identification is GNU 9.4.0
[0.252s] -- The CXX compiler identification is GNU 9.4.0
[0.260s] -- Check for working C compiler: /usr/bin/cc
[0.417s] -- Check for working C compiler: /usr/bin/cc -- works
[0.419s] -- Detecting C compiler ABI info
[0.571s] -- Detecting C compiler ABI info - done
[0.589s] -- Detecting C compile features
[0.590s] -- Detecting C compile features - done
[0.598s] -- Check for working CXX compiler: /usr/bin/c++
[0.761s] -- Check for working CXX compiler: /usr/bin/c++ -- works
[0.763s] -- Detecting CXX compiler ABI info
[1.105s] -- Detecting CXX compiler ABI info - done
[1.132s] -- Detecting CXX compile features
[1.132s] -- Detecting CXX compile features - done
[1.142s] -- Found ament_cmake: 0.9.12 (/opt/ros/foxy/share/ament_cmake/cmake)
[1.204s] -- Found PythonInterp: /usr/bin/python3 (found suitable version "3.8.10", minimum required is "3") 
[1.204s] -- Using PYTHON_EXECUTABLE: /usr/bin/python3
[1.586s] -- Override CMake install command with custom implementation using symlinks instead of copying resources
[1.639s] -- Found nav2_common: 0.4.7 (/home/unitree/navigation_ws/install/nav2_common/share/nav2_common/cmake)
[1.640s] -- Found nav2_msgs: 0.4.7 (/home/unitree/navigation_ws/install/nav2_msgs/share/nav2_msgs/cmake)
[1.694s] -- Using all available rosidl_typesupport_c: rosidl_typesupport_fastrtps_c;rosidl_typesupport_introspection_c
[1.706s] -- Found rosidl_adapter: 1.3.1 (/opt/ros/foxy/share/rosidl_adapter/cmake)
[2.041s] -- Found OpenSSL: /usr/lib/aarch64-linux-gnu/libcrypto.so (found version "1.1.1f")  
[2.112s] -- Found FastRTPS: /opt/ros/foxy/include  
[2.285s] -- Using all available rosidl_typesupport_cpp: rosidl_typesupport_fastrtps_cpp;rosidl_typesupport_introspection_cpp
[2.977s] -- Found tf2_ros: 0.13.14 (/opt/ros/foxy/share/tf2_ros/cmake)
[3.087s] -- Found rmw_implementation_cmake: 1.0.4 (/opt/ros/foxy/share/rmw_implementation_cmake/cmake)
[3.090s] -- Using RMW implementation 'rmw_cyclonedds_cpp' as default
[3.093s] -- Looking for pthread.h
[3.370s] -- Looking for pthread.h - found
[3.371s] -- Performing Test CMAKE_HAVE_LIBC_PTHREAD
[3.623s] -- Performing Test CMAKE_HAVE_LIBC_PTHREAD - Failed
[3.624s] -- Looking for pthread_create in pthreads
[3.853s] -- Looking for pthread_create in pthreads - not found
[3.853s] -- Looking for pthread_create in pthread
[4.152s] -- Looking for pthread_create in pthread - found
[4.155s] -- Found Threads: TRUE  
[4.827s] -- Found tf2_geometry_msgs: 0.13.14 (/opt/ros/foxy/share/tf2_geometry_msgs/cmake)
[4.841s] -- Found eigen3_cmake_module: 0.1.1 (/opt/ros/foxy/share/eigen3_cmake_module/cmake)
[4.847s] -- Found Eigen3: TRUE (found version "3.3.7") 
[4.888s] -- Found lifecycle_msgs: 1.0.0 (/opt/ros/foxy/share/lifecycle_msgs/cmake)
[4.908s] -- Found test_msgs: 1.0.0 (/opt/ros/foxy/share/test_msgs/cmake)
[5.002s] -- Found rclcpp_lifecycle: 2.4.3 (/opt/ros/foxy/share/rclcpp_lifecycle/cmake)
[5.032s] -- Setting build type to Release as none was specified.
[5.063s] -- Found Boost: /usr/lib/aarch64-linux-gnu/cmake/Boost-1.71.0/BoostConfig.cmake (found version "1.71.0") found components: program_options 
[5.073s] -- Found ament_lint_auto: 0.9.8 (/opt/ros/foxy/share/ament_lint_auto/cmake)
[5.076s] -- Found ament_cmake_pytest: 0.9.12 (/opt/ros/foxy/share/ament_cmake_pytest/cmake)
[5.082s] -- Found launch_testing_ament_cmake: 0.10.10 (/opt/ros/foxy/share/launch_testing_ament_cmake/cmake)
[5.086s] -- Found python_cmake_module: 0.8.1 (/opt/ros/foxy/share/python_cmake_module/cmake)
[5.130s] -- Found PythonInterp: /usr/bin/python3 (found suitable version "3.8.10", minimum required is "3.5") 
[5.142s] -- Found PythonLibs: /usr/lib/aarch64-linux-gnu/libpython3.8.so (found suitable version "3.8.10", minimum required is "3.5") 
[5.142s] -- Using PYTHON_EXECUTABLE: /usr/bin/python3
[5.142s] -- Using PYTHON_INCLUDE_DIRS: /usr/include/python3.8
[5.142s] -- Using PYTHON_LIBRARIES: /usr/lib/aarch64-linux-gnu/libpython3.8.so
[5.186s] -- Found PythonExtra: .so  
[5.399s] -- Found gtest sources under '/opt/ros/foxy/src/gtest_vendor': C++ tests using 'Google Test' will be built
[5.404s] -- Check if compiler accepts -pthread
[5.572s] -- Check if compiler accepts -pthread - yes
[5.669s] -- Added test 'copyright' to check source files copyright and LICENSE
[5.674s] -- Added test 'cppcheck' to perform static code analysis on C / C++ code
[5.674s] -- Configured cppcheck include dirs: /home/unitree/navigation_ws/src/navigation2/nav2_util/include
[5.675s] -- Configured cppcheck exclude dirs and/or files: 
[5.680s] -- Added test 'cpplint' to check C / C++ code against the Google style
[5.680s] -- Configured cpplint exclude dirs and/or files: 
[5.683s] -- Added test 'flake8' to check Python code syntax and style conventions
[5.684s] -- Added test 'lint_cmake' to check CMake code style
[5.686s] -- Added test 'pep257' to check Python code against some of the style conventions in PEP 257
[5.690s] -- Added test 'uncrustify' to check C / C++ code style
[5.690s] -- Configured uncrustify additional arguments: 
[5.692s] -- Added test 'xmllint' to check XML markup files
[5.724s] -- Configuring done
[5.998s] -- Generating done
[6.020s] -- Build files have been written to: /home/unitree/navigation_ws/build/nav2_util
[6.066s] Invoked command in '/home/unitree/navigation_ws/build/nav2_util' returned '0': AMENT_PREFIX_PATH=/home/unitree/navigation_ws/install/nav2_msgs:/home/unitree/navigation_ws/install/nav2_common:${AMENT_PREFIX_PATH} CMAKE_PREFIX_PATH=/home/unitree/navigation_ws/install/nav2_msgs:/home/unitree/navigation_ws/install/nav2_common:/home/unitree/cyclonedds_ws/install/rmw_cyclonedds_cpp:/home/unitree/cyclonedds_ws/install/cyclonedds:/opt/ros/foxy LD_LIBRARY_PATH=/home/unitree/navigation_ws/install/nav2_msgs/lib:/usr/local/cuda-11.4/lib64:/usr/local/lib:/home/unitree/cyclonedds_ws/install/rmw_cyclonedds_cpp/lib:/home/unitree/cyclonedds_ws/install/cyclonedds/lib:/opt/ros/foxy/opt/yaml_cpp_vendor/lib:/opt/ros/foxy/opt/rviz_ogre_vendor/lib:/opt/ros/foxy/lib/aarch64-linux-gnu:/opt/ros/foxy/lib:/usr/local/cuda-11.4/lib64 PYTHONPATH=/home/unitree/navigation_ws/install/nav2_msgs/lib/python3.8/site-packages:/home/unitree/navigation_ws/install/nav2_common/lib/python3.8/site-packages:${PYTHONPATH} /usr/bin/cmake /home/unitree/navigation_ws/src/navigation2/nav2_util -DAMENT_CMAKE_SYMLINK_INSTALL=1 -DCMAKE_INSTALL_PREFIX=/home/unitree/navigation_ws/install/nav2_util
[6.076s] Invoking command in '/home/unitree/navigation_ws/build/nav2_util': AMENT_PREFIX_PATH=/home/unitree/navigation_ws/install/nav2_msgs:/home/unitree/navigation_ws/install/nav2_common:${AMENT_PREFIX_PATH} CMAKE_PREFIX_PATH=/home/unitree/navigation_ws/install/nav2_msgs:/home/unitree/navigation_ws/install/nav2_common:/home/unitree/cyclonedds_ws/install/rmw_cyclonedds_cpp:/home/unitree/cyclonedds_ws/install/cyclonedds:/opt/ros/foxy LD_LIBRARY_PATH=/home/unitree/navigation_ws/install/nav2_msgs/lib:/usr/local/cuda-11.4/lib64:/usr/local/lib:/home/unitree/cyclonedds_ws/install/rmw_cyclonedds_cpp/lib:/home/unitree/cyclonedds_ws/install/cyclonedds/lib:/opt/ros/foxy/opt/yaml_cpp_vendor/lib:/opt/ros/foxy/opt/rviz_ogre_vendor/lib:/opt/ros/foxy/lib/aarch64-linux-gnu:/opt/ros/foxy/lib:/usr/local/cuda-11.4/lib64 PYTHONPATH=/home/unitree/navigation_ws/install/nav2_msgs/lib/python3.8/site-packages:/home/unitree/navigation_ws/install/nav2_common/lib/python3.8/site-packages:${PYTHONPATH} /usr/bin/cmake --build /home/unitree/navigation_ws/build/nav2_util -- -j8 -l8
[6.237s] [35m[1mScanning dependencies of target dump_params[0m
[6.281s] [35m[1mScanning dependencies of target nav2_util_core[0m
[6.289s] [35m[1mScanning dependencies of target gtest[0m
[6.356s] [  2%] [32mBuilding CXX object src/CMakeFiles/dump_params.dir/dump_params.cpp.o[0m
[6.449s] [  5%] [32mBuilding CXX object gtest/CMakeFiles/gtest.dir/src/gtest-all.cc.o[0m
[6.624s] [  7%] [32mBuilding CXX object src/CMakeFiles/nav2_util_core.dir/costmap.cpp.o[0m
[6.649s] [ 10%] [32mBuilding CXX object src/CMakeFiles/nav2_util_core.dir/lifecycle_service_client.cpp.o[0m
[6.680s] [ 12%] [32mBuilding CXX object src/CMakeFiles/nav2_util_core.dir/node_utils.cpp.o[0m
[6.691s] [ 15%] [32mBuilding CXX object src/CMakeFiles/nav2_util_core.dir/string_utils.cpp.o[0m
[7.775s] [ 17%] [32mBuilding CXX object src/CMakeFiles/nav2_util_core.dir/lifecycle_utils.cpp.o[0m
[7.781s] [ 20%] [32mBuilding CXX object src/CMakeFiles/nav2_util_core.dir/lifecycle_node.cpp.o[0m
[22.838s] [ 22%] [32mBuilding CXX object src/CMakeFiles/nav2_util_core.dir/odometry_utils.cpp.o[0m
[26.191s] [ 25%] [32m[1mLinking CXX static library libgtest.a[0m
[26.272s] [ 25%] Built target gtest
[29.248s] [ 27%] [32m[1mLinking CXX executable dump_params[0m
[29.495s] [ 27%] Built target dump_params
[35.773s] [ 32%] [32mBuilding CXX object src/CMakeFiles/nav2_util_core.dir/node_thread.cpp.o[0m
[35.773s] [ 32%] [32mBuilding CXX object src/CMakeFiles/nav2_util_core.dir/robot_utils.cpp.o[0m
[42.526s] [ 35%] [32m[1mLinking CXX shared library libnav2_util_core.so[0m
[43.334s] [ 35%] Built target nav2_util_core
[43.416s] [35m[1mScanning dependencies of target gtest_main[0m
[43.537s] [ 37%] [32mBuilding CXX object gtest/CMakeFiles/gtest_main.dir/src/gtest_main.cc.o[0m
[45.264s] [ 40%] [32m[1mLinking CXX static library libgtest_main.a[0m
[45.488s] [ 40%] Built target gtest_main
[45.569s] [35m[1mScanning dependencies of target lifecycle_bringup[0m
[45.729s] [ 42%] [32mBuilding CXX object src/CMakeFiles/lifecycle_bringup.dir/lifecycle_bringup_commandline.cpp.o[0m
[49.873s] [ 45%] [32m[1mLinking CXX executable lifecycle_bringup[0m
[50.133s] [ 45%] Built target lifecycle_bringup
[50.156s] [35m[1mScanning dependencies of target test_node_utils[0m
[50.233s] [ 47%] [32mBuilding CXX object test/CMakeFiles/test_node_utils.dir/test_node_utils.cpp.o[0m
[57.121s] [ 50%] [32m[1mLinking CXX executable test_node_utils[0m
[57.456s] [ 50%] Built target test_node_utils
[57.477s] [35m[1mScanning dependencies of target test_lifecycle_cli_node[0m
[57.549s] [ 52%] [32mBuilding CXX object test/CMakeFiles/test_lifecycle_cli_node.dir/test_lifecycle_cli_node.cpp.o[0m
[60.556s] [35m[1mScanning dependencies of target test_geometry_utils[0m
[60.568s] [35m[1mScanning dependencies of target test_actions[0m
[60.692s] [35m[1mScanning dependencies of target test_execution_timer[0m
[60.705s] [ 55%] [32mBuilding CXX object test/CMakeFiles/test_actions.dir/test_actions.cpp.o[0m
[60.718s] [ 57%] [32mBuilding CXX object test/CMakeFiles/test_geometry_utils.dir/test_geometry_utils.cpp.o[0m
[60.789s] [ 60%] [32mBuilding CXX object test/CMakeFiles/test_execution_timer.dir/test_execution_timer.cpp.o[0m
[61.836s] [35m[1mScanning dependencies of target test_lifecycle_utils[0m
[61.858s] [35m[1mScanning dependencies of target test_lifecycle_node[0m
[62.058s] [ 62%] [32mBuilding CXX object test/CMakeFiles/test_lifecycle_utils.dir/test_lifecycle_utils.cpp.o[0m
[62.073s] [ 65%] [32mBuilding CXX object test/CMakeFiles/test_lifecycle_node.dir/test_lifecycle_node.cpp.o[0m
[63.109s] [35m[1mScanning dependencies of target test_string_utils[0m
[63.246s] [ 67%] [32mBuilding CXX object test/CMakeFiles/test_string_utils.dir/test_string_utils.cpp.o[0m
[64.291s] [35m[1mScanning dependencies of target test_service_client[0m
[64.511s] [ 70%] [32mBuilding CXX object test/CMakeFiles/test_service_client.dir/test_service_client.cpp.o[0m
[65.729s] [ 72%] [32m[1mLinking CXX executable test_lifecycle_cli_node[0m
[66.110s] [ 75%] [32m[1mLinking CXX executable test_execution_timer[0m
[66.339s] [ 75%] Built target test_lifecycle_cli_node
[66.801s] [ 75%] Built target test_execution_timer
[69.284s] [ 77%] [32m[1mLinking CXX executable test_geometry_utils[0m
[69.803s] [ 77%] Built target test_geometry_utils
[69.924s] [ 80%] [32m[1mLinking CXX executable test_string_utils[0m
[70.563s] [ 80%] Built target test_string_utils
[71.140s] [ 82%] [32m[1mLinking CXX executable test_lifecycle_utils[0m
[71.744s] [ 82%] Built target test_lifecycle_utils
[74.094s] [ 85%] [32m[1mLinking CXX executable test_lifecycle_node[0m
[74.449s] [ 85%] Built target test_lifecycle_node
[76.735s] [ 87%] [32m[1mLinking CXX executable test_service_client[0m
[77.143s] [ 87%] Built target test_service_client
[95.834s] [ 90%] [32m[1mLinking CXX executable test_actions[0m
[96.227s] [ 90%] Built target test_actions
[96.248s] [35m[1mScanning dependencies of target test_odometry_utils[0m
[96.249s] [35m[1mScanning dependencies of target test_robot_utils[0m
[96.325s] [ 92%] [32mBuilding CXX object test/CMakeFiles/test_odometry_utils.dir/test_odometry_utils.cpp.o[0m
[96.341s] [ 95%] [32mBuilding CXX object test/CMakeFiles/test_robot_utils.dir/test_robot_utils.cpp.o[0m
[101.843s] [ 97%] [32m[1mLinking CXX executable test_robot_utils[0m
[102.148s] [ 97%] Built target test_robot_utils
[105.215s] [100%] [32m[1mLinking CXX executable test_odometry_utils[0m
[105.508s] [100%] Built target test_odometry_utils
[105.536s] Invoked command in '/home/unitree/navigation_ws/build/nav2_util' returned '0': AMENT_PREFIX_PATH=/home/unitree/navigation_ws/install/nav2_msgs:/home/unitree/navigation_ws/install/nav2_common:${AMENT_PREFIX_PATH} CMAKE_PREFIX_PATH=/home/unitree/navigation_ws/install/nav2_msgs:/home/unitree/navigation_ws/install/nav2_common:/home/unitree/cyclonedds_ws/install/rmw_cyclonedds_cpp:/home/unitree/cyclonedds_ws/install/cyclonedds:/opt/ros/foxy LD_LIBRARY_PATH=/home/unitree/navigation_ws/install/nav2_msgs/lib:/usr/local/cuda-11.4/lib64:/usr/local/lib:/home/unitree/cyclonedds_ws/install/rmw_cyclonedds_cpp/lib:/home/unitree/cyclonedds_ws/install/cyclonedds/lib:/opt/ros/foxy/opt/yaml_cpp_vendor/lib:/opt/ros/foxy/opt/rviz_ogre_vendor/lib:/opt/ros/foxy/lib/aarch64-linux-gnu:/opt/ros/foxy/lib:/usr/local/cuda-11.4/lib64 PYTHONPATH=/home/unitree/navigation_ws/install/nav2_msgs/lib/python3.8/site-packages:/home/unitree/navigation_ws/install/nav2_common/lib/python3.8/site-packages:${PYTHONPATH} /usr/bin/cmake --build /home/unitree/navigation_ws/build/nav2_util -- -j8 -l8
[105.600s] Invoking command in '/home/unitree/navigation_ws/build/nav2_util': AMENT_PREFIX_PATH=/home/unitree/navigation_ws/install/nav2_msgs:/home/unitree/navigation_ws/install/nav2_common:${AMENT_PREFIX_PATH} CMAKE_PREFIX_PATH=/home/unitree/navigation_ws/install/nav2_msgs:/home/unitree/navigation_ws/install/nav2_common:/home/unitree/cyclonedds_ws/install/rmw_cyclonedds_cpp:/home/unitree/cyclonedds_ws/install/cyclonedds:/opt/ros/foxy LD_LIBRARY_PATH=/home/unitree/navigation_ws/install/nav2_msgs/lib:/usr/local/cuda-11.4/lib64:/usr/local/lib:/home/unitree/cyclonedds_ws/install/rmw_cyclonedds_cpp/lib:/home/unitree/cyclonedds_ws/install/cyclonedds/lib:/opt/ros/foxy/opt/yaml_cpp_vendor/lib:/opt/ros/foxy/opt/rviz_ogre_vendor/lib:/opt/ros/foxy/lib/aarch64-linux-gnu:/opt/ros/foxy/lib:/usr/local/cuda-11.4/lib64 PYTHONPATH=/home/unitree/navigation_ws/install/nav2_msgs/lib/python3.8/site-packages:/home/unitree/navigation_ws/install/nav2_common/lib/python3.8/site-packages:${PYTHONPATH} /usr/bin/cmake --install /home/unitree/navigation_ws/build/nav2_util
[105.619s] -- Install configuration: "Release"
[105.619s] -- Execute custom install script
[105.620s] -- Symlinking: /home/unitree/navigation_ws/install/nav2_util/lib/libnav2_util_core.so
[105.639s] -- Symlinking: /home/unitree/navigation_ws/install/nav2_util/lib/nav2_util/lifecycle_bringup
[105.658s] -- Symlinking: /home/unitree/navigation_ws/install/nav2_util/lib/nav2_util/dump_params
[105.681s] -- Symlinking: /home/unitree/navigation_ws/install/nav2_util/include//nav2_util/clear_entirely_costmap_service_client.hpp
[105.700s] -- Symlinking: /home/unitree/navigation_ws/install/nav2_util/include//nav2_util/costmap.hpp
[105.718s] -- Symlinking: /home/unitree/navigation_ws/install/nav2_util/include//nav2_util/execution_timer.hpp
[105.737s] -- Symlinking: /home/unitree/navigation_ws/install/nav2_util/include//nav2_util/geometry_utils.hpp
[105.757s] -- Symlinking: /home/unitree/navigation_ws/install/nav2_util/include//nav2_util/lifecycle_node.hpp
[105.775s] -- Symlinking: /home/unitree/navigation_ws/install/nav2_util/include//nav2_util/lifecycle_service_client.hpp
[105.794s] -- Symlinking: /home/unitree/navigation_ws/install/nav2_util/include//nav2_util/lifecycle_utils.hpp
[105.813s] -- Symlinking: /home/unitree/navigation_ws/install/nav2_util/include//nav2_util/line_iterator.hpp
[105.832s] -- Symlinking: /home/unitree/navigation_ws/install/nav2_util/include//nav2_util/node_thread.hpp
[105.853s] -- Symlinking: /home/unitree/navigation_ws/install/nav2_util/include//nav2_util/node_utils.hpp
[105.871s] -- Symlinking: /home/unitree/navigation_ws/install/nav2_util/include//nav2_util/odometry_utils.hpp
[105.890s] -- Symlinking: /home/unitree/navigation_ws/install/nav2_util/include//nav2_util/robot_utils.hpp
[105.909s] -- Symlinking: /home/unitree/navigation_ws/install/nav2_util/include//nav2_util/service_client.hpp
[105.928s] -- Symlinking: /home/unitree/navigation_ws/install/nav2_util/include//nav2_util/simple_action_server.hpp
[105.947s] -- Symlinking: /home/unitree/navigation_ws/install/nav2_util/include//nav2_util/string_utils.hpp
[105.966s] -- Symlinking: /home/unitree/navigation_ws/install/nav2_util/share/nav2_util/environment/library_path.sh
[105.987s] -- Symlinking: /home/unitree/navigation_ws/install/nav2_util/share/nav2_util/environment/library_path.dsv
[106.006s] -- Symlinking: /home/unitree/navigation_ws/install/nav2_util/share/ament_index/resource_index/package_run_dependencies/nav2_util
[106.025s] -- Symlinking: /home/unitree/navigation_ws/install/nav2_util/share/ament_index/resource_index/parent_prefix_path/nav2_util
[106.046s] -- Symlinking: /home/unitree/navigation_ws/install/nav2_util/share/nav2_util/environment/ament_prefix_path.sh
[106.065s] -- Symlinking: /home/unitree/navigation_ws/install/nav2_util/share/nav2_util/environment/ament_prefix_path.dsv
[106.085s] -- Symlinking: /home/unitree/navigation_ws/install/nav2_util/share/nav2_util/environment/path.sh
[106.104s] -- Symlinking: /home/unitree/navigation_ws/install/nav2_util/share/nav2_util/environment/path.dsv
[106.122s] -- Symlinking: /home/unitree/navigation_ws/install/nav2_util/share/nav2_util/local_setup.bash
[106.142s] -- Symlinking: /home/unitree/navigation_ws/install/nav2_util/share/nav2_util/local_setup.sh
[106.161s] -- Symlinking: /home/unitree/navigation_ws/install/nav2_util/share/nav2_util/local_setup.zsh
[106.180s] -- Symlinking: /home/unitree/navigation_ws/install/nav2_util/share/nav2_util/local_setup.dsv
[106.199s] -- Symlinking: /home/unitree/navigation_ws/install/nav2_util/share/nav2_util/package.dsv
[106.218s] -- Symlinking: /home/unitree/navigation_ws/install/nav2_util/share/ament_index/resource_index/packages/nav2_util
[106.241s] -- Symlinking: /home/unitree/navigation_ws/install/nav2_util/share/nav2_util/cmake/ament_cmake_export_include_directories-extras.cmake
[106.259s] -- Symlinking: /home/unitree/navigation_ws/install/nav2_util/share/nav2_util/cmake/ament_cmake_export_libraries-extras.cmake
[106.278s] -- Symlinking: /home/unitree/navigation_ws/install/nav2_util/share/nav2_util/cmake/ament_cmake_export_dependencies-extras.cmake
[106.296s] -- Symlinking: /home/unitree/navigation_ws/install/nav2_util/share/nav2_util/cmake/nav2_utilConfig.cmake
[106.314s] -- Symlinking: /home/unitree/navigation_ws/install/nav2_util/share/nav2_util/cmake/nav2_utilConfig-version.cmake
[106.333s] -- Symlinking: /home/unitree/navigation_ws/install/nav2_util/share/nav2_util/package.xml
[106.357s] Invoked command in '/home/unitree/navigation_ws/build/nav2_util' returned '0': AMENT_PREFIX_PATH=/home/unitree/navigation_ws/install/nav2_msgs:/home/unitree/navigation_ws/install/nav2_common:${AMENT_PREFIX_PATH} CMAKE_PREFIX_PATH=/home/unitree/navigation_ws/install/nav2_msgs:/home/unitree/navigation_ws/install/nav2_common:/home/unitree/cyclonedds_ws/install/rmw_cyclonedds_cpp:/home/unitree/cyclonedds_ws/install/cyclonedds:/opt/ros/foxy LD_LIBRARY_PATH=/home/unitree/navigation_ws/install/nav2_msgs/lib:/usr/local/cuda-11.4/lib64:/usr/local/lib:/home/unitree/cyclonedds_ws/install/rmw_cyclonedds_cpp/lib:/home/unitree/cyclonedds_ws/install/cyclonedds/lib:/opt/ros/foxy/opt/yaml_cpp_vendor/lib:/opt/ros/foxy/opt/rviz_ogre_vendor/lib:/opt/ros/foxy/lib/aarch64-linux-gnu:/opt/ros/foxy/lib:/usr/local/cuda-11.4/lib64 PYTHONPATH=/home/unitree/navigation_ws/install/nav2_msgs/lib/python3.8/site-packages:/home/unitree/navigation_ws/install/nav2_common/lib/python3.8/site-packages:${PYTHONPATH} /usr/bin/cmake --install /home/unitree/navigation_ws/build/nav2_util
