[0.065s] Invoking command in '/home/unitree/navigation_ws/build/linefit_ground_segmentation_ros': CMAKE_PREFIX_PATH=/home/unitree/navigation_ws/install/linefit_ground_segmentation:/home/unitree/navigation_ws/install/nav2_bringup:/home/unitree/navigation_ws/install/navigation2:/home/unitree/navigation_ws/install/smac_planner:/home/unitree/navigation_ws/install/rm_autonomy:/home/unitree/navigation_ws/install/rm_autonomy_interfaces:/home/unitree/navigation_ws/install/bringup:/home/unitree/navigation_ws/install/pointcloud_to_laserscan:/home/unitree/navigation_ws/install/nav2_dwb_controller:/home/unitree/navigation_ws/install/nav2_controller:/home/unitree/navigation_ws/install/dwb_plugins:/home/unitree/navigation_ws/install/dwb_critics:/home/unitree/navigation_ws/install/dwb_core:/home/unitree/navigation_ws/install/nav_2d_utils:/home/unitree/navigation_ws/install/dwb_msgs:/home/unitree/navigation_ws/install/nav_2d_msgs:/home/unitree/navigation_ws/install/nav2_waypoint_follower:/home/unitree/navigation_ws/install/nav2_regulated_pure_pursuit_controller:/home/unitree/navigation_ws/install/nav2_recoveries:/home/unitree/navigation_ws/install/nav2_planner:/home/unitree/navigation_ws/install/nav2_navfn_planner:/home/unitree/navigation_ws/install/nav2_core:/home/unitree/navigation_ws/install/costmap_queue:/home/unitree/navigation_ws/install/nav2_costmap_2d:/home/unitree/navigation_ws/install/nav2_voxel_grid:/home/unitree/navigation_ws/install/nav2_map_server:/home/unitree/navigation_ws/install/nav2_lifecycle_manager:/home/unitree/navigation_ws/install/nav2_bt_navigator:/home/unitree/navigation_ws/install/nav2_behavior_tree:/home/unitree/navigation_ws/install/nav2_amcl:/home/unitree/navigation_ws/install/nav2_util:/home/unitree/navigation_ws/install/nav2_msgs:/home/unitree/navigation_ws/install/nav2_common:/home/unitree/navigation_ws/install/loam_interface:/home/unitree/navigation_ws/install/fast_lio:/home/unitree/navigation_ws/install/livox_ros_driver2:/home/unitree/navigation_ws/install/linefit_ground_segmentation_ros:/home/unitree/navigation_ws/install/cmd_vel_processor:/home/unitree/navigation_ws/install/behaviortree_cpp:/home/unitree/cyclonedds_ws/install/rmw_cyclonedds_cpp:/home/unitree/cyclonedds_ws/install/cyclonedds:/opt/ros/foxy LD_LIBRARY_PATH=/home/unitree/navigation_ws/install/linefit_ground_segmentation/lib:/home/unitree/navigation_ws/install/smac_planner/lib:/home/unitree/navigation_ws/install/rm_autonomy/lib:/home/unitree/navigation_ws/install/rm_autonomy_interfaces/lib:/home/unitree/navigation_ws/install/pointcloud_to_laserscan/lib:/home/unitree/navigation_ws/install/nav2_controller/lib:/home/unitree/navigation_ws/install/dwb_plugins/lib:/home/unitree/navigation_ws/install/dwb_critics/lib:/home/unitree/navigation_ws/install/dwb_core/lib:/home/unitree/navigation_ws/install/nav_2d_utils/lib:/home/unitree/navigation_ws/install/dwb_msgs/lib:/home/unitree/navigation_ws/install/nav_2d_msgs/lib:/home/unitree/navigation_ws/install/nav2_waypoint_follower/lib:/home/unitree/navigation_ws/install/nav2_regulated_pure_pursuit_controller/lib:/home/unitree/navigation_ws/install/nav2_recoveries/lib:/home/unitree/navigation_ws/install/nav2_planner/lib:/home/unitree/navigation_ws/install/nav2_navfn_planner/lib:/home/unitree/navigation_ws/install/costmap_queue/lib:/home/unitree/navigation_ws/install/nav2_costmap_2d/lib:/home/unitree/navigation_ws/install/nav2_voxel_grid/lib:/home/unitree/navigation_ws/install/nav2_map_server/lib:/home/unitree/navigation_ws/install/nav2_lifecycle_manager/lib:/home/unitree/navigation_ws/install/nav2_bt_navigator/lib:/home/unitree/navigation_ws/install/nav2_behavior_tree/lib:/home/unitree/navigation_ws/install/nav2_amcl/lib:/home/unitree/navigation_ws/install/nav2_util/lib:/home/unitree/navigation_ws/install/nav2_msgs/lib:/home/unitree/navigation_ws/install/loam_interface/lib:/home/unitree/navigation_ws/install/fast_lio/lib:/home/unitree/navigation_ws/install/livox_ros_driver2/lib:/home/unitree/navigation_ws/install/behaviortree_cpp/lib:/usr/local/cuda-11.4/lib64:/usr/local/lib:/home/unitree/cyclonedds_ws/install/rmw_cyclonedds_cpp/lib:/home/unitree/cyclonedds_ws/install/cyclonedds/lib:/opt/ros/foxy/opt/yaml_cpp_vendor/lib:/opt/ros/foxy/opt/rviz_ogre_vendor/lib:/opt/ros/foxy/lib/aarch64-linux-gnu:/opt/ros/foxy/lib /usr/bin/cmake /home/unitree/navigation_ws/src/reconstruction/linefit_ground_segmentation_ros2/linefit_ground_segmentation_ros -DCMAKE_BUILD_TYPE=Release -DCMAKE_INSTALL_PREFIX=/home/unitree/navigation_ws/install/linefit_ground_segmentation_ros
[0.258s] -- The C compiler identification is GNU 9.4.0
[0.381s] -- The CXX compiler identification is GNU 9.4.0
[0.395s] -- Check for working C compiler: /usr/bin/cc
[0.582s] -- Check for working C compiler: /usr/bin/cc -- works
[0.583s] -- Detecting C compiler ABI info
[0.779s] -- Detecting C compiler ABI info - done
[0.795s] -- Detecting C compile features
[0.796s] -- Detecting C compile features - done
[0.800s] -- Check for working CXX compiler: /usr/bin/c++
[1.018s] -- Check for working CXX compiler: /usr/bin/c++ -- works
[1.020s] -- Detecting CXX compiler ABI info
[1.246s] -- Detecting CXX compiler ABI info - done
[1.262s] -- Detecting CXX compile features
[1.263s] -- Detecting CXX compile features - done
[1.292s] -- Checking for module 'eigen3'
[1.341s] --   Found eigen3, version 3.3.7
[1.460s] -- Found Eigen: /usr/include/eigen3 (Required is at least version "3.1") 
[1.460s] -- Eigen found (include: /usr/include/eigen3, version: 3.3.7)
[1.659s] -- Found Boost: /usr/include (found suitable version "1.71.0", minimum required is "1.55.0") found components: system filesystem date_time iostreams regex 
[1.694s] -- Checking for module 'flann'
[1.756s] --   Found flann, version 1.9.1
[1.905s] -- Found FLANN: /usr/lib/aarch64-linux-gnu/libflann_cpp.so  
[1.997s] -- The imported target "vtkParseOGLExt" references the file
[1.998s]    "/usr/bin/vtkParseOGLExt-7.1"
[1.998s] but this file does not exist.  Possible reasons include:
[1.998s] * The file was deleted, renamed, or moved to another location.
[1.998s] * An install or uninstall procedure did not complete successfully.
[1.998s] * The installation package was faulty and contained
[1.998s]    "/usr/lib/cmake/vtk-7.1/VTKTargets.cmake"
[1.998s] but not all the files it references.
[1.998s] 
[1.999s] -- The imported target "vtkRenderingPythonTkWidgets" references the file
[1.999s]    "/usr/lib/aarch64-linux-gnu/libvtkRenderingPythonTkWidgets.so"
[1.999s] but this file does not exist.  Possible reasons include:
[1.999s] * The file was deleted, renamed, or moved to another location.
[1.999s] * An install or uninstall procedure did not complete successfully.
[1.999s] * The installation package was faulty and contained
[1.999s]    "/usr/lib/cmake/vtk-7.1/VTKTargets.cmake"
[2.000s] but not all the files it references.
[2.000s] 
[2.000s] -- The imported target "vtk" references the file
[2.000s]    "/usr/bin/vtk"
[2.000s] but this file does not exist.  Possible reasons include:
[2.000s] * The file was deleted, renamed, or moved to another location.
[2.000s] * An install or uninstall procedure did not complete successfully.
[2.000s] * The installation package was faulty and contained
[2.001s]    "/usr/lib/cmake/vtk-7.1/VTKTargets.cmake"
[2.001s] but not all the files it references.
[2.001s] 
[2.001s] -- The imported target "pvtk" references the file
[2.001s]    "/usr/bin/pvtk"
[2.001s] but this file does not exist.  Possible reasons include:
[2.001s] * The file was deleted, renamed, or moved to another location.
[2.001s] * An install or uninstall procedure did not complete successfully.
[2.001s] * The installation package was faulty and contained
[2.002s]    "/usr/lib/cmake/vtk-7.1/VTKTargets.cmake"
[2.002s] but not all the files it references.
[2.002s] 
[2.037s] -- Checking for module 'libusb-1.0'
[2.100s] --   Found libusb-1.0, version 1.0.23
[2.254s] -- Found USB_10: /usr/lib/aarch64-linux-gnu/libusb-1.0.so  
[2.450s] -- Found OpenNI: /usr/lib/libOpenNI.so  
[2.451s] -- OpenNI found (include: /usr/include/ni, lib: /usr/lib/libOpenNI.so)
[2.660s] -- Found OpenNI2: /usr/lib/libOpenNI2.so  
[2.660s] -- OpenNI2 found (include: /usr/include/openni2, lib: /usr/lib/libOpenNI2.so)
[2.661s] ** WARNING ** io features related to pcap will be disabled
[2.661s] ** WARNING ** io features related to png will be disabled
[2.685s] -- Found libusb-1.0: /usr/include  
[2.686s] ** WARNING ** io features related to libusb-1.0 will be disabled
[2.705s] -- OpenNI found (include: /usr/include/ni, lib: /usr/lib/libOpenNI.so)
[2.718s] -- OpenNI2 found (include: /usr/include/openni2, lib: /usr/lib/libOpenNI2.so)
[2.790s] -- Found Qhull: optimized;/usr/lib/aarch64-linux-gnu/libqhull.so;debug;/usr/lib/aarch64-linux-gnu/libqhull.so  
[2.790s] -- QHULL found (include: /usr/include, lib: optimized;/usr/lib/aarch64-linux-gnu/libqhull.so;debug;/usr/lib/aarch64-linux-gnu/libqhull.so)
[2.805s] -- OpenNI found (include: /usr/include/ni, lib: /usr/lib/libOpenNI.so)
[2.824s] -- looking for PCL_COMMON
[2.827s] -- Found PCL_COMMON: /usr/lib/aarch64-linux-gnu/libpcl_common.so  
[2.827s] -- looking for PCL_KDTREE
[2.831s] -- Found PCL_KDTREE: /usr/lib/aarch64-linux-gnu/libpcl_kdtree.so  
[2.831s] -- looking for PCL_OCTREE
[2.835s] -- Found PCL_OCTREE: /usr/lib/aarch64-linux-gnu/libpcl_octree.so  
[2.835s] -- looking for PCL_SEARCH
[2.839s] -- Found PCL_SEARCH: /usr/lib/aarch64-linux-gnu/libpcl_search.so  
[2.840s] -- looking for PCL_SAMPLE_CONSENSUS
[2.841s] -- Found PCL_SAMPLE_CONSENSUS: /usr/lib/aarch64-linux-gnu/libpcl_sample_consensus.so  
[2.841s] -- looking for PCL_FILTERS
[2.843s] -- Found PCL_FILTERS: /usr/lib/aarch64-linux-gnu/libpcl_filters.so  
[2.844s] -- looking for PCL_2D
[2.844s] -- Found PCL_2D: /usr/include/pcl-1.10  
[2.845s] -- looking for PCL_GEOMETRY
[2.845s] -- Found PCL_GEOMETRY: /usr/include/pcl-1.10  
[2.845s] -- looking for PCL_IO
[2.846s] -- Found PCL_IO: /usr/lib/aarch64-linux-gnu/libpcl_io.so  
[2.847s] -- looking for PCL_FEATURES
[2.849s] -- Found PCL_FEATURES: /usr/lib/aarch64-linux-gnu/libpcl_features.so  
[2.851s] -- looking for PCL_ML
[2.851s] -- Found PCL_ML: /usr/lib/aarch64-linux-gnu/libpcl_ml.so  
[2.851s] -- looking for PCL_SEGMENTATION
[2.853s] -- Found PCL_SEGMENTATION: /usr/lib/aarch64-linux-gnu/libpcl_segmentation.so  
[2.853s] -- looking for PCL_VISUALIZATION
[2.854s] -- Found PCL_VISUALIZATION: /usr/lib/aarch64-linux-gnu/libpcl_visualization.so  
[2.855s] -- looking for PCL_SURFACE
[2.858s] -- Found PCL_SURFACE: /usr/lib/aarch64-linux-gnu/libpcl_surface.so  
[2.858s] -- looking for PCL_REGISTRATION
[2.859s] -- Found PCL_REGISTRATION: /usr/lib/aarch64-linux-gnu/libpcl_registration.so  
[2.859s] -- looking for PCL_KEYPOINTS
[2.861s] -- Found PCL_KEYPOINTS: /usr/lib/aarch64-linux-gnu/libpcl_keypoints.so  
[2.861s] -- looking for PCL_TRACKING
[2.863s] -- Found PCL_TRACKING: /usr/lib/aarch64-linux-gnu/libpcl_tracking.so  
[2.864s] -- looking for PCL_RECOGNITION
[2.865s] -- Found PCL_RECOGNITION: /usr/lib/aarch64-linux-gnu/libpcl_recognition.so  
[2.866s] -- looking for PCL_STEREO
[2.868s] -- Found PCL_STEREO: /usr/lib/aarch64-linux-gnu/libpcl_stereo.so  
[2.868s] -- looking for PCL_APPS
[2.870s] -- Found PCL_APPS: /usr/lib/aarch64-linux-gnu/libpcl_apps.so  
[2.871s] -- looking for PCL_IN_HAND_SCANNER
[2.871s] -- Found PCL_IN_HAND_SCANNER: /usr/include/pcl-1.10  
[2.872s] -- looking for PCL_POINT_CLOUD_EDITOR
[2.873s] -- Found PCL_POINT_CLOUD_EDITOR: /usr/include/pcl-1.10  
[2.873s] -- looking for PCL_OUTOFCORE
[2.875s] -- Found PCL_OUTOFCORE: /usr/lib/aarch64-linux-gnu/libpcl_outofcore.so  
[2.876s] -- looking for PCL_PEOPLE
[2.877s] -- Found PCL_PEOPLE: /usr/lib/aarch64-linux-gnu/libpcl_people.so  
[2.880s] -- Found PCL: pcl_common;pcl_kdtree;pcl_octree;pcl_search;pcl_sample_consensus;pcl_filters;pcl_io;pcl_features;pcl_ml;pcl_segmentation;pcl_visualization;pcl_surface;pcl_registration;pcl_keypoints;pcl_tracking;pcl_recognition;pcl_stereo;pcl_apps;pcl_outofcore;pcl_people;/usr/lib/aarch64-linux-gnu/libboost_system.so;/usr/lib/aarch64-linux-gnu/libboost_filesystem.so;/usr/lib/aarch64-linux-gnu/libboost_date_time.so;/usr/lib/aarch64-linux-gnu/libboost_iostreams.so;/usr/lib/aarch64-linux-gnu/libboost_regex.so;optimized;/usr/lib/aarch64-linux-gnu/libqhull.so;debug;/usr/lib/aarch64-linux-gnu/libqhull.so;/usr/lib/libOpenNI.so;/usr/lib/libOpenNI2.so;vtkChartsCore;vtkCommonColor;vtkCommonCore;vtksys;vtkCommonDataModel;vtkCommonMath;vtkCommonMisc;vtkCommonSystem;vtkCommonTransforms;vtkCommonExecutionModel;vtkFiltersGeneral;vtkCommonComputationalGeometry;vtkFiltersCore;vtkInfovisCore;vtkFiltersExtraction;vtkFiltersStatistics;vtkImagingFourier;vtkImagingCore;vtkalglib;vtkRenderingContext2D;vtkRenderingCore;vtkFiltersGeometry;vtkFiltersSources;vtkRenderingFreeType;/usr/lib/aarch64-linux-gnu/libfreetype.so;/usr/lib/aarch64-linux-gnu/libz.so;vtkFiltersModeling;vtkImagingSources;vtkInteractionStyle;vtkInteractionWidgets;vtkFiltersHybrid;vtkImagingColor;vtkImagingGeneral;vtkImagingHybrid;vtkIOImage;vtkDICOMParser;vtkmetaio;/usr/lib/aarch64-linux-gnu/libjpeg.so;/usr/lib/aarch64-linux-gnu/libpng.so;/usr/lib/aarch64-linux-gnu/libtiff.so;vtkRenderingAnnotation;vtkRenderingVolume;vtkIOXML;vtkIOCore;vtkIOXMLParser;/usr/lib/aarch64-linux-gnu/libexpat.so;vtkIOGeometry;vtkIOLegacy;vtkIOPLY;vtkRenderingLOD;vtkViewsContext2D;vtkViewsCore;vtkRenderingContextOpenGL2;vtkRenderingOpenGL2;FLANN::FLANN  
[2.887s] -- Found ament_cmake_auto: 0.9.12 (/opt/ros/foxy/share/ament_cmake_auto/cmake)
[2.958s] -- Found PythonInterp: /usr/bin/python3 (found suitable version "3.8.10", minimum required is "3") 
[2.958s] -- Using PYTHON_EXECUTABLE: /usr/bin/python3
[3.775s] -- Using all available rosidl_typesupport_c: rosidl_typesupport_fastrtps_c;rosidl_typesupport_introspection_c
[3.800s] -- Found rosidl_adapter: 1.3.1 (/opt/ros/foxy/share/rosidl_adapter/cmake)
[4.089s] -- Found OpenSSL: /usr/lib/aarch64-linux-gnu/libcrypto.so (found version "1.1.1f")  
[4.156s] -- Found FastRTPS: /opt/ros/foxy/include  
[4.349s] -- Using all available rosidl_typesupport_cpp: rosidl_typesupport_fastrtps_cpp;rosidl_typesupport_introspection_cpp
[4.478s] -- Found rmw_implementation_cmake: 1.0.4 (/opt/ros/foxy/share/rmw_implementation_cmake/cmake)
[4.483s] -- Using RMW implementation 'rmw_cyclonedds_cpp' as default
[4.485s] -- Looking for pthread.h
[4.663s] -- Looking for pthread.h - found
[4.664s] -- Performing Test CMAKE_HAVE_LIBC_PTHREAD
[4.849s] -- Performing Test CMAKE_HAVE_LIBC_PTHREAD - Failed
[4.849s] -- Looking for pthread_create in pthreads
[5.014s] -- Looking for pthread_create in pthreads - not found
[5.015s] -- Looking for pthread_create in pthread
[5.185s] -- Looking for pthread_create in pthread - found
[5.188s] -- Found Threads: TRUE  
[6.675s] -- Configuring done
[6.759s] -- Generating done
[6.764s] -- Build files have been written to: /home/unitree/navigation_ws/build/linefit_ground_segmentation_ros
[6.801s] Invoked command in '/home/unitree/navigation_ws/build/linefit_ground_segmentation_ros' returned '0': CMAKE_PREFIX_PATH=/home/unitree/navigation_ws/install/linefit_ground_segmentation:/home/unitree/navigation_ws/install/nav2_bringup:/home/unitree/navigation_ws/install/navigation2:/home/unitree/navigation_ws/install/smac_planner:/home/unitree/navigation_ws/install/rm_autonomy:/home/unitree/navigation_ws/install/rm_autonomy_interfaces:/home/unitree/navigation_ws/install/bringup:/home/unitree/navigation_ws/install/pointcloud_to_laserscan:/home/unitree/navigation_ws/install/nav2_dwb_controller:/home/unitree/navigation_ws/install/nav2_controller:/home/unitree/navigation_ws/install/dwb_plugins:/home/unitree/navigation_ws/install/dwb_critics:/home/unitree/navigation_ws/install/dwb_core:/home/unitree/navigation_ws/install/nav_2d_utils:/home/unitree/navigation_ws/install/dwb_msgs:/home/unitree/navigation_ws/install/nav_2d_msgs:/home/unitree/navigation_ws/install/nav2_waypoint_follower:/home/unitree/navigation_ws/install/nav2_regulated_pure_pursuit_controller:/home/unitree/navigation_ws/install/nav2_recoveries:/home/unitree/navigation_ws/install/nav2_planner:/home/unitree/navigation_ws/install/nav2_navfn_planner:/home/unitree/navigation_ws/install/nav2_core:/home/unitree/navigation_ws/install/costmap_queue:/home/unitree/navigation_ws/install/nav2_costmap_2d:/home/unitree/navigation_ws/install/nav2_voxel_grid:/home/unitree/navigation_ws/install/nav2_map_server:/home/unitree/navigation_ws/install/nav2_lifecycle_manager:/home/unitree/navigation_ws/install/nav2_bt_navigator:/home/unitree/navigation_ws/install/nav2_behavior_tree:/home/unitree/navigation_ws/install/nav2_amcl:/home/unitree/navigation_ws/install/nav2_util:/home/unitree/navigation_ws/install/nav2_msgs:/home/unitree/navigation_ws/install/nav2_common:/home/unitree/navigation_ws/install/loam_interface:/home/unitree/navigation_ws/install/fast_lio:/home/unitree/navigation_ws/install/livox_ros_driver2:/home/unitree/navigation_ws/install/linefit_ground_segmentation_ros:/home/unitree/navigation_ws/install/cmd_vel_processor:/home/unitree/navigation_ws/install/behaviortree_cpp:/home/unitree/cyclonedds_ws/install/rmw_cyclonedds_cpp:/home/unitree/cyclonedds_ws/install/cyclonedds:/opt/ros/foxy LD_LIBRARY_PATH=/home/unitree/navigation_ws/install/linefit_ground_segmentation/lib:/home/unitree/navigation_ws/install/smac_planner/lib:/home/unitree/navigation_ws/install/rm_autonomy/lib:/home/unitree/navigation_ws/install/rm_autonomy_interfaces/lib:/home/unitree/navigation_ws/install/pointcloud_to_laserscan/lib:/home/unitree/navigation_ws/install/nav2_controller/lib:/home/unitree/navigation_ws/install/dwb_plugins/lib:/home/unitree/navigation_ws/install/dwb_critics/lib:/home/unitree/navigation_ws/install/dwb_core/lib:/home/unitree/navigation_ws/install/nav_2d_utils/lib:/home/unitree/navigation_ws/install/dwb_msgs/lib:/home/unitree/navigation_ws/install/nav_2d_msgs/lib:/home/unitree/navigation_ws/install/nav2_waypoint_follower/lib:/home/unitree/navigation_ws/install/nav2_regulated_pure_pursuit_controller/lib:/home/unitree/navigation_ws/install/nav2_recoveries/lib:/home/unitree/navigation_ws/install/nav2_planner/lib:/home/unitree/navigation_ws/install/nav2_navfn_planner/lib:/home/unitree/navigation_ws/install/costmap_queue/lib:/home/unitree/navigation_ws/install/nav2_costmap_2d/lib:/home/unitree/navigation_ws/install/nav2_voxel_grid/lib:/home/unitree/navigation_ws/install/nav2_map_server/lib:/home/unitree/navigation_ws/install/nav2_lifecycle_manager/lib:/home/unitree/navigation_ws/install/nav2_bt_navigator/lib:/home/unitree/navigation_ws/install/nav2_behavior_tree/lib:/home/unitree/navigation_ws/install/nav2_amcl/lib:/home/unitree/navigation_ws/install/nav2_util/lib:/home/unitree/navigation_ws/install/nav2_msgs/lib:/home/unitree/navigation_ws/install/loam_interface/lib:/home/unitree/navigation_ws/install/fast_lio/lib:/home/unitree/navigation_ws/install/livox_ros_driver2/lib:/home/unitree/navigation_ws/install/behaviortree_cpp/lib:/usr/local/cuda-11.4/lib64:/usr/local/lib:/home/unitree/cyclonedds_ws/install/rmw_cyclonedds_cpp/lib:/home/unitree/cyclonedds_ws/install/cyclonedds/lib:/opt/ros/foxy/opt/yaml_cpp_vendor/lib:/opt/ros/foxy/opt/rviz_ogre_vendor/lib:/opt/ros/foxy/lib/aarch64-linux-gnu:/opt/ros/foxy/lib /usr/bin/cmake /home/unitree/navigation_ws/src/reconstruction/linefit_ground_segmentation_ros2/linefit_ground_segmentation_ros -DCMAKE_BUILD_TYPE=Release -DCMAKE_INSTALL_PREFIX=/home/unitree/navigation_ws/install/linefit_ground_segmentation_ros
[6.809s] Invoking command in '/home/unitree/navigation_ws/build/linefit_ground_segmentation_ros': CMAKE_PREFIX_PATH=/home/unitree/navigation_ws/install/linefit_ground_segmentation:/home/unitree/navigation_ws/install/nav2_bringup:/home/unitree/navigation_ws/install/navigation2:/home/unitree/navigation_ws/install/smac_planner:/home/unitree/navigation_ws/install/rm_autonomy:/home/unitree/navigation_ws/install/rm_autonomy_interfaces:/home/unitree/navigation_ws/install/bringup:/home/unitree/navigation_ws/install/pointcloud_to_laserscan:/home/unitree/navigation_ws/install/nav2_dwb_controller:/home/unitree/navigation_ws/install/nav2_controller:/home/unitree/navigation_ws/install/dwb_plugins:/home/unitree/navigation_ws/install/dwb_critics:/home/unitree/navigation_ws/install/dwb_core:/home/unitree/navigation_ws/install/nav_2d_utils:/home/unitree/navigation_ws/install/dwb_msgs:/home/unitree/navigation_ws/install/nav_2d_msgs:/home/unitree/navigation_ws/install/nav2_waypoint_follower:/home/unitree/navigation_ws/install/nav2_regulated_pure_pursuit_controller:/home/unitree/navigation_ws/install/nav2_recoveries:/home/unitree/navigation_ws/install/nav2_planner:/home/unitree/navigation_ws/install/nav2_navfn_planner:/home/unitree/navigation_ws/install/nav2_core:/home/unitree/navigation_ws/install/costmap_queue:/home/unitree/navigation_ws/install/nav2_costmap_2d:/home/unitree/navigation_ws/install/nav2_voxel_grid:/home/unitree/navigation_ws/install/nav2_map_server:/home/unitree/navigation_ws/install/nav2_lifecycle_manager:/home/unitree/navigation_ws/install/nav2_bt_navigator:/home/unitree/navigation_ws/install/nav2_behavior_tree:/home/unitree/navigation_ws/install/nav2_amcl:/home/unitree/navigation_ws/install/nav2_util:/home/unitree/navigation_ws/install/nav2_msgs:/home/unitree/navigation_ws/install/nav2_common:/home/unitree/navigation_ws/install/loam_interface:/home/unitree/navigation_ws/install/fast_lio:/home/unitree/navigation_ws/install/livox_ros_driver2:/home/unitree/navigation_ws/install/linefit_ground_segmentation_ros:/home/unitree/navigation_ws/install/cmd_vel_processor:/home/unitree/navigation_ws/install/behaviortree_cpp:/home/unitree/cyclonedds_ws/install/rmw_cyclonedds_cpp:/home/unitree/cyclonedds_ws/install/cyclonedds:/opt/ros/foxy LD_LIBRARY_PATH=/home/unitree/navigation_ws/install/linefit_ground_segmentation/lib:/home/unitree/navigation_ws/install/smac_planner/lib:/home/unitree/navigation_ws/install/rm_autonomy/lib:/home/unitree/navigation_ws/install/rm_autonomy_interfaces/lib:/home/unitree/navigation_ws/install/pointcloud_to_laserscan/lib:/home/unitree/navigation_ws/install/nav2_controller/lib:/home/unitree/navigation_ws/install/dwb_plugins/lib:/home/unitree/navigation_ws/install/dwb_critics/lib:/home/unitree/navigation_ws/install/dwb_core/lib:/home/unitree/navigation_ws/install/nav_2d_utils/lib:/home/unitree/navigation_ws/install/dwb_msgs/lib:/home/unitree/navigation_ws/install/nav_2d_msgs/lib:/home/unitree/navigation_ws/install/nav2_waypoint_follower/lib:/home/unitree/navigation_ws/install/nav2_regulated_pure_pursuit_controller/lib:/home/unitree/navigation_ws/install/nav2_recoveries/lib:/home/unitree/navigation_ws/install/nav2_planner/lib:/home/unitree/navigation_ws/install/nav2_navfn_planner/lib:/home/unitree/navigation_ws/install/costmap_queue/lib:/home/unitree/navigation_ws/install/nav2_costmap_2d/lib:/home/unitree/navigation_ws/install/nav2_voxel_grid/lib:/home/unitree/navigation_ws/install/nav2_map_server/lib:/home/unitree/navigation_ws/install/nav2_lifecycle_manager/lib:/home/unitree/navigation_ws/install/nav2_bt_navigator/lib:/home/unitree/navigation_ws/install/nav2_behavior_tree/lib:/home/unitree/navigation_ws/install/nav2_amcl/lib:/home/unitree/navigation_ws/install/nav2_util/lib:/home/unitree/navigation_ws/install/nav2_msgs/lib:/home/unitree/navigation_ws/install/loam_interface/lib:/home/unitree/navigation_ws/install/fast_lio/lib:/home/unitree/navigation_ws/install/livox_ros_driver2/lib:/home/unitree/navigation_ws/install/behaviortree_cpp/lib:/usr/local/cuda-11.4/lib64:/usr/local/lib:/home/unitree/cyclonedds_ws/install/rmw_cyclonedds_cpp/lib:/home/unitree/cyclonedds_ws/install/cyclonedds/lib:/opt/ros/foxy/opt/yaml_cpp_vendor/lib:/opt/ros/foxy/opt/rviz_ogre_vendor/lib:/opt/ros/foxy/lib/aarch64-linux-gnu:/opt/ros/foxy/lib /usr/bin/cmake --build /home/unitree/navigation_ws/build/linefit_ground_segmentation_ros -- -j8 -l8
[6.933s] [35m[1mScanning dependencies of target ground_segmentation_node[0m
[7.077s] [ 50%] [32m[1mLinking CXX executable ground_segmentation_node[0m
[9.000s] [100%] Built target ground_segmentation_node
[9.034s] Invoked command in '/home/unitree/navigation_ws/build/linefit_ground_segmentation_ros' returned '0': CMAKE_PREFIX_PATH=/home/unitree/navigation_ws/install/linefit_ground_segmentation:/home/unitree/navigation_ws/install/nav2_bringup:/home/unitree/navigation_ws/install/navigation2:/home/unitree/navigation_ws/install/smac_planner:/home/unitree/navigation_ws/install/rm_autonomy:/home/unitree/navigation_ws/install/rm_autonomy_interfaces:/home/unitree/navigation_ws/install/bringup:/home/unitree/navigation_ws/install/pointcloud_to_laserscan:/home/unitree/navigation_ws/install/nav2_dwb_controller:/home/unitree/navigation_ws/install/nav2_controller:/home/unitree/navigation_ws/install/dwb_plugins:/home/unitree/navigation_ws/install/dwb_critics:/home/unitree/navigation_ws/install/dwb_core:/home/unitree/navigation_ws/install/nav_2d_utils:/home/unitree/navigation_ws/install/dwb_msgs:/home/unitree/navigation_ws/install/nav_2d_msgs:/home/unitree/navigation_ws/install/nav2_waypoint_follower:/home/unitree/navigation_ws/install/nav2_regulated_pure_pursuit_controller:/home/unitree/navigation_ws/install/nav2_recoveries:/home/unitree/navigation_ws/install/nav2_planner:/home/unitree/navigation_ws/install/nav2_navfn_planner:/home/unitree/navigation_ws/install/nav2_core:/home/unitree/navigation_ws/install/costmap_queue:/home/unitree/navigation_ws/install/nav2_costmap_2d:/home/unitree/navigation_ws/install/nav2_voxel_grid:/home/unitree/navigation_ws/install/nav2_map_server:/home/unitree/navigation_ws/install/nav2_lifecycle_manager:/home/unitree/navigation_ws/install/nav2_bt_navigator:/home/unitree/navigation_ws/install/nav2_behavior_tree:/home/unitree/navigation_ws/install/nav2_amcl:/home/unitree/navigation_ws/install/nav2_util:/home/unitree/navigation_ws/install/nav2_msgs:/home/unitree/navigation_ws/install/nav2_common:/home/unitree/navigation_ws/install/loam_interface:/home/unitree/navigation_ws/install/fast_lio:/home/unitree/navigation_ws/install/livox_ros_driver2:/home/unitree/navigation_ws/install/linefit_ground_segmentation_ros:/home/unitree/navigation_ws/install/cmd_vel_processor:/home/unitree/navigation_ws/install/behaviortree_cpp:/home/unitree/cyclonedds_ws/install/rmw_cyclonedds_cpp:/home/unitree/cyclonedds_ws/install/cyclonedds:/opt/ros/foxy LD_LIBRARY_PATH=/home/unitree/navigation_ws/install/linefit_ground_segmentation/lib:/home/unitree/navigation_ws/install/smac_planner/lib:/home/unitree/navigation_ws/install/rm_autonomy/lib:/home/unitree/navigation_ws/install/rm_autonomy_interfaces/lib:/home/unitree/navigation_ws/install/pointcloud_to_laserscan/lib:/home/unitree/navigation_ws/install/nav2_controller/lib:/home/unitree/navigation_ws/install/dwb_plugins/lib:/home/unitree/navigation_ws/install/dwb_critics/lib:/home/unitree/navigation_ws/install/dwb_core/lib:/home/unitree/navigation_ws/install/nav_2d_utils/lib:/home/unitree/navigation_ws/install/dwb_msgs/lib:/home/unitree/navigation_ws/install/nav_2d_msgs/lib:/home/unitree/navigation_ws/install/nav2_waypoint_follower/lib:/home/unitree/navigation_ws/install/nav2_regulated_pure_pursuit_controller/lib:/home/unitree/navigation_ws/install/nav2_recoveries/lib:/home/unitree/navigation_ws/install/nav2_planner/lib:/home/unitree/navigation_ws/install/nav2_navfn_planner/lib:/home/unitree/navigation_ws/install/costmap_queue/lib:/home/unitree/navigation_ws/install/nav2_costmap_2d/lib:/home/unitree/navigation_ws/install/nav2_voxel_grid/lib:/home/unitree/navigation_ws/install/nav2_map_server/lib:/home/unitree/navigation_ws/install/nav2_lifecycle_manager/lib:/home/unitree/navigation_ws/install/nav2_bt_navigator/lib:/home/unitree/navigation_ws/install/nav2_behavior_tree/lib:/home/unitree/navigation_ws/install/nav2_amcl/lib:/home/unitree/navigation_ws/install/nav2_util/lib:/home/unitree/navigation_ws/install/nav2_msgs/lib:/home/unitree/navigation_ws/install/loam_interface/lib:/home/unitree/navigation_ws/install/fast_lio/lib:/home/unitree/navigation_ws/install/livox_ros_driver2/lib:/home/unitree/navigation_ws/install/behaviortree_cpp/lib:/usr/local/cuda-11.4/lib64:/usr/local/lib:/home/unitree/cyclonedds_ws/install/rmw_cyclonedds_cpp/lib:/home/unitree/cyclonedds_ws/install/cyclonedds/lib:/opt/ros/foxy/opt/yaml_cpp_vendor/lib:/opt/ros/foxy/opt/rviz_ogre_vendor/lib:/opt/ros/foxy/lib/aarch64-linux-gnu:/opt/ros/foxy/lib /usr/bin/cmake --build /home/unitree/navigation_ws/build/linefit_ground_segmentation_ros -- -j8 -l8
[9.123s] Invoking command in '/home/unitree/navigation_ws/build/linefit_ground_segmentation_ros': CMAKE_PREFIX_PATH=/home/unitree/navigation_ws/install/linefit_ground_segmentation:/home/unitree/navigation_ws/install/nav2_bringup:/home/unitree/navigation_ws/install/navigation2:/home/unitree/navigation_ws/install/smac_planner:/home/unitree/navigation_ws/install/rm_autonomy:/home/unitree/navigation_ws/install/rm_autonomy_interfaces:/home/unitree/navigation_ws/install/bringup:/home/unitree/navigation_ws/install/pointcloud_to_laserscan:/home/unitree/navigation_ws/install/nav2_dwb_controller:/home/unitree/navigation_ws/install/nav2_controller:/home/unitree/navigation_ws/install/dwb_plugins:/home/unitree/navigation_ws/install/dwb_critics:/home/unitree/navigation_ws/install/dwb_core:/home/unitree/navigation_ws/install/nav_2d_utils:/home/unitree/navigation_ws/install/dwb_msgs:/home/unitree/navigation_ws/install/nav_2d_msgs:/home/unitree/navigation_ws/install/nav2_waypoint_follower:/home/unitree/navigation_ws/install/nav2_regulated_pure_pursuit_controller:/home/unitree/navigation_ws/install/nav2_recoveries:/home/unitree/navigation_ws/install/nav2_planner:/home/unitree/navigation_ws/install/nav2_navfn_planner:/home/unitree/navigation_ws/install/nav2_core:/home/unitree/navigation_ws/install/costmap_queue:/home/unitree/navigation_ws/install/nav2_costmap_2d:/home/unitree/navigation_ws/install/nav2_voxel_grid:/home/unitree/navigation_ws/install/nav2_map_server:/home/unitree/navigation_ws/install/nav2_lifecycle_manager:/home/unitree/navigation_ws/install/nav2_bt_navigator:/home/unitree/navigation_ws/install/nav2_behavior_tree:/home/unitree/navigation_ws/install/nav2_amcl:/home/unitree/navigation_ws/install/nav2_util:/home/unitree/navigation_ws/install/nav2_msgs:/home/unitree/navigation_ws/install/nav2_common:/home/unitree/navigation_ws/install/loam_interface:/home/unitree/navigation_ws/install/fast_lio:/home/unitree/navigation_ws/install/livox_ros_driver2:/home/unitree/navigation_ws/install/linefit_ground_segmentation_ros:/home/unitree/navigation_ws/install/cmd_vel_processor:/home/unitree/navigation_ws/install/behaviortree_cpp:/home/unitree/cyclonedds_ws/install/rmw_cyclonedds_cpp:/home/unitree/cyclonedds_ws/install/cyclonedds:/opt/ros/foxy LD_LIBRARY_PATH=/home/unitree/navigation_ws/install/linefit_ground_segmentation/lib:/home/unitree/navigation_ws/install/smac_planner/lib:/home/unitree/navigation_ws/install/rm_autonomy/lib:/home/unitree/navigation_ws/install/rm_autonomy_interfaces/lib:/home/unitree/navigation_ws/install/pointcloud_to_laserscan/lib:/home/unitree/navigation_ws/install/nav2_controller/lib:/home/unitree/navigation_ws/install/dwb_plugins/lib:/home/unitree/navigation_ws/install/dwb_critics/lib:/home/unitree/navigation_ws/install/dwb_core/lib:/home/unitree/navigation_ws/install/nav_2d_utils/lib:/home/unitree/navigation_ws/install/dwb_msgs/lib:/home/unitree/navigation_ws/install/nav_2d_msgs/lib:/home/unitree/navigation_ws/install/nav2_waypoint_follower/lib:/home/unitree/navigation_ws/install/nav2_regulated_pure_pursuit_controller/lib:/home/unitree/navigation_ws/install/nav2_recoveries/lib:/home/unitree/navigation_ws/install/nav2_planner/lib:/home/unitree/navigation_ws/install/nav2_navfn_planner/lib:/home/unitree/navigation_ws/install/costmap_queue/lib:/home/unitree/navigation_ws/install/nav2_costmap_2d/lib:/home/unitree/navigation_ws/install/nav2_voxel_grid/lib:/home/unitree/navigation_ws/install/nav2_map_server/lib:/home/unitree/navigation_ws/install/nav2_lifecycle_manager/lib:/home/unitree/navigation_ws/install/nav2_bt_navigator/lib:/home/unitree/navigation_ws/install/nav2_behavior_tree/lib:/home/unitree/navigation_ws/install/nav2_amcl/lib:/home/unitree/navigation_ws/install/nav2_util/lib:/home/unitree/navigation_ws/install/nav2_msgs/lib:/home/unitree/navigation_ws/install/loam_interface/lib:/home/unitree/navigation_ws/install/fast_lio/lib:/home/unitree/navigation_ws/install/livox_ros_driver2/lib:/home/unitree/navigation_ws/install/behaviortree_cpp/lib:/usr/local/cuda-11.4/lib64:/usr/local/lib:/home/unitree/cyclonedds_ws/install/rmw_cyclonedds_cpp/lib:/home/unitree/cyclonedds_ws/install/cyclonedds/lib:/opt/ros/foxy/opt/yaml_cpp_vendor/lib:/opt/ros/foxy/opt/rviz_ogre_vendor/lib:/opt/ros/foxy/lib/aarch64-linux-gnu:/opt/ros/foxy/lib /usr/bin/cmake --install /home/unitree/navigation_ws/build/linefit_ground_segmentation_ros
[9.158s] -- Install configuration: "debug"
[9.159s] -- Up-to-date: /home/unitree/navigation_ws/install/linefit_ground_segmentation_ros/share/linefit_ground_segmentation_ros/launch
[9.160s] -- Installing: /home/unitree/navigation_ws/install/linefit_ground_segmentation_ros/share/linefit_ground_segmentation_ros/package.dsv
[9.164s] Invoked command in '/home/unitree/navigation_ws/build/linefit_ground_segmentation_ros' returned '0': CMAKE_PREFIX_PATH=/home/unitree/navigation_ws/install/linefit_ground_segmentation:/home/unitree/navigation_ws/install/nav2_bringup:/home/unitree/navigation_ws/install/navigation2:/home/unitree/navigation_ws/install/smac_planner:/home/unitree/navigation_ws/install/rm_autonomy:/home/unitree/navigation_ws/install/rm_autonomy_interfaces:/home/unitree/navigation_ws/install/bringup:/home/unitree/navigation_ws/install/pointcloud_to_laserscan:/home/unitree/navigation_ws/install/nav2_dwb_controller:/home/unitree/navigation_ws/install/nav2_controller:/home/unitree/navigation_ws/install/dwb_plugins:/home/unitree/navigation_ws/install/dwb_critics:/home/unitree/navigation_ws/install/dwb_core:/home/unitree/navigation_ws/install/nav_2d_utils:/home/unitree/navigation_ws/install/dwb_msgs:/home/unitree/navigation_ws/install/nav_2d_msgs:/home/unitree/navigation_ws/install/nav2_waypoint_follower:/home/unitree/navigation_ws/install/nav2_regulated_pure_pursuit_controller:/home/unitree/navigation_ws/install/nav2_recoveries:/home/unitree/navigation_ws/install/nav2_planner:/home/unitree/navigation_ws/install/nav2_navfn_planner:/home/unitree/navigation_ws/install/nav2_core:/home/unitree/navigation_ws/install/costmap_queue:/home/unitree/navigation_ws/install/nav2_costmap_2d:/home/unitree/navigation_ws/install/nav2_voxel_grid:/home/unitree/navigation_ws/install/nav2_map_server:/home/unitree/navigation_ws/install/nav2_lifecycle_manager:/home/unitree/navigation_ws/install/nav2_bt_navigator:/home/unitree/navigation_ws/install/nav2_behavior_tree:/home/unitree/navigation_ws/install/nav2_amcl:/home/unitree/navigation_ws/install/nav2_util:/home/unitree/navigation_ws/install/nav2_msgs:/home/unitree/navigation_ws/install/nav2_common:/home/unitree/navigation_ws/install/loam_interface:/home/unitree/navigation_ws/install/fast_lio:/home/unitree/navigation_ws/install/livox_ros_driver2:/home/unitree/navigation_ws/install/linefit_ground_segmentation_ros:/home/unitree/navigation_ws/install/cmd_vel_processor:/home/unitree/navigation_ws/install/behaviortree_cpp:/home/unitree/cyclonedds_ws/install/rmw_cyclonedds_cpp:/home/unitree/cyclonedds_ws/install/cyclonedds:/opt/ros/foxy LD_LIBRARY_PATH=/home/unitree/navigation_ws/install/linefit_ground_segmentation/lib:/home/unitree/navigation_ws/install/smac_planner/lib:/home/unitree/navigation_ws/install/rm_autonomy/lib:/home/unitree/navigation_ws/install/rm_autonomy_interfaces/lib:/home/unitree/navigation_ws/install/pointcloud_to_laserscan/lib:/home/unitree/navigation_ws/install/nav2_controller/lib:/home/unitree/navigation_ws/install/dwb_plugins/lib:/home/unitree/navigation_ws/install/dwb_critics/lib:/home/unitree/navigation_ws/install/dwb_core/lib:/home/unitree/navigation_ws/install/nav_2d_utils/lib:/home/unitree/navigation_ws/install/dwb_msgs/lib:/home/unitree/navigation_ws/install/nav_2d_msgs/lib:/home/unitree/navigation_ws/install/nav2_waypoint_follower/lib:/home/unitree/navigation_ws/install/nav2_regulated_pure_pursuit_controller/lib:/home/unitree/navigation_ws/install/nav2_recoveries/lib:/home/unitree/navigation_ws/install/nav2_planner/lib:/home/unitree/navigation_ws/install/nav2_navfn_planner/lib:/home/unitree/navigation_ws/install/costmap_queue/lib:/home/unitree/navigation_ws/install/nav2_costmap_2d/lib:/home/unitree/navigation_ws/install/nav2_voxel_grid/lib:/home/unitree/navigation_ws/install/nav2_map_server/lib:/home/unitree/navigation_ws/install/nav2_lifecycle_manager/lib:/home/unitree/navigation_ws/install/nav2_bt_navigator/lib:/home/unitree/navigation_ws/install/nav2_behavior_tree/lib:/home/unitree/navigation_ws/install/nav2_amcl/lib:/home/unitree/navigation_ws/install/nav2_util/lib:/home/unitree/navigation_ws/install/nav2_msgs/lib:/home/unitree/navigation_ws/install/loam_interface/lib:/home/unitree/navigation_ws/install/fast_lio/lib:/home/unitree/navigation_ws/install/livox_ros_driver2/lib:/home/unitree/navigation_ws/install/behaviortree_cpp/lib:/usr/local/cuda-11.4/lib64:/usr/local/lib:/home/unitree/cyclonedds_ws/install/rmw_cyclonedds_cpp/lib:/home/unitree/cyclonedds_ws/install/cyclonedds/lib:/opt/ros/foxy/opt/yaml_cpp_vendor/lib:/opt/ros/foxy/opt/rviz_ogre_vendor/lib:/opt/ros/foxy/lib/aarch64-linux-gnu:/opt/ros/foxy/lib /usr/bin/cmake --install /home/unitree/navigation_ws/build/linefit_ground_segmentation_ros
