In file included from [01m[K/opt/ros/foxy/src/gtest_vendor/include/gtest/gtest.h:60[m[K,
                 from [01m[K/home/unitree/navigation_ws/src/autonomy/BehaviorTree.CPP/tests/gtest_factory.cpp:1[m[K:
[01m[K/home/unitree/navigation_ws/src/autonomy/BehaviorTree.CPP/tests/gtest_factory.cpp:[m[K In member function ‘[01m[Kvirtual void BehaviorTreeFactory_NotRegisteredNode_Test::TestBody()[m[K’:
[01m[K/opt/ros/foxy/src/gtest_vendor/include/gtest/internal/gtest-internal.h:1301:53:[m[K [01;35m[Kwarning: [m[Kignoring return value of ‘[01m[KBT::Tree BT::BehaviorTreeFactory::createTreeFromText(const string&, BT::Blackboard::Ptr)[m[K’, declared with attribute nodiscard [[01;35m[K-Wunused-result[m[K]
 1301 |   if (::testing::internal::AlwaysTrue()) { statement[01;35m[K;[m[K }
      |                                                     [01;35m[K^[m[K
[01m[K/opt/ros/foxy/src/gtest_vendor/include/gtest/internal/gtest-internal.h:1348:7:[m[K [01;36m[Knote: [m[Kin expansion of macro ‘[01m[KGTEST_SUPPRESS_UNREACHABLE_CODE_WARNING_BELOW_[m[K’
 1348 |       [01;36m[KGTEST_SUPPRESS_UNREACHABLE_CODE_WARNING_BELOW_[m[K(statement); \
      |       [01;36m[K^~~~~~~~~~~~~~~~~~~~~~~~~~~~~~~~~~~~~~~~~~~~~~[m[K
[01m[K/opt/ros/foxy/src/gtest_vendor/include/gtest/gtest.h:1931:3:[m[K [01;36m[Knote: [m[Kin expansion of macro ‘[01m[KGTEST_TEST_ANY_THROW_[m[K’
 1931 |   [01;36m[KGTEST_TEST_ANY_THROW_[m[K(statement, GTEST_FATAL_FAILURE_)
      |   [01;36m[K^~~~~~~~~~~~~~~~~~~~~[m[K
[01m[K/home/unitree/navigation_ws/src/autonomy/BehaviorTree.CPP/tests/gtest_factory.cpp:109:3:[m[K [01;36m[Knote: [m[Kin expansion of macro ‘[01m[KASSERT_ANY_THROW[m[K’
  109 |   [01;36m[KASSERT_ANY_THROW[m[K(factory.createTreeFromText(xml_text));
      |   [01;36m[K^~~~~~~~~~~~~~~~[m[K
In file included from [01m[K/home/unitree/navigation_ws/src/autonomy/BehaviorTree.CPP/include/behaviortree_cpp/bt_parser.h:16[m[K,
                 from [01m[K/home/unitree/navigation_ws/src/autonomy/BehaviorTree.CPP/include/behaviortree_cpp/xml_parsing.h:4[m[K,
                 from [01m[K/home/unitree/navigation_ws/src/autonomy/BehaviorTree.CPP/tests/gtest_factory.cpp:6[m[K:
[01m[K/home/unitree/navigation_ws/src/autonomy/BehaviorTree.CPP/include/behaviortree_cpp/bt_factory.h:412:22:[m[K [01;36m[Knote: [m[Kdeclared here
  412 |   [[nodiscard]] Tree [01;36m[KcreateTreeFromText[m[K(
      |                      [01;36m[K^~~~~~~~~~~~~~~~~~[m[K
