-- The C compiler identification is GNU 9.4.0
-- The CXX compiler identification is GNU 9.4.0
-- Check for working C compiler: /usr/bin/cc
-- Check for working C compiler: /usr/bin/cc -- works
-- Detecting C compiler ABI info
-- Detecting C compiler ABI info - done
-- Detecting C compile features
-- Detecting C compile features - done
-- Check for working CXX compiler: /usr/bin/c++
-- Check for working CXX compiler: /usr/bin/c++ -- works
-- Detecting CXX compiler ABI info
-- Detecting CXX compiler ABI info - done
-- Detecting CXX compile features
-- Detecting CXX compile features - done
-- Setting build type to 'Release' as none was specified.
-- Looking for pthread.h
-- Looking for pthread.h - found
-- Performing Test CMAKE_HAVE_LIBC_PTHREAD
-- Performing Test CMAKE_HAVE_LIBC_PTHREAD - Failed
-- Looking for pthread_create in pthreads
-- Looking for pthread_create in pthreads - not found
-- Looking for pthread_create in pthread
-- Looking for pthread_create in pthread - found
-- Found Threads: TRUE  
-- Found PythonInterp: /usr/bin/python3 (found suitable version "3.8.10", minimum required is "3") 
-- Using PYTHON_EXECUTABLE: /usr/bin/python3
-- Override CMake install command with custom implementation using symlinks instead of copying resources
-- ------------------------------------------
-- BehaviorTree is being built using AMENT.
-- ------------------------------------------
-- Found ZeroMQ: /usr/lib/aarch64-linux-gnu/libzmq.so  
-- Found SQLite3: /usr/include (found version "3.31.1") 
-- Found ament_index_cpp: 1.1.0 (/opt/ros/foxy/share/ament_index_cpp/cmake)
-- BTCPP_EXTRA_LIBRARIES: $<BUILD_INTERFACE:ament_index_cpp::ament_index_cpp>;$<BUILD_INTERFACE:/usr/lib/aarch64-linux-gnu/libzmq.so>;$<BUILD_INTERFACE:/usr/lib/aarch64-linux-gnu/libsqlite3.so>
-- BTCPP_LIB_DESTINATION:   lib 
-- BTCPP_INCLUDE_DESTINATION: include 
-- BUILD_TESTING:   ON 
-- Found ament_cmake_gtest: 0.9.12 (/opt/ros/foxy/share/ament_cmake_gtest/cmake)
-- Found gtest sources under '/opt/ros/foxy/src/gtest_vendor': C++ tests using 'Google Test' will be built
-- Check if compiler accepts -pthread
-- Check if compiler accepts -pthread - yes
-- Configuring done
-- Generating done
-- Build files have been written to: /home/unitree/navigation_ws/build/behaviortree_cpp
[35m[1mScanning dependencies of target minitrace[0m
[35m[1mScanning dependencies of target gtest[0m
[35m[1mScanning dependencies of target lexy_file[0m
[35m[1mScanning dependencies of target gtest_main[0m
[  1%] [32mBuilding CXX object gtest/CMakeFiles/gtest_main.dir/src/gtest_main.cc.o[0m
[  1%] [32mBuilding CXX object 3rdparty/lexy/src/CMakeFiles/lexy_file.dir/input/file.cpp.o[0m
[  2%] [32mBuilding CXX object CMakeFiles/minitrace.dir/3rdparty/minitrace/minitrace.cpp.o[0m
[  3%] [32mBuilding CXX object gtest/CMakeFiles/gtest.dir/src/gtest-all.cc.o[0m
[  4%] [32m[1mLinking CXX static library liblexy_file.a[0m
[  5%] [32m[1mLinking CXX static library libminitrace.a[0m
[  5%] Built target lexy_file
[  5%] Built target minitrace
[35m[1mScanning dependencies of target behaviortree_cpp[0m
[  5%] [32mBuilding CXX object CMakeFiles/behaviortree_cpp.dir/src/action_node.cpp.o[0m
[  6%] [32mBuilding CXX object CMakeFiles/behaviortree_cpp.dir/src/basic_types.cpp.o[0m
[  7%] [32mBuilding CXX object CMakeFiles/behaviortree_cpp.dir/src/behavior_tree.cpp.o[0m
[  7%] [32mBuilding CXX object CMakeFiles/behaviortree_cpp.dir/src/blackboard.cpp.o[0m
[  8%] [32mBuilding CXX object CMakeFiles/behaviortree_cpp.dir/src/bt_factory.cpp.o[0m
[  9%] [32mBuilding CXX object CMakeFiles/behaviortree_cpp.dir/src/decorator_node.cpp.o[0m
[ 10%] [32m[1mLinking CXX static library libgtest_main.a[0m
[ 10%] Built target gtest_main
[ 11%] [32mBuilding CXX object CMakeFiles/behaviortree_cpp.dir/src/condition_node.cpp.o[0m
[ 11%] [32mBuilding CXX object CMakeFiles/behaviortree_cpp.dir/src/control_node.cpp.o[0m
[ 11%] [32m[1mLinking CXX static library libgtest.a[0m
[ 11%] Built target gtest
[ 11%] [32mBuilding CXX object CMakeFiles/behaviortree_cpp.dir/src/actions/sleep_node.cpp.o[0m
[ 12%] [32mBuilding CXX object CMakeFiles/behaviortree_cpp.dir/src/actions/updated_action.cpp.o[0m
[ 13%] [32mBuilding CXX object CMakeFiles/behaviortree_cpp.dir/src/decorators/delay_node.cpp.o[0m
[ 14%] [32mBuilding CXX object CMakeFiles/behaviortree_cpp.dir/src/decorators/inverter_node.cpp.o[0m
[ 14%] [32mBuilding CXX object CMakeFiles/behaviortree_cpp.dir/src/decorators/repeat_node.cpp.o[0m
[ 15%] [32mBuilding CXX object CMakeFiles/behaviortree_cpp.dir/src/decorators/retry_node.cpp.o[0m
[ 16%] [32mBuilding CXX object CMakeFiles/behaviortree_cpp.dir/src/decorators/subtree_node.cpp.o[0m
[ 16%] [32mBuilding CXX object CMakeFiles/behaviortree_cpp.dir/src/decorators/timeout_node.cpp.o[0m
[ 17%] [32mBuilding CXX object CMakeFiles/behaviortree_cpp.dir/src/decorators/updated_decorator.cpp.o[0m
[ 18%] [32mBuilding CXX object CMakeFiles/behaviortree_cpp.dir/src/controls/if_then_else_node.cpp.o[0m
[ 19%] [32mBuilding CXX object CMakeFiles/behaviortree_cpp.dir/src/controls/fallback_node.cpp.o[0m
[ 19%] [32mBuilding CXX object CMakeFiles/behaviortree_cpp.dir/src/controls/parallel_node.cpp.o[0m
[ 20%] [32mBuilding CXX object CMakeFiles/behaviortree_cpp.dir/src/controls/parallel_all_node.cpp.o[0m
[ 21%] [32mBuilding CXX object CMakeFiles/behaviortree_cpp.dir/src/controls/reactive_sequence.cpp.o[0m
[ 22%] [32mBuilding CXX object CMakeFiles/behaviortree_cpp.dir/src/actions/test_node.cpp.o[0m
[ 23%] [32mBuilding CXX object CMakeFiles/behaviortree_cpp.dir/src/controls/reactive_fallback.cpp.o[0m
[ 23%] [32mBuilding CXX object CMakeFiles/behaviortree_cpp.dir/src/controls/sequence_node.cpp.o[0m
[ 24%] [32mBuilding CXX object CMakeFiles/behaviortree_cpp.dir/src/xml_parsing.cpp.o[0m
[ 25%] [32mBuilding CXX object CMakeFiles/behaviortree_cpp.dir/src/json_export.cpp.o[0m
[ 25%] [32mBuilding CXX object CMakeFiles/behaviortree_cpp.dir/src/script_parser.cpp.o[0m
[ 26%] [32mBuilding CXX object CMakeFiles/behaviortree_cpp.dir/src/controls/sequence_with_memory_node.cpp.o[0m
[ 26%] [32mBuilding CXX object CMakeFiles/behaviortree_cpp.dir/src/controls/while_do_else_node.cpp.o[0m
[ 27%] [32mBuilding CXX object CMakeFiles/behaviortree_cpp.dir/src/loggers/bt_minitrace_logger.cpp.o[0m
[ 28%] [32mBuilding CXX object CMakeFiles/behaviortree_cpp.dir/src/loggers/bt_file_logger_v2.cpp.o[0m
[ 29%] [32mBuilding CXX object CMakeFiles/behaviortree_cpp.dir/src/loggers/bt_cout_logger.cpp.o[0m
[ 30%] [32mBuilding CXX object CMakeFiles/behaviortree_cpp.dir/src/controls/switch_node.cpp.o[0m
[ 31%] [32mBuilding CXX object CMakeFiles/behaviortree_cpp.dir/src/loggers/groot2_publisher.cpp.o[0m
[ 32%] [32mBuilding CXX object CMakeFiles/behaviortree_cpp.dir/3rdparty/tinyxml2/tinyxml2.cpp.o[0m
[ 32%] [32mBuilding CXX object CMakeFiles/behaviortree_cpp.dir/src/loggers/bt_sqlite_logger.cpp.o[0m
[ 33%] [32mBuilding CXX object CMakeFiles/behaviortree_cpp.dir/src/shared_library_UNIX.cpp.o[0m
[ 34%] [32mBuilding CXX object CMakeFiles/behaviortree_cpp.dir/src/tree_node.cpp.o[0m
[ 34%] [32mBuilding CXX object CMakeFiles/behaviortree_cpp.dir/src/loggers/bt_observer.cpp.o[0m
[ 35%] [32mBuilding CXX object CMakeFiles/behaviortree_cpp.dir/src/shared_library.cpp.o[0m
[ 36%] [32m[1mLinking CXX shared library libbehaviortree_cpp.so[0m
[ 36%] Built target behaviortree_cpp
[35m[1mScanning dependencies of target bt_sample_nodes[0m
[35m[1mScanning dependencies of target movebase_node_dyn[0m
[35m[1mScanning dependencies of target dummy_nodes_dyn[0m
[35m[1mScanning dependencies of target crossdoor_nodes_dyn[0m
[ 36%] [32mBuilding CXX object sample_nodes/CMakeFiles/bt_sample_nodes.dir/crossdoor_nodes.cpp.o[0m
[ 36%] [32mBuilding CXX object sample_nodes/CMakeFiles/crossdoor_nodes_dyn.dir/crossdoor_nodes.cpp.o[0m
[ 37%] [32mBuilding CXX object sample_nodes/CMakeFiles/dummy_nodes_dyn.dir/dummy_nodes.cpp.o[0m
[ 37%] [32mBuilding CXX object sample_nodes/CMakeFiles/movebase_node_dyn.dir/movebase_node.cpp.o[0m
[ 38%] [32mBuilding CXX object sample_nodes/CMakeFiles/bt_sample_nodes.dir/dummy_nodes.cpp.o[0m
[ 39%] [32m[1mLinking CXX shared library bin/libcrossdoor_nodes_dyn.so[0m
[ 39%] Built target crossdoor_nodes_dyn
[35m[1mScanning dependencies of target test_plugin_executor[0m
[ 40%] [32mBuilding CXX object sample_nodes/CMakeFiles/bt_sample_nodes.dir/movebase_node.cpp.o[0m
[35m[1mScanning dependencies of target test_plugin_action[0m
[35m[1mScanning dependencies of target t01_first_tree_dynamic[0m
[ 41%] [32mBuilding CXX object examples/CMakeFiles/test_plugin_executor.dir/plugin_example/plugin_executor.cpp.o[0m
[ 41%] [32mBuilding CXX object examples/CMakeFiles/test_plugin_action.dir/plugin_example/plugin_action.cpp.o[0m
[ 42%] [32mBuilding CXX object examples/CMakeFiles/t01_first_tree_dynamic.dir/t01_build_your_first_tree.cpp.o[0m
[ 43%] [32m[1mLinking CXX shared library bin/libmovebase_node_dyn.so[0m
[ 43%] Built target movebase_node_dyn
[35m[1mScanning dependencies of target bt4_plugin_manifest[0m
[ 44%] [32mBuilding CXX object tools/CMakeFiles/bt4_plugin_manifest.dir/bt_plugin_manifest.cpp.o[0m
[ 44%] [32m[1mLinking CXX shared library bin/libdummy_nodes_dyn.so[0m
[ 44%] Built target dummy_nodes_dyn
[ 45%] [32m[1mLinking CXX executable test_plugin_executor[0m
[ 46%] [32m[1mLinking CXX executable t01_first_tree_dynamic[0m
[ 46%] Built target test_plugin_executor
[ 46%] Built target t01_first_tree_dynamic
[ 47%] [32m[1mLinking CXX static library lib/libbt_sample_nodes.a[0m
[ 47%] Built target bt_sample_nodes
[35m[1mScanning dependencies of target t09_scripting[0m
[35m[1mScanning dependencies of target behaviortree_cpp_test[0m
[ 48%] [32mBuilding CXX object examples/CMakeFiles/t09_scripting.dir/t09_scripting.cpp.o[0m
[ 49%] [32mBuilding CXX object tests/CMakeFiles/behaviortree_cpp_test.dir/src/action_test_node.cpp.o[0m
[ 50%] [32m[1mLinking CXX shared library test_plugin_action.so[0m
[ 50%] Built target test_plugin_action
[ 50%] [32mBuilding CXX object tests/CMakeFiles/behaviortree_cpp_test.dir/src/condition_test_node.cpp.o[0m
[35m[1mScanning dependencies of target t11_groot_howto[0m
[ 51%] [32mBuilding CXX object examples/CMakeFiles/t11_groot_howto.dir/t11_groot_howto.cpp.o[0m
[ 52%] [32m[1mLinking CXX executable bt4_plugin_manifest[0m
[ 52%] Built target bt4_plugin_manifest
[35m[1mScanning dependencies of target t12_default_ports[0m
[ 53%] [32mBuilding CXX object tests/CMakeFiles/behaviortree_cpp_test.dir/gtest_any.cpp.o[0m
[35m[1mScanning dependencies of target t08_additional_node_args[0m
[35m[1mScanning dependencies of target t10_observer[0m
[ 54%] [32mBuilding CXX object examples/CMakeFiles/t12_default_ports.dir/t12_default_ports.cpp.o[0m
[ 54%] [32mBuilding CXX object examples/CMakeFiles/t08_additional_node_args.dir/t08_additional_node_args.cpp.o[0m
[ 54%] [32mBuilding CXX object examples/CMakeFiles/t10_observer.dir/t10_observer.cpp.o[0m
[ 55%] [32m[1mLinking CXX executable t08_additional_node_args[0m
[ 55%] Built target t08_additional_node_args
[ 56%] [32mBuilding CXX object tests/CMakeFiles/behaviortree_cpp_test.dir/gtest_blackboard.cpp.o[0m
[ 57%] [32m[1mLinking CXX executable t09_scripting[0m
[ 57%] Built target t09_scripting
[ 58%] [32m[1mLinking CXX executable t10_observer[0m
[ 58%] Built target t10_observer
[ 58%] [32m[1mLinking CXX executable t11_groot_howto[0m
[ 58%] Built target t11_groot_howto
[ 59%] [32m[1mLinking CXX executable t12_default_ports[0m
[ 59%] Built target t12_default_ports
[ 59%] [32mBuilding CXX object tests/CMakeFiles/behaviortree_cpp_test.dir/gtest_decorator.cpp.o[0m
[35m[1mScanning dependencies of target t05_crossdoor[0m
[ 60%] [32mBuilding CXX object examples/CMakeFiles/t05_crossdoor.dir/t05_crossdoor.cpp.o[0m
[ 61%] [32mBuilding CXX object tests/CMakeFiles/behaviortree_cpp_test.dir/gtest_coroutines.cpp.o[0m
[35m[1mScanning dependencies of target t03_generic_ports[0m
[ 62%] [32mBuilding CXX object examples/CMakeFiles/t03_generic_ports.dir/t03_generic_ports.cpp.o[0m
[ 63%] [32mBuilding CXX object tests/CMakeFiles/behaviortree_cpp_test.dir/gtest_enums.cpp.o[0m
[35m[1mScanning dependencies of target t06_subtree_port_remapping[0m
[ 63%] [32mBuilding CXX object examples/CMakeFiles/t06_subtree_port_remapping.dir/t06_subtree_port_remapping.cpp.o[0m
[35m[1mScanning dependencies of target t07_load_multiple_xml[0m
[ 64%] [32mBuilding CXX object examples/CMakeFiles/t07_load_multiple_xml.dir/t07_load_multiple_xml.cpp.o[0m
[35m[1mScanning dependencies of target ex03_sqlite_log[0m
[ 65%] [32mBuilding CXX object examples/CMakeFiles/ex03_sqlite_log.dir/ex03_sqlite_log.cpp.o[0m
[ 66%] [32m[1mLinking CXX executable t05_crossdoor[0m
[ 66%] Built target t05_crossdoor
[ 67%] [32m[1mLinking CXX executable t03_generic_ports[0m
[ 67%] Built target t03_generic_ports
[ 68%] [32m[1mLinking CXX executable t07_load_multiple_xml[0m
[ 68%] Built target t07_load_multiple_xml
[ 69%] [32m[1mLinking CXX executable t06_subtree_port_remapping[0m
[ 69%] Built target t06_subtree_port_remapping
[ 70%] [32mBuilding CXX object tests/CMakeFiles/behaviortree_cpp_test.dir/gtest_parallel.cpp.o[0m
[ 71%] [32m[1mLinking CXX executable ex03_sqlite_log[0m
[ 71%] Built target ex03_sqlite_log
[ 72%] [32mBuilding CXX object tests/CMakeFiles/behaviortree_cpp_test.dir/gtest_fallback.cpp.o[0m
[35m[1mScanning dependencies of target t14_subtree_model[0m
[ 72%] [32mBuilding CXX object tests/CMakeFiles/behaviortree_cpp_test.dir/gtest_preconditions.cpp.o[0m
[35m[1mScanning dependencies of target t04_reactive_sequence[0m
[ 73%] [32mBuilding CXX object examples/CMakeFiles/t04_reactive_sequence.dir/t04_reactive_sequence.cpp.o[0m
[ 74%] [32mBuilding CXX object examples/CMakeFiles/t14_subtree_model.dir/t14_subtree_model.cpp.o[0m
[35m[1mScanning dependencies of target t02_basic_ports[0m
[ 75%] [32mBuilding CXX object examples/CMakeFiles/t02_basic_ports.dir/t02_basic_ports.cpp.o[0m
[ 76%] [32mBuilding CXX object tests/CMakeFiles/behaviortree_cpp_test.dir/gtest_factory.cpp.o[0m
[35m[1mScanning dependencies of target t13_access_by_ref[0m
[ 77%] [32mBuilding CXX object examples/CMakeFiles/t13_access_by_ref.dir/t13_access_by_ref.cpp.o[0m
In file included from [01m[K/opt/ros/foxy/src/gtest_vendor/include/gtest/gtest.h:60[m[K,
                 from [01m[K/home/unitree/navigation_ws/src/autonomy/BehaviorTree.CPP/tests/gtest_factory.cpp:1[m[K:
[01m[K/home/unitree/navigation_ws/src/autonomy/BehaviorTree.CPP/tests/gtest_factory.cpp:[m[K In member function ‘[01m[Kvirtual void BehaviorTreeFactory_NotRegisteredNode_Test::TestBody()[m[K’:
[01m[K/opt/ros/foxy/src/gtest_vendor/include/gtest/internal/gtest-internal.h:1301:53:[m[K [01;35m[Kwarning: [m[Kignoring return value of ‘[01m[KBT::Tree BT::BehaviorTreeFactory::createTreeFromText(const string&, BT::Blackboard::Ptr)[m[K’, declared with attribute nodiscard [[01;35m[K-Wunused-result[m[K]
 1301 |   if (::testing::internal::AlwaysTrue()) { statement[01;35m[K;[m[K }
      |                                                     [01;35m[K^[m[K
[01m[K/opt/ros/foxy/src/gtest_vendor/include/gtest/internal/gtest-internal.h:1348:7:[m[K [01;36m[Knote: [m[Kin expansion of macro ‘[01m[KGTEST_SUPPRESS_UNREACHABLE_CODE_WARNING_BELOW_[m[K’
 1348 |       [01;36m[KGTEST_SUPPRESS_UNREACHABLE_CODE_WARNING_BELOW_[m[K(statement); \
      |       [01;36m[K^~~~~~~~~~~~~~~~~~~~~~~~~~~~~~~~~~~~~~~~~~~~~~[m[K
[01m[K/opt/ros/foxy/src/gtest_vendor/include/gtest/gtest.h:1931:3:[m[K [01;36m[Knote: [m[Kin expansion of macro ‘[01m[KGTEST_TEST_ANY_THROW_[m[K’
 1931 |   [01;36m[KGTEST_TEST_ANY_THROW_[m[K(statement, GTEST_FATAL_FAILURE_)
      |   [01;36m[K^~~~~~~~~~~~~~~~~~~~~[m[K
[01m[K/home/unitree/navigation_ws/src/autonomy/BehaviorTree.CPP/tests/gtest_factory.cpp:109:3:[m[K [01;36m[Knote: [m[Kin expansion of macro ‘[01m[KASSERT_ANY_THROW[m[K’
  109 |   [01;36m[KASSERT_ANY_THROW[m[K(factory.createTreeFromText(xml_text));
      |   [01;36m[K^~~~~~~~~~~~~~~~[m[K
In file included from [01m[K/home/unitree/navigation_ws/src/autonomy/BehaviorTree.CPP/include/behaviortree_cpp/bt_parser.h:16[m[K,
                 from [01m[K/home/unitree/navigation_ws/src/autonomy/BehaviorTree.CPP/include/behaviortree_cpp/xml_parsing.h:4[m[K,
                 from [01m[K/home/unitree/navigation_ws/src/autonomy/BehaviorTree.CPP/tests/gtest_factory.cpp:6[m[K:
[01m[K/home/unitree/navigation_ws/src/autonomy/BehaviorTree.CPP/include/behaviortree_cpp/bt_factory.h:412:22:[m[K [01;36m[Knote: [m[Kdeclared here
  412 |   [[nodiscard]] Tree [01;36m[KcreateTreeFromText[m[K(
      |                      [01;36m[K^~~~~~~~~~~~~~~~~~[m[K
[ 78%] [32m[1mLinking CXX executable t14_subtree_model[0m
[ 78%] [32m[1mLinking CXX executable t02_basic_ports[0m
[ 78%] [32m[1mLinking CXX executable t04_reactive_sequence[0m
[ 78%] Built target t14_subtree_model
[ 78%] Built target t04_reactive_sequence
[ 78%] Built target t02_basic_ports
[ 78%] [32m[1mLinking CXX executable t13_access_by_ref[0m
[ 78%] Built target t13_access_by_ref
[ 78%] [32mBuilding CXX object tests/CMakeFiles/behaviortree_cpp_test.dir/gtest_postconditions.cpp.o[0m
[ 79%] [32mBuilding CXX object tests/CMakeFiles/behaviortree_cpp_test.dir/gtest_ports.cpp.o[0m
[ 80%] [32mBuilding CXX object tests/CMakeFiles/behaviortree_cpp_test.dir/gtest_match.cpp.o[0m
[ 81%] [32mBuilding CXX object tests/CMakeFiles/behaviortree_cpp_test.dir/gtest_json.cpp.o[0m
[ 82%] [32mBuilding CXX object tests/CMakeFiles/behaviortree_cpp_test.dir/gtest_reactive.cpp.o[0m
[ 82%] [32mBuilding CXX object tests/CMakeFiles/behaviortree_cpp_test.dir/gtest_reactive_backchaining.cpp.o[0m
[ 83%] [32mBuilding CXX object tests/CMakeFiles/behaviortree_cpp_test.dir/gtest_sequence.cpp.o[0m
[ 84%] [32mBuilding CXX object tests/CMakeFiles/behaviortree_cpp_test.dir/gtest_skipping.cpp.o[0m
[ 84%] [32mBuilding CXX object tests/CMakeFiles/behaviortree_cpp_test.dir/gtest_substitution.cpp.o[0m
[ 85%] [32mBuilding CXX object tests/CMakeFiles/behaviortree_cpp_test.dir/gtest_subtree.cpp.o[0m
[ 86%] [32mBuilding CXX object tests/CMakeFiles/behaviortree_cpp_test.dir/gtest_switch.cpp.o[0m
[ 87%] [32mBuilding CXX object tests/CMakeFiles/behaviortree_cpp_test.dir/gtest_tree.cpp.o[0m
[ 87%] [32mBuilding CXX object tests/CMakeFiles/behaviortree_cpp_test.dir/gtest_updates.cpp.o[0m
[ 88%] [32mBuilding CXX object tests/CMakeFiles/behaviortree_cpp_test.dir/gtest_wakeup.cpp.o[0m
[ 89%] [32mBuilding CXX object tests/CMakeFiles/behaviortree_cpp_test.dir/gtest_interface.cpp.o[0m
[ 90%] [32mBuilding CXX object tests/CMakeFiles/behaviortree_cpp_test.dir/script_parser_test.cpp.o[0m
[ 90%] [32m[1mLinking CXX executable behaviortree_cpp_test[0m
[ 90%] Built target behaviortree_cpp_test
[35m[1mScanning dependencies of target t01_first_tree_static[0m
[ 90%] [32mBuilding CXX object examples/CMakeFiles/t01_first_tree_static.dir/t01_build_your_first_tree.cpp.o[0m
[ 91%] [32m[1mLinking CXX executable t01_first_tree_static[0m
[ 91%] Built target t01_first_tree_static
[35m[1mScanning dependencies of target t17_blackboard_backup[0m
[ 91%] [32mBuilding CXX object examples/CMakeFiles/t17_blackboard_backup.dir/t17_blackboard_backup.cpp.o[0m
[ 92%] [32m[1mLinking CXX executable t17_blackboard_backup[0m
[ 92%] Built target t17_blackboard_backup
[35m[1mScanning dependencies of target t18_waypoints[0m
[35m[1mScanning dependencies of target ex02_runtime_ports[0m
[35m[1mScanning dependencies of target t16_global_blackboard[0m
[35m[1mScanning dependencies of target ex01_wrap_legacy[0m
[ 93%] [32mBuilding CXX object examples/CMakeFiles/t18_waypoints.dir/t18_waypoints.cpp.o[0m
[ 94%] [32mBuilding CXX object examples/CMakeFiles/ex02_runtime_ports.dir/ex02_runtime_ports.cpp.o[0m
[ 95%] [32mBuilding CXX object examples/CMakeFiles/t16_global_blackboard.dir/t16_global_blackboard.cpp.o[0m
[ 96%] [32mBuilding CXX object examples/CMakeFiles/ex01_wrap_legacy.dir/ex01_wrap_legacy.cpp.o[0m
[ 97%] [32m[1mLinking CXX executable ex01_wrap_legacy[0m
[ 97%] Built target ex01_wrap_legacy
[35m[1mScanning dependencies of target t15_nodes_mocking[0m
[ 98%] [32mBuilding CXX object examples/CMakeFiles/t15_nodes_mocking.dir/t15_nodes_mocking.cpp.o[0m
[ 98%] [32m[1mLinking CXX executable ex02_runtime_ports[0m
[ 98%] Built target ex02_runtime_ports
[ 99%] [32m[1mLinking CXX executable t16_global_blackboard[0m
[ 99%] Built target t16_global_blackboard
[100%] [32m[1mLinking CXX executable t18_waypoints[0m
[100%] Built target t18_waypoints
[100%] [32m[1mLinking CXX executable t15_nodes_mocking[0m
[100%] Built target t15_nodes_mocking
-- Install configuration: "Release"
-- Execute custom install script
-- Symlinking: /home/unitree/navigation_ws/install/behaviortree_cpp/lib/cmake/lexy/lexyConfig.cmake
-- Symlinking: /home/unitree/navigation_ws/install/behaviortree_cpp/lib/cmake/lexy/lexyConfigVersion.cmake
-- Symlinking: /home/unitree/navigation_ws/install/behaviortree_cpp/share/behaviortree_cpp/bt_plugins/libcrossdoor_nodes_dyn.so
-- Symlinking: /home/unitree/navigation_ws/install/behaviortree_cpp/share/behaviortree_cpp/bt_plugins/libdummy_nodes_dyn.so
-- Symlinking: /home/unitree/navigation_ws/install/behaviortree_cpp/share/behaviortree_cpp/bt_plugins/libmovebase_node_dyn.so
-- Symlinking: /home/unitree/navigation_ws/install/behaviortree_cpp/bin/bt4_plugin_manifest
-- Symlinking: /home/unitree/navigation_ws/install/behaviortree_cpp/share/behaviortree_cpp/environment/library_path.sh
-- Symlinking: /home/unitree/navigation_ws/install/behaviortree_cpp/share/behaviortree_cpp/environment/library_path.dsv
-- Symlinking: /home/unitree/navigation_ws/install/behaviortree_cpp/share/ament_index/resource_index/package_run_dependencies/behaviortree_cpp
-- Symlinking: /home/unitree/navigation_ws/install/behaviortree_cpp/share/ament_index/resource_index/parent_prefix_path/behaviortree_cpp
-- Symlinking: /home/unitree/navigation_ws/install/behaviortree_cpp/share/behaviortree_cpp/environment/ament_prefix_path.sh
-- Symlinking: /home/unitree/navigation_ws/install/behaviortree_cpp/share/behaviortree_cpp/environment/ament_prefix_path.dsv
-- Symlinking: /home/unitree/navigation_ws/install/behaviortree_cpp/share/behaviortree_cpp/environment/path.sh
-- Symlinking: /home/unitree/navigation_ws/install/behaviortree_cpp/share/behaviortree_cpp/environment/path.dsv
-- Symlinking: /home/unitree/navigation_ws/install/behaviortree_cpp/share/behaviortree_cpp/local_setup.bash
-- Symlinking: /home/unitree/navigation_ws/install/behaviortree_cpp/share/behaviortree_cpp/local_setup.sh
-- Symlinking: /home/unitree/navigation_ws/install/behaviortree_cpp/share/behaviortree_cpp/local_setup.zsh
-- Symlinking: /home/unitree/navigation_ws/install/behaviortree_cpp/share/behaviortree_cpp/local_setup.dsv
-- Symlinking: /home/unitree/navigation_ws/install/behaviortree_cpp/share/behaviortree_cpp/package.dsv
-- Symlinking: /home/unitree/navigation_ws/install/behaviortree_cpp/share/ament_index/resource_index/packages/behaviortree_cpp
-- Symlinking: /home/unitree/navigation_ws/install/behaviortree_cpp/share/behaviortree_cpp/cmake/ament_cmake_export_dependencies-extras.cmake
-- Symlinking: /home/unitree/navigation_ws/install/behaviortree_cpp/share/behaviortree_cpp/cmake/ament_cmake_export_include_directories-extras.cmake
-- Symlinking: /home/unitree/navigation_ws/install/behaviortree_cpp/share/behaviortree_cpp/cmake/ament_cmake_export_libraries-extras.cmake
-- Symlinking: /home/unitree/navigation_ws/install/behaviortree_cpp/share/behaviortree_cpp/cmake/ament_cmake_export_targets-extras.cmake
-- Symlinking: /home/unitree/navigation_ws/install/behaviortree_cpp/share/behaviortree_cpp/cmake/behaviortree_cppConfig.cmake
-- Symlinking: /home/unitree/navigation_ws/install/behaviortree_cpp/share/behaviortree_cpp/cmake/behaviortree_cppConfig-version.cmake
-- Symlinking: /home/unitree/navigation_ws/install/behaviortree_cpp/share/behaviortree_cpp/package.xml
-- Installing: /home/unitree/navigation_ws/install/behaviortree_cpp/lib/liblexy_file.a
-- Installing: /home/unitree/navigation_ws/install/behaviortree_cpp/lib/cmake/lexy/lexyTargets.cmake
-- Installing: /home/unitree/navigation_ws/install/behaviortree_cpp/lib/cmake/lexy/lexyTargets-release.cmake
-- Installing: /home/unitree/navigation_ws/install/behaviortree_cpp/include/lexy
-- Installing: /home/unitree/navigation_ws/install/behaviortree_cpp/include/lexy/input_location.hpp
-- Installing: /home/unitree/navigation_ws/install/behaviortree_cpp/include/lexy/callback
-- Installing: /home/unitree/navigation_ws/install/behaviortree_cpp/include/lexy/callback/noop.hpp
-- Installing: /home/unitree/navigation_ws/install/behaviortree_cpp/include/lexy/callback/composition.hpp
-- Installing: /home/unitree/navigation_ws/install/behaviortree_cpp/include/lexy/callback/container.hpp
-- Installing: /home/unitree/navigation_ws/install/behaviortree_cpp/include/lexy/callback/object.hpp
-- Installing: /home/unitree/navigation_ws/install/behaviortree_cpp/include/lexy/callback/bit_cast.hpp
-- Installing: /home/unitree/navigation_ws/install/behaviortree_cpp/include/lexy/callback/bind.hpp
-- Installing: /home/unitree/navigation_ws/install/behaviortree_cpp/include/lexy/callback/adapter.hpp
-- Installing: /home/unitree/navigation_ws/install/behaviortree_cpp/include/lexy/callback/aggregate.hpp
-- Installing: /home/unitree/navigation_ws/install/behaviortree_cpp/include/lexy/callback/forward.hpp
-- Installing: /home/unitree/navigation_ws/install/behaviortree_cpp/include/lexy/callback/string.hpp
-- Installing: /home/unitree/navigation_ws/install/behaviortree_cpp/include/lexy/callback/integer.hpp
-- Installing: /home/unitree/navigation_ws/install/behaviortree_cpp/include/lexy/callback/fold.hpp
-- Installing: /home/unitree/navigation_ws/install/behaviortree_cpp/include/lexy/callback/constant.hpp
-- Installing: /home/unitree/navigation_ws/install/behaviortree_cpp/include/lexy/callback/base.hpp
-- Installing: /home/unitree/navigation_ws/install/behaviortree_cpp/include/lexy/parse_tree.hpp
-- Installing: /home/unitree/navigation_ws/install/behaviortree_cpp/include/lexy/input
-- Installing: /home/unitree/navigation_ws/install/behaviortree_cpp/include/lexy/input/buffer.hpp
-- Installing: /home/unitree/navigation_ws/install/behaviortree_cpp/include/lexy/input/string_input.hpp
-- Installing: /home/unitree/navigation_ws/install/behaviortree_cpp/include/lexy/input/range_input.hpp
-- Installing: /home/unitree/navigation_ws/install/behaviortree_cpp/include/lexy/input/parse_tree_input.hpp
-- Installing: /home/unitree/navigation_ws/install/behaviortree_cpp/include/lexy/input/file.hpp
-- Installing: /home/unitree/navigation_ws/install/behaviortree_cpp/include/lexy/input/argv_input.hpp
-- Installing: /home/unitree/navigation_ws/install/behaviortree_cpp/include/lexy/input/lexeme_input.hpp
-- Installing: /home/unitree/navigation_ws/install/behaviortree_cpp/include/lexy/input/base.hpp
-- Installing: /home/unitree/navigation_ws/install/behaviortree_cpp/include/lexy/encoding.hpp
-- Installing: /home/unitree/navigation_ws/install/behaviortree_cpp/include/lexy/code_point.hpp
-- Installing: /home/unitree/navigation_ws/install/behaviortree_cpp/include/lexy/dsl
-- Installing: /home/unitree/navigation_ws/install/behaviortree_cpp/include/lexy/dsl/until.hpp
-- Installing: /home/unitree/navigation_ws/install/behaviortree_cpp/include/lexy/dsl/branch.hpp
-- Installing: /home/unitree/navigation_ws/install/behaviortree_cpp/include/lexy/dsl/parse_as.hpp
-- Installing: /home/unitree/navigation_ws/install/behaviortree_cpp/include/lexy/dsl/bom.hpp
-- Installing: /home/unitree/navigation_ws/install/behaviortree_cpp/include/lexy/dsl/lookahead.hpp
-- Installing: /home/unitree/navigation_ws/install/behaviortree_cpp/include/lexy/dsl/char_class.hpp
-- Installing: /home/unitree/navigation_ws/install/behaviortree_cpp/include/lexy/dsl/operator.hpp
-- Installing: /home/unitree/navigation_ws/install/behaviortree_cpp/include/lexy/dsl/context_identifier.hpp
-- Installing: /home/unitree/navigation_ws/install/behaviortree_cpp/include/lexy/dsl/delimited.hpp
-- Installing: /home/unitree/navigation_ws/install/behaviortree_cpp/include/lexy/dsl/unicode.hpp
-- Installing: /home/unitree/navigation_ws/install/behaviortree_cpp/include/lexy/dsl/times.hpp
-- Installing: /home/unitree/navigation_ws/install/behaviortree_cpp/include/lexy/dsl/newline.hpp
-- Installing: /home/unitree/navigation_ws/install/behaviortree_cpp/include/lexy/dsl/punctuator.hpp
-- Installing: /home/unitree/navigation_ws/install/behaviortree_cpp/include/lexy/dsl/choice.hpp
-- Installing: /home/unitree/navigation_ws/install/behaviortree_cpp/include/lexy/dsl/recover.hpp
-- Installing: /home/unitree/navigation_ws/install/behaviortree_cpp/include/lexy/dsl/list.hpp
-- Installing: /home/unitree/navigation_ws/install/behaviortree_cpp/include/lexy/dsl/context_flag.hpp
-- Installing: /home/unitree/navigation_ws/install/behaviortree_cpp/include/lexy/dsl/identifier.hpp
-- Installing: /home/unitree/navigation_ws/install/behaviortree_cpp/include/lexy/dsl/if.hpp
-- Installing: /home/unitree/navigation_ws/install/behaviortree_cpp/include/lexy/dsl/brackets.hpp
-- Installing: /home/unitree/navigation_ws/install/behaviortree_cpp/include/lexy/dsl/separator.hpp
-- Installing: /home/unitree/navigation_ws/install/behaviortree_cpp/include/lexy/dsl/peek.hpp
-- Installing: /home/unitree/navigation_ws/install/behaviortree_cpp/include/lexy/dsl/code_point.hpp
-- Installing: /home/unitree/navigation_ws/install/behaviortree_cpp/include/lexy/dsl/case_folding.hpp
-- Installing: /home/unitree/navigation_ws/install/behaviortree_cpp/include/lexy/dsl/literal.hpp
-- Installing: /home/unitree/navigation_ws/install/behaviortree_cpp/include/lexy/dsl/production.hpp
-- Installing: /home/unitree/navigation_ws/install/behaviortree_cpp/include/lexy/dsl/any.hpp
-- Installing: /home/unitree/navigation_ws/install/behaviortree_cpp/include/lexy/dsl/return.hpp
-- Installing: /home/unitree/navigation_ws/install/behaviortree_cpp/include/lexy/dsl/loop.hpp
-- Installing: /home/unitree/navigation_ws/install/behaviortree_cpp/include/lexy/dsl/sign.hpp
-- Installing: /home/unitree/navigation_ws/install/behaviortree_cpp/include/lexy/dsl/sequence.hpp
-- Installing: /home/unitree/navigation_ws/install/behaviortree_cpp/include/lexy/dsl/combination.hpp
-- Installing: /home/unitree/navigation_ws/install/behaviortree_cpp/include/lexy/dsl/digit.hpp
-- Installing: /home/unitree/navigation_ws/install/behaviortree_cpp/include/lexy/dsl/repeat.hpp
-- Installing: /home/unitree/navigation_ws/install/behaviortree_cpp/include/lexy/dsl/ascii.hpp
-- Installing: /home/unitree/navigation_ws/install/behaviortree_cpp/include/lexy/dsl/scan.hpp
-- Installing: /home/unitree/navigation_ws/install/behaviortree_cpp/include/lexy/dsl/effect.hpp
-- Installing: /home/unitree/navigation_ws/install/behaviortree_cpp/include/lexy/dsl/capture.hpp
-- Installing: /home/unitree/navigation_ws/install/behaviortree_cpp/include/lexy/dsl/subgrammar.hpp
-- Installing: /home/unitree/navigation_ws/install/behaviortree_cpp/include/lexy/dsl/position.hpp
-- Installing: /home/unitree/navigation_ws/install/behaviortree_cpp/include/lexy/dsl/member.hpp
-- Installing: /home/unitree/navigation_ws/install/behaviortree_cpp/include/lexy/dsl/terminator.hpp
-- Installing: /home/unitree/navigation_ws/install/behaviortree_cpp/include/lexy/dsl/error.hpp
-- Installing: /home/unitree/navigation_ws/install/behaviortree_cpp/include/lexy/dsl/token.hpp
-- Installing: /home/unitree/navigation_ws/install/behaviortree_cpp/include/lexy/dsl/context_counter.hpp
-- Installing: /home/unitree/navigation_ws/install/behaviortree_cpp/include/lexy/dsl/bits.hpp
-- Installing: /home/unitree/navigation_ws/install/behaviortree_cpp/include/lexy/dsl/flags.hpp
-- Installing: /home/unitree/navigation_ws/install/behaviortree_cpp/include/lexy/dsl/integer.hpp
-- Installing: /home/unitree/navigation_ws/install/behaviortree_cpp/include/lexy/dsl/parse_tree_node.hpp
-- Installing: /home/unitree/navigation_ws/install/behaviortree_cpp/include/lexy/dsl/follow.hpp
-- Installing: /home/unitree/navigation_ws/install/behaviortree_cpp/include/lexy/dsl/byte.hpp
-- Installing: /home/unitree/navigation_ws/install/behaviortree_cpp/include/lexy/dsl/eof.hpp
-- Installing: /home/unitree/navigation_ws/install/behaviortree_cpp/include/lexy/dsl/option.hpp
-- Installing: /home/unitree/navigation_ws/install/behaviortree_cpp/include/lexy/dsl/symbol.hpp
-- Installing: /home/unitree/navigation_ws/install/behaviortree_cpp/include/lexy/dsl/whitespace.hpp
-- Installing: /home/unitree/navigation_ws/install/behaviortree_cpp/include/lexy/dsl/base.hpp
-- Installing: /home/unitree/navigation_ws/install/behaviortree_cpp/include/lexy/dsl/expression.hpp
-- Installing: /home/unitree/navigation_ws/install/behaviortree_cpp/include/lexy/dsl.hpp
-- Installing: /home/unitree/navigation_ws/install/behaviortree_cpp/include/lexy/_detail
-- Installing: /home/unitree/navigation_ws/install/behaviortree_cpp/include/lexy/_detail/string_view.hpp
-- Installing: /home/unitree/navigation_ws/install/behaviortree_cpp/include/lexy/_detail/memory_resource.hpp
-- Installing: /home/unitree/navigation_ws/install/behaviortree_cpp/include/lexy/_detail/nttp_string.hpp
-- Installing: /home/unitree/navigation_ws/install/behaviortree_cpp/include/lexy/_detail/assert.hpp
-- Installing: /home/unitree/navigation_ws/install/behaviortree_cpp/include/lexy/_detail/stateless_lambda.hpp
-- Installing: /home/unitree/navigation_ws/install/behaviortree_cpp/include/lexy/_detail/config.hpp
-- Installing: /home/unitree/navigation_ws/install/behaviortree_cpp/include/lexy/_detail/code_point.hpp
-- Installing: /home/unitree/navigation_ws/install/behaviortree_cpp/include/lexy/_detail/std.hpp
-- Installing: /home/unitree/navigation_ws/install/behaviortree_cpp/include/lexy/_detail/lazy_init.hpp
-- Installing: /home/unitree/navigation_ws/install/behaviortree_cpp/include/lexy/_detail/tuple.hpp
-- Installing: /home/unitree/navigation_ws/install/behaviortree_cpp/include/lexy/_detail/swar.hpp
-- Installing: /home/unitree/navigation_ws/install/behaviortree_cpp/include/lexy/_detail/detect.hpp
-- Installing: /home/unitree/navigation_ws/install/behaviortree_cpp/include/lexy/_detail/iterator.hpp
-- Installing: /home/unitree/navigation_ws/install/behaviortree_cpp/include/lexy/_detail/buffer_builder.hpp
-- Installing: /home/unitree/navigation_ws/install/behaviortree_cpp/include/lexy/_detail/integer_sequence.hpp
-- Installing: /home/unitree/navigation_ws/install/behaviortree_cpp/include/lexy/_detail/type_name.hpp
-- Installing: /home/unitree/navigation_ws/install/behaviortree_cpp/include/lexy/_detail/invoke.hpp
-- Installing: /home/unitree/navigation_ws/install/behaviortree_cpp/include/lexy/_detail/any_ref.hpp
-- Installing: /home/unitree/navigation_ws/install/behaviortree_cpp/include/lexy/_detail/unicode_database.hpp
-- Installing: /home/unitree/navigation_ws/install/behaviortree_cpp/include/lexy/lexeme.hpp
-- Installing: /home/unitree/navigation_ws/install/behaviortree_cpp/include/lexy/action
-- Installing: /home/unitree/navigation_ws/install/behaviortree_cpp/include/lexy/action/match.hpp
-- Installing: /home/unitree/navigation_ws/install/behaviortree_cpp/include/lexy/action/parse_as_tree.hpp
-- Installing: /home/unitree/navigation_ws/install/behaviortree_cpp/include/lexy/action/parse.hpp
-- Installing: /home/unitree/navigation_ws/install/behaviortree_cpp/include/lexy/action/validate.hpp
-- Installing: /home/unitree/navigation_ws/install/behaviortree_cpp/include/lexy/action/scan.hpp
-- Installing: /home/unitree/navigation_ws/install/behaviortree_cpp/include/lexy/action/trace.hpp
-- Installing: /home/unitree/navigation_ws/install/behaviortree_cpp/include/lexy/action/base.hpp
-- Installing: /home/unitree/navigation_ws/install/behaviortree_cpp/include/lexy/callback.hpp
-- Installing: /home/unitree/navigation_ws/install/behaviortree_cpp/include/lexy/error.hpp
-- Installing: /home/unitree/navigation_ws/install/behaviortree_cpp/include/lexy/token.hpp
-- Installing: /home/unitree/navigation_ws/install/behaviortree_cpp/include/lexy/visualize.hpp
-- Installing: /home/unitree/navigation_ws/install/behaviortree_cpp/include/lexy/grammar.hpp
-- Installing: /home/unitree/navigation_ws/install/behaviortree_cpp/include/lexy_ext
-- Installing: /home/unitree/navigation_ws/install/behaviortree_cpp/include/lexy_ext/shell.hpp
-- Installing: /home/unitree/navigation_ws/install/behaviortree_cpp/include/lexy_ext/parse_tree_doctest.hpp
-- Installing: /home/unitree/navigation_ws/install/behaviortree_cpp/include/lexy_ext/compiler_explorer.hpp
-- Installing: /home/unitree/navigation_ws/install/behaviortree_cpp/include/lexy_ext/parse_tree_algorithm.hpp
-- Installing: /home/unitree/navigation_ws/install/behaviortree_cpp/include/lexy_ext/report_error.hpp
-- Installing: /home/unitree/navigation_ws/install/behaviortree_cpp/lib/libbehaviortree_cpp.so
-- Set runtime path of "/home/unitree/navigation_ws/install/behaviortree_cpp/lib/libbehaviortree_cpp.so" to ""
-- Up-to-date: /home/unitree/navigation_ws/install/behaviortree_cpp/include
-- Installing: /home/unitree/navigation_ws/install/behaviortree_cpp/include/behaviortree_cpp
-- Installing: /home/unitree/navigation_ws/install/behaviortree_cpp/include/behaviortree_cpp/scripting
-- Installing: /home/unitree/navigation_ws/install/behaviortree_cpp/include/behaviortree_cpp/scripting/script_parser.hpp
-- Installing: /home/unitree/navigation_ws/install/behaviortree_cpp/include/behaviortree_cpp/scripting/any_types.hpp
-- Installing: /home/unitree/navigation_ws/install/behaviortree_cpp/include/behaviortree_cpp/scripting/operators.hpp
-- Installing: /home/unitree/navigation_ws/install/behaviortree_cpp/include/behaviortree_cpp/flatbuffers
-- Installing: /home/unitree/navigation_ws/install/behaviortree_cpp/include/behaviortree_cpp/flatbuffers/bt_flatbuffer_helper.h
-- Installing: /home/unitree/navigation_ws/install/behaviortree_cpp/include/behaviortree_cpp/utils
-- Installing: /home/unitree/navigation_ws/install/behaviortree_cpp/include/behaviortree_cpp/utils/signal.h
-- Installing: /home/unitree/navigation_ws/install/behaviortree_cpp/include/behaviortree_cpp/utils/locked_reference.hpp
-- Installing: /home/unitree/navigation_ws/install/behaviortree_cpp/include/behaviortree_cpp/utils/shared_library.h
-- Installing: /home/unitree/navigation_ws/install/behaviortree_cpp/include/behaviortree_cpp/utils/platform.hpp
-- Installing: /home/unitree/navigation_ws/install/behaviortree_cpp/include/behaviortree_cpp/utils/wakeup_signal.hpp
-- Installing: /home/unitree/navigation_ws/install/behaviortree_cpp/include/behaviortree_cpp/utils/convert_impl.hpp
-- Installing: /home/unitree/navigation_ws/install/behaviortree_cpp/include/behaviortree_cpp/utils/demangle_util.h
-- Installing: /home/unitree/navigation_ws/install/behaviortree_cpp/include/behaviortree_cpp/utils/strcat.hpp
-- Installing: /home/unitree/navigation_ws/install/behaviortree_cpp/include/behaviortree_cpp/utils/safe_any.hpp
-- Installing: /home/unitree/navigation_ws/install/behaviortree_cpp/include/behaviortree_cpp/utils/timer_queue.h
-- Installing: /home/unitree/navigation_ws/install/behaviortree_cpp/include/behaviortree_cpp/utils/simple_string.hpp
-- Installing: /home/unitree/navigation_ws/install/behaviortree_cpp/include/behaviortree_cpp/bt_factory.h
-- Installing: /home/unitree/navigation_ws/install/behaviortree_cpp/include/behaviortree_cpp/tree_node.h
-- Installing: /home/unitree/navigation_ws/install/behaviortree_cpp/include/behaviortree_cpp/contrib
-- Installing: /home/unitree/navigation_ws/install/behaviortree_cpp/include/behaviortree_cpp/contrib/any.hpp
-- Installing: /home/unitree/navigation_ws/install/behaviortree_cpp/include/behaviortree_cpp/contrib/magic_enum.hpp
-- Installing: /home/unitree/navigation_ws/install/behaviortree_cpp/include/behaviortree_cpp/contrib/json.hpp
-- Installing: /home/unitree/navigation_ws/install/behaviortree_cpp/include/behaviortree_cpp/contrib/expected.hpp
-- Installing: /home/unitree/navigation_ws/install/behaviortree_cpp/include/behaviortree_cpp/json_export.h
-- Installing: /home/unitree/navigation_ws/install/behaviortree_cpp/include/behaviortree_cpp/blackboard.h
-- Installing: /home/unitree/navigation_ws/install/behaviortree_cpp/include/behaviortree_cpp/exceptions.h
-- Installing: /home/unitree/navigation_ws/install/behaviortree_cpp/include/behaviortree_cpp/bt_parser.h
-- Installing: /home/unitree/navigation_ws/install/behaviortree_cpp/include/behaviortree_cpp/decorators
-- Installing: /home/unitree/navigation_ws/install/behaviortree_cpp/include/behaviortree_cpp/decorators/updated_decorator.h
-- Installing: /home/unitree/navigation_ws/install/behaviortree_cpp/include/behaviortree_cpp/decorators/loop_node.h
-- Installing: /home/unitree/navigation_ws/install/behaviortree_cpp/include/behaviortree_cpp/decorators/keep_running_until_failure_node.h
-- Installing: /home/unitree/navigation_ws/install/behaviortree_cpp/include/behaviortree_cpp/decorators/timeout_node.h
-- Installing: /home/unitree/navigation_ws/install/behaviortree_cpp/include/behaviortree_cpp/decorators/retry_node.h
-- Installing: /home/unitree/navigation_ws/install/behaviortree_cpp/include/behaviortree_cpp/decorators/consume_queue.h
-- Installing: /home/unitree/navigation_ws/install/behaviortree_cpp/include/behaviortree_cpp/decorators/script_precondition.h
-- Installing: /home/unitree/navigation_ws/install/behaviortree_cpp/include/behaviortree_cpp/decorators/delay_node.h
-- Installing: /home/unitree/navigation_ws/install/behaviortree_cpp/include/behaviortree_cpp/decorators/repeat_node.h
-- Installing: /home/unitree/navigation_ws/install/behaviortree_cpp/include/behaviortree_cpp/decorators/inverter_node.h
-- Installing: /home/unitree/navigation_ws/install/behaviortree_cpp/include/behaviortree_cpp/decorators/subtree_node.h
-- Installing: /home/unitree/navigation_ws/install/behaviortree_cpp/include/behaviortree_cpp/decorators/force_failure_node.h
-- Installing: /home/unitree/navigation_ws/install/behaviortree_cpp/include/behaviortree_cpp/decorators/force_success_node.h
-- Installing: /home/unitree/navigation_ws/install/behaviortree_cpp/include/behaviortree_cpp/decorators/run_once_node.h
-- Installing: /home/unitree/navigation_ws/install/behaviortree_cpp/include/behaviortree_cpp/control_node.h
-- Installing: /home/unitree/navigation_ws/install/behaviortree_cpp/include/behaviortree_cpp/action_node.h
-- Installing: /home/unitree/navigation_ws/install/behaviortree_cpp/include/behaviortree_cpp/basic_types.h
-- Installing: /home/unitree/navigation_ws/install/behaviortree_cpp/include/behaviortree_cpp/xml_parsing.h
-- Installing: /home/unitree/navigation_ws/install/behaviortree_cpp/include/behaviortree_cpp/actions
-- Installing: /home/unitree/navigation_ws/install/behaviortree_cpp/include/behaviortree_cpp/actions/unset_blackboard_node.h
-- Installing: /home/unitree/navigation_ws/install/behaviortree_cpp/include/behaviortree_cpp/actions/test_node.h
-- Installing: /home/unitree/navigation_ws/install/behaviortree_cpp/include/behaviortree_cpp/actions/updated_action.h
-- Installing: /home/unitree/navigation_ws/install/behaviortree_cpp/include/behaviortree_cpp/actions/sleep_node.h
-- Installing: /home/unitree/navigation_ws/install/behaviortree_cpp/include/behaviortree_cpp/actions/always_failure_node.h
-- Installing: /home/unitree/navigation_ws/install/behaviortree_cpp/include/behaviortree_cpp/actions/pop_from_queue.hpp
-- Installing: /home/unitree/navigation_ws/install/behaviortree_cpp/include/behaviortree_cpp/actions/script_node.h
-- Installing: /home/unitree/navigation_ws/install/behaviortree_cpp/include/behaviortree_cpp/actions/script_condition.h
-- Installing: /home/unitree/navigation_ws/install/behaviortree_cpp/include/behaviortree_cpp/actions/always_success_node.h
-- Installing: /home/unitree/navigation_ws/install/behaviortree_cpp/include/behaviortree_cpp/actions/set_blackboard_node.h
-- Installing: /home/unitree/navigation_ws/install/behaviortree_cpp/include/behaviortree_cpp/controls
-- Installing: /home/unitree/navigation_ws/install/behaviortree_cpp/include/behaviortree_cpp/controls/parallel_all_node.h
-- Installing: /home/unitree/navigation_ws/install/behaviortree_cpp/include/behaviortree_cpp/controls/fallback_node.h
-- Installing: /home/unitree/navigation_ws/install/behaviortree_cpp/include/behaviortree_cpp/controls/reactive_sequence.h
-- Installing: /home/unitree/navigation_ws/install/behaviortree_cpp/include/behaviortree_cpp/controls/sequence_with_memory_node.h
-- Installing: /home/unitree/navigation_ws/install/behaviortree_cpp/include/behaviortree_cpp/controls/sequence_node.h
-- Installing: /home/unitree/navigation_ws/install/behaviortree_cpp/include/behaviortree_cpp/controls/switch_node.h
-- Installing: /home/unitree/navigation_ws/install/behaviortree_cpp/include/behaviortree_cpp/controls/manual_node.h
-- Installing: /home/unitree/navigation_ws/install/behaviortree_cpp/include/behaviortree_cpp/controls/reactive_fallback.h
-- Installing: /home/unitree/navigation_ws/install/behaviortree_cpp/include/behaviortree_cpp/controls/if_then_else_node.h
-- Installing: /home/unitree/navigation_ws/install/behaviortree_cpp/include/behaviortree_cpp/controls/while_do_else_node.h
-- Installing: /home/unitree/navigation_ws/install/behaviortree_cpp/include/behaviortree_cpp/controls/parallel_node.h
-- Installing: /home/unitree/navigation_ws/install/behaviortree_cpp/include/behaviortree_cpp/leaf_node.h
-- Installing: /home/unitree/navigation_ws/install/behaviortree_cpp/include/behaviortree_cpp/condition_node.h
-- Installing: /home/unitree/navigation_ws/install/behaviortree_cpp/include/behaviortree_cpp/decorator_node.h
-- Installing: /home/unitree/navigation_ws/install/behaviortree_cpp/include/behaviortree_cpp/loggers
-- Installing: /home/unitree/navigation_ws/install/behaviortree_cpp/include/behaviortree_cpp/loggers/bt_observer.h
-- Installing: /home/unitree/navigation_ws/install/behaviortree_cpp/include/behaviortree_cpp/loggers/bt_sqlite_logger.h
-- Installing: /home/unitree/navigation_ws/install/behaviortree_cpp/include/behaviortree_cpp/loggers/abstract_logger.h
-- Installing: /home/unitree/navigation_ws/install/behaviortree_cpp/include/behaviortree_cpp/loggers/bt_file_logger_v2.h
-- Installing: /home/unitree/navigation_ws/install/behaviortree_cpp/include/behaviortree_cpp/loggers/bt_cout_logger.h
-- Installing: /home/unitree/navigation_ws/install/behaviortree_cpp/include/behaviortree_cpp/loggers/groot2_protocol.h
-- Installing: /home/unitree/navigation_ws/install/behaviortree_cpp/include/behaviortree_cpp/loggers/groot2_publisher.h
-- Installing: /home/unitree/navigation_ws/install/behaviortree_cpp/include/behaviortree_cpp/loggers/bt_minitrace_logger.h
-- Installing: /home/unitree/navigation_ws/install/behaviortree_cpp/include/behaviortree_cpp/behavior_tree.h
-- Installing: /home/unitree/navigation_ws/install/behaviortree_cpp/share/behaviortree_cpp/cmake/behaviortree_cppTargetsExport.cmake
-- Installing: /home/unitree/navigation_ws/install/behaviortree_cpp/share/behaviortree_cpp/cmake/behaviortree_cppTargetsExport-release.cmake
