[0.075s] Invoking command in '/home/unitree/navigation_ws/build/behaviortree_cpp': CMAKE_PREFIX_PATH=${CMAKE_PREFIX_PATH}:/opt/ros/foxy /usr/bin/cmake /home/unitree/navigation_ws/src/autonomy/BehaviorTree.CPP -DAMENT_CMAKE_SYMLINK_INSTALL=1 -DCMAKE_INSTALL_PREFIX=/home/unitree/navigation_ws/install/behaviortree_cpp
[0.259s] -- The C compiler identification is GNU 9.4.0
[0.445s] -- The CXX compiler identification is GNU 9.4.0
[0.452s] -- Check for working C compiler: /usr/bin/cc
[0.621s] -- Check for working C compiler: /usr/bin/cc -- works
[0.622s] -- Detecting C compiler ABI info
[0.807s] -- Detecting C compiler ABI info - done
[0.822s] -- Detecting C compile features
[0.824s] -- Detecting C compile features - done
[0.829s] -- Check for working CXX compiler: /usr/bin/c++
[1.030s] -- Check for working CXX compiler: /usr/bin/c++ -- works
[1.033s] -- Detecting CXX compiler ABI info
[1.214s] -- Detecting CXX compiler ABI info - done
[1.235s] -- Detecting CXX compile features
[1.238s] -- Detecting CXX compile features - done
[1.240s] -- Setting build type to 'Release' as none was specified.
[1.244s] -- Looking for pthread.h
[1.399s] -- Looking for pthread.h - found
[1.399s] -- Performing Test CMAKE_HAVE_LIBC_PTHREAD
[1.596s] -- Performing Test CMAKE_HAVE_LIBC_PTHREAD - Failed
[1.596s] -- Looking for pthread_create in pthreads
[1.728s] -- Looking for pthread_create in pthreads - not found
[1.731s] -- Looking for pthread_create in pthread
[1.869s] -- Looking for pthread_create in pthread - found
[1.871s] -- Found Threads: TRUE  
[1.924s] -- Found PythonInterp: /usr/bin/python3 (found suitable version "3.8.10", minimum required is "3") 
[1.924s] -- Using PYTHON_EXECUTABLE: /usr/bin/python3
[2.245s] -- Override CMake install command with custom implementation using symlinks instead of copying resources
[2.282s] -- ------------------------------------------
[2.282s] -- BehaviorTree is being built using AMENT.
[2.282s] -- ------------------------------------------
[2.298s] -- Found ZeroMQ: /usr/lib/aarch64-linux-gnu/libzmq.so  
[2.304s] -- Found SQLite3: /usr/include (found version "3.31.1") 
[2.308s] -- Found ament_index_cpp: 1.1.0 (/opt/ros/foxy/share/ament_index_cpp/cmake)
[2.327s] -- BTCPP_EXTRA_LIBRARIES: $<BUILD_INTERFACE:ament_index_cpp::ament_index_cpp>;$<BUILD_INTERFACE:/usr/lib/aarch64-linux-gnu/libzmq.so>;$<BUILD_INTERFACE:/usr/lib/aarch64-linux-gnu/libsqlite3.so>
[2.327s] -- BTCPP_LIB_DESTINATION:   lib 
[2.327s] -- BTCPP_INCLUDE_DESTINATION: include 
[2.351s] -- BUILD_TESTING:   ON 
[2.356s] -- Found ament_cmake_gtest: 0.9.12 (/opt/ros/foxy/share/ament_cmake_gtest/cmake)
[2.361s] -- Found gtest sources under '/opt/ros/foxy/src/gtest_vendor': C++ tests using 'Google Test' will be built
[2.364s] -- Check if compiler accepts -pthread
[2.511s] -- Check if compiler accepts -pthread - yes
[2.665s] -- Configuring done
[2.899s] -- Generating done
[2.912s] -- Build files have been written to: /home/unitree/navigation_ws/build/behaviortree_cpp
[2.951s] Invoked command in '/home/unitree/navigation_ws/build/behaviortree_cpp' returned '0': CMAKE_PREFIX_PATH=${CMAKE_PREFIX_PATH}:/opt/ros/foxy /usr/bin/cmake /home/unitree/navigation_ws/src/autonomy/BehaviorTree.CPP -DAMENT_CMAKE_SYMLINK_INSTALL=1 -DCMAKE_INSTALL_PREFIX=/home/unitree/navigation_ws/install/behaviortree_cpp
[2.952s] Invoking command in '/home/unitree/navigation_ws/build/behaviortree_cpp': CMAKE_PREFIX_PATH=${CMAKE_PREFIX_PATH}:/opt/ros/foxy /usr/bin/cmake --build /home/unitree/navigation_ws/build/behaviortree_cpp -- -j8 -l8
[3.345s] [35m[1mScanning dependencies of target minitrace[0m
[3.345s] [35m[1mScanning dependencies of target gtest[0m
[3.345s] [35m[1mScanning dependencies of target lexy_file[0m
[3.346s] [35m[1mScanning dependencies of target gtest_main[0m
[3.346s] [  1%] [32mBuilding CXX object gtest/CMakeFiles/gtest_main.dir/src/gtest_main.cc.o[0m
[3.346s] [  1%] [32mBuilding CXX object 3rdparty/lexy/src/CMakeFiles/lexy_file.dir/input/file.cpp.o[0m
[3.346s] [  2%] [32mBuilding CXX object CMakeFiles/minitrace.dir/3rdparty/minitrace/minitrace.cpp.o[0m
[3.346s] [  3%] [32mBuilding CXX object gtest/CMakeFiles/gtest.dir/src/gtest-all.cc.o[0m
[3.590s] [  4%] [32m[1mLinking CXX static library liblexy_file.a[0m
[3.755s] [  5%] [32m[1mLinking CXX static library libminitrace.a[0m
[3.823s] [  5%] Built target lexy_file
[3.959s] [  5%] Built target minitrace
[4.031s] [35m[1mScanning dependencies of target behaviortree_cpp[0m
[4.298s] [  5%] [32mBuilding CXX object CMakeFiles/behaviortree_cpp.dir/src/action_node.cpp.o[0m
[4.315s] [  6%] [32mBuilding CXX object CMakeFiles/behaviortree_cpp.dir/src/basic_types.cpp.o[0m
[4.329s] [  7%] [32mBuilding CXX object CMakeFiles/behaviortree_cpp.dir/src/behavior_tree.cpp.o[0m
[4.388s] [  7%] [32mBuilding CXX object CMakeFiles/behaviortree_cpp.dir/src/blackboard.cpp.o[0m
[4.410s] [  8%] [32mBuilding CXX object CMakeFiles/behaviortree_cpp.dir/src/bt_factory.cpp.o[0m
[4.438s] [  9%] [32mBuilding CXX object CMakeFiles/behaviortree_cpp.dir/src/decorator_node.cpp.o[0m
[6.805s] [ 10%] [32m[1mLinking CXX static library libgtest_main.a[0m
[7.260s] [ 10%] Built target gtest_main
[7.391s] [ 11%] [32mBuilding CXX object CMakeFiles/behaviortree_cpp.dir/src/condition_node.cpp.o[0m
[14.028s] [ 11%] [32mBuilding CXX object CMakeFiles/behaviortree_cpp.dir/src/control_node.cpp.o[0m
[44.879s] [ 11%] [32m[1mLinking CXX static library libgtest.a[0m
[45.140s] [ 11%] Built target gtest
[58.520s] [ 11%] [32mBuilding CXX object CMakeFiles/behaviortree_cpp.dir/src/actions/sleep_node.cpp.o[0m
[65.557s] [ 12%] [32mBuilding CXX object CMakeFiles/behaviortree_cpp.dir/src/actions/updated_action.cpp.o[0m
[72.496s] [ 13%] [32mBuilding CXX object CMakeFiles/behaviortree_cpp.dir/src/decorators/delay_node.cpp.o[0m
[79.249s] [ 14%] [32mBuilding CXX object CMakeFiles/behaviortree_cpp.dir/src/decorators/inverter_node.cpp.o[0m
[83.351s] [ 14%] [32mBuilding CXX object CMakeFiles/behaviortree_cpp.dir/src/decorators/repeat_node.cpp.o[0m
[88.852s] [ 15%] [32mBuilding CXX object CMakeFiles/behaviortree_cpp.dir/src/decorators/retry_node.cpp.o[0m
[94.520s] [ 16%] [32mBuilding CXX object CMakeFiles/behaviortree_cpp.dir/src/decorators/subtree_node.cpp.o[0m
[98.912s] [ 16%] [32mBuilding CXX object CMakeFiles/behaviortree_cpp.dir/src/decorators/timeout_node.cpp.o[0m
[105.317s] [ 17%] [32mBuilding CXX object CMakeFiles/behaviortree_cpp.dir/src/decorators/updated_decorator.cpp.o[0m
[112.149s] [ 18%] [32mBuilding CXX object CMakeFiles/behaviortree_cpp.dir/src/controls/if_then_else_node.cpp.o[0m
[116.021s] [ 19%] [32mBuilding CXX object CMakeFiles/behaviortree_cpp.dir/src/controls/fallback_node.cpp.o[0m
[120.040s] [ 19%] [32mBuilding CXX object CMakeFiles/behaviortree_cpp.dir/src/controls/parallel_node.cpp.o[0m
[126.163s] [ 20%] [32mBuilding CXX object CMakeFiles/behaviortree_cpp.dir/src/controls/parallel_all_node.cpp.o[0m
[132.047s] [ 21%] [32mBuilding CXX object CMakeFiles/behaviortree_cpp.dir/src/controls/reactive_sequence.cpp.o[0m
[135.922s] [ 22%] [32mBuilding CXX object CMakeFiles/behaviortree_cpp.dir/src/actions/test_node.cpp.o[0m
[135.923s] [ 23%] [32mBuilding CXX object CMakeFiles/behaviortree_cpp.dir/src/controls/reactive_fallback.cpp.o[0m
[136.970s] [ 23%] [32mBuilding CXX object CMakeFiles/behaviortree_cpp.dir/src/controls/sequence_node.cpp.o[0m
[138.029s] [ 24%] [32mBuilding CXX object CMakeFiles/behaviortree_cpp.dir/src/xml_parsing.cpp.o[0m
[139.119s] [ 25%] [32mBuilding CXX object CMakeFiles/behaviortree_cpp.dir/src/json_export.cpp.o[0m
[140.038s] [ 25%] [32mBuilding CXX object CMakeFiles/behaviortree_cpp.dir/src/script_parser.cpp.o[0m
[141.771s] [ 26%] [32mBuilding CXX object CMakeFiles/behaviortree_cpp.dir/src/controls/sequence_with_memory_node.cpp.o[0m
[144.524s] [ 26%] [32mBuilding CXX object CMakeFiles/behaviortree_cpp.dir/src/controls/while_do_else_node.cpp.o[0m
[151.467s] [ 27%] [32mBuilding CXX object CMakeFiles/behaviortree_cpp.dir/src/loggers/bt_minitrace_logger.cpp.o[0m
[152.492s] [ 28%] [32mBuilding CXX object CMakeFiles/behaviortree_cpp.dir/src/loggers/bt_file_logger_v2.cpp.o[0m
[153.543s] [ 29%] [32mBuilding CXX object CMakeFiles/behaviortree_cpp.dir/src/loggers/bt_cout_logger.cpp.o[0m
[154.620s] [ 30%] [32mBuilding CXX object CMakeFiles/behaviortree_cpp.dir/src/controls/switch_node.cpp.o[0m
[160.834s] [ 31%] [32mBuilding CXX object CMakeFiles/behaviortree_cpp.dir/src/loggers/groot2_publisher.cpp.o[0m
[161.019s] [ 32%] [32mBuilding CXX object CMakeFiles/behaviortree_cpp.dir/3rdparty/tinyxml2/tinyxml2.cpp.o[0m
[161.404s] [ 32%] [32mBuilding CXX object CMakeFiles/behaviortree_cpp.dir/src/loggers/bt_sqlite_logger.cpp.o[0m
[163.898s] [ 33%] [32mBuilding CXX object CMakeFiles/behaviortree_cpp.dir/src/shared_library_UNIX.cpp.o[0m
[164.814s] [ 34%] [32mBuilding CXX object CMakeFiles/behaviortree_cpp.dir/src/tree_node.cpp.o[0m
[164.827s] [ 34%] [32mBuilding CXX object CMakeFiles/behaviortree_cpp.dir/src/loggers/bt_observer.cpp.o[0m
[171.289s] [ 35%] [32mBuilding CXX object CMakeFiles/behaviortree_cpp.dir/src/shared_library.cpp.o[0m
[180.229s] [ 36%] [32m[1mLinking CXX shared library libbehaviortree_cpp.so[0m
[180.594s] [ 36%] Built target behaviortree_cpp
[180.612s] [35m[1mScanning dependencies of target bt_sample_nodes[0m
[180.613s] [35m[1mScanning dependencies of target movebase_node_dyn[0m
[180.613s] [35m[1mScanning dependencies of target dummy_nodes_dyn[0m
[180.613s] [35m[1mScanning dependencies of target crossdoor_nodes_dyn[0m
[180.651s] [ 36%] [32mBuilding CXX object sample_nodes/CMakeFiles/bt_sample_nodes.dir/crossdoor_nodes.cpp.o[0m
[180.651s] [ 36%] [32mBuilding CXX object sample_nodes/CMakeFiles/crossdoor_nodes_dyn.dir/crossdoor_nodes.cpp.o[0m
[180.652s] [ 37%] [32mBuilding CXX object sample_nodes/CMakeFiles/dummy_nodes_dyn.dir/dummy_nodes.cpp.o[0m
[180.655s] [ 37%] [32mBuilding CXX object sample_nodes/CMakeFiles/movebase_node_dyn.dir/movebase_node.cpp.o[0m
[186.936s] [ 38%] [32mBuilding CXX object sample_nodes/CMakeFiles/bt_sample_nodes.dir/dummy_nodes.cpp.o[0m
[187.020s] [ 39%] [32m[1mLinking CXX shared library bin/libcrossdoor_nodes_dyn.so[0m
[187.208s] [ 39%] Built target crossdoor_nodes_dyn
[187.233s] [35m[1mScanning dependencies of target test_plugin_executor[0m
[187.233s] [ 40%] [32mBuilding CXX object sample_nodes/CMakeFiles/bt_sample_nodes.dir/movebase_node.cpp.o[0m
[187.246s] [35m[1mScanning dependencies of target test_plugin_action[0m
[187.284s] [35m[1mScanning dependencies of target t01_first_tree_dynamic[0m
[187.300s] [ 41%] [32mBuilding CXX object examples/CMakeFiles/test_plugin_executor.dir/plugin_example/plugin_executor.cpp.o[0m
[187.315s] [ 41%] [32mBuilding CXX object examples/CMakeFiles/test_plugin_action.dir/plugin_example/plugin_action.cpp.o[0m
[187.369s] [ 42%] [32mBuilding CXX object examples/CMakeFiles/t01_first_tree_dynamic.dir/t01_build_your_first_tree.cpp.o[0m
[188.544s] [ 43%] [32m[1mLinking CXX shared library bin/libmovebase_node_dyn.so[0m
[188.784s] [ 43%] Built target movebase_node_dyn
[188.808s] [35m[1mScanning dependencies of target bt4_plugin_manifest[0m
[188.865s] [ 44%] [32mBuilding CXX object tools/CMakeFiles/bt4_plugin_manifest.dir/bt_plugin_manifest.cpp.o[0m
[189.295s] [ 44%] [32m[1mLinking CXX shared library bin/libdummy_nodes_dyn.so[0m
[189.489s] [ 44%] Built target dummy_nodes_dyn
[194.360s] [ 45%] [32m[1mLinking CXX executable test_plugin_executor[0m
[194.429s] [ 46%] [32m[1mLinking CXX executable t01_first_tree_dynamic[0m
[194.580s] [ 46%] Built target test_plugin_executor
[194.661s] [ 46%] Built target t01_first_tree_dynamic
[194.780s] [ 47%] [32m[1mLinking CXX static library lib/libbt_sample_nodes.a[0m
[194.855s] [ 47%] Built target bt_sample_nodes
[194.879s] [35m[1mScanning dependencies of target t09_scripting[0m
[194.879s] [35m[1mScanning dependencies of target behaviortree_cpp_test[0m
[194.919s] [ 48%] [32mBuilding CXX object examples/CMakeFiles/t09_scripting.dir/t09_scripting.cpp.o[0m
[195.034s] [ 49%] [32mBuilding CXX object tests/CMakeFiles/behaviortree_cpp_test.dir/src/action_test_node.cpp.o[0m
[195.433s] [ 50%] [32m[1mLinking CXX shared library test_plugin_action.so[0m
[195.600s] [ 50%] Built target test_plugin_action
[195.619s] [ 50%] [32mBuilding CXX object tests/CMakeFiles/behaviortree_cpp_test.dir/src/condition_test_node.cpp.o[0m
[195.628s] [35m[1mScanning dependencies of target t11_groot_howto[0m
[195.691s] [ 51%] [32mBuilding CXX object examples/CMakeFiles/t11_groot_howto.dir/t11_groot_howto.cpp.o[0m
[196.076s] [ 52%] [32m[1mLinking CXX executable bt4_plugin_manifest[0m
[196.296s] [ 52%] Built target bt4_plugin_manifest
[196.311s] [35m[1mScanning dependencies of target t12_default_ports[0m
[196.327s] [ 53%] [32mBuilding CXX object tests/CMakeFiles/behaviortree_cpp_test.dir/gtest_any.cpp.o[0m
[196.340s] [35m[1mScanning dependencies of target t08_additional_node_args[0m
[196.365s] [35m[1mScanning dependencies of target t10_observer[0m
[196.395s] [ 54%] [32mBuilding CXX object examples/CMakeFiles/t12_default_ports.dir/t12_default_ports.cpp.o[0m
[196.427s] [ 54%] [32mBuilding CXX object examples/CMakeFiles/t08_additional_node_args.dir/t08_additional_node_args.cpp.o[0m
[196.428s] [ 54%] [32mBuilding CXX object examples/CMakeFiles/t10_observer.dir/t10_observer.cpp.o[0m
[204.632s] [ 55%] [32m[1mLinking CXX executable t08_additional_node_args[0m
[205.402s] [ 55%] Built target t08_additional_node_args
[208.200s] [ 56%] [32mBuilding CXX object tests/CMakeFiles/behaviortree_cpp_test.dir/gtest_blackboard.cpp.o[0m
[208.374s] [ 57%] [32m[1mLinking CXX executable t09_scripting[0m
[208.615s] [ 57%] Built target t09_scripting
[210.430s] [ 58%] [32m[1mLinking CXX executable t10_observer[0m
[210.640s] [ 58%] Built target t10_observer
[213.098s] [ 58%] [32m[1mLinking CXX executable t11_groot_howto[0m
[213.330s] [ 58%] Built target t11_groot_howto
[215.663s] [ 59%] [32m[1mLinking CXX executable t12_default_ports[0m
[215.903s] [ 59%] Built target t12_default_ports
[225.933s] [ 59%] [32mBuilding CXX object tests/CMakeFiles/behaviortree_cpp_test.dir/gtest_decorator.cpp.o[0m
[225.933s] [35m[1mScanning dependencies of target t05_crossdoor[0m
[225.972s] [ 60%] [32mBuilding CXX object examples/CMakeFiles/t05_crossdoor.dir/t05_crossdoor.cpp.o[0m
[226.966s] [ 61%] [32mBuilding CXX object tests/CMakeFiles/behaviortree_cpp_test.dir/gtest_coroutines.cpp.o[0m
[226.993s] [35m[1mScanning dependencies of target t03_generic_ports[0m
[227.080s] [ 62%] [32mBuilding CXX object examples/CMakeFiles/t03_generic_ports.dir/t03_generic_ports.cpp.o[0m
[227.321s] [ 63%] [32mBuilding CXX object tests/CMakeFiles/behaviortree_cpp_test.dir/gtest_enums.cpp.o[0m
[228.134s] [35m[1mScanning dependencies of target t06_subtree_port_remapping[0m
[228.260s] [ 63%] [32mBuilding CXX object examples/CMakeFiles/t06_subtree_port_remapping.dir/t06_subtree_port_remapping.cpp.o[0m
[229.279s] [35m[1mScanning dependencies of target t07_load_multiple_xml[0m
[229.414s] [ 64%] [32mBuilding CXX object examples/CMakeFiles/t07_load_multiple_xml.dir/t07_load_multiple_xml.cpp.o[0m
[230.422s] [35m[1mScanning dependencies of target ex03_sqlite_log[0m
[230.531s] [ 65%] [32mBuilding CXX object examples/CMakeFiles/ex03_sqlite_log.dir/ex03_sqlite_log.cpp.o[0m
[235.034s] [ 66%] [32m[1mLinking CXX executable t05_crossdoor[0m
[235.461s] [ 66%] Built target t05_crossdoor
[238.920s] [ 67%] [32m[1mLinking CXX executable t03_generic_ports[0m
[239.146s] [ 67%] Built target t03_generic_ports
[239.674s] [ 68%] [32m[1mLinking CXX executable t07_load_multiple_xml[0m
[239.892s] [ 68%] Built target t07_load_multiple_xml
[240.200s] [ 69%] [32m[1mLinking CXX executable t06_subtree_port_remapping[0m
[240.412s] [ 69%] Built target t06_subtree_port_remapping
[240.908s] [ 70%] [32mBuilding CXX object tests/CMakeFiles/behaviortree_cpp_test.dir/gtest_parallel.cpp.o[0m
[245.500s] [ 71%] [32m[1mLinking CXX executable ex03_sqlite_log[0m
[245.697s] [ 71%] Built target ex03_sqlite_log
[250.723s] [ 72%] [32mBuilding CXX object tests/CMakeFiles/behaviortree_cpp_test.dir/gtest_fallback.cpp.o[0m
[250.724s] [35m[1mScanning dependencies of target t14_subtree_model[0m
[250.726s] [ 72%] [32mBuilding CXX object tests/CMakeFiles/behaviortree_cpp_test.dir/gtest_preconditions.cpp.o[0m
[250.734s] [35m[1mScanning dependencies of target t04_reactive_sequence[0m
[250.825s] [ 73%] [32mBuilding CXX object examples/CMakeFiles/t04_reactive_sequence.dir/t04_reactive_sequence.cpp.o[0m
[250.841s] [ 74%] [32mBuilding CXX object examples/CMakeFiles/t14_subtree_model.dir/t14_subtree_model.cpp.o[0m
[250.874s] [35m[1mScanning dependencies of target t02_basic_ports[0m
[251.012s] [ 75%] [32mBuilding CXX object examples/CMakeFiles/t02_basic_ports.dir/t02_basic_ports.cpp.o[0m
[251.791s] [ 76%] [32mBuilding CXX object tests/CMakeFiles/behaviortree_cpp_test.dir/gtest_factory.cpp.o[0m
[252.063s] [35m[1mScanning dependencies of target t13_access_by_ref[0m
[252.223s] [ 77%] [32mBuilding CXX object examples/CMakeFiles/t13_access_by_ref.dir/t13_access_by_ref.cpp.o[0m
[260.263s] In file included from [01m[K/opt/ros/foxy/src/gtest_vendor/include/gtest/gtest.h:60[m[K,
[260.264s]                  from [01m[K/home/unitree/navigation_ws/src/autonomy/BehaviorTree.CPP/tests/gtest_factory.cpp:1[m[K:
[260.264s] [01m[K/home/unitree/navigation_ws/src/autonomy/BehaviorTree.CPP/tests/gtest_factory.cpp:[m[K In member function ‘[01m[Kvirtual void BehaviorTreeFactory_NotRegisteredNode_Test::TestBody()[m[K’:
[260.264s] [01m[K/opt/ros/foxy/src/gtest_vendor/include/gtest/internal/gtest-internal.h:1301:53:[m[K [01;35m[Kwarning: [m[Kignoring return value of ‘[01m[KBT::Tree BT::BehaviorTreeFactory::createTreeFromText(const string&, BT::Blackboard::Ptr)[m[K’, declared with attribute nodiscard [[01;35m[K-Wunused-result[m[K]
[260.264s]  1301 |   if (::testing::internal::AlwaysTrue()) { statement[01;35m[K;[m[K }
[260.264s]       |                                                     [01;35m[K^[m[K
[260.264s] [01m[K/opt/ros/foxy/src/gtest_vendor/include/gtest/internal/gtest-internal.h:1348:7:[m[K [01;36m[Knote: [m[Kin expansion of macro ‘[01m[KGTEST_SUPPRESS_UNREACHABLE_CODE_WARNING_BELOW_[m[K’
[260.264s]  1348 |       [01;36m[KGTEST_SUPPRESS_UNREACHABLE_CODE_WARNING_BELOW_[m[K(statement); \
[260.264s]       |       [01;36m[K^~~~~~~~~~~~~~~~~~~~~~~~~~~~~~~~~~~~~~~~~~~~~~[m[K
[260.265s] [01m[K/opt/ros/foxy/src/gtest_vendor/include/gtest/gtest.h:1931:3:[m[K [01;36m[Knote: [m[Kin expansion of macro ‘[01m[KGTEST_TEST_ANY_THROW_[m[K’
[260.265s]  1931 |   [01;36m[KGTEST_TEST_ANY_THROW_[m[K(statement, GTEST_FATAL_FAILURE_)
[260.265s]       |   [01;36m[K^~~~~~~~~~~~~~~~~~~~~[m[K
[260.265s] [01m[K/home/unitree/navigation_ws/src/autonomy/BehaviorTree.CPP/tests/gtest_factory.cpp:109:3:[m[K [01;36m[Knote: [m[Kin expansion of macro ‘[01m[KASSERT_ANY_THROW[m[K’
[260.265s]   109 |   [01;36m[KASSERT_ANY_THROW[m[K(factory.createTreeFromText(xml_text));
[260.265s]       |   [01;36m[K^~~~~~~~~~~~~~~~[m[K
[260.265s] In file included from [01m[K/home/unitree/navigation_ws/src/autonomy/BehaviorTree.CPP/include/behaviortree_cpp/bt_parser.h:16[m[K,
[260.265s]                  from [01m[K/home/unitree/navigation_ws/src/autonomy/BehaviorTree.CPP/include/behaviortree_cpp/xml_parsing.h:4[m[K,
[260.265s]                  from [01m[K/home/unitree/navigation_ws/src/autonomy/BehaviorTree.CPP/tests/gtest_factory.cpp:6[m[K:
[260.265s] [01m[K/home/unitree/navigation_ws/src/autonomy/BehaviorTree.CPP/include/behaviortree_cpp/bt_factory.h:412:22:[m[K [01;36m[Knote: [m[Kdeclared here
[260.265s]   412 |   [[nodiscard]] Tree [01;36m[KcreateTreeFromText[m[K(
[260.266s]       |                      [01;36m[K^~~~~~~~~~~~~~~~~~[m[K
[262.868s] [ 78%] [32m[1mLinking CXX executable t14_subtree_model[0m
[263.253s] [ 78%] [32m[1mLinking CXX executable t02_basic_ports[0m
[263.281s] [ 78%] [32m[1mLinking CXX executable t04_reactive_sequence[0m
[263.356s] [ 78%] Built target t14_subtree_model
[263.789s] [ 78%] Built target t04_reactive_sequence
[263.818s] [ 78%] Built target t02_basic_ports
[267.275s] [ 78%] [32m[1mLinking CXX executable t13_access_by_ref[0m
[267.489s] [ 78%] Built target t13_access_by_ref
[270.804s] [ 78%] [32mBuilding CXX object tests/CMakeFiles/behaviortree_cpp_test.dir/gtest_postconditions.cpp.o[0m
[279.518s] [ 79%] [32mBuilding CXX object tests/CMakeFiles/behaviortree_cpp_test.dir/gtest_ports.cpp.o[0m
[302.318s] [ 80%] [32mBuilding CXX object tests/CMakeFiles/behaviortree_cpp_test.dir/gtest_match.cpp.o[0m
[305.181s] [ 81%] [32mBuilding CXX object tests/CMakeFiles/behaviortree_cpp_test.dir/gtest_json.cpp.o[0m
[330.345s] [ 82%] [32mBuilding CXX object tests/CMakeFiles/behaviortree_cpp_test.dir/gtest_reactive.cpp.o[0m
[339.943s] [ 82%] [32mBuilding CXX object tests/CMakeFiles/behaviortree_cpp_test.dir/gtest_reactive_backchaining.cpp.o[0m
[350.257s] [ 83%] [32mBuilding CXX object tests/CMakeFiles/behaviortree_cpp_test.dir/gtest_sequence.cpp.o[0m
[364.497s] [ 84%] [32mBuilding CXX object tests/CMakeFiles/behaviortree_cpp_test.dir/gtest_skipping.cpp.o[0m
[378.232s] [ 84%] [32mBuilding CXX object tests/CMakeFiles/behaviortree_cpp_test.dir/gtest_substitution.cpp.o[0m
[388.369s] [ 85%] [32mBuilding CXX object tests/CMakeFiles/behaviortree_cpp_test.dir/gtest_subtree.cpp.o[0m
[404.663s] [ 86%] [32mBuilding CXX object tests/CMakeFiles/behaviortree_cpp_test.dir/gtest_switch.cpp.o[0m
[416.704s] [ 87%] [32mBuilding CXX object tests/CMakeFiles/behaviortree_cpp_test.dir/gtest_tree.cpp.o[0m
[434.352s] [ 87%] [32mBuilding CXX object tests/CMakeFiles/behaviortree_cpp_test.dir/gtest_updates.cpp.o[0m
[443.777s] [ 88%] [32mBuilding CXX object tests/CMakeFiles/behaviortree_cpp_test.dir/gtest_wakeup.cpp.o[0m
[452.267s] [ 89%] [32mBuilding CXX object tests/CMakeFiles/behaviortree_cpp_test.dir/gtest_interface.cpp.o[0m
[461.038s] [ 90%] [32mBuilding CXX object tests/CMakeFiles/behaviortree_cpp_test.dir/script_parser_test.cpp.o[0m
[508.669s] [ 90%] [32m[1mLinking CXX executable behaviortree_cpp_test[0m
[509.492s] [ 90%] Built target behaviortree_cpp_test
[509.582s] [35m[1mScanning dependencies of target t01_first_tree_static[0m
[509.722s] [ 90%] [32mBuilding CXX object examples/CMakeFiles/t01_first_tree_static.dir/t01_build_your_first_tree.cpp.o[0m
[519.040s] [ 91%] [32m[1mLinking CXX executable t01_first_tree_static[0m
[519.224s] [ 91%] Built target t01_first_tree_static
[519.246s] [35m[1mScanning dependencies of target t17_blackboard_backup[0m
[519.284s] [ 91%] [32mBuilding CXX object examples/CMakeFiles/t17_blackboard_backup.dir/t17_blackboard_backup.cpp.o[0m
[527.518s] [ 92%] [32m[1mLinking CXX executable t17_blackboard_backup[0m
[527.718s] [ 92%] Built target t17_blackboard_backup
[527.745s] [35m[1mScanning dependencies of target t18_waypoints[0m
[527.745s] [35m[1mScanning dependencies of target ex02_runtime_ports[0m
[527.746s] [35m[1mScanning dependencies of target t16_global_blackboard[0m
[527.778s] [35m[1mScanning dependencies of target ex01_wrap_legacy[0m
[527.821s] [ 93%] [32mBuilding CXX object examples/CMakeFiles/t18_waypoints.dir/t18_waypoints.cpp.o[0m
[527.822s] [ 94%] [32mBuilding CXX object examples/CMakeFiles/ex02_runtime_ports.dir/ex02_runtime_ports.cpp.o[0m
[527.828s] [ 95%] [32mBuilding CXX object examples/CMakeFiles/t16_global_blackboard.dir/t16_global_blackboard.cpp.o[0m
[527.847s] [ 96%] [32mBuilding CXX object examples/CMakeFiles/ex01_wrap_legacy.dir/ex01_wrap_legacy.cpp.o[0m
[536.354s] [ 97%] [32m[1mLinking CXX executable ex01_wrap_legacy[0m
[536.778s] [ 97%] Built target ex01_wrap_legacy
[536.860s] [35m[1mScanning dependencies of target t15_nodes_mocking[0m
[536.979s] [ 98%] [32mBuilding CXX object examples/CMakeFiles/t15_nodes_mocking.dir/t15_nodes_mocking.cpp.o[0m
[537.364s] [ 98%] [32m[1mLinking CXX executable ex02_runtime_ports[0m
[537.688s] [ 98%] Built target ex02_runtime_ports
[538.313s] [ 99%] [32m[1mLinking CXX executable t16_global_blackboard[0m
[538.555s] [ 99%] Built target t16_global_blackboard
[540.776s] [100%] [32m[1mLinking CXX executable t18_waypoints[0m
[540.991s] [100%] Built target t18_waypoints
[544.904s] [100%] [32m[1mLinking CXX executable t15_nodes_mocking[0m
[545.102s] [100%] Built target t15_nodes_mocking
[545.136s] Invoked command in '/home/unitree/navigation_ws/build/behaviortree_cpp' returned '0': CMAKE_PREFIX_PATH=${CMAKE_PREFIX_PATH}:/opt/ros/foxy /usr/bin/cmake --build /home/unitree/navigation_ws/build/behaviortree_cpp -- -j8 -l8
[545.369s] Invoking command in '/home/unitree/navigation_ws/build/behaviortree_cpp': CMAKE_PREFIX_PATH=${CMAKE_PREFIX_PATH}:/opt/ros/foxy /usr/bin/cmake --install /home/unitree/navigation_ws/build/behaviortree_cpp
[545.388s] -- Install configuration: "Release"
[545.389s] -- Execute custom install script
[545.390s] -- Symlinking: /home/unitree/navigation_ws/install/behaviortree_cpp/lib/cmake/lexy/lexyConfig.cmake
[545.411s] -- Symlinking: /home/unitree/navigation_ws/install/behaviortree_cpp/lib/cmake/lexy/lexyConfigVersion.cmake
[545.432s] -- Symlinking: /home/unitree/navigation_ws/install/behaviortree_cpp/share/behaviortree_cpp/bt_plugins/libcrossdoor_nodes_dyn.so
[545.452s] -- Symlinking: /home/unitree/navigation_ws/install/behaviortree_cpp/share/behaviortree_cpp/bt_plugins/libdummy_nodes_dyn.so
[545.475s] -- Symlinking: /home/unitree/navigation_ws/install/behaviortree_cpp/share/behaviortree_cpp/bt_plugins/libmovebase_node_dyn.so
[545.496s] -- Symlinking: /home/unitree/navigation_ws/install/behaviortree_cpp/bin/bt4_plugin_manifest
[545.516s] -- Symlinking: /home/unitree/navigation_ws/install/behaviortree_cpp/share/behaviortree_cpp/environment/library_path.sh
[545.537s] -- Symlinking: /home/unitree/navigation_ws/install/behaviortree_cpp/share/behaviortree_cpp/environment/library_path.dsv
[545.558s] -- Symlinking: /home/unitree/navigation_ws/install/behaviortree_cpp/share/ament_index/resource_index/package_run_dependencies/behaviortree_cpp
[545.578s] -- Symlinking: /home/unitree/navigation_ws/install/behaviortree_cpp/share/ament_index/resource_index/parent_prefix_path/behaviortree_cpp
[545.598s] -- Symlinking: /home/unitree/navigation_ws/install/behaviortree_cpp/share/behaviortree_cpp/environment/ament_prefix_path.sh
[545.621s] -- Symlinking: /home/unitree/navigation_ws/install/behaviortree_cpp/share/behaviortree_cpp/environment/ament_prefix_path.dsv
[545.641s] -- Symlinking: /home/unitree/navigation_ws/install/behaviortree_cpp/share/behaviortree_cpp/environment/path.sh
[545.662s] -- Symlinking: /home/unitree/navigation_ws/install/behaviortree_cpp/share/behaviortree_cpp/environment/path.dsv
[545.682s] -- Symlinking: /home/unitree/navigation_ws/install/behaviortree_cpp/share/behaviortree_cpp/local_setup.bash
[545.703s] -- Symlinking: /home/unitree/navigation_ws/install/behaviortree_cpp/share/behaviortree_cpp/local_setup.sh
[545.725s] -- Symlinking: /home/unitree/navigation_ws/install/behaviortree_cpp/share/behaviortree_cpp/local_setup.zsh
[545.747s] -- Symlinking: /home/unitree/navigation_ws/install/behaviortree_cpp/share/behaviortree_cpp/local_setup.dsv
[545.768s] -- Symlinking: /home/unitree/navigation_ws/install/behaviortree_cpp/share/behaviortree_cpp/package.dsv
[545.788s] -- Symlinking: /home/unitree/navigation_ws/install/behaviortree_cpp/share/ament_index/resource_index/packages/behaviortree_cpp
[545.809s] -- Symlinking: /home/unitree/navigation_ws/install/behaviortree_cpp/share/behaviortree_cpp/cmake/ament_cmake_export_dependencies-extras.cmake
[545.832s] -- Symlinking: /home/unitree/navigation_ws/install/behaviortree_cpp/share/behaviortree_cpp/cmake/ament_cmake_export_include_directories-extras.cmake
[545.852s] -- Symlinking: /home/unitree/navigation_ws/install/behaviortree_cpp/share/behaviortree_cpp/cmake/ament_cmake_export_libraries-extras.cmake
[545.872s] -- Symlinking: /home/unitree/navigation_ws/install/behaviortree_cpp/share/behaviortree_cpp/cmake/ament_cmake_export_targets-extras.cmake
[545.893s] -- Symlinking: /home/unitree/navigation_ws/install/behaviortree_cpp/share/behaviortree_cpp/cmake/behaviortree_cppConfig.cmake
[545.913s] -- Symlinking: /home/unitree/navigation_ws/install/behaviortree_cpp/share/behaviortree_cpp/cmake/behaviortree_cppConfig-version.cmake
[545.936s] -- Symlinking: /home/unitree/navigation_ws/install/behaviortree_cpp/share/behaviortree_cpp/package.xml
[545.959s] -- Installing: /home/unitree/navigation_ws/install/behaviortree_cpp/lib/liblexy_file.a
[545.960s] -- Installing: /home/unitree/navigation_ws/install/behaviortree_cpp/lib/cmake/lexy/lexyTargets.cmake
[545.960s] -- Installing: /home/unitree/navigation_ws/install/behaviortree_cpp/lib/cmake/lexy/lexyTargets-release.cmake
[545.961s] -- Installing: /home/unitree/navigation_ws/install/behaviortree_cpp/include/lexy
[545.961s] -- Installing: /home/unitree/navigation_ws/install/behaviortree_cpp/include/lexy/input_location.hpp
[545.962s] -- Installing: /home/unitree/navigation_ws/install/behaviortree_cpp/include/lexy/callback
[545.963s] -- Installing: /home/unitree/navigation_ws/install/behaviortree_cpp/include/lexy/callback/noop.hpp
[545.963s] -- Installing: /home/unitree/navigation_ws/install/behaviortree_cpp/include/lexy/callback/composition.hpp
[545.963s] -- Installing: /home/unitree/navigation_ws/install/behaviortree_cpp/include/lexy/callback/container.hpp
[545.964s] -- Installing: /home/unitree/navigation_ws/install/behaviortree_cpp/include/lexy/callback/object.hpp
[545.964s] -- Installing: /home/unitree/navigation_ws/install/behaviortree_cpp/include/lexy/callback/bit_cast.hpp
[545.964s] -- Installing: /home/unitree/navigation_ws/install/behaviortree_cpp/include/lexy/callback/bind.hpp
[545.965s] -- Installing: /home/unitree/navigation_ws/install/behaviortree_cpp/include/lexy/callback/adapter.hpp
[545.965s] -- Installing: /home/unitree/navigation_ws/install/behaviortree_cpp/include/lexy/callback/aggregate.hpp
[545.966s] -- Installing: /home/unitree/navigation_ws/install/behaviortree_cpp/include/lexy/callback/forward.hpp
[545.966s] -- Installing: /home/unitree/navigation_ws/install/behaviortree_cpp/include/lexy/callback/string.hpp
[545.967s] -- Installing: /home/unitree/navigation_ws/install/behaviortree_cpp/include/lexy/callback/integer.hpp
[545.967s] -- Installing: /home/unitree/navigation_ws/install/behaviortree_cpp/include/lexy/callback/fold.hpp
[545.967s] -- Installing: /home/unitree/navigation_ws/install/behaviortree_cpp/include/lexy/callback/constant.hpp
[545.968s] -- Installing: /home/unitree/navigation_ws/install/behaviortree_cpp/include/lexy/callback/base.hpp
[545.968s] -- Installing: /home/unitree/navigation_ws/install/behaviortree_cpp/include/lexy/parse_tree.hpp
[545.974s] -- Installing: /home/unitree/navigation_ws/install/behaviortree_cpp/include/lexy/input
[545.974s] -- Installing: /home/unitree/navigation_ws/install/behaviortree_cpp/include/lexy/input/buffer.hpp
[545.974s] -- Installing: /home/unitree/navigation_ws/install/behaviortree_cpp/include/lexy/input/string_input.hpp
[545.975s] -- Installing: /home/unitree/navigation_ws/install/behaviortree_cpp/include/lexy/input/range_input.hpp
[545.975s] -- Installing: /home/unitree/navigation_ws/install/behaviortree_cpp/include/lexy/input/parse_tree_input.hpp
[545.976s] -- Installing: /home/unitree/navigation_ws/install/behaviortree_cpp/include/lexy/input/file.hpp
[545.976s] -- Installing: /home/unitree/navigation_ws/install/behaviortree_cpp/include/lexy/input/argv_input.hpp
[545.976s] -- Installing: /home/unitree/navigation_ws/install/behaviortree_cpp/include/lexy/input/lexeme_input.hpp
[545.977s] -- Installing: /home/unitree/navigation_ws/install/behaviortree_cpp/include/lexy/input/base.hpp
[545.977s] -- Installing: /home/unitree/navigation_ws/install/behaviortree_cpp/include/lexy/encoding.hpp
[545.977s] -- Installing: /home/unitree/navigation_ws/install/behaviortree_cpp/include/lexy/code_point.hpp
[545.977s] -- Installing: /home/unitree/navigation_ws/install/behaviortree_cpp/include/lexy/dsl
[545.978s] -- Installing: /home/unitree/navigation_ws/install/behaviortree_cpp/include/lexy/dsl/until.hpp
[545.978s] -- Installing: /home/unitree/navigation_ws/install/behaviortree_cpp/include/lexy/dsl/branch.hpp
[545.978s] -- Installing: /home/unitree/navigation_ws/install/behaviortree_cpp/include/lexy/dsl/parse_as.hpp
[545.978s] -- Installing: /home/unitree/navigation_ws/install/behaviortree_cpp/include/lexy/dsl/bom.hpp
[545.978s] -- Installing: /home/unitree/navigation_ws/install/behaviortree_cpp/include/lexy/dsl/lookahead.hpp
[545.979s] -- Installing: /home/unitree/navigation_ws/install/behaviortree_cpp/include/lexy/dsl/char_class.hpp
[545.979s] -- Installing: /home/unitree/navigation_ws/install/behaviortree_cpp/include/lexy/dsl/operator.hpp
[545.979s] -- Installing: /home/unitree/navigation_ws/install/behaviortree_cpp/include/lexy/dsl/context_identifier.hpp
[545.979s] -- Installing: /home/unitree/navigation_ws/install/behaviortree_cpp/include/lexy/dsl/delimited.hpp
[545.979s] -- Installing: /home/unitree/navigation_ws/install/behaviortree_cpp/include/lexy/dsl/unicode.hpp
[545.980s] -- Installing: /home/unitree/navigation_ws/install/behaviortree_cpp/include/lexy/dsl/times.hpp
[545.980s] -- Installing: /home/unitree/navigation_ws/install/behaviortree_cpp/include/lexy/dsl/newline.hpp
[545.980s] -- Installing: /home/unitree/navigation_ws/install/behaviortree_cpp/include/lexy/dsl/punctuator.hpp
[545.980s] -- Installing: /home/unitree/navigation_ws/install/behaviortree_cpp/include/lexy/dsl/choice.hpp
[545.980s] -- Installing: /home/unitree/navigation_ws/install/behaviortree_cpp/include/lexy/dsl/recover.hpp
[545.981s] -- Installing: /home/unitree/navigation_ws/install/behaviortree_cpp/include/lexy/dsl/list.hpp
[545.981s] -- Installing: /home/unitree/navigation_ws/install/behaviortree_cpp/include/lexy/dsl/context_flag.hpp
[545.981s] -- Installing: /home/unitree/navigation_ws/install/behaviortree_cpp/include/lexy/dsl/identifier.hpp
[545.981s] -- Installing: /home/unitree/navigation_ws/install/behaviortree_cpp/include/lexy/dsl/if.hpp
[545.981s] -- Installing: /home/unitree/navigation_ws/install/behaviortree_cpp/include/lexy/dsl/brackets.hpp
[545.982s] -- Installing: /home/unitree/navigation_ws/install/behaviortree_cpp/include/lexy/dsl/separator.hpp
[545.982s] -- Installing: /home/unitree/navigation_ws/install/behaviortree_cpp/include/lexy/dsl/peek.hpp
[545.982s] -- Installing: /home/unitree/navigation_ws/install/behaviortree_cpp/include/lexy/dsl/code_point.hpp
[545.982s] -- Installing: /home/unitree/navigation_ws/install/behaviortree_cpp/include/lexy/dsl/case_folding.hpp
[545.982s] -- Installing: /home/unitree/navigation_ws/install/behaviortree_cpp/include/lexy/dsl/literal.hpp
[545.983s] -- Installing: /home/unitree/navigation_ws/install/behaviortree_cpp/include/lexy/dsl/production.hpp
[545.983s] -- Installing: /home/unitree/navigation_ws/install/behaviortree_cpp/include/lexy/dsl/any.hpp
[545.983s] -- Installing: /home/unitree/navigation_ws/install/behaviortree_cpp/include/lexy/dsl/return.hpp
[545.983s] -- Installing: /home/unitree/navigation_ws/install/behaviortree_cpp/include/lexy/dsl/loop.hpp
[545.983s] -- Installing: /home/unitree/navigation_ws/install/behaviortree_cpp/include/lexy/dsl/sign.hpp
[545.984s] -- Installing: /home/unitree/navigation_ws/install/behaviortree_cpp/include/lexy/dsl/sequence.hpp
[545.984s] -- Installing: /home/unitree/navigation_ws/install/behaviortree_cpp/include/lexy/dsl/combination.hpp
[545.984s] -- Installing: /home/unitree/navigation_ws/install/behaviortree_cpp/include/lexy/dsl/digit.hpp
[545.984s] -- Installing: /home/unitree/navigation_ws/install/behaviortree_cpp/include/lexy/dsl/repeat.hpp
[545.984s] -- Installing: /home/unitree/navigation_ws/install/behaviortree_cpp/include/lexy/dsl/ascii.hpp
[545.985s] -- Installing: /home/unitree/navigation_ws/install/behaviortree_cpp/include/lexy/dsl/scan.hpp
[545.985s] -- Installing: /home/unitree/navigation_ws/install/behaviortree_cpp/include/lexy/dsl/effect.hpp
[545.985s] -- Installing: /home/unitree/navigation_ws/install/behaviortree_cpp/include/lexy/dsl/capture.hpp
[545.985s] -- Installing: /home/unitree/navigation_ws/install/behaviortree_cpp/include/lexy/dsl/subgrammar.hpp
[545.985s] -- Installing: /home/unitree/navigation_ws/install/behaviortree_cpp/include/lexy/dsl/position.hpp
[545.986s] -- Installing: /home/unitree/navigation_ws/install/behaviortree_cpp/include/lexy/dsl/member.hpp
[545.986s] -- Installing: /home/unitree/navigation_ws/install/behaviortree_cpp/include/lexy/dsl/terminator.hpp
[545.986s] -- Installing: /home/unitree/navigation_ws/install/behaviortree_cpp/include/lexy/dsl/error.hpp
[545.986s] -- Installing: /home/unitree/navigation_ws/install/behaviortree_cpp/include/lexy/dsl/token.hpp
[545.986s] -- Installing: /home/unitree/navigation_ws/install/behaviortree_cpp/include/lexy/dsl/context_counter.hpp
[545.986s] -- Installing: /home/unitree/navigation_ws/install/behaviortree_cpp/include/lexy/dsl/bits.hpp
[545.987s] -- Installing: /home/unitree/navigation_ws/install/behaviortree_cpp/include/lexy/dsl/flags.hpp
[545.987s] -- Installing: /home/unitree/navigation_ws/install/behaviortree_cpp/include/lexy/dsl/integer.hpp
[545.987s] -- Installing: /home/unitree/navigation_ws/install/behaviortree_cpp/include/lexy/dsl/parse_tree_node.hpp
[545.987s] -- Installing: /home/unitree/navigation_ws/install/behaviortree_cpp/include/lexy/dsl/follow.hpp
[545.987s] -- Installing: /home/unitree/navigation_ws/install/behaviortree_cpp/include/lexy/dsl/byte.hpp
[545.988s] -- Installing: /home/unitree/navigation_ws/install/behaviortree_cpp/include/lexy/dsl/eof.hpp
[545.988s] -- Installing: /home/unitree/navigation_ws/install/behaviortree_cpp/include/lexy/dsl/option.hpp
[545.988s] -- Installing: /home/unitree/navigation_ws/install/behaviortree_cpp/include/lexy/dsl/symbol.hpp
[545.988s] -- Installing: /home/unitree/navigation_ws/install/behaviortree_cpp/include/lexy/dsl/whitespace.hpp
[545.988s] -- Installing: /home/unitree/navigation_ws/install/behaviortree_cpp/include/lexy/dsl/base.hpp
[545.989s] -- Installing: /home/unitree/navigation_ws/install/behaviortree_cpp/include/lexy/dsl/expression.hpp
[545.989s] -- Installing: /home/unitree/navigation_ws/install/behaviortree_cpp/include/lexy/dsl.hpp
[545.989s] -- Installing: /home/unitree/navigation_ws/install/behaviortree_cpp/include/lexy/_detail
[545.989s] -- Installing: /home/unitree/navigation_ws/install/behaviortree_cpp/include/lexy/_detail/string_view.hpp
[545.989s] -- Installing: /home/unitree/navigation_ws/install/behaviortree_cpp/include/lexy/_detail/memory_resource.hpp
[545.990s] -- Installing: /home/unitree/navigation_ws/install/behaviortree_cpp/include/lexy/_detail/nttp_string.hpp
[545.990s] -- Installing: /home/unitree/navigation_ws/install/behaviortree_cpp/include/lexy/_detail/assert.hpp
[545.990s] -- Installing: /home/unitree/navigation_ws/install/behaviortree_cpp/include/lexy/_detail/stateless_lambda.hpp
[545.990s] -- Installing: /home/unitree/navigation_ws/install/behaviortree_cpp/include/lexy/_detail/config.hpp
[545.990s] -- Installing: /home/unitree/navigation_ws/install/behaviortree_cpp/include/lexy/_detail/code_point.hpp
[545.991s] -- Installing: /home/unitree/navigation_ws/install/behaviortree_cpp/include/lexy/_detail/std.hpp
[545.991s] -- Installing: /home/unitree/navigation_ws/install/behaviortree_cpp/include/lexy/_detail/lazy_init.hpp
[545.991s] -- Installing: /home/unitree/navigation_ws/install/behaviortree_cpp/include/lexy/_detail/tuple.hpp
[545.991s] -- Installing: /home/unitree/navigation_ws/install/behaviortree_cpp/include/lexy/_detail/swar.hpp
[545.991s] -- Installing: /home/unitree/navigation_ws/install/behaviortree_cpp/include/lexy/_detail/detect.hpp
[545.991s] -- Installing: /home/unitree/navigation_ws/install/behaviortree_cpp/include/lexy/_detail/iterator.hpp
[545.992s] -- Installing: /home/unitree/navigation_ws/install/behaviortree_cpp/include/lexy/_detail/buffer_builder.hpp
[545.992s] -- Installing: /home/unitree/navigation_ws/install/behaviortree_cpp/include/lexy/_detail/integer_sequence.hpp
[545.992s] -- Installing: /home/unitree/navigation_ws/install/behaviortree_cpp/include/lexy/_detail/type_name.hpp
[545.992s] -- Installing: /home/unitree/navigation_ws/install/behaviortree_cpp/include/lexy/_detail/invoke.hpp
[545.992s] -- Installing: /home/unitree/navigation_ws/install/behaviortree_cpp/include/lexy/_detail/any_ref.hpp
[545.993s] -- Installing: /home/unitree/navigation_ws/install/behaviortree_cpp/include/lexy/_detail/unicode_database.hpp
[545.993s] -- Installing: /home/unitree/navigation_ws/install/behaviortree_cpp/include/lexy/lexeme.hpp
[545.993s] -- Installing: /home/unitree/navigation_ws/install/behaviortree_cpp/include/lexy/action
[545.993s] -- Installing: /home/unitree/navigation_ws/install/behaviortree_cpp/include/lexy/action/match.hpp
[545.993s] -- Installing: /home/unitree/navigation_ws/install/behaviortree_cpp/include/lexy/action/parse_as_tree.hpp
[545.994s] -- Installing: /home/unitree/navigation_ws/install/behaviortree_cpp/include/lexy/action/parse.hpp
[545.994s] -- Installing: /home/unitree/navigation_ws/install/behaviortree_cpp/include/lexy/action/validate.hpp
[545.994s] -- Installing: /home/unitree/navigation_ws/install/behaviortree_cpp/include/lexy/action/scan.hpp
[545.995s] -- Installing: /home/unitree/navigation_ws/install/behaviortree_cpp/include/lexy/action/trace.hpp
[545.995s] -- Installing: /home/unitree/navigation_ws/install/behaviortree_cpp/include/lexy/action/base.hpp
[545.995s] -- Installing: /home/unitree/navigation_ws/install/behaviortree_cpp/include/lexy/callback.hpp
[545.995s] -- Installing: /home/unitree/navigation_ws/install/behaviortree_cpp/include/lexy/error.hpp
[545.996s] -- Installing: /home/unitree/navigation_ws/install/behaviortree_cpp/include/lexy/token.hpp
[545.996s] -- Installing: /home/unitree/navigation_ws/install/behaviortree_cpp/include/lexy/visualize.hpp
[545.996s] -- Installing: /home/unitree/navigation_ws/install/behaviortree_cpp/include/lexy/grammar.hpp
[545.996s] -- Installing: /home/unitree/navigation_ws/install/behaviortree_cpp/include/lexy_ext
[545.997s] -- Installing: /home/unitree/navigation_ws/install/behaviortree_cpp/include/lexy_ext/shell.hpp
[545.997s] -- Installing: /home/unitree/navigation_ws/install/behaviortree_cpp/include/lexy_ext/parse_tree_doctest.hpp
[545.998s] -- Installing: /home/unitree/navigation_ws/install/behaviortree_cpp/include/lexy_ext/compiler_explorer.hpp
[545.998s] -- Installing: /home/unitree/navigation_ws/install/behaviortree_cpp/include/lexy_ext/parse_tree_algorithm.hpp
[545.998s] -- Installing: /home/unitree/navigation_ws/install/behaviortree_cpp/include/lexy_ext/report_error.hpp
[545.999s] -- Installing: /home/unitree/navigation_ws/install/behaviortree_cpp/lib/libbehaviortree_cpp.so
[546.004s] -- Set runtime path of "/home/unitree/navigation_ws/install/behaviortree_cpp/lib/libbehaviortree_cpp.so" to ""
[546.005s] -- Up-to-date: /home/unitree/navigation_ws/install/behaviortree_cpp/include
[546.005s] -- Installing: /home/unitree/navigation_ws/install/behaviortree_cpp/include/behaviortree_cpp
[546.005s] -- Installing: /home/unitree/navigation_ws/install/behaviortree_cpp/include/behaviortree_cpp/scripting
[546.005s] -- Installing: /home/unitree/navigation_ws/install/behaviortree_cpp/include/behaviortree_cpp/scripting/script_parser.hpp
[546.006s] -- Installing: /home/unitree/navigation_ws/install/behaviortree_cpp/include/behaviortree_cpp/scripting/any_types.hpp
[546.006s] -- Installing: /home/unitree/navigation_ws/install/behaviortree_cpp/include/behaviortree_cpp/scripting/operators.hpp
[546.006s] -- Installing: /home/unitree/navigation_ws/install/behaviortree_cpp/include/behaviortree_cpp/flatbuffers
[546.006s] -- Installing: /home/unitree/navigation_ws/install/behaviortree_cpp/include/behaviortree_cpp/flatbuffers/bt_flatbuffer_helper.h
[546.006s] -- Installing: /home/unitree/navigation_ws/install/behaviortree_cpp/include/behaviortree_cpp/utils
[546.006s] -- Installing: /home/unitree/navigation_ws/install/behaviortree_cpp/include/behaviortree_cpp/utils/signal.h
[546.007s] -- Installing: /home/unitree/navigation_ws/install/behaviortree_cpp/include/behaviortree_cpp/utils/locked_reference.hpp
[546.007s] -- Installing: /home/unitree/navigation_ws/install/behaviortree_cpp/include/behaviortree_cpp/utils/shared_library.h
[546.007s] -- Installing: /home/unitree/navigation_ws/install/behaviortree_cpp/include/behaviortree_cpp/utils/platform.hpp
[546.007s] -- Installing: /home/unitree/navigation_ws/install/behaviortree_cpp/include/behaviortree_cpp/utils/wakeup_signal.hpp
[546.007s] -- Installing: /home/unitree/navigation_ws/install/behaviortree_cpp/include/behaviortree_cpp/utils/convert_impl.hpp
[546.007s] -- Installing: /home/unitree/navigation_ws/install/behaviortree_cpp/include/behaviortree_cpp/utils/demangle_util.h
[546.007s] -- Installing: /home/unitree/navigation_ws/install/behaviortree_cpp/include/behaviortree_cpp/utils/strcat.hpp
[546.008s] -- Installing: /home/unitree/navigation_ws/install/behaviortree_cpp/include/behaviortree_cpp/utils/safe_any.hpp
[546.008s] -- Installing: /home/unitree/navigation_ws/install/behaviortree_cpp/include/behaviortree_cpp/utils/timer_queue.h
[546.008s] -- Installing: /home/unitree/navigation_ws/install/behaviortree_cpp/include/behaviortree_cpp/utils/simple_string.hpp
[546.008s] -- Installing: /home/unitree/navigation_ws/install/behaviortree_cpp/include/behaviortree_cpp/bt_factory.h
[546.008s] -- Installing: /home/unitree/navigation_ws/install/behaviortree_cpp/include/behaviortree_cpp/tree_node.h
[546.008s] -- Installing: /home/unitree/navigation_ws/install/behaviortree_cpp/include/behaviortree_cpp/contrib
[546.008s] -- Installing: /home/unitree/navigation_ws/install/behaviortree_cpp/include/behaviortree_cpp/contrib/any.hpp
[546.009s] -- Installing: /home/unitree/navigation_ws/install/behaviortree_cpp/include/behaviortree_cpp/contrib/magic_enum.hpp
[546.009s] -- Installing: /home/unitree/navigation_ws/install/behaviortree_cpp/include/behaviortree_cpp/contrib/json.hpp
[546.010s] -- Installing: /home/unitree/navigation_ws/install/behaviortree_cpp/include/behaviortree_cpp/contrib/expected.hpp
[546.011s] -- Installing: /home/unitree/navigation_ws/install/behaviortree_cpp/include/behaviortree_cpp/json_export.h
[546.011s] -- Installing: /home/unitree/navigation_ws/install/behaviortree_cpp/include/behaviortree_cpp/blackboard.h
[546.012s] -- Installing: /home/unitree/navigation_ws/install/behaviortree_cpp/include/behaviortree_cpp/exceptions.h
[546.012s] -- Installing: /home/unitree/navigation_ws/install/behaviortree_cpp/include/behaviortree_cpp/bt_parser.h
[546.012s] -- Installing: /home/unitree/navigation_ws/install/behaviortree_cpp/include/behaviortree_cpp/decorators
[546.012s] -- Installing: /home/unitree/navigation_ws/install/behaviortree_cpp/include/behaviortree_cpp/decorators/updated_decorator.h
[546.013s] -- Installing: /home/unitree/navigation_ws/install/behaviortree_cpp/include/behaviortree_cpp/decorators/loop_node.h
[546.013s] -- Installing: /home/unitree/navigation_ws/install/behaviortree_cpp/include/behaviortree_cpp/decorators/keep_running_until_failure_node.h
[546.013s] -- Installing: /home/unitree/navigation_ws/install/behaviortree_cpp/include/behaviortree_cpp/decorators/timeout_node.h
[546.013s] -- Installing: /home/unitree/navigation_ws/install/behaviortree_cpp/include/behaviortree_cpp/decorators/retry_node.h
[546.013s] -- Installing: /home/unitree/navigation_ws/install/behaviortree_cpp/include/behaviortree_cpp/decorators/consume_queue.h
[546.013s] -- Installing: /home/unitree/navigation_ws/install/behaviortree_cpp/include/behaviortree_cpp/decorators/script_precondition.h
[546.013s] -- Installing: /home/unitree/navigation_ws/install/behaviortree_cpp/include/behaviortree_cpp/decorators/delay_node.h
[546.014s] -- Installing: /home/unitree/navigation_ws/install/behaviortree_cpp/include/behaviortree_cpp/decorators/repeat_node.h
[546.014s] -- Installing: /home/unitree/navigation_ws/install/behaviortree_cpp/include/behaviortree_cpp/decorators/inverter_node.h
[546.014s] -- Installing: /home/unitree/navigation_ws/install/behaviortree_cpp/include/behaviortree_cpp/decorators/subtree_node.h
[546.014s] -- Installing: /home/unitree/navigation_ws/install/behaviortree_cpp/include/behaviortree_cpp/decorators/force_failure_node.h
[546.014s] -- Installing: /home/unitree/navigation_ws/install/behaviortree_cpp/include/behaviortree_cpp/decorators/force_success_node.h
[546.014s] -- Installing: /home/unitree/navigation_ws/install/behaviortree_cpp/include/behaviortree_cpp/decorators/run_once_node.h
[546.014s] -- Installing: /home/unitree/navigation_ws/install/behaviortree_cpp/include/behaviortree_cpp/control_node.h
[546.014s] -- Installing: /home/unitree/navigation_ws/install/behaviortree_cpp/include/behaviortree_cpp/action_node.h
[546.015s] -- Installing: /home/unitree/navigation_ws/install/behaviortree_cpp/include/behaviortree_cpp/basic_types.h
[546.015s] -- Installing: /home/unitree/navigation_ws/install/behaviortree_cpp/include/behaviortree_cpp/xml_parsing.h
[546.015s] -- Installing: /home/unitree/navigation_ws/install/behaviortree_cpp/include/behaviortree_cpp/actions
[546.015s] -- Installing: /home/unitree/navigation_ws/install/behaviortree_cpp/include/behaviortree_cpp/actions/unset_blackboard_node.h
[546.015s] -- Installing: /home/unitree/navigation_ws/install/behaviortree_cpp/include/behaviortree_cpp/actions/test_node.h
[546.015s] -- Installing: /home/unitree/navigation_ws/install/behaviortree_cpp/include/behaviortree_cpp/actions/updated_action.h
[546.016s] -- Installing: /home/unitree/navigation_ws/install/behaviortree_cpp/include/behaviortree_cpp/actions/sleep_node.h
[546.016s] -- Installing: /home/unitree/navigation_ws/install/behaviortree_cpp/include/behaviortree_cpp/actions/always_failure_node.h
[546.016s] -- Installing: /home/unitree/navigation_ws/install/behaviortree_cpp/include/behaviortree_cpp/actions/pop_from_queue.hpp
[546.018s] -- Installing: /home/unitree/navigation_ws/install/behaviortree_cpp/include/behaviortree_cpp/actions/script_node.h
[546.018s] -- Installing: /home/unitree/navigation_ws/install/behaviortree_cpp/include/behaviortree_cpp/actions/script_condition.h
[546.018s] -- Installing: /home/unitree/navigation_ws/install/behaviortree_cpp/include/behaviortree_cpp/actions/always_success_node.h
[546.019s] -- Installing: /home/unitree/navigation_ws/install/behaviortree_cpp/include/behaviortree_cpp/actions/set_blackboard_node.h
[546.019s] -- Installing: /home/unitree/navigation_ws/install/behaviortree_cpp/include/behaviortree_cpp/controls
[546.019s] -- Installing: /home/unitree/navigation_ws/install/behaviortree_cpp/include/behaviortree_cpp/controls/parallel_all_node.h
[546.019s] -- Installing: /home/unitree/navigation_ws/install/behaviortree_cpp/include/behaviortree_cpp/controls/fallback_node.h
[546.019s] -- Installing: /home/unitree/navigation_ws/install/behaviortree_cpp/include/behaviortree_cpp/controls/reactive_sequence.h
[546.019s] -- Installing: /home/unitree/navigation_ws/install/behaviortree_cpp/include/behaviortree_cpp/controls/sequence_with_memory_node.h
[546.019s] -- Installing: /home/unitree/navigation_ws/install/behaviortree_cpp/include/behaviortree_cpp/controls/sequence_node.h
[546.019s] -- Installing: /home/unitree/navigation_ws/install/behaviortree_cpp/include/behaviortree_cpp/controls/switch_node.h
[546.020s] -- Installing: /home/unitree/navigation_ws/install/behaviortree_cpp/include/behaviortree_cpp/controls/manual_node.h
[546.020s] -- Installing: /home/unitree/navigation_ws/install/behaviortree_cpp/include/behaviortree_cpp/controls/reactive_fallback.h
[546.020s] -- Installing: /home/unitree/navigation_ws/install/behaviortree_cpp/include/behaviortree_cpp/controls/if_then_else_node.h
[546.020s] -- Installing: /home/unitree/navigation_ws/install/behaviortree_cpp/include/behaviortree_cpp/controls/while_do_else_node.h
[546.020s] -- Installing: /home/unitree/navigation_ws/install/behaviortree_cpp/include/behaviortree_cpp/controls/parallel_node.h
[546.020s] -- Installing: /home/unitree/navigation_ws/install/behaviortree_cpp/include/behaviortree_cpp/leaf_node.h
[546.020s] -- Installing: /home/unitree/navigation_ws/install/behaviortree_cpp/include/behaviortree_cpp/condition_node.h
[546.020s] -- Installing: /home/unitree/navigation_ws/install/behaviortree_cpp/include/behaviortree_cpp/decorator_node.h
[546.020s] -- Installing: /home/unitree/navigation_ws/install/behaviortree_cpp/include/behaviortree_cpp/loggers
[546.021s] -- Installing: /home/unitree/navigation_ws/install/behaviortree_cpp/include/behaviortree_cpp/loggers/bt_observer.h
[546.021s] -- Installing: /home/unitree/navigation_ws/install/behaviortree_cpp/include/behaviortree_cpp/loggers/bt_sqlite_logger.h
[546.021s] -- Installing: /home/unitree/navigation_ws/install/behaviortree_cpp/include/behaviortree_cpp/loggers/abstract_logger.h
[546.021s] -- Installing: /home/unitree/navigation_ws/install/behaviortree_cpp/include/behaviortree_cpp/loggers/bt_file_logger_v2.h
[546.021s] -- Installing: /home/unitree/navigation_ws/install/behaviortree_cpp/include/behaviortree_cpp/loggers/bt_cout_logger.h
[546.021s] -- Installing: /home/unitree/navigation_ws/install/behaviortree_cpp/include/behaviortree_cpp/loggers/groot2_protocol.h
[546.021s] -- Installing: /home/unitree/navigation_ws/install/behaviortree_cpp/include/behaviortree_cpp/loggers/groot2_publisher.h
[546.021s] -- Installing: /home/unitree/navigation_ws/install/behaviortree_cpp/include/behaviortree_cpp/loggers/bt_minitrace_logger.h
[546.021s] -- Installing: /home/unitree/navigation_ws/install/behaviortree_cpp/include/behaviortree_cpp/behavior_tree.h
[546.022s] -- Installing: /home/unitree/navigation_ws/install/behaviortree_cpp/share/behaviortree_cpp/cmake/behaviortree_cppTargetsExport.cmake
[546.022s] -- Installing: /home/unitree/navigation_ws/install/behaviortree_cpp/share/behaviortree_cpp/cmake/behaviortree_cppTargetsExport-release.cmake
[546.028s] Invoked command in '/home/unitree/navigation_ws/build/behaviortree_cpp' returned '0': CMAKE_PREFIX_PATH=${CMAKE_PREFIX_PATH}:/opt/ros/foxy /usr/bin/cmake --install /home/unitree/navigation_ws/build/behaviortree_cpp
