[0.068s] Invoking command in '/home/unitree/navigation_ws/build/pointcloud_to_laserscan': CMAKE_PREFIX_PATH=${CMAKE_PREFIX_PATH}:/opt/ros/foxy /usr/bin/cmake /home/unitree/navigation_ws/src/reconstruction/pointcloud_to_laserscan -DAMENT_CMAKE_SYMLINK_INSTALL=1 -DCMAKE_INSTALL_PREFIX=/home/unitree/navigation_ws/install/pointcloud_to_laserscan
[0.236s] -- The C compiler identification is GNU 9.4.0
[0.371s] -- The CXX compiler identification is GNU 9.4.0
[0.382s] -- Check for working C compiler: /usr/bin/cc
[0.556s] -- Check for working C compiler: /usr/bin/cc -- works
[0.557s] -- Detecting C compiler ABI info
[0.718s] -- Detecting C compiler ABI info - done
[0.740s] -- Detecting C compile features
[0.742s] -- Detecting C compile features - done
[0.748s] -- Check for working CXX compiler: /usr/bin/c++
[0.955s] -- Check for working CXX compiler: /usr/bin/c++ -- works
[0.958s] -- Detecting CXX compiler ABI info
[1.134s] -- Detecting CXX compiler ABI info - done
[1.150s] -- Detecting CXX compile features
[1.151s] -- Detecting CXX compile features - done
[1.164s] -- Found ament_cmake: 0.9.12 (/opt/ros/foxy/share/ament_cmake/cmake)
[1.212s] -- Found PythonInterp: /usr/bin/python3 (found suitable version "3.8.10", minimum required is "3") 
[1.213s] -- Using PYTHON_EXECUTABLE: /usr/bin/python3
[1.555s] -- Override CMake install command with custom implementation using symlinks instead of copying resources
[1.612s] -- Found laser_geometry: 2.2.0 (/opt/ros/foxy/share/laser_geometry/cmake)
[1.630s] -- Found message_filters: 3.2.7 (/opt/ros/foxy/share/message_filters/cmake)
[1.637s] -- Found rclcpp: 2.4.3 (/opt/ros/foxy/share/rclcpp/cmake)
[1.711s] -- Using all available rosidl_typesupport_c: rosidl_typesupport_fastrtps_c;rosidl_typesupport_introspection_c
[1.722s] -- Found rosidl_adapter: 1.3.1 (/opt/ros/foxy/share/rosidl_adapter/cmake)
[1.880s] -- Found OpenSSL: /usr/lib/aarch64-linux-gnu/libcrypto.so (found version "1.1.1f")  
[1.932s] -- Found FastRTPS: /opt/ros/foxy/include  
[2.066s] -- Using all available rosidl_typesupport_cpp: rosidl_typesupport_fastrtps_cpp;rosidl_typesupport_introspection_cpp
[2.165s] -- Found rmw_implementation_cmake: 1.0.4 (/opt/ros/foxy/share/rmw_implementation_cmake/cmake)
[2.169s] -- Using RMW implementation 'rmw_cyclonedds_cpp' as default
[2.173s] -- Looking for pthread.h
[2.333s] -- Looking for pthread.h - found
[2.333s] -- Performing Test CMAKE_HAVE_LIBC_PTHREAD
[2.474s] -- Performing Test CMAKE_HAVE_LIBC_PTHREAD - Failed
[2.474s] -- Looking for pthread_create in pthreads
[2.607s] -- Looking for pthread_create in pthreads - not found
[2.608s] -- Looking for pthread_create in pthread
[2.791s] -- Looking for pthread_create in pthread - found
[2.791s] -- Found Threads: TRUE  
[3.038s] -- Found rclcpp_components: 2.4.3 (/opt/ros/foxy/share/rclcpp_components/cmake)
[3.155s] -- Found sensor_msgs: 2.0.5 (/opt/ros/foxy/share/sensor_msgs/cmake)
[3.382s] -- Found tf2: 0.13.14 (/opt/ros/foxy/share/tf2/cmake)
[3.406s] -- Found tf2_ros: 0.13.14 (/opt/ros/foxy/share/tf2_ros/cmake)
[3.894s] -- Found tf2_sensor_msgs: 0.13.14 (/opt/ros/foxy/share/tf2_sensor_msgs/cmake)
[3.976s] -- Found ament_lint_auto: 0.9.8 (/opt/ros/foxy/share/ament_lint_auto/cmake)
[4.163s] -- Added test 'cppcheck' to perform static code analysis on C / C++ code
[4.164s] -- Configured cppcheck include dirs: /home/unitree/navigation_ws/src/reconstruction/pointcloud_to_laserscan/include
[4.164s] -- Configured cppcheck exclude dirs and/or files: 
[4.167s] -- Added test 'cpplint' to check C / C++ code against the Google style
[4.167s] -- Configured cpplint exclude dirs and/or files: 
[4.169s] -- Added test 'flake8' to check Python code syntax and style conventions
[4.170s] -- Added test 'lint_cmake' to check CMake code style
[4.171s] -- Added test 'pep257' to check Python code against some of the style conventions in PEP 257
[4.174s] -- Added test 'uncrustify' to check C / C++ code style
[4.174s] -- Configured uncrustify additional arguments: 
[4.176s] -- Added test 'xmllint' to check XML markup files
[4.189s] -- Configuring done
[4.326s] -- Generating done
[4.339s] -- Build files have been written to: /home/unitree/navigation_ws/build/pointcloud_to_laserscan
[4.413s] Invoked command in '/home/unitree/navigation_ws/build/pointcloud_to_laserscan' returned '0': CMAKE_PREFIX_PATH=${CMAKE_PREFIX_PATH}:/opt/ros/foxy /usr/bin/cmake /home/unitree/navigation_ws/src/reconstruction/pointcloud_to_laserscan -DAMENT_CMAKE_SYMLINK_INSTALL=1 -DCMAKE_INSTALL_PREFIX=/home/unitree/navigation_ws/install/pointcloud_to_laserscan
[4.415s] Invoking command in '/home/unitree/navigation_ws/build/pointcloud_to_laserscan': CMAKE_PREFIX_PATH=${CMAKE_PREFIX_PATH}:/opt/ros/foxy /usr/bin/cmake --build /home/unitree/navigation_ws/build/pointcloud_to_laserscan -- -j8 -l8
[8.982s] [35m[1mScanning dependencies of target laserscan_to_pointcloud[0m
[8.982s] [35m[1mScanning dependencies of target pointcloud_to_laserscan[0m
[8.983s] [35m[1mScanning dependencies of target pointcloud_to_laserscan_node[0m
[8.983s] [35m[1mScanning dependencies of target laserscan_to_pointcloud_node[0m
[8.983s] [35m[1mScanning dependencies of target dummy_pointcloud_publisher[0m
[8.983s] [ 10%] [32mBuilding CXX object CMakeFiles/pointcloud_to_laserscan_node.dir/rclcpp_components/node_main_pointcloud_to_laserscan_node.cpp.o[0m
[8.983s] [ 20%] [32mBuilding CXX object CMakeFiles/dummy_pointcloud_publisher.dir/src/dummy_pointcloud_publisher.cpp.o[0m
[8.983s] [ 30%] [32mBuilding CXX object CMakeFiles/laserscan_to_pointcloud_node.dir/rclcpp_components/node_main_laserscan_to_pointcloud_node.cpp.o[0m
[8.983s] [ 40%] [32mBuilding CXX object CMakeFiles/pointcloud_to_laserscan.dir/src/pointcloud_to_laserscan_node.cpp.o[0m
[8.983s] [ 50%] [32mBuilding CXX object CMakeFiles/laserscan_to_pointcloud.dir/src/laserscan_to_pointcloud_node.cpp.o[0m
[16.615s] [ 60%] [32m[1mLinking CXX executable pointcloud_to_laserscan_node[0m
[18.122s] [ 60%] Built target pointcloud_to_laserscan_node
[25.192s] [ 70%] [32m[1mLinking CXX executable laserscan_to_pointcloud_node[0m
[25.942s] [ 70%] Built target laserscan_to_pointcloud_node
[26.176s] [ 80%] [32m[1mLinking CXX executable dummy_pointcloud_publisher[0m
[27.568s] [ 80%] Built target dummy_pointcloud_publisher
[46.576s] [ 90%] [32m[1mLinking CXX shared library liblaserscan_to_pointcloud.so[0m
[47.689s] [ 90%] Built target laserscan_to_pointcloud
[48.608s] [100%] [32m[1mLinking CXX shared library libpointcloud_to_laserscan.so[0m
[49.752s] [100%] Built target pointcloud_to_laserscan
[49.797s] Invoked command in '/home/unitree/navigation_ws/build/pointcloud_to_laserscan' returned '0': CMAKE_PREFIX_PATH=${CMAKE_PREFIX_PATH}:/opt/ros/foxy /usr/bin/cmake --build /home/unitree/navigation_ws/build/pointcloud_to_laserscan -- -j8 -l8
[49.980s] Invoking command in '/home/unitree/navigation_ws/build/pointcloud_to_laserscan': CMAKE_PREFIX_PATH=${CMAKE_PREFIX_PATH}:/opt/ros/foxy /usr/bin/cmake --install /home/unitree/navigation_ws/build/pointcloud_to_laserscan
[50.029s] -- Install configuration: ""
[50.030s] -- Execute custom install script
[50.030s] -- Symlinking: /home/unitree/navigation_ws/install/pointcloud_to_laserscan/lib/pointcloud_to_laserscan/laserscan_to_pointcloud_node
[50.051s] -- Symlinking: /home/unitree/navigation_ws/install/pointcloud_to_laserscan/lib/pointcloud_to_laserscan/pointcloud_to_laserscan_node
[50.087s] -- Symlinking: /home/unitree/navigation_ws/install/pointcloud_to_laserscan/lib/liblaserscan_to_pointcloud.so
[50.118s] -- Symlinking: /home/unitree/navigation_ws/install/pointcloud_to_laserscan/lib/libpointcloud_to_laserscan.so
[50.156s] -- Symlinking: /home/unitree/navigation_ws/install/pointcloud_to_laserscan/lib/pointcloud_to_laserscan/dummy_pointcloud_publisher
[50.187s] -- Symlinking: /home/unitree/navigation_ws/install/pointcloud_to_laserscan/include/include/pointcloud_to_laserscan/laserscan_to_pointcloud_node.hpp
[50.226s] -- Symlinking: /home/unitree/navigation_ws/install/pointcloud_to_laserscan/include/include/pointcloud_to_laserscan/pointcloud_to_laserscan_node.hpp
[50.256s] -- Symlinking: /home/unitree/navigation_ws/install/pointcloud_to_laserscan/include/include/pointcloud_to_laserscan/visibility_control.h
[50.278s] -- Symlinking: /home/unitree/navigation_ws/install/pointcloud_to_laserscan/share/pointcloud_to_laserscan/launch/sample_laserscan_to_pointcloud_launch.py
[50.310s] -- Symlinking: /home/unitree/navigation_ws/install/pointcloud_to_laserscan/share/pointcloud_to_laserscan/launch/sample_pointcloud_to_laserscan_launch.py
[50.335s] -- Symlinking: /home/unitree/navigation_ws/install/pointcloud_to_laserscan/share/ament_index/resource_index/package_run_dependencies/pointcloud_to_laserscan
[50.367s] -- Symlinking: /home/unitree/navigation_ws/install/pointcloud_to_laserscan/share/ament_index/resource_index/parent_prefix_path/pointcloud_to_laserscan
[50.391s] -- Symlinking: /home/unitree/navigation_ws/install/pointcloud_to_laserscan/share/pointcloud_to_laserscan/environment/ament_prefix_path.sh
[50.430s] -- Symlinking: /home/unitree/navigation_ws/install/pointcloud_to_laserscan/share/pointcloud_to_laserscan/environment/ament_prefix_path.dsv
[50.458s] -- Symlinking: /home/unitree/navigation_ws/install/pointcloud_to_laserscan/share/pointcloud_to_laserscan/environment/path.sh
[50.487s] -- Symlinking: /home/unitree/navigation_ws/install/pointcloud_to_laserscan/share/pointcloud_to_laserscan/environment/path.dsv
[50.513s] -- Symlinking: /home/unitree/navigation_ws/install/pointcloud_to_laserscan/share/pointcloud_to_laserscan/local_setup.bash
[50.562s] -- Symlinking: /home/unitree/navigation_ws/install/pointcloud_to_laserscan/share/pointcloud_to_laserscan/local_setup.sh
[50.598s] -- Symlinking: /home/unitree/navigation_ws/install/pointcloud_to_laserscan/share/pointcloud_to_laserscan/local_setup.zsh
[50.636s] -- Symlinking: /home/unitree/navigation_ws/install/pointcloud_to_laserscan/share/pointcloud_to_laserscan/local_setup.dsv
[50.682s] -- Symlinking: /home/unitree/navigation_ws/install/pointcloud_to_laserscan/share/pointcloud_to_laserscan/package.dsv
[50.717s] -- Symlinking: /home/unitree/navigation_ws/install/pointcloud_to_laserscan/share/ament_index/resource_index/packages/pointcloud_to_laserscan
[50.764s] -- Symlinking: /home/unitree/navigation_ws/install/pointcloud_to_laserscan/share/ament_index/resource_index/rclcpp_components/pointcloud_to_laserscan
[50.788s] -- Symlinking: /home/unitree/navigation_ws/install/pointcloud_to_laserscan/share/pointcloud_to_laserscan/cmake/pointcloud_to_laserscanConfig.cmake
[50.825s] -- Symlinking: /home/unitree/navigation_ws/install/pointcloud_to_laserscan/share/pointcloud_to_laserscan/cmake/pointcloud_to_laserscanConfig-version.cmake
[50.852s] -- Symlinking: /home/unitree/navigation_ws/install/pointcloud_to_laserscan/share/pointcloud_to_laserscan/package.xml
[50.896s] Invoked command in '/home/unitree/navigation_ws/build/pointcloud_to_laserscan' returned '0': CMAKE_PREFIX_PATH=${CMAKE_PREFIX_PATH}:/opt/ros/foxy /usr/bin/cmake --install /home/unitree/navigation_ws/build/pointcloud_to_laserscan
