Performing C SOURCE FILE Test CMAKE_HAVE_LIBC_PTHREAD failed with the following output:
Change Dir: /home/unitree/navigation_ws/build/linefit_ground_segmentation/CMakeFiles/CMakeTmp

Run Build Command(s):/usr/bin/make cmTC_6271b/fast && /usr/bin/make -f CMakeFiles/cmTC_6271b.dir/build.make CMakeFiles/cmTC_6271b.dir/build
make[1]: Entering directory '/home/unitree/navigation_ws/build/linefit_ground_segmentation/CMakeFiles/CMakeTmp'
Building C object CMakeFiles/cmTC_6271b.dir/src.c.o
/usr/bin/cc   -DCMAKE_HAVE_LIBC_PTHREAD   -o CMakeFiles/cmTC_6271b.dir/src.c.o   -c /home/unitree/navigation_ws/build/linefit_ground_segmentation/CMakeFiles/CMakeTmp/src.c
Linking C executable cmTC_6271b
/usr/bin/cmake -E cmake_link_script CMakeFiles/cmTC_6271b.dir/link.txt --verbose=1
/usr/bin/cc   -DCMAKE_HAVE_LIBC_PTHREAD     CMakeFiles/cmTC_6271b.dir/src.c.o  -o cmTC_6271b 
/usr/bin/ld: CMakeFiles/cmTC_6271b.dir/src.c.o: in function `main':
src.c:(.text+0x48): undefined reference to `pthread_create'
/usr/bin/ld: src.c:(.text+0x50): undefined reference to `pthread_detach'
/usr/bin/ld: src.c:(.text+0x5c): undefined reference to `pthread_join'
collect2: error: ld returned 1 exit status
make[1]: *** [CMakeFiles/cmTC_6271b.dir/build.make:87: cmTC_6271b] Error 1
make[1]: Leaving directory '/home/unitree/navigation_ws/build/linefit_ground_segmentation/CMakeFiles/CMakeTmp'
make: *** [Makefile:121: cmTC_6271b/fast] Error 2


Source file was:
#include <pthread.h>

void* test_func(void* data)
{
  return data;
}

int main(void)
{
  pthread_t thread;
  pthread_create(&thread, NULL, test_func, NULL);
  pthread_detach(thread);
  pthread_join(thread, NULL);
  pthread_atfork(NULL, NULL, NULL);
  pthread_exit(NULL);

  return 0;
}

Determining if the function pthread_create exists in the pthreads failed with the following output:
Change Dir: /home/unitree/navigation_ws/build/linefit_ground_segmentation/CMakeFiles/CMakeTmp

Run Build Command(s):/usr/bin/make cmTC_0c7e7/fast && /usr/bin/make -f CMakeFiles/cmTC_0c7e7.dir/build.make CMakeFiles/cmTC_0c7e7.dir/build
make[1]: Entering directory '/home/unitree/navigation_ws/build/linefit_ground_segmentation/CMakeFiles/CMakeTmp'
Building C object CMakeFiles/cmTC_0c7e7.dir/CheckFunctionExists.c.o
/usr/bin/cc   -DCHECK_FUNCTION_EXISTS=pthread_create   -o CMakeFiles/cmTC_0c7e7.dir/CheckFunctionExists.c.o   -c /usr/share/cmake-3.16/Modules/CheckFunctionExists.c
Linking C executable cmTC_0c7e7
/usr/bin/cmake -E cmake_link_script CMakeFiles/cmTC_0c7e7.dir/link.txt --verbose=1
/usr/bin/cc   -DCHECK_FUNCTION_EXISTS=pthread_create     CMakeFiles/cmTC_0c7e7.dir/CheckFunctionExists.c.o  -o cmTC_0c7e7  -lpthreads 
/usr/bin/ld: cannot find -lpthreads
collect2: error: ld returned 1 exit status
make[1]: *** [CMakeFiles/cmTC_0c7e7.dir/build.make:87: cmTC_0c7e7] Error 1
make[1]: Leaving directory '/home/unitree/navigation_ws/build/linefit_ground_segmentation/CMakeFiles/CMakeTmp'
make: *** [Makefile:121: cmTC_0c7e7/fast] Error 2



Performing C SOURCE FILE Test CMAKE_HAVE_LIBC_PTHREAD failed with the following output:
Change Dir: /home/unitree/navigation_ws/build/linefit_ground_segmentation/CMakeFiles/CMakeTmp

Run Build Command(s):/usr/bin/make cmTC_9fe68/fast && /usr/bin/make -f CMakeFiles/cmTC_9fe68.dir/build.make CMakeFiles/cmTC_9fe68.dir/build
make[1]: Entering directory '/home/unitree/navigation_ws/build/linefit_ground_segmentation/CMakeFiles/CMakeTmp'
Building C object CMakeFiles/cmTC_9fe68.dir/src.c.o
/usr/bin/cc   -DCMAKE_HAVE_LIBC_PTHREAD   -o CMakeFiles/cmTC_9fe68.dir/src.c.o   -c /home/unitree/navigation_ws/build/linefit_ground_segmentation/CMakeFiles/CMakeTmp/src.c
Linking C executable cmTC_9fe68
/usr/bin/cmake -E cmake_link_script CMakeFiles/cmTC_9fe68.dir/link.txt --verbose=1
/usr/bin/cc   -DCMAKE_HAVE_LIBC_PTHREAD     CMakeFiles/cmTC_9fe68.dir/src.c.o  -o cmTC_9fe68 
/usr/bin/ld: CMakeFiles/cmTC_9fe68.dir/src.c.o: in function `main':
src.c:(.text+0x48): undefined reference to `pthread_create'
/usr/bin/ld: src.c:(.text+0x50): undefined reference to `pthread_detach'
/usr/bin/ld: src.c:(.text+0x5c): undefined reference to `pthread_join'
collect2: error: ld returned 1 exit status
make[1]: *** [CMakeFiles/cmTC_9fe68.dir/build.make:87: cmTC_9fe68] Error 1
make[1]: Leaving directory '/home/unitree/navigation_ws/build/linefit_ground_segmentation/CMakeFiles/CMakeTmp'
make: *** [Makefile:121: cmTC_9fe68/fast] Error 2


Source file was:
#include <pthread.h>

void* test_func(void* data)
{
  return data;
}

int main(void)
{
  pthread_t thread;
  pthread_create(&thread, NULL, test_func, NULL);
  pthread_detach(thread);
  pthread_join(thread, NULL);
  pthread_atfork(NULL, NULL, NULL);
  pthread_exit(NULL);

  return 0;
}

Determining if the function pthread_create exists in the pthreads failed with the following output:
Change Dir: /home/unitree/navigation_ws/build/linefit_ground_segmentation/CMakeFiles/CMakeTmp

Run Build Command(s):/usr/bin/make cmTC_06731/fast && /usr/bin/make -f CMakeFiles/cmTC_06731.dir/build.make CMakeFiles/cmTC_06731.dir/build
make[1]: Entering directory '/home/unitree/navigation_ws/build/linefit_ground_segmentation/CMakeFiles/CMakeTmp'
Building C object CMakeFiles/cmTC_06731.dir/CheckFunctionExists.c.o
/usr/bin/cc   -DCHECK_FUNCTION_EXISTS=pthread_create   -o CMakeFiles/cmTC_06731.dir/CheckFunctionExists.c.o   -c /usr/share/cmake-3.16/Modules/CheckFunctionExists.c
Linking C executable cmTC_06731
/usr/bin/cmake -E cmake_link_script CMakeFiles/cmTC_06731.dir/link.txt --verbose=1
/usr/bin/cc   -DCHECK_FUNCTION_EXISTS=pthread_create     CMakeFiles/cmTC_06731.dir/CheckFunctionExists.c.o  -o cmTC_06731  -lpthreads 
/usr/bin/ld: cannot find -lpthreads
collect2: error: ld returned 1 exit status
make[1]: *** [CMakeFiles/cmTC_06731.dir/build.make:87: cmTC_06731] Error 1
make[1]: Leaving directory '/home/unitree/navigation_ws/build/linefit_ground_segmentation/CMakeFiles/CMakeTmp'
make: *** [Makefile:121: cmTC_06731/fast] Error 2



Performing C SOURCE FILE Test CMAKE_HAVE_LIBC_PTHREAD failed with the following output:
Change Dir: /home/unitree/navigation_ws/build/linefit_ground_segmentation/CMakeFiles/CMakeTmp

Run Build Command(s):/usr/bin/make cmTC_a5995/fast && /usr/bin/make -f CMakeFiles/cmTC_a5995.dir/build.make CMakeFiles/cmTC_a5995.dir/build
make[1]: Entering directory '/home/unitree/navigation_ws/build/linefit_ground_segmentation/CMakeFiles/CMakeTmp'
Building C object CMakeFiles/cmTC_a5995.dir/src.c.o
/usr/bin/cc   -DCMAKE_HAVE_LIBC_PTHREAD   -o CMakeFiles/cmTC_a5995.dir/src.c.o   -c /home/unitree/navigation_ws/build/linefit_ground_segmentation/CMakeFiles/CMakeTmp/src.c
Linking C executable cmTC_a5995
/usr/bin/cmake -E cmake_link_script CMakeFiles/cmTC_a5995.dir/link.txt --verbose=1
/usr/bin/cc   -DCMAKE_HAVE_LIBC_PTHREAD     CMakeFiles/cmTC_a5995.dir/src.c.o  -o cmTC_a5995 
/usr/bin/ld: CMakeFiles/cmTC_a5995.dir/src.c.o: in function `main':
src.c:(.text+0x48): undefined reference to `pthread_create'
/usr/bin/ld: src.c:(.text+0x50): undefined reference to `pthread_detach'
/usr/bin/ld: src.c:(.text+0x5c): undefined reference to `pthread_join'
collect2: error: ld returned 1 exit status
make[1]: *** [CMakeFiles/cmTC_a5995.dir/build.make:87: cmTC_a5995] Error 1
make[1]: Leaving directory '/home/unitree/navigation_ws/build/linefit_ground_segmentation/CMakeFiles/CMakeTmp'
make: *** [Makefile:121: cmTC_a5995/fast] Error 2


Source file was:
#include <pthread.h>

void* test_func(void* data)
{
  return data;
}

int main(void)
{
  pthread_t thread;
  pthread_create(&thread, NULL, test_func, NULL);
  pthread_detach(thread);
  pthread_join(thread, NULL);
  pthread_atfork(NULL, NULL, NULL);
  pthread_exit(NULL);

  return 0;
}

Determining if the function pthread_create exists in the pthreads failed with the following output:
Change Dir: /home/unitree/navigation_ws/build/linefit_ground_segmentation/CMakeFiles/CMakeTmp

Run Build Command(s):/usr/bin/make cmTC_4a9b2/fast && /usr/bin/make -f CMakeFiles/cmTC_4a9b2.dir/build.make CMakeFiles/cmTC_4a9b2.dir/build
make[1]: Entering directory '/home/unitree/navigation_ws/build/linefit_ground_segmentation/CMakeFiles/CMakeTmp'
Building C object CMakeFiles/cmTC_4a9b2.dir/CheckFunctionExists.c.o
/usr/bin/cc   -DCHECK_FUNCTION_EXISTS=pthread_create   -o CMakeFiles/cmTC_4a9b2.dir/CheckFunctionExists.c.o   -c /usr/share/cmake-3.16/Modules/CheckFunctionExists.c
Linking C executable cmTC_4a9b2
/usr/bin/cmake -E cmake_link_script CMakeFiles/cmTC_4a9b2.dir/link.txt --verbose=1
/usr/bin/cc   -DCHECK_FUNCTION_EXISTS=pthread_create     CMakeFiles/cmTC_4a9b2.dir/CheckFunctionExists.c.o  -o cmTC_4a9b2  -lpthreads 
/usr/bin/ld: cannot find -lpthreads
collect2: error: ld returned 1 exit status
make[1]: *** [CMakeFiles/cmTC_4a9b2.dir/build.make:87: cmTC_4a9b2] Error 1
make[1]: Leaving directory '/home/unitree/navigation_ws/build/linefit_ground_segmentation/CMakeFiles/CMakeTmp'
make: *** [Makefile:121: cmTC_4a9b2/fast] Error 2



