-- The C compiler identification is GNU 9.4.0
-- The CXX compiler identification is GNU 9.4.0
-- Check for working C compiler: /usr/bin/cc
-- Check for working C compiler: /usr/bin/cc -- works
-- Detecting C compiler ABI info
-- Detecting C compiler ABI info - done
-- Detecting C compile features
-- Detecting C compile features - done
-- Check for working CXX compiler: /usr/bin/c++
-- Check for working CXX compiler: /usr/bin/c++ -- works
-- Detecting CXX compiler ABI info
-- Detecting CXX compiler ABI info - done
-- Detecting CXX compile features
-- Detecting CXX compile features - done
-- Found ament_cmake: 0.9.12 (/opt/ros/foxy/share/ament_cmake/cmake)
-- Found PythonInterp: /usr/bin/python3 (found suitable version "3.8.10", minimum required is "3") 
-- Using PYTHON_EXECUTABLE: /usr/bin/python3
-- Found nav2_common: 0.4.7 (/home/unitree/navigation_ws/install/nav2_common/share/nav2_common/cmake)
-- Found builtin_interfaces: 1.0.0 (/opt/ros/foxy/share/builtin_interfaces/cmake)
-- Using all available rosidl_typesupport_c: rosidl_typesupport_fastrtps_c;rosidl_typesupport_introspection_c
-- Found rosidl_adapter: 1.3.1 (/opt/ros/foxy/share/rosidl_adapter/cmake)
-- Found OpenSSL: /usr/lib/aarch64-linux-gnu/libcrypto.so (found version "1.1.1f")  
-- Found FastRTPS: /opt/ros/foxy/include  
-- Using all available rosidl_typesupport_cpp: rosidl_typesupport_fastrtps_cpp;rosidl_typesupport_introspection_cpp
-- Found nav_msgs: 2.0.5 (/opt/ros/foxy/share/nav_msgs/cmake)
-- Found rosidl_default_generators: 1.0.1 (/opt/ros/foxy/share/rosidl_default_generators/cmake)
-- Found action_msgs: 1.0.0 (/opt/ros/foxy/share/action_msgs/cmake)
-- Found PythonInterp: /usr/bin/python3 (found version "3.8.10") 
-- Found ament_cmake_ros: 0.9.2 (/opt/ros/foxy/share/ament_cmake_ros/cmake)
-- Using all available rosidl_typesupport_c: rosidl_typesupport_fastrtps_c;rosidl_typesupport_introspection_c
-- Using all available rosidl_typesupport_cpp: rosidl_typesupport_fastrtps_cpp;rosidl_typesupport_introspection_cpp
-- Found PythonInterp: /usr/bin/python3 (found suitable version "3.8.10", minimum required is "3.5") 
-- Found python_cmake_module: 0.8.1 (/opt/ros/foxy/share/python_cmake_module/cmake)
-- Found PythonLibs: /usr/lib/aarch64-linux-gnu/libpython3.8.so (found suitable version "3.8.10", minimum required is "3.5") 
-- Using PYTHON_EXECUTABLE: /usr/bin/python3
-- Using PYTHON_INCLUDE_DIRS: /usr/include/python3.8
-- Using PYTHON_LIBRARIES: /usr/lib/aarch64-linux-gnu/libpython3.8.so
-- Found PythonExtra: .so  
-- Configuring done
-- Generating done
-- Build files have been written to: /home/unitree/navigation_ws/build/nav2_msgs
[35m[1mScanning dependencies of target nav2_msgs__cpp[0m
[35m[1mScanning dependencies of target nav2_msgs__rosidl_generator_c[0m
[  0%] Built target nav2_msgs__cpp
[ 12%] Built target nav2_msgs__rosidl_generator_c
[35m[1mScanning dependencies of target nav2_msgs__rosidl_typesupport_cpp[0m
[35m[1mScanning dependencies of target nav2_msgs__rosidl_typesupport_introspection_cpp[0m
[35m[1mScanning dependencies of target nav2_msgs__rosidl_typesupport_fastrtps_cpp[0m
[ 24%] Built target nav2_msgs__rosidl_typesupport_cpp
[ 24%] [32m[1mLinking CXX shared library libnav2_msgs__rosidl_typesupport_fastrtps_cpp.so[0m
[ 37%] Built target nav2_msgs__rosidl_typesupport_introspection_cpp
[35m[1mScanning dependencies of target nav2_msgs__rosidl_typesupport_c[0m
[35m[1mScanning dependencies of target nav2_msgs__rosidl_typesupport_introspection_c[0m
[ 49%] Built target nav2_msgs__rosidl_typesupport_c
[ 61%] Built target nav2_msgs__rosidl_typesupport_introspection_c
[ 73%] Built target nav2_msgs__rosidl_typesupport_fastrtps_cpp
[35m[1mScanning dependencies of target nav2_msgs__rosidl_typesupport_fastrtps_c[0m
[ 73%] [32m[1mLinking CXX shared library libnav2_msgs__rosidl_typesupport_fastrtps_c.so[0m
[ 85%] Built target nav2_msgs__rosidl_typesupport_fastrtps_c
[35m[1mScanning dependencies of target nav2_msgs[0m
[ 85%] Built target nav2_msgs
[ 86%] Built target nav2_msgs__py
[35m[1mScanning dependencies of target nav2_msgs__python[0m
[ 86%] [32m[1mLinking C shared library rosidl_generator_py/nav2_msgs/libnav2_msgs__python.so[0m
[ 97%] Built target nav2_msgs__python
[35m[1mScanning dependencies of target nav2_msgs__rosidl_typesupport_introspection_c__pyext[0m
[ 97%] [32m[1mLinking C shared library rosidl_generator_py/nav2_msgs/nav2_msgs_s__rosidl_typesupport_introspection_c.cpython-38-aarch64-linux-gnu.so[0m
[ 98%] Built target nav2_msgs__rosidl_typesupport_introspection_c__pyext
[35m[1mScanning dependencies of target nav2_msgs__rosidl_typesupport_fastrtps_c__pyext[0m
[ 98%] [32m[1mLinking CXX shared library rosidl_generator_py/nav2_msgs/nav2_msgs_s__rosidl_typesupport_fastrtps_c.cpython-38-aarch64-linux-gnu.so[0m
[ 99%] Built target nav2_msgs__rosidl_typesupport_fastrtps_c__pyext
[35m[1mScanning dependencies of target nav2_msgs__rosidl_typesupport_c__pyext[0m
[ 99%] [32m[1mLinking C shared library rosidl_generator_py/nav2_msgs/nav2_msgs_s__rosidl_typesupport_c.cpython-38-aarch64-linux-gnu.so[0m
[100%] Built target nav2_msgs__rosidl_typesupport_c__pyext
-- Install configuration: "Release"
-- Up-to-date: /home/unitree/navigation_ws/install/nav2_msgs/include/nav2_msgs
-- Up-to-date: /home/unitree/navigation_ws/install/nav2_msgs/include/nav2_msgs/srv
-- Up-to-date: /home/unitree/navigation_ws/install/nav2_msgs/include/nav2_msgs/srv/detail
-- Installing: /home/unitree/navigation_ws/install/nav2_msgs/include/nav2_msgs/srv/detail/load_map__functions.c
-- Installing: /home/unitree/navigation_ws/install/nav2_msgs/include/nav2_msgs/srv/detail/save_map__functions.c
-- Installing: /home/unitree/navigation_ws/install/nav2_msgs/include/nav2_msgs/srv/detail/manage_lifecycle_nodes__functions.c
-- Installing: /home/unitree/navigation_ws/install/nav2_msgs/include/nav2_msgs/srv/detail/get_costmap__functions.c
-- Installing: /home/unitree/navigation_ws/install/nav2_msgs/include/nav2_msgs/srv/detail/clear_costmap_except_region__functions.c
-- Installing: /home/unitree/navigation_ws/install/nav2_msgs/include/nav2_msgs/srv/detail/clear_costmap_around_robot__functions.c
-- Installing: /home/unitree/navigation_ws/install/nav2_msgs/include/nav2_msgs/srv/detail/clear_entire_costmap__functions.c
-- Up-to-date: /home/unitree/navigation_ws/install/nav2_msgs/include/nav2_msgs/action
-- Up-to-date: /home/unitree/navigation_ws/install/nav2_msgs/include/nav2_msgs/action/detail
-- Installing: /home/unitree/navigation_ws/install/nav2_msgs/include/nav2_msgs/action/detail/back_up__functions.c
-- Installing: /home/unitree/navigation_ws/install/nav2_msgs/include/nav2_msgs/action/detail/spin__functions.c
-- Installing: /home/unitree/navigation_ws/install/nav2_msgs/include/nav2_msgs/action/detail/navigate_to_pose__functions.c
-- Installing: /home/unitree/navigation_ws/install/nav2_msgs/include/nav2_msgs/action/detail/follow_path__functions.c
-- Installing: /home/unitree/navigation_ws/install/nav2_msgs/include/nav2_msgs/action/detail/dummy_recovery__functions.c
-- Installing: /home/unitree/navigation_ws/install/nav2_msgs/include/nav2_msgs/action/detail/compute_path_to_pose__functions.c
-- Installing: /home/unitree/navigation_ws/install/nav2_msgs/include/nav2_msgs/action/detail/follow_waypoints__functions.c
-- Installing: /home/unitree/navigation_ws/install/nav2_msgs/include/nav2_msgs/action/detail/wait__functions.c
-- Up-to-date: /home/unitree/navigation_ws/install/nav2_msgs/include/nav2_msgs/msg
-- Up-to-date: /home/unitree/navigation_ws/install/nav2_msgs/include/nav2_msgs/msg/detail
-- Installing: /home/unitree/navigation_ws/install/nav2_msgs/include/nav2_msgs/msg/detail/costmap__functions.c
-- Installing: /home/unitree/navigation_ws/install/nav2_msgs/include/nav2_msgs/msg/detail/particle_cloud__functions.c
-- Installing: /home/unitree/navigation_ws/install/nav2_msgs/include/nav2_msgs/msg/detail/behavior_tree_log__functions.c
-- Installing: /home/unitree/navigation_ws/install/nav2_msgs/include/nav2_msgs/msg/detail/voxel_grid__functions.c
-- Installing: /home/unitree/navigation_ws/install/nav2_msgs/include/nav2_msgs/msg/detail/behavior_tree_status_change__functions.c
-- Installing: /home/unitree/navigation_ws/install/nav2_msgs/include/nav2_msgs/msg/detail/costmap_meta_data__functions.c
-- Installing: /home/unitree/navigation_ws/install/nav2_msgs/include/nav2_msgs/msg/detail/particle__functions.c
-- Up-to-date: /home/unitree/navigation_ws/install/nav2_msgs/lib/libnav2_msgs__rosidl_generator_c.so
-- Up-to-date: /home/unitree/navigation_ws/install/nav2_msgs/include/nav2_msgs
-- Up-to-date: /home/unitree/navigation_ws/install/nav2_msgs/include/nav2_msgs/srv
-- Up-to-date: /home/unitree/navigation_ws/install/nav2_msgs/include/nav2_msgs/srv/detail
-- Up-to-date: /home/unitree/navigation_ws/install/nav2_msgs/include/nav2_msgs/action
-- Up-to-date: /home/unitree/navigation_ws/install/nav2_msgs/include/nav2_msgs/action/detail
-- Up-to-date: /home/unitree/navigation_ws/install/nav2_msgs/include/nav2_msgs/msg
-- Up-to-date: /home/unitree/navigation_ws/install/nav2_msgs/include/nav2_msgs/msg/detail
-- Up-to-date: /home/unitree/navigation_ws/install/nav2_msgs/include/nav2_msgs
-- Up-to-date: /home/unitree/navigation_ws/install/nav2_msgs/include/nav2_msgs/srv
-- Up-to-date: /home/unitree/navigation_ws/install/nav2_msgs/include/nav2_msgs/srv/detail
-- Installing: /home/unitree/navigation_ws/install/nav2_msgs/include/nav2_msgs/srv/detail/dds_fastrtps
-- Up-to-date: /home/unitree/navigation_ws/install/nav2_msgs/include/nav2_msgs/action
-- Up-to-date: /home/unitree/navigation_ws/install/nav2_msgs/include/nav2_msgs/action/detail
-- Installing: /home/unitree/navigation_ws/install/nav2_msgs/include/nav2_msgs/action/detail/dds_fastrtps
-- Up-to-date: /home/unitree/navigation_ws/install/nav2_msgs/include/nav2_msgs/msg
-- Up-to-date: /home/unitree/navigation_ws/install/nav2_msgs/include/nav2_msgs/msg/detail
-- Installing: /home/unitree/navigation_ws/install/nav2_msgs/include/nav2_msgs/msg/detail/dds_fastrtps
-- Up-to-date: /home/unitree/navigation_ws/install/nav2_msgs/include/nav2_msgs
-- Up-to-date: /home/unitree/navigation_ws/install/nav2_msgs/include/nav2_msgs/srv
-- Up-to-date: /home/unitree/navigation_ws/install/nav2_msgs/include/nav2_msgs/srv/detail
-- Installing: /home/unitree/navigation_ws/install/nav2_msgs/include/nav2_msgs/srv/detail/manage_lifecycle_nodes__type_support.c
-- Installing: /home/unitree/navigation_ws/install/nav2_msgs/include/nav2_msgs/srv/detail/load_map__type_support.c
-- Installing: /home/unitree/navigation_ws/install/nav2_msgs/include/nav2_msgs/srv/detail/clear_costmap_around_robot__type_support.c
-- Installing: /home/unitree/navigation_ws/install/nav2_msgs/include/nav2_msgs/srv/detail/save_map__type_support.c
-- Installing: /home/unitree/navigation_ws/install/nav2_msgs/include/nav2_msgs/srv/detail/clear_entire_costmap__type_support.c
-- Installing: /home/unitree/navigation_ws/install/nav2_msgs/include/nav2_msgs/srv/detail/get_costmap__type_support.c
-- Installing: /home/unitree/navigation_ws/install/nav2_msgs/include/nav2_msgs/srv/detail/clear_costmap_except_region__type_support.c
-- Up-to-date: /home/unitree/navigation_ws/install/nav2_msgs/include/nav2_msgs/action
-- Up-to-date: /home/unitree/navigation_ws/install/nav2_msgs/include/nav2_msgs/action/detail
-- Installing: /home/unitree/navigation_ws/install/nav2_msgs/include/nav2_msgs/action/detail/compute_path_to_pose__type_support.c
-- Installing: /home/unitree/navigation_ws/install/nav2_msgs/include/nav2_msgs/action/detail/navigate_to_pose__type_support.c
-- Installing: /home/unitree/navigation_ws/install/nav2_msgs/include/nav2_msgs/action/detail/spin__type_support.c
-- Installing: /home/unitree/navigation_ws/install/nav2_msgs/include/nav2_msgs/action/detail/follow_path__type_support.c
-- Installing: /home/unitree/navigation_ws/install/nav2_msgs/include/nav2_msgs/action/detail/follow_waypoints__type_support.c
-- Installing: /home/unitree/navigation_ws/install/nav2_msgs/include/nav2_msgs/action/detail/back_up__type_support.c
-- Installing: /home/unitree/navigation_ws/install/nav2_msgs/include/nav2_msgs/action/detail/dummy_recovery__type_support.c
-- Installing: /home/unitree/navigation_ws/install/nav2_msgs/include/nav2_msgs/action/detail/wait__type_support.c
-- Up-to-date: /home/unitree/navigation_ws/install/nav2_msgs/include/nav2_msgs/msg
-- Up-to-date: /home/unitree/navigation_ws/install/nav2_msgs/include/nav2_msgs/msg/detail
-- Installing: /home/unitree/navigation_ws/install/nav2_msgs/include/nav2_msgs/msg/detail/voxel_grid__type_support.c
-- Installing: /home/unitree/navigation_ws/install/nav2_msgs/include/nav2_msgs/msg/detail/behavior_tree_status_change__type_support.c
-- Installing: /home/unitree/navigation_ws/install/nav2_msgs/include/nav2_msgs/msg/detail/costmap__type_support.c
-- Installing: /home/unitree/navigation_ws/install/nav2_msgs/include/nav2_msgs/msg/detail/behavior_tree_log__type_support.c
-- Installing: /home/unitree/navigation_ws/install/nav2_msgs/include/nav2_msgs/msg/detail/costmap_meta_data__type_support.c
-- Installing: /home/unitree/navigation_ws/install/nav2_msgs/include/nav2_msgs/msg/detail/particle__type_support.c
-- Installing: /home/unitree/navigation_ws/install/nav2_msgs/include/nav2_msgs/msg/detail/particle_cloud__type_support.c
-- Up-to-date: /home/unitree/navigation_ws/install/nav2_msgs/lib/libnav2_msgs__rosidl_typesupport_introspection_c.so
-- Up-to-date: /home/unitree/navigation_ws/install/nav2_msgs/lib/libnav2_msgs__rosidl_typesupport_c.so
-- Up-to-date: /home/unitree/navigation_ws/install/nav2_msgs/include/nav2_msgs
-- Up-to-date: /home/unitree/navigation_ws/install/nav2_msgs/include/nav2_msgs/srv
-- Up-to-date: /home/unitree/navigation_ws/install/nav2_msgs/include/nav2_msgs/srv/detail
-- Up-to-date: /home/unitree/navigation_ws/install/nav2_msgs/include/nav2_msgs/action
-- Up-to-date: /home/unitree/navigation_ws/install/nav2_msgs/include/nav2_msgs/action/detail
-- Up-to-date: /home/unitree/navigation_ws/install/nav2_msgs/include/nav2_msgs/msg
-- Up-to-date: /home/unitree/navigation_ws/install/nav2_msgs/include/nav2_msgs/msg/detail
-- Up-to-date: /home/unitree/navigation_ws/install/nav2_msgs/include/nav2_msgs
-- Up-to-date: /home/unitree/navigation_ws/install/nav2_msgs/include/nav2_msgs/srv
-- Up-to-date: /home/unitree/navigation_ws/install/nav2_msgs/include/nav2_msgs/srv/detail
-- Installing: /home/unitree/navigation_ws/install/nav2_msgs/include/nav2_msgs/srv/detail/clear_costmap_around_robot__type_support.cpp
-- Installing: /home/unitree/navigation_ws/install/nav2_msgs/include/nav2_msgs/srv/detail/manage_lifecycle_nodes__type_support.cpp
-- Installing: /home/unitree/navigation_ws/install/nav2_msgs/include/nav2_msgs/srv/detail/clear_entire_costmap__type_support.cpp
-- Installing: /home/unitree/navigation_ws/install/nav2_msgs/include/nav2_msgs/srv/detail/get_costmap__type_support.cpp
-- Installing: /home/unitree/navigation_ws/install/nav2_msgs/include/nav2_msgs/srv/detail/load_map__type_support.cpp
-- Installing: /home/unitree/navigation_ws/install/nav2_msgs/include/nav2_msgs/srv/detail/save_map__type_support.cpp
-- Installing: /home/unitree/navigation_ws/install/nav2_msgs/include/nav2_msgs/srv/detail/clear_costmap_except_region__type_support.cpp
-- Up-to-date: /home/unitree/navigation_ws/install/nav2_msgs/include/nav2_msgs/action
-- Up-to-date: /home/unitree/navigation_ws/install/nav2_msgs/include/nav2_msgs/action/detail
-- Installing: /home/unitree/navigation_ws/install/nav2_msgs/include/nav2_msgs/action/detail/wait__type_support.cpp
-- Installing: /home/unitree/navigation_ws/install/nav2_msgs/include/nav2_msgs/action/detail/follow_waypoints__type_support.cpp
-- Installing: /home/unitree/navigation_ws/install/nav2_msgs/include/nav2_msgs/action/detail/compute_path_to_pose__type_support.cpp
-- Installing: /home/unitree/navigation_ws/install/nav2_msgs/include/nav2_msgs/action/detail/dummy_recovery__type_support.cpp
-- Installing: /home/unitree/navigation_ws/install/nav2_msgs/include/nav2_msgs/action/detail/spin__type_support.cpp
-- Installing: /home/unitree/navigation_ws/install/nav2_msgs/include/nav2_msgs/action/detail/follow_path__type_support.cpp
-- Installing: /home/unitree/navigation_ws/install/nav2_msgs/include/nav2_msgs/action/detail/navigate_to_pose__type_support.cpp
-- Installing: /home/unitree/navigation_ws/install/nav2_msgs/include/nav2_msgs/action/detail/back_up__type_support.cpp
-- Up-to-date: /home/unitree/navigation_ws/install/nav2_msgs/include/nav2_msgs/msg
-- Up-to-date: /home/unitree/navigation_ws/install/nav2_msgs/include/nav2_msgs/msg/detail
-- Installing: /home/unitree/navigation_ws/install/nav2_msgs/include/nav2_msgs/msg/detail/behavior_tree_log__type_support.cpp
-- Installing: /home/unitree/navigation_ws/install/nav2_msgs/include/nav2_msgs/msg/detail/particle__type_support.cpp
-- Installing: /home/unitree/navigation_ws/install/nav2_msgs/include/nav2_msgs/msg/detail/costmap__type_support.cpp
-- Installing: /home/unitree/navigation_ws/install/nav2_msgs/include/nav2_msgs/msg/detail/behavior_tree_status_change__type_support.cpp
-- Installing: /home/unitree/navigation_ws/install/nav2_msgs/include/nav2_msgs/msg/detail/costmap_meta_data__type_support.cpp
-- Installing: /home/unitree/navigation_ws/install/nav2_msgs/include/nav2_msgs/msg/detail/particle_cloud__type_support.cpp
-- Installing: /home/unitree/navigation_ws/install/nav2_msgs/include/nav2_msgs/msg/detail/voxel_grid__type_support.cpp
-- Up-to-date: /home/unitree/navigation_ws/install/nav2_msgs/lib/libnav2_msgs__rosidl_typesupport_introspection_cpp.so
-- Up-to-date: /home/unitree/navigation_ws/install/nav2_msgs/lib/libnav2_msgs__rosidl_typesupport_cpp.so
Compiling '/home/unitree/navigation_ws/install/nav2_msgs/lib/python3.8/site-packages/nav2_msgs/__init__.py'...
-- Up-to-date: /home/unitree/navigation_ws/install/nav2_msgs/lib/python3.8/site-packages/nav2_msgs/msg
-- Installing: /home/unitree/navigation_ws/install/nav2_msgs/lib/python3.8/site-packages/nav2_msgs/msg/_behavior_tree_status_change_s.c
-- Installing: /home/unitree/navigation_ws/install/nav2_msgs/lib/python3.8/site-packages/nav2_msgs/msg/_behavior_tree_log_s.c
-- Installing: /home/unitree/navigation_ws/install/nav2_msgs/lib/python3.8/site-packages/nav2_msgs/msg/_costmap_s.c
-- Installing: /home/unitree/navigation_ws/install/nav2_msgs/lib/python3.8/site-packages/nav2_msgs/msg/_voxel_grid_s.c
-- Installing: /home/unitree/navigation_ws/install/nav2_msgs/lib/python3.8/site-packages/nav2_msgs/msg/_costmap_meta_data_s.c
-- Installing: /home/unitree/navigation_ws/install/nav2_msgs/lib/python3.8/site-packages/nav2_msgs/msg/_particle_cloud_s.c
-- Installing: /home/unitree/navigation_ws/install/nav2_msgs/lib/python3.8/site-packages/nav2_msgs/msg/_particle_s.c
-- Up-to-date: /home/unitree/navigation_ws/install/nav2_msgs/lib/python3.8/site-packages/nav2_msgs/srv
-- Installing: /home/unitree/navigation_ws/install/nav2_msgs/lib/python3.8/site-packages/nav2_msgs/srv/_get_costmap_s.c
-- Installing: /home/unitree/navigation_ws/install/nav2_msgs/lib/python3.8/site-packages/nav2_msgs/srv/_save_map_s.c
-- Installing: /home/unitree/navigation_ws/install/nav2_msgs/lib/python3.8/site-packages/nav2_msgs/srv/_manage_lifecycle_nodes_s.c
-- Installing: /home/unitree/navigation_ws/install/nav2_msgs/lib/python3.8/site-packages/nav2_msgs/srv/_clear_costmap_around_robot_s.c
-- Installing: /home/unitree/navigation_ws/install/nav2_msgs/lib/python3.8/site-packages/nav2_msgs/srv/_clear_entire_costmap_s.c
-- Installing: /home/unitree/navigation_ws/install/nav2_msgs/lib/python3.8/site-packages/nav2_msgs/srv/_clear_costmap_except_region_s.c
-- Installing: /home/unitree/navigation_ws/install/nav2_msgs/lib/python3.8/site-packages/nav2_msgs/srv/_load_map_s.c
-- Up-to-date: /home/unitree/navigation_ws/install/nav2_msgs/lib/python3.8/site-packages/nav2_msgs/action
-- Installing: /home/unitree/navigation_ws/install/nav2_msgs/lib/python3.8/site-packages/nav2_msgs/action/_compute_path_to_pose_s.c
-- Installing: /home/unitree/navigation_ws/install/nav2_msgs/lib/python3.8/site-packages/nav2_msgs/action/_spin_s.c
-- Installing: /home/unitree/navigation_ws/install/nav2_msgs/lib/python3.8/site-packages/nav2_msgs/action/_back_up_s.c
-- Installing: /home/unitree/navigation_ws/install/nav2_msgs/lib/python3.8/site-packages/nav2_msgs/action/_dummy_recovery_s.c
-- Installing: /home/unitree/navigation_ws/install/nav2_msgs/lib/python3.8/site-packages/nav2_msgs/action/_wait_s.c
-- Installing: /home/unitree/navigation_ws/install/nav2_msgs/lib/python3.8/site-packages/nav2_msgs/action/_follow_waypoints_s.c
-- Installing: /home/unitree/navigation_ws/install/nav2_msgs/lib/python3.8/site-packages/nav2_msgs/action/_navigate_to_pose_s.c
-- Installing: /home/unitree/navigation_ws/install/nav2_msgs/lib/python3.8/site-packages/nav2_msgs/action/_follow_path_s.c
-- Installing: /home/unitree/navigation_ws/install/nav2_msgs/share/nav2_msgs/package.dsv
-- Up-to-date: /home/unitree/navigation_ws/install/nav2_msgs/share/nav2_msgs/cmake/nav2_msgs__rosidl_generator_cExport.cmake
-- Installing: /home/unitree/navigation_ws/install/nav2_msgs/share/nav2_msgs/cmake/nav2_msgs__rosidl_generator_cExport-release.cmake
-- Up-to-date: /home/unitree/navigation_ws/install/nav2_msgs/share/nav2_msgs/cmake/nav2_msgs__rosidl_typesupport_introspection_cExport.cmake
-- Installing: /home/unitree/navigation_ws/install/nav2_msgs/share/nav2_msgs/cmake/nav2_msgs__rosidl_typesupport_introspection_cExport-release.cmake
-- Up-to-date: /home/unitree/navigation_ws/install/nav2_msgs/share/nav2_msgs/cmake/nav2_msgs__rosidl_typesupport_cExport.cmake
-- Installing: /home/unitree/navigation_ws/install/nav2_msgs/share/nav2_msgs/cmake/nav2_msgs__rosidl_typesupport_cExport-release.cmake
-- Up-to-date: /home/unitree/navigation_ws/install/nav2_msgs/share/nav2_msgs/cmake/nav2_msgs__rosidl_generator_cppExport.cmake
-- Up-to-date: /home/unitree/navigation_ws/install/nav2_msgs/share/nav2_msgs/cmake/nav2_msgs__rosidl_typesupport_introspection_cppExport.cmake
-- Installing: /home/unitree/navigation_ws/install/nav2_msgs/share/nav2_msgs/cmake/nav2_msgs__rosidl_typesupport_introspection_cppExport-release.cmake
-- Up-to-date: /home/unitree/navigation_ws/install/nav2_msgs/share/nav2_msgs/cmake/nav2_msgs__rosidl_typesupport_cppExport.cmake
-- Installing: /home/unitree/navigation_ws/install/nav2_msgs/share/nav2_msgs/cmake/nav2_msgs__rosidl_typesupport_cppExport-release.cmake
