[0.086s] Invoking command in '/home/unitree/navigation_ws/build/nav2_common': CMAKE_PREFIX_PATH=${CMAKE_PREFIX_PATH}:/opt/ros/foxy /usr/bin/cmake /home/unitree/navigation_ws/src/navigation2/nav2_common -DAMENT_CMAKE_SYMLINK_INSTALL=1 -DCMAKE_INSTALL_PREFIX=/home/unitree/navigation_ws/install/nav2_common
[0.152s] -- Found ament_cmake_core: 0.9.12 (/opt/ros/foxy/share/ament_cmake_core/cmake)
[0.191s] -- Found PythonInterp: /usr/bin/python3 (found suitable version "3.8.10", minimum required is "3") 
[0.191s] -- Using PYTHON_EXECUTABLE: /usr/bin/python3
[0.655s] -- Override CMake install command with custom implementation using symlinks instead of copying resources
[0.661s] -- Found ament_cmake_python: 0.9.12 (/opt/ros/foxy/share/ament_cmake_python/cmake)
[0.867s] -- Configuring done
[0.871s] -- Generating done
[0.874s] -- Build files have been written to: /home/unitree/navigation_ws/build/nav2_common
[0.889s] Invoked command in '/home/unitree/navigation_ws/build/nav2_common' returned '0': CMAKE_PREFIX_PATH=${CMAKE_PREFIX_PATH}:/opt/ros/foxy /usr/bin/cmake /home/unitree/navigation_ws/src/navigation2/nav2_common -DAMENT_CMAKE_SYMLINK_INSTALL=1 -DCMAKE_INSTALL_PREFIX=/home/unitree/navigation_ws/install/nav2_common
[0.893s] Invoking command in '/home/unitree/navigation_ws/build/nav2_common': CMAKE_PREFIX_PATH=${CMAKE_PREFIX_PATH}:/opt/ros/foxy /usr/bin/cmake --build /home/unitree/navigation_ws/build/nav2_common -- -j8 -l8
[3.399s] Invoked command in '/home/unitree/navigation_ws/build/nav2_common' returned '0': CMAKE_PREFIX_PATH=${CMAKE_PREFIX_PATH}:/opt/ros/foxy /usr/bin/cmake --build /home/unitree/navigation_ws/build/nav2_common -- -j8 -l8
[3.652s] Invoking command in '/home/unitree/navigation_ws/build/nav2_common': CMAKE_PREFIX_PATH=${CMAKE_PREFIX_PATH}:/opt/ros/foxy /usr/bin/cmake --install /home/unitree/navigation_ws/build/nav2_common
[4.078s] -- Install configuration: ""
[4.078s] -- Execute custom install script
[4.079s] -- Symlinking: /home/unitree/navigation_ws/install/nav2_common/share/nav2_common/environment/pythonpath.sh
[4.079s] -- Symlinking: /home/unitree/navigation_ws/install/nav2_common/share/nav2_common/environment/pythonpath.dsv
[4.080s] -- Symlinking: /home/unitree/navigation_ws/install/nav2_common/lib/python3.8/site-packages/nav2_common/__init__.py
[4.080s] -- Symlinking: /home/unitree/navigation_ws/install/nav2_common/lib/python3.8/site-packages/nav2_common/launch/__init__.py
[4.080s] -- Symlinking: /home/unitree/navigation_ws/install/nav2_common/lib/python3.8/site-packages/nav2_common/launch/has_node_params.py
[4.080s] -- Symlinking: /home/unitree/navigation_ws/install/nav2_common/lib/python3.8/site-packages/nav2_common/launch/replace_string.py
[4.080s] -- Symlinking: /home/unitree/navigation_ws/install/nav2_common/lib/python3.8/site-packages/nav2_common/launch/rewritten_yaml.py
[4.080s] -- Symlinking: /home/unitree/navigation_ws/install/nav2_common/share/ament_index/resource_index/package_run_dependencies/nav2_common
[4.109s] -- Symlinking: /home/unitree/navigation_ws/install/nav2_common/share/ament_index/resource_index/parent_prefix_path/nav2_common
[4.142s] -- Symlinking: /home/unitree/navigation_ws/install/nav2_common/share/nav2_common/environment/ament_prefix_path.sh
[4.168s] -- Symlinking: /home/unitree/navigation_ws/install/nav2_common/share/nav2_common/environment/ament_prefix_path.dsv
[4.208s] -- Symlinking: /home/unitree/navigation_ws/install/nav2_common/share/nav2_common/environment/path.sh
[4.243s] -- Symlinking: /home/unitree/navigation_ws/install/nav2_common/share/nav2_common/environment/path.dsv
[4.347s] -- Symlinking: /home/unitree/navigation_ws/install/nav2_common/share/nav2_common/local_setup.bash
[4.435s] -- Symlinking: /home/unitree/navigation_ws/install/nav2_common/share/nav2_common/local_setup.sh
[4.498s] -- Symlinking: /home/unitree/navigation_ws/install/nav2_common/share/nav2_common/local_setup.zsh
[4.599s] -- Symlinking: /home/unitree/navigation_ws/install/nav2_common/share/nav2_common/local_setup.dsv
[4.685s] -- Symlinking: /home/unitree/navigation_ws/install/nav2_common/share/nav2_common/package.dsv
[4.739s] -- Symlinking: /home/unitree/navigation_ws/install/nav2_common/share/ament_index/resource_index/packages/nav2_common
[4.784s] -- Symlinking: /home/unitree/navigation_ws/install/nav2_common/share/nav2_common/cmake/nav2_common-extras.cmake
[4.859s] -- Symlinking: /home/unitree/navigation_ws/install/nav2_common/share/nav2_common/cmake/nav2_commonConfig.cmake
[4.946s] -- Symlinking: /home/unitree/navigation_ws/install/nav2_common/share/nav2_common/cmake/nav2_commonConfig-version.cmake
[5.025s] -- Symlinking: /home/unitree/navigation_ws/install/nav2_common/share/nav2_common/package.xml
[5.140s] -- Symlinking: /home/unitree/navigation_ws/install/nav2_common/share/nav2_common/cmake/nav2_package.cmake
[5.523s] Listing '/home/unitree/navigation_ws/install/nav2_common/lib/python3.8/site-packages/nav2_common'...
[5.524s] Compiling '/home/unitree/navigation_ws/install/nav2_common/lib/python3.8/site-packages/nav2_common/__init__.py'...
[5.524s] Listing '/home/unitree/navigation_ws/install/nav2_common/lib/python3.8/site-packages/nav2_common/launch'...
[5.524s] Compiling '/home/unitree/navigation_ws/install/nav2_common/lib/python3.8/site-packages/nav2_common/launch/__init__.py'...
[5.524s] Compiling '/home/unitree/navigation_ws/install/nav2_common/lib/python3.8/site-packages/nav2_common/launch/has_node_params.py'...
[5.524s] Compiling '/home/unitree/navigation_ws/install/nav2_common/lib/python3.8/site-packages/nav2_common/launch/replace_string.py'...
[5.524s] Compiling '/home/unitree/navigation_ws/install/nav2_common/lib/python3.8/site-packages/nav2_common/launch/rewritten_yaml.py'...
[5.585s] Invoked command in '/home/unitree/navigation_ws/build/nav2_common' returned '0': CMAKE_PREFIX_PATH=${CMAKE_PREFIX_PATH}:/opt/ros/foxy /usr/bin/cmake --install /home/unitree/navigation_ws/build/nav2_common
