-- The C compiler identification is GNU 9.4.0
-- The CXX compiler identification is GNU 9.4.0
-- Check for working C compiler: /usr/bin/cc
-- Check for working C compiler: /usr/bin/cc -- works
-- Detecting C compiler ABI info
-- Detecting C compiler ABI info - done
-- Detecting C compile features
-- Detecting C compile features - done
-- Check for working CXX compiler: /usr/bin/c++
-- Check for working CXX compiler: /usr/bin/c++ -- works
-- Detecting CXX compiler ABI info
-- Detecting CXX compiler ABI info - done
-- Detecting CXX compile features
-- Detecting CXX compile features - done
-- Found ament_cmake: 0.9.12 (/opt/ros/foxy/share/ament_cmake/cmake)
-- Found PythonInterp: /usr/bin/python3 (found suitable version "3.8.10", minimum required is "3") 
-- Using PYTHON_EXECUTABLE: /usr/bin/python3
-- Found nav2_common: 0.4.7 (/home/unitree/navigation_ws/install/nav2_common/share/nav2_common/cmake)
-- Found nav2_msgs: 0.4.7 (/home/unitree/navigation_ws/install/nav2_msgs/share/nav2_msgs/cmake)
-- Using all available rosidl_typesupport_c: rosidl_typesupport_fastrtps_c;rosidl_typesupport_introspection_c
-- Found rosidl_adapter: 1.3.1 (/opt/ros/foxy/share/rosidl_adapter/cmake)
-- Found OpenSSL: /usr/lib/aarch64-linux-gnu/libcrypto.so (found version "1.1.1f")  
-- Found FastRTPS: /opt/ros/foxy/include  
-- Using all available rosidl_typesupport_cpp: rosidl_typesupport_fastrtps_cpp;rosidl_typesupport_introspection_cpp
-- Found tf2_ros: 0.13.14 (/opt/ros/foxy/share/tf2_ros/cmake)
-- Found rmw_implementation_cmake: 1.0.4 (/opt/ros/foxy/share/rmw_implementation_cmake/cmake)
-- Using RMW implementation 'rmw_cyclonedds_cpp' as default
-- Looking for pthread.h
-- Looking for pthread.h - found
-- Performing Test CMAKE_HAVE_LIBC_PTHREAD
-- Performing Test CMAKE_HAVE_LIBC_PTHREAD - Failed
-- Looking for pthread_create in pthreads
-- Looking for pthread_create in pthreads - not found
-- Looking for pthread_create in pthread
-- Looking for pthread_create in pthread - found
-- Found Threads: TRUE  
-- Found tf2_geometry_msgs: 0.13.14 (/opt/ros/foxy/share/tf2_geometry_msgs/cmake)
-- Found eigen3_cmake_module: 0.1.1 (/opt/ros/foxy/share/eigen3_cmake_module/cmake)
-- Found Eigen3: TRUE (found version "3.3.7") 
-- Found lifecycle_msgs: 1.0.0 (/opt/ros/foxy/share/lifecycle_msgs/cmake)
-- Found test_msgs: 1.0.0 (/opt/ros/foxy/share/test_msgs/cmake)
-- Found rclcpp_lifecycle: 2.4.3 (/opt/ros/foxy/share/rclcpp_lifecycle/cmake)
-- Found Boost: /usr/lib/aarch64-linux-gnu/cmake/Boost-1.71.0/BoostConfig.cmake (found version "1.71.0") found components: program_options 
-- Found ament_lint_auto: 0.9.8 (/opt/ros/foxy/share/ament_lint_auto/cmake)
-- Found ament_cmake_pytest: 0.9.12 (/opt/ros/foxy/share/ament_cmake_pytest/cmake)
-- Found launch_testing_ament_cmake: 0.10.10 (/opt/ros/foxy/share/launch_testing_ament_cmake/cmake)
-- Found python_cmake_module: 0.8.1 (/opt/ros/foxy/share/python_cmake_module/cmake)
-- Found PythonInterp: /usr/bin/python3 (found suitable version "3.8.10", minimum required is "3.5") 
-- Found PythonLibs: /usr/lib/aarch64-linux-gnu/libpython3.8.so (found suitable version "3.8.10", minimum required is "3.5") 
-- Using PYTHON_EXECUTABLE: /usr/bin/python3
-- Using PYTHON_INCLUDE_DIRS: /usr/include/python3.8
-- Using PYTHON_LIBRARIES: /usr/lib/aarch64-linux-gnu/libpython3.8.so
-- Found PythonExtra: .so  
-- Found gtest sources under '/opt/ros/foxy/src/gtest_vendor': C++ tests using 'Google Test' will be built
-- Check if compiler accepts -pthread
-- Check if compiler accepts -pthread - yes
-- Added test 'copyright' to check source files copyright and LICENSE
-- Added test 'cppcheck' to perform static code analysis on C / C++ code
-- Configured cppcheck include dirs: /home/unitree/navigation_ws/src/navigation2/nav2_util/include
-- Configured cppcheck exclude dirs and/or files: 
-- Added test 'cpplint' to check C / C++ code against the Google style
-- Configured cpplint exclude dirs and/or files: 
-- Added test 'flake8' to check Python code syntax and style conventions
-- Added test 'lint_cmake' to check CMake code style
-- Added test 'pep257' to check Python code against some of the style conventions in PEP 257
-- Added test 'uncrustify' to check C / C++ code style
-- Configured uncrustify additional arguments: 
-- Added test 'xmllint' to check XML markup files
-- Configuring done
-- Generating done
-- Build files have been written to: /home/unitree/navigation_ws/build/nav2_util
[  2%] [32m[1mLinking CXX executable dump_params[0m
[  5%] Built target dump_params
[ 10%] Built target gtest_main
[ 15%] Built target gtest
[ 17%] [32m[1mLinking CXX shared library libnav2_util_core.so[0m
[ 40%] Built target nav2_util_core
[ 45%] Built target test_execution_timer
[ 47%] [32m[1mLinking CXX executable test_node_utils[0m
[ 50%] Built target test_node_utils
[ 52%] [32m[1mLinking CXX executable test_lifecycle_cli_node[0m
[ 55%] Built target test_lifecycle_cli_node
[ 57%] [32m[1mLinking CXX executable test_geometry_utils[0m
[ 60%] Built target test_geometry_utils
[ 62%] [32m[1mLinking CXX executable test_odometry_utils[0m
[ 65%] Built target test_odometry_utils
[ 67%] [32m[1mLinking CXX executable test_robot_utils[0m
[ 70%] Built target test_robot_utils
[ 72%] [32m[1mLinking CXX executable test_actions[0m
[ 75%] Built target test_actions
[ 77%] [32m[1mLinking CXX executable test_lifecycle_utils[0m
[ 80%] Built target test_lifecycle_utils
[ 82%] [32m[1mLinking CXX executable test_lifecycle_node[0m
[ 85%] Built target test_lifecycle_node
[ 87%] [32m[1mLinking CXX executable test_string_utils[0m
[ 90%] Built target test_string_utils
[ 92%] [32m[1mLinking CXX executable test_service_client[0m
[ 95%] Built target test_service_client
[ 97%] [32m[1mLinking CXX executable lifecycle_bringup[0m
[100%] Built target lifecycle_bringup
-- Install configuration: "Release"
-- Up-to-date: /home/unitree/navigation_ws/install/nav2_util/include/
-- Up-to-date: /home/unitree/navigation_ws/install/nav2_util/include//nav2_util
-- Installing: /home/unitree/navigation_ws/install/nav2_util/share/nav2_util/package.dsv
