[0.160s] Invoking command in '/home/unitree/navigation_ws/build/cmd_vel_processor': CMAKE_PREFIX_PATH=${CMAKE_PREFIX_PATH}:/opt/ros/foxy /usr/bin/cmake /home/unitree/navigation_ws/src/cmd_vel_processor -DCMAKE_BUILD_TYPE=Release -DCMAKE_INSTALL_PREFIX=/home/unitree/navigation_ws/install/cmd_vel_processor
[3.378s] -- The C compiler identification is GNU 9.4.0
[3.379s] -- The CXX compiler identification is GNU 9.4.0
[3.380s] -- Check for working C compiler: /usr/bin/cc
[3.380s] -- Check for working C compiler: /usr/bin/cc -- works
[3.380s] -- Detecting C compiler ABI info
[3.380s] -- Detecting C compiler ABI info - done
[3.380s] -- Detecting C compile features
[3.380s] -- Detecting C compile features - done
[3.380s] -- Check for working CXX compiler: /usr/bin/c++
[3.381s] -- Check for working CXX compiler: /usr/bin/c++ -- works
[3.381s] -- Detecting CXX compiler ABI info
[3.381s] -- Detecting CXX compiler ABI info - done
[3.381s] -- Detecting CXX compile features
[3.381s] -- Detecting CXX compile features - done
[3.381s] -- Found ament_cmake: 0.9.12 (/opt/ros/foxy/share/ament_cmake/cmake)
[3.381s] -- Found PythonInterp: /usr/bin/python3 (found suitable version "3.8.10", minimum required is "3") 
[3.381s] -- Using PYTHON_EXECUTABLE: /usr/bin/python3
[3.381s] -- Found rclcpp: 2.4.3 (/opt/ros/foxy/share/rclcpp/cmake)
[3.382s] -- Using all available rosidl_typesupport_c: rosidl_typesupport_fastrtps_c;rosidl_typesupport_introspection_c
[3.382s] -- Found rosidl_adapter: 1.3.1 (/opt/ros/foxy/share/rosidl_adapter/cmake)
[3.382s] -- Found OpenSSL: /usr/lib/aarch64-linux-gnu/libcrypto.so (found version "1.1.1f")  
[3.382s] -- Found FastRTPS: /opt/ros/foxy/include  
[3.382s] -- Using all available rosidl_typesupport_cpp: rosidl_typesupport_fastrtps_cpp;rosidl_typesupport_introspection_cpp
[3.382s] -- Found rmw_implementation_cmake: 1.0.4 (/opt/ros/foxy/share/rmw_implementation_cmake/cmake)
[3.382s] -- Using RMW implementation 'rmw_cyclonedds_cpp' as default
[3.382s] -- Looking for pthread.h
[3.382s] -- Looking for pthread.h - found
[3.382s] -- Performing Test CMAKE_HAVE_LIBC_PTHREAD
[3.383s] -- Performing Test CMAKE_HAVE_LIBC_PTHREAD - Failed
[3.383s] -- Looking for pthread_create in pthreads
[3.392s] -- Looking for pthread_create in pthreads - not found
[3.392s] -- Looking for pthread_create in pthread
[3.607s] -- Looking for pthread_create in pthread - found
[3.609s] -- Found Threads: TRUE  
[3.953s] -- Found geometry_msgs: 2.0.5 (/opt/ros/foxy/share/geometry_msgs/cmake)
[4.236s] -- Configuring done
[4.289s] -- Generating done
[4.292s] -- Build files have been written to: /home/unitree/navigation_ws/build/cmd_vel_processor
[4.358s] Invoked command in '/home/unitree/navigation_ws/build/cmd_vel_processor' returned '0': CMAKE_PREFIX_PATH=${CMAKE_PREFIX_PATH}:/opt/ros/foxy /usr/bin/cmake /home/unitree/navigation_ws/src/cmd_vel_processor -DCMAKE_BUILD_TYPE=Release -DCMAKE_INSTALL_PREFIX=/home/unitree/navigation_ws/install/cmd_vel_processor
[4.360s] Invoking command in '/home/unitree/navigation_ws/build/cmd_vel_processor': CMAKE_PREFIX_PATH=${CMAKE_PREFIX_PATH}:/opt/ros/foxy /usr/bin/cmake --build /home/unitree/navigation_ws/build/cmd_vel_processor -- -j8 -l8
[4.603s] [35m[1mScanning dependencies of target cmd_vel_subscriber[0m
[4.838s] [ 50%] [32mBuilding CXX object CMakeFiles/cmd_vel_subscriber.dir/src/cmd_vel_subscriber.cpp.o[0m
[40.469s] [100%] [32m[1mLinking CXX executable cmd_vel_subscriber[0m
[41.728s] [100%] Built target cmd_vel_subscriber
[41.816s] Invoked command in '/home/unitree/navigation_ws/build/cmd_vel_processor' returned '0': CMAKE_PREFIX_PATH=${CMAKE_PREFIX_PATH}:/opt/ros/foxy /usr/bin/cmake --build /home/unitree/navigation_ws/build/cmd_vel_processor -- -j8 -l8
[42.088s] Invoking command in '/home/unitree/navigation_ws/build/cmd_vel_processor': CMAKE_PREFIX_PATH=${CMAKE_PREFIX_PATH}:/opt/ros/foxy /usr/bin/cmake --install /home/unitree/navigation_ws/build/cmd_vel_processor
[42.127s] -- Install configuration: "Release"
[42.128s] -- Installing: /home/unitree/navigation_ws/install/cmd_vel_processor/share/cmd_vel_processor/package.dsv
[42.140s] Invoked command in '/home/unitree/navigation_ws/build/cmd_vel_processor' returned '0': CMAKE_PREFIX_PATH=${CMAKE_PREFIX_PATH}:/opt/ros/foxy /usr/bin/cmake --install /home/unitree/navigation_ws/build/cmd_vel_processor
