-- Found ament_cmake: 0.9.12 (/opt/ros/foxy/share/ament_cmake/cmake)
-- Using PYTHON_EXECUTABLE: /usr/bin/python3
-- Override CMake install command with custom implementation using symlinks instead of copying resources
-- Configuring done
-- Generating done
-- Build files have been written to: /home/unitree/navigation_ws/build/nav2_dwb_controller
-- Install configuration: "Release"
-- Execute custom install script
-- Up-to-date symlink: /home/unitree/navigation_ws/install/nav2_dwb_controller/share/ament_index/resource_index/package_run_dependencies/nav2_dwb_controller
-- Up-to-date symlink: /home/unitree/navigation_ws/install/nav2_dwb_controller/share/ament_index/resource_index/parent_prefix_path/nav2_dwb_controller
-- Up-to-date symlink: /home/unitree/navigation_ws/install/nav2_dwb_controller/share/nav2_dwb_controller/environment/ament_prefix_path.sh
-- Up-to-date symlink: /home/unitree/navigation_ws/install/nav2_dwb_controller/share/nav2_dwb_controller/environment/ament_prefix_path.dsv
-- Up-to-date symlink: /home/unitree/navigation_ws/install/nav2_dwb_controller/share/nav2_dwb_controller/environment/path.sh
-- Up-to-date symlink: /home/unitree/navigation_ws/install/nav2_dwb_controller/share/nav2_dwb_controller/environment/path.dsv
-- Up-to-date symlink: /home/unitree/navigation_ws/install/nav2_dwb_controller/share/nav2_dwb_controller/local_setup.bash
-- Up-to-date symlink: /home/unitree/navigation_ws/install/nav2_dwb_controller/share/nav2_dwb_controller/local_setup.sh
-- Up-to-date symlink: /home/unitree/navigation_ws/install/nav2_dwb_controller/share/nav2_dwb_controller/local_setup.zsh
-- Up-to-date symlink: /home/unitree/navigation_ws/install/nav2_dwb_controller/share/nav2_dwb_controller/local_setup.dsv
-- Symlinking: /home/unitree/navigation_ws/install/nav2_dwb_controller/share/nav2_dwb_controller/package.dsv
-- Up-to-date symlink: /home/unitree/navigation_ws/install/nav2_dwb_controller/share/ament_index/resource_index/packages/nav2_dwb_controller
-- Up-to-date symlink: /home/unitree/navigation_ws/install/nav2_dwb_controller/share/nav2_dwb_controller/cmake/nav2_dwb_controllerConfig.cmake
-- Up-to-date symlink: /home/unitree/navigation_ws/install/nav2_dwb_controller/share/nav2_dwb_controller/cmake/nav2_dwb_controllerConfig-version.cmake
-- Up-to-date symlink: /home/unitree/navigation_ws/install/nav2_dwb_controller/share/nav2_dwb_controller/package.xml
