Performing C SOURCE FILE Test CMAKE_HAVE_LIBC_PTHREAD failed with the following output:
Change Dir: /home/unitree/navigation_ws/build/costmap_queue/CMakeFiles/CMakeTmp

Run Build Command(s):/usr/bin/make cmTC_45ef0/fast && /usr/bin/make -f CMakeFiles/cmTC_45ef0.dir/build.make CMakeFiles/cmTC_45ef0.dir/build
make[1]: Entering directory '/home/unitree/navigation_ws/build/costmap_queue/CMakeFiles/CMakeTmp'
Building C object CMakeFiles/cmTC_45ef0.dir/src.c.o
/usr/bin/cc   -DCMAKE_HAVE_LIBC_PTHREAD   -o CMakeFiles/cmTC_45ef0.dir/src.c.o   -c /home/unitree/navigation_ws/build/costmap_queue/CMakeFiles/CMakeTmp/src.c
Linking C executable cmTC_45ef0
/usr/bin/cmake -E cmake_link_script CMakeFiles/cmTC_45ef0.dir/link.txt --verbose=1
/usr/bin/cc  -DCMAKE_HAVE_LIBC_PTHREAD    CMakeFiles/cmTC_45ef0.dir/src.c.o  -o cmTC_45ef0 
/usr/bin/ld: CMakeFiles/cmTC_45ef0.dir/src.c.o: in function `main':
src.c:(.text+0x48): undefined reference to `pthread_create'
/usr/bin/ld: src.c:(.text+0x50): undefined reference to `pthread_detach'
/usr/bin/ld: src.c:(.text+0x5c): undefined reference to `pthread_join'
collect2: error: ld returned 1 exit status
make[1]: *** [CMakeFiles/cmTC_45ef0.dir/build.make:87: cmTC_45ef0] Error 1
make[1]: Leaving directory '/home/unitree/navigation_ws/build/costmap_queue/CMakeFiles/CMakeTmp'
make: *** [Makefile:121: cmTC_45ef0/fast] Error 2


Source file was:
#include <pthread.h>

void* test_func(void* data)
{
  return data;
}

int main(void)
{
  pthread_t thread;
  pthread_create(&thread, NULL, test_func, NULL);
  pthread_detach(thread);
  pthread_join(thread, NULL);
  pthread_atfork(NULL, NULL, NULL);
  pthread_exit(NULL);

  return 0;
}

Determining if the function pthread_create exists in the pthreads failed with the following output:
Change Dir: /home/unitree/navigation_ws/build/costmap_queue/CMakeFiles/CMakeTmp

Run Build Command(s):/usr/bin/make cmTC_0ac4e/fast && /usr/bin/make -f CMakeFiles/cmTC_0ac4e.dir/build.make CMakeFiles/cmTC_0ac4e.dir/build
make[1]: Entering directory '/home/unitree/navigation_ws/build/costmap_queue/CMakeFiles/CMakeTmp'
Building C object CMakeFiles/cmTC_0ac4e.dir/CheckFunctionExists.c.o
/usr/bin/cc   -DCHECK_FUNCTION_EXISTS=pthread_create   -o CMakeFiles/cmTC_0ac4e.dir/CheckFunctionExists.c.o   -c /usr/share/cmake-3.16/Modules/CheckFunctionExists.c
Linking C executable cmTC_0ac4e
/usr/bin/cmake -E cmake_link_script CMakeFiles/cmTC_0ac4e.dir/link.txt --verbose=1
/usr/bin/cc  -DCHECK_FUNCTION_EXISTS=pthread_create    CMakeFiles/cmTC_0ac4e.dir/CheckFunctionExists.c.o  -o cmTC_0ac4e  -lpthreads 
/usr/bin/ld: cannot find -lpthreads
collect2: error: ld returned 1 exit status
make[1]: *** [CMakeFiles/cmTC_0ac4e.dir/build.make:87: cmTC_0ac4e] Error 1
make[1]: Leaving directory '/home/unitree/navigation_ws/build/costmap_queue/CMakeFiles/CMakeTmp'
make: *** [Makefile:121: cmTC_0ac4e/fast] Error 2



Performing C SOURCE FILE Test CMAKE_HAVE_LIBC_PTHREAD failed with the following output:
Change Dir: /home/unitree/navigation_ws/build/costmap_queue/CMakeFiles/CMakeTmp

Run Build Command(s):/usr/bin/make cmTC_ddb24/fast && /usr/bin/make -f CMakeFiles/cmTC_ddb24.dir/build.make CMakeFiles/cmTC_ddb24.dir/build
make[1]: Entering directory '/home/unitree/navigation_ws/build/costmap_queue/CMakeFiles/CMakeTmp'
Building C object CMakeFiles/cmTC_ddb24.dir/src.c.o
/usr/bin/cc   -DCMAKE_HAVE_LIBC_PTHREAD   -o CMakeFiles/cmTC_ddb24.dir/src.c.o   -c /home/unitree/navigation_ws/build/costmap_queue/CMakeFiles/CMakeTmp/src.c
Linking C executable cmTC_ddb24
/usr/bin/cmake -E cmake_link_script CMakeFiles/cmTC_ddb24.dir/link.txt --verbose=1
/usr/bin/cc  -DCMAKE_HAVE_LIBC_PTHREAD    CMakeFiles/cmTC_ddb24.dir/src.c.o  -o cmTC_ddb24 
/usr/bin/ld: CMakeFiles/cmTC_ddb24.dir/src.c.o: in function `main':
src.c:(.text+0x48): undefined reference to `pthread_create'
/usr/bin/ld: src.c:(.text+0x50): undefined reference to `pthread_detach'
/usr/bin/ld: src.c:(.text+0x5c): undefined reference to `pthread_join'
collect2: error: ld returned 1 exit status
make[1]: *** [CMakeFiles/cmTC_ddb24.dir/build.make:87: cmTC_ddb24] Error 1
make[1]: Leaving directory '/home/unitree/navigation_ws/build/costmap_queue/CMakeFiles/CMakeTmp'
make: *** [Makefile:121: cmTC_ddb24/fast] Error 2


Source file was:
#include <pthread.h>

void* test_func(void* data)
{
  return data;
}

int main(void)
{
  pthread_t thread;
  pthread_create(&thread, NULL, test_func, NULL);
  pthread_detach(thread);
  pthread_join(thread, NULL);
  pthread_atfork(NULL, NULL, NULL);
  pthread_exit(NULL);

  return 0;
}

Determining if the function pthread_create exists in the pthreads failed with the following output:
Change Dir: /home/unitree/navigation_ws/build/costmap_queue/CMakeFiles/CMakeTmp

Run Build Command(s):/usr/bin/make cmTC_d9cae/fast && /usr/bin/make -f CMakeFiles/cmTC_d9cae.dir/build.make CMakeFiles/cmTC_d9cae.dir/build
make[1]: Entering directory '/home/unitree/navigation_ws/build/costmap_queue/CMakeFiles/CMakeTmp'
Building C object CMakeFiles/cmTC_d9cae.dir/CheckFunctionExists.c.o
/usr/bin/cc   -DCHECK_FUNCTION_EXISTS=pthread_create   -o CMakeFiles/cmTC_d9cae.dir/CheckFunctionExists.c.o   -c /usr/share/cmake-3.16/Modules/CheckFunctionExists.c
Linking C executable cmTC_d9cae
/usr/bin/cmake -E cmake_link_script CMakeFiles/cmTC_d9cae.dir/link.txt --verbose=1
/usr/bin/cc  -DCHECK_FUNCTION_EXISTS=pthread_create    CMakeFiles/cmTC_d9cae.dir/CheckFunctionExists.c.o  -o cmTC_d9cae  -lpthreads 
/usr/bin/ld: cannot find -lpthreads
collect2: error: ld returned 1 exit status
make[1]: *** [CMakeFiles/cmTC_d9cae.dir/build.make:87: cmTC_d9cae] Error 1
make[1]: Leaving directory '/home/unitree/navigation_ws/build/costmap_queue/CMakeFiles/CMakeTmp'
make: *** [Makefile:121: cmTC_d9cae/fast] Error 2



