[  1%] Built target gtest
[  3%] Built target minitrace
[  5%] Built target gtest_main
[  6%] Built target lexy_file
[ 36%] Built target behaviortree_cpp
[ 37%] Built target movebase_node_dyn
[ 38%] Built target dummy_nodes_dyn
[ 40%] Built target bt4_plugin_manifest
[ 42%] Built target t01_first_tree_dynamic
[ 45%] Built target bt_sample_nodes
[ 46%] Built target crossdoor_nodes_dyn
[ 47%] Built target test_plugin_action
[ 49%] Built target test_plugin_executor
[ 51%] Built target t09_scripting
[ 71%] Built target behaviortree_cpp_test
[ 73%] Built target t12_default_ports
[ 74%] Built target t10_observer
[ 75%] Built target t08_additional_node_args
[ 76%] Built target t11_groot_howto
[ 78%] Built target t03_generic_ports
[ 79%] Built target t13_access_by_ref
[ 81%] Built target t07_load_multiple_xml
[ 86%] Built target t06_subtree_port_remapping
[ 86%] Built target ex03_sqlite_log
[ 86%] Built target t05_crossdoor
[ 87%] Built target t04_reactive_sequence
[ 88%] Built target t02_basic_ports
[ 89%] Built target t15_nodes_mocking
[ 93%] Built target t16_global_blackboard
[ 93%] Built target t14_subtree_model
[ 95%] Built target t18_waypoints
[ 96%] Built target t01_first_tree_static
[ 97%] Built target ex02_runtime_ports
[ 99%] Built target ex01_wrap_legacy
[100%] Built target t17_blackboard_backup
-- Install configuration: "Release"
-- Execute custom install script
-- Up-to-date symlink: /home/unitree/navigation_ws/install/behaviortree_cpp/lib/cmake/lexy/lexyConfig.cmake
-- Up-to-date symlink: /home/unitree/navigation_ws/install/behaviortree_cpp/lib/cmake/lexy/lexyConfigVersion.cmake
-- Up-to-date symlink: /home/unitree/navigation_ws/install/behaviortree_cpp/share/behaviortree_cpp/bt_plugins/libcrossdoor_nodes_dyn.so
-- Up-to-date symlink: /home/unitree/navigation_ws/install/behaviortree_cpp/share/behaviortree_cpp/bt_plugins/libdummy_nodes_dyn.so
-- Up-to-date symlink: /home/unitree/navigation_ws/install/behaviortree_cpp/share/behaviortree_cpp/bt_plugins/libmovebase_node_dyn.so
-- Up-to-date symlink: /home/unitree/navigation_ws/install/behaviortree_cpp/bin/bt4_plugin_manifest
-- Up-to-date symlink: /home/unitree/navigation_ws/install/behaviortree_cpp/share/behaviortree_cpp/environment/library_path.sh
-- Up-to-date symlink: /home/unitree/navigation_ws/install/behaviortree_cpp/share/behaviortree_cpp/environment/library_path.dsv
-- Up-to-date symlink: /home/unitree/navigation_ws/install/behaviortree_cpp/share/ament_index/resource_index/package_run_dependencies/behaviortree_cpp
-- Up-to-date symlink: /home/unitree/navigation_ws/install/behaviortree_cpp/share/ament_index/resource_index/parent_prefix_path/behaviortree_cpp
-- Up-to-date symlink: /home/unitree/navigation_ws/install/behaviortree_cpp/share/behaviortree_cpp/environment/ament_prefix_path.sh
-- Up-to-date symlink: /home/unitree/navigation_ws/install/behaviortree_cpp/share/behaviortree_cpp/environment/ament_prefix_path.dsv
-- Up-to-date symlink: /home/unitree/navigation_ws/install/behaviortree_cpp/share/behaviortree_cpp/environment/path.sh
-- Up-to-date symlink: /home/unitree/navigation_ws/install/behaviortree_cpp/share/behaviortree_cpp/environment/path.dsv
-- Up-to-date symlink: /home/unitree/navigation_ws/install/behaviortree_cpp/share/behaviortree_cpp/local_setup.bash
-- Up-to-date symlink: /home/unitree/navigation_ws/install/behaviortree_cpp/share/behaviortree_cpp/local_setup.sh
-- Up-to-date symlink: /home/unitree/navigation_ws/install/behaviortree_cpp/share/behaviortree_cpp/local_setup.zsh
-- Up-to-date symlink: /home/unitree/navigation_ws/install/behaviortree_cpp/share/behaviortree_cpp/local_setup.dsv
-- Symlinking: /home/unitree/navigation_ws/install/behaviortree_cpp/share/behaviortree_cpp/package.dsv
-- Up-to-date symlink: /home/unitree/navigation_ws/install/behaviortree_cpp/share/ament_index/resource_index/packages/behaviortree_cpp
-- Up-to-date symlink: /home/unitree/navigation_ws/install/behaviortree_cpp/share/behaviortree_cpp/cmake/ament_cmake_export_dependencies-extras.cmake
-- Up-to-date symlink: /home/unitree/navigation_ws/install/behaviortree_cpp/share/behaviortree_cpp/cmake/ament_cmake_export_include_directories-extras.cmake
-- Up-to-date symlink: /home/unitree/navigation_ws/install/behaviortree_cpp/share/behaviortree_cpp/cmake/ament_cmake_export_libraries-extras.cmake
-- Up-to-date symlink: /home/unitree/navigation_ws/install/behaviortree_cpp/share/behaviortree_cpp/cmake/ament_cmake_export_targets-extras.cmake
-- Up-to-date symlink: /home/unitree/navigation_ws/install/behaviortree_cpp/share/behaviortree_cpp/cmake/behaviortree_cppConfig.cmake
-- Up-to-date symlink: /home/unitree/navigation_ws/install/behaviortree_cpp/share/behaviortree_cpp/cmake/behaviortree_cppConfig-version.cmake
-- Up-to-date symlink: /home/unitree/navigation_ws/install/behaviortree_cpp/share/behaviortree_cpp/package.xml
-- Up-to-date: /home/unitree/navigation_ws/install/behaviortree_cpp/lib/liblexy_file.a
-- Up-to-date: /home/unitree/navigation_ws/install/behaviortree_cpp/lib/cmake/lexy/lexyTargets.cmake
-- Up-to-date: /home/unitree/navigation_ws/install/behaviortree_cpp/lib/cmake/lexy/lexyTargets-release.cmake
-- Up-to-date: /home/unitree/navigation_ws/install/behaviortree_cpp/include/lexy
-- Up-to-date: /home/unitree/navigation_ws/install/behaviortree_cpp/include/lexy/input_location.hpp
-- Up-to-date: /home/unitree/navigation_ws/install/behaviortree_cpp/include/lexy/callback
-- Up-to-date: /home/unitree/navigation_ws/install/behaviortree_cpp/include/lexy/callback/noop.hpp
-- Up-to-date: /home/unitree/navigation_ws/install/behaviortree_cpp/include/lexy/callback/composition.hpp
-- Up-to-date: /home/unitree/navigation_ws/install/behaviortree_cpp/include/lexy/callback/container.hpp
-- Up-to-date: /home/unitree/navigation_ws/install/behaviortree_cpp/include/lexy/callback/object.hpp
-- Up-to-date: /home/unitree/navigation_ws/install/behaviortree_cpp/include/lexy/callback/bit_cast.hpp
-- Up-to-date: /home/unitree/navigation_ws/install/behaviortree_cpp/include/lexy/callback/bind.hpp
-- Up-to-date: /home/unitree/navigation_ws/install/behaviortree_cpp/include/lexy/callback/adapter.hpp
-- Up-to-date: /home/unitree/navigation_ws/install/behaviortree_cpp/include/lexy/callback/aggregate.hpp
-- Up-to-date: /home/unitree/navigation_ws/install/behaviortree_cpp/include/lexy/callback/forward.hpp
-- Up-to-date: /home/unitree/navigation_ws/install/behaviortree_cpp/include/lexy/callback/string.hpp
-- Up-to-date: /home/unitree/navigation_ws/install/behaviortree_cpp/include/lexy/callback/integer.hpp
-- Up-to-date: /home/unitree/navigation_ws/install/behaviortree_cpp/include/lexy/callback/fold.hpp
-- Up-to-date: /home/unitree/navigation_ws/install/behaviortree_cpp/include/lexy/callback/constant.hpp
-- Up-to-date: /home/unitree/navigation_ws/install/behaviortree_cpp/include/lexy/callback/base.hpp
-- Up-to-date: /home/unitree/navigation_ws/install/behaviortree_cpp/include/lexy/parse_tree.hpp
-- Up-to-date: /home/unitree/navigation_ws/install/behaviortree_cpp/include/lexy/input
-- Up-to-date: /home/unitree/navigation_ws/install/behaviortree_cpp/include/lexy/input/buffer.hpp
-- Up-to-date: /home/unitree/navigation_ws/install/behaviortree_cpp/include/lexy/input/string_input.hpp
-- Up-to-date: /home/unitree/navigation_ws/install/behaviortree_cpp/include/lexy/input/range_input.hpp
-- Up-to-date: /home/unitree/navigation_ws/install/behaviortree_cpp/include/lexy/input/parse_tree_input.hpp
-- Up-to-date: /home/unitree/navigation_ws/install/behaviortree_cpp/include/lexy/input/file.hpp
-- Up-to-date: /home/unitree/navigation_ws/install/behaviortree_cpp/include/lexy/input/argv_input.hpp
-- Up-to-date: /home/unitree/navigation_ws/install/behaviortree_cpp/include/lexy/input/lexeme_input.hpp
-- Up-to-date: /home/unitree/navigation_ws/install/behaviortree_cpp/include/lexy/input/base.hpp
-- Up-to-date: /home/unitree/navigation_ws/install/behaviortree_cpp/include/lexy/encoding.hpp
-- Up-to-date: /home/unitree/navigation_ws/install/behaviortree_cpp/include/lexy/code_point.hpp
-- Up-to-date: /home/unitree/navigation_ws/install/behaviortree_cpp/include/lexy/dsl
-- Up-to-date: /home/unitree/navigation_ws/install/behaviortree_cpp/include/lexy/dsl/until.hpp
-- Up-to-date: /home/unitree/navigation_ws/install/behaviortree_cpp/include/lexy/dsl/branch.hpp
-- Up-to-date: /home/unitree/navigation_ws/install/behaviortree_cpp/include/lexy/dsl/parse_as.hpp
-- Up-to-date: /home/unitree/navigation_ws/install/behaviortree_cpp/include/lexy/dsl/bom.hpp
-- Up-to-date: /home/unitree/navigation_ws/install/behaviortree_cpp/include/lexy/dsl/lookahead.hpp
-- Up-to-date: /home/unitree/navigation_ws/install/behaviortree_cpp/include/lexy/dsl/char_class.hpp
-- Up-to-date: /home/unitree/navigation_ws/install/behaviortree_cpp/include/lexy/dsl/operator.hpp
-- Up-to-date: /home/unitree/navigation_ws/install/behaviortree_cpp/include/lexy/dsl/context_identifier.hpp
-- Up-to-date: /home/unitree/navigation_ws/install/behaviortree_cpp/include/lexy/dsl/delimited.hpp
-- Up-to-date: /home/unitree/navigation_ws/install/behaviortree_cpp/include/lexy/dsl/unicode.hpp
-- Up-to-date: /home/unitree/navigation_ws/install/behaviortree_cpp/include/lexy/dsl/times.hpp
-- Up-to-date: /home/unitree/navigation_ws/install/behaviortree_cpp/include/lexy/dsl/newline.hpp
-- Up-to-date: /home/unitree/navigation_ws/install/behaviortree_cpp/include/lexy/dsl/punctuator.hpp
-- Up-to-date: /home/unitree/navigation_ws/install/behaviortree_cpp/include/lexy/dsl/choice.hpp
-- Up-to-date: /home/unitree/navigation_ws/install/behaviortree_cpp/include/lexy/dsl/recover.hpp
-- Up-to-date: /home/unitree/navigation_ws/install/behaviortree_cpp/include/lexy/dsl/list.hpp
-- Up-to-date: /home/unitree/navigation_ws/install/behaviortree_cpp/include/lexy/dsl/context_flag.hpp
-- Up-to-date: /home/unitree/navigation_ws/install/behaviortree_cpp/include/lexy/dsl/identifier.hpp
-- Up-to-date: /home/unitree/navigation_ws/install/behaviortree_cpp/include/lexy/dsl/if.hpp
-- Up-to-date: /home/unitree/navigation_ws/install/behaviortree_cpp/include/lexy/dsl/brackets.hpp
-- Up-to-date: /home/unitree/navigation_ws/install/behaviortree_cpp/include/lexy/dsl/separator.hpp
-- Up-to-date: /home/unitree/navigation_ws/install/behaviortree_cpp/include/lexy/dsl/peek.hpp
-- Up-to-date: /home/unitree/navigation_ws/install/behaviortree_cpp/include/lexy/dsl/code_point.hpp
-- Up-to-date: /home/unitree/navigation_ws/install/behaviortree_cpp/include/lexy/dsl/case_folding.hpp
-- Up-to-date: /home/unitree/navigation_ws/install/behaviortree_cpp/include/lexy/dsl/literal.hpp
-- Up-to-date: /home/unitree/navigation_ws/install/behaviortree_cpp/include/lexy/dsl/production.hpp
-- Up-to-date: /home/unitree/navigation_ws/install/behaviortree_cpp/include/lexy/dsl/any.hpp
-- Up-to-date: /home/unitree/navigation_ws/install/behaviortree_cpp/include/lexy/dsl/return.hpp
-- Up-to-date: /home/unitree/navigation_ws/install/behaviortree_cpp/include/lexy/dsl/loop.hpp
-- Up-to-date: /home/unitree/navigation_ws/install/behaviortree_cpp/include/lexy/dsl/sign.hpp
-- Up-to-date: /home/unitree/navigation_ws/install/behaviortree_cpp/include/lexy/dsl/sequence.hpp
-- Up-to-date: /home/unitree/navigation_ws/install/behaviortree_cpp/include/lexy/dsl/combination.hpp
-- Up-to-date: /home/unitree/navigation_ws/install/behaviortree_cpp/include/lexy/dsl/digit.hpp
-- Up-to-date: /home/unitree/navigation_ws/install/behaviortree_cpp/include/lexy/dsl/repeat.hpp
-- Up-to-date: /home/unitree/navigation_ws/install/behaviortree_cpp/include/lexy/dsl/ascii.hpp
-- Up-to-date: /home/unitree/navigation_ws/install/behaviortree_cpp/include/lexy/dsl/scan.hpp
-- Up-to-date: /home/unitree/navigation_ws/install/behaviortree_cpp/include/lexy/dsl/effect.hpp
-- Up-to-date: /home/unitree/navigation_ws/install/behaviortree_cpp/include/lexy/dsl/capture.hpp
-- Up-to-date: /home/unitree/navigation_ws/install/behaviortree_cpp/include/lexy/dsl/subgrammar.hpp
-- Up-to-date: /home/unitree/navigation_ws/install/behaviortree_cpp/include/lexy/dsl/position.hpp
-- Up-to-date: /home/unitree/navigation_ws/install/behaviortree_cpp/include/lexy/dsl/member.hpp
-- Up-to-date: /home/unitree/navigation_ws/install/behaviortree_cpp/include/lexy/dsl/terminator.hpp
-- Up-to-date: /home/unitree/navigation_ws/install/behaviortree_cpp/include/lexy/dsl/error.hpp
-- Up-to-date: /home/unitree/navigation_ws/install/behaviortree_cpp/include/lexy/dsl/token.hpp
-- Up-to-date: /home/unitree/navigation_ws/install/behaviortree_cpp/include/lexy/dsl/context_counter.hpp
-- Up-to-date: /home/unitree/navigation_ws/install/behaviortree_cpp/include/lexy/dsl/bits.hpp
-- Up-to-date: /home/unitree/navigation_ws/install/behaviortree_cpp/include/lexy/dsl/flags.hpp
-- Up-to-date: /home/unitree/navigation_ws/install/behaviortree_cpp/include/lexy/dsl/integer.hpp
-- Up-to-date: /home/unitree/navigation_ws/install/behaviortree_cpp/include/lexy/dsl/parse_tree_node.hpp
-- Up-to-date: /home/unitree/navigation_ws/install/behaviortree_cpp/include/lexy/dsl/follow.hpp
-- Up-to-date: /home/unitree/navigation_ws/install/behaviortree_cpp/include/lexy/dsl/byte.hpp
-- Up-to-date: /home/unitree/navigation_ws/install/behaviortree_cpp/include/lexy/dsl/eof.hpp
-- Up-to-date: /home/unitree/navigation_ws/install/behaviortree_cpp/include/lexy/dsl/option.hpp
-- Up-to-date: /home/unitree/navigation_ws/install/behaviortree_cpp/include/lexy/dsl/symbol.hpp
-- Up-to-date: /home/unitree/navigation_ws/install/behaviortree_cpp/include/lexy/dsl/whitespace.hpp
-- Up-to-date: /home/unitree/navigation_ws/install/behaviortree_cpp/include/lexy/dsl/base.hpp
-- Up-to-date: /home/unitree/navigation_ws/install/behaviortree_cpp/include/lexy/dsl/expression.hpp
-- Up-to-date: /home/unitree/navigation_ws/install/behaviortree_cpp/include/lexy/dsl.hpp
-- Up-to-date: /home/unitree/navigation_ws/install/behaviortree_cpp/include/lexy/_detail
-- Up-to-date: /home/unitree/navigation_ws/install/behaviortree_cpp/include/lexy/_detail/string_view.hpp
-- Up-to-date: /home/unitree/navigation_ws/install/behaviortree_cpp/include/lexy/_detail/memory_resource.hpp
-- Up-to-date: /home/unitree/navigation_ws/install/behaviortree_cpp/include/lexy/_detail/nttp_string.hpp
-- Up-to-date: /home/unitree/navigation_ws/install/behaviortree_cpp/include/lexy/_detail/assert.hpp
-- Up-to-date: /home/unitree/navigation_ws/install/behaviortree_cpp/include/lexy/_detail/stateless_lambda.hpp
-- Up-to-date: /home/unitree/navigation_ws/install/behaviortree_cpp/include/lexy/_detail/config.hpp
-- Up-to-date: /home/unitree/navigation_ws/install/behaviortree_cpp/include/lexy/_detail/code_point.hpp
-- Up-to-date: /home/unitree/navigation_ws/install/behaviortree_cpp/include/lexy/_detail/std.hpp
-- Up-to-date: /home/unitree/navigation_ws/install/behaviortree_cpp/include/lexy/_detail/lazy_init.hpp
-- Up-to-date: /home/unitree/navigation_ws/install/behaviortree_cpp/include/lexy/_detail/tuple.hpp
-- Up-to-date: /home/unitree/navigation_ws/install/behaviortree_cpp/include/lexy/_detail/swar.hpp
-- Up-to-date: /home/unitree/navigation_ws/install/behaviortree_cpp/include/lexy/_detail/detect.hpp
-- Up-to-date: /home/unitree/navigation_ws/install/behaviortree_cpp/include/lexy/_detail/iterator.hpp
-- Up-to-date: /home/unitree/navigation_ws/install/behaviortree_cpp/include/lexy/_detail/buffer_builder.hpp
-- Up-to-date: /home/unitree/navigation_ws/install/behaviortree_cpp/include/lexy/_detail/integer_sequence.hpp
-- Up-to-date: /home/unitree/navigation_ws/install/behaviortree_cpp/include/lexy/_detail/type_name.hpp
-- Up-to-date: /home/unitree/navigation_ws/install/behaviortree_cpp/include/lexy/_detail/invoke.hpp
-- Up-to-date: /home/unitree/navigation_ws/install/behaviortree_cpp/include/lexy/_detail/any_ref.hpp
-- Up-to-date: /home/unitree/navigation_ws/install/behaviortree_cpp/include/lexy/_detail/unicode_database.hpp
-- Up-to-date: /home/unitree/navigation_ws/install/behaviortree_cpp/include/lexy/lexeme.hpp
-- Up-to-date: /home/unitree/navigation_ws/install/behaviortree_cpp/include/lexy/action
-- Up-to-date: /home/unitree/navigation_ws/install/behaviortree_cpp/include/lexy/action/match.hpp
-- Up-to-date: /home/unitree/navigation_ws/install/behaviortree_cpp/include/lexy/action/parse_as_tree.hpp
-- Up-to-date: /home/unitree/navigation_ws/install/behaviortree_cpp/include/lexy/action/parse.hpp
-- Up-to-date: /home/unitree/navigation_ws/install/behaviortree_cpp/include/lexy/action/validate.hpp
-- Up-to-date: /home/unitree/navigation_ws/install/behaviortree_cpp/include/lexy/action/scan.hpp
-- Up-to-date: /home/unitree/navigation_ws/install/behaviortree_cpp/include/lexy/action/trace.hpp
-- Up-to-date: /home/unitree/navigation_ws/install/behaviortree_cpp/include/lexy/action/base.hpp
-- Up-to-date: /home/unitree/navigation_ws/install/behaviortree_cpp/include/lexy/callback.hpp
-- Up-to-date: /home/unitree/navigation_ws/install/behaviortree_cpp/include/lexy/error.hpp
-- Up-to-date: /home/unitree/navigation_ws/install/behaviortree_cpp/include/lexy/token.hpp
-- Up-to-date: /home/unitree/navigation_ws/install/behaviortree_cpp/include/lexy/visualize.hpp
-- Up-to-date: /home/unitree/navigation_ws/install/behaviortree_cpp/include/lexy/grammar.hpp
-- Up-to-date: /home/unitree/navigation_ws/install/behaviortree_cpp/include/lexy_ext
-- Up-to-date: /home/unitree/navigation_ws/install/behaviortree_cpp/include/lexy_ext/shell.hpp
-- Up-to-date: /home/unitree/navigation_ws/install/behaviortree_cpp/include/lexy_ext/parse_tree_doctest.hpp
-- Up-to-date: /home/unitree/navigation_ws/install/behaviortree_cpp/include/lexy_ext/compiler_explorer.hpp
-- Up-to-date: /home/unitree/navigation_ws/install/behaviortree_cpp/include/lexy_ext/parse_tree_algorithm.hpp
-- Up-to-date: /home/unitree/navigation_ws/install/behaviortree_cpp/include/lexy_ext/report_error.hpp
-- Up-to-date: /home/unitree/navigation_ws/install/behaviortree_cpp/lib/libbehaviortree_cpp.so
-- Up-to-date: /home/unitree/navigation_ws/install/behaviortree_cpp/include
-- Up-to-date: /home/unitree/navigation_ws/install/behaviortree_cpp/include/behaviortree_cpp
-- Up-to-date: /home/unitree/navigation_ws/install/behaviortree_cpp/include/behaviortree_cpp/scripting
-- Up-to-date: /home/unitree/navigation_ws/install/behaviortree_cpp/include/behaviortree_cpp/scripting/script_parser.hpp
-- Up-to-date: /home/unitree/navigation_ws/install/behaviortree_cpp/include/behaviortree_cpp/scripting/any_types.hpp
-- Up-to-date: /home/unitree/navigation_ws/install/behaviortree_cpp/include/behaviortree_cpp/scripting/operators.hpp
-- Up-to-date: /home/unitree/navigation_ws/install/behaviortree_cpp/include/behaviortree_cpp/flatbuffers
-- Up-to-date: /home/unitree/navigation_ws/install/behaviortree_cpp/include/behaviortree_cpp/flatbuffers/bt_flatbuffer_helper.h
-- Up-to-date: /home/unitree/navigation_ws/install/behaviortree_cpp/include/behaviortree_cpp/utils
-- Up-to-date: /home/unitree/navigation_ws/install/behaviortree_cpp/include/behaviortree_cpp/utils/signal.h
-- Up-to-date: /home/unitree/navigation_ws/install/behaviortree_cpp/include/behaviortree_cpp/utils/locked_reference.hpp
-- Up-to-date: /home/unitree/navigation_ws/install/behaviortree_cpp/include/behaviortree_cpp/utils/shared_library.h
-- Up-to-date: /home/unitree/navigation_ws/install/behaviortree_cpp/include/behaviortree_cpp/utils/platform.hpp
-- Up-to-date: /home/unitree/navigation_ws/install/behaviortree_cpp/include/behaviortree_cpp/utils/wakeup_signal.hpp
-- Up-to-date: /home/unitree/navigation_ws/install/behaviortree_cpp/include/behaviortree_cpp/utils/convert_impl.hpp
-- Up-to-date: /home/unitree/navigation_ws/install/behaviortree_cpp/include/behaviortree_cpp/utils/demangle_util.h
-- Up-to-date: /home/unitree/navigation_ws/install/behaviortree_cpp/include/behaviortree_cpp/utils/strcat.hpp
-- Up-to-date: /home/unitree/navigation_ws/install/behaviortree_cpp/include/behaviortree_cpp/utils/safe_any.hpp
-- Up-to-date: /home/unitree/navigation_ws/install/behaviortree_cpp/include/behaviortree_cpp/utils/timer_queue.h
-- Up-to-date: /home/unitree/navigation_ws/install/behaviortree_cpp/include/behaviortree_cpp/utils/simple_string.hpp
-- Up-to-date: /home/unitree/navigation_ws/install/behaviortree_cpp/include/behaviortree_cpp/bt_factory.h
-- Up-to-date: /home/unitree/navigation_ws/install/behaviortree_cpp/include/behaviortree_cpp/tree_node.h
-- Up-to-date: /home/unitree/navigation_ws/install/behaviortree_cpp/include/behaviortree_cpp/contrib
-- Up-to-date: /home/unitree/navigation_ws/install/behaviortree_cpp/include/behaviortree_cpp/contrib/any.hpp
-- Up-to-date: /home/unitree/navigation_ws/install/behaviortree_cpp/include/behaviortree_cpp/contrib/magic_enum.hpp
-- Up-to-date: /home/unitree/navigation_ws/install/behaviortree_cpp/include/behaviortree_cpp/contrib/json.hpp
-- Up-to-date: /home/unitree/navigation_ws/install/behaviortree_cpp/include/behaviortree_cpp/contrib/expected.hpp
-- Up-to-date: /home/unitree/navigation_ws/install/behaviortree_cpp/include/behaviortree_cpp/json_export.h
-- Up-to-date: /home/unitree/navigation_ws/install/behaviortree_cpp/include/behaviortree_cpp/blackboard.h
-- Up-to-date: /home/unitree/navigation_ws/install/behaviortree_cpp/include/behaviortree_cpp/exceptions.h
-- Up-to-date: /home/unitree/navigation_ws/install/behaviortree_cpp/include/behaviortree_cpp/bt_parser.h
-- Up-to-date: /home/unitree/navigation_ws/install/behaviortree_cpp/include/behaviortree_cpp/decorators
-- Up-to-date: /home/unitree/navigation_ws/install/behaviortree_cpp/include/behaviortree_cpp/decorators/updated_decorator.h
-- Up-to-date: /home/unitree/navigation_ws/install/behaviortree_cpp/include/behaviortree_cpp/decorators/loop_node.h
-- Up-to-date: /home/unitree/navigation_ws/install/behaviortree_cpp/include/behaviortree_cpp/decorators/keep_running_until_failure_node.h
-- Up-to-date: /home/unitree/navigation_ws/install/behaviortree_cpp/include/behaviortree_cpp/decorators/timeout_node.h
-- Up-to-date: /home/unitree/navigation_ws/install/behaviortree_cpp/include/behaviortree_cpp/decorators/retry_node.h
-- Up-to-date: /home/unitree/navigation_ws/install/behaviortree_cpp/include/behaviortree_cpp/decorators/consume_queue.h
-- Up-to-date: /home/unitree/navigation_ws/install/behaviortree_cpp/include/behaviortree_cpp/decorators/script_precondition.h
-- Up-to-date: /home/unitree/navigation_ws/install/behaviortree_cpp/include/behaviortree_cpp/decorators/delay_node.h
-- Up-to-date: /home/unitree/navigation_ws/install/behaviortree_cpp/include/behaviortree_cpp/decorators/repeat_node.h
-- Up-to-date: /home/unitree/navigation_ws/install/behaviortree_cpp/include/behaviortree_cpp/decorators/inverter_node.h
-- Up-to-date: /home/unitree/navigation_ws/install/behaviortree_cpp/include/behaviortree_cpp/decorators/subtree_node.h
-- Up-to-date: /home/unitree/navigation_ws/install/behaviortree_cpp/include/behaviortree_cpp/decorators/force_failure_node.h
-- Up-to-date: /home/unitree/navigation_ws/install/behaviortree_cpp/include/behaviortree_cpp/decorators/force_success_node.h
-- Up-to-date: /home/unitree/navigation_ws/install/behaviortree_cpp/include/behaviortree_cpp/decorators/run_once_node.h
-- Up-to-date: /home/unitree/navigation_ws/install/behaviortree_cpp/include/behaviortree_cpp/control_node.h
-- Up-to-date: /home/unitree/navigation_ws/install/behaviortree_cpp/include/behaviortree_cpp/action_node.h
-- Up-to-date: /home/unitree/navigation_ws/install/behaviortree_cpp/include/behaviortree_cpp/basic_types.h
-- Up-to-date: /home/unitree/navigation_ws/install/behaviortree_cpp/include/behaviortree_cpp/xml_parsing.h
-- Up-to-date: /home/unitree/navigation_ws/install/behaviortree_cpp/include/behaviortree_cpp/actions
-- Up-to-date: /home/unitree/navigation_ws/install/behaviortree_cpp/include/behaviortree_cpp/actions/unset_blackboard_node.h
-- Up-to-date: /home/unitree/navigation_ws/install/behaviortree_cpp/include/behaviortree_cpp/actions/test_node.h
-- Up-to-date: /home/unitree/navigation_ws/install/behaviortree_cpp/include/behaviortree_cpp/actions/updated_action.h
-- Up-to-date: /home/unitree/navigation_ws/install/behaviortree_cpp/include/behaviortree_cpp/actions/sleep_node.h
-- Up-to-date: /home/unitree/navigation_ws/install/behaviortree_cpp/include/behaviortree_cpp/actions/always_failure_node.h
-- Up-to-date: /home/unitree/navigation_ws/install/behaviortree_cpp/include/behaviortree_cpp/actions/pop_from_queue.hpp
-- Up-to-date: /home/unitree/navigation_ws/install/behaviortree_cpp/include/behaviortree_cpp/actions/script_node.h
-- Up-to-date: /home/unitree/navigation_ws/install/behaviortree_cpp/include/behaviortree_cpp/actions/script_condition.h
-- Up-to-date: /home/unitree/navigation_ws/install/behaviortree_cpp/include/behaviortree_cpp/actions/always_success_node.h
-- Up-to-date: /home/unitree/navigation_ws/install/behaviortree_cpp/include/behaviortree_cpp/actions/set_blackboard_node.h
-- Up-to-date: /home/unitree/navigation_ws/install/behaviortree_cpp/include/behaviortree_cpp/controls
-- Up-to-date: /home/unitree/navigation_ws/install/behaviortree_cpp/include/behaviortree_cpp/controls/parallel_all_node.h
-- Up-to-date: /home/unitree/navigation_ws/install/behaviortree_cpp/include/behaviortree_cpp/controls/fallback_node.h
-- Up-to-date: /home/unitree/navigation_ws/install/behaviortree_cpp/include/behaviortree_cpp/controls/reactive_sequence.h
-- Up-to-date: /home/unitree/navigation_ws/install/behaviortree_cpp/include/behaviortree_cpp/controls/sequence_with_memory_node.h
-- Up-to-date: /home/unitree/navigation_ws/install/behaviortree_cpp/include/behaviortree_cpp/controls/sequence_node.h
-- Up-to-date: /home/unitree/navigation_ws/install/behaviortree_cpp/include/behaviortree_cpp/controls/switch_node.h
-- Up-to-date: /home/unitree/navigation_ws/install/behaviortree_cpp/include/behaviortree_cpp/controls/manual_node.h
-- Up-to-date: /home/unitree/navigation_ws/install/behaviortree_cpp/include/behaviortree_cpp/controls/reactive_fallback.h
-- Up-to-date: /home/unitree/navigation_ws/install/behaviortree_cpp/include/behaviortree_cpp/controls/if_then_else_node.h
-- Up-to-date: /home/unitree/navigation_ws/install/behaviortree_cpp/include/behaviortree_cpp/controls/while_do_else_node.h
-- Up-to-date: /home/unitree/navigation_ws/install/behaviortree_cpp/include/behaviortree_cpp/controls/parallel_node.h
-- Up-to-date: /home/unitree/navigation_ws/install/behaviortree_cpp/include/behaviortree_cpp/leaf_node.h
-- Up-to-date: /home/unitree/navigation_ws/install/behaviortree_cpp/include/behaviortree_cpp/condition_node.h
-- Up-to-date: /home/unitree/navigation_ws/install/behaviortree_cpp/include/behaviortree_cpp/decorator_node.h
-- Up-to-date: /home/unitree/navigation_ws/install/behaviortree_cpp/include/behaviortree_cpp/loggers
-- Up-to-date: /home/unitree/navigation_ws/install/behaviortree_cpp/include/behaviortree_cpp/loggers/bt_observer.h
-- Up-to-date: /home/unitree/navigation_ws/install/behaviortree_cpp/include/behaviortree_cpp/loggers/bt_sqlite_logger.h
-- Up-to-date: /home/unitree/navigation_ws/install/behaviortree_cpp/include/behaviortree_cpp/loggers/abstract_logger.h
-- Up-to-date: /home/unitree/navigation_ws/install/behaviortree_cpp/include/behaviortree_cpp/loggers/bt_file_logger_v2.h
-- Up-to-date: /home/unitree/navigation_ws/install/behaviortree_cpp/include/behaviortree_cpp/loggers/bt_cout_logger.h
-- Up-to-date: /home/unitree/navigation_ws/install/behaviortree_cpp/include/behaviortree_cpp/loggers/groot2_protocol.h
-- Up-to-date: /home/unitree/navigation_ws/install/behaviortree_cpp/include/behaviortree_cpp/loggers/groot2_publisher.h
-- Up-to-date: /home/unitree/navigation_ws/install/behaviortree_cpp/include/behaviortree_cpp/loggers/bt_minitrace_logger.h
-- Up-to-date: /home/unitree/navigation_ws/install/behaviortree_cpp/include/behaviortree_cpp/behavior_tree.h
-- Up-to-date: /home/unitree/navigation_ws/install/behaviortree_cpp/share/behaviortree_cpp/cmake/behaviortree_cppTargetsExport.cmake
-- Up-to-date: /home/unitree/navigation_ws/install/behaviortree_cpp/share/behaviortree_cpp/cmake/behaviortree_cppTargetsExport-release.cmake
