[0.075s] Invoking command in '/home/unitree/navigation_ws/build/nav2_planner': AMENT_PREFIX_PATH=/home/unitree/navigation_ws/install/nav2_core:/home/unitree/navigation_ws/install/nav2_costmap_2d:/home/unitree/navigation_ws/install/nav2_map_server:/home/unitree/navigation_ws/install/nav2_lifecycle_manager:/home/unitree/navigation_ws/install/nav2_util:/home/unitree/navigation_ws/install/nav2_voxel_grid:/home/unitree/navigation_ws/install/nav2_msgs:/home/unitree/navigation_ws/install/nav2_common:${AMENT_PREFIX_PATH} CMAKE_PREFIX_PATH=/home/unitree/navigation_ws/install/nav2_core:/home/unitree/navigation_ws/install/nav2_costmap_2d:/home/unitree/navigation_ws/install/nav2_map_server:/home/unitree/navigation_ws/install/nav2_lifecycle_manager:/home/unitree/navigation_ws/install/nav2_util:/home/unitree/navigation_ws/install/nav2_voxel_grid:/home/unitree/navigation_ws/install/nav2_msgs:/home/unitree/navigation_ws/install/nav2_common:/home/unitree/cyclonedds_ws/install/rmw_cyclonedds_cpp:/home/unitree/cyclonedds_ws/install/cyclonedds:/opt/ros/foxy LD_LIBRARY_PATH=/home/unitree/navigation_ws/install/nav2_costmap_2d/lib:/home/unitree/navigation_ws/install/nav2_map_server/lib:/home/unitree/navigation_ws/install/nav2_lifecycle_manager/lib:/home/unitree/navigation_ws/install/nav2_util/lib:/home/unitree/navigation_ws/install/nav2_voxel_grid/lib:/home/unitree/navigation_ws/install/nav2_msgs/lib:/usr/local/cuda-11.4/lib64:/usr/local/lib:/home/unitree/cyclonedds_ws/install/rmw_cyclonedds_cpp/lib:/home/unitree/cyclonedds_ws/install/cyclonedds/lib:/opt/ros/foxy/opt/yaml_cpp_vendor/lib:/opt/ros/foxy/opt/rviz_ogre_vendor/lib:/opt/ros/foxy/lib/aarch64-linux-gnu:/opt/ros/foxy/lib:/usr/local/cuda-11.4/lib64 PYTHONPATH=/home/unitree/navigation_ws/install/nav2_msgs/lib/python3.8/site-packages:/home/unitree/navigation_ws/install/nav2_common/lib/python3.8/site-packages:${PYTHONPATH} /usr/bin/cmake /home/unitree/navigation_ws/src/navigation2/nav2_planner -DAMENT_CMAKE_SYMLINK_INSTALL=1 -DCMAKE_INSTALL_PREFIX=/home/unitree/navigation_ws/install/nav2_planner
[0.215s] -- The C compiler identification is GNU 9.4.0
[0.354s] -- The CXX compiler identification is GNU 9.4.0
[0.362s] -- Check for working C compiler: /usr/bin/cc
[0.569s] -- Check for working C compiler: /usr/bin/cc -- works
[0.570s] -- Detecting C compiler ABI info
[0.749s] -- Detecting C compiler ABI info - done
[0.764s] -- Detecting C compile features
[0.773s] -- Detecting C compile features - done
[0.778s] -- Check for working CXX compiler: /usr/bin/c++
[1.010s] -- Check for working CXX compiler: /usr/bin/c++ -- works
[1.011s] -- Detecting CXX compiler ABI info
[1.337s] -- Detecting CXX compiler ABI info - done
[1.375s] -- Detecting CXX compile features
[1.375s] -- Detecting CXX compile features - done
[1.381s] -- Found ament_cmake: 0.9.12 (/opt/ros/foxy/share/ament_cmake/cmake)
[1.503s] -- Found PythonInterp: /usr/bin/python3 (found suitable version "3.8.10", minimum required is "3") 
[1.503s] -- Using PYTHON_EXECUTABLE: /usr/bin/python3
[2.149s] -- Override CMake install command with custom implementation using symlinks instead of copying resources
[2.261s] -- Found nav2_common: 0.4.7 (/home/unitree/navigation_ws/install/nav2_common/share/nav2_common/cmake)
[2.269s] -- Found rclcpp: 2.4.3 (/opt/ros/foxy/share/rclcpp/cmake)
[2.383s] -- Using all available rosidl_typesupport_c: rosidl_typesupport_fastrtps_c;rosidl_typesupport_introspection_c
[2.398s] -- Found rosidl_adapter: 1.3.1 (/opt/ros/foxy/share/rosidl_adapter/cmake)
[2.764s] -- Found OpenSSL: /usr/lib/aarch64-linux-gnu/libcrypto.so (found version "1.1.1f")  
[2.856s] -- Found FastRTPS: /opt/ros/foxy/include  
[3.042s] -- Using all available rosidl_typesupport_cpp: rosidl_typesupport_fastrtps_cpp;rosidl_typesupport_introspection_cpp
[3.158s] -- Found rmw_implementation_cmake: 1.0.4 (/opt/ros/foxy/share/rmw_implementation_cmake/cmake)
[3.163s] -- Using RMW implementation 'rmw_cyclonedds_cpp' as default
[3.166s] -- Looking for pthread.h
[3.353s] -- Looking for pthread.h - found
[3.353s] -- Performing Test CMAKE_HAVE_LIBC_PTHREAD
[3.549s] -- Performing Test CMAKE_HAVE_LIBC_PTHREAD - Failed
[3.549s] -- Looking for pthread_create in pthreads
[3.693s] -- Looking for pthread_create in pthreads - not found
[3.695s] -- Looking for pthread_create in pthread
[3.888s] -- Looking for pthread_create in pthread - found
[3.888s] -- Found Threads: TRUE  
[4.131s] -- Found rclcpp_action: 2.4.3 (/opt/ros/foxy/share/rclcpp_action/cmake)
[4.253s] -- Found rclcpp_lifecycle: 2.4.3 (/opt/ros/foxy/share/rclcpp_lifecycle/cmake)
[4.303s] -- Found visualization_msgs: 2.0.5 (/opt/ros/foxy/share/visualization_msgs/cmake)
[4.476s] -- Found nav2_util: 0.4.7 (/home/unitree/navigation_ws/install/nav2_util/share/nav2_util/cmake)
[5.421s] -- Found eigen3_cmake_module: 0.1.1 (/opt/ros/foxy/share/eigen3_cmake_module/cmake)
[5.427s] -- Found Eigen3: TRUE (found version "3.3.7") 
[5.635s] -- Found nav2_costmap_2d: 0.4.7 (/home/unitree/navigation_ws/install/nav2_costmap_2d/share/nav2_costmap_2d/cmake)
[6.562s] -- Found nav2_core: 0.4.7 (/home/unitree/navigation_ws/install/nav2_core/share/nav2_core/cmake)
[7.246s] -- Setting build type to Release as none was specified.
[14.782s] -- Found ament_lint_auto: 0.9.8 (/opt/ros/foxy/share/ament_lint_auto/cmake)
[15.126s] -- Added test 'copyright' to check source files copyright and LICENSE
[15.132s] -- Added test 'cppcheck' to perform static code analysis on C / C++ code
[15.134s] -- Configured cppcheck include dirs: /home/unitree/navigation_ws/src/navigation2/nav2_planner/include
[15.134s] -- Configured cppcheck exclude dirs and/or files: 
[15.140s] -- Added test 'cpplint' to check C / C++ code against the Google style
[15.140s] -- Configured cpplint exclude dirs and/or files: 
[15.145s] -- Added test 'lint_cmake' to check CMake code style
[15.151s] -- Added test 'uncrustify' to check C / C++ code style
[15.151s] -- Configured uncrustify additional arguments: 
[15.155s] -- Added test 'xmllint' to check XML markup files
[15.208s] -- Configuring done
[15.365s] -- Generating done
[15.376s] -- Build files have been written to: /home/unitree/navigation_ws/build/nav2_planner
[15.418s] Invoked command in '/home/unitree/navigation_ws/build/nav2_planner' returned '0': AMENT_PREFIX_PATH=/home/unitree/navigation_ws/install/nav2_core:/home/unitree/navigation_ws/install/nav2_costmap_2d:/home/unitree/navigation_ws/install/nav2_map_server:/home/unitree/navigation_ws/install/nav2_lifecycle_manager:/home/unitree/navigation_ws/install/nav2_util:/home/unitree/navigation_ws/install/nav2_voxel_grid:/home/unitree/navigation_ws/install/nav2_msgs:/home/unitree/navigation_ws/install/nav2_common:${AMENT_PREFIX_PATH} CMAKE_PREFIX_PATH=/home/unitree/navigation_ws/install/nav2_core:/home/unitree/navigation_ws/install/nav2_costmap_2d:/home/unitree/navigation_ws/install/nav2_map_server:/home/unitree/navigation_ws/install/nav2_lifecycle_manager:/home/unitree/navigation_ws/install/nav2_util:/home/unitree/navigation_ws/install/nav2_voxel_grid:/home/unitree/navigation_ws/install/nav2_msgs:/home/unitree/navigation_ws/install/nav2_common:/home/unitree/cyclonedds_ws/install/rmw_cyclonedds_cpp:/home/unitree/cyclonedds_ws/install/cyclonedds:/opt/ros/foxy LD_LIBRARY_PATH=/home/unitree/navigation_ws/install/nav2_costmap_2d/lib:/home/unitree/navigation_ws/install/nav2_map_server/lib:/home/unitree/navigation_ws/install/nav2_lifecycle_manager/lib:/home/unitree/navigation_ws/install/nav2_util/lib:/home/unitree/navigation_ws/install/nav2_voxel_grid/lib:/home/unitree/navigation_ws/install/nav2_msgs/lib:/usr/local/cuda-11.4/lib64:/usr/local/lib:/home/unitree/cyclonedds_ws/install/rmw_cyclonedds_cpp/lib:/home/unitree/cyclonedds_ws/install/cyclonedds/lib:/opt/ros/foxy/opt/yaml_cpp_vendor/lib:/opt/ros/foxy/opt/rviz_ogre_vendor/lib:/opt/ros/foxy/lib/aarch64-linux-gnu:/opt/ros/foxy/lib:/usr/local/cuda-11.4/lib64 PYTHONPATH=/home/unitree/navigation_ws/install/nav2_msgs/lib/python3.8/site-packages:/home/unitree/navigation_ws/install/nav2_common/lib/python3.8/site-packages:${PYTHONPATH} /usr/bin/cmake /home/unitree/navigation_ws/src/navigation2/nav2_planner -DAMENT_CMAKE_SYMLINK_INSTALL=1 -DCMAKE_INSTALL_PREFIX=/home/unitree/navigation_ws/install/nav2_planner
[15.421s] Invoking command in '/home/unitree/navigation_ws/build/nav2_planner': AMENT_PREFIX_PATH=/home/unitree/navigation_ws/install/nav2_core:/home/unitree/navigation_ws/install/nav2_costmap_2d:/home/unitree/navigation_ws/install/nav2_map_server:/home/unitree/navigation_ws/install/nav2_lifecycle_manager:/home/unitree/navigation_ws/install/nav2_util:/home/unitree/navigation_ws/install/nav2_voxel_grid:/home/unitree/navigation_ws/install/nav2_msgs:/home/unitree/navigation_ws/install/nav2_common:${AMENT_PREFIX_PATH} CMAKE_PREFIX_PATH=/home/unitree/navigation_ws/install/nav2_core:/home/unitree/navigation_ws/install/nav2_costmap_2d:/home/unitree/navigation_ws/install/nav2_map_server:/home/unitree/navigation_ws/install/nav2_lifecycle_manager:/home/unitree/navigation_ws/install/nav2_util:/home/unitree/navigation_ws/install/nav2_voxel_grid:/home/unitree/navigation_ws/install/nav2_msgs:/home/unitree/navigation_ws/install/nav2_common:/home/unitree/cyclonedds_ws/install/rmw_cyclonedds_cpp:/home/unitree/cyclonedds_ws/install/cyclonedds:/opt/ros/foxy LD_LIBRARY_PATH=/home/unitree/navigation_ws/install/nav2_costmap_2d/lib:/home/unitree/navigation_ws/install/nav2_map_server/lib:/home/unitree/navigation_ws/install/nav2_lifecycle_manager/lib:/home/unitree/navigation_ws/install/nav2_util/lib:/home/unitree/navigation_ws/install/nav2_voxel_grid/lib:/home/unitree/navigation_ws/install/nav2_msgs/lib:/usr/local/cuda-11.4/lib64:/usr/local/lib:/home/unitree/cyclonedds_ws/install/rmw_cyclonedds_cpp/lib:/home/unitree/cyclonedds_ws/install/cyclonedds/lib:/opt/ros/foxy/opt/yaml_cpp_vendor/lib:/opt/ros/foxy/opt/rviz_ogre_vendor/lib:/opt/ros/foxy/lib/aarch64-linux-gnu:/opt/ros/foxy/lib:/usr/local/cuda-11.4/lib64 PYTHONPATH=/home/unitree/navigation_ws/install/nav2_msgs/lib/python3.8/site-packages:/home/unitree/navigation_ws/install/nav2_common/lib/python3.8/site-packages:${PYTHONPATH} /usr/bin/cmake --build /home/unitree/navigation_ws/build/nav2_planner -- -j8 -l8
[29.993s] [35m[1mScanning dependencies of target planner_server_core[0m
[29.994s] [ 25%] [32mBuilding CXX object CMakeFiles/planner_server_core.dir/src/planner_server.cpp.o[0m
[51.967s] [ 50%] [32m[1mLinking CXX shared library libplanner_server_core.so[0m
[52.596s] [ 50%] Built target planner_server_core
[52.630s] [35m[1mScanning dependencies of target planner_server[0m
[52.799s] [ 75%] [32mBuilding CXX object CMakeFiles/planner_server.dir/src/main.cpp.o[0m
[60.432s] [100%] [32m[1mLinking CXX executable planner_server[0m
[60.889s] [100%] Built target planner_server
[60.931s] Invoked command in '/home/unitree/navigation_ws/build/nav2_planner' returned '0': AMENT_PREFIX_PATH=/home/unitree/navigation_ws/install/nav2_core:/home/unitree/navigation_ws/install/nav2_costmap_2d:/home/unitree/navigation_ws/install/nav2_map_server:/home/unitree/navigation_ws/install/nav2_lifecycle_manager:/home/unitree/navigation_ws/install/nav2_util:/home/unitree/navigation_ws/install/nav2_voxel_grid:/home/unitree/navigation_ws/install/nav2_msgs:/home/unitree/navigation_ws/install/nav2_common:${AMENT_PREFIX_PATH} CMAKE_PREFIX_PATH=/home/unitree/navigation_ws/install/nav2_core:/home/unitree/navigation_ws/install/nav2_costmap_2d:/home/unitree/navigation_ws/install/nav2_map_server:/home/unitree/navigation_ws/install/nav2_lifecycle_manager:/home/unitree/navigation_ws/install/nav2_util:/home/unitree/navigation_ws/install/nav2_voxel_grid:/home/unitree/navigation_ws/install/nav2_msgs:/home/unitree/navigation_ws/install/nav2_common:/home/unitree/cyclonedds_ws/install/rmw_cyclonedds_cpp:/home/unitree/cyclonedds_ws/install/cyclonedds:/opt/ros/foxy LD_LIBRARY_PATH=/home/unitree/navigation_ws/install/nav2_costmap_2d/lib:/home/unitree/navigation_ws/install/nav2_map_server/lib:/home/unitree/navigation_ws/install/nav2_lifecycle_manager/lib:/home/unitree/navigation_ws/install/nav2_util/lib:/home/unitree/navigation_ws/install/nav2_voxel_grid/lib:/home/unitree/navigation_ws/install/nav2_msgs/lib:/usr/local/cuda-11.4/lib64:/usr/local/lib:/home/unitree/cyclonedds_ws/install/rmw_cyclonedds_cpp/lib:/home/unitree/cyclonedds_ws/install/cyclonedds/lib:/opt/ros/foxy/opt/yaml_cpp_vendor/lib:/opt/ros/foxy/opt/rviz_ogre_vendor/lib:/opt/ros/foxy/lib/aarch64-linux-gnu:/opt/ros/foxy/lib:/usr/local/cuda-11.4/lib64 PYTHONPATH=/home/unitree/navigation_ws/install/nav2_msgs/lib/python3.8/site-packages:/home/unitree/navigation_ws/install/nav2_common/lib/python3.8/site-packages:${PYTHONPATH} /usr/bin/cmake --build /home/unitree/navigation_ws/build/nav2_planner -- -j8 -l8
[60.996s] Invoking command in '/home/unitree/navigation_ws/build/nav2_planner': AMENT_PREFIX_PATH=/home/unitree/navigation_ws/install/nav2_core:/home/unitree/navigation_ws/install/nav2_costmap_2d:/home/unitree/navigation_ws/install/nav2_map_server:/home/unitree/navigation_ws/install/nav2_lifecycle_manager:/home/unitree/navigation_ws/install/nav2_util:/home/unitree/navigation_ws/install/nav2_voxel_grid:/home/unitree/navigation_ws/install/nav2_msgs:/home/unitree/navigation_ws/install/nav2_common:${AMENT_PREFIX_PATH} CMAKE_PREFIX_PATH=/home/unitree/navigation_ws/install/nav2_core:/home/unitree/navigation_ws/install/nav2_costmap_2d:/home/unitree/navigation_ws/install/nav2_map_server:/home/unitree/navigation_ws/install/nav2_lifecycle_manager:/home/unitree/navigation_ws/install/nav2_util:/home/unitree/navigation_ws/install/nav2_voxel_grid:/home/unitree/navigation_ws/install/nav2_msgs:/home/unitree/navigation_ws/install/nav2_common:/home/unitree/cyclonedds_ws/install/rmw_cyclonedds_cpp:/home/unitree/cyclonedds_ws/install/cyclonedds:/opt/ros/foxy LD_LIBRARY_PATH=/home/unitree/navigation_ws/install/nav2_costmap_2d/lib:/home/unitree/navigation_ws/install/nav2_map_server/lib:/home/unitree/navigation_ws/install/nav2_lifecycle_manager/lib:/home/unitree/navigation_ws/install/nav2_util/lib:/home/unitree/navigation_ws/install/nav2_voxel_grid/lib:/home/unitree/navigation_ws/install/nav2_msgs/lib:/usr/local/cuda-11.4/lib64:/usr/local/lib:/home/unitree/cyclonedds_ws/install/rmw_cyclonedds_cpp/lib:/home/unitree/cyclonedds_ws/install/cyclonedds/lib:/opt/ros/foxy/opt/yaml_cpp_vendor/lib:/opt/ros/foxy/opt/rviz_ogre_vendor/lib:/opt/ros/foxy/lib/aarch64-linux-gnu:/opt/ros/foxy/lib:/usr/local/cuda-11.4/lib64 PYTHONPATH=/home/unitree/navigation_ws/install/nav2_msgs/lib/python3.8/site-packages:/home/unitree/navigation_ws/install/nav2_common/lib/python3.8/site-packages:${PYTHONPATH} /usr/bin/cmake --install /home/unitree/navigation_ws/build/nav2_planner
[69.112s] -- Install configuration: "Release"
[69.113s] -- Execute custom install script
[69.114s] -- Symlinking: /home/unitree/navigation_ws/install/nav2_planner/lib/libplanner_server_core.so
[69.114s] -- Symlinking: /home/unitree/navigation_ws/install/nav2_planner/lib/nav2_planner/planner_server
[69.114s] -- Symlinking: /home/unitree/navigation_ws/install/nav2_planner/include//nav2_planner/planner_server.hpp
[69.114s] -- Symlinking: /home/unitree/navigation_ws/install/nav2_planner/share/nav2_planner/environment/library_path.sh
[69.114s] -- Symlinking: /home/unitree/navigation_ws/install/nav2_planner/share/nav2_planner/environment/library_path.dsv
[69.115s] -- Symlinking: /home/unitree/navigation_ws/install/nav2_planner/share/ament_index/resource_index/package_run_dependencies/nav2_planner
[69.115s] -- Symlinking: /home/unitree/navigation_ws/install/nav2_planner/share/ament_index/resource_index/parent_prefix_path/nav2_planner
[69.115s] -- Symlinking: /home/unitree/navigation_ws/install/nav2_planner/share/nav2_planner/environment/ament_prefix_path.sh
[69.115s] -- Symlinking: /home/unitree/navigation_ws/install/nav2_planner/share/nav2_planner/environment/ament_prefix_path.dsv
[69.115s] -- Symlinking: /home/unitree/navigation_ws/install/nav2_planner/share/nav2_planner/environment/path.sh
[69.115s] -- Symlinking: /home/unitree/navigation_ws/install/nav2_planner/share/nav2_planner/environment/path.dsv
[69.116s] -- Symlinking: /home/unitree/navigation_ws/install/nav2_planner/share/nav2_planner/local_setup.bash
[69.116s] -- Symlinking: /home/unitree/navigation_ws/install/nav2_planner/share/nav2_planner/local_setup.sh
[69.116s] -- Symlinking: /home/unitree/navigation_ws/install/nav2_planner/share/nav2_planner/local_setup.zsh
[69.116s] -- Symlinking: /home/unitree/navigation_ws/install/nav2_planner/share/nav2_planner/local_setup.dsv
[69.116s] -- Symlinking: /home/unitree/navigation_ws/install/nav2_planner/share/nav2_planner/package.dsv
[69.116s] -- Symlinking: /home/unitree/navigation_ws/install/nav2_planner/share/ament_index/resource_index/packages/nav2_planner
[69.117s] -- Symlinking: /home/unitree/navigation_ws/install/nav2_planner/share/nav2_planner/cmake/ament_cmake_export_include_directories-extras.cmake
[69.117s] -- Symlinking: /home/unitree/navigation_ws/install/nav2_planner/share/nav2_planner/cmake/ament_cmake_export_libraries-extras.cmake
[69.117s] -- Symlinking: /home/unitree/navigation_ws/install/nav2_planner/share/nav2_planner/cmake/ament_cmake_export_dependencies-extras.cmake
[69.117s] -- Symlinking: /home/unitree/navigation_ws/install/nav2_planner/share/nav2_planner/cmake/ament_cmake_export_definitions-extras.cmake
[69.117s] -- Symlinking: /home/unitree/navigation_ws/install/nav2_planner/share/nav2_planner/cmake/nav2_plannerConfig.cmake
[69.117s] -- Symlinking: /home/unitree/navigation_ws/install/nav2_planner/share/nav2_planner/cmake/nav2_plannerConfig-version.cmake
[69.117s] -- Symlinking: /home/unitree/navigation_ws/install/nav2_planner/share/nav2_planner/package.xml
[69.127s] Invoked command in '/home/unitree/navigation_ws/build/nav2_planner' returned '0': AMENT_PREFIX_PATH=/home/unitree/navigation_ws/install/nav2_core:/home/unitree/navigation_ws/install/nav2_costmap_2d:/home/unitree/navigation_ws/install/nav2_map_server:/home/unitree/navigation_ws/install/nav2_lifecycle_manager:/home/unitree/navigation_ws/install/nav2_util:/home/unitree/navigation_ws/install/nav2_voxel_grid:/home/unitree/navigation_ws/install/nav2_msgs:/home/unitree/navigation_ws/install/nav2_common:${AMENT_PREFIX_PATH} CMAKE_PREFIX_PATH=/home/unitree/navigation_ws/install/nav2_core:/home/unitree/navigation_ws/install/nav2_costmap_2d:/home/unitree/navigation_ws/install/nav2_map_server:/home/unitree/navigation_ws/install/nav2_lifecycle_manager:/home/unitree/navigation_ws/install/nav2_util:/home/unitree/navigation_ws/install/nav2_voxel_grid:/home/unitree/navigation_ws/install/nav2_msgs:/home/unitree/navigation_ws/install/nav2_common:/home/unitree/cyclonedds_ws/install/rmw_cyclonedds_cpp:/home/unitree/cyclonedds_ws/install/cyclonedds:/opt/ros/foxy LD_LIBRARY_PATH=/home/unitree/navigation_ws/install/nav2_costmap_2d/lib:/home/unitree/navigation_ws/install/nav2_map_server/lib:/home/unitree/navigation_ws/install/nav2_lifecycle_manager/lib:/home/unitree/navigation_ws/install/nav2_util/lib:/home/unitree/navigation_ws/install/nav2_voxel_grid/lib:/home/unitree/navigation_ws/install/nav2_msgs/lib:/usr/local/cuda-11.4/lib64:/usr/local/lib:/home/unitree/cyclonedds_ws/install/rmw_cyclonedds_cpp/lib:/home/unitree/cyclonedds_ws/install/cyclonedds/lib:/opt/ros/foxy/opt/yaml_cpp_vendor/lib:/opt/ros/foxy/opt/rviz_ogre_vendor/lib:/opt/ros/foxy/lib/aarch64-linux-gnu:/opt/ros/foxy/lib:/usr/local/cuda-11.4/lib64 PYTHONPATH=/home/unitree/navigation_ws/install/nav2_msgs/lib/python3.8/site-packages:/home/unitree/navigation_ws/install/nav2_common/lib/python3.8/site-packages:${PYTHONPATH} /usr/bin/cmake --install /home/unitree/navigation_ws/build/nav2_planner
