-- The C compiler identification is GNU 9.4.0
-- The CXX compiler identification is GNU 9.4.0
-- Check for working C compiler: /usr/bin/cc
-- Check for working C compiler: /usr/bin/cc -- works
-- Detecting C compiler ABI info
-- Detecting C compiler ABI info - done
-- Detecting C compile features
-- Detecting C compile features - done
-- Check for working CXX compiler: /usr/bin/c++
-- Check for working CXX compiler: /usr/bin/c++ -- works
-- Detecting CXX compiler ABI info
-- Detecting CXX compiler ABI info - done
-- Detecting CXX compile features
-- Detecting CXX compile features - done
-- Found ament_cmake: 0.9.12 (/opt/ros/foxy/share/ament_cmake/cmake)
-- Found PythonInterp: /usr/bin/python3 (found suitable version "3.8.10", minimum required is "3") 
-- Using PYTHON_EXECUTABLE: /usr/bin/python3
-- Override CMake install command with custom implementation using symlinks instead of copying resources
-- Found nav2_common: 0.4.7 (/home/unitree/navigation_ws/install/nav2_common/share/nav2_common/cmake)
-- Found rclcpp: 2.4.3 (/opt/ros/foxy/share/rclcpp/cmake)
-- Using all available rosidl_typesupport_c: rosidl_typesupport_fastrtps_c;rosidl_typesupport_introspection_c
-- Found rosidl_adapter: 1.3.1 (/opt/ros/foxy/share/rosidl_adapter/cmake)
-- Found OpenSSL: /usr/lib/aarch64-linux-gnu/libcrypto.so (found version "1.1.1f")  
-- Found FastRTPS: /opt/ros/foxy/include  
-- Using all available rosidl_typesupport_cpp: rosidl_typesupport_fastrtps_cpp;rosidl_typesupport_introspection_cpp
-- Found rmw_implementation_cmake: 1.0.4 (/opt/ros/foxy/share/rmw_implementation_cmake/cmake)
-- Using RMW implementation 'rmw_cyclonedds_cpp' as default
-- Looking for pthread.h
-- Looking for pthread.h - found
-- Performing Test CMAKE_HAVE_LIBC_PTHREAD
-- Performing Test CMAKE_HAVE_LIBC_PTHREAD - Failed
-- Looking for pthread_create in pthreads
-- Looking for pthread_create in pthreads - not found
-- Looking for pthread_create in pthread
-- Looking for pthread_create in pthread - found
-- Found Threads: TRUE  
-- Found rclcpp_lifecycle: 2.4.3 (/opt/ros/foxy/share/rclcpp_lifecycle/cmake)
-- Found nav_msgs: 2.0.5 (/opt/ros/foxy/share/nav_msgs/cmake)
-- Found nav2_msgs: 0.4.7 (/home/unitree/navigation_ws/install/nav2_msgs/share/nav2_msgs/cmake)
-- Found yaml_cpp_vendor: 7.0.3 (/opt/ros/foxy/share/yaml_cpp_vendor/cmake)
-- Setting yaml-cpp_DIR to: '/opt/ros/foxy/share/yaml_cpp_vendor/cmake/../../../opt/yaml_cpp_vendor/lib/cmake/yaml-cpp'
-- Found tf2: 0.13.14 (/opt/ros/foxy/share/tf2/cmake)
-- Found nav2_util: 0.4.7 (/home/unitree/navigation_ws/install/nav2_util/share/nav2_util/cmake)
-- Found eigen3_cmake_module: 0.1.1 (/opt/ros/foxy/share/eigen3_cmake_module/cmake)
-- Found Eigen3: TRUE (found version "3.3.7") 
-- Found GRAPHICSMAGICKCPP: /usr/include/GraphicsMagick  
-- Setting build type to Release as none was specified.
-- Found ament_lint_auto: 0.9.8 (/opt/ros/foxy/share/ament_lint_auto/cmake)
-- Found gtest sources under '/opt/ros/foxy/src/gtest_vendor': C++ tests using 'Google Test' will be built
-- Check if compiler accepts -pthread
-- Check if compiler accepts -pthread - yes
-- Found gtest sources under '/opt/ros/foxy/src/gtest_vendor': C++ tests using 'Google Test' will be built
-- Found gtest sources under '/opt/ros/foxy/src/gtest_vendor': C++ tests using 'Google Test' will be built
-- Added test 'cppcheck' to perform static code analysis on C / C++ code
-- Configured cppcheck include dirs: /home/unitree/navigation_ws/src/navigation2/nav2_map_server/include
-- Configured cppcheck exclude dirs and/or files: 
-- Added test 'cpplint' to check C / C++ code against the Google style
-- Configured cpplint exclude dirs and/or files: 
-- Added test 'flake8' to check Python code syntax and style conventions
-- Added test 'lint_cmake' to check CMake code style
-- Added test 'pep257' to check Python code against some of the style conventions in PEP 257
-- Added test 'uncrustify' to check C / C++ code style
-- Configured uncrustify additional arguments: 
-- Added test 'xmllint' to check XML markup files
-- Configuring done
-- Generating done
-- Build files have been written to: /home/unitree/navigation_ws/build/nav2_map_server
[35m[1mScanning dependencies of target map_io[0m
[35m[1mScanning dependencies of target gtest[0m
[35m[1mScanning dependencies of target gtest_main[0m
[  3%] [32mBuilding CXX object gtest/CMakeFiles/gtest_main.dir/src/gtest_main.cc.o[0m
[  6%] [32mBuilding CXX object gtest/CMakeFiles/gtest.dir/src/gtest-all.cc.o[0m
[  9%] [32mBuilding CXX object CMakeFiles/map_io.dir/src/map_mode.cpp.o[0m
[ 12%] [32mBuilding CXX object CMakeFiles/map_io.dir/src/map_io.cpp.o[0m
[ 16%] [32m[1mLinking CXX static library libgtest_main.a[0m
[ 16%] Built target gtest_main
[ 19%] [32m[1mLinking CXX shared library libmap_io.so[0m
[ 19%] Built target map_io
[ 22%] [32m[1mLinking CXX static library libgtest.a[0m
[ 22%] Built target gtest
[35m[1mScanning dependencies of target test_map_saver_publisher[0m
[ 25%] [32mBuilding CXX object test/component/CMakeFiles/test_map_saver_publisher.dir/test_map_saver_publisher.cpp.o[0m
[ 29%] [32mBuilding CXX object test/component/CMakeFiles/test_map_saver_publisher.dir/__/test_constants.cpp.o[0m
[ 32%] [32m[1mLinking CXX executable test_map_saver_publisher[0m
[ 32%] Built target test_map_saver_publisher
[35m[1mScanning dependencies of target test_map_saver_cli[0m
[ 35%] [32mBuilding CXX object test/map_saver_cli/CMakeFiles/test_map_saver_cli.dir/test_map_saver_cli.cpp.o[0m
[ 38%] [32mBuilding CXX object test/map_saver_cli/CMakeFiles/test_map_saver_cli.dir/__/test_constants.cpp.o[0m
[ 41%] [32m[1mLinking CXX executable test_map_saver_cli[0m
[ 41%] Built target test_map_saver_cli
[35m[1mScanning dependencies of target test_map_io[0m
[ 45%] [32mBuilding CXX object test/unit/CMakeFiles/test_map_io.dir/test_map_io.cpp.o[0m
[ 48%] [32mBuilding CXX object test/unit/CMakeFiles/test_map_io.dir/__/test_constants.cpp.o[0m
[ 51%] [32m[1mLinking CXX executable test_map_io[0m
[ 51%] Built target test_map_io
[35m[1mScanning dependencies of target map_server_core[0m
[ 54%] [32mBuilding CXX object CMakeFiles/map_server_core.dir/src/map_server/map_server.cpp.o[0m
[ 58%] [32mBuilding CXX object CMakeFiles/map_server_core.dir/src/map_saver/map_saver.cpp.o[0m
[ 61%] [32m[1mLinking CXX shared library libmap_server_core.so[0m
[ 61%] Built target map_server_core
[35m[1mScanning dependencies of target map_server[0m
[ 64%] [32mBuilding CXX object CMakeFiles/map_server.dir/src/map_server/main.cpp.o[0m
[ 67%] [32m[1mLinking CXX executable map_server[0m
[ 67%] Built target map_server
[35m[1mScanning dependencies of target test_map_server_node[0m
[ 70%] [32mBuilding CXX object test/component/CMakeFiles/test_map_server_node.dir/test_map_server_node.cpp.o[0m
[ 74%] [32mBuilding CXX object test/component/CMakeFiles/test_map_server_node.dir/__/test_constants.cpp.o[0m
[ 77%] [32m[1mLinking CXX executable test_map_server_node[0m
[ 77%] Built target test_map_server_node
[35m[1mScanning dependencies of target test_map_saver_node[0m
[ 80%] [32mBuilding CXX object test/component/CMakeFiles/test_map_saver_node.dir/test_map_saver_node.cpp.o[0m
[ 83%] [32mBuilding CXX object test/component/CMakeFiles/test_map_saver_node.dir/__/test_constants.cpp.o[0m
[ 87%] [32m[1mLinking CXX executable test_map_saver_node[0m
[ 87%] Built target test_map_saver_node
[35m[1mScanning dependencies of target map_saver_server[0m
[35m[1mScanning dependencies of target map_saver_cli[0m
[ 93%] [32mBuilding CXX object CMakeFiles/map_saver_cli.dir/src/map_saver/main_cli.cpp.o[0m
[ 93%] [32mBuilding CXX object CMakeFiles/map_saver_server.dir/src/map_saver/main_server.cpp.o[0m
[ 96%] [32m[1mLinking CXX executable map_saver_server[0m
[100%] [32m[1mLinking CXX executable map_saver_cli[0m
[100%] Built target map_saver_server
[100%] Built target map_saver_cli
-- Install configuration: "Release"
-- Execute custom install script
-- Symlinking: /home/unitree/navigation_ws/install/nav2_map_server/lib/libmap_server_core.so
-- Symlinking: /home/unitree/navigation_ws/install/nav2_map_server/lib/libmap_io.so
-- Symlinking: /home/unitree/navigation_ws/install/nav2_map_server/lib/nav2_map_server/map_server
-- Symlinking: /home/unitree/navigation_ws/install/nav2_map_server/lib/nav2_map_server/map_saver_cli
-- Symlinking: /home/unitree/navigation_ws/install/nav2_map_server/lib/nav2_map_server/map_saver_server
-- Symlinking: /home/unitree/navigation_ws/install/nav2_map_server/include//nav2_map_server/map_io.hpp
-- Symlinking: /home/unitree/navigation_ws/install/nav2_map_server/include//nav2_map_server/map_mode.hpp
-- Symlinking: /home/unitree/navigation_ws/install/nav2_map_server/include//nav2_map_server/map_saver.hpp
-- Symlinking: /home/unitree/navigation_ws/install/nav2_map_server/include//nav2_map_server/map_server.hpp
-- Symlinking: /home/unitree/navigation_ws/install/nav2_map_server/share/nav2_map_server/launch/map_saver_server.launch.py
-- Symlinking: /home/unitree/navigation_ws/install/nav2_map_server/share/nav2_map_server/environment/library_path.sh
-- Symlinking: /home/unitree/navigation_ws/install/nav2_map_server/share/nav2_map_server/environment/library_path.dsv
-- Symlinking: /home/unitree/navigation_ws/install/nav2_map_server/share/ament_index/resource_index/package_run_dependencies/nav2_map_server
-- Symlinking: /home/unitree/navigation_ws/install/nav2_map_server/share/ament_index/resource_index/parent_prefix_path/nav2_map_server
-- Symlinking: /home/unitree/navigation_ws/install/nav2_map_server/share/nav2_map_server/environment/ament_prefix_path.sh
-- Symlinking: /home/unitree/navigation_ws/install/nav2_map_server/share/nav2_map_server/environment/ament_prefix_path.dsv
-- Symlinking: /home/unitree/navigation_ws/install/nav2_map_server/share/nav2_map_server/environment/path.sh
-- Symlinking: /home/unitree/navigation_ws/install/nav2_map_server/share/nav2_map_server/environment/path.dsv
-- Symlinking: /home/unitree/navigation_ws/install/nav2_map_server/share/nav2_map_server/local_setup.bash
-- Symlinking: /home/unitree/navigation_ws/install/nav2_map_server/share/nav2_map_server/local_setup.sh
-- Symlinking: /home/unitree/navigation_ws/install/nav2_map_server/share/nav2_map_server/local_setup.zsh
-- Symlinking: /home/unitree/navigation_ws/install/nav2_map_server/share/nav2_map_server/local_setup.dsv
-- Symlinking: /home/unitree/navigation_ws/install/nav2_map_server/share/nav2_map_server/package.dsv
-- Symlinking: /home/unitree/navigation_ws/install/nav2_map_server/share/ament_index/resource_index/packages/nav2_map_server
-- Symlinking: /home/unitree/navigation_ws/install/nav2_map_server/share/nav2_map_server/cmake/ament_cmake_export_include_directories-extras.cmake
-- Symlinking: /home/unitree/navigation_ws/install/nav2_map_server/share/nav2_map_server/cmake/ament_cmake_export_libraries-extras.cmake
-- Symlinking: /home/unitree/navigation_ws/install/nav2_map_server/share/nav2_map_server/cmake/nav2_map_serverConfig.cmake
-- Symlinking: /home/unitree/navigation_ws/install/nav2_map_server/share/nav2_map_server/cmake/nav2_map_serverConfig-version.cmake
-- Symlinking: /home/unitree/navigation_ws/install/nav2_map_server/share/nav2_map_server/package.xml
