[0.087s] Invoking command in '/home/unitree/navigation_ws/build/nav2_map_server': AMENT_PREFIX_PATH=/home/unitree/navigation_ws/install/nav2_util:/home/unitree/navigation_ws/install/nav2_msgs:/home/unitree/navigation_ws/install/nav2_common:${AMENT_PREFIX_PATH} CMAKE_PREFIX_PATH=/home/unitree/navigation_ws/install/nav2_util:/home/unitree/navigation_ws/install/nav2_msgs:/home/unitree/navigation_ws/install/nav2_common:/home/unitree/cyclonedds_ws/install/rmw_cyclonedds_cpp:/home/unitree/cyclonedds_ws/install/cyclonedds:/opt/ros/foxy LD_LIBRARY_PATH=/home/unitree/navigation_ws/install/nav2_util/lib:/home/unitree/navigation_ws/install/nav2_msgs/lib:/usr/local/cuda-11.4/lib64:/usr/local/lib:/home/unitree/cyclonedds_ws/install/rmw_cyclonedds_cpp/lib:/home/unitree/cyclonedds_ws/install/cyclonedds/lib:/opt/ros/foxy/opt/yaml_cpp_vendor/lib:/opt/ros/foxy/opt/rviz_ogre_vendor/lib:/opt/ros/foxy/lib/aarch64-linux-gnu:/opt/ros/foxy/lib:/usr/local/cuda-11.4/lib64 PYTHONPATH=/home/unitree/navigation_ws/install/nav2_msgs/lib/python3.8/site-packages:/home/unitree/navigation_ws/install/nav2_common/lib/python3.8/site-packages:${PYTHONPATH} /usr/bin/cmake /home/unitree/navigation_ws/src/navigation2/nav2_map_server -DAMENT_CMAKE_SYMLINK_INSTALL=1 -DCMAKE_INSTALL_PREFIX=/home/unitree/navigation_ws/install/nav2_map_server
[0.219s] -- The C compiler identification is GNU 9.4.0
[0.360s] -- The CXX compiler identification is GNU 9.4.0
[0.368s] -- Check for working C compiler: /usr/bin/cc
[0.529s] -- Check for working C compiler: /usr/bin/cc -- works
[0.530s] -- Detecting C compiler ABI info
[0.733s] -- Detecting C compiler ABI info - done
[0.761s] -- Detecting C compile features
[0.761s] -- Detecting C compile features - done
[0.766s] -- Check for working CXX compiler: /usr/bin/c++
[0.978s] -- Check for working CXX compiler: /usr/bin/c++ -- works
[0.979s] -- Detecting CXX compiler ABI info
[1.236s] -- Detecting CXX compiler ABI info - done
[1.258s] -- Detecting CXX compile features
[1.259s] -- Detecting CXX compile features - done
[1.266s] -- Found ament_cmake: 0.9.12 (/opt/ros/foxy/share/ament_cmake/cmake)
[1.317s] -- Found PythonInterp: /usr/bin/python3 (found suitable version "3.8.10", minimum required is "3") 
[1.317s] -- Using PYTHON_EXECUTABLE: /usr/bin/python3
[1.683s] -- Override CMake install command with custom implementation using symlinks instead of copying resources
[1.729s] -- Found nav2_common: 0.4.7 (/home/unitree/navigation_ws/install/nav2_common/share/nav2_common/cmake)
[1.733s] -- Found rclcpp: 2.4.3 (/opt/ros/foxy/share/rclcpp/cmake)
[1.812s] -- Using all available rosidl_typesupport_c: rosidl_typesupport_fastrtps_c;rosidl_typesupport_introspection_c
[1.825s] -- Found rosidl_adapter: 1.3.1 (/opt/ros/foxy/share/rosidl_adapter/cmake)
[2.030s] -- Found OpenSSL: /usr/lib/aarch64-linux-gnu/libcrypto.so (found version "1.1.1f")  
[2.087s] -- Found FastRTPS: /opt/ros/foxy/include  
[2.252s] -- Using all available rosidl_typesupport_cpp: rosidl_typesupport_fastrtps_cpp;rosidl_typesupport_introspection_cpp
[2.349s] -- Found rmw_implementation_cmake: 1.0.4 (/opt/ros/foxy/share/rmw_implementation_cmake/cmake)
[2.353s] -- Using RMW implementation 'rmw_cyclonedds_cpp' as default
[2.368s] -- Looking for pthread.h
[2.554s] -- Looking for pthread.h - found
[2.554s] -- Performing Test CMAKE_HAVE_LIBC_PTHREAD
[2.761s] -- Performing Test CMAKE_HAVE_LIBC_PTHREAD - Failed
[2.762s] -- Looking for pthread_create in pthreads
[2.909s] -- Looking for pthread_create in pthreads - not found
[2.910s] -- Looking for pthread_create in pthread
[3.100s] -- Looking for pthread_create in pthread - found
[3.105s] -- Found Threads: TRUE  
[3.433s] -- Found rclcpp_lifecycle: 2.4.3 (/opt/ros/foxy/share/rclcpp_lifecycle/cmake)
[3.488s] -- Found nav_msgs: 2.0.5 (/opt/ros/foxy/share/nav_msgs/cmake)
[3.676s] -- Found nav2_msgs: 0.4.7 (/home/unitree/navigation_ws/install/nav2_msgs/share/nav2_msgs/cmake)
[4.075s] -- Found yaml_cpp_vendor: 7.0.3 (/opt/ros/foxy/share/yaml_cpp_vendor/cmake)
[4.075s] -- Setting yaml-cpp_DIR to: '/opt/ros/foxy/share/yaml_cpp_vendor/cmake/../../../opt/yaml_cpp_vendor/lib/cmake/yaml-cpp'
[4.081s] -- Found tf2: 0.13.14 (/opt/ros/foxy/share/tf2/cmake)
[4.099s] -- Found nav2_util: 0.4.7 (/home/unitree/navigation_ws/install/nav2_util/share/nav2_util/cmake)
[4.609s] -- Found eigen3_cmake_module: 0.1.1 (/opt/ros/foxy/share/eigen3_cmake_module/cmake)
[4.615s] -- Found Eigen3: TRUE (found version "3.3.7") 
[4.850s] -- Found GRAPHICSMAGICKCPP: /usr/include/GraphicsMagick  
[4.850s] -- Setting build type to Release as none was specified.
[5.855s] -- Found ament_lint_auto: 0.9.8 (/opt/ros/foxy/share/ament_lint_auto/cmake)
[6.079s] -- Found gtest sources under '/opt/ros/foxy/src/gtest_vendor': C++ tests using 'Google Test' will be built
[6.084s] -- Check if compiler accepts -pthread
[6.380s] -- Check if compiler accepts -pthread - yes
[6.397s] -- Found gtest sources under '/opt/ros/foxy/src/gtest_vendor': C++ tests using 'Google Test' will be built
[6.439s] -- Found gtest sources under '/opt/ros/foxy/src/gtest_vendor': C++ tests using 'Google Test' will be built
[6.504s] -- Added test 'cppcheck' to perform static code analysis on C / C++ code
[6.505s] -- Configured cppcheck include dirs: /home/unitree/navigation_ws/src/navigation2/nav2_map_server/include
[6.505s] -- Configured cppcheck exclude dirs and/or files: 
[6.511s] -- Added test 'cpplint' to check C / C++ code against the Google style
[6.511s] -- Configured cpplint exclude dirs and/or files: 
[6.513s] -- Added test 'flake8' to check Python code syntax and style conventions
[6.516s] -- Added test 'lint_cmake' to check CMake code style
[6.518s] -- Added test 'pep257' to check Python code against some of the style conventions in PEP 257
[6.523s] -- Added test 'uncrustify' to check C / C++ code style
[6.523s] -- Configured uncrustify additional arguments: 
[6.525s] -- Added test 'xmllint' to check XML markup files
[6.544s] -- Configuring done
[7.392s] -- Generating done
[7.399s] -- Build files have been written to: /home/unitree/navigation_ws/build/nav2_map_server
[7.452s] Invoked command in '/home/unitree/navigation_ws/build/nav2_map_server' returned '0': AMENT_PREFIX_PATH=/home/unitree/navigation_ws/install/nav2_util:/home/unitree/navigation_ws/install/nav2_msgs:/home/unitree/navigation_ws/install/nav2_common:${AMENT_PREFIX_PATH} CMAKE_PREFIX_PATH=/home/unitree/navigation_ws/install/nav2_util:/home/unitree/navigation_ws/install/nav2_msgs:/home/unitree/navigation_ws/install/nav2_common:/home/unitree/cyclonedds_ws/install/rmw_cyclonedds_cpp:/home/unitree/cyclonedds_ws/install/cyclonedds:/opt/ros/foxy LD_LIBRARY_PATH=/home/unitree/navigation_ws/install/nav2_util/lib:/home/unitree/navigation_ws/install/nav2_msgs/lib:/usr/local/cuda-11.4/lib64:/usr/local/lib:/home/unitree/cyclonedds_ws/install/rmw_cyclonedds_cpp/lib:/home/unitree/cyclonedds_ws/install/cyclonedds/lib:/opt/ros/foxy/opt/yaml_cpp_vendor/lib:/opt/ros/foxy/opt/rviz_ogre_vendor/lib:/opt/ros/foxy/lib/aarch64-linux-gnu:/opt/ros/foxy/lib:/usr/local/cuda-11.4/lib64 PYTHONPATH=/home/unitree/navigation_ws/install/nav2_msgs/lib/python3.8/site-packages:/home/unitree/navigation_ws/install/nav2_common/lib/python3.8/site-packages:${PYTHONPATH} /usr/bin/cmake /home/unitree/navigation_ws/src/navigation2/nav2_map_server -DAMENT_CMAKE_SYMLINK_INSTALL=1 -DCMAKE_INSTALL_PREFIX=/home/unitree/navigation_ws/install/nav2_map_server
[7.454s] Invoking command in '/home/unitree/navigation_ws/build/nav2_map_server': AMENT_PREFIX_PATH=/home/unitree/navigation_ws/install/nav2_util:/home/unitree/navigation_ws/install/nav2_msgs:/home/unitree/navigation_ws/install/nav2_common:${AMENT_PREFIX_PATH} CMAKE_PREFIX_PATH=/home/unitree/navigation_ws/install/nav2_util:/home/unitree/navigation_ws/install/nav2_msgs:/home/unitree/navigation_ws/install/nav2_common:/home/unitree/cyclonedds_ws/install/rmw_cyclonedds_cpp:/home/unitree/cyclonedds_ws/install/cyclonedds:/opt/ros/foxy LD_LIBRARY_PATH=/home/unitree/navigation_ws/install/nav2_util/lib:/home/unitree/navigation_ws/install/nav2_msgs/lib:/usr/local/cuda-11.4/lib64:/usr/local/lib:/home/unitree/cyclonedds_ws/install/rmw_cyclonedds_cpp/lib:/home/unitree/cyclonedds_ws/install/cyclonedds/lib:/opt/ros/foxy/opt/yaml_cpp_vendor/lib:/opt/ros/foxy/opt/rviz_ogre_vendor/lib:/opt/ros/foxy/lib/aarch64-linux-gnu:/opt/ros/foxy/lib:/usr/local/cuda-11.4/lib64 PYTHONPATH=/home/unitree/navigation_ws/install/nav2_msgs/lib/python3.8/site-packages:/home/unitree/navigation_ws/install/nav2_common/lib/python3.8/site-packages:${PYTHONPATH} /usr/bin/cmake --build /home/unitree/navigation_ws/build/nav2_map_server -- -j8 -l8
[22.126s] [35m[1mScanning dependencies of target map_io[0m
[22.126s] [35m[1mScanning dependencies of target gtest[0m
[22.126s] [35m[1mScanning dependencies of target gtest_main[0m
[22.126s] [  3%] [32mBuilding CXX object gtest/CMakeFiles/gtest_main.dir/src/gtest_main.cc.o[0m
[22.127s] [  6%] [32mBuilding CXX object gtest/CMakeFiles/gtest.dir/src/gtest-all.cc.o[0m
[22.127s] [  9%] [32mBuilding CXX object CMakeFiles/map_io.dir/src/map_mode.cpp.o[0m
[22.127s] [ 12%] [32mBuilding CXX object CMakeFiles/map_io.dir/src/map_io.cpp.o[0m
[22.127s] [ 16%] [32m[1mLinking CXX static library libgtest_main.a[0m
[22.127s] [ 16%] Built target gtest_main
[22.127s] [ 19%] [32m[1mLinking CXX shared library libmap_io.so[0m
[22.127s] [ 19%] Built target map_io
[29.315s] [ 22%] [32m[1mLinking CXX static library libgtest.a[0m
[29.401s] [ 22%] Built target gtest
[29.425s] [35m[1mScanning dependencies of target test_map_saver_publisher[0m
[29.517s] [ 25%] [32mBuilding CXX object test/component/CMakeFiles/test_map_saver_publisher.dir/test_map_saver_publisher.cpp.o[0m
[38.688s] [ 29%] [32mBuilding CXX object test/component/CMakeFiles/test_map_saver_publisher.dir/__/test_constants.cpp.o[0m
[38.922s] [ 32%] [32m[1mLinking CXX executable test_map_saver_publisher[0m
[39.364s] [ 32%] Built target test_map_saver_publisher
[39.385s] [35m[1mScanning dependencies of target test_map_saver_cli[0m
[39.460s] [ 35%] [32mBuilding CXX object test/map_saver_cli/CMakeFiles/test_map_saver_cli.dir/test_map_saver_cli.cpp.o[0m
[48.832s] [ 38%] [32mBuilding CXX object test/map_saver_cli/CMakeFiles/test_map_saver_cli.dir/__/test_constants.cpp.o[0m
[49.056s] [ 41%] [32m[1mLinking CXX executable test_map_saver_cli[0m
[49.343s] [ 41%] Built target test_map_saver_cli
[49.364s] [35m[1mScanning dependencies of target test_map_io[0m
[49.448s] [ 45%] [32mBuilding CXX object test/unit/CMakeFiles/test_map_io.dir/test_map_io.cpp.o[0m
[58.198s] [ 48%] [32mBuilding CXX object test/unit/CMakeFiles/test_map_io.dir/__/test_constants.cpp.o[0m
[58.644s] [ 51%] [32m[1mLinking CXX executable test_map_io[0m
[59.579s] [ 51%] Built target test_map_io
[59.663s] [35m[1mScanning dependencies of target map_server_core[0m
[59.786s] [ 54%] [32mBuilding CXX object CMakeFiles/map_server_core.dir/src/map_server/map_server.cpp.o[0m
[59.819s] [ 58%] [32mBuilding CXX object CMakeFiles/map_server_core.dir/src/map_saver/map_saver.cpp.o[0m
[78.875s] [ 61%] [32m[1mLinking CXX shared library libmap_server_core.so[0m
[79.279s] [ 61%] Built target map_server_core
[79.301s] [35m[1mScanning dependencies of target map_server[0m
[79.374s] [ 64%] [32mBuilding CXX object CMakeFiles/map_server.dir/src/map_server/main.cpp.o[0m
[83.365s] [ 67%] [32m[1mLinking CXX executable map_server[0m
[83.815s] [ 67%] Built target map_server
[83.836s] [35m[1mScanning dependencies of target test_map_server_node[0m
[83.912s] [ 70%] [32mBuilding CXX object test/component/CMakeFiles/test_map_server_node.dir/test_map_server_node.cpp.o[0m
[97.039s] [ 74%] [32mBuilding CXX object test/component/CMakeFiles/test_map_server_node.dir/__/test_constants.cpp.o[0m
[97.576s] [ 77%] [32m[1mLinking CXX executable test_map_server_node[0m
[98.042s] [ 77%] Built target test_map_server_node
[98.107s] [35m[1mScanning dependencies of target test_map_saver_node[0m
[98.238s] [ 80%] [32mBuilding CXX object test/component/CMakeFiles/test_map_saver_node.dir/test_map_saver_node.cpp.o[0m
[107.873s] [ 83%] [32mBuilding CXX object test/component/CMakeFiles/test_map_saver_node.dir/__/test_constants.cpp.o[0m
[108.105s] [ 87%] [32m[1mLinking CXX executable test_map_saver_node[0m
[108.591s] [ 87%] Built target test_map_saver_node
[108.613s] [35m[1mScanning dependencies of target map_saver_server[0m
[108.613s] [35m[1mScanning dependencies of target map_saver_cli[0m
[108.696s] [ 93%] [32mBuilding CXX object CMakeFiles/map_saver_cli.dir/src/map_saver/main_cli.cpp.o[0m
[108.696s] [ 93%] [32mBuilding CXX object CMakeFiles/map_saver_server.dir/src/map_saver/main_server.cpp.o[0m
[112.933s] [ 96%] [32m[1mLinking CXX executable map_saver_server[0m
[113.331s] [100%] [32m[1mLinking CXX executable map_saver_cli[0m
[113.423s] [100%] Built target map_saver_server
[113.790s] [100%] Built target map_saver_cli
[113.815s] Invoked command in '/home/unitree/navigation_ws/build/nav2_map_server' returned '0': AMENT_PREFIX_PATH=/home/unitree/navigation_ws/install/nav2_util:/home/unitree/navigation_ws/install/nav2_msgs:/home/unitree/navigation_ws/install/nav2_common:${AMENT_PREFIX_PATH} CMAKE_PREFIX_PATH=/home/unitree/navigation_ws/install/nav2_util:/home/unitree/navigation_ws/install/nav2_msgs:/home/unitree/navigation_ws/install/nav2_common:/home/unitree/cyclonedds_ws/install/rmw_cyclonedds_cpp:/home/unitree/cyclonedds_ws/install/cyclonedds:/opt/ros/foxy LD_LIBRARY_PATH=/home/unitree/navigation_ws/install/nav2_util/lib:/home/unitree/navigation_ws/install/nav2_msgs/lib:/usr/local/cuda-11.4/lib64:/usr/local/lib:/home/unitree/cyclonedds_ws/install/rmw_cyclonedds_cpp/lib:/home/unitree/cyclonedds_ws/install/cyclonedds/lib:/opt/ros/foxy/opt/yaml_cpp_vendor/lib:/opt/ros/foxy/opt/rviz_ogre_vendor/lib:/opt/ros/foxy/lib/aarch64-linux-gnu:/opt/ros/foxy/lib:/usr/local/cuda-11.4/lib64 PYTHONPATH=/home/unitree/navigation_ws/install/nav2_msgs/lib/python3.8/site-packages:/home/unitree/navigation_ws/install/nav2_common/lib/python3.8/site-packages:${PYTHONPATH} /usr/bin/cmake --build /home/unitree/navigation_ws/build/nav2_map_server -- -j8 -l8
[113.893s] Invoking command in '/home/unitree/navigation_ws/build/nav2_map_server': AMENT_PREFIX_PATH=/home/unitree/navigation_ws/install/nav2_util:/home/unitree/navigation_ws/install/nav2_msgs:/home/unitree/navigation_ws/install/nav2_common:${AMENT_PREFIX_PATH} CMAKE_PREFIX_PATH=/home/unitree/navigation_ws/install/nav2_util:/home/unitree/navigation_ws/install/nav2_msgs:/home/unitree/navigation_ws/install/nav2_common:/home/unitree/cyclonedds_ws/install/rmw_cyclonedds_cpp:/home/unitree/cyclonedds_ws/install/cyclonedds:/opt/ros/foxy LD_LIBRARY_PATH=/home/unitree/navigation_ws/install/nav2_util/lib:/home/unitree/navigation_ws/install/nav2_msgs/lib:/usr/local/cuda-11.4/lib64:/usr/local/lib:/home/unitree/cyclonedds_ws/install/rmw_cyclonedds_cpp/lib:/home/unitree/cyclonedds_ws/install/cyclonedds/lib:/opt/ros/foxy/opt/yaml_cpp_vendor/lib:/opt/ros/foxy/opt/rviz_ogre_vendor/lib:/opt/ros/foxy/lib/aarch64-linux-gnu:/opt/ros/foxy/lib:/usr/local/cuda-11.4/lib64 PYTHONPATH=/home/unitree/navigation_ws/install/nav2_msgs/lib/python3.8/site-packages:/home/unitree/navigation_ws/install/nav2_common/lib/python3.8/site-packages:${PYTHONPATH} /usr/bin/cmake --install /home/unitree/navigation_ws/build/nav2_map_server
[113.910s] -- Install configuration: "Release"
[113.911s] -- Execute custom install script
[113.912s] -- Symlinking: /home/unitree/navigation_ws/install/nav2_map_server/lib/libmap_server_core.so
[113.932s] -- Symlinking: /home/unitree/navigation_ws/install/nav2_map_server/lib/libmap_io.so
[113.956s] -- Symlinking: /home/unitree/navigation_ws/install/nav2_map_server/lib/nav2_map_server/map_server
[113.979s] -- Symlinking: /home/unitree/navigation_ws/install/nav2_map_server/lib/nav2_map_server/map_saver_cli
[113.998s] -- Symlinking: /home/unitree/navigation_ws/install/nav2_map_server/lib/nav2_map_server/map_saver_server
[114.017s] -- Symlinking: /home/unitree/navigation_ws/install/nav2_map_server/include//nav2_map_server/map_io.hpp
[114.038s] -- Symlinking: /home/unitree/navigation_ws/install/nav2_map_server/include//nav2_map_server/map_mode.hpp
[114.057s] -- Symlinking: /home/unitree/navigation_ws/install/nav2_map_server/include//nav2_map_server/map_saver.hpp
[114.076s] -- Symlinking: /home/unitree/navigation_ws/install/nav2_map_server/include//nav2_map_server/map_server.hpp
[114.097s] -- Symlinking: /home/unitree/navigation_ws/install/nav2_map_server/share/nav2_map_server/launch/map_saver_server.launch.py
[114.119s] -- Symlinking: /home/unitree/navigation_ws/install/nav2_map_server/share/nav2_map_server/environment/library_path.sh
[114.143s] -- Symlinking: /home/unitree/navigation_ws/install/nav2_map_server/share/nav2_map_server/environment/library_path.dsv
[114.164s] -- Symlinking: /home/unitree/navigation_ws/install/nav2_map_server/share/ament_index/resource_index/package_run_dependencies/nav2_map_server
[114.184s] -- Symlinking: /home/unitree/navigation_ws/install/nav2_map_server/share/ament_index/resource_index/parent_prefix_path/nav2_map_server
[114.203s] -- Symlinking: /home/unitree/navigation_ws/install/nav2_map_server/share/nav2_map_server/environment/ament_prefix_path.sh
[114.223s] -- Symlinking: /home/unitree/navigation_ws/install/nav2_map_server/share/nav2_map_server/environment/ament_prefix_path.dsv
[114.242s] -- Symlinking: /home/unitree/navigation_ws/install/nav2_map_server/share/nav2_map_server/environment/path.sh
[114.261s] -- Symlinking: /home/unitree/navigation_ws/install/nav2_map_server/share/nav2_map_server/environment/path.dsv
[114.281s] -- Symlinking: /home/unitree/navigation_ws/install/nav2_map_server/share/nav2_map_server/local_setup.bash
[114.300s] -- Symlinking: /home/unitree/navigation_ws/install/nav2_map_server/share/nav2_map_server/local_setup.sh
[114.319s] -- Symlinking: /home/unitree/navigation_ws/install/nav2_map_server/share/nav2_map_server/local_setup.zsh
[114.339s] -- Symlinking: /home/unitree/navigation_ws/install/nav2_map_server/share/nav2_map_server/local_setup.dsv
[114.358s] -- Symlinking: /home/unitree/navigation_ws/install/nav2_map_server/share/nav2_map_server/package.dsv
[114.379s] -- Symlinking: /home/unitree/navigation_ws/install/nav2_map_server/share/ament_index/resource_index/packages/nav2_map_server
[114.400s] -- Symlinking: /home/unitree/navigation_ws/install/nav2_map_server/share/nav2_map_server/cmake/ament_cmake_export_include_directories-extras.cmake
[114.419s] -- Symlinking: /home/unitree/navigation_ws/install/nav2_map_server/share/nav2_map_server/cmake/ament_cmake_export_libraries-extras.cmake
[114.438s] -- Symlinking: /home/unitree/navigation_ws/install/nav2_map_server/share/nav2_map_server/cmake/nav2_map_serverConfig.cmake
[114.457s] -- Symlinking: /home/unitree/navigation_ws/install/nav2_map_server/share/nav2_map_server/cmake/nav2_map_serverConfig-version.cmake
[114.477s] -- Symlinking: /home/unitree/navigation_ws/install/nav2_map_server/share/nav2_map_server/package.xml
[114.502s] Invoked command in '/home/unitree/navigation_ws/build/nav2_map_server' returned '0': AMENT_PREFIX_PATH=/home/unitree/navigation_ws/install/nav2_util:/home/unitree/navigation_ws/install/nav2_msgs:/home/unitree/navigation_ws/install/nav2_common:${AMENT_PREFIX_PATH} CMAKE_PREFIX_PATH=/home/unitree/navigation_ws/install/nav2_util:/home/unitree/navigation_ws/install/nav2_msgs:/home/unitree/navigation_ws/install/nav2_common:/home/unitree/cyclonedds_ws/install/rmw_cyclonedds_cpp:/home/unitree/cyclonedds_ws/install/cyclonedds:/opt/ros/foxy LD_LIBRARY_PATH=/home/unitree/navigation_ws/install/nav2_util/lib:/home/unitree/navigation_ws/install/nav2_msgs/lib:/usr/local/cuda-11.4/lib64:/usr/local/lib:/home/unitree/cyclonedds_ws/install/rmw_cyclonedds_cpp/lib:/home/unitree/cyclonedds_ws/install/cyclonedds/lib:/opt/ros/foxy/opt/yaml_cpp_vendor/lib:/opt/ros/foxy/opt/rviz_ogre_vendor/lib:/opt/ros/foxy/lib/aarch64-linux-gnu:/opt/ros/foxy/lib:/usr/local/cuda-11.4/lib64 PYTHONPATH=/home/unitree/navigation_ws/install/nav2_msgs/lib/python3.8/site-packages:/home/unitree/navigation_ws/install/nav2_common/lib/python3.8/site-packages:${PYTHONPATH} /usr/bin/cmake --install /home/unitree/navigation_ws/build/nav2_map_server
