[0.090s] Invoking command in '/home/unitree/navigation_ws/build/nav2_amcl': AMENT_PREFIX_PATH=/home/unitree/navigation_ws/install/nav2_util:/home/unitree/navigation_ws/install/nav2_msgs:/home/unitree/navigation_ws/install/nav2_common:${AMENT_PREFIX_PATH} CMAKE_PREFIX_PATH=/home/unitree/navigation_ws/install/nav2_util:/home/unitree/navigation_ws/install/nav2_msgs:/home/unitree/navigation_ws/install/nav2_common:/home/unitree/cyclonedds_ws/install/rmw_cyclonedds_cpp:/home/unitree/cyclonedds_ws/install/cyclonedds:/opt/ros/foxy LD_LIBRARY_PATH=/home/unitree/navigation_ws/install/nav2_util/lib:/home/unitree/navigation_ws/install/nav2_msgs/lib:/usr/local/cuda-11.4/lib64:/usr/local/lib:/home/unitree/cyclonedds_ws/install/rmw_cyclonedds_cpp/lib:/home/unitree/cyclonedds_ws/install/cyclonedds/lib:/opt/ros/foxy/opt/yaml_cpp_vendor/lib:/opt/ros/foxy/opt/rviz_ogre_vendor/lib:/opt/ros/foxy/lib/aarch64-linux-gnu:/opt/ros/foxy/lib:/usr/local/cuda-11.4/lib64 PYTHONPATH=/home/unitree/navigation_ws/install/nav2_msgs/lib/python3.8/site-packages:/home/unitree/navigation_ws/install/nav2_common/lib/python3.8/site-packages:${PYTHONPATH} /usr/bin/cmake /home/unitree/navigation_ws/src/navigation2/nav2_amcl -DAMENT_CMAKE_SYMLINK_INSTALL=1 -DCMAKE_INSTALL_PREFIX=/home/unitree/navigation_ws/install/nav2_amcl
[6.047s] -- The C compiler identification is GNU 9.4.0
[6.051s] -- The CXX compiler identification is GNU 9.4.0
[6.052s] -- Check for working C compiler: /usr/bin/cc
[6.053s] -- Check for working C compiler: /usr/bin/cc -- works
[6.053s] -- Detecting C compiler ABI info
[6.053s] -- Detecting C compiler ABI info - done
[6.053s] -- Detecting C compile features
[6.054s] -- Detecting C compile features - done
[6.054s] -- Check for working CXX compiler: /usr/bin/c++
[6.054s] -- Check for working CXX compiler: /usr/bin/c++ -- works
[6.054s] -- Detecting CXX compiler ABI info
[6.054s] -- Detecting CXX compiler ABI info - done
[6.054s] -- Detecting CXX compile features
[6.054s] -- Detecting CXX compile features - done
[6.054s] -- Found ament_cmake: 0.9.12 (/opt/ros/foxy/share/ament_cmake/cmake)
[6.054s] -- Found PythonInterp: /usr/bin/python3 (found suitable version "3.8.10", minimum required is "3") 
[6.054s] -- Using PYTHON_EXECUTABLE: /usr/bin/python3
[6.055s] -- Override CMake install command with custom implementation using symlinks instead of copying resources
[6.055s] -- Found nav2_common: 0.4.7 (/home/unitree/navigation_ws/install/nav2_common/share/nav2_common/cmake)
[6.055s] -- Found rclcpp: 2.4.3 (/opt/ros/foxy/share/rclcpp/cmake)
[6.058s] -- Using all available rosidl_typesupport_c: rosidl_typesupport_fastrtps_c;rosidl_typesupport_introspection_c
[6.058s] -- Found rosidl_adapter: 1.3.1 (/opt/ros/foxy/share/rosidl_adapter/cmake)
[6.063s] -- Found OpenSSL: /usr/lib/aarch64-linux-gnu/libcrypto.so (found version "1.1.1f")  
[6.064s] -- Found FastRTPS: /opt/ros/foxy/include  
[6.064s] -- Using all available rosidl_typesupport_cpp: rosidl_typesupport_fastrtps_cpp;rosidl_typesupport_introspection_cpp
[6.064s] -- Found rmw_implementation_cmake: 1.0.4 (/opt/ros/foxy/share/rmw_implementation_cmake/cmake)
[6.065s] -- Using RMW implementation 'rmw_cyclonedds_cpp' as default
[6.065s] -- Looking for pthread.h
[6.065s] -- Looking for pthread.h - found
[6.065s] -- Performing Test CMAKE_HAVE_LIBC_PTHREAD
[6.065s] -- Performing Test CMAKE_HAVE_LIBC_PTHREAD - Failed
[6.065s] -- Looking for pthread_create in pthreads
[6.065s] -- Looking for pthread_create in pthreads - not found
[6.065s] -- Looking for pthread_create in pthread
[6.065s] -- Looking for pthread_create in pthread - found
[6.065s] -- Found Threads: TRUE  
[6.065s] -- Found rclcpp_lifecycle: 2.4.3 (/opt/ros/foxy/share/rclcpp_lifecycle/cmake)
[6.066s] -- Found message_filters: 3.2.7 (/opt/ros/foxy/share/message_filters/cmake)
[6.066s] -- Found tf2_geometry_msgs: 0.13.14 (/opt/ros/foxy/share/tf2_geometry_msgs/cmake)
[6.066s] -- Found eigen3_cmake_module: 0.1.1 (/opt/ros/foxy/share/eigen3_cmake_module/cmake)
[6.066s] -- Found Eigen3: TRUE (found version "3.3.7") 
[6.066s] -- Found nav_msgs: 2.0.5 (/opt/ros/foxy/share/nav_msgs/cmake)
[6.066s] -- Found sensor_msgs: 2.0.5 (/opt/ros/foxy/share/sensor_msgs/cmake)
[6.066s] -- Found std_srvs: 2.0.5 (/opt/ros/foxy/share/std_srvs/cmake)
[6.066s] -- Found nav2_util: 0.4.7 (/home/unitree/navigation_ws/install/nav2_util/share/nav2_util/cmake)
[6.066s] -- Setting build type to Release as none was specified.
[6.066s] -- Looking for drand48
[6.066s] -- Looking for drand48 - found
[7.345s] -- Found ament_lint_auto: 0.9.8 (/opt/ros/foxy/share/ament_lint_auto/cmake)
[7.637s] -- Added test 'cppcheck' to perform static code analysis on C / C++ code
[7.637s] -- Configured cppcheck include dirs: /home/unitree/navigation_ws/src/navigation2/nav2_amcl/include;/home/unitree/navigation_ws/src/navigation2/nav2_amcl/src/include
[7.638s] -- Configured cppcheck exclude dirs and/or files: 
[7.640s] -- Added test 'lint_cmake' to check CMake code style
[7.657s] -- Added test 'uncrustify' to check C / C++ code style
[7.657s] -- Configured uncrustify additional arguments: 
[7.660s] -- Added test 'xmllint' to check XML markup files
[7.692s] -- Configuring done
[8.011s] -- Generating done
[8.033s] -- Build files have been written to: /home/unitree/navigation_ws/build/nav2_amcl
[8.144s] Invoked command in '/home/unitree/navigation_ws/build/nav2_amcl' returned '0': AMENT_PREFIX_PATH=/home/unitree/navigation_ws/install/nav2_util:/home/unitree/navigation_ws/install/nav2_msgs:/home/unitree/navigation_ws/install/nav2_common:${AMENT_PREFIX_PATH} CMAKE_PREFIX_PATH=/home/unitree/navigation_ws/install/nav2_util:/home/unitree/navigation_ws/install/nav2_msgs:/home/unitree/navigation_ws/install/nav2_common:/home/unitree/cyclonedds_ws/install/rmw_cyclonedds_cpp:/home/unitree/cyclonedds_ws/install/cyclonedds:/opt/ros/foxy LD_LIBRARY_PATH=/home/unitree/navigation_ws/install/nav2_util/lib:/home/unitree/navigation_ws/install/nav2_msgs/lib:/usr/local/cuda-11.4/lib64:/usr/local/lib:/home/unitree/cyclonedds_ws/install/rmw_cyclonedds_cpp/lib:/home/unitree/cyclonedds_ws/install/cyclonedds/lib:/opt/ros/foxy/opt/yaml_cpp_vendor/lib:/opt/ros/foxy/opt/rviz_ogre_vendor/lib:/opt/ros/foxy/lib/aarch64-linux-gnu:/opt/ros/foxy/lib:/usr/local/cuda-11.4/lib64 PYTHONPATH=/home/unitree/navigation_ws/install/nav2_msgs/lib/python3.8/site-packages:/home/unitree/navigation_ws/install/nav2_common/lib/python3.8/site-packages:${PYTHONPATH} /usr/bin/cmake /home/unitree/navigation_ws/src/navigation2/nav2_amcl -DAMENT_CMAKE_SYMLINK_INSTALL=1 -DCMAKE_INSTALL_PREFIX=/home/unitree/navigation_ws/install/nav2_amcl
[8.145s] Invoking command in '/home/unitree/navigation_ws/build/nav2_amcl': AMENT_PREFIX_PATH=/home/unitree/navigation_ws/install/nav2_util:/home/unitree/navigation_ws/install/nav2_msgs:/home/unitree/navigation_ws/install/nav2_common:${AMENT_PREFIX_PATH} CMAKE_PREFIX_PATH=/home/unitree/navigation_ws/install/nav2_util:/home/unitree/navigation_ws/install/nav2_msgs:/home/unitree/navigation_ws/install/nav2_common:/home/unitree/cyclonedds_ws/install/rmw_cyclonedds_cpp:/home/unitree/cyclonedds_ws/install/cyclonedds:/opt/ros/foxy LD_LIBRARY_PATH=/home/unitree/navigation_ws/install/nav2_util/lib:/home/unitree/navigation_ws/install/nav2_msgs/lib:/usr/local/cuda-11.4/lib64:/usr/local/lib:/home/unitree/cyclonedds_ws/install/rmw_cyclonedds_cpp/lib:/home/unitree/cyclonedds_ws/install/cyclonedds/lib:/opt/ros/foxy/opt/yaml_cpp_vendor/lib:/opt/ros/foxy/opt/rviz_ogre_vendor/lib:/opt/ros/foxy/lib/aarch64-linux-gnu:/opt/ros/foxy/lib:/usr/local/cuda-11.4/lib64 PYTHONPATH=/home/unitree/navigation_ws/install/nav2_msgs/lib/python3.8/site-packages:/home/unitree/navigation_ws/install/nav2_common/lib/python3.8/site-packages:${PYTHONPATH} /usr/bin/cmake --build /home/unitree/navigation_ws/build/nav2_amcl -- -j8 -l8
[22.107s] [35m[1mScanning dependencies of target pf_lib[0m
[22.107s] [35m[1mScanning dependencies of target map_lib[0m
[22.108s] [  3%] [32mBuilding C object src/pf/CMakeFiles/pf_lib.dir/pf_kdtree.c.o[0m
[22.108s] [  7%] [32mBuilding C object src/pf/CMakeFiles/pf_lib.dir/pf.c.o[0m
[22.108s] [ 11%] [32mBuilding C object src/pf/CMakeFiles/pf_lib.dir/pf_pdf.c.o[0m
[22.108s] [ 15%] [32mBuilding C object src/map/CMakeFiles/map_lib.dir/map.c.o[0m
[22.108s] [ 19%] [32mBuilding C object src/map/CMakeFiles/map_lib.dir/map_store.c.o[0m
[22.108s] [ 23%] [32mBuilding C object src/map/CMakeFiles/map_lib.dir/map_draw.c.o[0m
[22.108s] [ 26%] [32mBuilding CXX object src/map/CMakeFiles/map_lib.dir/map_cspace.cpp.o[0m
[22.108s] [ 30%] [32mBuilding C object src/pf/CMakeFiles/pf_lib.dir/pf_draw.c.o[0m
[22.109s] [ 34%] [32mBuilding C object src/pf/CMakeFiles/pf_lib.dir/eig3.c.o[0m
[22.109s] [ 38%] [32mBuilding C object src/pf/CMakeFiles/pf_lib.dir/pf_vector.c.o[0m
[22.109s] [ 42%] [32mBuilding C object src/map/CMakeFiles/map_lib.dir/map_range.c.o[0m
[22.109s] [ 46%] [32m[1mLinking CXX shared library libmap_lib.so[0m
[22.109s] [ 50%] [32m[1mLinking C shared library libpf_lib.so[0m
[22.109s] [ 50%] Built target pf_lib
[22.109s] [ 50%] Built target map_lib
[22.109s] [35m[1mScanning dependencies of target motions_lib[0m
[22.109s] [ 53%] [32mBuilding CXX object src/motion_model/CMakeFiles/motions_lib.dir/omni_motion_model.cpp.o[0m
[22.109s] [ 57%] [32mBuilding CXX object src/motion_model/CMakeFiles/motions_lib.dir/motion_model.cpp.o[0m
[22.110s] [ 61%] [32mBuilding CXX object src/motion_model/CMakeFiles/motions_lib.dir/differential_motion_model.cpp.o[0m
[22.110s] [ 65%] [32m[1mLinking CXX shared library libmotions_lib.so[0m
[22.110s] [ 65%] Built target motions_lib
[22.110s] [35m[1mScanning dependencies of target sensors_lib[0m
[22.110s] [ 69%] [32mBuilding CXX object src/sensors/CMakeFiles/sensors_lib.dir/laser/laser.cpp.o[0m
[22.110s] [ 73%] [32mBuilding CXX object src/sensors/CMakeFiles/sensors_lib.dir/laser/likelihood_field_model_prob.cpp.o[0m
[22.110s] [ 76%] [32mBuilding CXX object src/sensors/CMakeFiles/sensors_lib.dir/laser/likelihood_field_model.cpp.o[0m
[22.110s] [ 80%] [32mBuilding CXX object src/sensors/CMakeFiles/sensors_lib.dir/laser/beam_model.cpp.o[0m
[22.110s] [ 84%] [32m[1mLinking CXX shared library libsensors_lib.so[0m
[22.110s] [ 84%] Built target sensors_lib
[22.110s] [35m[1mScanning dependencies of target amcl_core[0m
[22.111s] [ 88%] [32mBuilding CXX object CMakeFiles/amcl_core.dir/src/amcl_node.cpp.o[0m
[59.565s] [ 92%] [32m[1mLinking CXX shared library libamcl_core.so[0m
[60.496s] [ 92%] Built target amcl_core
[60.582s] [35m[1mScanning dependencies of target amcl[0m
[60.784s] [ 96%] [32mBuilding CXX object CMakeFiles/amcl.dir/src/main.cpp.o[0m
[66.742s] [100%] [32m[1mLinking CXX executable amcl[0m
[67.478s] [100%] Built target amcl
[67.559s] Invoked command in '/home/unitree/navigation_ws/build/nav2_amcl' returned '0': AMENT_PREFIX_PATH=/home/unitree/navigation_ws/install/nav2_util:/home/unitree/navigation_ws/install/nav2_msgs:/home/unitree/navigation_ws/install/nav2_common:${AMENT_PREFIX_PATH} CMAKE_PREFIX_PATH=/home/unitree/navigation_ws/install/nav2_util:/home/unitree/navigation_ws/install/nav2_msgs:/home/unitree/navigation_ws/install/nav2_common:/home/unitree/cyclonedds_ws/install/rmw_cyclonedds_cpp:/home/unitree/cyclonedds_ws/install/cyclonedds:/opt/ros/foxy LD_LIBRARY_PATH=/home/unitree/navigation_ws/install/nav2_util/lib:/home/unitree/navigation_ws/install/nav2_msgs/lib:/usr/local/cuda-11.4/lib64:/usr/local/lib:/home/unitree/cyclonedds_ws/install/rmw_cyclonedds_cpp/lib:/home/unitree/cyclonedds_ws/install/cyclonedds/lib:/opt/ros/foxy/opt/yaml_cpp_vendor/lib:/opt/ros/foxy/opt/rviz_ogre_vendor/lib:/opt/ros/foxy/lib/aarch64-linux-gnu:/opt/ros/foxy/lib:/usr/local/cuda-11.4/lib64 PYTHONPATH=/home/unitree/navigation_ws/install/nav2_msgs/lib/python3.8/site-packages:/home/unitree/navigation_ws/install/nav2_common/lib/python3.8/site-packages:${PYTHONPATH} /usr/bin/cmake --build /home/unitree/navigation_ws/build/nav2_amcl -- -j8 -l8
[67.971s] Invoking command in '/home/unitree/navigation_ws/build/nav2_amcl': AMENT_PREFIX_PATH=/home/unitree/navigation_ws/install/nav2_util:/home/unitree/navigation_ws/install/nav2_msgs:/home/unitree/navigation_ws/install/nav2_common:${AMENT_PREFIX_PATH} CMAKE_PREFIX_PATH=/home/unitree/navigation_ws/install/nav2_util:/home/unitree/navigation_ws/install/nav2_msgs:/home/unitree/navigation_ws/install/nav2_common:/home/unitree/cyclonedds_ws/install/rmw_cyclonedds_cpp:/home/unitree/cyclonedds_ws/install/cyclonedds:/opt/ros/foxy LD_LIBRARY_PATH=/home/unitree/navigation_ws/install/nav2_util/lib:/home/unitree/navigation_ws/install/nav2_msgs/lib:/usr/local/cuda-11.4/lib64:/usr/local/lib:/home/unitree/cyclonedds_ws/install/rmw_cyclonedds_cpp/lib:/home/unitree/cyclonedds_ws/install/cyclonedds/lib:/opt/ros/foxy/opt/yaml_cpp_vendor/lib:/opt/ros/foxy/opt/rviz_ogre_vendor/lib:/opt/ros/foxy/lib/aarch64-linux-gnu:/opt/ros/foxy/lib:/usr/local/cuda-11.4/lib64 PYTHONPATH=/home/unitree/navigation_ws/install/nav2_msgs/lib/python3.8/site-packages:/home/unitree/navigation_ws/install/nav2_common/lib/python3.8/site-packages:${PYTHONPATH} /usr/bin/cmake --install /home/unitree/navigation_ws/build/nav2_amcl
[68.024s] -- Install configuration: "Release"
[68.029s] -- Execute custom install script
[68.030s] -- Symlinking: /home/unitree/navigation_ws/install/nav2_amcl/lib/libpf_lib.so
[68.084s] -- Symlinking: /home/unitree/navigation_ws/install/nav2_amcl/lib/libmap_lib.so
[68.140s] -- Symlinking: /home/unitree/navigation_ws/install/nav2_amcl/lib/libmotions_lib.so
[68.197s] -- Symlinking: /home/unitree/navigation_ws/install/nav2_amcl/lib/libsensors_lib.so
[68.224s] -- Symlinking: /home/unitree/navigation_ws/install/nav2_amcl/lib/libamcl_core.so
[68.279s] -- Symlinking: /home/unitree/navigation_ws/install/nav2_amcl/lib/nav2_amcl/amcl
[68.333s] -- Symlinking: /home/unitree/navigation_ws/install/nav2_amcl/include//nav2_amcl/amcl_node.hpp
[68.410s] -- Symlinking: /home/unitree/navigation_ws/install/nav2_amcl/include//nav2_amcl/angleutils.hpp
[68.469s] -- Symlinking: /home/unitree/navigation_ws/install/nav2_amcl/include//nav2_amcl/map/map.hpp
[68.530s] -- Symlinking: /home/unitree/navigation_ws/install/nav2_amcl/include//nav2_amcl/motion_model/motion_model.hpp
[68.568s] -- Symlinking: /home/unitree/navigation_ws/install/nav2_amcl/include//nav2_amcl/pf/eig3.hpp
[68.607s] -- Symlinking: /home/unitree/navigation_ws/install/nav2_amcl/include//nav2_amcl/pf/pf.hpp
[68.673s] -- Symlinking: /home/unitree/navigation_ws/install/nav2_amcl/include//nav2_amcl/pf/pf_kdtree.hpp
[68.723s] -- Symlinking: /home/unitree/navigation_ws/install/nav2_amcl/include//nav2_amcl/pf/pf_pdf.hpp
[68.771s] -- Symlinking: /home/unitree/navigation_ws/install/nav2_amcl/include//nav2_amcl/pf/pf_vector.hpp
[68.841s] -- Symlinking: /home/unitree/navigation_ws/install/nav2_amcl/include//nav2_amcl/sensors/laser/laser.hpp
[68.900s] -- Symlinking: /home/unitree/navigation_ws/install/nav2_amcl/share/nav2_amcl/environment/library_path.sh
[68.957s] -- Symlinking: /home/unitree/navigation_ws/install/nav2_amcl/share/nav2_amcl/environment/library_path.dsv
[69.027s] -- Symlinking: /home/unitree/navigation_ws/install/nav2_amcl/share/ament_index/resource_index/package_run_dependencies/nav2_amcl
[69.072s] -- Symlinking: /home/unitree/navigation_ws/install/nav2_amcl/share/ament_index/resource_index/parent_prefix_path/nav2_amcl
[69.095s] -- Symlinking: /home/unitree/navigation_ws/install/nav2_amcl/share/nav2_amcl/environment/ament_prefix_path.sh
[69.154s] -- Symlinking: /home/unitree/navigation_ws/install/nav2_amcl/share/nav2_amcl/environment/ament_prefix_path.dsv
[69.211s] -- Symlinking: /home/unitree/navigation_ws/install/nav2_amcl/share/nav2_amcl/environment/path.sh
[69.298s] -- Symlinking: /home/unitree/navigation_ws/install/nav2_amcl/share/nav2_amcl/environment/path.dsv
[69.373s] -- Symlinking: /home/unitree/navigation_ws/install/nav2_amcl/share/nav2_amcl/local_setup.bash
[69.433s] -- Symlinking: /home/unitree/navigation_ws/install/nav2_amcl/share/nav2_amcl/local_setup.sh
[69.505s] -- Symlinking: /home/unitree/navigation_ws/install/nav2_amcl/share/nav2_amcl/local_setup.zsh
[69.586s] -- Symlinking: /home/unitree/navigation_ws/install/nav2_amcl/share/nav2_amcl/local_setup.dsv
[69.655s] -- Symlinking: /home/unitree/navigation_ws/install/nav2_amcl/share/nav2_amcl/package.dsv
[69.712s] -- Symlinking: /home/unitree/navigation_ws/install/nav2_amcl/share/ament_index/resource_index/packages/nav2_amcl
[69.794s] -- Symlinking: /home/unitree/navigation_ws/install/nav2_amcl/share/nav2_amcl/cmake/ament_cmake_export_include_directories-extras.cmake
[69.851s] -- Symlinking: /home/unitree/navigation_ws/install/nav2_amcl/share/nav2_amcl/cmake/ament_cmake_export_libraries-extras.cmake
[69.918s] -- Symlinking: /home/unitree/navigation_ws/install/nav2_amcl/share/nav2_amcl/cmake/ament_cmake_export_dependencies-extras.cmake
[69.989s] -- Symlinking: /home/unitree/navigation_ws/install/nav2_amcl/share/nav2_amcl/cmake/nav2_amclConfig.cmake
[70.056s] -- Symlinking: /home/unitree/navigation_ws/install/nav2_amcl/share/nav2_amcl/cmake/nav2_amclConfig-version.cmake
[70.125s] -- Symlinking: /home/unitree/navigation_ws/install/nav2_amcl/share/nav2_amcl/package.xml
[70.208s] Invoked command in '/home/unitree/navigation_ws/build/nav2_amcl' returned '0': AMENT_PREFIX_PATH=/home/unitree/navigation_ws/install/nav2_util:/home/unitree/navigation_ws/install/nav2_msgs:/home/unitree/navigation_ws/install/nav2_common:${AMENT_PREFIX_PATH} CMAKE_PREFIX_PATH=/home/unitree/navigation_ws/install/nav2_util:/home/unitree/navigation_ws/install/nav2_msgs:/home/unitree/navigation_ws/install/nav2_common:/home/unitree/cyclonedds_ws/install/rmw_cyclonedds_cpp:/home/unitree/cyclonedds_ws/install/cyclonedds:/opt/ros/foxy LD_LIBRARY_PATH=/home/unitree/navigation_ws/install/nav2_util/lib:/home/unitree/navigation_ws/install/nav2_msgs/lib:/usr/local/cuda-11.4/lib64:/usr/local/lib:/home/unitree/cyclonedds_ws/install/rmw_cyclonedds_cpp/lib:/home/unitree/cyclonedds_ws/install/cyclonedds/lib:/opt/ros/foxy/opt/yaml_cpp_vendor/lib:/opt/ros/foxy/opt/rviz_ogre_vendor/lib:/opt/ros/foxy/lib/aarch64-linux-gnu:/opt/ros/foxy/lib:/usr/local/cuda-11.4/lib64 PYTHONPATH=/home/unitree/navigation_ws/install/nav2_msgs/lib/python3.8/site-packages:/home/unitree/navigation_ws/install/nav2_common/lib/python3.8/site-packages:${PYTHONPATH} /usr/bin/cmake --install /home/unitree/navigation_ws/build/nav2_amcl
