[0.053s] Invoking command in '/home/unitree/navigation_ws/build/linefit_ground_segmentation_ros': AMENT_PREFIX_PATH=/home/unitree/navigation_ws/install/linefit_ground_segmentation:${AMENT_PREFIX_PATH} CMAKE_PREFIX_PATH=/home/unitree/navigation_ws/install/linefit_ground_segmentation:/home/unitree/cyclonedds_ws/install/rmw_cyclonedds_cpp:/home/unitree/cyclonedds_ws/install/cyclonedds:/opt/ros/foxy LD_LIBRARY_PATH=/home/unitree/navigation_ws/install/linefit_ground_segmentation/lib:/usr/local/cuda-11.4/lib64:/usr/local/lib:/home/unitree/cyclonedds_ws/install/rmw_cyclonedds_cpp/lib:/home/unitree/cyclonedds_ws/install/cyclonedds/lib:/opt/ros/foxy/opt/yaml_cpp_vendor/lib:/opt/ros/foxy/opt/rviz_ogre_vendor/lib:/opt/ros/foxy/lib/aarch64-linux-gnu:/opt/ros/foxy/lib:/usr/local/cuda-11.4/lib64 /usr/bin/cmake /home/unitree/navigation_ws/src/reconstruction/linefit_ground_segmentation_ros2/linefit_ground_segmentation_ros -DAMENT_CMAKE_SYMLINK_INSTALL=1 -DCMAKE_INSTALL_PREFIX=/home/unitree/navigation_ws/install/linefit_ground_segmentation_ros
[25.513s] -- The C compiler identification is GNU 9.4.0
[25.513s] -- The CXX compiler identification is GNU 9.4.0
[25.513s] -- Check for working C compiler: /usr/bin/cc
[25.514s] -- Check for working C compiler: /usr/bin/cc -- works
[25.514s] -- Detecting C compiler ABI info
[25.514s] -- Detecting C compiler ABI info - done
[25.514s] -- Detecting C compile features
[25.514s] -- Detecting C compile features - done
[25.514s] -- Check for working CXX compiler: /usr/bin/c++
[25.514s] -- Check for working CXX compiler: /usr/bin/c++ -- works
[25.514s] -- Detecting CXX compiler ABI info
[25.514s] -- Detecting CXX compiler ABI info - done
[25.514s] -- Detecting CXX compile features
[25.514s] -- Detecting CXX compile features - done
[25.515s] -- Checking for module 'eigen3'
[25.515s] --   Found eigen3, version 3.3.7
[25.515s] -- Found Eigen: /usr/include/eigen3 (Required is at least version "3.1") 
[25.515s] -- Eigen found (include: /usr/include/eigen3, version: 3.3.7)
[25.515s] -- Found Boost: /usr/include (found suitable version "1.71.0", minimum required is "1.55.0") found components: system filesystem date_time iostreams regex 
[25.515s] -- Checking for module 'flann'
[25.515s] --   Found flann, version 1.9.1
[25.515s] -- Found FLANN: /usr/lib/aarch64-linux-gnu/libflann_cpp.so  
[25.515s] -- The imported target "vtkParseOGLExt" references the file
[25.515s]    "/usr/bin/vtkParseOGLExt-7.1"
[25.515s] but this file does not exist.  Possible reasons include:
[25.516s] * The file was deleted, renamed, or moved to another location.
[25.516s] * An install or uninstall procedure did not complete successfully.
[25.516s] * The installation package was faulty and contained
[25.516s]    "/usr/lib/cmake/vtk-7.1/VTKTargets.cmake"
[25.516s] but not all the files it references.
[25.516s] 
[25.516s] -- The imported target "vtkRenderingPythonTkWidgets" references the file
[25.516s]    "/usr/lib/aarch64-linux-gnu/libvtkRenderingPythonTkWidgets.so"
[25.516s] but this file does not exist.  Possible reasons include:
[25.516s] * The file was deleted, renamed, or moved to another location.
[25.516s] * An install or uninstall procedure did not complete successfully.
[25.517s] * The installation package was faulty and contained
[25.517s]    "/usr/lib/cmake/vtk-7.1/VTKTargets.cmake"
[25.517s] but not all the files it references.
[25.517s] 
[25.517s] -- The imported target "vtk" references the file
[25.517s]    "/usr/bin/vtk"
[25.517s] but this file does not exist.  Possible reasons include:
[25.517s] * The file was deleted, renamed, or moved to another location.
[25.517s] * An install or uninstall procedure did not complete successfully.
[25.517s] * The installation package was faulty and contained
[25.517s]    "/usr/lib/cmake/vtk-7.1/VTKTargets.cmake"
[25.517s] but not all the files it references.
[25.518s] 
[25.518s] -- The imported target "pvtk" references the file
[25.518s]    "/usr/bin/pvtk"
[25.518s] but this file does not exist.  Possible reasons include:
[25.518s] * The file was deleted, renamed, or moved to another location.
[25.522s] * An install or uninstall procedure did not complete successfully.
[25.523s] * The installation package was faulty and contained
[25.523s]    "/usr/lib/cmake/vtk-7.1/VTKTargets.cmake"
[25.523s] but not all the files it references.
[25.523s] 
[25.523s] -- Checking for module 'libusb-1.0'
[25.523s] --   Found libusb-1.0, version 1.0.23
[25.524s] -- Found USB_10: /usr/lib/aarch64-linux-gnu/libusb-1.0.so  
[25.524s] -- Found OpenNI: /usr/lib/libOpenNI.so  
[25.524s] -- OpenNI found (include: /usr/include/ni, lib: /usr/lib/libOpenNI.so)
[25.524s] -- Found OpenNI2: /usr/lib/libOpenNI2.so  
[25.525s] -- OpenNI2 found (include: /usr/include/openni2, lib: /usr/lib/libOpenNI2.so)
[25.525s] -- Found libusb-1.0: /usr/include  
[25.526s] -- OpenNI found (include: /usr/include/ni, lib: /usr/lib/libOpenNI.so)
[25.538s] -- OpenNI2 found (include: /usr/include/openni2, lib: /usr/lib/libOpenNI2.so)
[25.539s] -- Found Qhull: optimized;/usr/lib/aarch64-linux-gnu/libqhull.so;debug;/usr/lib/aarch64-linux-gnu/libqhull.so  
[25.539s] -- QHULL found (include: /usr/include, lib: optimized;/usr/lib/aarch64-linux-gnu/libqhull.so;debug;/usr/lib/aarch64-linux-gnu/libqhull.so)
[25.539s] -- OpenNI found (include: /usr/include/ni, lib: /usr/lib/libOpenNI.so)
[25.539s] -- looking for PCL_COMMON
[25.539s] -- Found PCL_COMMON: /usr/lib/aarch64-linux-gnu/libpcl_common.so  
[25.539s] -- looking for PCL_KDTREE
[25.539s] -- Found PCL_KDTREE: /usr/lib/aarch64-linux-gnu/libpcl_kdtree.so  
[25.540s] -- looking for PCL_OCTREE
[25.540s] -- Found PCL_OCTREE: /usr/lib/aarch64-linux-gnu/libpcl_octree.so  
[25.540s] -- looking for PCL_SEARCH
[25.540s] -- Found PCL_SEARCH: /usr/lib/aarch64-linux-gnu/libpcl_search.so  
[25.540s] -- looking for PCL_SAMPLE_CONSENSUS
[25.540s] -- Found PCL_SAMPLE_CONSENSUS: /usr/lib/aarch64-linux-gnu/libpcl_sample_consensus.so  
[25.540s] -- looking for PCL_FILTERS
[25.540s] -- Found PCL_FILTERS: /usr/lib/aarch64-linux-gnu/libpcl_filters.so  
[25.540s] -- looking for PCL_2D
[25.540s] -- Found PCL_2D: /usr/include/pcl-1.10  
[25.540s] -- looking for PCL_GEOMETRY
[25.541s] -- Found PCL_GEOMETRY: /usr/include/pcl-1.10  
[25.541s] -- looking for PCL_IO
[25.541s] -- Found PCL_IO: /usr/lib/aarch64-linux-gnu/libpcl_io.so  
[25.541s] -- looking for PCL_FEATURES
[25.541s] -- Found PCL_FEATURES: /usr/lib/aarch64-linux-gnu/libpcl_features.so  
[25.541s] -- looking for PCL_ML
[25.541s] -- Found PCL_ML: /usr/lib/aarch64-linux-gnu/libpcl_ml.so  
[25.541s] -- looking for PCL_SEGMENTATION
[25.541s] -- Found PCL_SEGMENTATION: /usr/lib/aarch64-linux-gnu/libpcl_segmentation.so  
[25.541s] -- looking for PCL_VISUALIZATION
[25.541s] -- Found PCL_VISUALIZATION: /usr/lib/aarch64-linux-gnu/libpcl_visualization.so  
[25.542s] -- looking for PCL_SURFACE
[25.542s] -- Found PCL_SURFACE: /usr/lib/aarch64-linux-gnu/libpcl_surface.so  
[25.542s] -- looking for PCL_REGISTRATION
[25.542s] -- Found PCL_REGISTRATION: /usr/lib/aarch64-linux-gnu/libpcl_registration.so  
[25.542s] -- looking for PCL_KEYPOINTS
[25.542s] -- Found PCL_KEYPOINTS: /usr/lib/aarch64-linux-gnu/libpcl_keypoints.so  
[25.542s] -- looking for PCL_TRACKING
[25.542s] -- Found PCL_TRACKING: /usr/lib/aarch64-linux-gnu/libpcl_tracking.so  
[25.542s] -- looking for PCL_RECOGNITION
[25.542s] -- Found PCL_RECOGNITION: /usr/lib/aarch64-linux-gnu/libpcl_recognition.so  
[25.542s] -- looking for PCL_STEREO
[25.543s] -- Found PCL_STEREO: /usr/lib/aarch64-linux-gnu/libpcl_stereo.so  
[25.543s] -- looking for PCL_APPS
[25.543s] -- Found PCL_APPS: /usr/lib/aarch64-linux-gnu/libpcl_apps.so  
[25.543s] -- looking for PCL_IN_HAND_SCANNER
[25.543s] -- Found PCL_IN_HAND_SCANNER: /usr/include/pcl-1.10  
[25.543s] -- looking for PCL_POINT_CLOUD_EDITOR
[25.543s] -- Found PCL_POINT_CLOUD_EDITOR: /usr/include/pcl-1.10  
[25.543s] -- looking for PCL_OUTOFCORE
[25.543s] -- Found PCL_OUTOFCORE: /usr/lib/aarch64-linux-gnu/libpcl_outofcore.so  
[25.544s] -- looking for PCL_PEOPLE
[25.544s] -- Found PCL_PEOPLE: /usr/lib/aarch64-linux-gnu/libpcl_people.so  
[25.544s] -- Found PCL: pcl_common;pcl_kdtree;pcl_octree;pcl_search;pcl_sample_consensus;pcl_filters;pcl_io;pcl_features;pcl_ml;pcl_segmentation;pcl_visualization;pcl_surface;pcl_registration;pcl_keypoints;pcl_tracking;pcl_recognition;pcl_stereo;pcl_apps;pcl_outofcore;pcl_people;/usr/lib/aarch64-linux-gnu/libboost_system.so;/usr/lib/aarch64-linux-gnu/libboost_filesystem.so;/usr/lib/aarch64-linux-gnu/libboost_date_time.so;/usr/lib/aarch64-linux-gnu/libboost_iostreams.so;/usr/lib/aarch64-linux-gnu/libboost_regex.so;optimized;/usr/lib/aarch64-linux-gnu/libqhull.so;debug;/usr/lib/aarch64-linux-gnu/libqhull.so;/usr/lib/libOpenNI.so;/usr/lib/libOpenNI2.so;vtkChartsCore;vtkCommonColor;vtkCommonCore;vtksys;vtkCommonDataModel;vtkCommonMath;vtkCommonMisc;vtkCommonSystem;vtkCommonTransforms;vtkCommonExecutionModel;vtkFiltersGeneral;vtkCommonComputationalGeometry;vtkFiltersCore;vtkInfovisCore;vtkFiltersExtraction;vtkFiltersStatistics;vtkImagingFourier;vtkImagingCore;vtkalglib;vtkRenderingContext2D;vtkRenderingCore;vtkFiltersGeometry;vtkFiltersSources;vtkRenderingFreeType;/usr/lib/aarch64-linux-gnu/libfreetype.so;/usr/lib/aarch64-linux-gnu/libz.so;vtkFiltersModeling;vtkImagingSources;vtkInteractionStyle;vtkInteractionWidgets;vtkFiltersHybrid;vtkImagingColor;vtkImagingGeneral;vtkImagingHybrid;vtkIOImage;vtkDICOMParser;vtkmetaio;/usr/lib/aarch64-linux-gnu/libjpeg.so;/usr/lib/aarch64-linux-gnu/libpng.so;/usr/lib/aarch64-linux-gnu/libtiff.so;vtkRenderingAnnotation;vtkRenderingVolume;vtkIOXML;vtkIOCore;vtkIOXMLParser;/usr/lib/aarch64-linux-gnu/libexpat.so;vtkIOGeometry;vtkIOLegacy;vtkIOPLY;vtkRenderingLOD;vtkViewsContext2D;vtkViewsCore;vtkRenderingContextOpenGL2;vtkRenderingOpenGL2;FLANN::FLANN  
[25.544s] -- Found ament_cmake_auto: 0.9.12 (/opt/ros/foxy/share/ament_cmake_auto/cmake)
[25.544s] -- Found PythonInterp: /usr/bin/python3 (found suitable version "3.8.10", minimum required is "3") 
[25.544s] -- Using PYTHON_EXECUTABLE: /usr/bin/python3
[25.544s] -- Override CMake install command with custom implementation using symlinks instead of copying resources
[25.544s] -- Using all available rosidl_typesupport_c: rosidl_typesupport_fastrtps_c;rosidl_typesupport_introspection_c
[25.544s] -- Found rosidl_adapter: 1.3.1 (/opt/ros/foxy/share/rosidl_adapter/cmake)
[25.544s] -- Found OpenSSL: /usr/lib/aarch64-linux-gnu/libcrypto.so (found version "1.1.1f")  
[25.545s] -- Found FastRTPS: /opt/ros/foxy/include  
[25.545s] -- Using all available rosidl_typesupport_cpp: rosidl_typesupport_fastrtps_cpp;rosidl_typesupport_introspection_cpp
[25.545s] -- Found rmw_implementation_cmake: 1.0.4 (/opt/ros/foxy/share/rmw_implementation_cmake/cmake)
[25.545s] -- Using RMW implementation 'rmw_cyclonedds_cpp' as default
[25.545s] -- Looking for pthread.h
[25.545s] -- Looking for pthread.h - found
[25.545s] -- Performing Test CMAKE_HAVE_LIBC_PTHREAD
[25.545s] -- Performing Test CMAKE_HAVE_LIBC_PTHREAD - Failed
[25.545s] -- Looking for pthread_create in pthreads
[25.545s] -- Looking for pthread_create in pthreads - not found
[25.545s] -- Looking for pthread_create in pthread
[25.546s] -- Looking for pthread_create in pthread - found
[25.547s] -- Found Threads: TRUE  
[25.547s] -- Configuring done
[25.548s] -- Generating done
[25.548s] -- Build files have been written to: /home/unitree/navigation_ws/build/linefit_ground_segmentation_ros
[25.548s] ** WARNING ** io features related to pcap will be disabled
[25.548s] ** WARNING ** io features related to png will be disabled
[25.548s] ** WARNING ** io features related to libusb-1.0 will be disabled
[25.555s] Invoked command in '/home/unitree/navigation_ws/build/linefit_ground_segmentation_ros' returned '0': AMENT_PREFIX_PATH=/home/unitree/navigation_ws/install/linefit_ground_segmentation:${AMENT_PREFIX_PATH} CMAKE_PREFIX_PATH=/home/unitree/navigation_ws/install/linefit_ground_segmentation:/home/unitree/cyclonedds_ws/install/rmw_cyclonedds_cpp:/home/unitree/cyclonedds_ws/install/cyclonedds:/opt/ros/foxy LD_LIBRARY_PATH=/home/unitree/navigation_ws/install/linefit_ground_segmentation/lib:/usr/local/cuda-11.4/lib64:/usr/local/lib:/home/unitree/cyclonedds_ws/install/rmw_cyclonedds_cpp/lib:/home/unitree/cyclonedds_ws/install/cyclonedds/lib:/opt/ros/foxy/opt/yaml_cpp_vendor/lib:/opt/ros/foxy/opt/rviz_ogre_vendor/lib:/opt/ros/foxy/lib/aarch64-linux-gnu:/opt/ros/foxy/lib:/usr/local/cuda-11.4/lib64 /usr/bin/cmake /home/unitree/navigation_ws/src/reconstruction/linefit_ground_segmentation_ros2/linefit_ground_segmentation_ros -DAMENT_CMAKE_SYMLINK_INSTALL=1 -DCMAKE_INSTALL_PREFIX=/home/unitree/navigation_ws/install/linefit_ground_segmentation_ros
[25.557s] Invoking command in '/home/unitree/navigation_ws/build/linefit_ground_segmentation_ros': AMENT_PREFIX_PATH=/home/unitree/navigation_ws/install/linefit_ground_segmentation:${AMENT_PREFIX_PATH} CMAKE_PREFIX_PATH=/home/unitree/navigation_ws/install/linefit_ground_segmentation:/home/unitree/cyclonedds_ws/install/rmw_cyclonedds_cpp:/home/unitree/cyclonedds_ws/install/cyclonedds:/opt/ros/foxy LD_LIBRARY_PATH=/home/unitree/navigation_ws/install/linefit_ground_segmentation/lib:/usr/local/cuda-11.4/lib64:/usr/local/lib:/home/unitree/cyclonedds_ws/install/rmw_cyclonedds_cpp/lib:/home/unitree/cyclonedds_ws/install/cyclonedds/lib:/opt/ros/foxy/opt/yaml_cpp_vendor/lib:/opt/ros/foxy/opt/rviz_ogre_vendor/lib:/opt/ros/foxy/lib/aarch64-linux-gnu:/opt/ros/foxy/lib:/usr/local/cuda-11.4/lib64 /usr/bin/cmake --build /home/unitree/navigation_ws/build/linefit_ground_segmentation_ros -- -j8 -l8
[25.669s] [35m[1mScanning dependencies of target ground_segmentation_node[0m
[25.905s] [ 50%] [32mBuilding CXX object CMakeFiles/ground_segmentation_node.dir/src/ground_segmentation_node.cc.o[0m
[82.926s] [100%] [32m[1mLinking CXX executable ground_segmentation_node[0m
[85.265s] [100%] Built target ground_segmentation_node
[85.311s] Invoked command in '/home/unitree/navigation_ws/build/linefit_ground_segmentation_ros' returned '0': AMENT_PREFIX_PATH=/home/unitree/navigation_ws/install/linefit_ground_segmentation:${AMENT_PREFIX_PATH} CMAKE_PREFIX_PATH=/home/unitree/navigation_ws/install/linefit_ground_segmentation:/home/unitree/cyclonedds_ws/install/rmw_cyclonedds_cpp:/home/unitree/cyclonedds_ws/install/cyclonedds:/opt/ros/foxy LD_LIBRARY_PATH=/home/unitree/navigation_ws/install/linefit_ground_segmentation/lib:/usr/local/cuda-11.4/lib64:/usr/local/lib:/home/unitree/cyclonedds_ws/install/rmw_cyclonedds_cpp/lib:/home/unitree/cyclonedds_ws/install/cyclonedds/lib:/opt/ros/foxy/opt/yaml_cpp_vendor/lib:/opt/ros/foxy/opt/rviz_ogre_vendor/lib:/opt/ros/foxy/lib/aarch64-linux-gnu:/opt/ros/foxy/lib:/usr/local/cuda-11.4/lib64 /usr/bin/cmake --build /home/unitree/navigation_ws/build/linefit_ground_segmentation_ros -- -j8 -l8
[85.541s] Invoking command in '/home/unitree/navigation_ws/build/linefit_ground_segmentation_ros': AMENT_PREFIX_PATH=/home/unitree/navigation_ws/install/linefit_ground_segmentation:${AMENT_PREFIX_PATH} CMAKE_PREFIX_PATH=/home/unitree/navigation_ws/install/linefit_ground_segmentation:/home/unitree/cyclonedds_ws/install/rmw_cyclonedds_cpp:/home/unitree/cyclonedds_ws/install/cyclonedds:/opt/ros/foxy LD_LIBRARY_PATH=/home/unitree/navigation_ws/install/linefit_ground_segmentation/lib:/usr/local/cuda-11.4/lib64:/usr/local/lib:/home/unitree/cyclonedds_ws/install/rmw_cyclonedds_cpp/lib:/home/unitree/cyclonedds_ws/install/cyclonedds/lib:/opt/ros/foxy/opt/yaml_cpp_vendor/lib:/opt/ros/foxy/opt/rviz_ogre_vendor/lib:/opt/ros/foxy/lib/aarch64-linux-gnu:/opt/ros/foxy/lib:/usr/local/cuda-11.4/lib64 /usr/bin/cmake --install /home/unitree/navigation_ws/build/linefit_ground_segmentation_ros
[85.601s] -- Install configuration: "debug"
[85.601s] -- Execute custom install script
[85.603s] -- Symlinking: /home/unitree/navigation_ws/install/linefit_ground_segmentation_ros/lib/linefit_ground_segmentation_ros/ground_segmentation_node
[85.652s] -- Symlinking: /home/unitree/navigation_ws/install/linefit_ground_segmentation_ros/share/linefit_ground_segmentation_ros/launch/segmentation.launch.py
[85.713s] -- Symlinking: /home/unitree/navigation_ws/install/linefit_ground_segmentation_ros/share/linefit_ground_segmentation_ros/launch/segmentation_params.yaml
[85.767s] -- Symlinking: /home/unitree/navigation_ws/install/linefit_ground_segmentation_ros/share/linefit_ground_segmentation_ros/launch/test.launch.py
[85.816s] -- Symlinking: /home/unitree/navigation_ws/install/linefit_ground_segmentation_ros/share/ament_index/resource_index/package_run_dependencies/linefit_ground_segmentation_ros
[85.860s] -- Symlinking: /home/unitree/navigation_ws/install/linefit_ground_segmentation_ros/share/ament_index/resource_index/parent_prefix_path/linefit_ground_segmentation_ros
[85.920s] -- Symlinking: /home/unitree/navigation_ws/install/linefit_ground_segmentation_ros/share/linefit_ground_segmentation_ros/environment/ament_prefix_path.sh
[85.964s] -- Symlinking: /home/unitree/navigation_ws/install/linefit_ground_segmentation_ros/share/linefit_ground_segmentation_ros/environment/ament_prefix_path.dsv
[85.999s] -- Symlinking: /home/unitree/navigation_ws/install/linefit_ground_segmentation_ros/share/linefit_ground_segmentation_ros/environment/path.sh
[86.055s] -- Symlinking: /home/unitree/navigation_ws/install/linefit_ground_segmentation_ros/share/linefit_ground_segmentation_ros/environment/path.dsv
[86.123s] -- Symlinking: /home/unitree/navigation_ws/install/linefit_ground_segmentation_ros/share/linefit_ground_segmentation_ros/local_setup.bash
[86.175s] -- Symlinking: /home/unitree/navigation_ws/install/linefit_ground_segmentation_ros/share/linefit_ground_segmentation_ros/local_setup.sh
[86.254s] -- Symlinking: /home/unitree/navigation_ws/install/linefit_ground_segmentation_ros/share/linefit_ground_segmentation_ros/local_setup.zsh
[86.311s] -- Symlinking: /home/unitree/navigation_ws/install/linefit_ground_segmentation_ros/share/linefit_ground_segmentation_ros/local_setup.dsv
[86.341s] -- Symlinking: /home/unitree/navigation_ws/install/linefit_ground_segmentation_ros/share/linefit_ground_segmentation_ros/package.dsv
[86.386s] -- Symlinking: /home/unitree/navigation_ws/install/linefit_ground_segmentation_ros/share/ament_index/resource_index/packages/linefit_ground_segmentation_ros
[86.437s] -- Symlinking: /home/unitree/navigation_ws/install/linefit_ground_segmentation_ros/share/linefit_ground_segmentation_ros/cmake/ament_cmake_export_dependencies-extras.cmake
[86.493s] -- Symlinking: /home/unitree/navigation_ws/install/linefit_ground_segmentation_ros/share/linefit_ground_segmentation_ros/cmake/linefit_ground_segmentation_rosConfig.cmake
[86.557s] -- Symlinking: /home/unitree/navigation_ws/install/linefit_ground_segmentation_ros/share/linefit_ground_segmentation_ros/cmake/linefit_ground_segmentation_rosConfig-version.cmake
[86.614s] -- Symlinking: /home/unitree/navigation_ws/install/linefit_ground_segmentation_ros/share/linefit_ground_segmentation_ros/package.xml
[86.690s] Invoked command in '/home/unitree/navigation_ws/build/linefit_ground_segmentation_ros' returned '0': AMENT_PREFIX_PATH=/home/unitree/navigation_ws/install/linefit_ground_segmentation:${AMENT_PREFIX_PATH} CMAKE_PREFIX_PATH=/home/unitree/navigation_ws/install/linefit_ground_segmentation:/home/unitree/cyclonedds_ws/install/rmw_cyclonedds_cpp:/home/unitree/cyclonedds_ws/install/cyclonedds:/opt/ros/foxy LD_LIBRARY_PATH=/home/unitree/navigation_ws/install/linefit_ground_segmentation/lib:/usr/local/cuda-11.4/lib64:/usr/local/lib:/home/unitree/cyclonedds_ws/install/rmw_cyclonedds_cpp/lib:/home/unitree/cyclonedds_ws/install/cyclonedds/lib:/opt/ros/foxy/opt/yaml_cpp_vendor/lib:/opt/ros/foxy/opt/rviz_ogre_vendor/lib:/opt/ros/foxy/lib/aarch64-linux-gnu:/opt/ros/foxy/lib:/usr/local/cuda-11.4/lib64 /usr/bin/cmake --install /home/unitree/navigation_ws/build/linefit_ground_segmentation_ros
