[0.113s] Invoking command in '/home/unitree/navigation_ws/build/pointcloud_to_laserscan': CMAKE_PREFIX_PATH=${CMAKE_PREFIX_PATH}:/opt/ros/foxy /usr/bin/cmake --build /home/unitree/navigation_ws/build/pointcloud_to_laserscan -- -j8 -l8
[0.457s] [ 20%] Built target pointcloud_to_laserscan_node
[0.488s] [ 40%] Built target laserscan_to_pointcloud
[0.505s] [ 60%] Built target dummy_pointcloud_publisher
[0.505s] [ 80%] Built target laserscan_to_pointcloud_node
[0.539s] [100%] Built target pointcloud_to_laserscan
[0.592s] Invoked command in '/home/unitree/navigation_ws/build/pointcloud_to_laserscan' returned '0': CMAKE_PREFIX_PATH=${CMAKE_PREFIX_PATH}:/opt/ros/foxy /usr/bin/cmake --build /home/unitree/navigation_ws/build/pointcloud_to_laserscan -- -j8 -l8
[0.890s] Invoking command in '/home/unitree/navigation_ws/build/pointcloud_to_laserscan': CMAKE_PREFIX_PATH=${CMAKE_PREFIX_PATH}:/opt/ros/foxy /usr/bin/cmake --install /home/unitree/navigation_ws/build/pointcloud_to_laserscan
[0.951s] -- Install configuration: ""
[0.951s] -- Execute custom install script
[0.951s] -- Up-to-date symlink: /home/unitree/navigation_ws/install/pointcloud_to_laserscan/lib/pointcloud_to_laserscan/laserscan_to_pointcloud_node
[0.951s] -- Up-to-date symlink: /home/unitree/navigation_ws/install/pointcloud_to_laserscan/lib/pointcloud_to_laserscan/pointcloud_to_laserscan_node
[0.951s] -- Up-to-date symlink: /home/unitree/navigation_ws/install/pointcloud_to_laserscan/lib/liblaserscan_to_pointcloud.so
[0.952s] -- Up-to-date symlink: /home/unitree/navigation_ws/install/pointcloud_to_laserscan/lib/libpointcloud_to_laserscan.so
[0.952s] -- Up-to-date symlink: /home/unitree/navigation_ws/install/pointcloud_to_laserscan/lib/pointcloud_to_laserscan/dummy_pointcloud_publisher
[0.952s] -- Up-to-date symlink: /home/unitree/navigation_ws/install/pointcloud_to_laserscan/include/include/pointcloud_to_laserscan/laserscan_to_pointcloud_node.hpp
[0.953s] -- Up-to-date symlink: /home/unitree/navigation_ws/install/pointcloud_to_laserscan/include/include/pointcloud_to_laserscan/pointcloud_to_laserscan_node.hpp
[0.953s] -- Up-to-date symlink: /home/unitree/navigation_ws/install/pointcloud_to_laserscan/include/include/pointcloud_to_laserscan/visibility_control.h
[0.953s] -- Up-to-date symlink: /home/unitree/navigation_ws/install/pointcloud_to_laserscan/share/pointcloud_to_laserscan/launch/sample_laserscan_to_pointcloud_launch.py
[0.953s] -- Up-to-date symlink: /home/unitree/navigation_ws/install/pointcloud_to_laserscan/share/pointcloud_to_laserscan/launch/sample_pointcloud_to_laserscan_launch.py
[0.953s] -- Up-to-date symlink: /home/unitree/navigation_ws/install/pointcloud_to_laserscan/share/ament_index/resource_index/package_run_dependencies/pointcloud_to_laserscan
[0.953s] -- Up-to-date symlink: /home/unitree/navigation_ws/install/pointcloud_to_laserscan/share/ament_index/resource_index/parent_prefix_path/pointcloud_to_laserscan
[0.953s] -- Up-to-date symlink: /home/unitree/navigation_ws/install/pointcloud_to_laserscan/share/pointcloud_to_laserscan/environment/ament_prefix_path.sh
[0.956s] -- Up-to-date symlink: /home/unitree/navigation_ws/install/pointcloud_to_laserscan/share/pointcloud_to_laserscan/environment/ament_prefix_path.dsv
[0.956s] -- Up-to-date symlink: /home/unitree/navigation_ws/install/pointcloud_to_laserscan/share/pointcloud_to_laserscan/environment/path.sh
[0.958s] -- Up-to-date symlink: /home/unitree/navigation_ws/install/pointcloud_to_laserscan/share/pointcloud_to_laserscan/environment/path.dsv
[0.959s] -- Up-to-date symlink: /home/unitree/navigation_ws/install/pointcloud_to_laserscan/share/pointcloud_to_laserscan/local_setup.bash
[0.961s] -- Up-to-date symlink: /home/unitree/navigation_ws/install/pointcloud_to_laserscan/share/pointcloud_to_laserscan/local_setup.sh
[0.962s] -- Up-to-date symlink: /home/unitree/navigation_ws/install/pointcloud_to_laserscan/share/pointcloud_to_laserscan/local_setup.zsh
[0.963s] -- Up-to-date symlink: /home/unitree/navigation_ws/install/pointcloud_to_laserscan/share/pointcloud_to_laserscan/local_setup.dsv
[0.966s] -- Symlinking: /home/unitree/navigation_ws/install/pointcloud_to_laserscan/share/pointcloud_to_laserscan/package.dsv
[1.016s] -- Up-to-date symlink: /home/unitree/navigation_ws/install/pointcloud_to_laserscan/share/ament_index/resource_index/packages/pointcloud_to_laserscan
[1.016s] -- Up-to-date symlink: /home/unitree/navigation_ws/install/pointcloud_to_laserscan/share/ament_index/resource_index/rclcpp_components/pointcloud_to_laserscan
[1.016s] -- Up-to-date symlink: /home/unitree/navigation_ws/install/pointcloud_to_laserscan/share/pointcloud_to_laserscan/cmake/pointcloud_to_laserscanConfig.cmake
[1.016s] -- Up-to-date symlink: /home/unitree/navigation_ws/install/pointcloud_to_laserscan/share/pointcloud_to_laserscan/cmake/pointcloud_to_laserscanConfig-version.cmake
[1.016s] -- Up-to-date symlink: /home/unitree/navigation_ws/install/pointcloud_to_laserscan/share/pointcloud_to_laserscan/package.xml
[1.097s] Invoked command in '/home/unitree/navigation_ws/build/pointcloud_to_laserscan' returned '0': CMAKE_PREFIX_PATH=${CMAKE_PREFIX_PATH}:/opt/ros/foxy /usr/bin/cmake --install /home/unitree/navigation_ws/build/pointcloud_to_laserscan
