-- The C compiler identification is GNU 9.4.0
-- The CXX compiler identification is GNU 9.4.0
-- Check for working C compiler: /usr/bin/cc
-- Check for working C compiler: /usr/bin/cc -- works
-- Detecting C compiler ABI info
-- Detecting C compiler ABI info - done
-- Detecting C compile features
-- Detecting C compile features - done
-- Check for working CXX compiler: /usr/bin/c++
-- Check for working CXX compiler: /usr/bin/c++ -- works
-- Detecting CXX compiler ABI info
-- Detecting CXX compiler ABI info - done
-- Detecting CXX compile features
-- Detecting CXX compile features - done
-- Found ament_cmake: 0.9.12 (/opt/ros/foxy/share/ament_cmake/cmake)
-- Found PythonInterp: /usr/bin/python3 (found suitable version "3.8.10", minimum required is "3") 
-- Using PYTHON_EXECUTABLE: /usr/bin/python3
-- Found nav2_common: 0.4.7 (/home/unitree/navigation_ws/install/nav2_common/share/nav2_common/cmake)
-- Found rclcpp: 2.4.3 (/opt/ros/foxy/share/rclcpp/cmake)
-- Using all available rosidl_typesupport_c: rosidl_typesupport_fastrtps_c;rosidl_typesupport_introspection_c
-- Found rosidl_adapter: 1.3.1 (/opt/ros/foxy/share/rosidl_adapter/cmake)
-- Found OpenSSL: /usr/lib/aarch64-linux-gnu/libcrypto.so (found version "1.1.1f")  
-- Found FastRTPS: /opt/ros/foxy/include  
-- Using all available rosidl_typesupport_cpp: rosidl_typesupport_fastrtps_cpp;rosidl_typesupport_introspection_cpp
-- Found rmw_implementation_cmake: 1.0.4 (/opt/ros/foxy/share/rmw_implementation_cmake/cmake)
-- Using RMW implementation 'rmw_cyclonedds_cpp' as default
-- Looking for pthread.h
-- Looking for pthread.h - found
-- Performing Test CMAKE_HAVE_LIBC_PTHREAD
-- Performing Test CMAKE_HAVE_LIBC_PTHREAD - Failed
-- Looking for pthread_create in pthreads
-- Looking for pthread_create in pthreads - not found
-- Looking for pthread_create in pthread
-- Looking for pthread_create in pthread - found
-- Found Threads: TRUE  
-- Found rclcpp_lifecycle: 2.4.3 (/opt/ros/foxy/share/rclcpp_lifecycle/cmake)
-- Found message_filters: 3.2.7 (/opt/ros/foxy/share/message_filters/cmake)
-- Found tf2_geometry_msgs: 0.13.14 (/opt/ros/foxy/share/tf2_geometry_msgs/cmake)
-- Found eigen3_cmake_module: 0.1.1 (/opt/ros/foxy/share/eigen3_cmake_module/cmake)
-- Found Eigen3: TRUE (found version "3.3.7") 
-- Found nav_msgs: 2.0.5 (/opt/ros/foxy/share/nav_msgs/cmake)
-- Found sensor_msgs: 2.0.5 (/opt/ros/foxy/share/sensor_msgs/cmake)
-- Found std_srvs: 2.0.5 (/opt/ros/foxy/share/std_srvs/cmake)
-- Found nav2_util: 0.4.7 (/home/unitree/navigation_ws/install/nav2_util/share/nav2_util/cmake)
-- Looking for drand48
-- Looking for drand48 - found
-- Found ament_lint_auto: 0.9.8 (/opt/ros/foxy/share/ament_lint_auto/cmake)
-- Added test 'cppcheck' to perform static code analysis on C / C++ code
-- Configured cppcheck include dirs: /home/unitree/navigation_ws/src/navigation2/nav2_amcl/include;/home/unitree/navigation_ws/src/navigation2/nav2_amcl/src/include
-- Configured cppcheck exclude dirs and/or files: 
-- Added test 'lint_cmake' to check CMake code style
-- Added test 'uncrustify' to check C / C++ code style
-- Configured uncrustify additional arguments: 
-- Added test 'xmllint' to check XML markup files
-- Configuring done
-- Generating done
-- Build files have been written to: /home/unitree/navigation_ws/build/nav2_amcl
[ 26%] Built target pf_lib
[ 50%] Built target map_lib
[ 53%] [32m[1mLinking CXX shared library libmotions_lib.so[0m
[ 65%] Built target motions_lib
[ 69%] [32m[1mLinking CXX shared library libsensors_lib.so[0m
[ 84%] Built target sensors_lib
[35m[1mScanning dependencies of target amcl_core[0m
[ 88%] [32m[1mLinking CXX shared library libamcl_core.so[0m
[ 92%] Built target amcl_core
[35m[1mScanning dependencies of target amcl[0m
[ 96%] [32m[1mLinking CXX executable amcl[0m
[100%] Built target amcl
-- Install configuration: "Release"
-- Up-to-date: /home/unitree/navigation_ws/install/nav2_amcl/include/
-- Up-to-date: /home/unitree/navigation_ws/install/nav2_amcl/include//nav2_amcl
-- Up-to-date: /home/unitree/navigation_ws/install/nav2_amcl/include//nav2_amcl/motion_model
-- Up-to-date: /home/unitree/navigation_ws/install/nav2_amcl/include//nav2_amcl/pf
-- Up-to-date: /home/unitree/navigation_ws/install/nav2_amcl/include//nav2_amcl/map
-- Up-to-date: /home/unitree/navigation_ws/install/nav2_amcl/include//nav2_amcl/sensors
-- Up-to-date: /home/unitree/navigation_ws/install/nav2_amcl/include//nav2_amcl/sensors/laser
-- Installing: /home/unitree/navigation_ws/install/nav2_amcl/share/nav2_amcl/package.dsv
