Performing C SOURCE FILE Test CMAKE_HAVE_LIBC_PTHREAD failed with the following output:
Change Dir: /home/unitree/navigation_ws/build/nav2_bt_navigator/CMakeFiles/CMakeTmp

Run Build Command(s):/usr/bin/make cmTC_8d445/fast && /usr/bin/make -f CMakeFiles/cmTC_8d445.dir/build.make CMakeFiles/cmTC_8d445.dir/build
make[1]: Entering directory '/home/unitree/navigation_ws/build/nav2_bt_navigator/CMakeFiles/CMakeTmp'
Building C object CMakeFiles/cmTC_8d445.dir/src.c.o
/usr/bin/cc   -DCMAKE_HAVE_LIBC_PTHREAD   -o CMakeFiles/cmTC_8d445.dir/src.c.o   -c /home/unitree/navigation_ws/build/nav2_bt_navigator/CMakeFiles/CMakeTmp/src.c
Linking C executable cmTC_8d445
/usr/bin/cmake -E cmake_link_script CMakeFiles/cmTC_8d445.dir/link.txt --verbose=1
/usr/bin/cc  -DCMAKE_HAVE_LIBC_PTHREAD    CMakeFiles/cmTC_8d445.dir/src.c.o  -o cmTC_8d445 
/usr/bin/ld: CMakeFiles/cmTC_8d445.dir/src.c.o: in function `main':
src.c:(.text+0x48): undefined reference to `pthread_create'
/usr/bin/ld: src.c:(.text+0x50): undefined reference to `pthread_detach'
/usr/bin/ld: src.c:(.text+0x5c): undefined reference to `pthread_join'
collect2: error: ld returned 1 exit status
make[1]: *** [CMakeFiles/cmTC_8d445.dir/build.make:87: cmTC_8d445] Error 1
make[1]: Leaving directory '/home/unitree/navigation_ws/build/nav2_bt_navigator/CMakeFiles/CMakeTmp'
make: *** [Makefile:121: cmTC_8d445/fast] Error 2


Source file was:
#include <pthread.h>

void* test_func(void* data)
{
  return data;
}

int main(void)
{
  pthread_t thread;
  pthread_create(&thread, NULL, test_func, NULL);
  pthread_detach(thread);
  pthread_join(thread, NULL);
  pthread_atfork(NULL, NULL, NULL);
  pthread_exit(NULL);

  return 0;
}

Determining if the function pthread_create exists in the pthreads failed with the following output:
Change Dir: /home/unitree/navigation_ws/build/nav2_bt_navigator/CMakeFiles/CMakeTmp

Run Build Command(s):/usr/bin/make cmTC_d586e/fast && /usr/bin/make -f CMakeFiles/cmTC_d586e.dir/build.make CMakeFiles/cmTC_d586e.dir/build
make[1]: Entering directory '/home/unitree/navigation_ws/build/nav2_bt_navigator/CMakeFiles/CMakeTmp'
Building C object CMakeFiles/cmTC_d586e.dir/CheckFunctionExists.c.o
/usr/bin/cc   -DCHECK_FUNCTION_EXISTS=pthread_create   -o CMakeFiles/cmTC_d586e.dir/CheckFunctionExists.c.o   -c /usr/share/cmake-3.16/Modules/CheckFunctionExists.c
Linking C executable cmTC_d586e
/usr/bin/cmake -E cmake_link_script CMakeFiles/cmTC_d586e.dir/link.txt --verbose=1
/usr/bin/cc  -DCHECK_FUNCTION_EXISTS=pthread_create    CMakeFiles/cmTC_d586e.dir/CheckFunctionExists.c.o  -o cmTC_d586e  -lpthreads 
/usr/bin/ld: cannot find -lpthreads
collect2: error: ld returned 1 exit status
make[1]: *** [CMakeFiles/cmTC_d586e.dir/build.make:87: cmTC_d586e] Error 1
make[1]: Leaving directory '/home/unitree/navigation_ws/build/nav2_bt_navigator/CMakeFiles/CMakeTmp'
make: *** [Makefile:121: cmTC_d586e/fast] Error 2



Performing C SOURCE FILE Test CMAKE_HAVE_LIBC_PTHREAD failed with the following output:
Change Dir: /home/unitree/navigation_ws/build/nav2_bt_navigator/CMakeFiles/CMakeTmp

Run Build Command(s):/usr/bin/make cmTC_bc4c5/fast && /usr/bin/make -f CMakeFiles/cmTC_bc4c5.dir/build.make CMakeFiles/cmTC_bc4c5.dir/build
make[1]: Entering directory '/home/unitree/navigation_ws/build/nav2_bt_navigator/CMakeFiles/CMakeTmp'
Building C object CMakeFiles/cmTC_bc4c5.dir/src.c.o
/usr/bin/cc   -DCMAKE_HAVE_LIBC_PTHREAD   -o CMakeFiles/cmTC_bc4c5.dir/src.c.o   -c /home/unitree/navigation_ws/build/nav2_bt_navigator/CMakeFiles/CMakeTmp/src.c
Linking C executable cmTC_bc4c5
/usr/bin/cmake -E cmake_link_script CMakeFiles/cmTC_bc4c5.dir/link.txt --verbose=1
/usr/bin/cc  -DCMAKE_HAVE_LIBC_PTHREAD    CMakeFiles/cmTC_bc4c5.dir/src.c.o  -o cmTC_bc4c5 
/usr/bin/ld: CMakeFiles/cmTC_bc4c5.dir/src.c.o: in function `main':
src.c:(.text+0x48): undefined reference to `pthread_create'
/usr/bin/ld: src.c:(.text+0x50): undefined reference to `pthread_detach'
/usr/bin/ld: src.c:(.text+0x5c): undefined reference to `pthread_join'
collect2: error: ld returned 1 exit status
make[1]: *** [CMakeFiles/cmTC_bc4c5.dir/build.make:87: cmTC_bc4c5] Error 1
make[1]: Leaving directory '/home/unitree/navigation_ws/build/nav2_bt_navigator/CMakeFiles/CMakeTmp'
make: *** [Makefile:121: cmTC_bc4c5/fast] Error 2


Source file was:
#include <pthread.h>

void* test_func(void* data)
{
  return data;
}

int main(void)
{
  pthread_t thread;
  pthread_create(&thread, NULL, test_func, NULL);
  pthread_detach(thread);
  pthread_join(thread, NULL);
  pthread_atfork(NULL, NULL, NULL);
  pthread_exit(NULL);

  return 0;
}

Determining if the function pthread_create exists in the pthreads failed with the following output:
Change Dir: /home/unitree/navigation_ws/build/nav2_bt_navigator/CMakeFiles/CMakeTmp

Run Build Command(s):/usr/bin/make cmTC_47efa/fast && /usr/bin/make -f CMakeFiles/cmTC_47efa.dir/build.make CMakeFiles/cmTC_47efa.dir/build
make[1]: Entering directory '/home/unitree/navigation_ws/build/nav2_bt_navigator/CMakeFiles/CMakeTmp'
Building C object CMakeFiles/cmTC_47efa.dir/CheckFunctionExists.c.o
/usr/bin/cc   -DCHECK_FUNCTION_EXISTS=pthread_create   -o CMakeFiles/cmTC_47efa.dir/CheckFunctionExists.c.o   -c /usr/share/cmake-3.16/Modules/CheckFunctionExists.c
Linking C executable cmTC_47efa
/usr/bin/cmake -E cmake_link_script CMakeFiles/cmTC_47efa.dir/link.txt --verbose=1
/usr/bin/cc  -DCHECK_FUNCTION_EXISTS=pthread_create    CMakeFiles/cmTC_47efa.dir/CheckFunctionExists.c.o  -o cmTC_47efa  -lpthreads 
/usr/bin/ld: cannot find -lpthreads
collect2: error: ld returned 1 exit status
make[1]: *** [CMakeFiles/cmTC_47efa.dir/build.make:87: cmTC_47efa] Error 1
make[1]: Leaving directory '/home/unitree/navigation_ws/build/nav2_bt_navigator/CMakeFiles/CMakeTmp'
make: *** [Makefile:121: cmTC_47efa/fast] Error 2



