[0.079s] Invoking command in '/home/unitree/navigation_ws/build/nav2_recoveries': AMENT_PREFIX_PATH=/home/unitree/navigation_ws/install/nav2_core:/home/unitree/navigation_ws/install/nav2_costmap_2d:/home/unitree/navigation_ws/install/nav2_map_server:/home/unitree/navigation_ws/install/nav2_lifecycle_manager:/home/unitree/navigation_ws/install/nav2_behavior_tree:/home/unitree/navigation_ws/install/nav2_util:/home/unitree/navigation_ws/install/nav2_voxel_grid:/home/unitree/navigation_ws/install/nav2_msgs:/home/unitree/navigation_ws/install/nav2_common:${AMENT_PREFIX_PATH} CMAKE_PREFIX_PATH=/home/unitree/navigation_ws/install/nav2_core:/home/unitree/navigation_ws/install/nav2_costmap_2d:/home/unitree/navigation_ws/install/nav2_map_server:/home/unitree/navigation_ws/install/nav2_lifecycle_manager:/home/unitree/navigation_ws/install/nav2_behavior_tree:/home/unitree/navigation_ws/install/nav2_util:/home/unitree/navigation_ws/install/nav2_voxel_grid:/home/unitree/navigation_ws/install/nav2_msgs:/home/unitree/navigation_ws/install/nav2_common:/home/unitree/cyclonedds_ws/install/rmw_cyclonedds_cpp:/home/unitree/cyclonedds_ws/install/cyclonedds:/opt/ros/foxy LD_LIBRARY_PATH=/home/unitree/navigation_ws/install/nav2_costmap_2d/lib:/home/unitree/navigation_ws/install/nav2_map_server/lib:/home/unitree/navigation_ws/install/nav2_lifecycle_manager/lib:/home/unitree/navigation_ws/install/nav2_behavior_tree/lib:/home/unitree/navigation_ws/install/nav2_util/lib:/home/unitree/navigation_ws/install/nav2_voxel_grid/lib:/home/unitree/navigation_ws/install/nav2_msgs/lib:/usr/local/cuda-11.4/lib64:/usr/local/lib:/home/unitree/cyclonedds_ws/install/rmw_cyclonedds_cpp/lib:/home/unitree/cyclonedds_ws/install/cyclonedds/lib:/opt/ros/foxy/opt/yaml_cpp_vendor/lib:/opt/ros/foxy/opt/rviz_ogre_vendor/lib:/opt/ros/foxy/lib/aarch64-linux-gnu:/opt/ros/foxy/lib:/usr/local/cuda-11.4/lib64 PYTHONPATH=/home/unitree/navigation_ws/install/nav2_msgs/lib/python3.8/site-packages:/home/unitree/navigation_ws/install/nav2_common/lib/python3.8/site-packages:${PYTHONPATH} /usr/bin/cmake /home/unitree/navigation_ws/src/navigation2/nav2_recoveries -DAMENT_CMAKE_SYMLINK_INSTALL=1 -DCMAKE_INSTALL_PREFIX=/home/unitree/navigation_ws/install/nav2_recoveries
[0.853s] -- The C compiler identification is GNU 9.4.0
[0.853s] -- The CXX compiler identification is GNU 9.4.0
[0.853s] -- Check for working C compiler: /usr/bin/cc
[0.853s] -- Check for working C compiler: /usr/bin/cc -- works
[0.853s] -- Detecting C compiler ABI info
[0.853s] -- Detecting C compiler ABI info - done
[0.854s] -- Detecting C compile features
[0.854s] -- Detecting C compile features - done
[0.854s] -- Check for working CXX compiler: /usr/bin/c++
[0.911s] -- Check for working CXX compiler: /usr/bin/c++ -- works
[0.920s] -- Detecting CXX compiler ABI info
[1.194s] -- Detecting CXX compiler ABI info - done
[1.211s] -- Detecting CXX compile features
[1.212s] -- Detecting CXX compile features - done
[1.228s] -- Found ament_cmake: 0.9.12 (/opt/ros/foxy/share/ament_cmake/cmake)
[1.291s] -- Found PythonInterp: /usr/bin/python3 (found suitable version "3.8.10", minimum required is "3") 
[1.292s] -- Using PYTHON_EXECUTABLE: /usr/bin/python3
[1.864s] -- Override CMake install command with custom implementation using symlinks instead of copying resources
[1.996s] -- Found nav2_common: 0.4.7 (/home/unitree/navigation_ws/install/nav2_common/share/nav2_common/cmake)
[2.000s] -- Found rclcpp: 2.4.3 (/opt/ros/foxy/share/rclcpp/cmake)
[2.142s] -- Using all available rosidl_typesupport_c: rosidl_typesupport_fastrtps_c;rosidl_typesupport_introspection_c
[2.158s] -- Found rosidl_adapter: 1.3.1 (/opt/ros/foxy/share/rosidl_adapter/cmake)
[2.564s] -- Found OpenSSL: /usr/lib/aarch64-linux-gnu/libcrypto.so (found version "1.1.1f")  
[2.626s] -- Found FastRTPS: /opt/ros/foxy/include  
[2.808s] -- Using all available rosidl_typesupport_cpp: rosidl_typesupport_fastrtps_cpp;rosidl_typesupport_introspection_cpp
[2.915s] -- Found rmw_implementation_cmake: 1.0.4 (/opt/ros/foxy/share/rmw_implementation_cmake/cmake)
[2.919s] -- Using RMW implementation 'rmw_cyclonedds_cpp' as default
[2.923s] -- Looking for pthread.h
[3.221s] -- Looking for pthread.h - found
[3.222s] -- Performing Test CMAKE_HAVE_LIBC_PTHREAD
[3.395s] -- Performing Test CMAKE_HAVE_LIBC_PTHREAD - Failed
[3.395s] -- Looking for pthread_create in pthreads
[3.547s] -- Looking for pthread_create in pthreads - not found
[3.550s] -- Looking for pthread_create in pthread
[3.749s] -- Looking for pthread_create in pthread - found
[3.752s] -- Found Threads: TRUE  
[4.007s] -- Found rclcpp_action: 2.4.3 (/opt/ros/foxy/share/rclcpp_action/cmake)
[4.134s] -- Found rclcpp_lifecycle: 2.4.3 (/opt/ros/foxy/share/rclcpp_lifecycle/cmake)
[4.186s] -- Found nav2_behavior_tree: 0.4.7 (/home/unitree/navigation_ws/install/nav2_behavior_tree/share/nav2_behavior_tree/cmake)
[5.381s] -- Found eigen3_cmake_module: 0.1.1 (/opt/ros/foxy/share/eigen3_cmake_module/cmake)
[5.389s] -- Found Eigen3: TRUE (found version "3.3.7") 
[5.931s] -- Found nav2_costmap_2d: 0.4.7 (/home/unitree/navigation_ws/install/nav2_costmap_2d/share/nav2_costmap_2d/cmake)
[7.144s] -- Found nav2_core: 0.4.7 (/home/unitree/navigation_ws/install/nav2_core/share/nav2_core/cmake)
[8.017s] -- Setting build type to Release as none was specified.
[38.771s] -- Found ament_lint_auto: 0.9.8 (/opt/ros/foxy/share/ament_lint_auto/cmake)
[38.972s] -- Found gtest sources under '/opt/ros/foxy/src/gtest_vendor': C++ tests using 'Google Test' will be built
[38.978s] -- Check if compiler accepts -pthread
[39.474s] -- Check if compiler accepts -pthread - yes
[44.294s] -- Added test 'copyright' to check source files copyright and LICENSE
[44.298s] -- Added test 'cppcheck' to perform static code analysis on C / C++ code
[44.299s] -- Configured cppcheck include dirs: /home/unitree/navigation_ws/src/navigation2/nav2_recoveries/include
[44.299s] -- Configured cppcheck exclude dirs and/or files: 
[44.303s] -- Added test 'cpplint' to check C / C++ code against the Google style
[44.303s] -- Configured cpplint exclude dirs and/or files: 
[44.305s] -- Added test 'lint_cmake' to check CMake code style
[44.308s] -- Added test 'uncrustify' to check C / C++ code style
[44.309s] -- Configured uncrustify additional arguments: 
[44.310s] -- Added test 'xmllint' to check XML markup files
[44.331s] -- Configuring done
[44.926s] -- Generating done
[44.934s] -- Build files have been written to: /home/unitree/navigation_ws/build/nav2_recoveries
[44.987s] Invoked command in '/home/unitree/navigation_ws/build/nav2_recoveries' returned '0': AMENT_PREFIX_PATH=/home/unitree/navigation_ws/install/nav2_core:/home/unitree/navigation_ws/install/nav2_costmap_2d:/home/unitree/navigation_ws/install/nav2_map_server:/home/unitree/navigation_ws/install/nav2_lifecycle_manager:/home/unitree/navigation_ws/install/nav2_behavior_tree:/home/unitree/navigation_ws/install/nav2_util:/home/unitree/navigation_ws/install/nav2_voxel_grid:/home/unitree/navigation_ws/install/nav2_msgs:/home/unitree/navigation_ws/install/nav2_common:${AMENT_PREFIX_PATH} CMAKE_PREFIX_PATH=/home/unitree/navigation_ws/install/nav2_core:/home/unitree/navigation_ws/install/nav2_costmap_2d:/home/unitree/navigation_ws/install/nav2_map_server:/home/unitree/navigation_ws/install/nav2_lifecycle_manager:/home/unitree/navigation_ws/install/nav2_behavior_tree:/home/unitree/navigation_ws/install/nav2_util:/home/unitree/navigation_ws/install/nav2_voxel_grid:/home/unitree/navigation_ws/install/nav2_msgs:/home/unitree/navigation_ws/install/nav2_common:/home/unitree/cyclonedds_ws/install/rmw_cyclonedds_cpp:/home/unitree/cyclonedds_ws/install/cyclonedds:/opt/ros/foxy LD_LIBRARY_PATH=/home/unitree/navigation_ws/install/nav2_costmap_2d/lib:/home/unitree/navigation_ws/install/nav2_map_server/lib:/home/unitree/navigation_ws/install/nav2_lifecycle_manager/lib:/home/unitree/navigation_ws/install/nav2_behavior_tree/lib:/home/unitree/navigation_ws/install/nav2_util/lib:/home/unitree/navigation_ws/install/nav2_voxel_grid/lib:/home/unitree/navigation_ws/install/nav2_msgs/lib:/usr/local/cuda-11.4/lib64:/usr/local/lib:/home/unitree/cyclonedds_ws/install/rmw_cyclonedds_cpp/lib:/home/unitree/cyclonedds_ws/install/cyclonedds/lib:/opt/ros/foxy/opt/yaml_cpp_vendor/lib:/opt/ros/foxy/opt/rviz_ogre_vendor/lib:/opt/ros/foxy/lib/aarch64-linux-gnu:/opt/ros/foxy/lib:/usr/local/cuda-11.4/lib64 PYTHONPATH=/home/unitree/navigation_ws/install/nav2_msgs/lib/python3.8/site-packages:/home/unitree/navigation_ws/install/nav2_common/lib/python3.8/site-packages:${PYTHONPATH} /usr/bin/cmake /home/unitree/navigation_ws/src/navigation2/nav2_recoveries -DAMENT_CMAKE_SYMLINK_INSTALL=1 -DCMAKE_INSTALL_PREFIX=/home/unitree/navigation_ws/install/nav2_recoveries
[45.001s] Invoking command in '/home/unitree/navigation_ws/build/nav2_recoveries': AMENT_PREFIX_PATH=/home/unitree/navigation_ws/install/nav2_core:/home/unitree/navigation_ws/install/nav2_costmap_2d:/home/unitree/navigation_ws/install/nav2_map_server:/home/unitree/navigation_ws/install/nav2_lifecycle_manager:/home/unitree/navigation_ws/install/nav2_behavior_tree:/home/unitree/navigation_ws/install/nav2_util:/home/unitree/navigation_ws/install/nav2_voxel_grid:/home/unitree/navigation_ws/install/nav2_msgs:/home/unitree/navigation_ws/install/nav2_common:${AMENT_PREFIX_PATH} CMAKE_PREFIX_PATH=/home/unitree/navigation_ws/install/nav2_core:/home/unitree/navigation_ws/install/nav2_costmap_2d:/home/unitree/navigation_ws/install/nav2_map_server:/home/unitree/navigation_ws/install/nav2_lifecycle_manager:/home/unitree/navigation_ws/install/nav2_behavior_tree:/home/unitree/navigation_ws/install/nav2_util:/home/unitree/navigation_ws/install/nav2_voxel_grid:/home/unitree/navigation_ws/install/nav2_msgs:/home/unitree/navigation_ws/install/nav2_common:/home/unitree/cyclonedds_ws/install/rmw_cyclonedds_cpp:/home/unitree/cyclonedds_ws/install/cyclonedds:/opt/ros/foxy LD_LIBRARY_PATH=/home/unitree/navigation_ws/install/nav2_costmap_2d/lib:/home/unitree/navigation_ws/install/nav2_map_server/lib:/home/unitree/navigation_ws/install/nav2_lifecycle_manager/lib:/home/unitree/navigation_ws/install/nav2_behavior_tree/lib:/home/unitree/navigation_ws/install/nav2_util/lib:/home/unitree/navigation_ws/install/nav2_voxel_grid/lib:/home/unitree/navigation_ws/install/nav2_msgs/lib:/usr/local/cuda-11.4/lib64:/usr/local/lib:/home/unitree/cyclonedds_ws/install/rmw_cyclonedds_cpp/lib:/home/unitree/cyclonedds_ws/install/cyclonedds/lib:/opt/ros/foxy/opt/yaml_cpp_vendor/lib:/opt/ros/foxy/opt/rviz_ogre_vendor/lib:/opt/ros/foxy/lib/aarch64-linux-gnu:/opt/ros/foxy/lib:/usr/local/cuda-11.4/lib64 PYTHONPATH=/home/unitree/navigation_ws/install/nav2_msgs/lib/python3.8/site-packages:/home/unitree/navigation_ws/install/nav2_common/lib/python3.8/site-packages:${PYTHONPATH} /usr/bin/cmake --build /home/unitree/navigation_ws/build/nav2_recoveries -- -j8 -l8
[45.651s] [35m[1mScanning dependencies of target recoveries_server_core[0m
[45.651s] [  6%] [32mBuilding CXX object CMakeFiles/recoveries_server_core.dir/src/recovery_server.cpp.o[0m
[64.440s] [ 12%] [32m[1mLinking CXX static library librecoveries_server_core.a[0m
[64.534s] [ 12%] Built target recoveries_server_core
[64.557s] [35m[1mScanning dependencies of target gtest_main[0m
[64.587s] [ 18%] [32mBuilding CXX object gtest/CMakeFiles/gtest_main.dir/src/gtest_main.cc.o[0m
[66.084s] [ 25%] [32m[1mLinking CXX static library libgtest_main.a[0m
[66.159s] [ 25%] Built target gtest_main
[66.185s] [35m[1mScanning dependencies of target recoveries_server[0m
[66.286s] [ 31%] [32mBuilding CXX object CMakeFiles/recoveries_server.dir/src/main.cpp.o[0m
[73.281s] [ 37%] [32m[1mLinking CXX executable recoveries_server[0m
[73.957s] [ 37%] Built target recoveries_server
[73.984s] [35m[1mScanning dependencies of target gtest[0m
[74.026s] [ 43%] [32mBuilding CXX object gtest/CMakeFiles/gtest.dir/src/gtest-all.cc.o[0m
[88.548s] [ 50%] [32m[1mLinking CXX static library libgtest.a[0m
[88.646s] [ 50%] Built target gtest
[88.671s] [35m[1mScanning dependencies of target nav2_spin_recovery[0m
[88.808s] [ 56%] [32mBuilding CXX object CMakeFiles/nav2_spin_recovery.dir/plugins/spin.cpp.o[0m
[104.631s] [ 62%] [32m[1mLinking CXX shared library libnav2_spin_recovery.so[0m
[105.097s] [ 62%] Built target nav2_spin_recovery
[105.124s] [35m[1mScanning dependencies of target test_recoveries[0m
[105.124s] [35m[1mScanning dependencies of target nav2_wait_recovery[0m
[105.257s] [ 68%] [32mBuilding CXX object test/CMakeFiles/test_recoveries.dir/test_recoveries.cpp.o[0m
[105.272s] [ 75%] [32mBuilding CXX object CMakeFiles/nav2_wait_recovery.dir/plugins/wait.cpp.o[0m
[122.844s] [ 81%] [32m[1mLinking CXX shared library libnav2_wait_recovery.so[0m
[123.325s] [ 81%] Built target nav2_wait_recovery
[123.351s] [35m[1mScanning dependencies of target nav2_backup_recovery[0m
[123.506s] [ 87%] [32mBuilding CXX object CMakeFiles/nav2_backup_recovery.dir/plugins/back_up.cpp.o[0m
[126.898s] [ 93%] [32m[1mLinking CXX executable test_recoveries[0m
[127.527s] [ 93%] Built target test_recoveries
[139.819s] [100%] [32m[1mLinking CXX shared library libnav2_backup_recovery.so[0m
[140.276s] [100%] Built target nav2_backup_recovery
[140.304s] Invoked command in '/home/unitree/navigation_ws/build/nav2_recoveries' returned '0': AMENT_PREFIX_PATH=/home/unitree/navigation_ws/install/nav2_core:/home/unitree/navigation_ws/install/nav2_costmap_2d:/home/unitree/navigation_ws/install/nav2_map_server:/home/unitree/navigation_ws/install/nav2_lifecycle_manager:/home/unitree/navigation_ws/install/nav2_behavior_tree:/home/unitree/navigation_ws/install/nav2_util:/home/unitree/navigation_ws/install/nav2_voxel_grid:/home/unitree/navigation_ws/install/nav2_msgs:/home/unitree/navigation_ws/install/nav2_common:${AMENT_PREFIX_PATH} CMAKE_PREFIX_PATH=/home/unitree/navigation_ws/install/nav2_core:/home/unitree/navigation_ws/install/nav2_costmap_2d:/home/unitree/navigation_ws/install/nav2_map_server:/home/unitree/navigation_ws/install/nav2_lifecycle_manager:/home/unitree/navigation_ws/install/nav2_behavior_tree:/home/unitree/navigation_ws/install/nav2_util:/home/unitree/navigation_ws/install/nav2_voxel_grid:/home/unitree/navigation_ws/install/nav2_msgs:/home/unitree/navigation_ws/install/nav2_common:/home/unitree/cyclonedds_ws/install/rmw_cyclonedds_cpp:/home/unitree/cyclonedds_ws/install/cyclonedds:/opt/ros/foxy LD_LIBRARY_PATH=/home/unitree/navigation_ws/install/nav2_costmap_2d/lib:/home/unitree/navigation_ws/install/nav2_map_server/lib:/home/unitree/navigation_ws/install/nav2_lifecycle_manager/lib:/home/unitree/navigation_ws/install/nav2_behavior_tree/lib:/home/unitree/navigation_ws/install/nav2_util/lib:/home/unitree/navigation_ws/install/nav2_voxel_grid/lib:/home/unitree/navigation_ws/install/nav2_msgs/lib:/usr/local/cuda-11.4/lib64:/usr/local/lib:/home/unitree/cyclonedds_ws/install/rmw_cyclonedds_cpp/lib:/home/unitree/cyclonedds_ws/install/cyclonedds/lib:/opt/ros/foxy/opt/yaml_cpp_vendor/lib:/opt/ros/foxy/opt/rviz_ogre_vendor/lib:/opt/ros/foxy/lib/aarch64-linux-gnu:/opt/ros/foxy/lib:/usr/local/cuda-11.4/lib64 PYTHONPATH=/home/unitree/navigation_ws/install/nav2_msgs/lib/python3.8/site-packages:/home/unitree/navigation_ws/install/nav2_common/lib/python3.8/site-packages:${PYTHONPATH} /usr/bin/cmake --build /home/unitree/navigation_ws/build/nav2_recoveries -- -j8 -l8
[140.383s] Invoking command in '/home/unitree/navigation_ws/build/nav2_recoveries': AMENT_PREFIX_PATH=/home/unitree/navigation_ws/install/nav2_core:/home/unitree/navigation_ws/install/nav2_costmap_2d:/home/unitree/navigation_ws/install/nav2_map_server:/home/unitree/navigation_ws/install/nav2_lifecycle_manager:/home/unitree/navigation_ws/install/nav2_behavior_tree:/home/unitree/navigation_ws/install/nav2_util:/home/unitree/navigation_ws/install/nav2_voxel_grid:/home/unitree/navigation_ws/install/nav2_msgs:/home/unitree/navigation_ws/install/nav2_common:${AMENT_PREFIX_PATH} CMAKE_PREFIX_PATH=/home/unitree/navigation_ws/install/nav2_core:/home/unitree/navigation_ws/install/nav2_costmap_2d:/home/unitree/navigation_ws/install/nav2_map_server:/home/unitree/navigation_ws/install/nav2_lifecycle_manager:/home/unitree/navigation_ws/install/nav2_behavior_tree:/home/unitree/navigation_ws/install/nav2_util:/home/unitree/navigation_ws/install/nav2_voxel_grid:/home/unitree/navigation_ws/install/nav2_msgs:/home/unitree/navigation_ws/install/nav2_common:/home/unitree/cyclonedds_ws/install/rmw_cyclonedds_cpp:/home/unitree/cyclonedds_ws/install/cyclonedds:/opt/ros/foxy LD_LIBRARY_PATH=/home/unitree/navigation_ws/install/nav2_costmap_2d/lib:/home/unitree/navigation_ws/install/nav2_map_server/lib:/home/unitree/navigation_ws/install/nav2_lifecycle_manager/lib:/home/unitree/navigation_ws/install/nav2_behavior_tree/lib:/home/unitree/navigation_ws/install/nav2_util/lib:/home/unitree/navigation_ws/install/nav2_voxel_grid/lib:/home/unitree/navigation_ws/install/nav2_msgs/lib:/usr/local/cuda-11.4/lib64:/usr/local/lib:/home/unitree/cyclonedds_ws/install/rmw_cyclonedds_cpp/lib:/home/unitree/cyclonedds_ws/install/cyclonedds/lib:/opt/ros/foxy/opt/yaml_cpp_vendor/lib:/opt/ros/foxy/opt/rviz_ogre_vendor/lib:/opt/ros/foxy/lib/aarch64-linux-gnu:/opt/ros/foxy/lib:/usr/local/cuda-11.4/lib64 PYTHONPATH=/home/unitree/navigation_ws/install/nav2_msgs/lib/python3.8/site-packages:/home/unitree/navigation_ws/install/nav2_common/lib/python3.8/site-packages:${PYTHONPATH} /usr/bin/cmake --install /home/unitree/navigation_ws/build/nav2_recoveries
[140.404s] -- Install configuration: "Release"
[140.404s] -- Execute custom install script
[140.405s] -- Symlinking: /home/unitree/navigation_ws/install/nav2_recoveries/share/nav2_recoveries//recovery_plugin.xml
[140.429s] -- Symlinking: /home/unitree/navigation_ws/install/nav2_recoveries/lib/librecoveries_server_core.a
[140.455s] -- Symlinking: /home/unitree/navigation_ws/install/nav2_recoveries/lib/libnav2_backup_recovery.so
[140.486s] -- Symlinking: /home/unitree/navigation_ws/install/nav2_recoveries/lib/libnav2_spin_recovery.so
[140.509s] -- Symlinking: /home/unitree/navigation_ws/install/nav2_recoveries/lib/libnav2_wait_recovery.so
[140.533s] -- Symlinking: /home/unitree/navigation_ws/install/nav2_recoveries/lib/nav2_recoveries/recoveries_server
[140.559s] -- Symlinking: /home/unitree/navigation_ws/install/nav2_recoveries/include//nav2_recoveries/recovery.hpp
[140.583s] -- Symlinking: /home/unitree/navigation_ws/install/nav2_recoveries/include//nav2_recoveries/recovery_server.hpp
[140.612s] -- Up-to-date symlink: /home/unitree/navigation_ws/install/nav2_recoveries/share/nav2_recoveries/recovery_plugin.xml
[140.613s] -- Symlinking: /home/unitree/navigation_ws/install/nav2_recoveries/share/nav2_recoveries/environment/library_path.sh
[140.641s] -- Symlinking: /home/unitree/navigation_ws/install/nav2_recoveries/share/nav2_recoveries/environment/library_path.dsv
[140.671s] -- Symlinking: /home/unitree/navigation_ws/install/nav2_recoveries/share/ament_index/resource_index/package_run_dependencies/nav2_recoveries
[140.701s] -- Symlinking: /home/unitree/navigation_ws/install/nav2_recoveries/share/ament_index/resource_index/parent_prefix_path/nav2_recoveries
[140.730s] -- Symlinking: /home/unitree/navigation_ws/install/nav2_recoveries/share/nav2_recoveries/environment/ament_prefix_path.sh
[140.752s] -- Symlinking: /home/unitree/navigation_ws/install/nav2_recoveries/share/nav2_recoveries/environment/ament_prefix_path.dsv
[140.781s] -- Symlinking: /home/unitree/navigation_ws/install/nav2_recoveries/share/nav2_recoveries/environment/path.sh
[140.803s] -- Symlinking: /home/unitree/navigation_ws/install/nav2_recoveries/share/nav2_recoveries/environment/path.dsv
[140.832s] -- Symlinking: /home/unitree/navigation_ws/install/nav2_recoveries/share/nav2_recoveries/local_setup.bash
[140.859s] -- Symlinking: /home/unitree/navigation_ws/install/nav2_recoveries/share/nav2_recoveries/local_setup.sh
[140.890s] -- Symlinking: /home/unitree/navigation_ws/install/nav2_recoveries/share/nav2_recoveries/local_setup.zsh
[140.917s] -- Symlinking: /home/unitree/navigation_ws/install/nav2_recoveries/share/nav2_recoveries/local_setup.dsv
[140.944s] -- Symlinking: /home/unitree/navigation_ws/install/nav2_recoveries/share/nav2_recoveries/package.dsv
[140.966s] -- Symlinking: /home/unitree/navigation_ws/install/nav2_recoveries/share/ament_index/resource_index/packages/nav2_recoveries
[140.994s] -- Symlinking: /home/unitree/navigation_ws/install/nav2_recoveries/share/ament_index/resource_index/nav2_core__pluginlib__plugin/nav2_recoveries
[141.023s] -- Symlinking: /home/unitree/navigation_ws/install/nav2_recoveries/share/nav2_recoveries/cmake/ament_cmake_export_include_directories-extras.cmake
[141.055s] -- Symlinking: /home/unitree/navigation_ws/install/nav2_recoveries/share/nav2_recoveries/cmake/ament_cmake_export_libraries-extras.cmake
[141.076s] -- Symlinking: /home/unitree/navigation_ws/install/nav2_recoveries/share/nav2_recoveries/cmake/ament_cmake_export_definitions-extras.cmake
[141.099s] -- Symlinking: /home/unitree/navigation_ws/install/nav2_recoveries/share/nav2_recoveries/cmake/nav2_recoveriesConfig.cmake
[141.127s] -- Symlinking: /home/unitree/navigation_ws/install/nav2_recoveries/share/nav2_recoveries/cmake/nav2_recoveriesConfig-version.cmake
[141.158s] -- Symlinking: /home/unitree/navigation_ws/install/nav2_recoveries/share/nav2_recoveries/package.xml
[141.199s] Invoked command in '/home/unitree/navigation_ws/build/nav2_recoveries' returned '0': AMENT_PREFIX_PATH=/home/unitree/navigation_ws/install/nav2_core:/home/unitree/navigation_ws/install/nav2_costmap_2d:/home/unitree/navigation_ws/install/nav2_map_server:/home/unitree/navigation_ws/install/nav2_lifecycle_manager:/home/unitree/navigation_ws/install/nav2_behavior_tree:/home/unitree/navigation_ws/install/nav2_util:/home/unitree/navigation_ws/install/nav2_voxel_grid:/home/unitree/navigation_ws/install/nav2_msgs:/home/unitree/navigation_ws/install/nav2_common:${AMENT_PREFIX_PATH} CMAKE_PREFIX_PATH=/home/unitree/navigation_ws/install/nav2_core:/home/unitree/navigation_ws/install/nav2_costmap_2d:/home/unitree/navigation_ws/install/nav2_map_server:/home/unitree/navigation_ws/install/nav2_lifecycle_manager:/home/unitree/navigation_ws/install/nav2_behavior_tree:/home/unitree/navigation_ws/install/nav2_util:/home/unitree/navigation_ws/install/nav2_voxel_grid:/home/unitree/navigation_ws/install/nav2_msgs:/home/unitree/navigation_ws/install/nav2_common:/home/unitree/cyclonedds_ws/install/rmw_cyclonedds_cpp:/home/unitree/cyclonedds_ws/install/cyclonedds:/opt/ros/foxy LD_LIBRARY_PATH=/home/unitree/navigation_ws/install/nav2_costmap_2d/lib:/home/unitree/navigation_ws/install/nav2_map_server/lib:/home/unitree/navigation_ws/install/nav2_lifecycle_manager/lib:/home/unitree/navigation_ws/install/nav2_behavior_tree/lib:/home/unitree/navigation_ws/install/nav2_util/lib:/home/unitree/navigation_ws/install/nav2_voxel_grid/lib:/home/unitree/navigation_ws/install/nav2_msgs/lib:/usr/local/cuda-11.4/lib64:/usr/local/lib:/home/unitree/cyclonedds_ws/install/rmw_cyclonedds_cpp/lib:/home/unitree/cyclonedds_ws/install/cyclonedds/lib:/opt/ros/foxy/opt/yaml_cpp_vendor/lib:/opt/ros/foxy/opt/rviz_ogre_vendor/lib:/opt/ros/foxy/lib/aarch64-linux-gnu:/opt/ros/foxy/lib:/usr/local/cuda-11.4/lib64 PYTHONPATH=/home/unitree/navigation_ws/install/nav2_msgs/lib/python3.8/site-packages:/home/unitree/navigation_ws/install/nav2_common/lib/python3.8/site-packages:${PYTHONPATH} /usr/bin/cmake --install /home/unitree/navigation_ws/build/nav2_recoveries
