Performing C SOURCE FILE Test CMAKE_HAVE_LIBC_PTHREAD failed with the following output:
Change Dir: /home/unitree/navigation_ws/build/rm_autonomy/CMakeFiles/CMakeTmp

Run Build Command(s):/usr/bin/make cmTC_3f0c0/fast && /usr/bin/make -f CMakeFiles/cmTC_3f0c0.dir/build.make CMakeFiles/cmTC_3f0c0.dir/build
make[1]: Entering directory '/home/unitree/navigation_ws/build/rm_autonomy/CMakeFiles/CMakeTmp'
Building C object CMakeFiles/cmTC_3f0c0.dir/src.c.o
/usr/bin/cc   -DCMAKE_HAVE_LIBC_PTHREAD   -o CMakeFiles/cmTC_3f0c0.dir/src.c.o   -c /home/unitree/navigation_ws/build/rm_autonomy/CMakeFiles/CMakeTmp/src.c
Linking C executable cmTC_3f0c0
/usr/bin/cmake -E cmake_link_script CMakeFiles/cmTC_3f0c0.dir/link.txt --verbose=1
/usr/bin/cc  -DCMAKE_HAVE_LIBC_PTHREAD    CMakeFiles/cmTC_3f0c0.dir/src.c.o  -o cmTC_3f0c0 
/usr/bin/ld: CMakeFiles/cmTC_3f0c0.dir/src.c.o: in function `main':
src.c:(.text+0x48): undefined reference to `pthread_create'
/usr/bin/ld: src.c:(.text+0x50): undefined reference to `pthread_detach'
/usr/bin/ld: src.c:(.text+0x5c): undefined reference to `pthread_join'
collect2: error: ld returned 1 exit status
make[1]: *** [CMakeFiles/cmTC_3f0c0.dir/build.make:87: cmTC_3f0c0] Error 1
make[1]: Leaving directory '/home/unitree/navigation_ws/build/rm_autonomy/CMakeFiles/CMakeTmp'
make: *** [Makefile:121: cmTC_3f0c0/fast] Error 2


Source file was:
#include <pthread.h>

void* test_func(void* data)
{
  return data;
}

int main(void)
{
  pthread_t thread;
  pthread_create(&thread, NULL, test_func, NULL);
  pthread_detach(thread);
  pthread_join(thread, NULL);
  pthread_atfork(NULL, NULL, NULL);
  pthread_exit(NULL);

  return 0;
}

Determining if the function pthread_create exists in the pthreads failed with the following output:
Change Dir: /home/unitree/navigation_ws/build/rm_autonomy/CMakeFiles/CMakeTmp

Run Build Command(s):/usr/bin/make cmTC_c0665/fast && /usr/bin/make -f CMakeFiles/cmTC_c0665.dir/build.make CMakeFiles/cmTC_c0665.dir/build
make[1]: Entering directory '/home/unitree/navigation_ws/build/rm_autonomy/CMakeFiles/CMakeTmp'
Building C object CMakeFiles/cmTC_c0665.dir/CheckFunctionExists.c.o
/usr/bin/cc   -DCHECK_FUNCTION_EXISTS=pthread_create   -o CMakeFiles/cmTC_c0665.dir/CheckFunctionExists.c.o   -c /usr/share/cmake-3.16/Modules/CheckFunctionExists.c
Linking C executable cmTC_c0665
/usr/bin/cmake -E cmake_link_script CMakeFiles/cmTC_c0665.dir/link.txt --verbose=1
/usr/bin/cc  -DCHECK_FUNCTION_EXISTS=pthread_create    CMakeFiles/cmTC_c0665.dir/CheckFunctionExists.c.o  -o cmTC_c0665  -lpthreads 
/usr/bin/ld: cannot find -lpthreads
collect2: error: ld returned 1 exit status
make[1]: *** [CMakeFiles/cmTC_c0665.dir/build.make:87: cmTC_c0665] Error 1
make[1]: Leaving directory '/home/unitree/navigation_ws/build/rm_autonomy/CMakeFiles/CMakeTmp'
make: *** [Makefile:121: cmTC_c0665/fast] Error 2



Performing C SOURCE FILE Test CMAKE_HAVE_LIBC_PTHREAD failed with the following output:
Change Dir: /home/unitree/navigation_ws/build/rm_autonomy/CMakeFiles/CMakeTmp

Run Build Command(s):/usr/bin/make cmTC_e5794/fast && /usr/bin/make -f CMakeFiles/cmTC_e5794.dir/build.make CMakeFiles/cmTC_e5794.dir/build
make[1]: Entering directory '/home/unitree/navigation_ws/build/rm_autonomy/CMakeFiles/CMakeTmp'
Building C object CMakeFiles/cmTC_e5794.dir/src.c.o
/usr/bin/cc   -DCMAKE_HAVE_LIBC_PTHREAD   -o CMakeFiles/cmTC_e5794.dir/src.c.o   -c /home/unitree/navigation_ws/build/rm_autonomy/CMakeFiles/CMakeTmp/src.c
Linking C executable cmTC_e5794
/usr/bin/cmake -E cmake_link_script CMakeFiles/cmTC_e5794.dir/link.txt --verbose=1
/usr/bin/cc  -DCMAKE_HAVE_LIBC_PTHREAD    CMakeFiles/cmTC_e5794.dir/src.c.o  -o cmTC_e5794 
/usr/bin/ld: CMakeFiles/cmTC_e5794.dir/src.c.o: in function `main':
src.c:(.text+0x48): undefined reference to `pthread_create'
/usr/bin/ld: src.c:(.text+0x50): undefined reference to `pthread_detach'
/usr/bin/ld: src.c:(.text+0x5c): undefined reference to `pthread_join'
collect2: error: ld returned 1 exit status
make[1]: *** [CMakeFiles/cmTC_e5794.dir/build.make:87: cmTC_e5794] Error 1
make[1]: Leaving directory '/home/unitree/navigation_ws/build/rm_autonomy/CMakeFiles/CMakeTmp'
make: *** [Makefile:121: cmTC_e5794/fast] Error 2


Source file was:
#include <pthread.h>

void* test_func(void* data)
{
  return data;
}

int main(void)
{
  pthread_t thread;
  pthread_create(&thread, NULL, test_func, NULL);
  pthread_detach(thread);
  pthread_join(thread, NULL);
  pthread_atfork(NULL, NULL, NULL);
  pthread_exit(NULL);

  return 0;
}

Determining if the function pthread_create exists in the pthreads failed with the following output:
Change Dir: /home/unitree/navigation_ws/build/rm_autonomy/CMakeFiles/CMakeTmp

Run Build Command(s):/usr/bin/make cmTC_b26be/fast && /usr/bin/make -f CMakeFiles/cmTC_b26be.dir/build.make CMakeFiles/cmTC_b26be.dir/build
make[1]: Entering directory '/home/unitree/navigation_ws/build/rm_autonomy/CMakeFiles/CMakeTmp'
Building C object CMakeFiles/cmTC_b26be.dir/CheckFunctionExists.c.o
/usr/bin/cc   -DCHECK_FUNCTION_EXISTS=pthread_create   -o CMakeFiles/cmTC_b26be.dir/CheckFunctionExists.c.o   -c /usr/share/cmake-3.16/Modules/CheckFunctionExists.c
Linking C executable cmTC_b26be
/usr/bin/cmake -E cmake_link_script CMakeFiles/cmTC_b26be.dir/link.txt --verbose=1
/usr/bin/cc  -DCHECK_FUNCTION_EXISTS=pthread_create    CMakeFiles/cmTC_b26be.dir/CheckFunctionExists.c.o  -o cmTC_b26be  -lpthreads 
/usr/bin/ld: cannot find -lpthreads
collect2: error: ld returned 1 exit status
make[1]: *** [CMakeFiles/cmTC_b26be.dir/build.make:87: cmTC_b26be] Error 1
make[1]: Leaving directory '/home/unitree/navigation_ws/build/rm_autonomy/CMakeFiles/CMakeTmp'
make: *** [Makefile:121: cmTC_b26be/fast] Error 2



