-- The C compiler identification is GNU 9.4.0
-- The CXX compiler identification is GNU 9.4.0
-- Check for working C compiler: /usr/bin/cc
-- Check for working C compiler: /usr/bin/cc -- works
-- Detecting C compiler ABI info
-- Detecting C compiler ABI info - done
-- Detecting C compile features
-- Detecting C compile features - done
-- Check for working CXX compiler: /usr/bin/c++
-- Check for working CXX compiler: /usr/bin/c++ -- works
-- Detecting CXX compiler ABI info
-- Detecting CXX compiler ABI info - done
-- Detecting CXX compile features
-- Detecting CXX compile features - done
-- Found ament_cmake: 0.9.12 (/opt/ros/foxy/share/ament_cmake/cmake)
-- Found PythonInterp: /usr/bin/python3 (found suitable version "3.8.10", minimum required is "3") 
-- Using PYTHON_EXECUTABLE: /usr/bin/python3
-- Override CMake install command with custom implementation using symlinks instead of copying resources
-- Found rclcpp: 2.4.3 (/opt/ros/foxy/share/rclcpp/cmake)
-- Using all available rosidl_typesupport_c: rosidl_typesupport_fastrtps_c;rosidl_typesupport_introspection_c
-- Found rosidl_adapter: 1.3.1 (/opt/ros/foxy/share/rosidl_adapter/cmake)
-- Found OpenSSL: /usr/lib/aarch64-linux-gnu/libcrypto.so (found version "1.1.1f")  
-- Found FastRTPS: /opt/ros/foxy/include  
-- Using all available rosidl_typesupport_cpp: rosidl_typesupport_fastrtps_cpp;rosidl_typesupport_introspection_cpp
-- Found rmw_implementation_cmake: 1.0.4 (/opt/ros/foxy/share/rmw_implementation_cmake/cmake)
-- Using RMW implementation 'rmw_cyclonedds_cpp' as default
-- Looking for pthread.h
-- Looking for pthread.h - found
-- Performing Test CMAKE_HAVE_LIBC_PTHREAD
-- Performing Test CMAKE_HAVE_LIBC_PTHREAD - Failed
-- Looking for pthread_create in pthreads
-- Looking for pthread_create in pthreads - not found
-- Looking for pthread_create in pthread
-- Looking for pthread_create in pthread - found
-- Found Threads: TRUE  
-- Found geometry_msgs: 2.0.5 (/opt/ros/foxy/share/geometry_msgs/cmake)
-- Configuring done
-- Generating done
-- Build files have been written to: /home/unitree/navigation_ws/build/cmd_vel_processor
[35m[1mScanning dependencies of target cmd_vel_subscriber[0m
[ 50%] [32mBuilding CXX object CMakeFiles/cmd_vel_subscriber.dir/src/cmd_vel_subscriber.cpp.o[0m
[100%] [32m[1mLinking CXX executable cmd_vel_subscriber[0m
[100%] Built target cmd_vel_subscriber
-- Install configuration: ""
-- Execute custom install script
-- Symlinking: /home/unitree/navigation_ws/install/cmd_vel_processor/lib/cmd_vel_processor/cmd_vel_subscriber
-- Symlinking: /home/unitree/navigation_ws/install/cmd_vel_processor/share/ament_index/resource_index/package_run_dependencies/cmd_vel_processor
-- Symlinking: /home/unitree/navigation_ws/install/cmd_vel_processor/share/ament_index/resource_index/parent_prefix_path/cmd_vel_processor
-- Symlinking: /home/unitree/navigation_ws/install/cmd_vel_processor/share/cmd_vel_processor/environment/ament_prefix_path.sh
-- Symlinking: /home/unitree/navigation_ws/install/cmd_vel_processor/share/cmd_vel_processor/environment/ament_prefix_path.dsv
-- Symlinking: /home/unitree/navigation_ws/install/cmd_vel_processor/share/cmd_vel_processor/environment/path.sh
-- Symlinking: /home/unitree/navigation_ws/install/cmd_vel_processor/share/cmd_vel_processor/environment/path.dsv
-- Symlinking: /home/unitree/navigation_ws/install/cmd_vel_processor/share/cmd_vel_processor/local_setup.bash
-- Symlinking: /home/unitree/navigation_ws/install/cmd_vel_processor/share/cmd_vel_processor/local_setup.sh
-- Symlinking: /home/unitree/navigation_ws/install/cmd_vel_processor/share/cmd_vel_processor/local_setup.zsh
-- Symlinking: /home/unitree/navigation_ws/install/cmd_vel_processor/share/cmd_vel_processor/local_setup.dsv
-- Symlinking: /home/unitree/navigation_ws/install/cmd_vel_processor/share/cmd_vel_processor/package.dsv
-- Symlinking: /home/unitree/navigation_ws/install/cmd_vel_processor/share/ament_index/resource_index/packages/cmd_vel_processor
-- Symlinking: /home/unitree/navigation_ws/install/cmd_vel_processor/share/cmd_vel_processor/cmake/cmd_vel_processorConfig.cmake
-- Symlinking: /home/unitree/navigation_ws/install/cmd_vel_processor/share/cmd_vel_processor/cmake/cmd_vel_processorConfig-version.cmake
-- Symlinking: /home/unitree/navigation_ws/install/cmd_vel_processor/share/cmd_vel_processor/package.xml
