Performing C SOURCE FILE Test CMAKE_HAVE_LIBC_PTHREAD failed with the following output:
Change Dir: /home/unitree/navigation_ws/build/nav2_controller/CMakeFiles/CMakeTmp

Run Build Command(s):/usr/bin/make cmTC_bebce/fast && /usr/bin/make -f CMakeFiles/cmTC_bebce.dir/build.make CMakeFiles/cmTC_bebce.dir/build
make[1]: Entering directory '/home/unitree/navigation_ws/build/nav2_controller/CMakeFiles/CMakeTmp'
Building C object CMakeFiles/cmTC_bebce.dir/src.c.o
/usr/bin/cc   -DCMAKE_HAVE_LIBC_PTHREAD   -o CMakeFiles/cmTC_bebce.dir/src.c.o   -c /home/unitree/navigation_ws/build/nav2_controller/CMakeFiles/CMakeTmp/src.c
Linking C executable cmTC_bebce
/usr/bin/cmake -E cmake_link_script CMakeFiles/cmTC_bebce.dir/link.txt --verbose=1
/usr/bin/cc  -DCMAKE_HAVE_LIBC_PTHREAD    CMakeFiles/cmTC_bebce.dir/src.c.o  -o cmTC_bebce 
/usr/bin/ld: CMakeFiles/cmTC_bebce.dir/src.c.o: in function `main':
src.c:(.text+0x48): undefined reference to `pthread_create'
/usr/bin/ld: src.c:(.text+0x50): undefined reference to `pthread_detach'
/usr/bin/ld: src.c:(.text+0x5c): undefined reference to `pthread_join'
collect2: error: ld returned 1 exit status
make[1]: *** [CMakeFiles/cmTC_bebce.dir/build.make:87: cmTC_bebce] Error 1
make[1]: Leaving directory '/home/unitree/navigation_ws/build/nav2_controller/CMakeFiles/CMakeTmp'
make: *** [Makefile:121: cmTC_bebce/fast] Error 2


Source file was:
#include <pthread.h>

void* test_func(void* data)
{
  return data;
}

int main(void)
{
  pthread_t thread;
  pthread_create(&thread, NULL, test_func, NULL);
  pthread_detach(thread);
  pthread_join(thread, NULL);
  pthread_atfork(NULL, NULL, NULL);
  pthread_exit(NULL);

  return 0;
}

Determining if the function pthread_create exists in the pthreads failed with the following output:
Change Dir: /home/unitree/navigation_ws/build/nav2_controller/CMakeFiles/CMakeTmp

Run Build Command(s):/usr/bin/make cmTC_4d8b8/fast && /usr/bin/make -f CMakeFiles/cmTC_4d8b8.dir/build.make CMakeFiles/cmTC_4d8b8.dir/build
make[1]: Entering directory '/home/unitree/navigation_ws/build/nav2_controller/CMakeFiles/CMakeTmp'
Building C object CMakeFiles/cmTC_4d8b8.dir/CheckFunctionExists.c.o
/usr/bin/cc   -DCHECK_FUNCTION_EXISTS=pthread_create   -o CMakeFiles/cmTC_4d8b8.dir/CheckFunctionExists.c.o   -c /usr/share/cmake-3.16/Modules/CheckFunctionExists.c
Linking C executable cmTC_4d8b8
/usr/bin/cmake -E cmake_link_script CMakeFiles/cmTC_4d8b8.dir/link.txt --verbose=1
/usr/bin/cc  -DCHECK_FUNCTION_EXISTS=pthread_create    CMakeFiles/cmTC_4d8b8.dir/CheckFunctionExists.c.o  -o cmTC_4d8b8  -lpthreads 
/usr/bin/ld: cannot find -lpthreads
collect2: error: ld returned 1 exit status
make[1]: *** [CMakeFiles/cmTC_4d8b8.dir/build.make:87: cmTC_4d8b8] Error 1
make[1]: Leaving directory '/home/unitree/navigation_ws/build/nav2_controller/CMakeFiles/CMakeTmp'
make: *** [Makefile:121: cmTC_4d8b8/fast] Error 2



Performing C SOURCE FILE Test CMAKE_HAVE_LIBC_PTHREAD failed with the following output:
Change Dir: /home/unitree/navigation_ws/build/nav2_controller/CMakeFiles/CMakeTmp

Run Build Command(s):/usr/bin/make cmTC_7c3ed/fast && /usr/bin/make -f CMakeFiles/cmTC_7c3ed.dir/build.make CMakeFiles/cmTC_7c3ed.dir/build
make[1]: Entering directory '/home/unitree/navigation_ws/build/nav2_controller/CMakeFiles/CMakeTmp'
Building C object CMakeFiles/cmTC_7c3ed.dir/src.c.o
/usr/bin/cc   -DCMAKE_HAVE_LIBC_PTHREAD   -o CMakeFiles/cmTC_7c3ed.dir/src.c.o   -c /home/unitree/navigation_ws/build/nav2_controller/CMakeFiles/CMakeTmp/src.c
Linking C executable cmTC_7c3ed
/usr/bin/cmake -E cmake_link_script CMakeFiles/cmTC_7c3ed.dir/link.txt --verbose=1
/usr/bin/cc  -DCMAKE_HAVE_LIBC_PTHREAD    CMakeFiles/cmTC_7c3ed.dir/src.c.o  -o cmTC_7c3ed 
/usr/bin/ld: CMakeFiles/cmTC_7c3ed.dir/src.c.o: in function `main':
src.c:(.text+0x48): undefined reference to `pthread_create'
/usr/bin/ld: src.c:(.text+0x50): undefined reference to `pthread_detach'
/usr/bin/ld: src.c:(.text+0x5c): undefined reference to `pthread_join'
collect2: error: ld returned 1 exit status
make[1]: *** [CMakeFiles/cmTC_7c3ed.dir/build.make:87: cmTC_7c3ed] Error 1
make[1]: Leaving directory '/home/unitree/navigation_ws/build/nav2_controller/CMakeFiles/CMakeTmp'
make: *** [Makefile:121: cmTC_7c3ed/fast] Error 2


Source file was:
#include <pthread.h>

void* test_func(void* data)
{
  return data;
}

int main(void)
{
  pthread_t thread;
  pthread_create(&thread, NULL, test_func, NULL);
  pthread_detach(thread);
  pthread_join(thread, NULL);
  pthread_atfork(NULL, NULL, NULL);
  pthread_exit(NULL);

  return 0;
}

Determining if the function pthread_create exists in the pthreads failed with the following output:
Change Dir: /home/unitree/navigation_ws/build/nav2_controller/CMakeFiles/CMakeTmp

Run Build Command(s):/usr/bin/make cmTC_55bcf/fast && /usr/bin/make -f CMakeFiles/cmTC_55bcf.dir/build.make CMakeFiles/cmTC_55bcf.dir/build
make[1]: Entering directory '/home/unitree/navigation_ws/build/nav2_controller/CMakeFiles/CMakeTmp'
Building C object CMakeFiles/cmTC_55bcf.dir/CheckFunctionExists.c.o
/usr/bin/cc   -DCHECK_FUNCTION_EXISTS=pthread_create   -o CMakeFiles/cmTC_55bcf.dir/CheckFunctionExists.c.o   -c /usr/share/cmake-3.16/Modules/CheckFunctionExists.c
Linking C executable cmTC_55bcf
/usr/bin/cmake -E cmake_link_script CMakeFiles/cmTC_55bcf.dir/link.txt --verbose=1
/usr/bin/cc  -DCHECK_FUNCTION_EXISTS=pthread_create    CMakeFiles/cmTC_55bcf.dir/CheckFunctionExists.c.o  -o cmTC_55bcf  -lpthreads 
/usr/bin/ld: cannot find -lpthreads
collect2: error: ld returned 1 exit status
make[1]: *** [CMakeFiles/cmTC_55bcf.dir/build.make:87: cmTC_55bcf] Error 1
make[1]: Leaving directory '/home/unitree/navigation_ws/build/nav2_controller/CMakeFiles/CMakeTmp'
make: *** [Makefile:121: cmTC_55bcf/fast] Error 2



