Performing C SOURCE FILE Test CMAKE_HAVE_LIBC_PTHREAD failed with the following output:
Change Dir: /home/unitree/navigation_ws/build/nav2_voxel_grid/CMakeFiles/CMakeTmp

Run Build Command(s):/usr/bin/make cmTC_a2565/fast && /usr/bin/make -f CMakeFiles/cmTC_a2565.dir/build.make CMakeFiles/cmTC_a2565.dir/build
make[1]: Entering directory '/home/unitree/navigation_ws/build/nav2_voxel_grid/CMakeFiles/CMakeTmp'
Building C object CMakeFiles/cmTC_a2565.dir/src.c.o
/usr/bin/cc   -DCMAKE_HAVE_LIBC_PTHREAD   -o CMakeFiles/cmTC_a2565.dir/src.c.o   -c /home/unitree/navigation_ws/build/nav2_voxel_grid/CMakeFiles/CMakeTmp/src.c
Linking C executable cmTC_a2565
/usr/bin/cmake -E cmake_link_script CMakeFiles/cmTC_a2565.dir/link.txt --verbose=1
/usr/bin/cc  -DCMAKE_HAVE_LIBC_PTHREAD    CMakeFiles/cmTC_a2565.dir/src.c.o  -o cmTC_a2565 
/usr/bin/ld: CMakeFiles/cmTC_a2565.dir/src.c.o: in function `main':
src.c:(.text+0x48): undefined reference to `pthread_create'
/usr/bin/ld: src.c:(.text+0x50): undefined reference to `pthread_detach'
/usr/bin/ld: src.c:(.text+0x5c): undefined reference to `pthread_join'
collect2: error: ld returned 1 exit status
make[1]: *** [CMakeFiles/cmTC_a2565.dir/build.make:87: cmTC_a2565] Error 1
make[1]: Leaving directory '/home/unitree/navigation_ws/build/nav2_voxel_grid/CMakeFiles/CMakeTmp'
make: *** [Makefile:121: cmTC_a2565/fast] Error 2


Source file was:
#include <pthread.h>

void* test_func(void* data)
{
  return data;
}

int main(void)
{
  pthread_t thread;
  pthread_create(&thread, NULL, test_func, NULL);
  pthread_detach(thread);
  pthread_join(thread, NULL);
  pthread_atfork(NULL, NULL, NULL);
  pthread_exit(NULL);

  return 0;
}

Determining if the function pthread_create exists in the pthreads failed with the following output:
Change Dir: /home/unitree/navigation_ws/build/nav2_voxel_grid/CMakeFiles/CMakeTmp

Run Build Command(s):/usr/bin/make cmTC_0651d/fast && /usr/bin/make -f CMakeFiles/cmTC_0651d.dir/build.make CMakeFiles/cmTC_0651d.dir/build
make[1]: Entering directory '/home/unitree/navigation_ws/build/nav2_voxel_grid/CMakeFiles/CMakeTmp'
Building C object CMakeFiles/cmTC_0651d.dir/CheckFunctionExists.c.o
/usr/bin/cc   -DCHECK_FUNCTION_EXISTS=pthread_create   -o CMakeFiles/cmTC_0651d.dir/CheckFunctionExists.c.o   -c /usr/share/cmake-3.16/Modules/CheckFunctionExists.c
Linking C executable cmTC_0651d
/usr/bin/cmake -E cmake_link_script CMakeFiles/cmTC_0651d.dir/link.txt --verbose=1
/usr/bin/cc  -DCHECK_FUNCTION_EXISTS=pthread_create    CMakeFiles/cmTC_0651d.dir/CheckFunctionExists.c.o  -o cmTC_0651d  -lpthreads 
/usr/bin/ld: cannot find -lpthreads
collect2: error: ld returned 1 exit status
make[1]: *** [CMakeFiles/cmTC_0651d.dir/build.make:87: cmTC_0651d] Error 1
make[1]: Leaving directory '/home/unitree/navigation_ws/build/nav2_voxel_grid/CMakeFiles/CMakeTmp'
make: *** [Makefile:121: cmTC_0651d/fast] Error 2



Performing C SOURCE FILE Test CMAKE_HAVE_LIBC_PTHREAD failed with the following output:
Change Dir: /home/unitree/navigation_ws/build/nav2_voxel_grid/CMakeFiles/CMakeTmp

Run Build Command(s):/usr/bin/make cmTC_b4a33/fast && /usr/bin/make -f CMakeFiles/cmTC_b4a33.dir/build.make CMakeFiles/cmTC_b4a33.dir/build
make[1]: Entering directory '/home/unitree/navigation_ws/build/nav2_voxel_grid/CMakeFiles/CMakeTmp'
Building C object CMakeFiles/cmTC_b4a33.dir/src.c.o
/usr/bin/cc   -DCMAKE_HAVE_LIBC_PTHREAD   -o CMakeFiles/cmTC_b4a33.dir/src.c.o   -c /home/unitree/navigation_ws/build/nav2_voxel_grid/CMakeFiles/CMakeTmp/src.c
Linking C executable cmTC_b4a33
/usr/bin/cmake -E cmake_link_script CMakeFiles/cmTC_b4a33.dir/link.txt --verbose=1
/usr/bin/cc  -DCMAKE_HAVE_LIBC_PTHREAD    CMakeFiles/cmTC_b4a33.dir/src.c.o  -o cmTC_b4a33 
/usr/bin/ld: CMakeFiles/cmTC_b4a33.dir/src.c.o: in function `main':
src.c:(.text+0x48): undefined reference to `pthread_create'
/usr/bin/ld: src.c:(.text+0x50): undefined reference to `pthread_detach'
/usr/bin/ld: src.c:(.text+0x5c): undefined reference to `pthread_join'
collect2: error: ld returned 1 exit status
make[1]: *** [CMakeFiles/cmTC_b4a33.dir/build.make:87: cmTC_b4a33] Error 1
make[1]: Leaving directory '/home/unitree/navigation_ws/build/nav2_voxel_grid/CMakeFiles/CMakeTmp'
make: *** [Makefile:121: cmTC_b4a33/fast] Error 2


Source file was:
#include <pthread.h>

void* test_func(void* data)
{
  return data;
}

int main(void)
{
  pthread_t thread;
  pthread_create(&thread, NULL, test_func, NULL);
  pthread_detach(thread);
  pthread_join(thread, NULL);
  pthread_atfork(NULL, NULL, NULL);
  pthread_exit(NULL);

  return 0;
}

Determining if the function pthread_create exists in the pthreads failed with the following output:
Change Dir: /home/unitree/navigation_ws/build/nav2_voxel_grid/CMakeFiles/CMakeTmp

Run Build Command(s):/usr/bin/make cmTC_2849b/fast && /usr/bin/make -f CMakeFiles/cmTC_2849b.dir/build.make CMakeFiles/cmTC_2849b.dir/build
make[1]: Entering directory '/home/unitree/navigation_ws/build/nav2_voxel_grid/CMakeFiles/CMakeTmp'
Building C object CMakeFiles/cmTC_2849b.dir/CheckFunctionExists.c.o
/usr/bin/cc   -DCHECK_FUNCTION_EXISTS=pthread_create   -o CMakeFiles/cmTC_2849b.dir/CheckFunctionExists.c.o   -c /usr/share/cmake-3.16/Modules/CheckFunctionExists.c
Linking C executable cmTC_2849b
/usr/bin/cmake -E cmake_link_script CMakeFiles/cmTC_2849b.dir/link.txt --verbose=1
/usr/bin/cc  -DCHECK_FUNCTION_EXISTS=pthread_create    CMakeFiles/cmTC_2849b.dir/CheckFunctionExists.c.o  -o cmTC_2849b  -lpthreads 
/usr/bin/ld: cannot find -lpthreads
collect2: error: ld returned 1 exit status
make[1]: *** [CMakeFiles/cmTC_2849b.dir/build.make:87: cmTC_2849b] Error 1
make[1]: Leaving directory '/home/unitree/navigation_ws/build/nav2_voxel_grid/CMakeFiles/CMakeTmp'
make: *** [Makefile:121: cmTC_2849b/fast] Error 2



