[0.097s] Invoking command in '/home/unitree/navigation_ws/build/nav2_msgs': CMAKE_PREFIX_PATH=/home/unitree/navigation_ws/install/nav2_common:/home/unitree/navigation_ws/install/nav2_bringup:/home/unitree/navigation_ws/install/navigation2:/home/unitree/navigation_ws/install/smac_planner:/home/unitree/navigation_ws/install/rm_autonomy:/home/unitree/navigation_ws/install/rm_autonomy_interfaces:/home/unitree/navigation_ws/install/bringup:/home/unitree/navigation_ws/install/pointcloud_to_laserscan:/home/unitree/navigation_ws/install/nav2_dwb_controller:/home/unitree/navigation_ws/install/nav2_controller:/home/unitree/navigation_ws/install/dwb_plugins:/home/unitree/navigation_ws/install/dwb_critics:/home/unitree/navigation_ws/install/dwb_core:/home/unitree/navigation_ws/install/nav_2d_utils:/home/unitree/navigation_ws/install/dwb_msgs:/home/unitree/navigation_ws/install/nav_2d_msgs:/home/unitree/navigation_ws/install/nav2_waypoint_follower:/home/unitree/navigation_ws/install/nav2_regulated_pure_pursuit_controller:/home/unitree/navigation_ws/install/nav2_recoveries:/home/unitree/navigation_ws/install/nav2_planner:/home/unitree/navigation_ws/install/nav2_navfn_planner:/home/unitree/navigation_ws/install/nav2_core:/home/unitree/navigation_ws/install/costmap_queue:/home/unitree/navigation_ws/install/nav2_costmap_2d:/home/unitree/navigation_ws/install/nav2_voxel_grid:/home/unitree/navigation_ws/install/nav2_map_server:/home/unitree/navigation_ws/install/nav2_lifecycle_manager:/home/unitree/navigation_ws/install/nav2_bt_navigator:/home/unitree/navigation_ws/install/nav2_behavior_tree:/home/unitree/navigation_ws/install/nav2_amcl:/home/unitree/navigation_ws/install/nav2_util:/home/unitree/navigation_ws/install/nav2_msgs:/home/unitree/navigation_ws/install/loam_interface:/home/unitree/navigation_ws/install/fast_lio:/home/unitree/navigation_ws/install/livox_ros_driver2:/home/unitree/navigation_ws/install/linefit_ground_segmentation_ros:/home/unitree/navigation_ws/install/linefit_ground_segmentation:/home/unitree/navigation_ws/install/cmd_vel_processor:/home/unitree/navigation_ws/install/behaviortree_cpp:/home/unitree/cyclonedds_ws/install/rmw_cyclonedds_cpp:/home/unitree/cyclonedds_ws/install/cyclonedds:/opt/ros/foxy PYTHONPATH=/home/unitree/navigation_ws/install/nav2_common/lib/python3.8/site-packages:/home/unitree/navigation_ws/install/rm_autonomy_interfaces/lib/python3.8/site-packages:/home/unitree/navigation_ws/install/dwb_msgs/lib/python3.8/site-packages:/home/unitree/navigation_ws/install/nav_2d_msgs/lib/python3.8/site-packages:/home/unitree/navigation_ws/install/nav2_msgs/lib/python3.8/site-packages:/home/unitree/navigation_ws/install/fast_lio/lib/python3.8/site-packages:/home/unitree/navigation_ws/install/livox_ros_driver2/lib/python3.8/site-packages:/opt/ros/foxy/lib/python3.8/site-packages /usr/bin/cmake /home/unitree/navigation_ws/src/navigation2/nav2_msgs -DAMENT_CMAKE_SYMLINK_INSTALL=1 -DCMAKE_INSTALL_PREFIX=/home/unitree/navigation_ws/install/nav2_msgs
[0.993s] -- Found ament_cmake: 0.9.12 (/opt/ros/foxy/share/ament_cmake/cmake)
[0.993s] -- Found PythonInterp: /usr/bin/python3 (found suitable version "3.8.10", minimum required is "3") 
[0.993s] -- Using PYTHON_EXECUTABLE: /usr/bin/python3
[1.064s] -- Override CMake install command with custom implementation using symlinks instead of copying resources
[1.087s] -- Found nav2_common: 0.4.7 (/home/unitree/navigation_ws/install/nav2_common/share/nav2_common/cmake)
[1.087s] -- Found builtin_interfaces: 1.0.0 (/opt/ros/foxy/share/builtin_interfaces/cmake)
[1.255s] -- Using all available rosidl_typesupport_c: rosidl_typesupport_fastrtps_c;rosidl_typesupport_introspection_c
[1.263s] -- Found rosidl_adapter: 1.3.1 (/opt/ros/foxy/share/rosidl_adapter/cmake)
[2.343s] -- Using all available rosidl_typesupport_cpp: rosidl_typesupport_fastrtps_cpp;rosidl_typesupport_introspection_cpp
[2.495s] -- Found nav_msgs: 2.0.5 (/opt/ros/foxy/share/nav_msgs/cmake)
[3.172s] -- Found rosidl_default_generators: 1.0.1 (/opt/ros/foxy/share/rosidl_default_generators/cmake)
[3.204s] -- Found action_msgs: 1.0.0 (/opt/ros/foxy/share/action_msgs/cmake)
[3.480s] -- Found PythonInterp: /usr/bin/python3 (found version "3.8.10") 
[6.999s] -- Found ament_cmake_ros: 0.9.2 (/opt/ros/foxy/share/ament_cmake_ros/cmake)
[9.150s] -- Using all available rosidl_typesupport_c: rosidl_typesupport_fastrtps_c;rosidl_typesupport_introspection_c
[10.233s] -- Using all available rosidl_typesupport_cpp: rosidl_typesupport_fastrtps_cpp;rosidl_typesupport_introspection_cpp
[10.394s] -- Found PythonInterp: /usr/bin/python3 (found suitable version "3.8.10", minimum required is "3.5") 
[10.394s] -- Found python_cmake_module: 0.8.1 (/opt/ros/foxy/share/python_cmake_module/cmake)
[10.511s] -- Using PYTHON_EXECUTABLE: /usr/bin/python3
[10.511s] -- Using PYTHON_INCLUDE_DIRS: /usr/include/python3.8
[10.512s] -- Using PYTHON_LIBRARIES: /usr/lib/aarch64-linux-gnu/libpython3.8.so
[10.991s] -- Configuring done
[11.692s] -- Generating done
[11.706s] -- Build files have been written to: /home/unitree/navigation_ws/build/nav2_msgs
[11.789s] Invoked command in '/home/unitree/navigation_ws/build/nav2_msgs' returned '0': CMAKE_PREFIX_PATH=/home/unitree/navigation_ws/install/nav2_common:/home/unitree/navigation_ws/install/nav2_bringup:/home/unitree/navigation_ws/install/navigation2:/home/unitree/navigation_ws/install/smac_planner:/home/unitree/navigation_ws/install/rm_autonomy:/home/unitree/navigation_ws/install/rm_autonomy_interfaces:/home/unitree/navigation_ws/install/bringup:/home/unitree/navigation_ws/install/pointcloud_to_laserscan:/home/unitree/navigation_ws/install/nav2_dwb_controller:/home/unitree/navigation_ws/install/nav2_controller:/home/unitree/navigation_ws/install/dwb_plugins:/home/unitree/navigation_ws/install/dwb_critics:/home/unitree/navigation_ws/install/dwb_core:/home/unitree/navigation_ws/install/nav_2d_utils:/home/unitree/navigation_ws/install/dwb_msgs:/home/unitree/navigation_ws/install/nav_2d_msgs:/home/unitree/navigation_ws/install/nav2_waypoint_follower:/home/unitree/navigation_ws/install/nav2_regulated_pure_pursuit_controller:/home/unitree/navigation_ws/install/nav2_recoveries:/home/unitree/navigation_ws/install/nav2_planner:/home/unitree/navigation_ws/install/nav2_navfn_planner:/home/unitree/navigation_ws/install/nav2_core:/home/unitree/navigation_ws/install/costmap_queue:/home/unitree/navigation_ws/install/nav2_costmap_2d:/home/unitree/navigation_ws/install/nav2_voxel_grid:/home/unitree/navigation_ws/install/nav2_map_server:/home/unitree/navigation_ws/install/nav2_lifecycle_manager:/home/unitree/navigation_ws/install/nav2_bt_navigator:/home/unitree/navigation_ws/install/nav2_behavior_tree:/home/unitree/navigation_ws/install/nav2_amcl:/home/unitree/navigation_ws/install/nav2_util:/home/unitree/navigation_ws/install/nav2_msgs:/home/unitree/navigation_ws/install/loam_interface:/home/unitree/navigation_ws/install/fast_lio:/home/unitree/navigation_ws/install/livox_ros_driver2:/home/unitree/navigation_ws/install/linefit_ground_segmentation_ros:/home/unitree/navigation_ws/install/linefit_ground_segmentation:/home/unitree/navigation_ws/install/cmd_vel_processor:/home/unitree/navigation_ws/install/behaviortree_cpp:/home/unitree/cyclonedds_ws/install/rmw_cyclonedds_cpp:/home/unitree/cyclonedds_ws/install/cyclonedds:/opt/ros/foxy PYTHONPATH=/home/unitree/navigation_ws/install/nav2_common/lib/python3.8/site-packages:/home/unitree/navigation_ws/install/rm_autonomy_interfaces/lib/python3.8/site-packages:/home/unitree/navigation_ws/install/dwb_msgs/lib/python3.8/site-packages:/home/unitree/navigation_ws/install/nav_2d_msgs/lib/python3.8/site-packages:/home/unitree/navigation_ws/install/nav2_msgs/lib/python3.8/site-packages:/home/unitree/navigation_ws/install/fast_lio/lib/python3.8/site-packages:/home/unitree/navigation_ws/install/livox_ros_driver2/lib/python3.8/site-packages:/opt/ros/foxy/lib/python3.8/site-packages /usr/bin/cmake /home/unitree/navigation_ws/src/navigation2/nav2_msgs -DAMENT_CMAKE_SYMLINK_INSTALL=1 -DCMAKE_INSTALL_PREFIX=/home/unitree/navigation_ws/install/nav2_msgs
[11.791s] Invoking command in '/home/unitree/navigation_ws/build/nav2_msgs': CMAKE_PREFIX_PATH=/home/unitree/navigation_ws/install/nav2_common:/home/unitree/navigation_ws/install/nav2_bringup:/home/unitree/navigation_ws/install/navigation2:/home/unitree/navigation_ws/install/smac_planner:/home/unitree/navigation_ws/install/rm_autonomy:/home/unitree/navigation_ws/install/rm_autonomy_interfaces:/home/unitree/navigation_ws/install/bringup:/home/unitree/navigation_ws/install/pointcloud_to_laserscan:/home/unitree/navigation_ws/install/nav2_dwb_controller:/home/unitree/navigation_ws/install/nav2_controller:/home/unitree/navigation_ws/install/dwb_plugins:/home/unitree/navigation_ws/install/dwb_critics:/home/unitree/navigation_ws/install/dwb_core:/home/unitree/navigation_ws/install/nav_2d_utils:/home/unitree/navigation_ws/install/dwb_msgs:/home/unitree/navigation_ws/install/nav_2d_msgs:/home/unitree/navigation_ws/install/nav2_waypoint_follower:/home/unitree/navigation_ws/install/nav2_regulated_pure_pursuit_controller:/home/unitree/navigation_ws/install/nav2_recoveries:/home/unitree/navigation_ws/install/nav2_planner:/home/unitree/navigation_ws/install/nav2_navfn_planner:/home/unitree/navigation_ws/install/nav2_core:/home/unitree/navigation_ws/install/costmap_queue:/home/unitree/navigation_ws/install/nav2_costmap_2d:/home/unitree/navigation_ws/install/nav2_voxel_grid:/home/unitree/navigation_ws/install/nav2_map_server:/home/unitree/navigation_ws/install/nav2_lifecycle_manager:/home/unitree/navigation_ws/install/nav2_bt_navigator:/home/unitree/navigation_ws/install/nav2_behavior_tree:/home/unitree/navigation_ws/install/nav2_amcl:/home/unitree/navigation_ws/install/nav2_util:/home/unitree/navigation_ws/install/nav2_msgs:/home/unitree/navigation_ws/install/loam_interface:/home/unitree/navigation_ws/install/fast_lio:/home/unitree/navigation_ws/install/livox_ros_driver2:/home/unitree/navigation_ws/install/linefit_ground_segmentation_ros:/home/unitree/navigation_ws/install/linefit_ground_segmentation:/home/unitree/navigation_ws/install/cmd_vel_processor:/home/unitree/navigation_ws/install/behaviortree_cpp:/home/unitree/cyclonedds_ws/install/rmw_cyclonedds_cpp:/home/unitree/cyclonedds_ws/install/cyclonedds:/opt/ros/foxy PYTHONPATH=/home/unitree/navigation_ws/install/nav2_common/lib/python3.8/site-packages:/home/unitree/navigation_ws/install/rm_autonomy_interfaces/lib/python3.8/site-packages:/home/unitree/navigation_ws/install/dwb_msgs/lib/python3.8/site-packages:/home/unitree/navigation_ws/install/nav_2d_msgs/lib/python3.8/site-packages:/home/unitree/navigation_ws/install/nav2_msgs/lib/python3.8/site-packages:/home/unitree/navigation_ws/install/fast_lio/lib/python3.8/site-packages:/home/unitree/navigation_ws/install/livox_ros_driver2/lib/python3.8/site-packages:/opt/ros/foxy/lib/python3.8/site-packages /usr/bin/cmake --build /home/unitree/navigation_ws/build/nav2_msgs -- -j8 -l8
[12.583s] [ 12%] Built target nav2_msgs__rosidl_generator_c
[12.675s] [ 12%] Built target nav2_msgs__cpp
[12.895s] [ 24%] Built target nav2_msgs__rosidl_typesupport_introspection_c
[12.970s] [ 36%] Built target nav2_msgs__rosidl_typesupport_c
[12.979s] [ 49%] Built target nav2_msgs__rosidl_typesupport_introspection_cpp
[13.008s] [ 61%] Built target nav2_msgs__rosidl_typesupport_cpp
[13.099s] [ 61%] [32m[1mLinking CXX shared library libnav2_msgs__rosidl_typesupport_fastrtps_cpp.so[0m
[13.905s] [ 73%] Built target nav2_msgs__rosidl_typesupport_fastrtps_cpp
[14.196s] [ 73%] [32m[1mLinking CXX shared library libnav2_msgs__rosidl_typesupport_fastrtps_c.so[0m
[15.011s] [ 85%] Built target nav2_msgs__rosidl_typesupport_fastrtps_c
[15.258s] [ 85%] Built target nav2_msgs
[15.519s] [ 86%] Built target nav2_msgs__py
[15.881s] [ 86%] [32m[1mLinking C shared library rosidl_generator_py/nav2_msgs/libnav2_msgs__python.so[0m
[16.556s] [ 97%] Built target nav2_msgs__python
[16.755s] [ 97%] [32m[1mLinking C shared library rosidl_generator_py/nav2_msgs/nav2_msgs_s__rosidl_typesupport_introspection_c.cpython-38-aarch64-linux-gnu.so[0m
[16.814s] [ 97%] [32m[1mLinking CXX shared library rosidl_generator_py/nav2_msgs/nav2_msgs_s__rosidl_typesupport_fastrtps_c.cpython-38-aarch64-linux-gnu.so[0m
[16.984s] [ 97%] [32m[1mLinking C shared library rosidl_generator_py/nav2_msgs/nav2_msgs_s__rosidl_typesupport_c.cpython-38-aarch64-linux-gnu.so[0m
[17.271s] [ 98%] Built target nav2_msgs__rosidl_typesupport_introspection_c__pyext
[17.450s] [ 99%] Built target nav2_msgs__rosidl_typesupport_c__pyext
[17.543s] [100%] Built target nav2_msgs__rosidl_typesupport_fastrtps_c__pyext
[17.693s] Invoked command in '/home/unitree/navigation_ws/build/nav2_msgs' returned '0': CMAKE_PREFIX_PATH=/home/unitree/navigation_ws/install/nav2_common:/home/unitree/navigation_ws/install/nav2_bringup:/home/unitree/navigation_ws/install/navigation2:/home/unitree/navigation_ws/install/smac_planner:/home/unitree/navigation_ws/install/rm_autonomy:/home/unitree/navigation_ws/install/rm_autonomy_interfaces:/home/unitree/navigation_ws/install/bringup:/home/unitree/navigation_ws/install/pointcloud_to_laserscan:/home/unitree/navigation_ws/install/nav2_dwb_controller:/home/unitree/navigation_ws/install/nav2_controller:/home/unitree/navigation_ws/install/dwb_plugins:/home/unitree/navigation_ws/install/dwb_critics:/home/unitree/navigation_ws/install/dwb_core:/home/unitree/navigation_ws/install/nav_2d_utils:/home/unitree/navigation_ws/install/dwb_msgs:/home/unitree/navigation_ws/install/nav_2d_msgs:/home/unitree/navigation_ws/install/nav2_waypoint_follower:/home/unitree/navigation_ws/install/nav2_regulated_pure_pursuit_controller:/home/unitree/navigation_ws/install/nav2_recoveries:/home/unitree/navigation_ws/install/nav2_planner:/home/unitree/navigation_ws/install/nav2_navfn_planner:/home/unitree/navigation_ws/install/nav2_core:/home/unitree/navigation_ws/install/costmap_queue:/home/unitree/navigation_ws/install/nav2_costmap_2d:/home/unitree/navigation_ws/install/nav2_voxel_grid:/home/unitree/navigation_ws/install/nav2_map_server:/home/unitree/navigation_ws/install/nav2_lifecycle_manager:/home/unitree/navigation_ws/install/nav2_bt_navigator:/home/unitree/navigation_ws/install/nav2_behavior_tree:/home/unitree/navigation_ws/install/nav2_amcl:/home/unitree/navigation_ws/install/nav2_util:/home/unitree/navigation_ws/install/nav2_msgs:/home/unitree/navigation_ws/install/loam_interface:/home/unitree/navigation_ws/install/fast_lio:/home/unitree/navigation_ws/install/livox_ros_driver2:/home/unitree/navigation_ws/install/linefit_ground_segmentation_ros:/home/unitree/navigation_ws/install/linefit_ground_segmentation:/home/unitree/navigation_ws/install/cmd_vel_processor:/home/unitree/navigation_ws/install/behaviortree_cpp:/home/unitree/cyclonedds_ws/install/rmw_cyclonedds_cpp:/home/unitree/cyclonedds_ws/install/cyclonedds:/opt/ros/foxy PYTHONPATH=/home/unitree/navigation_ws/install/nav2_common/lib/python3.8/site-packages:/home/unitree/navigation_ws/install/rm_autonomy_interfaces/lib/python3.8/site-packages:/home/unitree/navigation_ws/install/dwb_msgs/lib/python3.8/site-packages:/home/unitree/navigation_ws/install/nav_2d_msgs/lib/python3.8/site-packages:/home/unitree/navigation_ws/install/nav2_msgs/lib/python3.8/site-packages:/home/unitree/navigation_ws/install/fast_lio/lib/python3.8/site-packages:/home/unitree/navigation_ws/install/livox_ros_driver2/lib/python3.8/site-packages:/opt/ros/foxy/lib/python3.8/site-packages /usr/bin/cmake --build /home/unitree/navigation_ws/build/nav2_msgs -- -j8 -l8
[27.314s] Invoking command in '/home/unitree/navigation_ws/build/nav2_msgs': CMAKE_PREFIX_PATH=/home/unitree/navigation_ws/install/nav2_common:/home/unitree/navigation_ws/install/nav2_bringup:/home/unitree/navigation_ws/install/navigation2:/home/unitree/navigation_ws/install/smac_planner:/home/unitree/navigation_ws/install/rm_autonomy:/home/unitree/navigation_ws/install/rm_autonomy_interfaces:/home/unitree/navigation_ws/install/bringup:/home/unitree/navigation_ws/install/pointcloud_to_laserscan:/home/unitree/navigation_ws/install/nav2_dwb_controller:/home/unitree/navigation_ws/install/nav2_controller:/home/unitree/navigation_ws/install/dwb_plugins:/home/unitree/navigation_ws/install/dwb_critics:/home/unitree/navigation_ws/install/dwb_core:/home/unitree/navigation_ws/install/nav_2d_utils:/home/unitree/navigation_ws/install/dwb_msgs:/home/unitree/navigation_ws/install/nav_2d_msgs:/home/unitree/navigation_ws/install/nav2_waypoint_follower:/home/unitree/navigation_ws/install/nav2_regulated_pure_pursuit_controller:/home/unitree/navigation_ws/install/nav2_recoveries:/home/unitree/navigation_ws/install/nav2_planner:/home/unitree/navigation_ws/install/nav2_navfn_planner:/home/unitree/navigation_ws/install/nav2_core:/home/unitree/navigation_ws/install/costmap_queue:/home/unitree/navigation_ws/install/nav2_costmap_2d:/home/unitree/navigation_ws/install/nav2_voxel_grid:/home/unitree/navigation_ws/install/nav2_map_server:/home/unitree/navigation_ws/install/nav2_lifecycle_manager:/home/unitree/navigation_ws/install/nav2_bt_navigator:/home/unitree/navigation_ws/install/nav2_behavior_tree:/home/unitree/navigation_ws/install/nav2_amcl:/home/unitree/navigation_ws/install/nav2_util:/home/unitree/navigation_ws/install/nav2_msgs:/home/unitree/navigation_ws/install/loam_interface:/home/unitree/navigation_ws/install/fast_lio:/home/unitree/navigation_ws/install/livox_ros_driver2:/home/unitree/navigation_ws/install/linefit_ground_segmentation_ros:/home/unitree/navigation_ws/install/linefit_ground_segmentation:/home/unitree/navigation_ws/install/cmd_vel_processor:/home/unitree/navigation_ws/install/behaviortree_cpp:/home/unitree/cyclonedds_ws/install/rmw_cyclonedds_cpp:/home/unitree/cyclonedds_ws/install/cyclonedds:/opt/ros/foxy PYTHONPATH=/home/unitree/navigation_ws/install/nav2_common/lib/python3.8/site-packages:/home/unitree/navigation_ws/install/rm_autonomy_interfaces/lib/python3.8/site-packages:/home/unitree/navigation_ws/install/dwb_msgs/lib/python3.8/site-packages:/home/unitree/navigation_ws/install/nav_2d_msgs/lib/python3.8/site-packages:/home/unitree/navigation_ws/install/nav2_msgs/lib/python3.8/site-packages:/home/unitree/navigation_ws/install/fast_lio/lib/python3.8/site-packages:/home/unitree/navigation_ws/install/livox_ros_driver2/lib/python3.8/site-packages:/opt/ros/foxy/lib/python3.8/site-packages /usr/bin/cmake --install /home/unitree/navigation_ws/build/nav2_msgs
[31.637s] -- Install configuration: "Release"
[31.637s] -- Execute custom install script
[31.637s] -- Up-to-date symlink: /home/unitree/navigation_ws/install/nav2_msgs/share/ament_index/resource_index/rosidl_interfaces/nav2_msgs
[31.637s] -- Up-to-date symlink: /home/unitree/navigation_ws/install/nav2_msgs/include/nav2_msgs/action/back_up.h
[31.637s] -- Up-to-date symlink: /home/unitree/navigation_ws/install/nav2_msgs/include/nav2_msgs/action/compute_path_to_pose.h
[31.637s] -- Up-to-date symlink: /home/unitree/navigation_ws/install/nav2_msgs/include/nav2_msgs/action/detail/back_up__functions.h
[31.637s] -- Up-to-date symlink: /home/unitree/navigation_ws/install/nav2_msgs/include/nav2_msgs/action/detail/back_up__struct.h
[31.637s] -- Up-to-date symlink: /home/unitree/navigation_ws/install/nav2_msgs/include/nav2_msgs/action/detail/back_up__type_support.h
[31.638s] -- Up-to-date symlink: /home/unitree/navigation_ws/install/nav2_msgs/include/nav2_msgs/action/detail/compute_path_to_pose__functions.h
[31.638s] -- Up-to-date symlink: /home/unitree/navigation_ws/install/nav2_msgs/include/nav2_msgs/action/detail/compute_path_to_pose__struct.h
[31.638s] -- Up-to-date symlink: /home/unitree/navigation_ws/install/nav2_msgs/include/nav2_msgs/action/detail/compute_path_to_pose__type_support.h
[31.638s] -- Up-to-date symlink: /home/unitree/navigation_ws/install/nav2_msgs/include/nav2_msgs/action/detail/dummy_recovery__functions.h
[31.638s] -- Up-to-date symlink: /home/unitree/navigation_ws/install/nav2_msgs/include/nav2_msgs/action/detail/dummy_recovery__struct.h
[31.638s] -- Up-to-date symlink: /home/unitree/navigation_ws/install/nav2_msgs/include/nav2_msgs/action/detail/dummy_recovery__type_support.h
[31.638s] -- Up-to-date symlink: /home/unitree/navigation_ws/install/nav2_msgs/include/nav2_msgs/action/detail/follow_path__functions.h
[31.638s] -- Up-to-date symlink: /home/unitree/navigation_ws/install/nav2_msgs/include/nav2_msgs/action/detail/follow_path__struct.h
[31.638s] -- Up-to-date symlink: /home/unitree/navigation_ws/install/nav2_msgs/include/nav2_msgs/action/detail/follow_path__type_support.h
[31.651s] -- Up-to-date symlink: /home/unitree/navigation_ws/install/nav2_msgs/include/nav2_msgs/action/detail/follow_waypoints__functions.h
[31.651s] -- Up-to-date symlink: /home/unitree/navigation_ws/install/nav2_msgs/include/nav2_msgs/action/detail/follow_waypoints__struct.h
[31.652s] -- Up-to-date symlink: /home/unitree/navigation_ws/install/nav2_msgs/include/nav2_msgs/action/detail/follow_waypoints__type_support.h
[31.652s] -- Up-to-date symlink: /home/unitree/navigation_ws/install/nav2_msgs/include/nav2_msgs/action/detail/navigate_to_pose__functions.h
[31.652s] -- Up-to-date symlink: /home/unitree/navigation_ws/install/nav2_msgs/include/nav2_msgs/action/detail/navigate_to_pose__struct.h
[31.652s] -- Up-to-date symlink: /home/unitree/navigation_ws/install/nav2_msgs/include/nav2_msgs/action/detail/navigate_to_pose__type_support.h
[31.652s] -- Up-to-date symlink: /home/unitree/navigation_ws/install/nav2_msgs/include/nav2_msgs/action/detail/spin__functions.h
[31.652s] -- Up-to-date symlink: /home/unitree/navigation_ws/install/nav2_msgs/include/nav2_msgs/action/detail/spin__struct.h
[31.652s] -- Up-to-date symlink: /home/unitree/navigation_ws/install/nav2_msgs/include/nav2_msgs/action/detail/spin__type_support.h
[31.653s] -- Up-to-date symlink: /home/unitree/navigation_ws/install/nav2_msgs/include/nav2_msgs/action/detail/wait__functions.h
[31.653s] -- Up-to-date symlink: /home/unitree/navigation_ws/install/nav2_msgs/include/nav2_msgs/action/detail/wait__struct.h
[31.653s] -- Up-to-date symlink: /home/unitree/navigation_ws/install/nav2_msgs/include/nav2_msgs/action/detail/wait__type_support.h
[31.653s] -- Up-to-date symlink: /home/unitree/navigation_ws/install/nav2_msgs/include/nav2_msgs/action/dummy_recovery.h
[31.653s] -- Up-to-date symlink: /home/unitree/navigation_ws/install/nav2_msgs/include/nav2_msgs/action/follow_path.h
[31.653s] -- Up-to-date symlink: /home/unitree/navigation_ws/install/nav2_msgs/include/nav2_msgs/action/follow_waypoints.h
[31.653s] -- Up-to-date symlink: /home/unitree/navigation_ws/install/nav2_msgs/include/nav2_msgs/action/navigate_to_pose.h
[31.653s] -- Up-to-date symlink: /home/unitree/navigation_ws/install/nav2_msgs/include/nav2_msgs/action/spin.h
[31.653s] -- Up-to-date symlink: /home/unitree/navigation_ws/install/nav2_msgs/include/nav2_msgs/action/wait.h
[31.653s] -- Up-to-date symlink: /home/unitree/navigation_ws/install/nav2_msgs/include/nav2_msgs/msg/behavior_tree_log.h
[31.654s] -- Up-to-date symlink: /home/unitree/navigation_ws/install/nav2_msgs/include/nav2_msgs/msg/behavior_tree_status_change.h
[31.654s] -- Up-to-date symlink: /home/unitree/navigation_ws/install/nav2_msgs/include/nav2_msgs/msg/costmap.h
[31.654s] -- Up-to-date symlink: /home/unitree/navigation_ws/install/nav2_msgs/include/nav2_msgs/msg/costmap_meta_data.h
[31.654s] -- Up-to-date symlink: /home/unitree/navigation_ws/install/nav2_msgs/include/nav2_msgs/msg/detail/behavior_tree_log__functions.h
[31.654s] -- Up-to-date symlink: /home/unitree/navigation_ws/install/nav2_msgs/include/nav2_msgs/msg/detail/behavior_tree_log__struct.h
[31.654s] -- Up-to-date symlink: /home/unitree/navigation_ws/install/nav2_msgs/include/nav2_msgs/msg/detail/behavior_tree_log__type_support.h
[31.654s] -- Up-to-date symlink: /home/unitree/navigation_ws/install/nav2_msgs/include/nav2_msgs/msg/detail/behavior_tree_status_change__functions.h
[31.654s] -- Up-to-date symlink: /home/unitree/navigation_ws/install/nav2_msgs/include/nav2_msgs/msg/detail/behavior_tree_status_change__struct.h
[31.654s] -- Up-to-date symlink: /home/unitree/navigation_ws/install/nav2_msgs/include/nav2_msgs/msg/detail/behavior_tree_status_change__type_support.h
[31.655s] -- Up-to-date symlink: /home/unitree/navigation_ws/install/nav2_msgs/include/nav2_msgs/msg/detail/costmap__functions.h
[31.655s] -- Up-to-date symlink: /home/unitree/navigation_ws/install/nav2_msgs/include/nav2_msgs/msg/detail/costmap__struct.h
[31.655s] -- Up-to-date symlink: /home/unitree/navigation_ws/install/nav2_msgs/include/nav2_msgs/msg/detail/costmap__type_support.h
[31.655s] -- Up-to-date symlink: /home/unitree/navigation_ws/install/nav2_msgs/include/nav2_msgs/msg/detail/costmap_meta_data__functions.h
[31.655s] -- Up-to-date symlink: /home/unitree/navigation_ws/install/nav2_msgs/include/nav2_msgs/msg/detail/costmap_meta_data__struct.h
[31.655s] -- Up-to-date symlink: /home/unitree/navigation_ws/install/nav2_msgs/include/nav2_msgs/msg/detail/costmap_meta_data__type_support.h
[31.655s] -- Up-to-date symlink: /home/unitree/navigation_ws/install/nav2_msgs/include/nav2_msgs/msg/detail/particle__functions.h
[31.655s] -- Up-to-date symlink: /home/unitree/navigation_ws/install/nav2_msgs/include/nav2_msgs/msg/detail/particle__struct.h
[31.655s] -- Up-to-date symlink: /home/unitree/navigation_ws/install/nav2_msgs/include/nav2_msgs/msg/detail/particle__type_support.h
[31.656s] -- Up-to-date symlink: /home/unitree/navigation_ws/install/nav2_msgs/include/nav2_msgs/msg/detail/particle_cloud__functions.h
[31.656s] -- Up-to-date symlink: /home/unitree/navigation_ws/install/nav2_msgs/include/nav2_msgs/msg/detail/particle_cloud__struct.h
[31.656s] -- Up-to-date symlink: /home/unitree/navigation_ws/install/nav2_msgs/include/nav2_msgs/msg/detail/particle_cloud__type_support.h
[31.656s] -- Up-to-date symlink: /home/unitree/navigation_ws/install/nav2_msgs/include/nav2_msgs/msg/detail/voxel_grid__functions.h
[31.656s] -- Up-to-date symlink: /home/unitree/navigation_ws/install/nav2_msgs/include/nav2_msgs/msg/detail/voxel_grid__struct.h
[31.656s] -- Up-to-date symlink: /home/unitree/navigation_ws/install/nav2_msgs/include/nav2_msgs/msg/detail/voxel_grid__type_support.h
[31.656s] -- Up-to-date symlink: /home/unitree/navigation_ws/install/nav2_msgs/include/nav2_msgs/msg/particle.h
[31.656s] -- Up-to-date symlink: /home/unitree/navigation_ws/install/nav2_msgs/include/nav2_msgs/msg/particle_cloud.h
[31.656s] -- Up-to-date symlink: /home/unitree/navigation_ws/install/nav2_msgs/include/nav2_msgs/msg/rosidl_generator_c__visibility_control.h
[31.656s] -- Up-to-date symlink: /home/unitree/navigation_ws/install/nav2_msgs/include/nav2_msgs/msg/voxel_grid.h
[31.657s] -- Up-to-date symlink: /home/unitree/navigation_ws/install/nav2_msgs/include/nav2_msgs/srv/clear_costmap_around_robot.h
[31.657s] -- Up-to-date symlink: /home/unitree/navigation_ws/install/nav2_msgs/include/nav2_msgs/srv/clear_costmap_except_region.h
[31.657s] -- Up-to-date symlink: /home/unitree/navigation_ws/install/nav2_msgs/include/nav2_msgs/srv/clear_entire_costmap.h
[31.657s] -- Up-to-date symlink: /home/unitree/navigation_ws/install/nav2_msgs/include/nav2_msgs/srv/detail/clear_costmap_around_robot__functions.h
[31.657s] -- Up-to-date symlink: /home/unitree/navigation_ws/install/nav2_msgs/include/nav2_msgs/srv/detail/clear_costmap_around_robot__struct.h
[31.657s] -- Up-to-date symlink: /home/unitree/navigation_ws/install/nav2_msgs/include/nav2_msgs/srv/detail/clear_costmap_around_robot__type_support.h
[31.657s] -- Up-to-date symlink: /home/unitree/navigation_ws/install/nav2_msgs/include/nav2_msgs/srv/detail/clear_costmap_except_region__functions.h
[31.657s] -- Up-to-date symlink: /home/unitree/navigation_ws/install/nav2_msgs/include/nav2_msgs/srv/detail/clear_costmap_except_region__struct.h
[31.657s] -- Up-to-date symlink: /home/unitree/navigation_ws/install/nav2_msgs/include/nav2_msgs/srv/detail/clear_costmap_except_region__type_support.h
[31.658s] -- Up-to-date symlink: /home/unitree/navigation_ws/install/nav2_msgs/include/nav2_msgs/srv/detail/clear_entire_costmap__functions.h
[31.658s] -- Up-to-date symlink: /home/unitree/navigation_ws/install/nav2_msgs/include/nav2_msgs/srv/detail/clear_entire_costmap__struct.h
[31.658s] -- Up-to-date symlink: /home/unitree/navigation_ws/install/nav2_msgs/include/nav2_msgs/srv/detail/clear_entire_costmap__type_support.h
[31.658s] -- Up-to-date symlink: /home/unitree/navigation_ws/install/nav2_msgs/include/nav2_msgs/srv/detail/get_costmap__functions.h
[31.658s] -- Up-to-date symlink: /home/unitree/navigation_ws/install/nav2_msgs/include/nav2_msgs/srv/detail/get_costmap__struct.h
[31.658s] -- Up-to-date symlink: /home/unitree/navigation_ws/install/nav2_msgs/include/nav2_msgs/srv/detail/get_costmap__type_support.h
[31.658s] -- Up-to-date symlink: /home/unitree/navigation_ws/install/nav2_msgs/include/nav2_msgs/srv/detail/load_map__functions.h
[31.658s] -- Up-to-date symlink: /home/unitree/navigation_ws/install/nav2_msgs/include/nav2_msgs/srv/detail/load_map__struct.h
[31.658s] -- Up-to-date symlink: /home/unitree/navigation_ws/install/nav2_msgs/include/nav2_msgs/srv/detail/load_map__type_support.h
[31.681s] -- Up-to-date symlink: /home/unitree/navigation_ws/install/nav2_msgs/include/nav2_msgs/srv/detail/manage_lifecycle_nodes__functions.h
[31.682s] -- Up-to-date symlink: /home/unitree/navigation_ws/install/nav2_msgs/include/nav2_msgs/srv/detail/manage_lifecycle_nodes__struct.h
[31.682s] -- Up-to-date symlink: /home/unitree/navigation_ws/install/nav2_msgs/include/nav2_msgs/srv/detail/manage_lifecycle_nodes__type_support.h
[31.682s] -- Up-to-date symlink: /home/unitree/navigation_ws/install/nav2_msgs/include/nav2_msgs/srv/detail/save_map__functions.h
[31.682s] -- Up-to-date symlink: /home/unitree/navigation_ws/install/nav2_msgs/include/nav2_msgs/srv/detail/save_map__struct.h
[31.682s] -- Up-to-date symlink: /home/unitree/navigation_ws/install/nav2_msgs/include/nav2_msgs/srv/detail/save_map__type_support.h
[31.682s] -- Up-to-date symlink: /home/unitree/navigation_ws/install/nav2_msgs/include/nav2_msgs/srv/get_costmap.h
[31.682s] -- Up-to-date symlink: /home/unitree/navigation_ws/install/nav2_msgs/include/nav2_msgs/srv/load_map.h
[31.683s] -- Up-to-date symlink: /home/unitree/navigation_ws/install/nav2_msgs/include/nav2_msgs/srv/manage_lifecycle_nodes.h
[31.683s] -- Up-to-date symlink: /home/unitree/navigation_ws/install/nav2_msgs/include/nav2_msgs/srv/save_map.h
[31.683s] -- Up-to-date symlink: /home/unitree/navigation_ws/install/nav2_msgs/share/nav2_msgs/environment/library_path.sh
[31.683s] -- Up-to-date symlink: /home/unitree/navigation_ws/install/nav2_msgs/share/nav2_msgs/environment/library_path.dsv
[31.683s] -- Up-to-date symlink: /home/unitree/navigation_ws/install/nav2_msgs/include/nav2_msgs/action/detail/back_up__rosidl_typesupport_fastrtps_c.h
[31.683s] -- Up-to-date symlink: /home/unitree/navigation_ws/install/nav2_msgs/include/nav2_msgs/action/detail/compute_path_to_pose__rosidl_typesupport_fastrtps_c.h
[31.683s] -- Up-to-date symlink: /home/unitree/navigation_ws/install/nav2_msgs/include/nav2_msgs/action/detail/dummy_recovery__rosidl_typesupport_fastrtps_c.h
[31.683s] -- Up-to-date symlink: /home/unitree/navigation_ws/install/nav2_msgs/include/nav2_msgs/action/detail/follow_path__rosidl_typesupport_fastrtps_c.h
[31.683s] -- Up-to-date symlink: /home/unitree/navigation_ws/install/nav2_msgs/include/nav2_msgs/action/detail/follow_waypoints__rosidl_typesupport_fastrtps_c.h
[31.684s] -- Up-to-date symlink: /home/unitree/navigation_ws/install/nav2_msgs/include/nav2_msgs/action/detail/navigate_to_pose__rosidl_typesupport_fastrtps_c.h
[31.684s] -- Up-to-date symlink: /home/unitree/navigation_ws/install/nav2_msgs/include/nav2_msgs/action/detail/spin__rosidl_typesupport_fastrtps_c.h
[31.684s] -- Up-to-date symlink: /home/unitree/navigation_ws/install/nav2_msgs/include/nav2_msgs/action/detail/wait__rosidl_typesupport_fastrtps_c.h
[31.684s] -- Up-to-date symlink: /home/unitree/navigation_ws/install/nav2_msgs/include/nav2_msgs/msg/detail/behavior_tree_log__rosidl_typesupport_fastrtps_c.h
[31.684s] -- Up-to-date symlink: /home/unitree/navigation_ws/install/nav2_msgs/include/nav2_msgs/msg/detail/behavior_tree_status_change__rosidl_typesupport_fastrtps_c.h
[31.684s] -- Up-to-date symlink: /home/unitree/navigation_ws/install/nav2_msgs/include/nav2_msgs/msg/detail/costmap__rosidl_typesupport_fastrtps_c.h
[31.684s] -- Up-to-date symlink: /home/unitree/navigation_ws/install/nav2_msgs/include/nav2_msgs/msg/detail/costmap_meta_data__rosidl_typesupport_fastrtps_c.h
[31.684s] -- Up-to-date symlink: /home/unitree/navigation_ws/install/nav2_msgs/include/nav2_msgs/msg/detail/particle__rosidl_typesupport_fastrtps_c.h
[31.684s] -- Up-to-date symlink: /home/unitree/navigation_ws/install/nav2_msgs/include/nav2_msgs/msg/detail/particle_cloud__rosidl_typesupport_fastrtps_c.h
[31.685s] -- Up-to-date symlink: /home/unitree/navigation_ws/install/nav2_msgs/include/nav2_msgs/msg/detail/voxel_grid__rosidl_typesupport_fastrtps_c.h
[31.685s] -- Up-to-date symlink: /home/unitree/navigation_ws/install/nav2_msgs/include/nav2_msgs/msg/rosidl_typesupport_fastrtps_c__visibility_control.h
[31.685s] -- Up-to-date symlink: /home/unitree/navigation_ws/install/nav2_msgs/include/nav2_msgs/srv/detail/clear_costmap_around_robot__rosidl_typesupport_fastrtps_c.h
[31.685s] -- Up-to-date symlink: /home/unitree/navigation_ws/install/nav2_msgs/include/nav2_msgs/srv/detail/clear_costmap_except_region__rosidl_typesupport_fastrtps_c.h
[31.685s] -- Up-to-date symlink: /home/unitree/navigation_ws/install/nav2_msgs/include/nav2_msgs/srv/detail/clear_entire_costmap__rosidl_typesupport_fastrtps_c.h
[31.685s] -- Up-to-date symlink: /home/unitree/navigation_ws/install/nav2_msgs/include/nav2_msgs/srv/detail/get_costmap__rosidl_typesupport_fastrtps_c.h
[31.685s] -- Up-to-date symlink: /home/unitree/navigation_ws/install/nav2_msgs/include/nav2_msgs/srv/detail/load_map__rosidl_typesupport_fastrtps_c.h
[31.685s] -- Up-to-date symlink: /home/unitree/navigation_ws/install/nav2_msgs/include/nav2_msgs/srv/detail/manage_lifecycle_nodes__rosidl_typesupport_fastrtps_c.h
[31.685s] -- Up-to-date symlink: /home/unitree/navigation_ws/install/nav2_msgs/include/nav2_msgs/srv/detail/save_map__rosidl_typesupport_fastrtps_c.h
[31.685s] -- Up-to-date symlink: /home/unitree/navigation_ws/install/nav2_msgs/lib/libnav2_msgs__rosidl_typesupport_fastrtps_c.so
[31.686s] -- Up-to-date symlink: /home/unitree/navigation_ws/install/nav2_msgs/include/nav2_msgs/action/detail/back_up__rosidl_typesupport_fastrtps_cpp.hpp
[31.686s] -- Up-to-date symlink: /home/unitree/navigation_ws/install/nav2_msgs/include/nav2_msgs/action/detail/compute_path_to_pose__rosidl_typesupport_fastrtps_cpp.hpp
[31.686s] -- Up-to-date symlink: /home/unitree/navigation_ws/install/nav2_msgs/include/nav2_msgs/action/detail/dummy_recovery__rosidl_typesupport_fastrtps_cpp.hpp
[31.686s] -- Up-to-date symlink: /home/unitree/navigation_ws/install/nav2_msgs/include/nav2_msgs/action/detail/follow_path__rosidl_typesupport_fastrtps_cpp.hpp
[31.686s] -- Up-to-date symlink: /home/unitree/navigation_ws/install/nav2_msgs/include/nav2_msgs/action/detail/follow_waypoints__rosidl_typesupport_fastrtps_cpp.hpp
[31.686s] -- Up-to-date symlink: /home/unitree/navigation_ws/install/nav2_msgs/include/nav2_msgs/action/detail/navigate_to_pose__rosidl_typesupport_fastrtps_cpp.hpp
[31.686s] -- Up-to-date symlink: /home/unitree/navigation_ws/install/nav2_msgs/include/nav2_msgs/action/detail/spin__rosidl_typesupport_fastrtps_cpp.hpp
[31.686s] -- Up-to-date symlink: /home/unitree/navigation_ws/install/nav2_msgs/include/nav2_msgs/action/detail/wait__rosidl_typesupport_fastrtps_cpp.hpp
[31.686s] -- Up-to-date symlink: /home/unitree/navigation_ws/install/nav2_msgs/include/nav2_msgs/msg/detail/behavior_tree_log__rosidl_typesupport_fastrtps_cpp.hpp
[31.687s] -- Up-to-date symlink: /home/unitree/navigation_ws/install/nav2_msgs/include/nav2_msgs/msg/detail/behavior_tree_status_change__rosidl_typesupport_fastrtps_cpp.hpp
[31.687s] -- Up-to-date symlink: /home/unitree/navigation_ws/install/nav2_msgs/include/nav2_msgs/msg/detail/costmap__rosidl_typesupport_fastrtps_cpp.hpp
[31.687s] -- Up-to-date symlink: /home/unitree/navigation_ws/install/nav2_msgs/include/nav2_msgs/msg/detail/costmap_meta_data__rosidl_typesupport_fastrtps_cpp.hpp
[31.687s] -- Up-to-date symlink: /home/unitree/navigation_ws/install/nav2_msgs/include/nav2_msgs/msg/detail/particle__rosidl_typesupport_fastrtps_cpp.hpp
[31.687s] -- Up-to-date symlink: /home/unitree/navigation_ws/install/nav2_msgs/include/nav2_msgs/msg/detail/particle_cloud__rosidl_typesupport_fastrtps_cpp.hpp
[31.687s] -- Up-to-date symlink: /home/unitree/navigation_ws/install/nav2_msgs/include/nav2_msgs/msg/detail/voxel_grid__rosidl_typesupport_fastrtps_cpp.hpp
[31.687s] -- Up-to-date symlink: /home/unitree/navigation_ws/install/nav2_msgs/include/nav2_msgs/msg/rosidl_typesupport_fastrtps_cpp__visibility_control.h
[31.687s] -- Up-to-date symlink: /home/unitree/navigation_ws/install/nav2_msgs/include/nav2_msgs/srv/detail/clear_costmap_around_robot__rosidl_typesupport_fastrtps_cpp.hpp
[31.687s] -- Up-to-date symlink: /home/unitree/navigation_ws/install/nav2_msgs/include/nav2_msgs/srv/detail/clear_costmap_except_region__rosidl_typesupport_fastrtps_cpp.hpp
[31.687s] -- Up-to-date symlink: /home/unitree/navigation_ws/install/nav2_msgs/include/nav2_msgs/srv/detail/clear_entire_costmap__rosidl_typesupport_fastrtps_cpp.hpp
[31.705s] -- Up-to-date symlink: /home/unitree/navigation_ws/install/nav2_msgs/include/nav2_msgs/srv/detail/get_costmap__rosidl_typesupport_fastrtps_cpp.hpp
[31.705s] -- Up-to-date symlink: /home/unitree/navigation_ws/install/nav2_msgs/include/nav2_msgs/srv/detail/load_map__rosidl_typesupport_fastrtps_cpp.hpp
[31.705s] -- Up-to-date symlink: /home/unitree/navigation_ws/install/nav2_msgs/include/nav2_msgs/srv/detail/manage_lifecycle_nodes__rosidl_typesupport_fastrtps_cpp.hpp
[31.708s] -- Up-to-date symlink: /home/unitree/navigation_ws/install/nav2_msgs/include/nav2_msgs/srv/detail/save_map__rosidl_typesupport_fastrtps_cpp.hpp
[31.708s] -- Up-to-date symlink: /home/unitree/navigation_ws/install/nav2_msgs/lib/libnav2_msgs__rosidl_typesupport_fastrtps_cpp.so
[31.708s] -- Up-to-date symlink: /home/unitree/navigation_ws/install/nav2_msgs/include/nav2_msgs/action/detail/back_up__rosidl_typesupport_introspection_c.h
[31.708s] -- Up-to-date symlink: /home/unitree/navigation_ws/install/nav2_msgs/include/nav2_msgs/action/detail/compute_path_to_pose__rosidl_typesupport_introspection_c.h
[31.708s] -- Up-to-date symlink: /home/unitree/navigation_ws/install/nav2_msgs/include/nav2_msgs/action/detail/dummy_recovery__rosidl_typesupport_introspection_c.h
[31.708s] -- Up-to-date symlink: /home/unitree/navigation_ws/install/nav2_msgs/include/nav2_msgs/action/detail/follow_path__rosidl_typesupport_introspection_c.h
[31.709s] -- Up-to-date symlink: /home/unitree/navigation_ws/install/nav2_msgs/include/nav2_msgs/action/detail/follow_waypoints__rosidl_typesupport_introspection_c.h
[31.709s] -- Up-to-date symlink: /home/unitree/navigation_ws/install/nav2_msgs/include/nav2_msgs/action/detail/navigate_to_pose__rosidl_typesupport_introspection_c.h
[31.709s] -- Up-to-date symlink: /home/unitree/navigation_ws/install/nav2_msgs/include/nav2_msgs/action/detail/spin__rosidl_typesupport_introspection_c.h
[31.709s] -- Up-to-date symlink: /home/unitree/navigation_ws/install/nav2_msgs/include/nav2_msgs/action/detail/wait__rosidl_typesupport_introspection_c.h
[31.709s] -- Up-to-date symlink: /home/unitree/navigation_ws/install/nav2_msgs/include/nav2_msgs/msg/detail/behavior_tree_log__rosidl_typesupport_introspection_c.h
[31.709s] -- Up-to-date symlink: /home/unitree/navigation_ws/install/nav2_msgs/include/nav2_msgs/msg/detail/behavior_tree_status_change__rosidl_typesupport_introspection_c.h
[31.709s] -- Up-to-date symlink: /home/unitree/navigation_ws/install/nav2_msgs/include/nav2_msgs/msg/detail/costmap__rosidl_typesupport_introspection_c.h
[31.709s] -- Up-to-date symlink: /home/unitree/navigation_ws/install/nav2_msgs/include/nav2_msgs/msg/detail/costmap_meta_data__rosidl_typesupport_introspection_c.h
[31.709s] -- Up-to-date symlink: /home/unitree/navigation_ws/install/nav2_msgs/include/nav2_msgs/msg/detail/particle__rosidl_typesupport_introspection_c.h
[31.709s] -- Up-to-date symlink: /home/unitree/navigation_ws/install/nav2_msgs/include/nav2_msgs/msg/detail/particle_cloud__rosidl_typesupport_introspection_c.h
[31.710s] -- Up-to-date symlink: /home/unitree/navigation_ws/install/nav2_msgs/include/nav2_msgs/msg/detail/voxel_grid__rosidl_typesupport_introspection_c.h
[31.710s] -- Up-to-date symlink: /home/unitree/navigation_ws/install/nav2_msgs/include/nav2_msgs/msg/rosidl_typesupport_introspection_c__visibility_control.h
[31.710s] -- Up-to-date symlink: /home/unitree/navigation_ws/install/nav2_msgs/include/nav2_msgs/srv/detail/clear_costmap_around_robot__rosidl_typesupport_introspection_c.h
[31.710s] -- Up-to-date symlink: /home/unitree/navigation_ws/install/nav2_msgs/include/nav2_msgs/srv/detail/clear_costmap_except_region__rosidl_typesupport_introspection_c.h
[31.710s] -- Up-to-date symlink: /home/unitree/navigation_ws/install/nav2_msgs/include/nav2_msgs/srv/detail/clear_entire_costmap__rosidl_typesupport_introspection_c.h
[31.710s] -- Up-to-date symlink: /home/unitree/navigation_ws/install/nav2_msgs/include/nav2_msgs/srv/detail/get_costmap__rosidl_typesupport_introspection_c.h
[31.710s] -- Up-to-date symlink: /home/unitree/navigation_ws/install/nav2_msgs/include/nav2_msgs/srv/detail/load_map__rosidl_typesupport_introspection_c.h
[31.710s] -- Up-to-date symlink: /home/unitree/navigation_ws/install/nav2_msgs/include/nav2_msgs/srv/detail/manage_lifecycle_nodes__rosidl_typesupport_introspection_c.h
[31.711s] -- Up-to-date symlink: /home/unitree/navigation_ws/install/nav2_msgs/include/nav2_msgs/srv/detail/save_map__rosidl_typesupport_introspection_c.h
[31.733s] -- Up-to-date symlink: /home/unitree/navigation_ws/install/nav2_msgs/include/nav2_msgs/action/back_up.hpp
[31.733s] -- Up-to-date symlink: /home/unitree/navigation_ws/install/nav2_msgs/include/nav2_msgs/action/compute_path_to_pose.hpp
[31.733s] -- Up-to-date symlink: /home/unitree/navigation_ws/install/nav2_msgs/include/nav2_msgs/action/detail/back_up__builder.hpp
[31.733s] -- Up-to-date symlink: /home/unitree/navigation_ws/install/nav2_msgs/include/nav2_msgs/action/detail/back_up__struct.hpp
[31.733s] -- Up-to-date symlink: /home/unitree/navigation_ws/install/nav2_msgs/include/nav2_msgs/action/detail/back_up__traits.hpp
[31.734s] -- Up-to-date symlink: /home/unitree/navigation_ws/install/nav2_msgs/include/nav2_msgs/action/detail/back_up__type_support.hpp
[31.734s] -- Up-to-date symlink: /home/unitree/navigation_ws/install/nav2_msgs/include/nav2_msgs/action/detail/compute_path_to_pose__builder.hpp
[31.734s] -- Up-to-date symlink: /home/unitree/navigation_ws/install/nav2_msgs/include/nav2_msgs/action/detail/compute_path_to_pose__struct.hpp
[31.734s] -- Up-to-date symlink: /home/unitree/navigation_ws/install/nav2_msgs/include/nav2_msgs/action/detail/compute_path_to_pose__traits.hpp
[31.734s] -- Up-to-date symlink: /home/unitree/navigation_ws/install/nav2_msgs/include/nav2_msgs/action/detail/compute_path_to_pose__type_support.hpp
[31.734s] -- Up-to-date symlink: /home/unitree/navigation_ws/install/nav2_msgs/include/nav2_msgs/action/detail/dummy_recovery__builder.hpp
[31.734s] -- Up-to-date symlink: /home/unitree/navigation_ws/install/nav2_msgs/include/nav2_msgs/action/detail/dummy_recovery__struct.hpp
[31.734s] -- Up-to-date symlink: /home/unitree/navigation_ws/install/nav2_msgs/include/nav2_msgs/action/detail/dummy_recovery__traits.hpp
[31.734s] -- Up-to-date symlink: /home/unitree/navigation_ws/install/nav2_msgs/include/nav2_msgs/action/detail/dummy_recovery__type_support.hpp
[31.735s] -- Up-to-date symlink: /home/unitree/navigation_ws/install/nav2_msgs/include/nav2_msgs/action/detail/follow_path__builder.hpp
[31.736s] -- Up-to-date symlink: /home/unitree/navigation_ws/install/nav2_msgs/include/nav2_msgs/action/detail/follow_path__struct.hpp
[31.736s] -- Up-to-date symlink: /home/unitree/navigation_ws/install/nav2_msgs/include/nav2_msgs/action/detail/follow_path__traits.hpp
[31.736s] -- Up-to-date symlink: /home/unitree/navigation_ws/install/nav2_msgs/include/nav2_msgs/action/detail/follow_path__type_support.hpp
[31.736s] -- Up-to-date symlink: /home/unitree/navigation_ws/install/nav2_msgs/include/nav2_msgs/action/detail/follow_waypoints__builder.hpp
[31.737s] -- Up-to-date symlink: /home/unitree/navigation_ws/install/nav2_msgs/include/nav2_msgs/action/detail/follow_waypoints__struct.hpp
[31.737s] -- Up-to-date symlink: /home/unitree/navigation_ws/install/nav2_msgs/include/nav2_msgs/action/detail/follow_waypoints__traits.hpp
[31.737s] -- Up-to-date symlink: /home/unitree/navigation_ws/install/nav2_msgs/include/nav2_msgs/action/detail/follow_waypoints__type_support.hpp
[31.737s] -- Up-to-date symlink: /home/unitree/navigation_ws/install/nav2_msgs/include/nav2_msgs/action/detail/navigate_to_pose__builder.hpp
[31.737s] -- Up-to-date symlink: /home/unitree/navigation_ws/install/nav2_msgs/include/nav2_msgs/action/detail/navigate_to_pose__struct.hpp
[31.737s] -- Up-to-date symlink: /home/unitree/navigation_ws/install/nav2_msgs/include/nav2_msgs/action/detail/navigate_to_pose__traits.hpp
[31.737s] -- Up-to-date symlink: /home/unitree/navigation_ws/install/nav2_msgs/include/nav2_msgs/action/detail/navigate_to_pose__type_support.hpp
[31.737s] -- Up-to-date symlink: /home/unitree/navigation_ws/install/nav2_msgs/include/nav2_msgs/action/detail/spin__builder.hpp
[31.737s] -- Up-to-date symlink: /home/unitree/navigation_ws/install/nav2_msgs/include/nav2_msgs/action/detail/spin__struct.hpp
[31.738s] -- Up-to-date symlink: /home/unitree/navigation_ws/install/nav2_msgs/include/nav2_msgs/action/detail/spin__traits.hpp
[31.738s] -- Up-to-date symlink: /home/unitree/navigation_ws/install/nav2_msgs/include/nav2_msgs/action/detail/spin__type_support.hpp
[31.738s] -- Up-to-date symlink: /home/unitree/navigation_ws/install/nav2_msgs/include/nav2_msgs/action/detail/wait__builder.hpp
[31.738s] -- Up-to-date symlink: /home/unitree/navigation_ws/install/nav2_msgs/include/nav2_msgs/action/detail/wait__struct.hpp
[31.738s] -- Up-to-date symlink: /home/unitree/navigation_ws/install/nav2_msgs/include/nav2_msgs/action/detail/wait__traits.hpp
[31.738s] -- Up-to-date symlink: /home/unitree/navigation_ws/install/nav2_msgs/include/nav2_msgs/action/detail/wait__type_support.hpp
[31.738s] -- Up-to-date symlink: /home/unitree/navigation_ws/install/nav2_msgs/include/nav2_msgs/action/dummy_recovery.hpp
[31.738s] -- Up-to-date symlink: /home/unitree/navigation_ws/install/nav2_msgs/include/nav2_msgs/action/follow_path.hpp
[31.738s] -- Up-to-date symlink: /home/unitree/navigation_ws/install/nav2_msgs/include/nav2_msgs/action/follow_waypoints.hpp
[31.739s] -- Up-to-date symlink: /home/unitree/navigation_ws/install/nav2_msgs/include/nav2_msgs/action/navigate_to_pose.hpp
[31.739s] -- Up-to-date symlink: /home/unitree/navigation_ws/install/nav2_msgs/include/nav2_msgs/action/spin.hpp
[31.739s] -- Up-to-date symlink: /home/unitree/navigation_ws/install/nav2_msgs/include/nav2_msgs/action/wait.hpp
[31.739s] -- Up-to-date symlink: /home/unitree/navigation_ws/install/nav2_msgs/include/nav2_msgs/msg/behavior_tree_log.hpp
[31.739s] -- Up-to-date symlink: /home/unitree/navigation_ws/install/nav2_msgs/include/nav2_msgs/msg/behavior_tree_status_change.hpp
[31.739s] -- Up-to-date symlink: /home/unitree/navigation_ws/install/nav2_msgs/include/nav2_msgs/msg/costmap.hpp
[31.739s] -- Up-to-date symlink: /home/unitree/navigation_ws/install/nav2_msgs/include/nav2_msgs/msg/costmap_meta_data.hpp
[31.739s] -- Up-to-date symlink: /home/unitree/navigation_ws/install/nav2_msgs/include/nav2_msgs/msg/detail/behavior_tree_log__builder.hpp
[31.739s] -- Up-to-date symlink: /home/unitree/navigation_ws/install/nav2_msgs/include/nav2_msgs/msg/detail/behavior_tree_log__struct.hpp
[31.740s] -- Up-to-date symlink: /home/unitree/navigation_ws/install/nav2_msgs/include/nav2_msgs/msg/detail/behavior_tree_log__traits.hpp
[31.740s] -- Up-to-date symlink: /home/unitree/navigation_ws/install/nav2_msgs/include/nav2_msgs/msg/detail/behavior_tree_log__type_support.hpp
[31.740s] -- Up-to-date symlink: /home/unitree/navigation_ws/install/nav2_msgs/include/nav2_msgs/msg/detail/behavior_tree_status_change__builder.hpp
[31.740s] -- Up-to-date symlink: /home/unitree/navigation_ws/install/nav2_msgs/include/nav2_msgs/msg/detail/behavior_tree_status_change__struct.hpp
[31.740s] -- Up-to-date symlink: /home/unitree/navigation_ws/install/nav2_msgs/include/nav2_msgs/msg/detail/behavior_tree_status_change__traits.hpp
[31.740s] -- Up-to-date symlink: /home/unitree/navigation_ws/install/nav2_msgs/include/nav2_msgs/msg/detail/behavior_tree_status_change__type_support.hpp
[31.740s] -- Up-to-date symlink: /home/unitree/navigation_ws/install/nav2_msgs/include/nav2_msgs/msg/detail/costmap__builder.hpp
[31.740s] -- Up-to-date symlink: /home/unitree/navigation_ws/install/nav2_msgs/include/nav2_msgs/msg/detail/costmap__struct.hpp
[31.740s] -- Up-to-date symlink: /home/unitree/navigation_ws/install/nav2_msgs/include/nav2_msgs/msg/detail/costmap__traits.hpp
[31.740s] -- Up-to-date symlink: /home/unitree/navigation_ws/install/nav2_msgs/include/nav2_msgs/msg/detail/costmap__type_support.hpp
[31.741s] -- Up-to-date symlink: /home/unitree/navigation_ws/install/nav2_msgs/include/nav2_msgs/msg/detail/costmap_meta_data__builder.hpp
[31.741s] -- Up-to-date symlink: /home/unitree/navigation_ws/install/nav2_msgs/include/nav2_msgs/msg/detail/costmap_meta_data__struct.hpp
[31.741s] -- Up-to-date symlink: /home/unitree/navigation_ws/install/nav2_msgs/include/nav2_msgs/msg/detail/costmap_meta_data__traits.hpp
[31.741s] -- Up-to-date symlink: /home/unitree/navigation_ws/install/nav2_msgs/include/nav2_msgs/msg/detail/costmap_meta_data__type_support.hpp
[31.741s] -- Up-to-date symlink: /home/unitree/navigation_ws/install/nav2_msgs/include/nav2_msgs/msg/detail/particle__builder.hpp
[31.741s] -- Up-to-date symlink: /home/unitree/navigation_ws/install/nav2_msgs/include/nav2_msgs/msg/detail/particle__struct.hpp
[31.741s] -- Up-to-date symlink: /home/unitree/navigation_ws/install/nav2_msgs/include/nav2_msgs/msg/detail/particle__traits.hpp
[31.741s] -- Up-to-date symlink: /home/unitree/navigation_ws/install/nav2_msgs/include/nav2_msgs/msg/detail/particle__type_support.hpp
[31.741s] -- Up-to-date symlink: /home/unitree/navigation_ws/install/nav2_msgs/include/nav2_msgs/msg/detail/particle_cloud__builder.hpp
[31.742s] -- Up-to-date symlink: /home/unitree/navigation_ws/install/nav2_msgs/include/nav2_msgs/msg/detail/particle_cloud__struct.hpp
[31.742s] -- Up-to-date symlink: /home/unitree/navigation_ws/install/nav2_msgs/include/nav2_msgs/msg/detail/particle_cloud__traits.hpp
[31.742s] -- Up-to-date symlink: /home/unitree/navigation_ws/install/nav2_msgs/include/nav2_msgs/msg/detail/particle_cloud__type_support.hpp
[31.742s] -- Up-to-date symlink: /home/unitree/navigation_ws/install/nav2_msgs/include/nav2_msgs/msg/detail/voxel_grid__builder.hpp
[31.742s] -- Up-to-date symlink: /home/unitree/navigation_ws/install/nav2_msgs/include/nav2_msgs/msg/detail/voxel_grid__struct.hpp
[31.742s] -- Up-to-date symlink: /home/unitree/navigation_ws/install/nav2_msgs/include/nav2_msgs/msg/detail/voxel_grid__traits.hpp
[31.742s] -- Up-to-date symlink: /home/unitree/navigation_ws/install/nav2_msgs/include/nav2_msgs/msg/detail/voxel_grid__type_support.hpp
[31.742s] -- Up-to-date symlink: /home/unitree/navigation_ws/install/nav2_msgs/include/nav2_msgs/msg/particle.hpp
[31.742s] -- Up-to-date symlink: /home/unitree/navigation_ws/install/nav2_msgs/include/nav2_msgs/msg/particle_cloud.hpp
[31.767s] -- Up-to-date symlink: /home/unitree/navigation_ws/install/nav2_msgs/include/nav2_msgs/msg/rosidl_generator_cpp__visibility_control.hpp
[31.768s] -- Up-to-date symlink: /home/unitree/navigation_ws/install/nav2_msgs/include/nav2_msgs/msg/voxel_grid.hpp
[31.768s] -- Up-to-date symlink: /home/unitree/navigation_ws/install/nav2_msgs/include/nav2_msgs/srv/clear_costmap_around_robot.hpp
[31.768s] -- Up-to-date symlink: /home/unitree/navigation_ws/install/nav2_msgs/include/nav2_msgs/srv/clear_costmap_except_region.hpp
[31.768s] -- Up-to-date symlink: /home/unitree/navigation_ws/install/nav2_msgs/include/nav2_msgs/srv/clear_entire_costmap.hpp
[31.768s] -- Up-to-date symlink: /home/unitree/navigation_ws/install/nav2_msgs/include/nav2_msgs/srv/detail/clear_costmap_around_robot__builder.hpp
[31.769s] -- Up-to-date symlink: /home/unitree/navigation_ws/install/nav2_msgs/include/nav2_msgs/srv/detail/clear_costmap_around_robot__struct.hpp
[31.769s] -- Up-to-date symlink: /home/unitree/navigation_ws/install/nav2_msgs/include/nav2_msgs/srv/detail/clear_costmap_around_robot__traits.hpp
[31.769s] -- Up-to-date symlink: /home/unitree/navigation_ws/install/nav2_msgs/include/nav2_msgs/srv/detail/clear_costmap_around_robot__type_support.hpp
[31.769s] -- Up-to-date symlink: /home/unitree/navigation_ws/install/nav2_msgs/include/nav2_msgs/srv/detail/clear_costmap_except_region__builder.hpp
[31.769s] -- Up-to-date symlink: /home/unitree/navigation_ws/install/nav2_msgs/include/nav2_msgs/srv/detail/clear_costmap_except_region__struct.hpp
[31.769s] -- Up-to-date symlink: /home/unitree/navigation_ws/install/nav2_msgs/include/nav2_msgs/srv/detail/clear_costmap_except_region__traits.hpp
[31.769s] -- Up-to-date symlink: /home/unitree/navigation_ws/install/nav2_msgs/include/nav2_msgs/srv/detail/clear_costmap_except_region__type_support.hpp
[31.769s] -- Up-to-date symlink: /home/unitree/navigation_ws/install/nav2_msgs/include/nav2_msgs/srv/detail/clear_entire_costmap__builder.hpp
[31.769s] -- Up-to-date symlink: /home/unitree/navigation_ws/install/nav2_msgs/include/nav2_msgs/srv/detail/clear_entire_costmap__struct.hpp
[31.769s] -- Up-to-date symlink: /home/unitree/navigation_ws/install/nav2_msgs/include/nav2_msgs/srv/detail/clear_entire_costmap__traits.hpp
[31.770s] -- Up-to-date symlink: /home/unitree/navigation_ws/install/nav2_msgs/include/nav2_msgs/srv/detail/clear_entire_costmap__type_support.hpp
[31.770s] -- Up-to-date symlink: /home/unitree/navigation_ws/install/nav2_msgs/include/nav2_msgs/srv/detail/get_costmap__builder.hpp
[31.770s] -- Up-to-date symlink: /home/unitree/navigation_ws/install/nav2_msgs/include/nav2_msgs/srv/detail/get_costmap__struct.hpp
[31.770s] -- Up-to-date symlink: /home/unitree/navigation_ws/install/nav2_msgs/include/nav2_msgs/srv/detail/get_costmap__traits.hpp
[31.770s] -- Up-to-date symlink: /home/unitree/navigation_ws/install/nav2_msgs/include/nav2_msgs/srv/detail/get_costmap__type_support.hpp
[31.770s] -- Up-to-date symlink: /home/unitree/navigation_ws/install/nav2_msgs/include/nav2_msgs/srv/detail/load_map__builder.hpp
[31.770s] -- Up-to-date symlink: /home/unitree/navigation_ws/install/nav2_msgs/include/nav2_msgs/srv/detail/load_map__struct.hpp
[31.770s] -- Up-to-date symlink: /home/unitree/navigation_ws/install/nav2_msgs/include/nav2_msgs/srv/detail/load_map__traits.hpp
[31.770s] -- Up-to-date symlink: /home/unitree/navigation_ws/install/nav2_msgs/include/nav2_msgs/srv/detail/load_map__type_support.hpp
[31.771s] -- Up-to-date symlink: /home/unitree/navigation_ws/install/nav2_msgs/include/nav2_msgs/srv/detail/manage_lifecycle_nodes__builder.hpp
[31.771s] -- Up-to-date symlink: /home/unitree/navigation_ws/install/nav2_msgs/include/nav2_msgs/srv/detail/manage_lifecycle_nodes__struct.hpp
[31.771s] -- Up-to-date symlink: /home/unitree/navigation_ws/install/nav2_msgs/include/nav2_msgs/srv/detail/manage_lifecycle_nodes__traits.hpp
[31.771s] -- Up-to-date symlink: /home/unitree/navigation_ws/install/nav2_msgs/include/nav2_msgs/srv/detail/manage_lifecycle_nodes__type_support.hpp
[31.771s] -- Up-to-date symlink: /home/unitree/navigation_ws/install/nav2_msgs/include/nav2_msgs/srv/detail/save_map__builder.hpp
[31.771s] -- Up-to-date symlink: /home/unitree/navigation_ws/install/nav2_msgs/include/nav2_msgs/srv/detail/save_map__struct.hpp
[31.771s] -- Up-to-date symlink: /home/unitree/navigation_ws/install/nav2_msgs/include/nav2_msgs/srv/detail/save_map__traits.hpp
[31.771s] -- Up-to-date symlink: /home/unitree/navigation_ws/install/nav2_msgs/include/nav2_msgs/srv/detail/save_map__type_support.hpp
[31.771s] -- Up-to-date symlink: /home/unitree/navigation_ws/install/nav2_msgs/include/nav2_msgs/srv/get_costmap.hpp
[31.772s] -- Up-to-date symlink: /home/unitree/navigation_ws/install/nav2_msgs/include/nav2_msgs/srv/load_map.hpp
[31.772s] -- Up-to-date symlink: /home/unitree/navigation_ws/install/nav2_msgs/include/nav2_msgs/srv/manage_lifecycle_nodes.hpp
[31.772s] -- Up-to-date symlink: /home/unitree/navigation_ws/install/nav2_msgs/include/nav2_msgs/srv/save_map.hpp
[31.772s] -- Up-to-date symlink: /home/unitree/navigation_ws/install/nav2_msgs/include/nav2_msgs/action/detail/back_up__rosidl_typesupport_introspection_cpp.hpp
[31.772s] -- Up-to-date symlink: /home/unitree/navigation_ws/install/nav2_msgs/include/nav2_msgs/action/detail/compute_path_to_pose__rosidl_typesupport_introspection_cpp.hpp
[31.772s] -- Up-to-date symlink: /home/unitree/navigation_ws/install/nav2_msgs/include/nav2_msgs/action/detail/dummy_recovery__rosidl_typesupport_introspection_cpp.hpp
[31.772s] -- Up-to-date symlink: /home/unitree/navigation_ws/install/nav2_msgs/include/nav2_msgs/action/detail/follow_path__rosidl_typesupport_introspection_cpp.hpp
[31.772s] -- Up-to-date symlink: /home/unitree/navigation_ws/install/nav2_msgs/include/nav2_msgs/action/detail/follow_waypoints__rosidl_typesupport_introspection_cpp.hpp
[31.772s] -- Up-to-date symlink: /home/unitree/navigation_ws/install/nav2_msgs/include/nav2_msgs/action/detail/navigate_to_pose__rosidl_typesupport_introspection_cpp.hpp
[31.773s] -- Up-to-date symlink: /home/unitree/navigation_ws/install/nav2_msgs/include/nav2_msgs/action/detail/spin__rosidl_typesupport_introspection_cpp.hpp
[31.773s] -- Up-to-date symlink: /home/unitree/navigation_ws/install/nav2_msgs/include/nav2_msgs/action/detail/wait__rosidl_typesupport_introspection_cpp.hpp
[31.773s] -- Up-to-date symlink: /home/unitree/navigation_ws/install/nav2_msgs/include/nav2_msgs/msg/detail/behavior_tree_log__rosidl_typesupport_introspection_cpp.hpp
[31.784s] -- Up-to-date symlink: /home/unitree/navigation_ws/install/nav2_msgs/include/nav2_msgs/msg/detail/behavior_tree_status_change__rosidl_typesupport_introspection_cpp.hpp
[31.785s] -- Up-to-date symlink: /home/unitree/navigation_ws/install/nav2_msgs/include/nav2_msgs/msg/detail/costmap__rosidl_typesupport_introspection_cpp.hpp
[31.785s] -- Up-to-date symlink: /home/unitree/navigation_ws/install/nav2_msgs/include/nav2_msgs/msg/detail/costmap_meta_data__rosidl_typesupport_introspection_cpp.hpp
[31.786s] -- Up-to-date symlink: /home/unitree/navigation_ws/install/nav2_msgs/include/nav2_msgs/msg/detail/particle__rosidl_typesupport_introspection_cpp.hpp
[31.787s] -- Up-to-date symlink: /home/unitree/navigation_ws/install/nav2_msgs/include/nav2_msgs/msg/detail/particle_cloud__rosidl_typesupport_introspection_cpp.hpp
[31.787s] -- Up-to-date symlink: /home/unitree/navigation_ws/install/nav2_msgs/include/nav2_msgs/msg/detail/voxel_grid__rosidl_typesupport_introspection_cpp.hpp
[31.788s] -- Up-to-date symlink: /home/unitree/navigation_ws/install/nav2_msgs/include/nav2_msgs/srv/detail/clear_costmap_around_robot__rosidl_typesupport_introspection_cpp.hpp
[31.789s] -- Up-to-date symlink: /home/unitree/navigation_ws/install/nav2_msgs/include/nav2_msgs/srv/detail/clear_costmap_except_region__rosidl_typesupport_introspection_cpp.hpp
[31.789s] -- Up-to-date symlink: /home/unitree/navigation_ws/install/nav2_msgs/include/nav2_msgs/srv/detail/clear_entire_costmap__rosidl_typesupport_introspection_cpp.hpp
[31.790s] -- Up-to-date symlink: /home/unitree/navigation_ws/install/nav2_msgs/include/nav2_msgs/srv/detail/get_costmap__rosidl_typesupport_introspection_cpp.hpp
[31.791s] -- Up-to-date symlink: /home/unitree/navigation_ws/install/nav2_msgs/include/nav2_msgs/srv/detail/load_map__rosidl_typesupport_introspection_cpp.hpp
[31.791s] -- Up-to-date symlink: /home/unitree/navigation_ws/install/nav2_msgs/include/nav2_msgs/srv/detail/manage_lifecycle_nodes__rosidl_typesupport_introspection_cpp.hpp
[31.792s] -- Up-to-date symlink: /home/unitree/navigation_ws/install/nav2_msgs/include/nav2_msgs/srv/detail/save_map__rosidl_typesupport_introspection_cpp.hpp
[31.802s] -- Up-to-date symlink: /home/unitree/navigation_ws/install/nav2_msgs/share/nav2_msgs/environment/pythonpath.sh
[31.803s] -- Up-to-date symlink: /home/unitree/navigation_ws/install/nav2_msgs/share/nav2_msgs/environment/pythonpath.dsv
[31.805s] -- Up-to-date symlink: /home/unitree/navigation_ws/install/nav2_msgs/lib/python3.8/site-packages/nav2_msgs/__init__.py
[31.807s] -- Up-to-date symlink: /home/unitree/navigation_ws/install/nav2_msgs/lib/python3.8/site-packages/nav2_msgs/msg/__init__.py
[31.808s] -- Up-to-date symlink: /home/unitree/navigation_ws/install/nav2_msgs/lib/python3.8/site-packages/nav2_msgs/msg/_behavior_tree_log.py
[31.810s] -- Up-to-date symlink: /home/unitree/navigation_ws/install/nav2_msgs/lib/python3.8/site-packages/nav2_msgs/msg/_behavior_tree_status_change.py
[31.811s] -- Up-to-date symlink: /home/unitree/navigation_ws/install/nav2_msgs/lib/python3.8/site-packages/nav2_msgs/msg/_costmap.py
[31.812s] -- Up-to-date symlink: /home/unitree/navigation_ws/install/nav2_msgs/lib/python3.8/site-packages/nav2_msgs/msg/_costmap_meta_data.py
[31.813s] -- Up-to-date symlink: /home/unitree/navigation_ws/install/nav2_msgs/lib/python3.8/site-packages/nav2_msgs/msg/_particle.py
[31.814s] -- Up-to-date symlink: /home/unitree/navigation_ws/install/nav2_msgs/lib/python3.8/site-packages/nav2_msgs/msg/_particle_cloud.py
[31.815s] -- Up-to-date symlink: /home/unitree/navigation_ws/install/nav2_msgs/lib/python3.8/site-packages/nav2_msgs/msg/_voxel_grid.py
[31.817s] -- Up-to-date symlink: /home/unitree/navigation_ws/install/nav2_msgs/lib/python3.8/site-packages/nav2_msgs/srv/__init__.py
[31.818s] -- Up-to-date symlink: /home/unitree/navigation_ws/install/nav2_msgs/lib/python3.8/site-packages/nav2_msgs/srv/_clear_costmap_around_robot.py
[31.819s] -- Up-to-date symlink: /home/unitree/navigation_ws/install/nav2_msgs/lib/python3.8/site-packages/nav2_msgs/srv/_clear_costmap_except_region.py
[31.820s] -- Up-to-date symlink: /home/unitree/navigation_ws/install/nav2_msgs/lib/python3.8/site-packages/nav2_msgs/srv/_clear_entire_costmap.py
[31.822s] -- Up-to-date symlink: /home/unitree/navigation_ws/install/nav2_msgs/lib/python3.8/site-packages/nav2_msgs/srv/_get_costmap.py
[31.823s] -- Up-to-date symlink: /home/unitree/navigation_ws/install/nav2_msgs/lib/python3.8/site-packages/nav2_msgs/srv/_load_map.py
[31.824s] -- Up-to-date symlink: /home/unitree/navigation_ws/install/nav2_msgs/lib/python3.8/site-packages/nav2_msgs/srv/_manage_lifecycle_nodes.py
[31.825s] -- Up-to-date symlink: /home/unitree/navigation_ws/install/nav2_msgs/lib/python3.8/site-packages/nav2_msgs/srv/_save_map.py
[31.827s] -- Up-to-date symlink: /home/unitree/navigation_ws/install/nav2_msgs/lib/python3.8/site-packages/nav2_msgs/action/__init__.py
[31.828s] -- Up-to-date symlink: /home/unitree/navigation_ws/install/nav2_msgs/lib/python3.8/site-packages/nav2_msgs/action/_back_up.py
[31.829s] -- Up-to-date symlink: /home/unitree/navigation_ws/install/nav2_msgs/lib/python3.8/site-packages/nav2_msgs/action/_compute_path_to_pose.py
[31.830s] -- Up-to-date symlink: /home/unitree/navigation_ws/install/nav2_msgs/lib/python3.8/site-packages/nav2_msgs/action/_dummy_recovery.py
[31.832s] -- Up-to-date symlink: /home/unitree/navigation_ws/install/nav2_msgs/lib/python3.8/site-packages/nav2_msgs/action/_follow_path.py
[31.833s] -- Up-to-date symlink: /home/unitree/navigation_ws/install/nav2_msgs/lib/python3.8/site-packages/nav2_msgs/action/_follow_waypoints.py
[31.834s] -- Up-to-date symlink: /home/unitree/navigation_ws/install/nav2_msgs/lib/python3.8/site-packages/nav2_msgs/action/_navigate_to_pose.py
[31.835s] -- Up-to-date symlink: /home/unitree/navigation_ws/install/nav2_msgs/lib/python3.8/site-packages/nav2_msgs/action/_spin.py
[31.836s] -- Up-to-date symlink: /home/unitree/navigation_ws/install/nav2_msgs/lib/python3.8/site-packages/nav2_msgs/action/_wait.py
[31.837s] -- Up-to-date symlink: /home/unitree/navigation_ws/install/nav2_msgs/lib/python3.8/site-packages/nav2_msgs/nav2_msgs_s__rosidl_typesupport_fastrtps_c.cpython-38-aarch64-linux-gnu.so
[31.839s] -- Up-to-date symlink: /home/unitree/navigation_ws/install/nav2_msgs/lib/python3.8/site-packages/nav2_msgs/nav2_msgs_s__rosidl_typesupport_introspection_c.cpython-38-aarch64-linux-gnu.so
[31.841s] -- Up-to-date symlink: /home/unitree/navigation_ws/install/nav2_msgs/lib/python3.8/site-packages/nav2_msgs/nav2_msgs_s__rosidl_typesupport_c.cpython-38-aarch64-linux-gnu.so
[31.842s] -- Up-to-date symlink: /home/unitree/navigation_ws/install/nav2_msgs/lib/libnav2_msgs__python.so
[31.844s] -- Up-to-date symlink: /home/unitree/navigation_ws/install/nav2_msgs/share/nav2_msgs/msg/Costmap.idl
[31.845s] -- Up-to-date symlink: /home/unitree/navigation_ws/install/nav2_msgs/share/nav2_msgs/msg/CostmapMetaData.idl
[31.847s] -- Up-to-date symlink: /home/unitree/navigation_ws/install/nav2_msgs/share/nav2_msgs/msg/VoxelGrid.idl
[31.848s] -- Up-to-date symlink: /home/unitree/navigation_ws/install/nav2_msgs/share/nav2_msgs/msg/BehaviorTreeStatusChange.idl
[31.849s] -- Up-to-date symlink: /home/unitree/navigation_ws/install/nav2_msgs/share/nav2_msgs/msg/BehaviorTreeLog.idl
[31.851s] -- Up-to-date symlink: /home/unitree/navigation_ws/install/nav2_msgs/share/nav2_msgs/msg/Particle.idl
[31.852s] -- Up-to-date symlink: /home/unitree/navigation_ws/install/nav2_msgs/share/nav2_msgs/msg/ParticleCloud.idl
[31.853s] -- Up-to-date symlink: /home/unitree/navigation_ws/install/nav2_msgs/share/nav2_msgs/srv/GetCostmap.idl
[31.855s] -- Up-to-date symlink: /home/unitree/navigation_ws/install/nav2_msgs/share/nav2_msgs/srv/ClearCostmapExceptRegion.idl
[31.856s] -- Up-to-date symlink: /home/unitree/navigation_ws/install/nav2_msgs/share/nav2_msgs/srv/ClearCostmapAroundRobot.idl
[31.857s] -- Up-to-date symlink: /home/unitree/navigation_ws/install/nav2_msgs/share/nav2_msgs/srv/ClearEntireCostmap.idl
[31.859s] -- Up-to-date symlink: /home/unitree/navigation_ws/install/nav2_msgs/share/nav2_msgs/srv/ManageLifecycleNodes.idl
[31.860s] -- Up-to-date symlink: /home/unitree/navigation_ws/install/nav2_msgs/share/nav2_msgs/srv/LoadMap.idl
[31.861s] -- Up-to-date symlink: /home/unitree/navigation_ws/install/nav2_msgs/share/nav2_msgs/srv/SaveMap.idl
[31.863s] -- Up-to-date symlink: /home/unitree/navigation_ws/install/nav2_msgs/share/nav2_msgs/action/BackUp.idl
[31.864s] -- Up-to-date symlink: /home/unitree/navigation_ws/install/nav2_msgs/share/nav2_msgs/action/ComputePathToPose.idl
[31.866s] -- Up-to-date symlink: /home/unitree/navigation_ws/install/nav2_msgs/share/nav2_msgs/action/FollowPath.idl
[31.867s] -- Up-to-date symlink: /home/unitree/navigation_ws/install/nav2_msgs/share/nav2_msgs/action/NavigateToPose.idl
[31.868s] -- Up-to-date symlink: /home/unitree/navigation_ws/install/nav2_msgs/share/nav2_msgs/action/Wait.idl
[31.870s] -- Up-to-date symlink: /home/unitree/navigation_ws/install/nav2_msgs/share/nav2_msgs/action/Spin.idl
[31.871s] -- Up-to-date symlink: /home/unitree/navigation_ws/install/nav2_msgs/share/nav2_msgs/action/DummyRecovery.idl
[31.873s] -- Up-to-date symlink: /home/unitree/navigation_ws/install/nav2_msgs/share/nav2_msgs/action/FollowWaypoints.idl
[31.874s] -- Up-to-date symlink: /home/unitree/navigation_ws/install/nav2_msgs/share/nav2_msgs/msg/Costmap.msg
[31.875s] -- Up-to-date symlink: /home/unitree/navigation_ws/install/nav2_msgs/share/nav2_msgs/msg/CostmapMetaData.msg
[31.877s] -- Up-to-date symlink: /home/unitree/navigation_ws/install/nav2_msgs/share/nav2_msgs/msg/VoxelGrid.msg
[31.878s] -- Up-to-date symlink: /home/unitree/navigation_ws/install/nav2_msgs/share/nav2_msgs/msg/BehaviorTreeStatusChange.msg
[31.879s] -- Up-to-date symlink: /home/unitree/navigation_ws/install/nav2_msgs/share/nav2_msgs/msg/BehaviorTreeLog.msg
[31.880s] -- Up-to-date symlink: /home/unitree/navigation_ws/install/nav2_msgs/share/nav2_msgs/msg/Particle.msg
[31.882s] -- Up-to-date symlink: /home/unitree/navigation_ws/install/nav2_msgs/share/nav2_msgs/msg/ParticleCloud.msg
[31.883s] -- Up-to-date symlink: /home/unitree/navigation_ws/install/nav2_msgs/share/nav2_msgs/srv/GetCostmap.srv
[31.884s] -- Up-to-date symlink: /home/unitree/navigation_ws/install/nav2_msgs/share/nav2_msgs/srv/GetCostmap_Request.msg
[31.885s] -- Up-to-date symlink: /home/unitree/navigation_ws/install/nav2_msgs/share/nav2_msgs/srv/GetCostmap_Response.msg
[31.887s] -- Up-to-date symlink: /home/unitree/navigation_ws/install/nav2_msgs/share/nav2_msgs/srv/ClearCostmapExceptRegion.srv
[31.888s] -- Up-to-date symlink: /home/unitree/navigation_ws/install/nav2_msgs/share/nav2_msgs/srv/ClearCostmapExceptRegion_Request.msg
[31.889s] -- Up-to-date symlink: /home/unitree/navigation_ws/install/nav2_msgs/share/nav2_msgs/srv/ClearCostmapExceptRegion_Response.msg
[31.891s] -- Up-to-date symlink: /home/unitree/navigation_ws/install/nav2_msgs/share/nav2_msgs/srv/ClearCostmapAroundRobot.srv
[31.892s] -- Up-to-date symlink: /home/unitree/navigation_ws/install/nav2_msgs/share/nav2_msgs/srv/ClearCostmapAroundRobot_Request.msg
[31.893s] -- Up-to-date symlink: /home/unitree/navigation_ws/install/nav2_msgs/share/nav2_msgs/srv/ClearCostmapAroundRobot_Response.msg
[31.894s] -- Up-to-date symlink: /home/unitree/navigation_ws/install/nav2_msgs/share/nav2_msgs/srv/ClearEntireCostmap.srv
[31.896s] -- Up-to-date symlink: /home/unitree/navigation_ws/install/nav2_msgs/share/nav2_msgs/srv/ClearEntireCostmap_Request.msg
[31.897s] -- Up-to-date symlink: /home/unitree/navigation_ws/install/nav2_msgs/share/nav2_msgs/srv/ClearEntireCostmap_Response.msg
[31.898s] -- Up-to-date symlink: /home/unitree/navigation_ws/install/nav2_msgs/share/nav2_msgs/srv/ManageLifecycleNodes.srv
[31.899s] -- Up-to-date symlink: /home/unitree/navigation_ws/install/nav2_msgs/share/nav2_msgs/srv/ManageLifecycleNodes_Request.msg
[31.900s] -- Up-to-date symlink: /home/unitree/navigation_ws/install/nav2_msgs/share/nav2_msgs/srv/ManageLifecycleNodes_Response.msg
[31.902s] -- Up-to-date symlink: /home/unitree/navigation_ws/install/nav2_msgs/share/nav2_msgs/srv/LoadMap.srv
[31.903s] -- Up-to-date symlink: /home/unitree/navigation_ws/install/nav2_msgs/share/nav2_msgs/srv/LoadMap_Request.msg
[31.904s] -- Up-to-date symlink: /home/unitree/navigation_ws/install/nav2_msgs/share/nav2_msgs/srv/LoadMap_Response.msg
[31.905s] -- Up-to-date symlink: /home/unitree/navigation_ws/install/nav2_msgs/share/nav2_msgs/srv/SaveMap.srv
[31.907s] -- Up-to-date symlink: /home/unitree/navigation_ws/install/nav2_msgs/share/nav2_msgs/srv/SaveMap_Request.msg
[31.908s] -- Up-to-date symlink: /home/unitree/navigation_ws/install/nav2_msgs/share/nav2_msgs/srv/SaveMap_Response.msg
[31.909s] -- Up-to-date symlink: /home/unitree/navigation_ws/install/nav2_msgs/share/nav2_msgs/action/BackUp.action
[31.910s] -- Up-to-date symlink: /home/unitree/navigation_ws/install/nav2_msgs/share/nav2_msgs/action/ComputePathToPose.action
[31.911s] -- Up-to-date symlink: /home/unitree/navigation_ws/install/nav2_msgs/share/nav2_msgs/action/FollowPath.action
[31.913s] -- Up-to-date symlink: /home/unitree/navigation_ws/install/nav2_msgs/share/nav2_msgs/action/NavigateToPose.action
[31.914s] -- Up-to-date symlink: /home/unitree/navigation_ws/install/nav2_msgs/share/nav2_msgs/action/Wait.action
[31.915s] -- Up-to-date symlink: /home/unitree/navigation_ws/install/nav2_msgs/share/nav2_msgs/action/Spin.action
[31.916s] -- Up-to-date symlink: /home/unitree/navigation_ws/install/nav2_msgs/share/nav2_msgs/action/DummyRecovery.action
[31.918s] -- Up-to-date symlink: /home/unitree/navigation_ws/install/nav2_msgs/share/nav2_msgs/action/FollowWaypoints.action
[31.919s] -- Up-to-date symlink: /home/unitree/navigation_ws/install/nav2_msgs/share/ament_index/resource_index/package_run_dependencies/nav2_msgs
[31.920s] -- Up-to-date symlink: /home/unitree/navigation_ws/install/nav2_msgs/share/ament_index/resource_index/parent_prefix_path/nav2_msgs
[31.922s] -- Up-to-date symlink: /home/unitree/navigation_ws/install/nav2_msgs/share/nav2_msgs/environment/ament_prefix_path.sh
[31.923s] -- Up-to-date symlink: /home/unitree/navigation_ws/install/nav2_msgs/share/nav2_msgs/environment/ament_prefix_path.dsv
[31.924s] -- Up-to-date symlink: /home/unitree/navigation_ws/install/nav2_msgs/share/nav2_msgs/environment/path.sh
[31.925s] -- Up-to-date symlink: /home/unitree/navigation_ws/install/nav2_msgs/share/nav2_msgs/environment/path.dsv
[31.926s] -- Up-to-date symlink: /home/unitree/navigation_ws/install/nav2_msgs/share/nav2_msgs/local_setup.bash
[31.927s] -- Up-to-date symlink: /home/unitree/navigation_ws/install/nav2_msgs/share/nav2_msgs/local_setup.sh
[31.929s] -- Up-to-date symlink: /home/unitree/navigation_ws/install/nav2_msgs/share/nav2_msgs/local_setup.zsh
[31.930s] -- Up-to-date symlink: /home/unitree/navigation_ws/install/nav2_msgs/share/nav2_msgs/local_setup.dsv
[31.931s] -- Symlinking: /home/unitree/navigation_ws/install/nav2_msgs/share/nav2_msgs/package.dsv
[31.976s] -- Up-to-date symlink: /home/unitree/navigation_ws/install/nav2_msgs/share/ament_index/resource_index/packages/nav2_msgs
[31.977s] -- Up-to-date symlink: /home/unitree/navigation_ws/install/nav2_msgs/share/nav2_msgs/cmake/rosidl_cmake-extras.cmake
[31.977s] -- Up-to-date symlink: /home/unitree/navigation_ws/install/nav2_msgs/share/nav2_msgs/cmake/ament_cmake_export_dependencies-extras.cmake
[31.977s] -- Up-to-date symlink: /home/unitree/navigation_ws/install/nav2_msgs/share/nav2_msgs/cmake/ament_cmake_export_libraries-extras.cmake
[31.977s] -- Up-to-date symlink: /home/unitree/navigation_ws/install/nav2_msgs/share/nav2_msgs/cmake/ament_cmake_export_targets-extras.cmake
[31.978s] -- Up-to-date symlink: /home/unitree/navigation_ws/install/nav2_msgs/share/nav2_msgs/cmake/ament_cmake_export_include_directories-extras.cmake
[31.978s] -- Up-to-date symlink: /home/unitree/navigation_ws/install/nav2_msgs/share/nav2_msgs/cmake/rosidl_cmake_export_typesupport_libraries-extras.cmake
[31.979s] -- Up-to-date symlink: /home/unitree/navigation_ws/install/nav2_msgs/share/nav2_msgs/cmake/rosidl_cmake_export_typesupport_targets-extras.cmake
[31.979s] -- Up-to-date symlink: /home/unitree/navigation_ws/install/nav2_msgs/share/nav2_msgs/cmake/nav2_msgsConfig.cmake
[31.979s] -- Up-to-date symlink: /home/unitree/navigation_ws/install/nav2_msgs/share/nav2_msgs/cmake/nav2_msgsConfig-version.cmake
[31.980s] -- Up-to-date symlink: /home/unitree/navigation_ws/install/nav2_msgs/share/nav2_msgs/package.xml
[31.980s] -- Up-to-date: /home/unitree/navigation_ws/install/nav2_msgs/lib/libnav2_msgs__rosidl_generator_c.so
[31.981s] -- Up-to-date: /home/unitree/navigation_ws/install/nav2_msgs/lib/libnav2_msgs__rosidl_typesupport_introspection_c.so
[31.981s] -- Up-to-date: /home/unitree/navigation_ws/install/nav2_msgs/lib/libnav2_msgs__rosidl_typesupport_c.so
[31.982s] -- Up-to-date: /home/unitree/navigation_ws/install/nav2_msgs/lib/libnav2_msgs__rosidl_typesupport_introspection_cpp.so
[31.982s] -- Up-to-date: /home/unitree/navigation_ws/install/nav2_msgs/lib/libnav2_msgs__rosidl_typesupport_cpp.so
[32.092s] Compiling '/home/unitree/navigation_ws/install/nav2_msgs/lib/python3.8/site-packages/nav2_msgs/__init__.py'...
[32.114s] -- Up-to-date: /home/unitree/navigation_ws/install/nav2_msgs/share/nav2_msgs/cmake/nav2_msgs__rosidl_generator_cExport.cmake
[32.115s] -- Installing: /home/unitree/navigation_ws/install/nav2_msgs/share/nav2_msgs/cmake/nav2_msgs__rosidl_generator_cExport-release.cmake
[32.115s] -- Up-to-date: /home/unitree/navigation_ws/install/nav2_msgs/share/nav2_msgs/cmake/nav2_msgs__rosidl_typesupport_introspection_cExport.cmake
[32.115s] -- Installing: /home/unitree/navigation_ws/install/nav2_msgs/share/nav2_msgs/cmake/nav2_msgs__rosidl_typesupport_introspection_cExport-release.cmake
[32.116s] -- Up-to-date: /home/unitree/navigation_ws/install/nav2_msgs/share/nav2_msgs/cmake/nav2_msgs__rosidl_typesupport_cExport.cmake
[32.117s] -- Installing: /home/unitree/navigation_ws/install/nav2_msgs/share/nav2_msgs/cmake/nav2_msgs__rosidl_typesupport_cExport-release.cmake
[32.118s] -- Up-to-date: /home/unitree/navigation_ws/install/nav2_msgs/share/nav2_msgs/cmake/nav2_msgs__rosidl_generator_cppExport.cmake
[32.118s] -- Up-to-date: /home/unitree/navigation_ws/install/nav2_msgs/share/nav2_msgs/cmake/nav2_msgs__rosidl_typesupport_introspection_cppExport.cmake
[32.119s] -- Installing: /home/unitree/navigation_ws/install/nav2_msgs/share/nav2_msgs/cmake/nav2_msgs__rosidl_typesupport_introspection_cppExport-release.cmake
[32.119s] -- Up-to-date: /home/unitree/navigation_ws/install/nav2_msgs/share/nav2_msgs/cmake/nav2_msgs__rosidl_typesupport_cppExport.cmake
[32.119s] -- Installing: /home/unitree/navigation_ws/install/nav2_msgs/share/nav2_msgs/cmake/nav2_msgs__rosidl_typesupport_cppExport-release.cmake
[32.125s] Invoked command in '/home/unitree/navigation_ws/build/nav2_msgs' returned '0': CMAKE_PREFIX_PATH=/home/unitree/navigation_ws/install/nav2_common:/home/unitree/navigation_ws/install/nav2_bringup:/home/unitree/navigation_ws/install/navigation2:/home/unitree/navigation_ws/install/smac_planner:/home/unitree/navigation_ws/install/rm_autonomy:/home/unitree/navigation_ws/install/rm_autonomy_interfaces:/home/unitree/navigation_ws/install/bringup:/home/unitree/navigation_ws/install/pointcloud_to_laserscan:/home/unitree/navigation_ws/install/nav2_dwb_controller:/home/unitree/navigation_ws/install/nav2_controller:/home/unitree/navigation_ws/install/dwb_plugins:/home/unitree/navigation_ws/install/dwb_critics:/home/unitree/navigation_ws/install/dwb_core:/home/unitree/navigation_ws/install/nav_2d_utils:/home/unitree/navigation_ws/install/dwb_msgs:/home/unitree/navigation_ws/install/nav_2d_msgs:/home/unitree/navigation_ws/install/nav2_waypoint_follower:/home/unitree/navigation_ws/install/nav2_regulated_pure_pursuit_controller:/home/unitree/navigation_ws/install/nav2_recoveries:/home/unitree/navigation_ws/install/nav2_planner:/home/unitree/navigation_ws/install/nav2_navfn_planner:/home/unitree/navigation_ws/install/nav2_core:/home/unitree/navigation_ws/install/costmap_queue:/home/unitree/navigation_ws/install/nav2_costmap_2d:/home/unitree/navigation_ws/install/nav2_voxel_grid:/home/unitree/navigation_ws/install/nav2_map_server:/home/unitree/navigation_ws/install/nav2_lifecycle_manager:/home/unitree/navigation_ws/install/nav2_bt_navigator:/home/unitree/navigation_ws/install/nav2_behavior_tree:/home/unitree/navigation_ws/install/nav2_amcl:/home/unitree/navigation_ws/install/nav2_util:/home/unitree/navigation_ws/install/nav2_msgs:/home/unitree/navigation_ws/install/loam_interface:/home/unitree/navigation_ws/install/fast_lio:/home/unitree/navigation_ws/install/livox_ros_driver2:/home/unitree/navigation_ws/install/linefit_ground_segmentation_ros:/home/unitree/navigation_ws/install/linefit_ground_segmentation:/home/unitree/navigation_ws/install/cmd_vel_processor:/home/unitree/navigation_ws/install/behaviortree_cpp:/home/unitree/cyclonedds_ws/install/rmw_cyclonedds_cpp:/home/unitree/cyclonedds_ws/install/cyclonedds:/opt/ros/foxy PYTHONPATH=/home/unitree/navigation_ws/install/nav2_common/lib/python3.8/site-packages:/home/unitree/navigation_ws/install/rm_autonomy_interfaces/lib/python3.8/site-packages:/home/unitree/navigation_ws/install/dwb_msgs/lib/python3.8/site-packages:/home/unitree/navigation_ws/install/nav_2d_msgs/lib/python3.8/site-packages:/home/unitree/navigation_ws/install/nav2_msgs/lib/python3.8/site-packages:/home/unitree/navigation_ws/install/fast_lio/lib/python3.8/site-packages:/home/unitree/navigation_ws/install/livox_ros_driver2/lib/python3.8/site-packages:/opt/ros/foxy/lib/python3.8/site-packages /usr/bin/cmake --install /home/unitree/navigation_ws/build/nav2_msgs
