[0.129s] Invoking command in '/home/unitree/navigation_ws/build/livox_ros_driver2': CMAKE_PREFIX_PATH=${CMAKE_PREFIX_PATH}:/opt/ros/foxy /usr/bin/cmake /home/unitree/navigation_ws/src/livox_ros_driver2 -DAMENT_CMAKE_SYMLINK_INSTALL=1 -DCMAKE_INSTALL_PREFIX=/home/unitree/navigation_ws/install/livox_ros_driver2
[0.303s] -- The C compiler identification is GNU 9.4.0
[0.440s] -- The CXX compiler identification is GNU 9.4.0
[0.451s] -- Check for working C compiler: /usr/bin/cc
[0.668s] -- Check for working C compiler: /usr/bin/cc -- works
[0.671s] -- Detecting C compiler ABI info
[0.894s] -- Detecting C compiler ABI info - done
[0.914s] -- Detecting C compile features
[0.914s] -- Detecting C compile features - done
[0.929s] -- Check for working CXX compiler: /usr/bin/c++
[1.135s] -- Check for working CXX compiler: /usr/bin/c++ -- works
[1.137s] -- Detecting CXX compiler ABI info
[1.365s] -- Detecting CXX compiler ABI info - done
[1.395s] -- Detecting CXX compile features
[1.396s] -- Detecting CXX compile features - done
[1.399s] -- livox_ros_driver2 version: 1.2.4
[1.409s] -- Found ament_cmake_auto: 0.9.12 (/opt/ros/foxy/share/ament_cmake_auto/cmake)
[1.490s] -- Found PythonInterp: /usr/bin/python3 (found suitable version "3.8.10", minimum required is "3") 
[1.491s] -- Using PYTHON_EXECUTABLE: /usr/bin/python3
[1.844s] -- Override CMake install command with custom implementation using symlinks instead of copying resources
[2.134s] -- Using all available rosidl_typesupport_c: rosidl_typesupport_fastrtps_c;rosidl_typesupport_introspection_c
[2.169s] -- Found rosidl_adapter: 1.3.1 (/opt/ros/foxy/share/rosidl_adapter/cmake)
[2.470s] -- Found OpenSSL: /usr/lib/aarch64-linux-gnu/libcrypto.so (found version "1.1.1f")  
[2.539s] -- Found FastRTPS: /opt/ros/foxy/include  
[2.727s] -- Using all available rosidl_typesupport_cpp: rosidl_typesupport_fastrtps_cpp;rosidl_typesupport_introspection_cpp
[2.935s] -- Found rmw_implementation_cmake: 1.0.4 (/opt/ros/foxy/share/rmw_implementation_cmake/cmake)
[2.940s] -- Using RMW implementation 'rmw_cyclonedds_cpp' as default
[2.942s] -- Looking for pthread.h
[3.134s] -- Looking for pthread.h - found
[3.134s] -- Performing Test CMAKE_HAVE_LIBC_PTHREAD
[3.346s] -- Performing Test CMAKE_HAVE_LIBC_PTHREAD - Failed
[3.347s] -- Looking for pthread_create in pthreads
[3.526s] -- Looking for pthread_create in pthreads - not found
[3.526s] -- Looking for pthread_create in pthread
[3.753s] -- Looking for pthread_create in pthread - found
[3.760s] -- Found Threads: TRUE  
[4.880s] -- Checking for module 'eigen3'
[4.993s] --   Found eigen3, version 3.3.7
[5.427s] -- Found Eigen: /usr/include/eigen3 (Required is at least version "3.1") 
[5.427s] -- Eigen found (include: /usr/include/eigen3, version: 3.3.7)
[5.848s] -- Found Boost: /usr/include (found suitable version "1.71.0", minimum required is "1.55.0") found components: system filesystem date_time iostreams regex 
[5.935s] -- Checking for module 'flann'
[6.200s] --   Found flann, version 1.9.1
[6.860s] -- Found FLANN: /usr/lib/aarch64-linux-gnu/libflann_cpp.so  
[7.230s] -- The imported target "vtkParseOGLExt" references the file
[7.230s]    "/usr/bin/vtkParseOGLExt-7.1"
[7.230s] but this file does not exist.  Possible reasons include:
[7.230s] * The file was deleted, renamed, or moved to another location.
[7.230s] * An install or uninstall procedure did not complete successfully.
[7.230s] * The installation package was faulty and contained
[7.231s]    "/usr/lib/cmake/vtk-7.1/VTKTargets.cmake"
[7.231s] but not all the files it references.
[7.231s] 
[7.231s] -- The imported target "vtkRenderingPythonTkWidgets" references the file
[7.231s]    "/usr/lib/aarch64-linux-gnu/libvtkRenderingPythonTkWidgets.so"
[7.231s] but this file does not exist.  Possible reasons include:
[7.232s] * The file was deleted, renamed, or moved to another location.
[7.232s] * An install or uninstall procedure did not complete successfully.
[7.232s] * The installation package was faulty and contained
[7.232s]    "/usr/lib/cmake/vtk-7.1/VTKTargets.cmake"
[7.232s] but not all the files it references.
[7.232s] 
[7.233s] -- The imported target "vtk" references the file
[7.233s]    "/usr/bin/vtk"
[7.233s] but this file does not exist.  Possible reasons include:
[7.233s] * The file was deleted, renamed, or moved to another location.
[7.233s] * An install or uninstall procedure did not complete successfully.
[7.233s] * The installation package was faulty and contained
[7.233s]    "/usr/lib/cmake/vtk-7.1/VTKTargets.cmake"
[7.233s] but not all the files it references.
[7.233s] 
[7.233s] -- The imported target "pvtk" references the file
[7.234s]    "/usr/bin/pvtk"
[7.234s] but this file does not exist.  Possible reasons include:
[7.234s] * The file was deleted, renamed, or moved to another location.
[7.234s] * An install or uninstall procedure did not complete successfully.
[7.234s] * The installation package was faulty and contained
[7.234s]    "/usr/lib/cmake/vtk-7.1/VTKTargets.cmake"
[7.234s] but not all the files it references.
[7.234s] 
[7.410s] -- Checking for module 'libusb-1.0'
[7.646s] --   Found libusb-1.0, version 1.0.23
[8.254s] -- Found USB_10: /usr/lib/aarch64-linux-gnu/libusb-1.0.so  
[9.256s] -- Found OpenNI: /usr/lib/libOpenNI.so  
[9.256s] -- OpenNI found (include: /usr/include/ni, lib: /usr/lib/libOpenNI.so)
[10.256s] -- Found OpenNI2: /usr/lib/libOpenNI2.so  
[10.256s] -- OpenNI2 found (include: /usr/include/openni2, lib: /usr/lib/libOpenNI2.so)
[10.256s] ** WARNING ** io features related to pcap will be disabled
[10.256s] ** WARNING ** io features related to png will be disabled
[10.351s] -- Found libusb-1.0: /usr/include  
[10.352s] ** WARNING ** io features related to libusb-1.0 will be disabled
[10.411s] -- OpenNI found (include: /usr/include/ni, lib: /usr/lib/libOpenNI.so)
[10.460s] -- OpenNI2 found (include: /usr/include/openni2, lib: /usr/lib/libOpenNI2.so)
[10.814s] -- Found Qhull: optimized;/usr/lib/aarch64-linux-gnu/libqhull.so;debug;/usr/lib/aarch64-linux-gnu/libqhull.so  
[10.814s] -- QHULL found (include: /usr/include, lib: optimized;/usr/lib/aarch64-linux-gnu/libqhull.so;debug;/usr/lib/aarch64-linux-gnu/libqhull.so)
[10.881s] -- OpenNI found (include: /usr/include/ni, lib: /usr/lib/libOpenNI.so)
[10.905s] -- looking for PCL_COMMON
[10.959s] -- Found PCL_COMMON: /usr/lib/aarch64-linux-gnu/libpcl_common.so  
[10.960s] -- looking for PCL_KDTREE
[10.964s] -- Found PCL_KDTREE: /usr/lib/aarch64-linux-gnu/libpcl_kdtree.so  
[10.965s] -- looking for PCL_OCTREE
[10.971s] -- Found PCL_OCTREE: /usr/lib/aarch64-linux-gnu/libpcl_octree.so  
[10.973s] -- looking for PCL_SEARCH
[10.985s] -- Found PCL_SEARCH: /usr/lib/aarch64-linux-gnu/libpcl_search.so  
[10.996s] -- looking for PCL_SAMPLE_CONSENSUS
[11.024s] -- Found PCL_SAMPLE_CONSENSUS: /usr/lib/aarch64-linux-gnu/libpcl_sample_consensus.so  
[11.030s] -- looking for PCL_FILTERS
[11.049s] -- Found PCL_FILTERS: /usr/lib/aarch64-linux-gnu/libpcl_filters.so  
[11.051s] -- looking for PCL_2D
[11.053s] -- Found PCL_2D: /usr/include/pcl-1.10  
[11.054s] -- looking for PCL_GEOMETRY
[11.056s] -- Found PCL_GEOMETRY: /usr/include/pcl-1.10  
[11.059s] -- looking for PCL_IO
[11.083s] -- Found PCL_IO: /usr/lib/aarch64-linux-gnu/libpcl_io.so  
[11.085s] -- looking for PCL_FEATURES
[11.091s] -- Found PCL_FEATURES: /usr/lib/aarch64-linux-gnu/libpcl_features.so  
[11.103s] -- looking for PCL_ML
[11.119s] -- Found PCL_ML: /usr/lib/aarch64-linux-gnu/libpcl_ml.so  
[11.121s] -- looking for PCL_SEGMENTATION
[11.126s] -- Found PCL_SEGMENTATION: /usr/lib/aarch64-linux-gnu/libpcl_segmentation.so  
[11.127s] -- looking for PCL_VISUALIZATION
[11.149s] -- Found PCL_VISUALIZATION: /usr/lib/aarch64-linux-gnu/libpcl_visualization.so  
[11.155s] -- looking for PCL_SURFACE
[11.155s] -- Found PCL_SURFACE: /usr/lib/aarch64-linux-gnu/libpcl_surface.so  
[11.155s] -- looking for PCL_REGISTRATION
[11.162s] -- Found PCL_REGISTRATION: /usr/lib/aarch64-linux-gnu/libpcl_registration.so  
[11.175s] -- looking for PCL_KEYPOINTS
[11.185s] -- Found PCL_KEYPOINTS: /usr/lib/aarch64-linux-gnu/libpcl_keypoints.so  
[11.187s] -- looking for PCL_TRACKING
[11.203s] -- Found PCL_TRACKING: /usr/lib/aarch64-linux-gnu/libpcl_tracking.so  
[11.206s] -- looking for PCL_RECOGNITION
[11.223s] -- Found PCL_RECOGNITION: /usr/lib/aarch64-linux-gnu/libpcl_recognition.so  
[11.226s] -- looking for PCL_STEREO
[11.236s] -- Found PCL_STEREO: /usr/lib/aarch64-linux-gnu/libpcl_stereo.so  
[11.239s] -- looking for PCL_APPS
[11.255s] -- Found PCL_APPS: /usr/lib/aarch64-linux-gnu/libpcl_apps.so  
[11.267s] -- looking for PCL_IN_HAND_SCANNER
[11.269s] -- Found PCL_IN_HAND_SCANNER: /usr/include/pcl-1.10  
[11.271s] -- looking for PCL_POINT_CLOUD_EDITOR
[11.273s] -- Found PCL_POINT_CLOUD_EDITOR: /usr/include/pcl-1.10  
[11.275s] -- looking for PCL_OUTOFCORE
[11.299s] -- Found PCL_OUTOFCORE: /usr/lib/aarch64-linux-gnu/libpcl_outofcore.so  
[11.301s] -- looking for PCL_PEOPLE
[11.309s] -- Found PCL_PEOPLE: /usr/lib/aarch64-linux-gnu/libpcl_people.so  
[11.319s] -- Found PCL: pcl_common;pcl_kdtree;pcl_octree;pcl_search;pcl_sample_consensus;pcl_filters;pcl_io;pcl_features;pcl_ml;pcl_segmentation;pcl_visualization;pcl_surface;pcl_registration;pcl_keypoints;pcl_tracking;pcl_recognition;pcl_stereo;pcl_apps;pcl_outofcore;pcl_people;/usr/lib/aarch64-linux-gnu/libboost_system.so;/usr/lib/aarch64-linux-gnu/libboost_filesystem.so;/usr/lib/aarch64-linux-gnu/libboost_date_time.so;/usr/lib/aarch64-linux-gnu/libboost_iostreams.so;/usr/lib/aarch64-linux-gnu/libboost_regex.so;optimized;/usr/lib/aarch64-linux-gnu/libqhull.so;debug;/usr/lib/aarch64-linux-gnu/libqhull.so;/usr/lib/libOpenNI.so;/usr/lib/libOpenNI2.so;vtkChartsCore;vtkCommonColor;vtkCommonCore;vtksys;vtkCommonDataModel;vtkCommonMath;vtkCommonMisc;vtkCommonSystem;vtkCommonTransforms;vtkCommonExecutionModel;vtkFiltersGeneral;vtkCommonComputationalGeometry;vtkFiltersCore;vtkInfovisCore;vtkFiltersExtraction;vtkFiltersStatistics;vtkImagingFourier;vtkImagingCore;vtkalglib;vtkRenderingContext2D;vtkRenderingCore;vtkFiltersGeometry;vtkFiltersSources;vtkRenderingFreeType;/usr/lib/aarch64-linux-gnu/libfreetype.so;/usr/lib/aarch64-linux-gnu/libz.so;vtkFiltersModeling;vtkImagingSources;vtkInteractionStyle;vtkInteractionWidgets;vtkFiltersHybrid;vtkImagingColor;vtkImagingGeneral;vtkImagingHybrid;vtkIOImage;vtkDICOMParser;vtkmetaio;/usr/lib/aarch64-linux-gnu/libjpeg.so;/usr/lib/aarch64-linux-gnu/libpng.so;/usr/lib/aarch64-linux-gnu/libtiff.so;vtkRenderingAnnotation;vtkRenderingVolume;vtkIOXML;vtkIOCore;vtkIOXMLParser;/usr/lib/aarch64-linux-gnu/libexpat.so;vtkIOGeometry;vtkIOLegacy;vtkIOPLY;vtkRenderingLOD;vtkViewsContext2D;vtkViewsCore;vtkRenderingContextOpenGL2;vtkRenderingOpenGL2;FLANN::FLANN  
[11.358s] -- Found PkgConfig: /usr/bin/pkg-config (found version "0.29.1") 
[11.361s] -- Checking for module 'apr-1'
[11.519s] --   Found apr-1, version 1.6.5
[12.037s] /usr/include/apr-1.0
[12.037s] apr-1
[12.215s] -- Found PythonInterp: /usr/bin/python3 (found version "3.8.10") 
[12.814s] -- Found ament_cmake_ros: 0.9.2 (/opt/ros/foxy/share/ament_cmake_ros/cmake)
[14.304s] -- Using all available rosidl_typesupport_c: rosidl_typesupport_fastrtps_c;rosidl_typesupport_introspection_c
[14.888s] -- Using all available rosidl_typesupport_cpp: rosidl_typesupport_fastrtps_cpp;rosidl_typesupport_introspection_cpp
[15.083s] -- Found PythonInterp: /usr/bin/python3 (found suitable version "3.8.10", minimum required is "3.5") 
[15.091s] -- Found python_cmake_module: 0.8.1 (/opt/ros/foxy/share/python_cmake_module/cmake)
[15.223s] -- Found PythonLibs: /usr/lib/aarch64-linux-gnu/libpython3.8.so (found suitable version "3.8.10", minimum required is "3.5") 
[15.224s] -- Using PYTHON_EXECUTABLE: /usr/bin/python3
[15.224s] -- Using PYTHON_INCLUDE_DIRS: /usr/include/python3.8
[15.224s] -- Using PYTHON_LIBRARIES: /usr/lib/aarch64-linux-gnu/libpython3.8.so
[15.435s] -- Found PythonExtra: .so  
[16.324s] -- Found ament_lint_auto: 0.9.8 (/opt/ros/foxy/share/ament_lint_auto/cmake)
[16.622s] -- Added test 'copyright' to check source files copyright and LICENSE
[16.642s] -- Added test 'cppcheck' to perform static code analysis on C / C++ code
[16.674s] -- Configured cppcheck include dirs: /home/unitree/navigation_ws/src/livox_ros_driver2/3rdparty;/home/unitree/navigation_ws/src/livox_ros_driver2/src
[16.674s] -- Configured cppcheck exclude dirs and/or files: 
[16.699s] -- Added test 'cpplint' to check C / C++ code against the Google style
[16.700s] -- Configured cpplint exclude dirs and/or files: 
[16.702s] -- Added test 'flake8' to check Python code syntax and style conventions
[16.725s] -- Added test 'lint_cmake' to check CMake code style
[16.727s] -- Added test 'pep257' to check Python code against some of the style conventions in PEP 257
[16.757s] -- Added test 'uncrustify' to check C / C++ code style
[16.757s] -- Configured uncrustify additional arguments: 
[16.769s] -- Added test 'xmllint' to check XML markup files
[16.826s] -- Configuring done
[17.437s] -- Generating done
[17.482s] -- Build files have been written to: /home/unitree/navigation_ws/build/livox_ros_driver2
[17.717s] Invoked command in '/home/unitree/navigation_ws/build/livox_ros_driver2' returned '0': CMAKE_PREFIX_PATH=${CMAKE_PREFIX_PATH}:/opt/ros/foxy /usr/bin/cmake /home/unitree/navigation_ws/src/livox_ros_driver2 -DAMENT_CMAKE_SYMLINK_INSTALL=1 -DCMAKE_INSTALL_PREFIX=/home/unitree/navigation_ws/install/livox_ros_driver2
[17.718s] Invoking command in '/home/unitree/navigation_ws/build/livox_ros_driver2': CMAKE_PREFIX_PATH=${CMAKE_PREFIX_PATH}:/opt/ros/foxy /usr/bin/cmake --build /home/unitree/navigation_ws/build/livox_ros_driver2 -- -j8 -l8
[20.942s] [35m[1mScanning dependencies of target livox_interfaces2__cpp[0m
[20.943s] [35m[1mScanning dependencies of target livox_ros_driver2_node[0m
[20.943s] [35m[1mScanning dependencies of target livox_interfaces2__rosidl_generator_c[0m
[20.943s] [  1%] Built target livox_interfaces2__cpp
[20.943s] [  3%] [32mBuilding C object CMakeFiles/livox_interfaces2__rosidl_generator_c.dir/rosidl_generator_c/livox_ros_driver2/msg/detail/custom_point__functions.c.o[0m
[20.943s] [  5%] [32mBuilding C object CMakeFiles/livox_interfaces2__rosidl_generator_c.dir/rosidl_generator_c/livox_ros_driver2/msg/detail/custom_msg__functions.c.o[0m
[20.943s] [35m[1mScanning dependencies of target livox_interfaces2__rosidl_typesupport_cpp[0m
[20.943s] [35m[1mScanning dependencies of target livox_interfaces2__rosidl_typesupport_fastrtps_cpp[0m
[20.943s] [35m[1mScanning dependencies of target livox_interfaces2__rosidl_typesupport_introspection_cpp[0m
[20.945s] [  7%] [32mBuilding CXX object CMakeFiles/livox_ros_driver2_node.dir/rclcpp_components/node_main_livox_ros_driver2_node.cpp.o[0m
[20.946s] [  8%] [32mBuilding CXX object CMakeFiles/livox_interfaces2__rosidl_typesupport_introspection_cpp.dir/rosidl_typesupport_introspection_cpp/livox_ros_driver2/msg/detail/custom_point__type_support.cpp.o[0m
[20.946s] [ 14%] [32mBuilding CXX object CMakeFiles/livox_interfaces2__rosidl_typesupport_fastrtps_cpp.dir/rosidl_typesupport_fastrtps_cpp/livox_ros_driver2/msg/detail/dds_fastrtps/custom_point__type_support.cpp.o[0m
[20.950s] [ 14%] [32mBuilding CXX object CMakeFiles/livox_interfaces2__rosidl_typesupport_introspection_cpp.dir/rosidl_typesupport_introspection_cpp/livox_ros_driver2/msg/detail/custom_msg__type_support.cpp.o[0m
[20.951s] [ 14%] [32mBuilding CXX object CMakeFiles/livox_interfaces2__rosidl_typesupport_cpp.dir/rosidl_typesupport_cpp/livox_ros_driver2/msg/custom_point__type_support.cpp.o[0m
[20.951s] [ 15%] [32mBuilding CXX object CMakeFiles/livox_interfaces2__rosidl_typesupport_cpp.dir/rosidl_typesupport_cpp/livox_ros_driver2/msg/custom_msg__type_support.cpp.o[0m
[20.952s] [ 17%] [32mBuilding CXX object CMakeFiles/livox_interfaces2__rosidl_typesupport_fastrtps_cpp.dir/rosidl_typesupport_fastrtps_cpp/livox_ros_driver2/msg/detail/dds_fastrtps/custom_msg__type_support.cpp.o[0m
[20.952s] [ 19%] [32m[1mLinking C shared library liblivox_ros_driver2__rosidl_generator_c.so[0m
[20.952s] [ 21%] Built target livox_interfaces2__rosidl_generator_c
[20.952s] [35m[1mScanning dependencies of target livox_interfaces2__rosidl_typesupport_c[0m
[20.952s] [ 22%] [32mBuilding CXX object CMakeFiles/livox_interfaces2__rosidl_typesupport_c.dir/rosidl_typesupport_c/livox_ros_driver2/msg/custom_point__type_support.cpp.o[0m
[20.952s] [ 24%] [32mBuilding CXX object CMakeFiles/livox_interfaces2__rosidl_typesupport_c.dir/rosidl_typesupport_c/livox_ros_driver2/msg/custom_msg__type_support.cpp.o[0m
[20.952s] [35m[1mScanning dependencies of target livox_interfaces2__rosidl_typesupport_introspection_c[0m
[20.953s] [ 26%] [32m[1mLinking CXX shared library liblivox_ros_driver2__rosidl_typesupport_c.so[0m
[20.953s] [ 28%] [32mBuilding C object CMakeFiles/livox_interfaces2__rosidl_typesupport_introspection_c.dir/rosidl_typesupport_introspection_c/livox_ros_driver2/msg/detail/custom_point__type_support.c.o[0m
[20.953s] [ 29%] [32mBuilding C object CMakeFiles/livox_interfaces2__rosidl_typesupport_introspection_c.dir/rosidl_typesupport_introspection_c/livox_ros_driver2/msg/detail/custom_msg__type_support.c.o[0m
[20.963s] [ 31%] Built target livox_interfaces2__rosidl_typesupport_c
[21.113s] [ 33%] [32m[1mLinking CXX shared library liblivox_ros_driver2__rosidl_typesupport_cpp.so[0m
[21.300s] [ 35%] [32m[1mLinking C shared library liblivox_ros_driver2__rosidl_typesupport_introspection_c.so[0m
[21.518s] [ 36%] Built target livox_interfaces2__rosidl_typesupport_cpp
[21.664s] [ 38%] Built target livox_interfaces2__rosidl_typesupport_introspection_c
[21.708s] [ 40%] [32m[1mLinking CXX shared library liblivox_ros_driver2__rosidl_typesupport_introspection_cpp.so[0m
[22.398s] [ 42%] Built target livox_interfaces2__rosidl_typesupport_introspection_cpp
[22.617s] [ 43%] [32m[1mLinking CXX shared library liblivox_ros_driver2__rosidl_typesupport_fastrtps_cpp.so[0m
[23.249s] [ 45%] Built target livox_interfaces2__rosidl_typesupport_fastrtps_cpp
[27.662s] [ 47%] [32m[1mLinking CXX executable livox_ros_driver2_node[0m
[28.003s] [ 47%] Built target livox_ros_driver2_node
[28.050s] [35m[1mScanning dependencies of target livox_interfaces2__rosidl_typesupport_fastrtps_c[0m
[28.149s] [ 49%] [32mBuilding CXX object CMakeFiles/livox_interfaces2__rosidl_typesupport_fastrtps_c.dir/rosidl_typesupport_fastrtps_c/livox_ros_driver2/msg/detail/custom_point__type_support_c.cpp.o[0m
[28.969s] [ 50%] [32mBuilding CXX object CMakeFiles/livox_interfaces2__rosidl_typesupport_fastrtps_c.dir/rosidl_typesupport_fastrtps_c/livox_ros_driver2/msg/detail/custom_msg__type_support_c.cpp.o[0m
[29.788s] [ 52%] [32m[1mLinking CXX shared library liblivox_ros_driver2__rosidl_typesupport_fastrtps_c.so[0m
[30.292s] [ 54%] Built target livox_interfaces2__rosidl_typesupport_fastrtps_c
[30.413s] [35m[1mScanning dependencies of target livox_interfaces2[0m
[30.515s] [ 54%] Built target livox_interfaces2
[30.630s] [35m[1mScanning dependencies of target livox_ros_driver2[0m
[31.114s] [ 56%] [32mBuilding CXX object CMakeFiles/livox_ros_driver2.dir/src/livox_ros_driver2.cpp.o[0m
[46.854s] [ 57%] [32mBuilding CXX object CMakeFiles/livox_ros_driver2.dir/src/comm/ldq.cpp.o[0m
[47.723s] [ 59%] [32mBuilding CXX object CMakeFiles/livox_ros_driver2.dir/src/comm/semaphore.cpp.o[0m
[48.333s] [ 61%] [32mBuilding CXX object CMakeFiles/livox_ros_driver2.dir/src/comm/lidar_imu_data_queue.cpp.o[0m
[48.852s] [ 63%] [32mBuilding CXX object CMakeFiles/livox_ros_driver2.dir/src/comm/cache_index.cpp.o[0m
[49.861s] [ 64%] [32mBuilding CXX object CMakeFiles/livox_ros_driver2.dir/src/comm/pub_handler.cpp.o[0m
[51.809s] [ 66%] [32mBuilding CXX object CMakeFiles/livox_ros_driver2.dir/src/parse_cfg_file/parse_cfg_file.cpp.o[0m
[52.994s] [ 68%] [32mBuilding CXX object CMakeFiles/livox_ros_driver2.dir/src/parse_cfg_file/parse_livox_lidar_cfg.cpp.o[0m
[54.268s] [ 70%] [32mBuilding CXX object CMakeFiles/livox_ros_driver2.dir/src/call_back/lidar_common_callback.cpp.o[0m
[55.182s] [ 71%] [32mBuilding CXX object CMakeFiles/livox_ros_driver2.dir/src/call_back/livox_lidar_callback.cpp.o[0m
[56.202s] [ 73%] [32mBuilding CXX object CMakeFiles/livox_ros_driver2.dir/src/comm/comm.cpp.o[0m
[56.978s] [ 75%] [32mBuilding CXX object CMakeFiles/livox_ros_driver2.dir/src/lds_lidar.cpp.o[0m
[58.219s] [ 77%] [32mBuilding CXX object CMakeFiles/livox_ros_driver2.dir/src/lds.cpp.o[0m
[59.132s] [ 78%] [32mBuilding CXX object CMakeFiles/livox_ros_driver2.dir/src/driver_node.cpp.o[0m
[70.803s] [ 80%] [32mBuilding CXX object CMakeFiles/livox_ros_driver2.dir/src/lddc.cpp.o[0m
[88.115s] [ 82%] [32m[1mLinking CXX shared library liblivox_ros_driver2.so[0m
[90.110s] [ 82%] Built target livox_ros_driver2
[90.171s] [ 84%] Built target livox_interfaces2__py
[90.203s] [35m[1mScanning dependencies of target livox_interfaces2__python[0m
[90.250s] [ 85%] [32mBuilding C object CMakeFiles/livox_interfaces2__python.dir/rosidl_generator_py/livox_ros_driver2/msg/_custom_point_s.c.o[0m
[90.263s] [ 87%] [32mBuilding C object CMakeFiles/livox_interfaces2__python.dir/rosidl_generator_py/livox_ros_driver2/msg/_custom_msg_s.c.o[0m
[90.461s] [ 89%] [32m[1mLinking C shared library rosidl_generator_py/livox_ros_driver2/liblivox_interfaces2__python.so[0m
[90.558s] [ 89%] Built target livox_interfaces2__python
[90.589s] [35m[1mScanning dependencies of target livox_ros_driver2__rosidl_typesupport_fastrtps_c__pyext[0m
[90.589s] [35m[1mScanning dependencies of target livox_ros_driver2__rosidl_typesupport_introspection_c__pyext[0m
[90.592s] [35m[1mScanning dependencies of target livox_ros_driver2__rosidl_typesupport_c__pyext[0m
[90.654s] [ 91%] [32mBuilding C object CMakeFiles/livox_ros_driver2__rosidl_typesupport_introspection_c__pyext.dir/rosidl_generator_py/livox_ros_driver2/_livox_ros_driver2_s.ep.rosidl_typesupport_introspection_c.c.o[0m
[90.654s] [ 92%] [32mBuilding C object CMakeFiles/livox_ros_driver2__rosidl_typesupport_c__pyext.dir/rosidl_generator_py/livox_ros_driver2/_livox_ros_driver2_s.ep.rosidl_typesupport_c.c.o[0m
[90.671s] [ 94%] [32mBuilding C object CMakeFiles/livox_ros_driver2__rosidl_typesupport_fastrtps_c__pyext.dir/rosidl_generator_py/livox_ros_driver2/_livox_ros_driver2_s.ep.rosidl_typesupport_fastrtps_c.c.o[0m
[90.831s] [ 98%] [32m[1mLinking C shared library rosidl_generator_py/livox_ros_driver2/livox_ros_driver2_s__rosidl_typesupport_introspection_c.cpython-38-aarch64-linux-gnu.so[0m
[90.831s] [ 98%] [32m[1mLinking C shared library rosidl_generator_py/livox_ros_driver2/livox_ros_driver2_s__rosidl_typesupport_c.cpython-38-aarch64-linux-gnu.so[0m
[90.869s] [100%] [32m[1mLinking CXX shared library rosidl_generator_py/livox_ros_driver2/livox_ros_driver2_s__rosidl_typesupport_fastrtps_c.cpython-38-aarch64-linux-gnu.so[0m
[90.925s] [100%] Built target livox_ros_driver2__rosidl_typesupport_c__pyext
[90.926s] [100%] Built target livox_ros_driver2__rosidl_typesupport_introspection_c__pyext
[91.021s] [100%] Built target livox_ros_driver2__rosidl_typesupport_fastrtps_c__pyext
[91.056s] Invoked command in '/home/unitree/navigation_ws/build/livox_ros_driver2' returned '0': CMAKE_PREFIX_PATH=${CMAKE_PREFIX_PATH}:/opt/ros/foxy /usr/bin/cmake --build /home/unitree/navigation_ws/build/livox_ros_driver2 -- -j8 -l8
[91.383s] Invoking command in '/home/unitree/navigation_ws/build/livox_ros_driver2': CMAKE_PREFIX_PATH=${CMAKE_PREFIX_PATH}:/opt/ros/foxy /usr/bin/cmake --install /home/unitree/navigation_ws/build/livox_ros_driver2
[91.416s] -- Install configuration: ""
[91.417s] -- Execute custom install script
[91.418s] -- Up-to-date symlink: /home/unitree/navigation_ws/install/livox_ros_driver2/share/ament_index/resource_index/rosidl_interfaces/livox_ros_driver2
[91.419s] -- Up-to-date symlink: /home/unitree/navigation_ws/install/livox_ros_driver2/include/livox_ros_driver2/msg/custom_msg.h
[91.420s] -- Up-to-date symlink: /home/unitree/navigation_ws/install/livox_ros_driver2/include/livox_ros_driver2/msg/custom_point.h
[91.420s] -- Up-to-date symlink: /home/unitree/navigation_ws/install/livox_ros_driver2/include/livox_ros_driver2/msg/detail/custom_msg__functions.h
[91.420s] -- Up-to-date symlink: /home/unitree/navigation_ws/install/livox_ros_driver2/include/livox_ros_driver2/msg/detail/custom_msg__struct.h
[91.421s] -- Up-to-date symlink: /home/unitree/navigation_ws/install/livox_ros_driver2/include/livox_ros_driver2/msg/detail/custom_msg__type_support.h
[91.421s] -- Up-to-date symlink: /home/unitree/navigation_ws/install/livox_ros_driver2/include/livox_ros_driver2/msg/detail/custom_point__functions.h
[91.421s] -- Up-to-date symlink: /home/unitree/navigation_ws/install/livox_ros_driver2/include/livox_ros_driver2/msg/detail/custom_point__struct.h
[91.422s] -- Up-to-date symlink: /home/unitree/navigation_ws/install/livox_ros_driver2/include/livox_ros_driver2/msg/detail/custom_point__type_support.h
[91.422s] -- Up-to-date symlink: /home/unitree/navigation_ws/install/livox_ros_driver2/include/livox_ros_driver2/msg/rosidl_generator_c__visibility_control.h
[91.422s] -- Up-to-date symlink: /home/unitree/navigation_ws/install/livox_ros_driver2/share/livox_ros_driver2/environment/library_path.sh
[91.422s] -- Up-to-date symlink: /home/unitree/navigation_ws/install/livox_ros_driver2/share/livox_ros_driver2/environment/library_path.dsv
[91.423s] -- Up-to-date symlink: /home/unitree/navigation_ws/install/livox_ros_driver2/include/livox_ros_driver2/msg/detail/custom_msg__rosidl_typesupport_fastrtps_c.h
[91.424s] -- Up-to-date symlink: /home/unitree/navigation_ws/install/livox_ros_driver2/include/livox_ros_driver2/msg/detail/custom_point__rosidl_typesupport_fastrtps_c.h
[91.424s] -- Up-to-date symlink: /home/unitree/navigation_ws/install/livox_ros_driver2/include/livox_ros_driver2/msg/rosidl_typesupport_fastrtps_c__visibility_control.h
[91.424s] -- Up-to-date symlink: /home/unitree/navigation_ws/install/livox_ros_driver2/lib/liblivox_ros_driver2__rosidl_typesupport_fastrtps_c.so
[91.426s] -- Up-to-date symlink: /home/unitree/navigation_ws/install/livox_ros_driver2/include/livox_ros_driver2/msg/detail/custom_msg__rosidl_typesupport_fastrtps_cpp.hpp
[91.426s] -- Up-to-date symlink: /home/unitree/navigation_ws/install/livox_ros_driver2/include/livox_ros_driver2/msg/detail/custom_point__rosidl_typesupport_fastrtps_cpp.hpp
[91.426s] -- Up-to-date symlink: /home/unitree/navigation_ws/install/livox_ros_driver2/include/livox_ros_driver2/msg/rosidl_typesupport_fastrtps_cpp__visibility_control.h
[91.428s] -- Up-to-date symlink: /home/unitree/navigation_ws/install/livox_ros_driver2/lib/liblivox_ros_driver2__rosidl_typesupport_fastrtps_cpp.so
[91.429s] -- Up-to-date symlink: /home/unitree/navigation_ws/install/livox_ros_driver2/include/livox_ros_driver2/msg/detail/custom_msg__rosidl_typesupport_introspection_c.h
[91.429s] -- Up-to-date symlink: /home/unitree/navigation_ws/install/livox_ros_driver2/include/livox_ros_driver2/msg/detail/custom_point__rosidl_typesupport_introspection_c.h
[91.429s] -- Up-to-date symlink: /home/unitree/navigation_ws/install/livox_ros_driver2/include/livox_ros_driver2/msg/rosidl_typesupport_introspection_c__visibility_control.h
[91.430s] -- Up-to-date symlink: /home/unitree/navigation_ws/install/livox_ros_driver2/include/livox_ros_driver2/msg/custom_msg.hpp
[91.430s] -- Up-to-date symlink: /home/unitree/navigation_ws/install/livox_ros_driver2/include/livox_ros_driver2/msg/custom_point.hpp
[91.431s] -- Up-to-date symlink: /home/unitree/navigation_ws/install/livox_ros_driver2/include/livox_ros_driver2/msg/detail/custom_msg__builder.hpp
[91.431s] -- Up-to-date symlink: /home/unitree/navigation_ws/install/livox_ros_driver2/include/livox_ros_driver2/msg/detail/custom_msg__struct.hpp
[91.431s] -- Up-to-date symlink: /home/unitree/navigation_ws/install/livox_ros_driver2/include/livox_ros_driver2/msg/detail/custom_msg__traits.hpp
[91.431s] -- Up-to-date symlink: /home/unitree/navigation_ws/install/livox_ros_driver2/include/livox_ros_driver2/msg/detail/custom_msg__type_support.hpp
[91.432s] -- Up-to-date symlink: /home/unitree/navigation_ws/install/livox_ros_driver2/include/livox_ros_driver2/msg/detail/custom_point__builder.hpp
[91.432s] -- Up-to-date symlink: /home/unitree/navigation_ws/install/livox_ros_driver2/include/livox_ros_driver2/msg/detail/custom_point__struct.hpp
[91.432s] -- Up-to-date symlink: /home/unitree/navigation_ws/install/livox_ros_driver2/include/livox_ros_driver2/msg/detail/custom_point__traits.hpp
[91.433s] -- Up-to-date symlink: /home/unitree/navigation_ws/install/livox_ros_driver2/include/livox_ros_driver2/msg/detail/custom_point__type_support.hpp
[91.433s] -- Up-to-date symlink: /home/unitree/navigation_ws/install/livox_ros_driver2/include/livox_ros_driver2/msg/rosidl_generator_cpp__visibility_control.hpp
[91.434s] -- Up-to-date symlink: /home/unitree/navigation_ws/install/livox_ros_driver2/include/livox_ros_driver2/msg/detail/custom_msg__rosidl_typesupport_introspection_cpp.hpp
[91.434s] -- Up-to-date symlink: /home/unitree/navigation_ws/install/livox_ros_driver2/include/livox_ros_driver2/msg/detail/custom_point__rosidl_typesupport_introspection_cpp.hpp
[91.435s] -- Up-to-date symlink: /home/unitree/navigation_ws/install/livox_ros_driver2/share/livox_ros_driver2/environment/pythonpath.sh
[91.435s] -- Up-to-date symlink: /home/unitree/navigation_ws/install/livox_ros_driver2/share/livox_ros_driver2/environment/pythonpath.dsv
[91.435s] -- Up-to-date symlink: /home/unitree/navigation_ws/install/livox_ros_driver2/lib/python3.8/site-packages/livox_ros_driver2/__init__.py
[91.436s] -- Up-to-date symlink: /home/unitree/navigation_ws/install/livox_ros_driver2/lib/python3.8/site-packages/livox_ros_driver2/msg/__init__.py
[91.436s] -- Up-to-date symlink: /home/unitree/navigation_ws/install/livox_ros_driver2/lib/python3.8/site-packages/livox_ros_driver2/msg/_custom_msg.py
[91.437s] -- Up-to-date symlink: /home/unitree/navigation_ws/install/livox_ros_driver2/lib/python3.8/site-packages/livox_ros_driver2/msg/_custom_point.py
[91.437s] -- Up-to-date symlink: /home/unitree/navigation_ws/install/livox_ros_driver2/lib/python3.8/site-packages/livox_ros_driver2/livox_ros_driver2_s__rosidl_typesupport_fastrtps_c.cpython-38-aarch64-linux-gnu.so
[91.438s] -- Up-to-date symlink: /home/unitree/navigation_ws/install/livox_ros_driver2/lib/python3.8/site-packages/livox_ros_driver2/livox_ros_driver2_s__rosidl_typesupport_introspection_c.cpython-38-aarch64-linux-gnu.so
[91.439s] -- Up-to-date symlink: /home/unitree/navigation_ws/install/livox_ros_driver2/lib/python3.8/site-packages/livox_ros_driver2/livox_ros_driver2_s__rosidl_typesupport_c.cpython-38-aarch64-linux-gnu.so
[91.439s] -- Up-to-date symlink: /home/unitree/navigation_ws/install/livox_ros_driver2/lib/liblivox_interfaces2__python.so
[91.440s] -- Up-to-date symlink: /home/unitree/navigation_ws/install/livox_ros_driver2/share/livox_ros_driver2/msg/CustomPoint.idl
[91.440s] -- Up-to-date symlink: /home/unitree/navigation_ws/install/livox_ros_driver2/share/livox_ros_driver2/msg/CustomMsg.idl
[91.440s] -- Up-to-date symlink: /home/unitree/navigation_ws/install/livox_ros_driver2/share/livox_ros_driver2/msg/CustomPoint.msg
[91.441s] -- Up-to-date symlink: /home/unitree/navigation_ws/install/livox_ros_driver2/share/livox_ros_driver2/msg/CustomMsg.msg
[91.442s] -- Up-to-date symlink: /home/unitree/navigation_ws/install/livox_ros_driver2/lib/livox_ros_driver2/livox_ros_driver2_node
[91.442s] -- Up-to-date symlink: /home/unitree/navigation_ws/install/livox_ros_driver2/lib/liblivox_ros_driver2.so
[91.444s] -- Up-to-date symlink: /home/unitree/navigation_ws/install/livox_ros_driver2/share/livox_ros_driver2/config/HAP_config.json
[91.444s] -- Up-to-date symlink: /home/unitree/navigation_ws/install/livox_ros_driver2/share/livox_ros_driver2/config/MID360_config.json
[91.444s] -- Up-to-date symlink: /home/unitree/navigation_ws/install/livox_ros_driver2/share/livox_ros_driver2/config/display_point_cloud_ROS1.rviz
[91.444s] -- Up-to-date symlink: /home/unitree/navigation_ws/install/livox_ros_driver2/share/livox_ros_driver2/config/display_point_cloud_ROS2.rviz
[91.445s] -- Up-to-date symlink: /home/unitree/navigation_ws/install/livox_ros_driver2/share/livox_ros_driver2/config/mixed_HAP_MID360_config.json
[91.445s] -- Up-to-date symlink: /home/unitree/navigation_ws/install/livox_ros_driver2/share/livox_ros_driver2/launch_ROS2/msg_HAP_launch.py
[91.446s] -- Up-to-date symlink: /home/unitree/navigation_ws/install/livox_ros_driver2/share/livox_ros_driver2/launch_ROS2/msg_MID360_launch.py
[91.446s] -- Up-to-date symlink: /home/unitree/navigation_ws/install/livox_ros_driver2/share/livox_ros_driver2/launch_ROS2/rviz_HAP_launch.py
[91.446s] -- Up-to-date symlink: /home/unitree/navigation_ws/install/livox_ros_driver2/share/livox_ros_driver2/launch_ROS2/rviz_MID360_launch.py
[91.446s] -- Up-to-date symlink: /home/unitree/navigation_ws/install/livox_ros_driver2/share/livox_ros_driver2/launch_ROS2/rviz_mixed.py
[91.447s] -- Up-to-date symlink: /home/unitree/navigation_ws/install/livox_ros_driver2/share/ament_index/resource_index/package_run_dependencies/livox_ros_driver2
[91.447s] -- Up-to-date symlink: /home/unitree/navigation_ws/install/livox_ros_driver2/share/ament_index/resource_index/parent_prefix_path/livox_ros_driver2
[91.448s] -- Up-to-date symlink: /home/unitree/navigation_ws/install/livox_ros_driver2/share/livox_ros_driver2/environment/ament_prefix_path.sh
[91.448s] -- Up-to-date symlink: /home/unitree/navigation_ws/install/livox_ros_driver2/share/livox_ros_driver2/environment/ament_prefix_path.dsv
[91.449s] -- Up-to-date symlink: /home/unitree/navigation_ws/install/livox_ros_driver2/share/livox_ros_driver2/environment/path.sh
[91.450s] -- Up-to-date symlink: /home/unitree/navigation_ws/install/livox_ros_driver2/share/livox_ros_driver2/environment/path.dsv
[91.450s] -- Up-to-date symlink: /home/unitree/navigation_ws/install/livox_ros_driver2/share/livox_ros_driver2/local_setup.bash
[91.450s] -- Up-to-date symlink: /home/unitree/navigation_ws/install/livox_ros_driver2/share/livox_ros_driver2/local_setup.sh
[91.451s] -- Up-to-date symlink: /home/unitree/navigation_ws/install/livox_ros_driver2/share/livox_ros_driver2/local_setup.zsh
[91.451s] -- Up-to-date symlink: /home/unitree/navigation_ws/install/livox_ros_driver2/share/livox_ros_driver2/local_setup.dsv
[91.452s] -- Symlinking: /home/unitree/navigation_ws/install/livox_ros_driver2/share/livox_ros_driver2/package.dsv
[91.479s] -- Up-to-date symlink: /home/unitree/navigation_ws/install/livox_ros_driver2/share/ament_index/resource_index/packages/livox_ros_driver2
[91.479s] -- Up-to-date symlink: /home/unitree/navigation_ws/install/livox_ros_driver2/share/ament_index/resource_index/rclcpp_components/livox_ros_driver2
[91.479s] -- Up-to-date symlink: /home/unitree/navigation_ws/install/livox_ros_driver2/share/livox_ros_driver2/cmake/rosidl_cmake-extras.cmake
[91.480s] -- Up-to-date symlink: /home/unitree/navigation_ws/install/livox_ros_driver2/share/livox_ros_driver2/cmake/ament_cmake_export_dependencies-extras.cmake
[91.480s] -- Up-to-date symlink: /home/unitree/navigation_ws/install/livox_ros_driver2/share/livox_ros_driver2/cmake/ament_cmake_export_libraries-extras.cmake
[91.480s] -- Up-to-date symlink: /home/unitree/navigation_ws/install/livox_ros_driver2/share/livox_ros_driver2/cmake/ament_cmake_export_targets-extras.cmake
[91.481s] -- Up-to-date symlink: /home/unitree/navigation_ws/install/livox_ros_driver2/share/livox_ros_driver2/cmake/ament_cmake_export_include_directories-extras.cmake
[91.481s] -- Up-to-date symlink: /home/unitree/navigation_ws/install/livox_ros_driver2/share/livox_ros_driver2/cmake/rosidl_cmake_export_typesupport_libraries-extras.cmake
[91.482s] -- Up-to-date symlink: /home/unitree/navigation_ws/install/livox_ros_driver2/share/livox_ros_driver2/cmake/rosidl_cmake_export_typesupport_targets-extras.cmake
[91.482s] -- Up-to-date symlink: /home/unitree/navigation_ws/install/livox_ros_driver2/share/livox_ros_driver2/cmake/livox_ros_driver2Config.cmake
[91.482s] -- Up-to-date symlink: /home/unitree/navigation_ws/install/livox_ros_driver2/share/livox_ros_driver2/cmake/livox_ros_driver2Config-version.cmake
[91.483s] -- Up-to-date symlink: /home/unitree/navigation_ws/install/livox_ros_driver2/share/livox_ros_driver2/package.xml
[91.483s] -- Installing: /home/unitree/navigation_ws/install/livox_ros_driver2/lib/liblivox_ros_driver2__rosidl_generator_c.so
[91.484s] -- Set runtime path of "/home/unitree/navigation_ws/install/livox_ros_driver2/lib/liblivox_ros_driver2__rosidl_generator_c.so" to ""
[91.484s] -- Installing: /home/unitree/navigation_ws/install/livox_ros_driver2/lib/liblivox_ros_driver2__rosidl_typesupport_introspection_c.so
[91.485s] -- Set runtime path of "/home/unitree/navigation_ws/install/livox_ros_driver2/lib/liblivox_ros_driver2__rosidl_typesupport_introspection_c.so" to ""
[91.485s] -- Installing: /home/unitree/navigation_ws/install/livox_ros_driver2/lib/liblivox_ros_driver2__rosidl_typesupport_c.so
[91.486s] -- Set runtime path of "/home/unitree/navigation_ws/install/livox_ros_driver2/lib/liblivox_ros_driver2__rosidl_typesupport_c.so" to ""
[91.486s] -- Installing: /home/unitree/navigation_ws/install/livox_ros_driver2/lib/liblivox_ros_driver2__rosidl_typesupport_introspection_cpp.so
[91.487s] -- Set runtime path of "/home/unitree/navigation_ws/install/livox_ros_driver2/lib/liblivox_ros_driver2__rosidl_typesupport_introspection_cpp.so" to ""
[91.488s] -- Installing: /home/unitree/navigation_ws/install/livox_ros_driver2/lib/liblivox_ros_driver2__rosidl_typesupport_cpp.so
[91.488s] -- Set runtime path of "/home/unitree/navigation_ws/install/livox_ros_driver2/lib/liblivox_ros_driver2__rosidl_typesupport_cpp.so" to ""
[91.548s] Compiling '/home/unitree/navigation_ws/install/livox_ros_driver2/lib/python3.8/site-packages/livox_ros_driver2/__init__.py'...
[91.559s] -- Up-to-date: /home/unitree/navigation_ws/install/livox_ros_driver2/share/livox_ros_driver2/cmake/livox_interfaces2__rosidl_generator_cExport.cmake
[91.560s] -- Installing: /home/unitree/navigation_ws/install/livox_ros_driver2/share/livox_ros_driver2/cmake/livox_interfaces2__rosidl_generator_cExport-noconfig.cmake
[91.560s] -- Up-to-date: /home/unitree/navigation_ws/install/livox_ros_driver2/share/livox_ros_driver2/cmake/livox_interfaces2__rosidl_typesupport_introspection_cExport.cmake
[91.560s] -- Installing: /home/unitree/navigation_ws/install/livox_ros_driver2/share/livox_ros_driver2/cmake/livox_interfaces2__rosidl_typesupport_introspection_cExport-noconfig.cmake
[91.561s] -- Up-to-date: /home/unitree/navigation_ws/install/livox_ros_driver2/share/livox_ros_driver2/cmake/livox_interfaces2__rosidl_typesupport_cExport.cmake
[91.561s] -- Installing: /home/unitree/navigation_ws/install/livox_ros_driver2/share/livox_ros_driver2/cmake/livox_interfaces2__rosidl_typesupport_cExport-noconfig.cmake
[91.561s] -- Up-to-date: /home/unitree/navigation_ws/install/livox_ros_driver2/share/livox_ros_driver2/cmake/livox_interfaces2__rosidl_generator_cppExport.cmake
[91.562s] -- Up-to-date: /home/unitree/navigation_ws/install/livox_ros_driver2/share/livox_ros_driver2/cmake/livox_interfaces2__rosidl_typesupport_introspection_cppExport.cmake
[91.563s] -- Installing: /home/unitree/navigation_ws/install/livox_ros_driver2/share/livox_ros_driver2/cmake/livox_interfaces2__rosidl_typesupport_introspection_cppExport-noconfig.cmake
[91.563s] -- Up-to-date: /home/unitree/navigation_ws/install/livox_ros_driver2/share/livox_ros_driver2/cmake/livox_interfaces2__rosidl_typesupport_cppExport.cmake
[91.563s] -- Installing: /home/unitree/navigation_ws/install/livox_ros_driver2/share/livox_ros_driver2/cmake/livox_interfaces2__rosidl_typesupport_cppExport-noconfig.cmake
[91.569s] Invoked command in '/home/unitree/navigation_ws/build/livox_ros_driver2' returned '0': CMAKE_PREFIX_PATH=${CMAKE_PREFIX_PATH}:/opt/ros/foxy /usr/bin/cmake --install /home/unitree/navigation_ws/build/livox_ros_driver2
