Performing C SOURCE FILE Test CMAKE_HAVE_LIBC_PTHREAD failed with the following output:
Change Dir: /home/unitree/navigation_ws/build/dwb_core/CMakeFiles/CMakeTmp

Run Build Command(s):/usr/bin/make cmTC_60f81/fast && /usr/bin/make -f CMakeFiles/cmTC_60f81.dir/build.make CMakeFiles/cmTC_60f81.dir/build
make[1]: Entering directory '/home/unitree/navigation_ws/build/dwb_core/CMakeFiles/CMakeTmp'
Building C object CMakeFiles/cmTC_60f81.dir/src.c.o
/usr/bin/cc   -DCMAKE_HAVE_LIBC_PTHREAD   -o CMakeFiles/cmTC_60f81.dir/src.c.o   -c /home/unitree/navigation_ws/build/dwb_core/CMakeFiles/CMakeTmp/src.c
Linking C executable cmTC_60f81
/usr/bin/cmake -E cmake_link_script CMakeFiles/cmTC_60f81.dir/link.txt --verbose=1
/usr/bin/cc  -DCMAKE_HAVE_LIBC_PTHREAD    CMakeFiles/cmTC_60f81.dir/src.c.o  -o cmTC_60f81 
/usr/bin/ld: CMakeFiles/cmTC_60f81.dir/src.c.o: in function `main':
src.c:(.text+0x48): undefined reference to `pthread_create'
/usr/bin/ld: src.c:(.text+0x50): undefined reference to `pthread_detach'
/usr/bin/ld: src.c:(.text+0x5c): undefined reference to `pthread_join'
collect2: error: ld returned 1 exit status
make[1]: *** [CMakeFiles/cmTC_60f81.dir/build.make:87: cmTC_60f81] Error 1
make[1]: Leaving directory '/home/unitree/navigation_ws/build/dwb_core/CMakeFiles/CMakeTmp'
make: *** [Makefile:121: cmTC_60f81/fast] Error 2


Source file was:
#include <pthread.h>

void* test_func(void* data)
{
  return data;
}

int main(void)
{
  pthread_t thread;
  pthread_create(&thread, NULL, test_func, NULL);
  pthread_detach(thread);
  pthread_join(thread, NULL);
  pthread_atfork(NULL, NULL, NULL);
  pthread_exit(NULL);

  return 0;
}

Determining if the function pthread_create exists in the pthreads failed with the following output:
Change Dir: /home/unitree/navigation_ws/build/dwb_core/CMakeFiles/CMakeTmp

Run Build Command(s):/usr/bin/make cmTC_9d1f0/fast && /usr/bin/make -f CMakeFiles/cmTC_9d1f0.dir/build.make CMakeFiles/cmTC_9d1f0.dir/build
make[1]: Entering directory '/home/unitree/navigation_ws/build/dwb_core/CMakeFiles/CMakeTmp'
Building C object CMakeFiles/cmTC_9d1f0.dir/CheckFunctionExists.c.o
/usr/bin/cc   -DCHECK_FUNCTION_EXISTS=pthread_create   -o CMakeFiles/cmTC_9d1f0.dir/CheckFunctionExists.c.o   -c /usr/share/cmake-3.16/Modules/CheckFunctionExists.c
Linking C executable cmTC_9d1f0
/usr/bin/cmake -E cmake_link_script CMakeFiles/cmTC_9d1f0.dir/link.txt --verbose=1
/usr/bin/cc  -DCHECK_FUNCTION_EXISTS=pthread_create    CMakeFiles/cmTC_9d1f0.dir/CheckFunctionExists.c.o  -o cmTC_9d1f0  -lpthreads 
/usr/bin/ld: cannot find -lpthreads
collect2: error: ld returned 1 exit status
make[1]: *** [CMakeFiles/cmTC_9d1f0.dir/build.make:87: cmTC_9d1f0] Error 1
make[1]: Leaving directory '/home/unitree/navigation_ws/build/dwb_core/CMakeFiles/CMakeTmp'
make: *** [Makefile:121: cmTC_9d1f0/fast] Error 2



Performing C SOURCE FILE Test CMAKE_HAVE_LIBC_PTHREAD failed with the following output:
Change Dir: /home/unitree/navigation_ws/build/dwb_core/CMakeFiles/CMakeTmp

Run Build Command(s):/usr/bin/make cmTC_d057f/fast && /usr/bin/make -f CMakeFiles/cmTC_d057f.dir/build.make CMakeFiles/cmTC_d057f.dir/build
make[1]: Entering directory '/home/unitree/navigation_ws/build/dwb_core/CMakeFiles/CMakeTmp'
Building C object CMakeFiles/cmTC_d057f.dir/src.c.o
/usr/bin/cc   -DCMAKE_HAVE_LIBC_PTHREAD   -o CMakeFiles/cmTC_d057f.dir/src.c.o   -c /home/unitree/navigation_ws/build/dwb_core/CMakeFiles/CMakeTmp/src.c
Linking C executable cmTC_d057f
/usr/bin/cmake -E cmake_link_script CMakeFiles/cmTC_d057f.dir/link.txt --verbose=1
/usr/bin/cc  -DCMAKE_HAVE_LIBC_PTHREAD    CMakeFiles/cmTC_d057f.dir/src.c.o  -o cmTC_d057f 
/usr/bin/ld: CMakeFiles/cmTC_d057f.dir/src.c.o: in function `main':
src.c:(.text+0x48): undefined reference to `pthread_create'
/usr/bin/ld: src.c:(.text+0x50): undefined reference to `pthread_detach'
/usr/bin/ld: src.c:(.text+0x5c): undefined reference to `pthread_join'
collect2: error: ld returned 1 exit status
make[1]: *** [CMakeFiles/cmTC_d057f.dir/build.make:87: cmTC_d057f] Error 1
make[1]: Leaving directory '/home/unitree/navigation_ws/build/dwb_core/CMakeFiles/CMakeTmp'
make: *** [Makefile:121: cmTC_d057f/fast] Error 2


Source file was:
#include <pthread.h>

void* test_func(void* data)
{
  return data;
}

int main(void)
{
  pthread_t thread;
  pthread_create(&thread, NULL, test_func, NULL);
  pthread_detach(thread);
  pthread_join(thread, NULL);
  pthread_atfork(NULL, NULL, NULL);
  pthread_exit(NULL);

  return 0;
}

Determining if the function pthread_create exists in the pthreads failed with the following output:
Change Dir: /home/unitree/navigation_ws/build/dwb_core/CMakeFiles/CMakeTmp

Run Build Command(s):/usr/bin/make cmTC_e3c56/fast && /usr/bin/make -f CMakeFiles/cmTC_e3c56.dir/build.make CMakeFiles/cmTC_e3c56.dir/build
make[1]: Entering directory '/home/unitree/navigation_ws/build/dwb_core/CMakeFiles/CMakeTmp'
Building C object CMakeFiles/cmTC_e3c56.dir/CheckFunctionExists.c.o
/usr/bin/cc   -DCHECK_FUNCTION_EXISTS=pthread_create   -o CMakeFiles/cmTC_e3c56.dir/CheckFunctionExists.c.o   -c /usr/share/cmake-3.16/Modules/CheckFunctionExists.c
Linking C executable cmTC_e3c56
/usr/bin/cmake -E cmake_link_script CMakeFiles/cmTC_e3c56.dir/link.txt --verbose=1
/usr/bin/cc  -DCHECK_FUNCTION_EXISTS=pthread_create    CMakeFiles/cmTC_e3c56.dir/CheckFunctionExists.c.o  -o cmTC_e3c56  -lpthreads 
/usr/bin/ld: cannot find -lpthreads
collect2: error: ld returned 1 exit status
make[1]: *** [CMakeFiles/cmTC_e3c56.dir/build.make:87: cmTC_e3c56] Error 1
make[1]: Leaving directory '/home/unitree/navigation_ws/build/dwb_core/CMakeFiles/CMakeTmp'
make: *** [Makefile:121: cmTC_e3c56/fast] Error 2



