Performing C++ SOURCE FILE Test CMAKE_HAVE_LIBC_PTHREAD failed with the following output:
Change Dir: /home/unitree/navigation_ws/build/nav2_behavior_tree/CMakeFiles/CMakeTmp

Run Build Command(s):/usr/bin/make cmTC_ad4ca/fast && /usr/bin/make -f CMakeFiles/cmTC_ad4ca.dir/build.make CMakeFiles/cmTC_ad4ca.dir/build
make[1]: Entering directory '/home/unitree/navigation_ws/build/nav2_behavior_tree/CMakeFiles/CMakeTmp'
Building CXX object CMakeFiles/cmTC_ad4ca.dir/src.cxx.o
/usr/bin/c++    -DCMAKE_HAVE_LIBC_PTHREAD   -o CMakeFiles/cmTC_ad4ca.dir/src.cxx.o -c /home/unitree/navigation_ws/build/nav2_behavior_tree/CMakeFiles/CMakeTmp/src.cxx
Linking CXX executable cmTC_ad4ca
/usr/bin/cmake -E cmake_link_script CMakeFiles/cmTC_ad4ca.dir/link.txt --verbose=1
/usr/bin/c++   -DCMAKE_HAVE_LIBC_PTHREAD    CMakeFiles/cmTC_ad4ca.dir/src.cxx.o  -o cmTC_ad4ca 
/usr/bin/ld: CMakeFiles/cmTC_ad4ca.dir/src.cxx.o: in function `main':
src.cxx:(.text+0x48): undefined reference to `pthread_create'
/usr/bin/ld: src.cxx:(.text+0x50): undefined reference to `pthread_detach'
/usr/bin/ld: src.cxx:(.text+0x5c): undefined reference to `pthread_join'
collect2: error: ld returned 1 exit status
make[1]: *** [CMakeFiles/cmTC_ad4ca.dir/build.make:87: cmTC_ad4ca] Error 1
make[1]: Leaving directory '/home/unitree/navigation_ws/build/nav2_behavior_tree/CMakeFiles/CMakeTmp'
make: *** [Makefile:121: cmTC_ad4ca/fast] Error 2


Source file was:
#include <pthread.h>

void* test_func(void* data)
{
  return data;
}

int main(void)
{
  pthread_t thread;
  pthread_create(&thread, NULL, test_func, NULL);
  pthread_detach(thread);
  pthread_join(thread, NULL);
  pthread_atfork(NULL, NULL, NULL);
  pthread_exit(NULL);

  return 0;
}

Determining if the function pthread_create exists in the pthreads failed with the following output:
Change Dir: /home/unitree/navigation_ws/build/nav2_behavior_tree/CMakeFiles/CMakeTmp

Run Build Command(s):/usr/bin/make cmTC_58d8b/fast && /usr/bin/make -f CMakeFiles/cmTC_58d8b.dir/build.make CMakeFiles/cmTC_58d8b.dir/build
make[1]: Entering directory '/home/unitree/navigation_ws/build/nav2_behavior_tree/CMakeFiles/CMakeTmp'
Building CXX object CMakeFiles/cmTC_58d8b.dir/CheckFunctionExists.cxx.o
/usr/bin/c++    -DCHECK_FUNCTION_EXISTS=pthread_create   -o CMakeFiles/cmTC_58d8b.dir/CheckFunctionExists.cxx.o -c /home/unitree/navigation_ws/build/nav2_behavior_tree/CMakeFiles/CheckLibraryExists/CheckFunctionExists.cxx
Linking CXX executable cmTC_58d8b
/usr/bin/cmake -E cmake_link_script CMakeFiles/cmTC_58d8b.dir/link.txt --verbose=1
/usr/bin/c++   -DCHECK_FUNCTION_EXISTS=pthread_create    CMakeFiles/cmTC_58d8b.dir/CheckFunctionExists.cxx.o  -o cmTC_58d8b  -lpthreads 
/usr/bin/ld: cannot find -lpthreads
collect2: error: ld returned 1 exit status
make[1]: *** [CMakeFiles/cmTC_58d8b.dir/build.make:87: cmTC_58d8b] Error 1
make[1]: Leaving directory '/home/unitree/navigation_ws/build/nav2_behavior_tree/CMakeFiles/CMakeTmp'
make: *** [Makefile:121: cmTC_58d8b/fast] Error 2



Performing C++ SOURCE FILE Test CMAKE_HAVE_LIBC_PTHREAD failed with the following output:
Change Dir: /home/unitree/navigation_ws/build/nav2_behavior_tree/CMakeFiles/CMakeTmp

Run Build Command(s):/usr/bin/make cmTC_ade04/fast && /usr/bin/make -f CMakeFiles/cmTC_ade04.dir/build.make CMakeFiles/cmTC_ade04.dir/build
make[1]: Entering directory '/home/unitree/navigation_ws/build/nav2_behavior_tree/CMakeFiles/CMakeTmp'
Building CXX object CMakeFiles/cmTC_ade04.dir/src.cxx.o
/usr/bin/c++    -DCMAKE_HAVE_LIBC_PTHREAD   -o CMakeFiles/cmTC_ade04.dir/src.cxx.o -c /home/unitree/navigation_ws/build/nav2_behavior_tree/CMakeFiles/CMakeTmp/src.cxx
Linking CXX executable cmTC_ade04
/usr/bin/cmake -E cmake_link_script CMakeFiles/cmTC_ade04.dir/link.txt --verbose=1
/usr/bin/c++   -DCMAKE_HAVE_LIBC_PTHREAD    CMakeFiles/cmTC_ade04.dir/src.cxx.o  -o cmTC_ade04 
/usr/bin/ld: CMakeFiles/cmTC_ade04.dir/src.cxx.o: in function `main':
src.cxx:(.text+0x48): undefined reference to `pthread_create'
/usr/bin/ld: src.cxx:(.text+0x50): undefined reference to `pthread_detach'
/usr/bin/ld: src.cxx:(.text+0x5c): undefined reference to `pthread_join'
collect2: error: ld returned 1 exit status
make[1]: *** [CMakeFiles/cmTC_ade04.dir/build.make:87: cmTC_ade04] Error 1
make[1]: Leaving directory '/home/unitree/navigation_ws/build/nav2_behavior_tree/CMakeFiles/CMakeTmp'
make: *** [Makefile:121: cmTC_ade04/fast] Error 2


Source file was:
#include <pthread.h>

void* test_func(void* data)
{
  return data;
}

int main(void)
{
  pthread_t thread;
  pthread_create(&thread, NULL, test_func, NULL);
  pthread_detach(thread);
  pthread_join(thread, NULL);
  pthread_atfork(NULL, NULL, NULL);
  pthread_exit(NULL);

  return 0;
}

Determining if the function pthread_create exists in the pthreads failed with the following output:
Change Dir: /home/unitree/navigation_ws/build/nav2_behavior_tree/CMakeFiles/CMakeTmp

Run Build Command(s):/usr/bin/make cmTC_2820f/fast && /usr/bin/make -f CMakeFiles/cmTC_2820f.dir/build.make CMakeFiles/cmTC_2820f.dir/build
make[1]: Entering directory '/home/unitree/navigation_ws/build/nav2_behavior_tree/CMakeFiles/CMakeTmp'
Building CXX object CMakeFiles/cmTC_2820f.dir/CheckFunctionExists.cxx.o
/usr/bin/c++    -DCHECK_FUNCTION_EXISTS=pthread_create   -o CMakeFiles/cmTC_2820f.dir/CheckFunctionExists.cxx.o -c /home/unitree/navigation_ws/build/nav2_behavior_tree/CMakeFiles/CheckLibraryExists/CheckFunctionExists.cxx
Linking CXX executable cmTC_2820f
/usr/bin/cmake -E cmake_link_script CMakeFiles/cmTC_2820f.dir/link.txt --verbose=1
/usr/bin/c++   -DCHECK_FUNCTION_EXISTS=pthread_create    CMakeFiles/cmTC_2820f.dir/CheckFunctionExists.cxx.o  -o cmTC_2820f  -lpthreads 
/usr/bin/ld: cannot find -lpthreads
collect2: error: ld returned 1 exit status
make[1]: *** [CMakeFiles/cmTC_2820f.dir/build.make:87: cmTC_2820f] Error 1
make[1]: Leaving directory '/home/unitree/navigation_ws/build/nav2_behavior_tree/CMakeFiles/CMakeTmp'
make: *** [Makefile:121: cmTC_2820f/fast] Error 2



