-- The C compiler identification is GNU 9.4.0
-- The CXX compiler identification is GNU 9.4.0
-- Check for working C compiler: /usr/bin/cc
-- Check for working C compiler: /usr/bin/cc -- works
-- Detecting C compiler ABI info
-- Detecting C compiler ABI info - done
-- Detecting C compile features
-- Detecting C compile features - done
-- Check for working CXX compiler: /usr/bin/c++
-- Check for working CXX compiler: /usr/bin/c++ -- works
-- Detecting CXX compiler ABI info
-- Detecting CXX compiler ABI info - done
-- Detecting CXX compile features
-- Detecting CXX compile features - done
-- Found ament_cmake: 0.9.12 (/opt/ros/foxy/share/ament_cmake/cmake)
-- Found PythonInterp: /usr/bin/python3 (found suitable version "3.8.10", minimum required is "3") 
-- Using PYTHON_EXECUTABLE: /usr/bin/python3
-- Override CMake install command with custom implementation using symlinks instead of copying resources
-- Found nav2_common: 0.4.7 (/home/unitree/navigation_ws/install/nav2_common/share/nav2_common/cmake)
-- Found angles: 1.12.6 (/opt/ros/foxy/share/angles/cmake)
-- Found dwb_core: 0.4.7 (/home/unitree/navigation_ws/install/dwb_core/share/dwb_core/cmake)
-- Using all available rosidl_typesupport_c: rosidl_typesupport_fastrtps_c;rosidl_typesupport_introspection_c
-- Found rosidl_adapter: 1.3.1 (/opt/ros/foxy/share/rosidl_adapter/cmake)
-- Found OpenSSL: /usr/lib/aarch64-linux-gnu/libcrypto.so (found version "1.1.1f")  
-- Found FastRTPS: /opt/ros/foxy/include  
-- Using all available rosidl_typesupport_cpp: rosidl_typesupport_fastrtps_cpp;rosidl_typesupport_introspection_cpp
-- Found rmw_implementation_cmake: 1.0.4 (/opt/ros/foxy/share/rmw_implementation_cmake/cmake)
-- Using RMW implementation 'rmw_cyclonedds_cpp' as default
-- Looking for pthread.h
-- Looking for pthread.h - found
-- Performing Test CMAKE_HAVE_LIBC_PTHREAD
-- Performing Test CMAKE_HAVE_LIBC_PTHREAD - Failed
-- Looking for pthread_create in pthreads
-- Looking for pthread_create in pthreads - not found
-- Looking for pthread_create in pthread
-- Looking for pthread_create in pthread - found
-- Found Threads: TRUE  
-- Found Eigen3: TRUE (found version "3.3.7") 
-- Setting build type to Release as none was specified.
-- Found ament_lint_auto: 0.9.8 (/opt/ros/foxy/share/ament_lint_auto/cmake)
-- Found gtest sources under '/opt/ros/foxy/src/gtest_vendor': C++ tests using 'Google Test' will be built
-- Check if compiler accepts -pthread
-- Check if compiler accepts -pthread - yes
-- Added test 'cppcheck' to perform static code analysis on C / C++ code
-- Configured cppcheck include dirs: /home/unitree/navigation_ws/src/navigation2/nav2_dwb_controller/dwb_plugins/include
-- Configured cppcheck exclude dirs and/or files: 
-- Added test 'cpplint' to check C / C++ code against the Google style
-- Configured cpplint exclude dirs and/or files: 
-- Added test 'lint_cmake' to check CMake code style
-- Added test 'uncrustify' to check C / C++ code style
-- Configured uncrustify additional arguments: 
-- Added test 'xmllint' to check XML markup files
-- Configuring done
-- Generating done
-- Build files have been written to: /home/unitree/navigation_ws/build/dwb_plugins
[35m[1mScanning dependencies of target standard_traj_generator[0m
[  7%] [32mBuilding CXX object CMakeFiles/standard_traj_generator.dir/src/standard_traj_generator.cpp.o[0m
[ 15%] [32mBuilding CXX object CMakeFiles/standard_traj_generator.dir/src/xy_theta_iterator.cpp.o[0m
[ 23%] [32mBuilding CXX object CMakeFiles/standard_traj_generator.dir/src/kinematic_parameters.cpp.o[0m
[ 30%] [32mBuilding CXX object CMakeFiles/standard_traj_generator.dir/src/limited_accel_generator.cpp.o[0m
[ 38%] [32m[1mLinking CXX shared library libstandard_traj_generator.so[0m
[ 38%] Built target standard_traj_generator
[35m[1mScanning dependencies of target gtest_main[0m
[ 46%] [32mBuilding CXX object gtest/CMakeFiles/gtest_main.dir/src/gtest_main.cc.o[0m
[ 53%] [32m[1mLinking CXX static library libgtest_main.a[0m
[ 53%] Built target gtest_main
[35m[1mScanning dependencies of target gtest[0m
[ 61%] [32mBuilding CXX object gtest/CMakeFiles/gtest.dir/src/gtest-all.cc.o[0m
[ 69%] [32m[1mLinking CXX static library libgtest.a[0m
[ 69%] Built target gtest
[35m[1mScanning dependencies of target twist_gen_test[0m
[35m[1mScanning dependencies of target vtest[0m
[ 76%] [32mBuilding CXX object test/CMakeFiles/vtest.dir/velocity_iterator_test.cpp.o[0m
[ 84%] [32mBuilding CXX object test/CMakeFiles/twist_gen_test.dir/twist_gen.cpp.o[0m
[ 92%] [32m[1mLinking CXX executable vtest[0m
[ 92%] Built target vtest
[100%] [32m[1mLinking CXX executable twist_gen_test[0m
[100%] Built target twist_gen_test
-- Install configuration: "Release"
-- Execute custom install script
-- Symlinking: /home/unitree/navigation_ws/install/dwb_plugins/lib/libstandard_traj_generator.so
-- Symlinking: /home/unitree/navigation_ws/install/dwb_plugins/include//dwb_plugins/kinematic_parameters.hpp
-- Symlinking: /home/unitree/navigation_ws/install/dwb_plugins/include//dwb_plugins/limited_accel_generator.hpp
-- Symlinking: /home/unitree/navigation_ws/install/dwb_plugins/include//dwb_plugins/one_d_velocity_iterator.hpp
-- Symlinking: /home/unitree/navigation_ws/install/dwb_plugins/include//dwb_plugins/standard_traj_generator.hpp
-- Symlinking: /home/unitree/navigation_ws/install/dwb_plugins/include//dwb_plugins/velocity_iterator.hpp
-- Symlinking: /home/unitree/navigation_ws/install/dwb_plugins/include//dwb_plugins/xy_theta_iterator.hpp
-- Symlinking: /home/unitree/navigation_ws/install/dwb_plugins/share/dwb_plugins/plugins.xml
-- Symlinking: /home/unitree/navigation_ws/install/dwb_plugins/share/dwb_plugins/environment/library_path.sh
-- Symlinking: /home/unitree/navigation_ws/install/dwb_plugins/share/dwb_plugins/environment/library_path.dsv
-- Up-to-date symlink: /home/unitree/navigation_ws/install/dwb_plugins/share/dwb_plugins//plugins.xml
-- Symlinking: /home/unitree/navigation_ws/install/dwb_plugins/share/ament_index/resource_index/package_run_dependencies/dwb_plugins
-- Symlinking: /home/unitree/navigation_ws/install/dwb_plugins/share/ament_index/resource_index/parent_prefix_path/dwb_plugins
-- Symlinking: /home/unitree/navigation_ws/install/dwb_plugins/share/dwb_plugins/environment/ament_prefix_path.sh
-- Symlinking: /home/unitree/navigation_ws/install/dwb_plugins/share/dwb_plugins/environment/ament_prefix_path.dsv
-- Symlinking: /home/unitree/navigation_ws/install/dwb_plugins/share/dwb_plugins/environment/path.sh
-- Symlinking: /home/unitree/navigation_ws/install/dwb_plugins/share/dwb_plugins/environment/path.dsv
-- Symlinking: /home/unitree/navigation_ws/install/dwb_plugins/share/dwb_plugins/local_setup.bash
-- Symlinking: /home/unitree/navigation_ws/install/dwb_plugins/share/dwb_plugins/local_setup.sh
-- Symlinking: /home/unitree/navigation_ws/install/dwb_plugins/share/dwb_plugins/local_setup.zsh
-- Symlinking: /home/unitree/navigation_ws/install/dwb_plugins/share/dwb_plugins/local_setup.dsv
-- Symlinking: /home/unitree/navigation_ws/install/dwb_plugins/share/dwb_plugins/package.dsv
-- Symlinking: /home/unitree/navigation_ws/install/dwb_plugins/share/ament_index/resource_index/packages/dwb_plugins
-- Symlinking: /home/unitree/navigation_ws/install/dwb_plugins/share/ament_index/resource_index/dwb_core__pluginlib__plugin/dwb_plugins
-- Symlinking: /home/unitree/navigation_ws/install/dwb_plugins/share/dwb_plugins/cmake/ament_cmake_export_include_directories-extras.cmake
-- Symlinking: /home/unitree/navigation_ws/install/dwb_plugins/share/dwb_plugins/cmake/ament_cmake_export_libraries-extras.cmake
-- Symlinking: /home/unitree/navigation_ws/install/dwb_plugins/share/dwb_plugins/cmake/ament_cmake_export_definitions-extras.cmake
-- Symlinking: /home/unitree/navigation_ws/install/dwb_plugins/share/dwb_plugins/cmake/dwb_pluginsConfig.cmake
-- Symlinking: /home/unitree/navigation_ws/install/dwb_plugins/share/dwb_plugins/cmake/dwb_pluginsConfig-version.cmake
-- Symlinking: /home/unitree/navigation_ws/install/dwb_plugins/share/dwb_plugins/package.xml
