[0.139s] Invoking command in '/home/unitree/navigation_ws/build/pointcloud_to_laserscan': CMAKE_PREFIX_PATH=${CMAKE_PREFIX_PATH}:/opt/ros/foxy /usr/bin/cmake /home/unitree/navigation_ws/src/reconstruction/pointcloud_to_laserscan -DCMAKE_BUILD_TYPE=Release -DCMAKE_INSTALL_PREFIX=/home/unitree/navigation_ws/install/pointcloud_to_laserscan
[0.283s] -- The C compiler identification is GNU 9.4.0
[0.419s] -- The CXX compiler identification is GNU 9.4.0
[0.433s] -- Check for working C compiler: /usr/bin/cc
[0.686s] -- Check for working C compiler: /usr/bin/cc -- works
[0.688s] -- Detecting C compiler ABI info
[0.927s] -- Detecting C compiler ABI info - done
[0.954s] -- Detecting C compile features
[0.954s] -- Detecting C compile features - done
[0.958s] -- Check for working CXX compiler: /usr/bin/c++
[1.189s] -- Check for working CXX compiler: /usr/bin/c++ -- works
[1.191s] -- Detecting CXX compiler ABI info
[1.408s] -- Detecting CXX compiler ABI info - done
[1.426s] -- Detecting CXX compile features
[1.428s] -- Detecting CXX compile features - done
[1.439s] -- Found ament_cmake: 0.9.12 (/opt/ros/foxy/share/ament_cmake/cmake)
[1.506s] -- Found PythonInterp: /usr/bin/python3 (found suitable version "3.8.10", minimum required is "3") 
[1.506s] -- Using PYTHON_EXECUTABLE: /usr/bin/python3
[1.975s] -- Found laser_geometry: 2.2.0 (/opt/ros/foxy/share/laser_geometry/cmake)
[2.005s] -- Found message_filters: 3.2.7 (/opt/ros/foxy/share/message_filters/cmake)
[2.017s] -- Found rclcpp: 2.4.3 (/opt/ros/foxy/share/rclcpp/cmake)
[2.144s] -- Using all available rosidl_typesupport_c: rosidl_typesupport_fastrtps_c;rosidl_typesupport_introspection_c
[2.170s] -- Found rosidl_adapter: 1.3.1 (/opt/ros/foxy/share/rosidl_adapter/cmake)
[2.420s] -- Found OpenSSL: /usr/lib/aarch64-linux-gnu/libcrypto.so (found version "1.1.1f")  
[2.485s] -- Found FastRTPS: /opt/ros/foxy/include  
[2.671s] -- Using all available rosidl_typesupport_cpp: rosidl_typesupport_fastrtps_cpp;rosidl_typesupport_introspection_cpp
[2.798s] -- Found rmw_implementation_cmake: 1.0.4 (/opt/ros/foxy/share/rmw_implementation_cmake/cmake)
[2.804s] -- Using RMW implementation 'rmw_cyclonedds_cpp' as default
[2.806s] -- Looking for pthread.h
[3.002s] -- Looking for pthread.h - found
[3.003s] -- Performing Test CMAKE_HAVE_LIBC_PTHREAD
[3.222s] -- Performing Test CMAKE_HAVE_LIBC_PTHREAD - Failed
[3.223s] -- Looking for pthread_create in pthreads
[3.400s] -- Looking for pthread_create in pthreads - not found
[3.400s] -- Looking for pthread_create in pthread
[3.646s] -- Looking for pthread_create in pthread - found
[3.647s] -- Found Threads: TRUE  
[4.006s] -- Found rclcpp_components: 2.4.3 (/opt/ros/foxy/share/rclcpp_components/cmake)
[4.176s] -- Found sensor_msgs: 2.0.5 (/opt/ros/foxy/share/sensor_msgs/cmake)
[4.374s] -- Found tf2: 0.13.14 (/opt/ros/foxy/share/tf2/cmake)
[4.408s] -- Found tf2_ros: 0.13.14 (/opt/ros/foxy/share/tf2_ros/cmake)
[4.918s] -- Found tf2_sensor_msgs: 0.13.14 (/opt/ros/foxy/share/tf2_sensor_msgs/cmake)
[5.128s] -- Found ament_lint_auto: 0.9.8 (/opt/ros/foxy/share/ament_lint_auto/cmake)
[5.886s] -- Added test 'cppcheck' to perform static code analysis on C / C++ code
[5.886s] -- Configured cppcheck include dirs: /home/unitree/navigation_ws/src/reconstruction/pointcloud_to_laserscan/include
[5.886s] -- Configured cppcheck exclude dirs and/or files: 
[5.943s] -- Added test 'cpplint' to check C / C++ code against the Google style
[5.944s] -- Configured cpplint exclude dirs and/or files: 
[5.954s] -- Added test 'flake8' to check Python code syntax and style conventions
[5.990s] -- Added test 'lint_cmake' to check CMake code style
[5.995s] -- Added test 'pep257' to check Python code against some of the style conventions in PEP 257
[6.008s] -- Added test 'uncrustify' to check C / C++ code style
[6.010s] -- Configured uncrustify additional arguments: 
[6.012s] -- Added test 'xmllint' to check XML markup files
[6.044s] -- Configuring done
[6.394s] -- Generating done
[6.412s] -- Build files have been written to: /home/unitree/navigation_ws/build/pointcloud_to_laserscan
[6.512s] Invoked command in '/home/unitree/navigation_ws/build/pointcloud_to_laserscan' returned '0': CMAKE_PREFIX_PATH=${CMAKE_PREFIX_PATH}:/opt/ros/foxy /usr/bin/cmake /home/unitree/navigation_ws/src/reconstruction/pointcloud_to_laserscan -DCMAKE_BUILD_TYPE=Release -DCMAKE_INSTALL_PREFIX=/home/unitree/navigation_ws/install/pointcloud_to_laserscan
[6.514s] Invoking command in '/home/unitree/navigation_ws/build/pointcloud_to_laserscan': CMAKE_PREFIX_PATH=${CMAKE_PREFIX_PATH}:/opt/ros/foxy /usr/bin/cmake --build /home/unitree/navigation_ws/build/pointcloud_to_laserscan -- -j8 -l8
[11.365s] [35m[1mScanning dependencies of target laserscan_to_pointcloud[0m
[11.365s] [35m[1mScanning dependencies of target laserscan_to_pointcloud_node[0m
[11.365s] [35m[1mScanning dependencies of target dummy_pointcloud_publisher[0m
[11.365s] [35m[1mScanning dependencies of target pointcloud_to_laserscan[0m
[11.365s] [35m[1mScanning dependencies of target pointcloud_to_laserscan_node[0m
[11.366s] [ 10%] [32mBuilding CXX object CMakeFiles/dummy_pointcloud_publisher.dir/src/dummy_pointcloud_publisher.cpp.o[0m
[11.366s] [ 20%] [32mBuilding CXX object CMakeFiles/laserscan_to_pointcloud_node.dir/rclcpp_components/node_main_laserscan_to_pointcloud_node.cpp.o[0m
[11.366s] [ 30%] [32mBuilding CXX object CMakeFiles/laserscan_to_pointcloud.dir/src/laserscan_to_pointcloud_node.cpp.o[0m
[11.366s] [ 40%] [32mBuilding CXX object CMakeFiles/pointcloud_to_laserscan.dir/src/pointcloud_to_laserscan_node.cpp.o[0m
[11.366s] [ 50%] [32mBuilding CXX object CMakeFiles/pointcloud_to_laserscan_node.dir/rclcpp_components/node_main_pointcloud_to_laserscan_node.cpp.o[0m
[22.339s] [ 60%] [32m[1mLinking CXX executable laserscan_to_pointcloud_node[0m
[22.692s] [ 60%] Built target laserscan_to_pointcloud_node
[25.021s] [ 70%] [32m[1mLinking CXX executable pointcloud_to_laserscan_node[0m
[26.127s] [ 70%] Built target pointcloud_to_laserscan_node
[30.859s] [ 80%] [32m[1mLinking CXX executable dummy_pointcloud_publisher[0m
[31.356s] [ 80%] Built target dummy_pointcloud_publisher
[48.278s] [ 90%] [32m[1mLinking CXX shared library liblaserscan_to_pointcloud.so[0m
[48.613s] [ 90%] Built target laserscan_to_pointcloud
[48.772s] [100%] [32m[1mLinking CXX shared library libpointcloud_to_laserscan.so[0m
[49.106s] [100%] Built target pointcloud_to_laserscan
[49.148s] Invoked command in '/home/unitree/navigation_ws/build/pointcloud_to_laserscan' returned '0': CMAKE_PREFIX_PATH=${CMAKE_PREFIX_PATH}:/opt/ros/foxy /usr/bin/cmake --build /home/unitree/navigation_ws/build/pointcloud_to_laserscan -- -j8 -l8
[49.265s] Invoking command in '/home/unitree/navigation_ws/build/pointcloud_to_laserscan': CMAKE_PREFIX_PATH=${CMAKE_PREFIX_PATH}:/opt/ros/foxy /usr/bin/cmake --install /home/unitree/navigation_ws/build/pointcloud_to_laserscan
[49.291s] -- Install configuration: "Release"
[49.292s] -- Up-to-date: /home/unitree/navigation_ws/install/pointcloud_to_laserscan/include/include
[49.293s] -- Up-to-date: /home/unitree/navigation_ws/install/pointcloud_to_laserscan/include/include/pointcloud_to_laserscan
[49.293s] -- Up-to-date: /home/unitree/navigation_ws/install/pointcloud_to_laserscan/share/pointcloud_to_laserscan/launch
[49.293s] -- Installing: /home/unitree/navigation_ws/install/pointcloud_to_laserscan/share/pointcloud_to_laserscan/package.dsv
[49.299s] Invoked command in '/home/unitree/navigation_ws/build/pointcloud_to_laserscan' returned '0': CMAKE_PREFIX_PATH=${CMAKE_PREFIX_PATH}:/opt/ros/foxy /usr/bin/cmake --install /home/unitree/navigation_ws/build/pointcloud_to_laserscan
