-- Found ament_cmake: 0.9.12 (/opt/ros/foxy/share/ament_cmake/cmake)
-- Using PYTHON_EXECUTABLE: /usr/bin/python3
-- Override CMake install command with custom implementation using symlinks instead of copying resources
-- Found nav2_core: 0.4.7 (/home/unitree/navigation_ws/install/nav2_core/share/nav2_core/cmake)
-- Using all available rosidl_typesupport_c: rosidl_typesupport_fastrtps_c;rosidl_typesupport_introspection_c
-- Found rosidl_adapter: 1.3.1 (/opt/ros/foxy/share/rosidl_adapter/cmake)
-- Using all available rosidl_typesupport_cpp: rosidl_typesupport_fastrtps_cpp;rosidl_typesupport_introspection_cpp
-- Found rmw_implementation_cmake: 1.0.4 (/opt/ros/foxy/share/rmw_implementation_cmake/cmake)
-- Using RMW implementation 'rmw_cyclonedds_cpp' as default
-- Found nav2_common: 0.4.7 (/home/unitree/navigation_ws/install/nav2_common/share/nav2_common/cmake)
-- Found nav_2d_utils: 0.4.7 (/home/unitree/navigation_ws/install/nav_2d_utils/share/nav_2d_utils/cmake)
-- Found ament_lint_auto: 0.9.8 (/opt/ros/foxy/share/ament_lint_auto/cmake)
-- Found ament_cmake_gtest: 0.9.12 (/opt/ros/foxy/share/ament_cmake_gtest/cmake)
-- Found gtest sources under '/opt/ros/foxy/src/gtest_vendor': C++ tests using 'Google Test' will be built
-- Added test 'cppcheck' to perform static code analysis on C / C++ code
-- Configured cppcheck include dirs: /home/unitree/navigation_ws/src/navigation2/nav2_controller/include
-- Configured cppcheck exclude dirs and/or files: 
-- Added test 'cpplint' to check C / C++ code against the Google style
-- Configured cpplint exclude dirs and/or files: 
-- Added test 'lint_cmake' to check CMake code style
-- Added test 'uncrustify' to check C / C++ code style
-- Configured uncrustify additional arguments: 
-- Added test 'xmllint' to check XML markup files
-- Configuring done
-- Generating done
-- Build files have been written to: /home/unitree/navigation_ws/build/nav2_controller
[  5%] [32mBuilding CXX object CMakeFiles/simple_progress_checker.dir/plugins/simple_progress_checker.cpp.o[0m
[ 16%] Built target gtest
[ 22%] [32mBuilding CXX object CMakeFiles/simple_goal_checker.dir/plugins/simple_goal_checker.cpp.o[0m
[ 33%] Built target gtest_main
[ 38%] [32mBuilding CXX object CMakeFiles/controller_server_core.dir/src/nav2_controller.cpp.o[0m
[ 44%] [32m[1mLinking CXX shared library libsimple_progress_checker.so[0m
[ 44%] Built target simple_progress_checker
[ 50%] [32mBuilding CXX object plugins/test/CMakeFiles/pctest.dir/progress_checker.cpp.o[0m
[ 55%] [32m[1mLinking CXX shared library libsimple_goal_checker.so[0m
[ 55%] Built target simple_goal_checker
[ 61%] [32mBuilding CXX object CMakeFiles/stopped_goal_checker.dir/plugins/stopped_goal_checker.cpp.o[0m
[ 66%] [32m[1mLinking CXX executable pctest[0m
[ 72%] [32m[1mLinking CXX shared library libstopped_goal_checker.so[0m
[ 72%] Built target pctest
[ 72%] Built target stopped_goal_checker
[ 77%] [32mBuilding CXX object plugins/test/CMakeFiles/gctest.dir/goal_checker.cpp.o[0m
[ 83%] [32m[1mLinking CXX executable gctest[0m
[ 83%] Built target gctest
[ 88%] [32m[1mLinking CXX static library libcontroller_server_core.a[0m
[ 88%] Built target controller_server_core
[ 94%] [32mBuilding CXX object CMakeFiles/controller_server.dir/src/main.cpp.o[0m
[100%] [32m[1mLinking CXX executable controller_server[0m
[100%] Built target controller_server
