[0.239s] Invoking command in '/home/unitree/navigation_ws/build/nav2_bt_navigator': AMENT_PREFIX_PATH=/home/unitree/navigation_ws/install/nav2_behavior_tree:/home/unitree/navigation_ws/install/nav2_util:/home/unitree/navigation_ws/install/nav2_msgs:/home/unitree/navigation_ws/install/nav2_common:${AMENT_PREFIX_PATH} CMAKE_PREFIX_PATH=/home/unitree/navigation_ws/install/nav2_behavior_tree:/home/unitree/navigation_ws/install/nav2_util:/home/unitree/navigation_ws/install/nav2_msgs:/home/unitree/navigation_ws/install/nav2_common:/home/unitree/cyclonedds_ws/install/rmw_cyclonedds_cpp:/home/unitree/cyclonedds_ws/install/cyclonedds:/opt/ros/foxy LD_LIBRARY_PATH=/home/unitree/navigation_ws/install/nav2_behavior_tree/lib:/home/unitree/navigation_ws/install/nav2_util/lib:/home/unitree/navigation_ws/install/nav2_msgs/lib:/usr/local/cuda-11.4/lib64:/usr/local/lib:/home/unitree/cyclonedds_ws/install/rmw_cyclonedds_cpp/lib:/home/unitree/cyclonedds_ws/install/cyclonedds/lib:/opt/ros/foxy/opt/yaml_cpp_vendor/lib:/opt/ros/foxy/opt/rviz_ogre_vendor/lib:/opt/ros/foxy/lib/aarch64-linux-gnu:/opt/ros/foxy/lib:/usr/local/cuda-11.4/lib64 PYTHONPATH=/home/unitree/navigation_ws/install/nav2_msgs/lib/python3.8/site-packages:/home/unitree/navigation_ws/install/nav2_common/lib/python3.8/site-packages:${PYTHONPATH} /usr/bin/cmake /home/unitree/navigation_ws/src/navigation2/nav2_bt_navigator -DAMENT_CMAKE_SYMLINK_INSTALL=1 -DCMAKE_INSTALL_PREFIX=/home/unitree/navigation_ws/install/nav2_bt_navigator
[0.481s] -- The C compiler identification is GNU 9.4.0
[0.751s] -- The CXX compiler identification is GNU 9.4.0
[0.759s] -- Check for working C compiler: /usr/bin/cc
[1.248s] -- Check for working C compiler: /usr/bin/cc -- works
[1.249s] -- Detecting C compiler ABI info
[1.585s] -- Detecting C compiler ABI info - done
[1.608s] -- Detecting C compile features
[1.609s] -- Detecting C compile features - done
[1.629s] -- Check for working CXX compiler: /usr/bin/c++
[2.075s] -- Check for working CXX compiler: /usr/bin/c++ -- works
[2.081s] -- Detecting CXX compiler ABI info
[2.397s] -- Detecting CXX compiler ABI info - done
[2.430s] -- Detecting CXX compile features
[2.431s] -- Detecting CXX compile features - done
[2.440s] -- Found ament_cmake: 0.9.12 (/opt/ros/foxy/share/ament_cmake/cmake)
[2.522s] -- Found PythonInterp: /usr/bin/python3 (found suitable version "3.8.10", minimum required is "3") 
[2.522s] -- Using PYTHON_EXECUTABLE: /usr/bin/python3
[3.058s] -- Override CMake install command with custom implementation using symlinks instead of copying resources
[3.132s] -- Found nav2_common: 0.4.7 (/home/unitree/navigation_ws/install/nav2_common/share/nav2_common/cmake)
[3.136s] -- Found rclcpp: 2.4.3 (/opt/ros/foxy/share/rclcpp/cmake)
[3.260s] -- Using all available rosidl_typesupport_c: rosidl_typesupport_fastrtps_c;rosidl_typesupport_introspection_c
[3.277s] -- Found rosidl_adapter: 1.3.1 (/opt/ros/foxy/share/rosidl_adapter/cmake)
[3.690s] -- Found OpenSSL: /usr/lib/aarch64-linux-gnu/libcrypto.so (found version "1.1.1f")  
[3.753s] -- Found FastRTPS: /opt/ros/foxy/include  
[3.967s] -- Using all available rosidl_typesupport_cpp: rosidl_typesupport_fastrtps_cpp;rosidl_typesupport_introspection_cpp
[4.109s] -- Found rmw_implementation_cmake: 1.0.4 (/opt/ros/foxy/share/rmw_implementation_cmake/cmake)
[4.111s] -- Using RMW implementation 'rmw_cyclonedds_cpp' as default
[4.113s] -- Looking for pthread.h
[4.519s] -- Looking for pthread.h - found
[4.520s] -- Performing Test CMAKE_HAVE_LIBC_PTHREAD
[4.887s] -- Performing Test CMAKE_HAVE_LIBC_PTHREAD - Failed
[4.887s] -- Looking for pthread_create in pthreads
[5.061s] -- Looking for pthread_create in pthreads - not found
[5.061s] -- Looking for pthread_create in pthread
[5.251s] -- Looking for pthread_create in pthread - found
[5.263s] -- Found Threads: TRUE  
[5.530s] -- Found rclcpp_action: 2.4.3 (/opt/ros/foxy/share/rclcpp_action/cmake)
[5.655s] -- Found rclcpp_lifecycle: 2.4.3 (/opt/ros/foxy/share/rclcpp_lifecycle/cmake)
[5.707s] -- Found geometry_msgs: 2.0.5 (/opt/ros/foxy/share/geometry_msgs/cmake)
[5.759s] -- Found nav2_behavior_tree: 0.4.7 (/home/unitree/navigation_ws/install/nav2_behavior_tree/share/nav2_behavior_tree/cmake)
[6.864s] -- Found eigen3_cmake_module: 0.1.1 (/opt/ros/foxy/share/eigen3_cmake_module/cmake)
[6.871s] -- Found Eigen3: TRUE (found version "3.3.7") 
[7.401s] -- Setting build type to Release as none was specified.
[9.131s] -- Found ament_lint_auto: 0.9.8 (/opt/ros/foxy/share/ament_lint_auto/cmake)
[9.286s] -- Added test 'copyright' to check source files copyright and LICENSE
[9.289s] -- Added test 'cppcheck' to perform static code analysis on C / C++ code
[9.289s] -- Configured cppcheck include dirs: /home/unitree/navigation_ws/src/navigation2/nav2_bt_navigator/include
[9.289s] -- Configured cppcheck exclude dirs and/or files: 
[9.292s] -- Added test 'cpplint' to check C / C++ code against the Google style
[9.292s] -- Configured cpplint exclude dirs and/or files: 
[9.294s] -- Added test 'lint_cmake' to check CMake code style
[9.297s] -- Added test 'uncrustify' to check C / C++ code style
[9.298s] -- Configured uncrustify additional arguments: 
[9.298s] -- Added test 'xmllint' to check XML markup files
[9.312s] -- Configuring done
[9.466s] -- Generating done
[9.468s] -- Build files have been written to: /home/unitree/navigation_ws/build/nav2_bt_navigator
[9.500s] Invoked command in '/home/unitree/navigation_ws/build/nav2_bt_navigator' returned '0': AMENT_PREFIX_PATH=/home/unitree/navigation_ws/install/nav2_behavior_tree:/home/unitree/navigation_ws/install/nav2_util:/home/unitree/navigation_ws/install/nav2_msgs:/home/unitree/navigation_ws/install/nav2_common:${AMENT_PREFIX_PATH} CMAKE_PREFIX_PATH=/home/unitree/navigation_ws/install/nav2_behavior_tree:/home/unitree/navigation_ws/install/nav2_util:/home/unitree/navigation_ws/install/nav2_msgs:/home/unitree/navigation_ws/install/nav2_common:/home/unitree/cyclonedds_ws/install/rmw_cyclonedds_cpp:/home/unitree/cyclonedds_ws/install/cyclonedds:/opt/ros/foxy LD_LIBRARY_PATH=/home/unitree/navigation_ws/install/nav2_behavior_tree/lib:/home/unitree/navigation_ws/install/nav2_util/lib:/home/unitree/navigation_ws/install/nav2_msgs/lib:/usr/local/cuda-11.4/lib64:/usr/local/lib:/home/unitree/cyclonedds_ws/install/rmw_cyclonedds_cpp/lib:/home/unitree/cyclonedds_ws/install/cyclonedds/lib:/opt/ros/foxy/opt/yaml_cpp_vendor/lib:/opt/ros/foxy/opt/rviz_ogre_vendor/lib:/opt/ros/foxy/lib/aarch64-linux-gnu:/opt/ros/foxy/lib:/usr/local/cuda-11.4/lib64 PYTHONPATH=/home/unitree/navigation_ws/install/nav2_msgs/lib/python3.8/site-packages:/home/unitree/navigation_ws/install/nav2_common/lib/python3.8/site-packages:${PYTHONPATH} /usr/bin/cmake /home/unitree/navigation_ws/src/navigation2/nav2_bt_navigator -DAMENT_CMAKE_SYMLINK_INSTALL=1 -DCMAKE_INSTALL_PREFIX=/home/unitree/navigation_ws/install/nav2_bt_navigator
[9.505s] Invoking command in '/home/unitree/navigation_ws/build/nav2_bt_navigator': AMENT_PREFIX_PATH=/home/unitree/navigation_ws/install/nav2_behavior_tree:/home/unitree/navigation_ws/install/nav2_util:/home/unitree/navigation_ws/install/nav2_msgs:/home/unitree/navigation_ws/install/nav2_common:${AMENT_PREFIX_PATH} CMAKE_PREFIX_PATH=/home/unitree/navigation_ws/install/nav2_behavior_tree:/home/unitree/navigation_ws/install/nav2_util:/home/unitree/navigation_ws/install/nav2_msgs:/home/unitree/navigation_ws/install/nav2_common:/home/unitree/cyclonedds_ws/install/rmw_cyclonedds_cpp:/home/unitree/cyclonedds_ws/install/cyclonedds:/opt/ros/foxy LD_LIBRARY_PATH=/home/unitree/navigation_ws/install/nav2_behavior_tree/lib:/home/unitree/navigation_ws/install/nav2_util/lib:/home/unitree/navigation_ws/install/nav2_msgs/lib:/usr/local/cuda-11.4/lib64:/usr/local/lib:/home/unitree/cyclonedds_ws/install/rmw_cyclonedds_cpp/lib:/home/unitree/cyclonedds_ws/install/cyclonedds/lib:/opt/ros/foxy/opt/yaml_cpp_vendor/lib:/opt/ros/foxy/opt/rviz_ogre_vendor/lib:/opt/ros/foxy/lib/aarch64-linux-gnu:/opt/ros/foxy/lib:/usr/local/cuda-11.4/lib64 PYTHONPATH=/home/unitree/navigation_ws/install/nav2_msgs/lib/python3.8/site-packages:/home/unitree/navigation_ws/install/nav2_common/lib/python3.8/site-packages:${PYTHONPATH} /usr/bin/cmake --build /home/unitree/navigation_ws/build/nav2_bt_navigator -- -j8 -l8
[9.595s] [35m[1mScanning dependencies of target bt_navigator_core[0m
[9.713s] [ 20%] [32mBuilding CXX object CMakeFiles/bt_navigator_core.dir/src/ros_topic_logger.cpp.o[0m
[9.717s] [ 40%] [32mBuilding CXX object CMakeFiles/bt_navigator_core.dir/src/bt_navigator.cpp.o[0m
[42.516s] [ 60%] [32m[1mLinking CXX shared library libbt_navigator_core.so[0m
[43.132s] [ 60%] Built target bt_navigator_core
[43.155s] [35m[1mScanning dependencies of target bt_navigator[0m
[43.258s] [ 80%] [32mBuilding CXX object CMakeFiles/bt_navigator.dir/src/main.cpp.o[0m
[49.093s] [100%] [32m[1mLinking CXX executable bt_navigator[0m
[49.801s] [100%] Built target bt_navigator
[49.826s] Invoked command in '/home/unitree/navigation_ws/build/nav2_bt_navigator' returned '0': AMENT_PREFIX_PATH=/home/unitree/navigation_ws/install/nav2_behavior_tree:/home/unitree/navigation_ws/install/nav2_util:/home/unitree/navigation_ws/install/nav2_msgs:/home/unitree/navigation_ws/install/nav2_common:${AMENT_PREFIX_PATH} CMAKE_PREFIX_PATH=/home/unitree/navigation_ws/install/nav2_behavior_tree:/home/unitree/navigation_ws/install/nav2_util:/home/unitree/navigation_ws/install/nav2_msgs:/home/unitree/navigation_ws/install/nav2_common:/home/unitree/cyclonedds_ws/install/rmw_cyclonedds_cpp:/home/unitree/cyclonedds_ws/install/cyclonedds:/opt/ros/foxy LD_LIBRARY_PATH=/home/unitree/navigation_ws/install/nav2_behavior_tree/lib:/home/unitree/navigation_ws/install/nav2_util/lib:/home/unitree/navigation_ws/install/nav2_msgs/lib:/usr/local/cuda-11.4/lib64:/usr/local/lib:/home/unitree/cyclonedds_ws/install/rmw_cyclonedds_cpp/lib:/home/unitree/cyclonedds_ws/install/cyclonedds/lib:/opt/ros/foxy/opt/yaml_cpp_vendor/lib:/opt/ros/foxy/opt/rviz_ogre_vendor/lib:/opt/ros/foxy/lib/aarch64-linux-gnu:/opt/ros/foxy/lib:/usr/local/cuda-11.4/lib64 PYTHONPATH=/home/unitree/navigation_ws/install/nav2_msgs/lib/python3.8/site-packages:/home/unitree/navigation_ws/install/nav2_common/lib/python3.8/site-packages:${PYTHONPATH} /usr/bin/cmake --build /home/unitree/navigation_ws/build/nav2_bt_navigator -- -j8 -l8
[49.886s] Invoking command in '/home/unitree/navigation_ws/build/nav2_bt_navigator': AMENT_PREFIX_PATH=/home/unitree/navigation_ws/install/nav2_behavior_tree:/home/unitree/navigation_ws/install/nav2_util:/home/unitree/navigation_ws/install/nav2_msgs:/home/unitree/navigation_ws/install/nav2_common:${AMENT_PREFIX_PATH} CMAKE_PREFIX_PATH=/home/unitree/navigation_ws/install/nav2_behavior_tree:/home/unitree/navigation_ws/install/nav2_util:/home/unitree/navigation_ws/install/nav2_msgs:/home/unitree/navigation_ws/install/nav2_common:/home/unitree/cyclonedds_ws/install/rmw_cyclonedds_cpp:/home/unitree/cyclonedds_ws/install/cyclonedds:/opt/ros/foxy LD_LIBRARY_PATH=/home/unitree/navigation_ws/install/nav2_behavior_tree/lib:/home/unitree/navigation_ws/install/nav2_util/lib:/home/unitree/navigation_ws/install/nav2_msgs/lib:/usr/local/cuda-11.4/lib64:/usr/local/lib:/home/unitree/cyclonedds_ws/install/rmw_cyclonedds_cpp/lib:/home/unitree/cyclonedds_ws/install/cyclonedds/lib:/opt/ros/foxy/opt/yaml_cpp_vendor/lib:/opt/ros/foxy/opt/rviz_ogre_vendor/lib:/opt/ros/foxy/lib/aarch64-linux-gnu:/opt/ros/foxy/lib:/usr/local/cuda-11.4/lib64 PYTHONPATH=/home/unitree/navigation_ws/install/nav2_msgs/lib/python3.8/site-packages:/home/unitree/navigation_ws/install/nav2_common/lib/python3.8/site-packages:${PYTHONPATH} /usr/bin/cmake --install /home/unitree/navigation_ws/build/nav2_bt_navigator
[49.905s] -- Install configuration: "Release"
[49.905s] -- Execute custom install script
[49.906s] -- Symlinking: /home/unitree/navigation_ws/install/nav2_bt_navigator/lib/libbt_navigator_core.so
[49.927s] -- Symlinking: /home/unitree/navigation_ws/install/nav2_bt_navigator/lib/nav2_bt_navigator/bt_navigator
[49.947s] -- Symlinking: /home/unitree/navigation_ws/install/nav2_bt_navigator/include//nav2_bt_navigator/bt_navigator.hpp
[49.968s] -- Symlinking: /home/unitree/navigation_ws/install/nav2_bt_navigator/include//nav2_bt_navigator/ros_topic_logger.hpp
[49.988s] -- Symlinking: /home/unitree/navigation_ws/install/nav2_bt_navigator/share/nav2_bt_navigator/behavior_trees/follow_point.xml
[50.007s] -- Symlinking: /home/unitree/navigation_ws/install/nav2_bt_navigator/share/nav2_bt_navigator/behavior_trees/navigate_w_replanning_and_recovery.xml
[50.026s] -- Symlinking: /home/unitree/navigation_ws/install/nav2_bt_navigator/share/nav2_bt_navigator/behavior_trees/navigate_w_replanning_and_round_robin_recovery.xml
[50.044s] -- Symlinking: /home/unitree/navigation_ws/install/nav2_bt_navigator/share/nav2_bt_navigator/behavior_trees/navigate_w_replanning_distance.xml
[50.064s] -- Symlinking: /home/unitree/navigation_ws/install/nav2_bt_navigator/share/nav2_bt_navigator/behavior_trees/navigate_w_replanning_speed.xml
[50.085s] -- Symlinking: /home/unitree/navigation_ws/install/nav2_bt_navigator/share/nav2_bt_navigator/behavior_trees/navigate_w_replanning_time.xml
[50.106s] -- Symlinking: /home/unitree/navigation_ws/install/nav2_bt_navigator/share/nav2_bt_navigator/environment/library_path.sh
[50.128s] -- Symlinking: /home/unitree/navigation_ws/install/nav2_bt_navigator/share/nav2_bt_navigator/environment/library_path.dsv
[50.148s] -- Symlinking: /home/unitree/navigation_ws/install/nav2_bt_navigator/share/ament_index/resource_index/package_run_dependencies/nav2_bt_navigator
[50.169s] -- Symlinking: /home/unitree/navigation_ws/install/nav2_bt_navigator/share/ament_index/resource_index/parent_prefix_path/nav2_bt_navigator
[50.192s] -- Symlinking: /home/unitree/navigation_ws/install/nav2_bt_navigator/share/nav2_bt_navigator/environment/ament_prefix_path.sh
[50.211s] -- Symlinking: /home/unitree/navigation_ws/install/nav2_bt_navigator/share/nav2_bt_navigator/environment/ament_prefix_path.dsv
[50.230s] -- Symlinking: /home/unitree/navigation_ws/install/nav2_bt_navigator/share/nav2_bt_navigator/environment/path.sh
[50.250s] -- Symlinking: /home/unitree/navigation_ws/install/nav2_bt_navigator/share/nav2_bt_navigator/environment/path.dsv
[50.269s] -- Symlinking: /home/unitree/navigation_ws/install/nav2_bt_navigator/share/nav2_bt_navigator/local_setup.bash
[50.287s] -- Symlinking: /home/unitree/navigation_ws/install/nav2_bt_navigator/share/nav2_bt_navigator/local_setup.sh
[50.307s] -- Symlinking: /home/unitree/navigation_ws/install/nav2_bt_navigator/share/nav2_bt_navigator/local_setup.zsh
[50.326s] -- Symlinking: /home/unitree/navigation_ws/install/nav2_bt_navigator/share/nav2_bt_navigator/local_setup.dsv
[50.345s] -- Symlinking: /home/unitree/navigation_ws/install/nav2_bt_navigator/share/nav2_bt_navigator/package.dsv
[50.365s] -- Symlinking: /home/unitree/navigation_ws/install/nav2_bt_navigator/share/ament_index/resource_index/packages/nav2_bt_navigator
[50.385s] -- Symlinking: /home/unitree/navigation_ws/install/nav2_bt_navigator/share/nav2_bt_navigator/cmake/ament_cmake_export_include_directories-extras.cmake
[50.404s] -- Symlinking: /home/unitree/navigation_ws/install/nav2_bt_navigator/share/nav2_bt_navigator/cmake/ament_cmake_export_libraries-extras.cmake
[50.423s] -- Symlinking: /home/unitree/navigation_ws/install/nav2_bt_navigator/share/nav2_bt_navigator/cmake/ament_cmake_export_dependencies-extras.cmake
[50.443s] -- Symlinking: /home/unitree/navigation_ws/install/nav2_bt_navigator/share/nav2_bt_navigator/cmake/nav2_bt_navigatorConfig.cmake
[50.463s] -- Symlinking: /home/unitree/navigation_ws/install/nav2_bt_navigator/share/nav2_bt_navigator/cmake/nav2_bt_navigatorConfig-version.cmake
[50.486s] -- Symlinking: /home/unitree/navigation_ws/install/nav2_bt_navigator/share/nav2_bt_navigator/package.xml
[50.516s] Invoked command in '/home/unitree/navigation_ws/build/nav2_bt_navigator' returned '0': AMENT_PREFIX_PATH=/home/unitree/navigation_ws/install/nav2_behavior_tree:/home/unitree/navigation_ws/install/nav2_util:/home/unitree/navigation_ws/install/nav2_msgs:/home/unitree/navigation_ws/install/nav2_common:${AMENT_PREFIX_PATH} CMAKE_PREFIX_PATH=/home/unitree/navigation_ws/install/nav2_behavior_tree:/home/unitree/navigation_ws/install/nav2_util:/home/unitree/navigation_ws/install/nav2_msgs:/home/unitree/navigation_ws/install/nav2_common:/home/unitree/cyclonedds_ws/install/rmw_cyclonedds_cpp:/home/unitree/cyclonedds_ws/install/cyclonedds:/opt/ros/foxy LD_LIBRARY_PATH=/home/unitree/navigation_ws/install/nav2_behavior_tree/lib:/home/unitree/navigation_ws/install/nav2_util/lib:/home/unitree/navigation_ws/install/nav2_msgs/lib:/usr/local/cuda-11.4/lib64:/usr/local/lib:/home/unitree/cyclonedds_ws/install/rmw_cyclonedds_cpp/lib:/home/unitree/cyclonedds_ws/install/cyclonedds/lib:/opt/ros/foxy/opt/yaml_cpp_vendor/lib:/opt/ros/foxy/opt/rviz_ogre_vendor/lib:/opt/ros/foxy/lib/aarch64-linux-gnu:/opt/ros/foxy/lib:/usr/local/cuda-11.4/lib64 PYTHONPATH=/home/unitree/navigation_ws/install/nav2_msgs/lib/python3.8/site-packages:/home/unitree/navigation_ws/install/nav2_common/lib/python3.8/site-packages:${PYTHONPATH} /usr/bin/cmake --install /home/unitree/navigation_ws/build/nav2_bt_navigator
