-- Found ament_cmake_auto: 0.9.12 (/opt/ros/foxy/share/ament_cmake_auto/cmake)
-- Using PYTHON_EXECUTABLE: /usr/bin/python3
-- Override CMake install command with custom implementation using symlinks instead of copying resources
-- Found ament_lint_auto: 0.9.8 (/opt/ros/foxy/share/ament_lint_auto/cmake)
-- Added test 'copyright' to check source files copyright and LICENSE
-- Added test 'flake8' to check Python code syntax and style conventions
-- Added test 'lint_cmake' to check CMake code style
-- Added test 'pep257' to check Python code against some of the style conventions in PEP 257
-- Added test 'xmllint' to check XML markup files
-- Configuring done
-- Generating done
-- Build files have been written to: /home/unitree/navigation_ws/build/bringup
-- Install configuration: "Release"
-- Execute custom install script
-- Up-to-date symlink: /home/unitree/navigation_ws/install/bringup/share/bringup/launch/localization_launch.py
-- Up-to-date symlink: /home/unitree/navigation_ws/install/bringup/share/bringup/launch/navigation_launch.py
-- Up-to-date symlink: /home/unitree/navigation_ws/install/bringup/share/bringup/launch/sentry_bringup_launch_new.py
-- Up-to-date symlink: /home/unitree/navigation_ws/install/bringup/share/bringup/maps/301.pgm
-- Up-to-date symlink: /home/unitree/navigation_ws/install/bringup/share/bringup/maps/301.yaml
-- Up-to-date symlink: /home/unitree/navigation_ws/install/bringup/share/bringup/maps/406_transformed.pgm
-- Up-to-date symlink: /home/unitree/navigation_ws/install/bringup/share/bringup/maps/406_transformed.yaml
-- Up-to-date symlink: /home/unitree/navigation_ws/install/bringup/share/bringup/maps/blank.pgm
-- Up-to-date symlink: /home/unitree/navigation_ws/install/bringup/share/bringup/maps/blank.yaml
-- Up-to-date symlink: /home/unitree/navigation_ws/install/bringup/share/bringup/maps/new_406_1.pgm
-- Up-to-date symlink: /home/unitree/navigation_ws/install/bringup/share/bringup/maps/new_406_1.yaml
-- Up-to-date symlink: /home/unitree/navigation_ws/install/bringup/share/bringup/maps/new_transformed.pgm
-- Up-to-date symlink: /home/unitree/navigation_ws/install/bringup/share/bringup/maps/new_transformed.yaml
-- Up-to-date symlink: /home/unitree/navigation_ws/install/bringup/share/bringup/maps/rmuc_2025_edited.pgm
-- Up-to-date symlink: /home/unitree/navigation_ws/install/bringup/share/bringup/maps/rmuc_2025_edited.yaml
-- Up-to-date symlink: /home/unitree/navigation_ws/install/bringup/share/bringup/maps/rmuc_2025_final.pgm
-- Up-to-date symlink: /home/unitree/navigation_ws/install/bringup/share/bringup/maps/rmuc_2025_final.yaml
-- Up-to-date symlink: /home/unitree/navigation_ws/install/bringup/share/bringup/maps/test_406.pgm
-- Up-to-date symlink: /home/unitree/navigation_ws/install/bringup/share/bringup/maps/test_406.yaml
-- Up-to-date symlink: /home/unitree/navigation_ws/install/bringup/share/bringup/3dmap/Ground_points.pcd
-- Up-to-date symlink: /home/unitree/navigation_ws/install/bringup/share/bringup/3dmap/new_transformed.pcd
-- Up-to-date symlink: /home/unitree/navigation_ws/install/bringup/share/bringup/3dmap/rain.pcd
-- Up-to-date symlink: /home/unitree/navigation_ws/install/bringup/share/bringup/3dmap/rmuc_2025_fianl.pcd
-- Up-to-date symlink: /home/unitree/navigation_ws/install/bringup/share/bringup/3dmap/rmuc_b.pcd
-- Up-to-date symlink: /home/unitree/navigation_ws/install/bringup/share/bringup/3dmap/rmuc_r.pcd
-- Up-to-date symlink: /home/unitree/navigation_ws/install/bringup/share/bringup/3dmap/rmuc_r_transformed_edited.pcd
-- Up-to-date symlink: /home/unitree/navigation_ws/install/bringup/share/bringup/3dmap/rmuc_transformed_new.pcd
-- Up-to-date symlink: /home/unitree/navigation_ws/install/bringup/share/bringup/3dmap/scans_20250731_092010.pcd
-- Up-to-date symlink: /home/unitree/navigation_ws/install/bringup/share/bringup/3dmap/transformed.pcd
-- Up-to-date symlink: /home/unitree/navigation_ws/install/bringup/share/bringup/rviz/nav2_default_view.rviz
-- Up-to-date symlink: /home/unitree/navigation_ws/install/bringup/share/bringup/rviz/nav2_namespaced_view.rviz
-- Up-to-date symlink: /home/unitree/navigation_ws/install/bringup/share/bringup/params/differential_pp_rmuc_2024.yaml
-- Up-to-date symlink: /home/unitree/navigation_ws/install/bringup/share/bringup/params/double_lidar_rmuc_2025.yaml
-- Up-to-date symlink: /home/unitree/navigation_ws/install/bringup/share/bringup/params/nav2_params.yaml
-- Up-to-date symlink: /home/unitree/navigation_ws/install/bringup/share/bringup/params/nav2_params_humble.yaml
-- Up-to-date symlink: /home/unitree/navigation_ws/install/bringup/share/bringup/params/nav2_params_invincible.yaml
-- Up-to-date symlink: /home/unitree/navigation_ws/install/bringup/share/bringup/params/nav2_params_invincible_omni.yaml
-- Up-to-date symlink: /home/unitree/navigation_ws/install/bringup/share/bringup/params/nav2_params_mpc.yaml
-- Up-to-date symlink: /home/unitree/navigation_ws/install/bringup/share/bringup/params/omni_mpc_rmuc_2024.yaml
-- Up-to-date symlink: /home/unitree/navigation_ws/install/bringup/share/bringup/params/omni_mpc_rmul_2024.yaml
-- Up-to-date symlink: /home/unitree/navigation_ws/install/bringup/share/bringup/params/pointcloud_to_laserscan.yaml
-- Up-to-date symlink: /home/unitree/navigation_ws/install/bringup/share/bringup/params/slam.yaml
-- Up-to-date symlink: /home/unitree/navigation_ws/install/bringup/share/bringup/params/steering_mpc_rmuc_2024.yaml
-- Up-to-date symlink: /home/unitree/navigation_ws/install/bringup/share/bringup/params/steering_rmuc_2025.yaml
-- Up-to-date symlink: /home/unitree/navigation_ws/install/bringup/share/ament_index/resource_index/package_run_dependencies/bringup
-- Up-to-date symlink: /home/unitree/navigation_ws/install/bringup/share/ament_index/resource_index/parent_prefix_path/bringup
-- Up-to-date symlink: /home/unitree/navigation_ws/install/bringup/share/bringup/environment/ament_prefix_path.sh
-- Up-to-date symlink: /home/unitree/navigation_ws/install/bringup/share/bringup/environment/ament_prefix_path.dsv
-- Up-to-date symlink: /home/unitree/navigation_ws/install/bringup/share/bringup/environment/path.sh
-- Up-to-date symlink: /home/unitree/navigation_ws/install/bringup/share/bringup/environment/path.dsv
-- Up-to-date symlink: /home/unitree/navigation_ws/install/bringup/share/bringup/local_setup.bash
-- Up-to-date symlink: /home/unitree/navigation_ws/install/bringup/share/bringup/local_setup.sh
-- Up-to-date symlink: /home/unitree/navigation_ws/install/bringup/share/bringup/local_setup.zsh
-- Up-to-date symlink: /home/unitree/navigation_ws/install/bringup/share/bringup/local_setup.dsv
-- Symlinking: /home/unitree/navigation_ws/install/bringup/share/bringup/package.dsv
-- Up-to-date symlink: /home/unitree/navigation_ws/install/bringup/share/ament_index/resource_index/packages/bringup
-- Up-to-date symlink: /home/unitree/navigation_ws/install/bringup/share/bringup/cmake/bringupConfig.cmake
-- Up-to-date symlink: /home/unitree/navigation_ws/install/bringup/share/bringup/cmake/bringupConfig-version.cmake
-- Up-to-date symlink: /home/unitree/navigation_ws/install/bringup/share/bringup/package.xml
