[0.041s] Invoking command in '/home/unitree/navigation_ws/build/costmap_queue': AMENT_PREFIX_PATH=/home/unitree/navigation_ws/install/nav2_costmap_2d:/home/unitree/navigation_ws/install/nav2_map_server:/home/unitree/navigation_ws/install/nav2_lifecycle_manager:/home/unitree/navigation_ws/install/nav2_util:/home/unitree/navigation_ws/install/nav2_voxel_grid:/home/unitree/navigation_ws/install/nav2_msgs:/home/unitree/navigation_ws/install/nav2_common:${AMENT_PREFIX_PATH} CMAKE_PREFIX_PATH=/home/unitree/navigation_ws/install/nav2_costmap_2d:/home/unitree/navigation_ws/install/nav2_map_server:/home/unitree/navigation_ws/install/nav2_lifecycle_manager:/home/unitree/navigation_ws/install/nav2_util:/home/unitree/navigation_ws/install/nav2_voxel_grid:/home/unitree/navigation_ws/install/nav2_msgs:/home/unitree/navigation_ws/install/nav2_common:/home/unitree/cyclonedds_ws/install/rmw_cyclonedds_cpp:/home/unitree/cyclonedds_ws/install/cyclonedds:/opt/ros/foxy LD_LIBRARY_PATH=/home/unitree/navigation_ws/install/nav2_costmap_2d/lib:/home/unitree/navigation_ws/install/nav2_map_server/lib:/home/unitree/navigation_ws/install/nav2_lifecycle_manager/lib:/home/unitree/navigation_ws/install/nav2_util/lib:/home/unitree/navigation_ws/install/nav2_voxel_grid/lib:/home/unitree/navigation_ws/install/nav2_msgs/lib:/usr/local/cuda-11.4/lib64:/usr/local/lib:/home/unitree/cyclonedds_ws/install/rmw_cyclonedds_cpp/lib:/home/unitree/cyclonedds_ws/install/cyclonedds/lib:/opt/ros/foxy/opt/yaml_cpp_vendor/lib:/opt/ros/foxy/opt/rviz_ogre_vendor/lib:/opt/ros/foxy/lib/aarch64-linux-gnu:/opt/ros/foxy/lib:/usr/local/cuda-11.4/lib64 PYTHONPATH=/home/unitree/navigation_ws/install/nav2_msgs/lib/python3.8/site-packages:/home/unitree/navigation_ws/install/nav2_common/lib/python3.8/site-packages:${PYTHONPATH} /usr/bin/cmake /home/unitree/navigation_ws/src/navigation2/nav2_dwb_controller/costmap_queue -DAMENT_CMAKE_SYMLINK_INSTALL=1 -DCMAKE_INSTALL_PREFIX=/home/unitree/navigation_ws/install/costmap_queue
[0.143s] -- The C compiler identification is GNU 9.4.0
[0.230s] -- The CXX compiler identification is GNU 9.4.0
[0.238s] -- Check for working C compiler: /usr/bin/cc
[0.376s] -- Check for working C compiler: /usr/bin/cc -- works
[0.378s] -- Detecting C compiler ABI info
[0.511s] -- Detecting C compiler ABI info - done
[0.526s] -- Detecting C compile features
[0.527s] -- Detecting C compile features - done
[0.533s] -- Check for working CXX compiler: /usr/bin/c++
[0.684s] -- Check for working CXX compiler: /usr/bin/c++ -- works
[0.685s] -- Detecting CXX compiler ABI info
[0.841s] -- Detecting CXX compiler ABI info - done
[0.856s] -- Detecting CXX compile features
[0.857s] -- Detecting CXX compile features - done
[0.862s] -- Found ament_cmake: 0.9.12 (/opt/ros/foxy/share/ament_cmake/cmake)
[0.913s] -- Found PythonInterp: /usr/bin/python3 (found suitable version "3.8.10", minimum required is "3") 
[0.913s] -- Using PYTHON_EXECUTABLE: /usr/bin/python3
[1.230s] -- Override CMake install command with custom implementation using symlinks instead of copying resources
[1.280s] -- Found nav2_common: 0.4.7 (/home/unitree/navigation_ws/install/nav2_common/share/nav2_common/cmake)
[1.280s] -- Found nav2_costmap_2d: 0.4.7 (/home/unitree/navigation_ws/install/nav2_costmap_2d/share/nav2_costmap_2d/cmake)
[1.340s] -- Using all available rosidl_typesupport_c: rosidl_typesupport_fastrtps_c;rosidl_typesupport_introspection_c
[1.352s] -- Found rosidl_adapter: 1.3.1 (/opt/ros/foxy/share/rosidl_adapter/cmake)
[1.513s] -- Found OpenSSL: /usr/lib/aarch64-linux-gnu/libcrypto.so (found version "1.1.1f")  
[1.569s] -- Found FastRTPS: /opt/ros/foxy/include  
[1.712s] -- Using all available rosidl_typesupport_cpp: rosidl_typesupport_fastrtps_cpp;rosidl_typesupport_introspection_cpp
[2.923s] -- Found rmw_implementation_cmake: 1.0.4 (/opt/ros/foxy/share/rmw_implementation_cmake/cmake)
[2.926s] -- Using RMW implementation 'rmw_cyclonedds_cpp' as default
[2.927s] -- Looking for pthread.h
[3.061s] -- Looking for pthread.h - found
[3.061s] -- Performing Test CMAKE_HAVE_LIBC_PTHREAD
[3.202s] -- Performing Test CMAKE_HAVE_LIBC_PTHREAD - Failed
[3.202s] -- Looking for pthread_create in pthreads
[3.316s] -- Looking for pthread_create in pthreads - not found
[3.317s] -- Looking for pthread_create in pthread
[3.447s] -- Looking for pthread_create in pthread - found
[3.448s] -- Found Threads: TRUE  
[4.088s] -- Found Eigen3: TRUE (found version "3.3.7") 
[4.747s] -- Setting build type to Release as none was specified.
[5.197s] -- Found ament_lint_auto: 0.9.8 (/opt/ros/foxy/share/ament_lint_auto/cmake)
[5.331s] -- Found gtest sources under '/opt/ros/foxy/src/gtest_vendor': C++ tests using 'Google Test' will be built
[5.339s] -- Check if compiler accepts -pthread
[5.472s] -- Check if compiler accepts -pthread - yes
[6.399s] -- Added test 'cppcheck' to perform static code analysis on C / C++ code
[6.400s] -- Configured cppcheck include dirs: /home/unitree/navigation_ws/src/navigation2/nav2_dwb_controller/costmap_queue/include
[6.400s] -- Configured cppcheck exclude dirs and/or files: 
[6.403s] -- Added test 'cpplint' to check C / C++ code against the Google style
[6.404s] -- Configured cpplint exclude dirs and/or files: 
[6.407s] -- Added test 'lint_cmake' to check CMake code style
[6.410s] -- Added test 'uncrustify' to check C / C++ code style
[6.410s] -- Configured uncrustify additional arguments: 
[6.412s] -- Added test 'xmllint' to check XML markup files
[6.426s] -- Configuring done
[6.621s] -- Generating done
[6.631s] -- Build files have been written to: /home/unitree/navigation_ws/build/costmap_queue
[6.679s] Invoked command in '/home/unitree/navigation_ws/build/costmap_queue' returned '0': AMENT_PREFIX_PATH=/home/unitree/navigation_ws/install/nav2_costmap_2d:/home/unitree/navigation_ws/install/nav2_map_server:/home/unitree/navigation_ws/install/nav2_lifecycle_manager:/home/unitree/navigation_ws/install/nav2_util:/home/unitree/navigation_ws/install/nav2_voxel_grid:/home/unitree/navigation_ws/install/nav2_msgs:/home/unitree/navigation_ws/install/nav2_common:${AMENT_PREFIX_PATH} CMAKE_PREFIX_PATH=/home/unitree/navigation_ws/install/nav2_costmap_2d:/home/unitree/navigation_ws/install/nav2_map_server:/home/unitree/navigation_ws/install/nav2_lifecycle_manager:/home/unitree/navigation_ws/install/nav2_util:/home/unitree/navigation_ws/install/nav2_voxel_grid:/home/unitree/navigation_ws/install/nav2_msgs:/home/unitree/navigation_ws/install/nav2_common:/home/unitree/cyclonedds_ws/install/rmw_cyclonedds_cpp:/home/unitree/cyclonedds_ws/install/cyclonedds:/opt/ros/foxy LD_LIBRARY_PATH=/home/unitree/navigation_ws/install/nav2_costmap_2d/lib:/home/unitree/navigation_ws/install/nav2_map_server/lib:/home/unitree/navigation_ws/install/nav2_lifecycle_manager/lib:/home/unitree/navigation_ws/install/nav2_util/lib:/home/unitree/navigation_ws/install/nav2_voxel_grid/lib:/home/unitree/navigation_ws/install/nav2_msgs/lib:/usr/local/cuda-11.4/lib64:/usr/local/lib:/home/unitree/cyclonedds_ws/install/rmw_cyclonedds_cpp/lib:/home/unitree/cyclonedds_ws/install/cyclonedds/lib:/opt/ros/foxy/opt/yaml_cpp_vendor/lib:/opt/ros/foxy/opt/rviz_ogre_vendor/lib:/opt/ros/foxy/lib/aarch64-linux-gnu:/opt/ros/foxy/lib:/usr/local/cuda-11.4/lib64 PYTHONPATH=/home/unitree/navigation_ws/install/nav2_msgs/lib/python3.8/site-packages:/home/unitree/navigation_ws/install/nav2_common/lib/python3.8/site-packages:${PYTHONPATH} /usr/bin/cmake /home/unitree/navigation_ws/src/navigation2/nav2_dwb_controller/costmap_queue -DAMENT_CMAKE_SYMLINK_INSTALL=1 -DCMAKE_INSTALL_PREFIX=/home/unitree/navigation_ws/install/costmap_queue
[6.681s] Invoking command in '/home/unitree/navigation_ws/build/costmap_queue': AMENT_PREFIX_PATH=/home/unitree/navigation_ws/install/nav2_costmap_2d:/home/unitree/navigation_ws/install/nav2_map_server:/home/unitree/navigation_ws/install/nav2_lifecycle_manager:/home/unitree/navigation_ws/install/nav2_util:/home/unitree/navigation_ws/install/nav2_voxel_grid:/home/unitree/navigation_ws/install/nav2_msgs:/home/unitree/navigation_ws/install/nav2_common:${AMENT_PREFIX_PATH} CMAKE_PREFIX_PATH=/home/unitree/navigation_ws/install/nav2_costmap_2d:/home/unitree/navigation_ws/install/nav2_map_server:/home/unitree/navigation_ws/install/nav2_lifecycle_manager:/home/unitree/navigation_ws/install/nav2_util:/home/unitree/navigation_ws/install/nav2_voxel_grid:/home/unitree/navigation_ws/install/nav2_msgs:/home/unitree/navigation_ws/install/nav2_common:/home/unitree/cyclonedds_ws/install/rmw_cyclonedds_cpp:/home/unitree/cyclonedds_ws/install/cyclonedds:/opt/ros/foxy LD_LIBRARY_PATH=/home/unitree/navigation_ws/install/nav2_costmap_2d/lib:/home/unitree/navigation_ws/install/nav2_map_server/lib:/home/unitree/navigation_ws/install/nav2_lifecycle_manager/lib:/home/unitree/navigation_ws/install/nav2_util/lib:/home/unitree/navigation_ws/install/nav2_voxel_grid/lib:/home/unitree/navigation_ws/install/nav2_msgs/lib:/usr/local/cuda-11.4/lib64:/usr/local/lib:/home/unitree/cyclonedds_ws/install/rmw_cyclonedds_cpp/lib:/home/unitree/cyclonedds_ws/install/cyclonedds/lib:/opt/ros/foxy/opt/yaml_cpp_vendor/lib:/opt/ros/foxy/opt/rviz_ogre_vendor/lib:/opt/ros/foxy/lib/aarch64-linux-gnu:/opt/ros/foxy/lib:/usr/local/cuda-11.4/lib64 PYTHONPATH=/home/unitree/navigation_ws/install/nav2_msgs/lib/python3.8/site-packages:/home/unitree/navigation_ws/install/nav2_common/lib/python3.8/site-packages:${PYTHONPATH} /usr/bin/cmake --build /home/unitree/navigation_ws/build/costmap_queue -- -j8 -l8
[19.035s] [35m[1mScanning dependencies of target costmap_queue[0m
[19.035s] [35m[1mScanning dependencies of target gtest_main[0m
[19.036s] [35m[1mScanning dependencies of target gtest[0m
[19.036s] [  9%] [32mBuilding CXX object CMakeFiles/costmap_queue.dir/src/costmap_queue.cpp.o[0m
[19.036s] [ 18%] [32mBuilding CXX object CMakeFiles/costmap_queue.dir/src/limited_costmap_queue.cpp.o[0m
[19.036s] [ 27%] [32mBuilding CXX object gtest/CMakeFiles/gtest_main.dir/src/gtest_main.cc.o[0m
[19.036s] [ 36%] [32mBuilding CXX object gtest/CMakeFiles/gtest.dir/src/gtest-all.cc.o[0m
[19.036s] [ 45%] [32m[1mLinking CXX static library libcostmap_queue.a[0m
[19.036s] [ 45%] Built target costmap_queue
[19.036s] [ 54%] [32m[1mLinking CXX static library libgtest_main.a[0m
[19.036s] [ 54%] Built target gtest_main
[25.636s] [ 63%] [32m[1mLinking CXX static library libgtest.a[0m
[25.866s] [ 63%] Built target gtest
[25.961s] [35m[1mScanning dependencies of target utest[0m
[25.993s] [35m[1mScanning dependencies of target mbq_test[0m
[26.126s] [ 72%] [32mBuilding CXX object CMakeFiles/mbq_test.dir/test/mbq_test.cpp.o[0m
[26.208s] [ 81%] [32mBuilding CXX object CMakeFiles/utest.dir/test/utest.cpp.o[0m
[31.477s] [ 90%] [32m[1mLinking CXX executable mbq_test[0m
[32.442s] [ 90%] Built target mbq_test
[34.815s] [100%] [32m[1mLinking CXX executable utest[0m
[35.742s] [100%] Built target utest
[35.805s] Invoked command in '/home/unitree/navigation_ws/build/costmap_queue' returned '0': AMENT_PREFIX_PATH=/home/unitree/navigation_ws/install/nav2_costmap_2d:/home/unitree/navigation_ws/install/nav2_map_server:/home/unitree/navigation_ws/install/nav2_lifecycle_manager:/home/unitree/navigation_ws/install/nav2_util:/home/unitree/navigation_ws/install/nav2_voxel_grid:/home/unitree/navigation_ws/install/nav2_msgs:/home/unitree/navigation_ws/install/nav2_common:${AMENT_PREFIX_PATH} CMAKE_PREFIX_PATH=/home/unitree/navigation_ws/install/nav2_costmap_2d:/home/unitree/navigation_ws/install/nav2_map_server:/home/unitree/navigation_ws/install/nav2_lifecycle_manager:/home/unitree/navigation_ws/install/nav2_util:/home/unitree/navigation_ws/install/nav2_voxel_grid:/home/unitree/navigation_ws/install/nav2_msgs:/home/unitree/navigation_ws/install/nav2_common:/home/unitree/cyclonedds_ws/install/rmw_cyclonedds_cpp:/home/unitree/cyclonedds_ws/install/cyclonedds:/opt/ros/foxy LD_LIBRARY_PATH=/home/unitree/navigation_ws/install/nav2_costmap_2d/lib:/home/unitree/navigation_ws/install/nav2_map_server/lib:/home/unitree/navigation_ws/install/nav2_lifecycle_manager/lib:/home/unitree/navigation_ws/install/nav2_util/lib:/home/unitree/navigation_ws/install/nav2_voxel_grid/lib:/home/unitree/navigation_ws/install/nav2_msgs/lib:/usr/local/cuda-11.4/lib64:/usr/local/lib:/home/unitree/cyclonedds_ws/install/rmw_cyclonedds_cpp/lib:/home/unitree/cyclonedds_ws/install/cyclonedds/lib:/opt/ros/foxy/opt/yaml_cpp_vendor/lib:/opt/ros/foxy/opt/rviz_ogre_vendor/lib:/opt/ros/foxy/lib/aarch64-linux-gnu:/opt/ros/foxy/lib:/usr/local/cuda-11.4/lib64 PYTHONPATH=/home/unitree/navigation_ws/install/nav2_msgs/lib/python3.8/site-packages:/home/unitree/navigation_ws/install/nav2_common/lib/python3.8/site-packages:${PYTHONPATH} /usr/bin/cmake --build /home/unitree/navigation_ws/build/costmap_queue -- -j8 -l8
[36.506s] Invoking command in '/home/unitree/navigation_ws/build/costmap_queue': AMENT_PREFIX_PATH=/home/unitree/navigation_ws/install/nav2_costmap_2d:/home/unitree/navigation_ws/install/nav2_map_server:/home/unitree/navigation_ws/install/nav2_lifecycle_manager:/home/unitree/navigation_ws/install/nav2_util:/home/unitree/navigation_ws/install/nav2_voxel_grid:/home/unitree/navigation_ws/install/nav2_msgs:/home/unitree/navigation_ws/install/nav2_common:${AMENT_PREFIX_PATH} CMAKE_PREFIX_PATH=/home/unitree/navigation_ws/install/nav2_costmap_2d:/home/unitree/navigation_ws/install/nav2_map_server:/home/unitree/navigation_ws/install/nav2_lifecycle_manager:/home/unitree/navigation_ws/install/nav2_util:/home/unitree/navigation_ws/install/nav2_voxel_grid:/home/unitree/navigation_ws/install/nav2_msgs:/home/unitree/navigation_ws/install/nav2_common:/home/unitree/cyclonedds_ws/install/rmw_cyclonedds_cpp:/home/unitree/cyclonedds_ws/install/cyclonedds:/opt/ros/foxy LD_LIBRARY_PATH=/home/unitree/navigation_ws/install/nav2_costmap_2d/lib:/home/unitree/navigation_ws/install/nav2_map_server/lib:/home/unitree/navigation_ws/install/nav2_lifecycle_manager/lib:/home/unitree/navigation_ws/install/nav2_util/lib:/home/unitree/navigation_ws/install/nav2_voxel_grid/lib:/home/unitree/navigation_ws/install/nav2_msgs/lib:/usr/local/cuda-11.4/lib64:/usr/local/lib:/home/unitree/cyclonedds_ws/install/rmw_cyclonedds_cpp/lib:/home/unitree/cyclonedds_ws/install/cyclonedds/lib:/opt/ros/foxy/opt/yaml_cpp_vendor/lib:/opt/ros/foxy/opt/rviz_ogre_vendor/lib:/opt/ros/foxy/lib/aarch64-linux-gnu:/opt/ros/foxy/lib:/usr/local/cuda-11.4/lib64 PYTHONPATH=/home/unitree/navigation_ws/install/nav2_msgs/lib/python3.8/site-packages:/home/unitree/navigation_ws/install/nav2_common/lib/python3.8/site-packages:${PYTHONPATH} /usr/bin/cmake --install /home/unitree/navigation_ws/build/costmap_queue
[50.808s] -- Install configuration: "Release"
[50.808s] -- Execute custom install script
[50.813s] -- Symlinking: /home/unitree/navigation_ws/install/costmap_queue/lib/libcostmap_queue.a
[50.813s] -- Symlinking: /home/unitree/navigation_ws/install/costmap_queue/include//costmap_queue/costmap_queue.hpp
[50.814s] -- Symlinking: /home/unitree/navigation_ws/install/costmap_queue/include//costmap_queue/limited_costmap_queue.hpp
[50.814s] -- Symlinking: /home/unitree/navigation_ws/install/costmap_queue/include//costmap_queue/map_based_queue.hpp
[50.814s] -- Symlinking: /home/unitree/navigation_ws/install/costmap_queue/share/costmap_queue/environment/library_path.sh
[50.814s] -- Symlinking: /home/unitree/navigation_ws/install/costmap_queue/share/costmap_queue/environment/library_path.dsv
[50.814s] -- Symlinking: /home/unitree/navigation_ws/install/costmap_queue/share/ament_index/resource_index/package_run_dependencies/costmap_queue
[50.814s] -- Symlinking: /home/unitree/navigation_ws/install/costmap_queue/share/ament_index/resource_index/parent_prefix_path/costmap_queue
[50.814s] -- Symlinking: /home/unitree/navigation_ws/install/costmap_queue/share/costmap_queue/environment/ament_prefix_path.sh
[50.814s] -- Symlinking: /home/unitree/navigation_ws/install/costmap_queue/share/costmap_queue/environment/ament_prefix_path.dsv
[50.815s] -- Symlinking: /home/unitree/navigation_ws/install/costmap_queue/share/costmap_queue/environment/path.sh
[50.815s] -- Symlinking: /home/unitree/navigation_ws/install/costmap_queue/share/costmap_queue/environment/path.dsv
[50.816s] -- Symlinking: /home/unitree/navigation_ws/install/costmap_queue/share/costmap_queue/local_setup.bash
[50.816s] -- Symlinking: /home/unitree/navigation_ws/install/costmap_queue/share/costmap_queue/local_setup.sh
[50.816s] -- Symlinking: /home/unitree/navigation_ws/install/costmap_queue/share/costmap_queue/local_setup.zsh
[50.816s] -- Symlinking: /home/unitree/navigation_ws/install/costmap_queue/share/costmap_queue/local_setup.dsv
[50.816s] -- Symlinking: /home/unitree/navigation_ws/install/costmap_queue/share/costmap_queue/package.dsv
[50.816s] -- Symlinking: /home/unitree/navigation_ws/install/costmap_queue/share/ament_index/resource_index/packages/costmap_queue
[50.816s] -- Symlinking: /home/unitree/navigation_ws/install/costmap_queue/share/costmap_queue/cmake/ament_cmake_export_include_directories-extras.cmake
[50.816s] -- Symlinking: /home/unitree/navigation_ws/install/costmap_queue/share/costmap_queue/cmake/ament_cmake_export_libraries-extras.cmake
[50.818s] -- Symlinking: /home/unitree/navigation_ws/install/costmap_queue/share/costmap_queue/cmake/costmap_queueConfig.cmake
[50.819s] -- Symlinking: /home/unitree/navigation_ws/install/costmap_queue/share/costmap_queue/cmake/costmap_queueConfig-version.cmake
[50.819s] -- Symlinking: /home/unitree/navigation_ws/install/costmap_queue/share/costmap_queue/package.xml
[50.834s] Invoked command in '/home/unitree/navigation_ws/build/costmap_queue' returned '0': AMENT_PREFIX_PATH=/home/unitree/navigation_ws/install/nav2_costmap_2d:/home/unitree/navigation_ws/install/nav2_map_server:/home/unitree/navigation_ws/install/nav2_lifecycle_manager:/home/unitree/navigation_ws/install/nav2_util:/home/unitree/navigation_ws/install/nav2_voxel_grid:/home/unitree/navigation_ws/install/nav2_msgs:/home/unitree/navigation_ws/install/nav2_common:${AMENT_PREFIX_PATH} CMAKE_PREFIX_PATH=/home/unitree/navigation_ws/install/nav2_costmap_2d:/home/unitree/navigation_ws/install/nav2_map_server:/home/unitree/navigation_ws/install/nav2_lifecycle_manager:/home/unitree/navigation_ws/install/nav2_util:/home/unitree/navigation_ws/install/nav2_voxel_grid:/home/unitree/navigation_ws/install/nav2_msgs:/home/unitree/navigation_ws/install/nav2_common:/home/unitree/cyclonedds_ws/install/rmw_cyclonedds_cpp:/home/unitree/cyclonedds_ws/install/cyclonedds:/opt/ros/foxy LD_LIBRARY_PATH=/home/unitree/navigation_ws/install/nav2_costmap_2d/lib:/home/unitree/navigation_ws/install/nav2_map_server/lib:/home/unitree/navigation_ws/install/nav2_lifecycle_manager/lib:/home/unitree/navigation_ws/install/nav2_util/lib:/home/unitree/navigation_ws/install/nav2_voxel_grid/lib:/home/unitree/navigation_ws/install/nav2_msgs/lib:/usr/local/cuda-11.4/lib64:/usr/local/lib:/home/unitree/cyclonedds_ws/install/rmw_cyclonedds_cpp/lib:/home/unitree/cyclonedds_ws/install/cyclonedds/lib:/opt/ros/foxy/opt/yaml_cpp_vendor/lib:/opt/ros/foxy/opt/rviz_ogre_vendor/lib:/opt/ros/foxy/lib/aarch64-linux-gnu:/opt/ros/foxy/lib:/usr/local/cuda-11.4/lib64 PYTHONPATH=/home/unitree/navigation_ws/install/nav2_msgs/lib/python3.8/site-packages:/home/unitree/navigation_ws/install/nav2_common/lib/python3.8/site-packages:${PYTHONPATH} /usr/bin/cmake --install /home/unitree/navigation_ws/build/costmap_queue
