[0.159s] Invoking command in '/home/unitree/navigation_ws/build/behaviortree_cpp': CMAKE_PREFIX_PATH=${CMAKE_PREFIX_PATH}:/opt/ros/foxy /usr/bin/cmake /home/unitree/navigation_ws/src/autonomy/BehaviorTree.CPP -DCMAKE_BUILD_TYPE=Release -DCMAKE_INSTALL_PREFIX=/home/unitree/navigation_ws/install/behaviortree_cpp
[0.335s] -- The C compiler identification is GNU 9.4.0
[0.507s] -- The CXX compiler identification is GNU 9.4.0
[0.527s] -- Check for working C compiler: /usr/bin/cc
[0.801s] -- Check for working C compiler: /usr/bin/cc -- works
[0.802s] -- Detecting C compiler ABI info
[1.043s] -- Detecting C compiler ABI info - done
[1.062s] -- Detecting C compile features
[1.063s] -- Detecting C compile features - done
[1.067s] -- Check for working CXX compiler: /usr/bin/c++
[1.272s] -- Check for working CXX compiler: /usr/bin/c++ -- works
[1.274s] -- Detecting CXX compiler ABI info
[1.508s] -- Detecting CXX compiler ABI info - done
[1.542s] -- Detecting CXX compile features
[1.542s] -- Detecting CXX compile features - done
[1.548s] -- Looking for pthread.h
[1.756s] -- Looking for pthread.h - found
[1.757s] -- Performing Test CMAKE_HAVE_LIBC_PTHREAD
[1.953s] -- Performing Test CMAKE_HAVE_LIBC_PTHREAD - Failed
[1.953s] -- Looking for pthread_create in pthreads
[2.114s] -- Looking for pthread_create in pthreads - not found
[2.114s] -- Looking for pthread_create in pthread
[2.284s] -- Looking for pthread_create in pthread - found
[2.285s] -- Found Threads: TRUE  
[2.356s] -- Found PythonInterp: /usr/bin/python3 (found suitable version "3.8.10", minimum required is "3") 
[2.357s] -- Using PYTHON_EXECUTABLE: /usr/bin/python3
[2.811s] -- ------------------------------------------
[2.811s] -- BehaviorTree is being built using AMENT.
[2.812s] -- ------------------------------------------
[2.826s] -- Found ZeroMQ: /usr/lib/aarch64-linux-gnu/libzmq.so  
[2.832s] -- Found SQLite3: /usr/include (found version "3.31.1") 
[2.840s] -- Found ament_index_cpp: 1.1.0 (/opt/ros/foxy/share/ament_index_cpp/cmake)
[2.852s] -- BTCPP_EXTRA_LIBRARIES: $<BUILD_INTERFACE:ament_index_cpp::ament_index_cpp>;$<BUILD_INTERFACE:/usr/lib/aarch64-linux-gnu/libzmq.so>;$<BUILD_INTERFACE:/usr/lib/aarch64-linux-gnu/libsqlite3.so>
[2.853s] -- BTCPP_LIB_DESTINATION:   lib 
[2.853s] -- BTCPP_INCLUDE_DESTINATION: include 
[2.867s] -- BUILD_TESTING:   ON 
[2.875s] -- Found ament_cmake_gtest: 0.9.12 (/opt/ros/foxy/share/ament_cmake_gtest/cmake)
[2.884s] -- Found gtest sources under '/opt/ros/foxy/src/gtest_vendor': C++ tests using 'Google Test' will be built
[2.887s] -- Check if compiler accepts -pthread
[3.072s] -- Check if compiler accepts -pthread - yes
[3.231s] -- Configuring done
[3.413s] -- Generating done
[3.433s] -- Build files have been written to: /home/unitree/navigation_ws/build/behaviortree_cpp
[3.467s] Invoked command in '/home/unitree/navigation_ws/build/behaviortree_cpp' returned '0': CMAKE_PREFIX_PATH=${CMAKE_PREFIX_PATH}:/opt/ros/foxy /usr/bin/cmake /home/unitree/navigation_ws/src/autonomy/BehaviorTree.CPP -DCMAKE_BUILD_TYPE=Release -DCMAKE_INSTALL_PREFIX=/home/unitree/navigation_ws/install/behaviortree_cpp
[3.469s] Invoking command in '/home/unitree/navigation_ws/build/behaviortree_cpp': CMAKE_PREFIX_PATH=${CMAKE_PREFIX_PATH}:/opt/ros/foxy /usr/bin/cmake --build /home/unitree/navigation_ws/build/behaviortree_cpp -- -j8 -l8
[4.432s] [35m[1mScanning dependencies of target minitrace[0m
[4.433s] [  1%] Built target lexy_file
[4.433s] [  2%] Built target gtest
[4.433s] [  4%] Built target minitrace
[4.433s] [  6%] Built target gtest_main
[4.433s] [35m[1mScanning dependencies of target behaviortree_cpp[0m
[4.433s] [ 36%] Built target behaviortree_cpp
[4.433s] [ 37%] [32m[1mLinking CXX shared library bin/libmovebase_node_dyn.so[0m
[4.434s] [ 37%] [32m[1mLinking CXX shared library bin/libdummy_nodes_dyn.so[0m
[4.434s] [ 39%] [32m[1mLinking CXX shared library bin/libcrossdoor_nodes_dyn.so[0m
[4.434s] [ 41%] Built target bt_sample_nodes
[4.434s] [ 42%] [32m[1mLinking CXX executable bt4_plugin_manifest[0m
[4.434s] [ 44%] Built target t01_first_tree_dynamic
[4.434s] [ 46%] Built target test_plugin_executor
[4.434s] [ 47%] Built target test_plugin_action
[4.434s] [ 67%] Built target behaviortree_cpp_test
[4.434s] [ 67%] Built target movebase_node_dyn
[4.435s] [ 67%] Built target crossdoor_nodes_dyn
[4.435s] [ 69%] Built target t09_scripting
[4.435s] [ 70%] Built target t08_additional_node_args
[4.435s] [ 71%] Built target t10_observer
[4.459s] [ 72%] Built target dummy_nodes_dyn
[4.510s] [ 74%] Built target t12_default_ports
[4.514s] [ 75%] Built target bt4_plugin_manifest
[4.546s] [ 76%] Built target t11_groot_howto
[4.547s] [ 78%] Built target t07_load_multiple_xml
[4.577s] [ 79%] Built target t06_subtree_port_remapping
[4.590s] [ 81%] Built target ex03_sqlite_log
[4.677s] [ 83%] Built target t05_crossdoor
[4.707s] [ 85%] Built target t03_generic_ports
[4.727s] [ 86%] Built target t13_access_by_ref
[4.728s] [ 87%] Built target t04_reactive_sequence
[4.729s] [ 88%] Built target t15_nodes_mocking
[4.751s] [ 90%] Built target t02_basic_ports
[4.753s] [ 91%] Built target t14_subtree_model
[4.821s] [ 93%] Built target t18_waypoints
[4.868s] [ 94%] Built target ex02_runtime_ports
[4.876s] [ 96%] Built target t16_global_blackboard
[4.915s] [ 98%] Built target ex01_wrap_legacy
[4.916s] [ 99%] Built target t01_first_tree_static
[4.930s] [100%] Built target t17_blackboard_backup
[4.983s] Invoked command in '/home/unitree/navigation_ws/build/behaviortree_cpp' returned '0': CMAKE_PREFIX_PATH=${CMAKE_PREFIX_PATH}:/opt/ros/foxy /usr/bin/cmake --build /home/unitree/navigation_ws/build/behaviortree_cpp -- -j8 -l8
[9.353s] Invoking command in '/home/unitree/navigation_ws/build/behaviortree_cpp': CMAKE_PREFIX_PATH=${CMAKE_PREFIX_PATH}:/opt/ros/foxy /usr/bin/cmake --install /home/unitree/navigation_ws/build/behaviortree_cpp
[19.368s] -- Install configuration: "Release"
[19.368s] -- Up-to-date: /home/unitree/navigation_ws/install/behaviortree_cpp/lib/liblexy_file.a
[19.369s] -- Up-to-date: /home/unitree/navigation_ws/install/behaviortree_cpp/lib/cmake/lexy/lexyTargets.cmake
[19.369s] -- Installing: /home/unitree/navigation_ws/install/behaviortree_cpp/lib/cmake/lexy/lexyTargets-release.cmake
[19.369s] -- Up-to-date: /home/unitree/navigation_ws/install/behaviortree_cpp/include/lexy
[19.369s] -- Up-to-date: /home/unitree/navigation_ws/install/behaviortree_cpp/include/lexy/input_location.hpp
[19.369s] -- Up-to-date: /home/unitree/navigation_ws/install/behaviortree_cpp/include/lexy/callback
[19.369s] -- Up-to-date: /home/unitree/navigation_ws/install/behaviortree_cpp/include/lexy/callback/noop.hpp
[19.369s] -- Up-to-date: /home/unitree/navigation_ws/install/behaviortree_cpp/include/lexy/callback/composition.hpp
[19.370s] -- Up-to-date: /home/unitree/navigation_ws/install/behaviortree_cpp/include/lexy/callback/container.hpp
[19.370s] -- Up-to-date: /home/unitree/navigation_ws/install/behaviortree_cpp/include/lexy/callback/object.hpp
[19.370s] -- Up-to-date: /home/unitree/navigation_ws/install/behaviortree_cpp/include/lexy/callback/bit_cast.hpp
[19.370s] -- Up-to-date: /home/unitree/navigation_ws/install/behaviortree_cpp/include/lexy/callback/bind.hpp
[19.370s] -- Up-to-date: /home/unitree/navigation_ws/install/behaviortree_cpp/include/lexy/callback/adapter.hpp
[19.370s] -- Up-to-date: /home/unitree/navigation_ws/install/behaviortree_cpp/include/lexy/callback/aggregate.hpp
[19.372s] -- Up-to-date: /home/unitree/navigation_ws/install/behaviortree_cpp/include/lexy/callback/forward.hpp
[19.373s] -- Up-to-date: /home/unitree/navigation_ws/install/behaviortree_cpp/include/lexy/callback/string.hpp
[19.373s] -- Up-to-date: /home/unitree/navigation_ws/install/behaviortree_cpp/include/lexy/callback/integer.hpp
[19.373s] -- Up-to-date: /home/unitree/navigation_ws/install/behaviortree_cpp/include/lexy/callback/fold.hpp
[19.373s] -- Up-to-date: /home/unitree/navigation_ws/install/behaviortree_cpp/include/lexy/callback/constant.hpp
[19.373s] -- Up-to-date: /home/unitree/navigation_ws/install/behaviortree_cpp/include/lexy/callback/base.hpp
[19.373s] -- Up-to-date: /home/unitree/navigation_ws/install/behaviortree_cpp/include/lexy/parse_tree.hpp
[19.373s] -- Up-to-date: /home/unitree/navigation_ws/install/behaviortree_cpp/include/lexy/input
[19.373s] -- Up-to-date: /home/unitree/navigation_ws/install/behaviortree_cpp/include/lexy/input/buffer.hpp
[19.373s] -- Up-to-date: /home/unitree/navigation_ws/install/behaviortree_cpp/include/lexy/input/string_input.hpp
[19.374s] -- Up-to-date: /home/unitree/navigation_ws/install/behaviortree_cpp/include/lexy/input/range_input.hpp
[19.374s] -- Up-to-date: /home/unitree/navigation_ws/install/behaviortree_cpp/include/lexy/input/parse_tree_input.hpp
[19.374s] -- Up-to-date: /home/unitree/navigation_ws/install/behaviortree_cpp/include/lexy/input/file.hpp
[19.374s] -- Up-to-date: /home/unitree/navigation_ws/install/behaviortree_cpp/include/lexy/input/argv_input.hpp
[19.374s] -- Up-to-date: /home/unitree/navigation_ws/install/behaviortree_cpp/include/lexy/input/lexeme_input.hpp
[19.374s] -- Up-to-date: /home/unitree/navigation_ws/install/behaviortree_cpp/include/lexy/input/base.hpp
[19.377s] -- Up-to-date: /home/unitree/navigation_ws/install/behaviortree_cpp/include/lexy/encoding.hpp
[19.377s] -- Up-to-date: /home/unitree/navigation_ws/install/behaviortree_cpp/include/lexy/code_point.hpp
[19.378s] -- Up-to-date: /home/unitree/navigation_ws/install/behaviortree_cpp/include/lexy/dsl
[19.378s] -- Up-to-date: /home/unitree/navigation_ws/install/behaviortree_cpp/include/lexy/dsl/until.hpp
[19.378s] -- Up-to-date: /home/unitree/navigation_ws/install/behaviortree_cpp/include/lexy/dsl/branch.hpp
[19.378s] -- Up-to-date: /home/unitree/navigation_ws/install/behaviortree_cpp/include/lexy/dsl/parse_as.hpp
[19.378s] -- Up-to-date: /home/unitree/navigation_ws/install/behaviortree_cpp/include/lexy/dsl/bom.hpp
[19.382s] -- Up-to-date: /home/unitree/navigation_ws/install/behaviortree_cpp/include/lexy/dsl/lookahead.hpp
[19.384s] -- Up-to-date: /home/unitree/navigation_ws/install/behaviortree_cpp/include/lexy/dsl/char_class.hpp
[19.384s] -- Up-to-date: /home/unitree/navigation_ws/install/behaviortree_cpp/include/lexy/dsl/operator.hpp
[19.392s] -- Up-to-date: /home/unitree/navigation_ws/install/behaviortree_cpp/include/lexy/dsl/context_identifier.hpp
[19.392s] -- Up-to-date: /home/unitree/navigation_ws/install/behaviortree_cpp/include/lexy/dsl/delimited.hpp
[19.393s] -- Up-to-date: /home/unitree/navigation_ws/install/behaviortree_cpp/include/lexy/dsl/unicode.hpp
[19.393s] -- Up-to-date: /home/unitree/navigation_ws/install/behaviortree_cpp/include/lexy/dsl/times.hpp
[19.393s] -- Up-to-date: /home/unitree/navigation_ws/install/behaviortree_cpp/include/lexy/dsl/newline.hpp
[19.402s] -- Up-to-date: /home/unitree/navigation_ws/install/behaviortree_cpp/include/lexy/dsl/punctuator.hpp
[19.405s] -- Up-to-date: /home/unitree/navigation_ws/install/behaviortree_cpp/include/lexy/dsl/choice.hpp
[19.405s] -- Up-to-date: /home/unitree/navigation_ws/install/behaviortree_cpp/include/lexy/dsl/recover.hpp
[19.405s] -- Up-to-date: /home/unitree/navigation_ws/install/behaviortree_cpp/include/lexy/dsl/list.hpp
[19.406s] -- Up-to-date: /home/unitree/navigation_ws/install/behaviortree_cpp/include/lexy/dsl/context_flag.hpp
[19.406s] -- Up-to-date: /home/unitree/navigation_ws/install/behaviortree_cpp/include/lexy/dsl/identifier.hpp
[19.406s] -- Up-to-date: /home/unitree/navigation_ws/install/behaviortree_cpp/include/lexy/dsl/if.hpp
[19.406s] -- Up-to-date: /home/unitree/navigation_ws/install/behaviortree_cpp/include/lexy/dsl/brackets.hpp
[19.406s] -- Up-to-date: /home/unitree/navigation_ws/install/behaviortree_cpp/include/lexy/dsl/separator.hpp
[19.406s] -- Up-to-date: /home/unitree/navigation_ws/install/behaviortree_cpp/include/lexy/dsl/peek.hpp
[19.408s] -- Up-to-date: /home/unitree/navigation_ws/install/behaviortree_cpp/include/lexy/dsl/code_point.hpp
[19.408s] -- Up-to-date: /home/unitree/navigation_ws/install/behaviortree_cpp/include/lexy/dsl/case_folding.hpp
[19.408s] -- Up-to-date: /home/unitree/navigation_ws/install/behaviortree_cpp/include/lexy/dsl/literal.hpp
[19.423s] -- Up-to-date: /home/unitree/navigation_ws/install/behaviortree_cpp/include/lexy/dsl/production.hpp
[19.423s] -- Up-to-date: /home/unitree/navigation_ws/install/behaviortree_cpp/include/lexy/dsl/any.hpp
[19.423s] -- Up-to-date: /home/unitree/navigation_ws/install/behaviortree_cpp/include/lexy/dsl/return.hpp
[19.443s] -- Up-to-date: /home/unitree/navigation_ws/install/behaviortree_cpp/include/lexy/dsl/loop.hpp
[19.443s] -- Up-to-date: /home/unitree/navigation_ws/install/behaviortree_cpp/include/lexy/dsl/sign.hpp
[19.444s] -- Up-to-date: /home/unitree/navigation_ws/install/behaviortree_cpp/include/lexy/dsl/sequence.hpp
[19.444s] -- Up-to-date: /home/unitree/navigation_ws/install/behaviortree_cpp/include/lexy/dsl/combination.hpp
[19.444s] -- Up-to-date: /home/unitree/navigation_ws/install/behaviortree_cpp/include/lexy/dsl/digit.hpp
[19.444s] -- Up-to-date: /home/unitree/navigation_ws/install/behaviortree_cpp/include/lexy/dsl/repeat.hpp
[19.444s] -- Up-to-date: /home/unitree/navigation_ws/install/behaviortree_cpp/include/lexy/dsl/ascii.hpp
[19.444s] -- Up-to-date: /home/unitree/navigation_ws/install/behaviortree_cpp/include/lexy/dsl/scan.hpp
[19.444s] -- Up-to-date: /home/unitree/navigation_ws/install/behaviortree_cpp/include/lexy/dsl/effect.hpp
[19.445s] -- Up-to-date: /home/unitree/navigation_ws/install/behaviortree_cpp/include/lexy/dsl/capture.hpp
[19.445s] -- Up-to-date: /home/unitree/navigation_ws/install/behaviortree_cpp/include/lexy/dsl/subgrammar.hpp
[19.445s] -- Up-to-date: /home/unitree/navigation_ws/install/behaviortree_cpp/include/lexy/dsl/position.hpp
[19.445s] -- Up-to-date: /home/unitree/navigation_ws/install/behaviortree_cpp/include/lexy/dsl/member.hpp
[19.445s] -- Up-to-date: /home/unitree/navigation_ws/install/behaviortree_cpp/include/lexy/dsl/terminator.hpp
[19.445s] -- Up-to-date: /home/unitree/navigation_ws/install/behaviortree_cpp/include/lexy/dsl/error.hpp
[19.445s] -- Up-to-date: /home/unitree/navigation_ws/install/behaviortree_cpp/include/lexy/dsl/token.hpp
[19.445s] -- Up-to-date: /home/unitree/navigation_ws/install/behaviortree_cpp/include/lexy/dsl/context_counter.hpp
[19.445s] -- Up-to-date: /home/unitree/navigation_ws/install/behaviortree_cpp/include/lexy/dsl/bits.hpp
[19.445s] -- Up-to-date: /home/unitree/navigation_ws/install/behaviortree_cpp/include/lexy/dsl/flags.hpp
[19.446s] -- Up-to-date: /home/unitree/navigation_ws/install/behaviortree_cpp/include/lexy/dsl/integer.hpp
[19.446s] -- Up-to-date: /home/unitree/navigation_ws/install/behaviortree_cpp/include/lexy/dsl/parse_tree_node.hpp
[19.446s] -- Up-to-date: /home/unitree/navigation_ws/install/behaviortree_cpp/include/lexy/dsl/follow.hpp
[19.446s] -- Up-to-date: /home/unitree/navigation_ws/install/behaviortree_cpp/include/lexy/dsl/byte.hpp
[19.446s] -- Up-to-date: /home/unitree/navigation_ws/install/behaviortree_cpp/include/lexy/dsl/eof.hpp
[19.446s] -- Up-to-date: /home/unitree/navigation_ws/install/behaviortree_cpp/include/lexy/dsl/option.hpp
[19.451s] -- Up-to-date: /home/unitree/navigation_ws/install/behaviortree_cpp/include/lexy/dsl/symbol.hpp
[19.451s] -- Up-to-date: /home/unitree/navigation_ws/install/behaviortree_cpp/include/lexy/dsl/whitespace.hpp
[19.451s] -- Up-to-date: /home/unitree/navigation_ws/install/behaviortree_cpp/include/lexy/dsl/base.hpp
[19.451s] -- Up-to-date: /home/unitree/navigation_ws/install/behaviortree_cpp/include/lexy/dsl/expression.hpp
[19.451s] -- Up-to-date: /home/unitree/navigation_ws/install/behaviortree_cpp/include/lexy/dsl.hpp
[19.451s] -- Up-to-date: /home/unitree/navigation_ws/install/behaviortree_cpp/include/lexy/_detail
[19.451s] -- Up-to-date: /home/unitree/navigation_ws/install/behaviortree_cpp/include/lexy/_detail/string_view.hpp
[19.452s] -- Up-to-date: /home/unitree/navigation_ws/install/behaviortree_cpp/include/lexy/_detail/memory_resource.hpp
[19.452s] -- Up-to-date: /home/unitree/navigation_ws/install/behaviortree_cpp/include/lexy/_detail/nttp_string.hpp
[19.452s] -- Up-to-date: /home/unitree/navigation_ws/install/behaviortree_cpp/include/lexy/_detail/assert.hpp
[19.452s] -- Up-to-date: /home/unitree/navigation_ws/install/behaviortree_cpp/include/lexy/_detail/stateless_lambda.hpp
[19.452s] -- Up-to-date: /home/unitree/navigation_ws/install/behaviortree_cpp/include/lexy/_detail/config.hpp
[19.452s] -- Up-to-date: /home/unitree/navigation_ws/install/behaviortree_cpp/include/lexy/_detail/code_point.hpp
[19.452s] -- Up-to-date: /home/unitree/navigation_ws/install/behaviortree_cpp/include/lexy/_detail/std.hpp
[19.452s] -- Up-to-date: /home/unitree/navigation_ws/install/behaviortree_cpp/include/lexy/_detail/lazy_init.hpp
[19.452s] -- Up-to-date: /home/unitree/navigation_ws/install/behaviortree_cpp/include/lexy/_detail/tuple.hpp
[19.452s] -- Up-to-date: /home/unitree/navigation_ws/install/behaviortree_cpp/include/lexy/_detail/swar.hpp
[19.453s] -- Up-to-date: /home/unitree/navigation_ws/install/behaviortree_cpp/include/lexy/_detail/detect.hpp
[19.453s] -- Up-to-date: /home/unitree/navigation_ws/install/behaviortree_cpp/include/lexy/_detail/iterator.hpp
[19.453s] -- Up-to-date: /home/unitree/navigation_ws/install/behaviortree_cpp/include/lexy/_detail/buffer_builder.hpp
[19.453s] -- Up-to-date: /home/unitree/navigation_ws/install/behaviortree_cpp/include/lexy/_detail/integer_sequence.hpp
[19.453s] -- Up-to-date: /home/unitree/navigation_ws/install/behaviortree_cpp/include/lexy/_detail/type_name.hpp
[19.453s] -- Up-to-date: /home/unitree/navigation_ws/install/behaviortree_cpp/include/lexy/_detail/invoke.hpp
[19.453s] -- Up-to-date: /home/unitree/navigation_ws/install/behaviortree_cpp/include/lexy/_detail/any_ref.hpp
[19.453s] -- Up-to-date: /home/unitree/navigation_ws/install/behaviortree_cpp/include/lexy/_detail/unicode_database.hpp
[19.453s] -- Up-to-date: /home/unitree/navigation_ws/install/behaviortree_cpp/include/lexy/lexeme.hpp
[19.453s] -- Up-to-date: /home/unitree/navigation_ws/install/behaviortree_cpp/include/lexy/action
[19.454s] -- Up-to-date: /home/unitree/navigation_ws/install/behaviortree_cpp/include/lexy/action/match.hpp
[19.454s] -- Up-to-date: /home/unitree/navigation_ws/install/behaviortree_cpp/include/lexy/action/parse_as_tree.hpp
[19.454s] -- Up-to-date: /home/unitree/navigation_ws/install/behaviortree_cpp/include/lexy/action/parse.hpp
[19.481s] -- Up-to-date: /home/unitree/navigation_ws/install/behaviortree_cpp/include/lexy/action/validate.hpp
[19.481s] -- Up-to-date: /home/unitree/navigation_ws/install/behaviortree_cpp/include/lexy/action/scan.hpp
[19.482s] -- Up-to-date: /home/unitree/navigation_ws/install/behaviortree_cpp/include/lexy/action/trace.hpp
[19.482s] -- Up-to-date: /home/unitree/navigation_ws/install/behaviortree_cpp/include/lexy/action/base.hpp
[19.482s] -- Up-to-date: /home/unitree/navigation_ws/install/behaviortree_cpp/include/lexy/callback.hpp
[19.482s] -- Up-to-date: /home/unitree/navigation_ws/install/behaviortree_cpp/include/lexy/error.hpp
[19.482s] -- Up-to-date: /home/unitree/navigation_ws/install/behaviortree_cpp/include/lexy/token.hpp
[19.482s] -- Up-to-date: /home/unitree/navigation_ws/install/behaviortree_cpp/include/lexy/visualize.hpp
[19.482s] -- Up-to-date: /home/unitree/navigation_ws/install/behaviortree_cpp/include/lexy/grammar.hpp
[19.482s] -- Up-to-date: /home/unitree/navigation_ws/install/behaviortree_cpp/include/lexy_ext
[19.483s] -- Up-to-date: /home/unitree/navigation_ws/install/behaviortree_cpp/include/lexy_ext/shell.hpp
[19.483s] -- Up-to-date: /home/unitree/navigation_ws/install/behaviortree_cpp/include/lexy_ext/parse_tree_doctest.hpp
[19.483s] -- Up-to-date: /home/unitree/navigation_ws/install/behaviortree_cpp/include/lexy_ext/compiler_explorer.hpp
[19.483s] -- Up-to-date: /home/unitree/navigation_ws/install/behaviortree_cpp/include/lexy_ext/parse_tree_algorithm.hpp
[19.483s] -- Up-to-date: /home/unitree/navigation_ws/install/behaviortree_cpp/include/lexy_ext/report_error.hpp
[19.483s] -- Up-to-date: /home/unitree/navigation_ws/install/behaviortree_cpp/lib/libbehaviortree_cpp.so
[19.483s] -- Up-to-date: /home/unitree/navigation_ws/install/behaviortree_cpp/include
[19.483s] -- Up-to-date: /home/unitree/navigation_ws/install/behaviortree_cpp/include/behaviortree_cpp
[19.483s] -- Up-to-date: /home/unitree/navigation_ws/install/behaviortree_cpp/include/behaviortree_cpp/scripting
[19.484s] -- Up-to-date: /home/unitree/navigation_ws/install/behaviortree_cpp/include/behaviortree_cpp/scripting/script_parser.hpp
[19.484s] -- Up-to-date: /home/unitree/navigation_ws/install/behaviortree_cpp/include/behaviortree_cpp/scripting/any_types.hpp
[19.484s] -- Up-to-date: /home/unitree/navigation_ws/install/behaviortree_cpp/include/behaviortree_cpp/scripting/operators.hpp
[19.484s] -- Up-to-date: /home/unitree/navigation_ws/install/behaviortree_cpp/include/behaviortree_cpp/flatbuffers
[19.484s] -- Up-to-date: /home/unitree/navigation_ws/install/behaviortree_cpp/include/behaviortree_cpp/flatbuffers/bt_flatbuffer_helper.h
[19.484s] -- Up-to-date: /home/unitree/navigation_ws/install/behaviortree_cpp/include/behaviortree_cpp/utils
[19.484s] -- Up-to-date: /home/unitree/navigation_ws/install/behaviortree_cpp/include/behaviortree_cpp/utils/signal.h
[19.484s] -- Up-to-date: /home/unitree/navigation_ws/install/behaviortree_cpp/include/behaviortree_cpp/utils/locked_reference.hpp
[19.484s] -- Up-to-date: /home/unitree/navigation_ws/install/behaviortree_cpp/include/behaviortree_cpp/utils/shared_library.h
[19.484s] -- Up-to-date: /home/unitree/navigation_ws/install/behaviortree_cpp/include/behaviortree_cpp/utils/platform.hpp
[19.485s] -- Up-to-date: /home/unitree/navigation_ws/install/behaviortree_cpp/include/behaviortree_cpp/utils/wakeup_signal.hpp
[19.485s] -- Up-to-date: /home/unitree/navigation_ws/install/behaviortree_cpp/include/behaviortree_cpp/utils/convert_impl.hpp
[19.485s] -- Up-to-date: /home/unitree/navigation_ws/install/behaviortree_cpp/include/behaviortree_cpp/utils/demangle_util.h
[19.485s] -- Up-to-date: /home/unitree/navigation_ws/install/behaviortree_cpp/include/behaviortree_cpp/utils/strcat.hpp
[19.485s] -- Up-to-date: /home/unitree/navigation_ws/install/behaviortree_cpp/include/behaviortree_cpp/utils/safe_any.hpp
[19.485s] -- Up-to-date: /home/unitree/navigation_ws/install/behaviortree_cpp/include/behaviortree_cpp/utils/timer_queue.h
[19.485s] -- Up-to-date: /home/unitree/navigation_ws/install/behaviortree_cpp/include/behaviortree_cpp/utils/simple_string.hpp
[19.485s] -- Up-to-date: /home/unitree/navigation_ws/install/behaviortree_cpp/include/behaviortree_cpp/bt_factory.h
[19.486s] -- Up-to-date: /home/unitree/navigation_ws/install/behaviortree_cpp/include/behaviortree_cpp/tree_node.h
[19.486s] -- Up-to-date: /home/unitree/navigation_ws/install/behaviortree_cpp/include/behaviortree_cpp/contrib
[19.486s] -- Up-to-date: /home/unitree/navigation_ws/install/behaviortree_cpp/include/behaviortree_cpp/contrib/any.hpp
[19.486s] -- Up-to-date: /home/unitree/navigation_ws/install/behaviortree_cpp/include/behaviortree_cpp/contrib/magic_enum.hpp
[19.486s] -- Up-to-date: /home/unitree/navigation_ws/install/behaviortree_cpp/include/behaviortree_cpp/contrib/json.hpp
[19.486s] -- Up-to-date: /home/unitree/navigation_ws/install/behaviortree_cpp/include/behaviortree_cpp/contrib/expected.hpp
[19.486s] -- Up-to-date: /home/unitree/navigation_ws/install/behaviortree_cpp/include/behaviortree_cpp/json_export.h
[19.486s] -- Up-to-date: /home/unitree/navigation_ws/install/behaviortree_cpp/include/behaviortree_cpp/blackboard.h
[19.486s] -- Up-to-date: /home/unitree/navigation_ws/install/behaviortree_cpp/include/behaviortree_cpp/exceptions.h
[19.486s] -- Up-to-date: /home/unitree/navigation_ws/install/behaviortree_cpp/include/behaviortree_cpp/bt_parser.h
[19.487s] -- Up-to-date: /home/unitree/navigation_ws/install/behaviortree_cpp/include/behaviortree_cpp/decorators
[19.487s] -- Up-to-date: /home/unitree/navigation_ws/install/behaviortree_cpp/include/behaviortree_cpp/decorators/updated_decorator.h
[19.487s] -- Up-to-date: /home/unitree/navigation_ws/install/behaviortree_cpp/include/behaviortree_cpp/decorators/loop_node.h
[19.487s] -- Up-to-date: /home/unitree/navigation_ws/install/behaviortree_cpp/include/behaviortree_cpp/decorators/keep_running_until_failure_node.h
[19.487s] -- Up-to-date: /home/unitree/navigation_ws/install/behaviortree_cpp/include/behaviortree_cpp/decorators/timeout_node.h
[19.487s] -- Up-to-date: /home/unitree/navigation_ws/install/behaviortree_cpp/include/behaviortree_cpp/decorators/retry_node.h
[19.487s] -- Up-to-date: /home/unitree/navigation_ws/install/behaviortree_cpp/include/behaviortree_cpp/decorators/consume_queue.h
[19.487s] -- Up-to-date: /home/unitree/navigation_ws/install/behaviortree_cpp/include/behaviortree_cpp/decorators/script_precondition.h
[19.487s] -- Up-to-date: /home/unitree/navigation_ws/install/behaviortree_cpp/include/behaviortree_cpp/decorators/delay_node.h
[19.488s] -- Up-to-date: /home/unitree/navigation_ws/install/behaviortree_cpp/include/behaviortree_cpp/decorators/repeat_node.h
[19.488s] -- Up-to-date: /home/unitree/navigation_ws/install/behaviortree_cpp/include/behaviortree_cpp/decorators/inverter_node.h
[19.488s] -- Up-to-date: /home/unitree/navigation_ws/install/behaviortree_cpp/include/behaviortree_cpp/decorators/subtree_node.h
[19.488s] -- Up-to-date: /home/unitree/navigation_ws/install/behaviortree_cpp/include/behaviortree_cpp/decorators/force_failure_node.h
[19.488s] -- Up-to-date: /home/unitree/navigation_ws/install/behaviortree_cpp/include/behaviortree_cpp/decorators/force_success_node.h
[19.488s] -- Up-to-date: /home/unitree/navigation_ws/install/behaviortree_cpp/include/behaviortree_cpp/decorators/run_once_node.h
[19.488s] -- Up-to-date: /home/unitree/navigation_ws/install/behaviortree_cpp/include/behaviortree_cpp/control_node.h
[19.488s] -- Up-to-date: /home/unitree/navigation_ws/install/behaviortree_cpp/include/behaviortree_cpp/action_node.h
[19.488s] -- Up-to-date: /home/unitree/navigation_ws/install/behaviortree_cpp/include/behaviortree_cpp/basic_types.h
[19.488s] -- Up-to-date: /home/unitree/navigation_ws/install/behaviortree_cpp/include/behaviortree_cpp/xml_parsing.h
[19.488s] -- Up-to-date: /home/unitree/navigation_ws/install/behaviortree_cpp/include/behaviortree_cpp/actions
[19.489s] -- Up-to-date: /home/unitree/navigation_ws/install/behaviortree_cpp/include/behaviortree_cpp/actions/unset_blackboard_node.h
[19.505s] -- Up-to-date: /home/unitree/navigation_ws/install/behaviortree_cpp/include/behaviortree_cpp/actions/test_node.h
[19.505s] -- Up-to-date: /home/unitree/navigation_ws/install/behaviortree_cpp/include/behaviortree_cpp/actions/updated_action.h
[19.505s] -- Up-to-date: /home/unitree/navigation_ws/install/behaviortree_cpp/include/behaviortree_cpp/actions/sleep_node.h
[19.506s] -- Up-to-date: /home/unitree/navigation_ws/install/behaviortree_cpp/include/behaviortree_cpp/actions/always_failure_node.h
[19.506s] -- Up-to-date: /home/unitree/navigation_ws/install/behaviortree_cpp/include/behaviortree_cpp/actions/pop_from_queue.hpp
[19.506s] -- Up-to-date: /home/unitree/navigation_ws/install/behaviortree_cpp/include/behaviortree_cpp/actions/script_node.h
[19.506s] -- Up-to-date: /home/unitree/navigation_ws/install/behaviortree_cpp/include/behaviortree_cpp/actions/script_condition.h
[19.506s] -- Up-to-date: /home/unitree/navigation_ws/install/behaviortree_cpp/include/behaviortree_cpp/actions/always_success_node.h
[19.506s] -- Up-to-date: /home/unitree/navigation_ws/install/behaviortree_cpp/include/behaviortree_cpp/actions/set_blackboard_node.h
[19.506s] -- Up-to-date: /home/unitree/navigation_ws/install/behaviortree_cpp/include/behaviortree_cpp/controls
[19.506s] -- Up-to-date: /home/unitree/navigation_ws/install/behaviortree_cpp/include/behaviortree_cpp/controls/parallel_all_node.h
[19.506s] -- Up-to-date: /home/unitree/navigation_ws/install/behaviortree_cpp/include/behaviortree_cpp/controls/fallback_node.h
[19.507s] -- Up-to-date: /home/unitree/navigation_ws/install/behaviortree_cpp/include/behaviortree_cpp/controls/reactive_sequence.h
[19.507s] -- Up-to-date: /home/unitree/navigation_ws/install/behaviortree_cpp/include/behaviortree_cpp/controls/sequence_with_memory_node.h
[19.507s] -- Up-to-date: /home/unitree/navigation_ws/install/behaviortree_cpp/include/behaviortree_cpp/controls/sequence_node.h
[19.507s] -- Up-to-date: /home/unitree/navigation_ws/install/behaviortree_cpp/include/behaviortree_cpp/controls/switch_node.h
[19.507s] -- Up-to-date: /home/unitree/navigation_ws/install/behaviortree_cpp/include/behaviortree_cpp/controls/manual_node.h
[19.507s] -- Up-to-date: /home/unitree/navigation_ws/install/behaviortree_cpp/include/behaviortree_cpp/controls/reactive_fallback.h
[19.507s] -- Up-to-date: /home/unitree/navigation_ws/install/behaviortree_cpp/include/behaviortree_cpp/controls/if_then_else_node.h
[19.507s] -- Up-to-date: /home/unitree/navigation_ws/install/behaviortree_cpp/include/behaviortree_cpp/controls/while_do_else_node.h
[19.507s] -- Up-to-date: /home/unitree/navigation_ws/install/behaviortree_cpp/include/behaviortree_cpp/controls/parallel_node.h
[19.508s] -- Up-to-date: /home/unitree/navigation_ws/install/behaviortree_cpp/include/behaviortree_cpp/leaf_node.h
[19.508s] -- Up-to-date: /home/unitree/navigation_ws/install/behaviortree_cpp/include/behaviortree_cpp/condition_node.h
[19.508s] -- Up-to-date: /home/unitree/navigation_ws/install/behaviortree_cpp/include/behaviortree_cpp/decorator_node.h
[19.508s] -- Up-to-date: /home/unitree/navigation_ws/install/behaviortree_cpp/include/behaviortree_cpp/loggers
[19.508s] -- Up-to-date: /home/unitree/navigation_ws/install/behaviortree_cpp/include/behaviortree_cpp/loggers/bt_observer.h
[19.508s] -- Up-to-date: /home/unitree/navigation_ws/install/behaviortree_cpp/include/behaviortree_cpp/loggers/bt_sqlite_logger.h
[19.508s] -- Up-to-date: /home/unitree/navigation_ws/install/behaviortree_cpp/include/behaviortree_cpp/loggers/abstract_logger.h
[19.508s] -- Up-to-date: /home/unitree/navigation_ws/install/behaviortree_cpp/include/behaviortree_cpp/loggers/bt_file_logger_v2.h
[19.508s] -- Up-to-date: /home/unitree/navigation_ws/install/behaviortree_cpp/include/behaviortree_cpp/loggers/bt_cout_logger.h
[19.508s] -- Up-to-date: /home/unitree/navigation_ws/install/behaviortree_cpp/include/behaviortree_cpp/loggers/groot2_protocol.h
[19.509s] -- Up-to-date: /home/unitree/navigation_ws/install/behaviortree_cpp/include/behaviortree_cpp/loggers/groot2_publisher.h
[19.509s] -- Up-to-date: /home/unitree/navigation_ws/install/behaviortree_cpp/include/behaviortree_cpp/loggers/bt_minitrace_logger.h
[19.509s] -- Up-to-date: /home/unitree/navigation_ws/install/behaviortree_cpp/include/behaviortree_cpp/behavior_tree.h
[19.509s] -- Installing: /home/unitree/navigation_ws/install/behaviortree_cpp/share/behaviortree_cpp/package.dsv
[19.509s] -- Up-to-date: /home/unitree/navigation_ws/install/behaviortree_cpp/share/behaviortree_cpp/cmake/behaviortree_cppTargetsExport.cmake
[19.509s] -- Installing: /home/unitree/navigation_ws/install/behaviortree_cpp/share/behaviortree_cpp/cmake/behaviortree_cppTargetsExport-release.cmake
[19.541s] Invoked command in '/home/unitree/navigation_ws/build/behaviortree_cpp' returned '0': CMAKE_PREFIX_PATH=${CMAKE_PREFIX_PATH}:/opt/ros/foxy /usr/bin/cmake --install /home/unitree/navigation_ws/build/behaviortree_cpp
