[0.103s] Invoking command in '/home/unitree/navigation_ws/build/nav2_msgs': AMENT_PREFIX_PATH=/home/unitree/navigation_ws/install/nav2_common:${AMENT_PREFIX_PATH} CMAKE_PREFIX_PATH=/home/unitree/navigation_ws/install/nav2_common:/home/unitree/cyclonedds_ws/install/rmw_cyclonedds_cpp:/home/unitree/cyclonedds_ws/install/cyclonedds:/opt/ros/foxy PYTHONPATH=/home/unitree/navigation_ws/install/nav2_common/lib/python3.8/site-packages:${PYTHONPATH} /usr/bin/cmake /home/unitree/navigation_ws/src/navigation2/nav2_msgs -DAMENT_CMAKE_SYMLINK_INSTALL=1 -DCMAKE_INSTALL_PREFIX=/home/unitree/navigation_ws/install/nav2_msgs
[10.103s] -- The C compiler identification is GNU 9.4.0
[10.103s] -- The CXX compiler identification is GNU 9.4.0
[10.103s] -- Check for working C compiler: /usr/bin/cc
[10.103s] -- Check for working C compiler: /usr/bin/cc -- works
[10.103s] -- Detecting C compiler ABI info
[10.103s] -- Detecting C compiler ABI info - done
[10.103s] -- Detecting C compile features
[10.103s] -- Detecting C compile features - done
[10.104s] -- Check for working CXX compiler: /usr/bin/c++
[10.104s] -- Check for working CXX compiler: /usr/bin/c++ -- works
[10.104s] -- Detecting CXX compiler ABI info
[10.104s] -- Detecting CXX compiler ABI info - done
[10.104s] -- Detecting CXX compile features
[10.104s] -- Detecting CXX compile features - done
[10.104s] -- Found ament_cmake: 0.9.12 (/opt/ros/foxy/share/ament_cmake/cmake)
[10.104s] -- Found PythonInterp: /usr/bin/python3 (found suitable version "3.8.10", minimum required is "3") 
[10.104s] -- Using PYTHON_EXECUTABLE: /usr/bin/python3
[10.104s] -- Override CMake install command with custom implementation using symlinks instead of copying resources
[10.104s] -- Found nav2_common: 0.4.7 (/home/unitree/navigation_ws/install/nav2_common/share/nav2_common/cmake)
[10.105s] -- Found builtin_interfaces: 1.0.0 (/opt/ros/foxy/share/builtin_interfaces/cmake)
[10.105s] -- Using all available rosidl_typesupport_c: rosidl_typesupport_fastrtps_c;rosidl_typesupport_introspection_c
[10.105s] -- Found rosidl_adapter: 1.3.1 (/opt/ros/foxy/share/rosidl_adapter/cmake)
[10.105s] -- Found OpenSSL: /usr/lib/aarch64-linux-gnu/libcrypto.so (found version "1.1.1f")  
[10.105s] -- Found FastRTPS: /opt/ros/foxy/include  
[10.105s] -- Using all available rosidl_typesupport_cpp: rosidl_typesupport_fastrtps_cpp;rosidl_typesupport_introspection_cpp
[10.105s] -- Found nav_msgs: 2.0.5 (/opt/ros/foxy/share/nav_msgs/cmake)
[10.105s] -- Found rosidl_default_generators: 1.0.1 (/opt/ros/foxy/share/rosidl_default_generators/cmake)
[10.105s] -- Found action_msgs: 1.0.0 (/opt/ros/foxy/share/action_msgs/cmake)
[10.105s] -- Setting build type to Release as none was specified.
[10.106s] -- Found PythonInterp: /usr/bin/python3 (found version "3.8.10") 
[12.182s] -- Found ament_cmake_ros: 0.9.2 (/opt/ros/foxy/share/ament_cmake_ros/cmake)
[13.772s] -- Using all available rosidl_typesupport_c: rosidl_typesupport_fastrtps_c;rosidl_typesupport_introspection_c
[14.129s] -- Using all available rosidl_typesupport_cpp: rosidl_typesupport_fastrtps_cpp;rosidl_typesupport_introspection_cpp
[14.299s] -- Found PythonInterp: /usr/bin/python3 (found suitable version "3.8.10", minimum required is "3.5") 
[14.303s] -- Found python_cmake_module: 0.8.1 (/opt/ros/foxy/share/python_cmake_module/cmake)
[14.459s] -- Found PythonLibs: /usr/lib/aarch64-linux-gnu/libpython3.8.so (found suitable version "3.8.10", minimum required is "3.5") 
[14.459s] -- Using PYTHON_EXECUTABLE: /usr/bin/python3
[14.459s] -- Using PYTHON_INCLUDE_DIRS: /usr/include/python3.8
[14.459s] -- Using PYTHON_LIBRARIES: /usr/lib/aarch64-linux-gnu/libpython3.8.so
[14.723s] -- Found PythonExtra: .so  
[15.111s] -- Configuring done
[15.539s] -- Generating done
[15.545s] -- Build files have been written to: /home/unitree/navigation_ws/build/nav2_msgs
[15.587s] Invoked command in '/home/unitree/navigation_ws/build/nav2_msgs' returned '0': AMENT_PREFIX_PATH=/home/unitree/navigation_ws/install/nav2_common:${AMENT_PREFIX_PATH} CMAKE_PREFIX_PATH=/home/unitree/navigation_ws/install/nav2_common:/home/unitree/cyclonedds_ws/install/rmw_cyclonedds_cpp:/home/unitree/cyclonedds_ws/install/cyclonedds:/opt/ros/foxy PYTHONPATH=/home/unitree/navigation_ws/install/nav2_common/lib/python3.8/site-packages:${PYTHONPATH} /usr/bin/cmake /home/unitree/navigation_ws/src/navigation2/nav2_msgs -DAMENT_CMAKE_SYMLINK_INSTALL=1 -DCMAKE_INSTALL_PREFIX=/home/unitree/navigation_ws/install/nav2_msgs
[15.589s] Invoking command in '/home/unitree/navigation_ws/build/nav2_msgs': AMENT_PREFIX_PATH=/home/unitree/navigation_ws/install/nav2_common:${AMENT_PREFIX_PATH} CMAKE_PREFIX_PATH=/home/unitree/navigation_ws/install/nav2_common:/home/unitree/cyclonedds_ws/install/rmw_cyclonedds_cpp:/home/unitree/cyclonedds_ws/install/cyclonedds:/opt/ros/foxy PYTHONPATH=/home/unitree/navigation_ws/install/nav2_common/lib/python3.8/site-packages:${PYTHONPATH} /usr/bin/cmake --build /home/unitree/navigation_ws/build/nav2_msgs -- -j8 -l8
[36.550s] [  1%] [34m[1mGenerating C code for ROS interfaces[0m
[36.551s] [35m[1mScanning dependencies of target nav2_msgs__rosidl_generator_c[0m
[36.551s] [  1%] [32mBuilding C object CMakeFiles/nav2_msgs__rosidl_generator_c.dir/rosidl_generator_c/nav2_msgs/msg/detail/costmap__functions.c.o[0m
[36.551s] [  1%] [32mBuilding C object CMakeFiles/nav2_msgs__rosidl_generator_c.dir/rosidl_generator_c/nav2_msgs/msg/detail/particle_cloud__functions.c.o[0m
[36.551s] [  2%] [32mBuilding C object CMakeFiles/nav2_msgs__rosidl_generator_c.dir/rosidl_generator_c/nav2_msgs/srv/detail/get_costmap__functions.c.o[0m
[36.551s] [  2%] [32mBuilding C object CMakeFiles/nav2_msgs__rosidl_generator_c.dir/rosidl_generator_c/nav2_msgs/srv/detail/clear_costmap_except_region__functions.c.o[0m
[36.551s] [  3%] [32mBuilding C object CMakeFiles/nav2_msgs__rosidl_generator_c.dir/rosidl_generator_c/nav2_msgs/srv/detail/clear_costmap_around_robot__functions.c.o[0m
[36.551s] [  3%] [32mBuilding C object CMakeFiles/nav2_msgs__rosidl_generator_c.dir/rosidl_generator_c/nav2_msgs/srv/detail/clear_entire_costmap__functions.c.o[0m
[36.551s] [  4%] [32mBuilding C object CMakeFiles/nav2_msgs__rosidl_generator_c.dir/rosidl_generator_c/nav2_msgs/srv/detail/manage_lifecycle_nodes__functions.c.o[0m
[36.552s] [  4%] [32mBuilding C object CMakeFiles/nav2_msgs__rosidl_generator_c.dir/rosidl_generator_c/nav2_msgs/srv/detail/load_map__functions.c.o[0m
[36.785s] [  5%] [32mBuilding C object CMakeFiles/nav2_msgs__rosidl_generator_c.dir/rosidl_generator_c/nav2_msgs/srv/detail/save_map__functions.c.o[0m
[37.254s] [  5%] [32mBuilding C object CMakeFiles/nav2_msgs__rosidl_generator_c.dir/rosidl_generator_c/nav2_msgs/action/detail/back_up__functions.c.o[0m
[38.567s] [  6%] [32mBuilding C object CMakeFiles/nav2_msgs__rosidl_generator_c.dir/rosidl_generator_c/nav2_msgs/action/detail/compute_path_to_pose__functions.c.o[0m
[39.679s] [  6%] [32mBuilding C object CMakeFiles/nav2_msgs__rosidl_generator_c.dir/rosidl_generator_c/nav2_msgs/action/detail/follow_path__functions.c.o[0m
[40.789s] [  7%] [32mBuilding C object CMakeFiles/nav2_msgs__rosidl_generator_c.dir/rosidl_generator_c/nav2_msgs/action/detail/navigate_to_pose__functions.c.o[0m
[41.937s] [  7%] [32mBuilding C object CMakeFiles/nav2_msgs__rosidl_generator_c.dir/rosidl_generator_c/nav2_msgs/action/detail/wait__functions.c.o[0m
[43.016s] [  8%] [32mBuilding C object CMakeFiles/nav2_msgs__rosidl_generator_c.dir/rosidl_generator_c/nav2_msgs/action/detail/spin__functions.c.o[0m
[44.110s] [  8%] [32mBuilding C object CMakeFiles/nav2_msgs__rosidl_generator_c.dir/rosidl_generator_c/nav2_msgs/action/detail/dummy_recovery__functions.c.o[0m
[45.274s] [  9%] [32mBuilding C object CMakeFiles/nav2_msgs__rosidl_generator_c.dir/rosidl_generator_c/nav2_msgs/action/detail/follow_waypoints__functions.c.o[0m
[46.531s] [ 10%] [32mBuilding C object CMakeFiles/nav2_msgs__rosidl_generator_c.dir/rosidl_generator_c/nav2_msgs/msg/detail/particle__functions.c.o[0m
[46.816s] [ 10%] [32mBuilding C object CMakeFiles/nav2_msgs__rosidl_generator_c.dir/rosidl_generator_c/nav2_msgs/msg/detail/behavior_tree_log__functions.c.o[0m
[47.059s] [ 11%] [32mBuilding C object CMakeFiles/nav2_msgs__rosidl_generator_c.dir/rosidl_generator_c/nav2_msgs/msg/detail/behavior_tree_status_change__functions.c.o[0m
[47.292s] [ 11%] [32mBuilding C object CMakeFiles/nav2_msgs__rosidl_generator_c.dir/rosidl_generator_c/nav2_msgs/msg/detail/voxel_grid__functions.c.o[0m
[47.541s] [ 12%] [32mBuilding C object CMakeFiles/nav2_msgs__rosidl_generator_c.dir/rosidl_generator_c/nav2_msgs/msg/detail/costmap_meta_data__functions.c.o[0m
[47.761s] [ 12%] [32m[1mLinking C shared library libnav2_msgs__rosidl_generator_c.so[0m
[47.884s] [ 12%] Built target nav2_msgs__rosidl_generator_c
[47.912s] [35m[1mScanning dependencies of target nav2_msgs__cpp[0m
[47.948s] [ 12%] [34m[1mGenerating C++ code for ROS interfaces[0m
[55.704s] [ 12%] Built target nav2_msgs__cpp
[55.734s] [ 13%] [34m[1mGenerating C introspection for ROS interfaces[0m
[60.545s] [35m[1mScanning dependencies of target nav2_msgs__rosidl_typesupport_introspection_c[0m
[60.613s] [ 13%] [32mBuilding C object CMakeFiles/nav2_msgs__rosidl_typesupport_introspection_c.dir/rosidl_typesupport_introspection_c/nav2_msgs/msg/detail/costmap__type_support.c.o[0m
[60.703s] [ 14%] [32mBuilding C object CMakeFiles/nav2_msgs__rosidl_typesupport_introspection_c.dir/rosidl_typesupport_introspection_c/nav2_msgs/msg/detail/behavior_tree_status_change__type_support.c.o[0m
[60.787s] [ 14%] [32mBuilding C object CMakeFiles/nav2_msgs__rosidl_typesupport_introspection_c.dir/rosidl_typesupport_introspection_c/nav2_msgs/msg/detail/behavior_tree_log__type_support.c.o[0m
[60.891s] [ 15%] [32mBuilding C object CMakeFiles/nav2_msgs__rosidl_typesupport_introspection_c.dir/rosidl_typesupport_introspection_c/nav2_msgs/msg/detail/particle__type_support.c.o[0m
[60.983s] [ 15%] [32mBuilding C object CMakeFiles/nav2_msgs__rosidl_typesupport_introspection_c.dir/rosidl_typesupport_introspection_c/nav2_msgs/msg/detail/particle_cloud__type_support.c.o[0m
[61.076s] [ 16%] [32mBuilding C object CMakeFiles/nav2_msgs__rosidl_typesupport_introspection_c.dir/rosidl_typesupport_introspection_c/nav2_msgs/srv/detail/get_costmap__type_support.c.o[0m
[61.193s] [ 16%] [32mBuilding C object CMakeFiles/nav2_msgs__rosidl_typesupport_introspection_c.dir/rosidl_typesupport_introspection_c/nav2_msgs/srv/detail/clear_costmap_except_region__type_support.c.o[0m
[61.295s] [ 17%] [32mBuilding C object CMakeFiles/nav2_msgs__rosidl_typesupport_introspection_c.dir/rosidl_typesupport_introspection_c/nav2_msgs/srv/detail/clear_costmap_around_robot__type_support.c.o[0m
[61.394s] [ 17%] [32mBuilding C object CMakeFiles/nav2_msgs__rosidl_typesupport_introspection_c.dir/rosidl_typesupport_introspection_c/nav2_msgs/srv/detail/clear_entire_costmap__type_support.c.o[0m
[61.496s] [ 18%] [32mBuilding C object CMakeFiles/nav2_msgs__rosidl_typesupport_introspection_c.dir/rosidl_typesupport_introspection_c/nav2_msgs/srv/detail/manage_lifecycle_nodes__type_support.c.o[0m
[61.592s] [ 18%] [32mBuilding C object CMakeFiles/nav2_msgs__rosidl_typesupport_introspection_c.dir/rosidl_typesupport_introspection_c/nav2_msgs/srv/detail/load_map__type_support.c.o[0m
[61.685s] [ 19%] [32mBuilding C object CMakeFiles/nav2_msgs__rosidl_typesupport_introspection_c.dir/rosidl_typesupport_introspection_c/nav2_msgs/srv/detail/save_map__type_support.c.o[0m
[61.772s] [ 19%] [32mBuilding C object CMakeFiles/nav2_msgs__rosidl_typesupport_introspection_c.dir/rosidl_typesupport_introspection_c/nav2_msgs/action/detail/back_up__type_support.c.o[0m
[61.924s] [ 20%] [32mBuilding C object CMakeFiles/nav2_msgs__rosidl_typesupport_introspection_c.dir/rosidl_typesupport_introspection_c/nav2_msgs/action/detail/compute_path_to_pose__type_support.c.o[0m
[62.086s] [ 20%] [32mBuilding C object CMakeFiles/nav2_msgs__rosidl_typesupport_introspection_c.dir/rosidl_typesupport_introspection_c/nav2_msgs/action/detail/follow_path__type_support.c.o[0m
[62.251s] [ 21%] [32mBuilding C object CMakeFiles/nav2_msgs__rosidl_typesupport_introspection_c.dir/rosidl_typesupport_introspection_c/nav2_msgs/action/detail/navigate_to_pose__type_support.c.o[0m
[62.406s] [ 21%] [32mBuilding C object CMakeFiles/nav2_msgs__rosidl_typesupport_introspection_c.dir/rosidl_typesupport_introspection_c/nav2_msgs/action/detail/wait__type_support.c.o[0m
[62.558s] [ 22%] [32mBuilding C object CMakeFiles/nav2_msgs__rosidl_typesupport_introspection_c.dir/rosidl_typesupport_introspection_c/nav2_msgs/action/detail/spin__type_support.c.o[0m
[62.718s] [ 22%] [32mBuilding C object CMakeFiles/nav2_msgs__rosidl_typesupport_introspection_c.dir/rosidl_typesupport_introspection_c/nav2_msgs/action/detail/dummy_recovery__type_support.c.o[0m
[62.873s] [ 23%] [32mBuilding C object CMakeFiles/nav2_msgs__rosidl_typesupport_introspection_c.dir/rosidl_typesupport_introspection_c/nav2_msgs/action/detail/follow_waypoints__type_support.c.o[0m
[63.040s] [ 23%] [32mBuilding C object CMakeFiles/nav2_msgs__rosidl_typesupport_introspection_c.dir/rosidl_typesupport_introspection_c/nav2_msgs/msg/detail/voxel_grid__type_support.c.o[0m
[63.134s] [ 24%] [32mBuilding C object CMakeFiles/nav2_msgs__rosidl_typesupport_introspection_c.dir/rosidl_typesupport_introspection_c/nav2_msgs/msg/detail/costmap_meta_data__type_support.c.o[0m
[63.238s] [ 24%] [32m[1mLinking C shared library libnav2_msgs__rosidl_typesupport_introspection_c.so[0m
[63.338s] [ 24%] Built target nav2_msgs__rosidl_typesupport_introspection_c
[63.374s] [ 25%] [34m[1mGenerating C++ type support for eProsima Fast-RTPS[0m
[68.536s] [35m[1mScanning dependencies of target nav2_msgs__rosidl_typesupport_fastrtps_cpp[0m
[68.618s] [ 25%] [32mBuilding CXX object CMakeFiles/nav2_msgs__rosidl_typesupport_fastrtps_cpp.dir/rosidl_typesupport_fastrtps_cpp/nav2_msgs/msg/detail/dds_fastrtps/costmap__type_support.cpp.o[0m
[69.538s] [ 25%] [32mBuilding CXX object CMakeFiles/nav2_msgs__rosidl_typesupport_fastrtps_cpp.dir/rosidl_typesupport_fastrtps_cpp/nav2_msgs/msg/detail/dds_fastrtps/behavior_tree_log__type_support.cpp.o[0m
[70.580s] [ 26%] [32mBuilding CXX object CMakeFiles/nav2_msgs__rosidl_typesupport_fastrtps_cpp.dir/rosidl_typesupport_fastrtps_cpp/nav2_msgs/msg/detail/dds_fastrtps/particle__type_support.cpp.o[0m
[71.411s] [ 26%] [32mBuilding CXX object CMakeFiles/nav2_msgs__rosidl_typesupport_fastrtps_cpp.dir/rosidl_typesupport_fastrtps_cpp/nav2_msgs/msg/detail/dds_fastrtps/particle_cloud__type_support.cpp.o[0m
[72.362s] [ 27%] [32mBuilding CXX object CMakeFiles/nav2_msgs__rosidl_typesupport_fastrtps_cpp.dir/rosidl_typesupport_fastrtps_cpp/nav2_msgs/srv/detail/dds_fastrtps/get_costmap__type_support.cpp.o[0m
[73.273s] [ 27%] [32mBuilding CXX object CMakeFiles/nav2_msgs__rosidl_typesupport_fastrtps_cpp.dir/rosidl_typesupport_fastrtps_cpp/nav2_msgs/srv/detail/dds_fastrtps/clear_costmap_except_region__type_support.cpp.o[0m
[74.139s] [ 28%] [32mBuilding CXX object CMakeFiles/nav2_msgs__rosidl_typesupport_fastrtps_cpp.dir/rosidl_typesupport_fastrtps_cpp/nav2_msgs/srv/detail/dds_fastrtps/clear_costmap_around_robot__type_support.cpp.o[0m
[75.019s] [ 28%] [32mBuilding CXX object CMakeFiles/nav2_msgs__rosidl_typesupport_fastrtps_cpp.dir/rosidl_typesupport_fastrtps_cpp/nav2_msgs/srv/detail/dds_fastrtps/clear_entire_costmap__type_support.cpp.o[0m
[75.880s] [ 29%] [32mBuilding CXX object CMakeFiles/nav2_msgs__rosidl_typesupport_fastrtps_cpp.dir/rosidl_typesupport_fastrtps_cpp/nav2_msgs/srv/detail/dds_fastrtps/manage_lifecycle_nodes__type_support.cpp.o[0m
[76.774s] [ 29%] [32mBuilding CXX object CMakeFiles/nav2_msgs__rosidl_typesupport_fastrtps_cpp.dir/rosidl_typesupport_fastrtps_cpp/nav2_msgs/srv/detail/dds_fastrtps/load_map__type_support.cpp.o[0m
[77.675s] [ 30%] [32mBuilding CXX object CMakeFiles/nav2_msgs__rosidl_typesupport_fastrtps_cpp.dir/rosidl_typesupport_fastrtps_cpp/nav2_msgs/srv/detail/dds_fastrtps/save_map__type_support.cpp.o[0m
[78.641s] [ 30%] [32mBuilding CXX object CMakeFiles/nav2_msgs__rosidl_typesupport_fastrtps_cpp.dir/rosidl_typesupport_fastrtps_cpp/nav2_msgs/action/detail/dds_fastrtps/back_up__type_support.cpp.o[0m
[79.746s] [ 31%] [32mBuilding CXX object CMakeFiles/nav2_msgs__rosidl_typesupport_fastrtps_cpp.dir/rosidl_typesupport_fastrtps_cpp/nav2_msgs/action/detail/dds_fastrtps/compute_path_to_pose__type_support.cpp.o[0m
[80.881s] [ 31%] [32mBuilding CXX object CMakeFiles/nav2_msgs__rosidl_typesupport_fastrtps_cpp.dir/rosidl_typesupport_fastrtps_cpp/nav2_msgs/action/detail/dds_fastrtps/follow_path__type_support.cpp.o[0m
[82.041s] [ 32%] [32mBuilding CXX object CMakeFiles/nav2_msgs__rosidl_typesupport_fastrtps_cpp.dir/rosidl_typesupport_fastrtps_cpp/nav2_msgs/action/detail/dds_fastrtps/navigate_to_pose__type_support.cpp.o[0m
[83.208s] [ 32%] [32mBuilding CXX object CMakeFiles/nav2_msgs__rosidl_typesupport_fastrtps_cpp.dir/rosidl_typesupport_fastrtps_cpp/nav2_msgs/action/detail/dds_fastrtps/wait__type_support.cpp.o[0m
[84.428s] [ 33%] [32mBuilding CXX object CMakeFiles/nav2_msgs__rosidl_typesupport_fastrtps_cpp.dir/rosidl_typesupport_fastrtps_cpp/nav2_msgs/action/detail/dds_fastrtps/spin__type_support.cpp.o[0m
[85.532s] [ 33%] [32mBuilding CXX object CMakeFiles/nav2_msgs__rosidl_typesupport_fastrtps_cpp.dir/rosidl_typesupport_fastrtps_cpp/nav2_msgs/action/detail/dds_fastrtps/dummy_recovery__type_support.cpp.o[0m
[86.719s] [ 34%] [32mBuilding CXX object CMakeFiles/nav2_msgs__rosidl_typesupport_fastrtps_cpp.dir/rosidl_typesupport_fastrtps_cpp/nav2_msgs/action/detail/dds_fastrtps/follow_waypoints__type_support.cpp.o[0m
[88.183s] [ 35%] [32mBuilding CXX object CMakeFiles/nav2_msgs__rosidl_typesupport_fastrtps_cpp.dir/rosidl_typesupport_fastrtps_cpp/nav2_msgs/msg/detail/dds_fastrtps/behavior_tree_status_change__type_support.cpp.o[0m
[89.124s] [ 35%] [32mBuilding CXX object CMakeFiles/nav2_msgs__rosidl_typesupport_fastrtps_cpp.dir/rosidl_typesupport_fastrtps_cpp/nav2_msgs/msg/detail/dds_fastrtps/voxel_grid__type_support.cpp.o[0m
[90.160s] [ 36%] [32mBuilding CXX object CMakeFiles/nav2_msgs__rosidl_typesupport_fastrtps_cpp.dir/rosidl_typesupport_fastrtps_cpp/nav2_msgs/msg/detail/dds_fastrtps/costmap_meta_data__type_support.cpp.o[0m
[91.093s] [ 36%] [32m[1mLinking CXX shared library libnav2_msgs__rosidl_typesupport_fastrtps_cpp.so[0m
[91.334s] [ 36%] Built target nav2_msgs__rosidl_typesupport_fastrtps_cpp
[91.370s] [ 37%] [34m[1mGenerating C++ introspection for ROS interfaces[0m
[95.787s] [35m[1mScanning dependencies of target nav2_msgs__rosidl_typesupport_introspection_cpp[0m
[95.839s] [ 37%] [32mBuilding CXX object CMakeFiles/nav2_msgs__rosidl_typesupport_introspection_cpp.dir/rosidl_typesupport_introspection_cpp/nav2_msgs/msg/detail/costmap__type_support.cpp.o[0m
[96.516s] [ 37%] [32mBuilding CXX object CMakeFiles/nav2_msgs__rosidl_typesupport_introspection_cpp.dir/rosidl_typesupport_introspection_cpp/nav2_msgs/msg/detail/behavior_tree_log__type_support.cpp.o[0m
[97.371s] [ 38%] [32mBuilding CXX object CMakeFiles/nav2_msgs__rosidl_typesupport_introspection_cpp.dir/rosidl_typesupport_introspection_cpp/nav2_msgs/msg/detail/particle__type_support.cpp.o[0m
[97.946s] [ 38%] [32mBuilding CXX object CMakeFiles/nav2_msgs__rosidl_typesupport_introspection_cpp.dir/rosidl_typesupport_introspection_cpp/nav2_msgs/msg/detail/particle_cloud__type_support.cpp.o[0m
[98.625s] [ 39%] [32mBuilding CXX object CMakeFiles/nav2_msgs__rosidl_typesupport_introspection_cpp.dir/rosidl_typesupport_introspection_cpp/nav2_msgs/srv/detail/get_costmap__type_support.cpp.o[0m
[99.293s] [ 39%] [32mBuilding CXX object CMakeFiles/nav2_msgs__rosidl_typesupport_introspection_cpp.dir/rosidl_typesupport_introspection_cpp/nav2_msgs/srv/detail/clear_costmap_except_region__type_support.cpp.o[0m
[99.881s] [ 40%] [32mBuilding CXX object CMakeFiles/nav2_msgs__rosidl_typesupport_introspection_cpp.dir/rosidl_typesupport_introspection_cpp/nav2_msgs/srv/detail/clear_costmap_around_robot__type_support.cpp.o[0m
[100.443s] [ 40%] [32mBuilding CXX object CMakeFiles/nav2_msgs__rosidl_typesupport_introspection_cpp.dir/rosidl_typesupport_introspection_cpp/nav2_msgs/srv/detail/clear_entire_costmap__type_support.cpp.o[0m
[101.012s] [ 41%] [32mBuilding CXX object CMakeFiles/nav2_msgs__rosidl_typesupport_introspection_cpp.dir/rosidl_typesupport_introspection_cpp/nav2_msgs/srv/detail/manage_lifecycle_nodes__type_support.cpp.o[0m
[101.573s] [ 41%] [32mBuilding CXX object CMakeFiles/nav2_msgs__rosidl_typesupport_introspection_cpp.dir/rosidl_typesupport_introspection_cpp/nav2_msgs/srv/detail/load_map__type_support.cpp.o[0m
[102.205s] [ 42%] [32mBuilding CXX object CMakeFiles/nav2_msgs__rosidl_typesupport_introspection_cpp.dir/rosidl_typesupport_introspection_cpp/nav2_msgs/srv/detail/save_map__type_support.cpp.o[0m
[102.798s] [ 42%] [32mBuilding CXX object CMakeFiles/nav2_msgs__rosidl_typesupport_introspection_cpp.dir/rosidl_typesupport_introspection_cpp/nav2_msgs/action/detail/back_up__type_support.cpp.o[0m
[103.533s] [ 43%] [32mBuilding CXX object CMakeFiles/nav2_msgs__rosidl_typesupport_introspection_cpp.dir/rosidl_typesupport_introspection_cpp/nav2_msgs/action/detail/compute_path_to_pose__type_support.cpp.o[0m
[104.406s] [ 43%] [32mBuilding CXX object CMakeFiles/nav2_msgs__rosidl_typesupport_introspection_cpp.dir/rosidl_typesupport_introspection_cpp/nav2_msgs/action/detail/follow_path__type_support.cpp.o[0m
[105.231s] [ 44%] [32mBuilding CXX object CMakeFiles/nav2_msgs__rosidl_typesupport_introspection_cpp.dir/rosidl_typesupport_introspection_cpp/nav2_msgs/action/detail/navigate_to_pose__type_support.cpp.o[0m
[106.187s] [ 44%] [32mBuilding CXX object CMakeFiles/nav2_msgs__rosidl_typesupport_introspection_cpp.dir/rosidl_typesupport_introspection_cpp/nav2_msgs/action/detail/wait__type_support.cpp.o[0m
[106.948s] [ 45%] [32mBuilding CXX object CMakeFiles/nav2_msgs__rosidl_typesupport_introspection_cpp.dir/rosidl_typesupport_introspection_cpp/nav2_msgs/action/detail/spin__type_support.cpp.o[0m
[107.644s] [ 45%] [32mBuilding CXX object CMakeFiles/nav2_msgs__rosidl_typesupport_introspection_cpp.dir/rosidl_typesupport_introspection_cpp/nav2_msgs/action/detail/dummy_recovery__type_support.cpp.o[0m
[108.376s] [ 46%] [32mBuilding CXX object CMakeFiles/nav2_msgs__rosidl_typesupport_introspection_cpp.dir/rosidl_typesupport_introspection_cpp/nav2_msgs/action/detail/follow_waypoints__type_support.cpp.o[0m
[109.383s] [ 47%] [32mBuilding CXX object CMakeFiles/nav2_msgs__rosidl_typesupport_introspection_cpp.dir/rosidl_typesupport_introspection_cpp/nav2_msgs/msg/detail/behavior_tree_status_change__type_support.cpp.o[0m
[109.957s] [ 47%] [32mBuilding CXX object CMakeFiles/nav2_msgs__rosidl_typesupport_introspection_cpp.dir/rosidl_typesupport_introspection_cpp/nav2_msgs/msg/detail/voxel_grid__type_support.cpp.o[0m
[110.623s] [ 48%] [32mBuilding CXX object CMakeFiles/nav2_msgs__rosidl_typesupport_introspection_cpp.dir/rosidl_typesupport_introspection_cpp/nav2_msgs/msg/detail/costmap_meta_data__type_support.cpp.o[0m
[111.294s] [ 49%] [32m[1mLinking CXX shared library libnav2_msgs__rosidl_typesupport_introspection_cpp.so[0m
[111.483s] [ 49%] Built target nav2_msgs__rosidl_typesupport_introspection_cpp
[111.508s] [ 50%] [34m[1mGenerating C type support for eProsima Fast-RTPS[0m
[116.360s] [35m[1mScanning dependencies of target nav2_msgs__rosidl_typesupport_fastrtps_c[0m
[116.470s] [ 50%] [32mBuilding CXX object CMakeFiles/nav2_msgs__rosidl_typesupport_fastrtps_c.dir/rosidl_typesupport_fastrtps_c/nav2_msgs/msg/detail/costmap__type_support_c.cpp.o[0m
[117.191s] [ 51%] [32mBuilding CXX object CMakeFiles/nav2_msgs__rosidl_typesupport_fastrtps_c.dir/rosidl_typesupport_fastrtps_c/nav2_msgs/msg/detail/particle__type_support_c.cpp.o[0m
[117.890s] [ 51%] [32mBuilding CXX object CMakeFiles/nav2_msgs__rosidl_typesupport_fastrtps_c.dir/rosidl_typesupport_fastrtps_c/nav2_msgs/msg/detail/particle_cloud__type_support_c.cpp.o[0m
[118.615s] [ 52%] [32mBuilding CXX object CMakeFiles/nav2_msgs__rosidl_typesupport_fastrtps_c.dir/rosidl_typesupport_fastrtps_c/nav2_msgs/srv/detail/get_costmap__type_support_c.cpp.o[0m
[119.339s] [ 52%] [32mBuilding CXX object CMakeFiles/nav2_msgs__rosidl_typesupport_fastrtps_c.dir/rosidl_typesupport_fastrtps_c/nav2_msgs/srv/detail/clear_costmap_except_region__type_support_c.cpp.o[0m
[120.192s] [ 53%] [32mBuilding CXX object CMakeFiles/nav2_msgs__rosidl_typesupport_fastrtps_c.dir/rosidl_typesupport_fastrtps_c/nav2_msgs/srv/detail/clear_costmap_around_robot__type_support_c.cpp.o[0m
[120.927s] [ 53%] [32mBuilding CXX object CMakeFiles/nav2_msgs__rosidl_typesupport_fastrtps_c.dir/rosidl_typesupport_fastrtps_c/nav2_msgs/srv/detail/clear_entire_costmap__type_support_c.cpp.o[0m
[121.676s] [ 54%] [32mBuilding CXX object CMakeFiles/nav2_msgs__rosidl_typesupport_fastrtps_c.dir/rosidl_typesupport_fastrtps_c/nav2_msgs/srv/detail/manage_lifecycle_nodes__type_support_c.cpp.o[0m
[122.545s] [ 54%] [32mBuilding CXX object CMakeFiles/nav2_msgs__rosidl_typesupport_fastrtps_c.dir/rosidl_typesupport_fastrtps_c/nav2_msgs/srv/detail/load_map__type_support_c.cpp.o[0m
[123.342s] [ 55%] [32mBuilding CXX object CMakeFiles/nav2_msgs__rosidl_typesupport_fastrtps_c.dir/rosidl_typesupport_fastrtps_c/nav2_msgs/srv/detail/save_map__type_support_c.cpp.o[0m
[124.210s] [ 55%] [32mBuilding CXX object CMakeFiles/nav2_msgs__rosidl_typesupport_fastrtps_c.dir/rosidl_typesupport_fastrtps_c/nav2_msgs/action/detail/back_up__type_support_c.cpp.o[0m
[125.187s] [ 56%] [32mBuilding CXX object CMakeFiles/nav2_msgs__rosidl_typesupport_fastrtps_c.dir/rosidl_typesupport_fastrtps_c/nav2_msgs/action/detail/compute_path_to_pose__type_support_c.cpp.o[0m
[126.229s] [ 56%] [32mBuilding CXX object CMakeFiles/nav2_msgs__rosidl_typesupport_fastrtps_c.dir/rosidl_typesupport_fastrtps_c/nav2_msgs/action/detail/follow_path__type_support_c.cpp.o[0m
[127.211s] [ 57%] [32mBuilding CXX object CMakeFiles/nav2_msgs__rosidl_typesupport_fastrtps_c.dir/rosidl_typesupport_fastrtps_c/nav2_msgs/action/detail/navigate_to_pose__type_support_c.cpp.o[0m
[128.383s] [ 57%] [32mBuilding CXX object CMakeFiles/nav2_msgs__rosidl_typesupport_fastrtps_c.dir/rosidl_typesupport_fastrtps_c/nav2_msgs/action/detail/wait__type_support_c.cpp.o[0m
[129.278s] [ 58%] [32mBuilding CXX object CMakeFiles/nav2_msgs__rosidl_typesupport_fastrtps_c.dir/rosidl_typesupport_fastrtps_c/nav2_msgs/action/detail/spin__type_support_c.cpp.o[0m
[130.178s] [ 58%] [32mBuilding CXX object CMakeFiles/nav2_msgs__rosidl_typesupport_fastrtps_c.dir/rosidl_typesupport_fastrtps_c/nav2_msgs/action/detail/dummy_recovery__type_support_c.cpp.o[0m
[130.184s] [ 58%] [32mBuilding CXX object CMakeFiles/nav2_msgs__rosidl_typesupport_fastrtps_c.dir/rosidl_typesupport_fastrtps_c/nav2_msgs/msg/detail/behavior_tree_log__type_support_c.cpp.o[0m
[130.973s] [ 59%] [32mBuilding CXX object CMakeFiles/nav2_msgs__rosidl_typesupport_fastrtps_c.dir/rosidl_typesupport_fastrtps_c/nav2_msgs/action/detail/follow_waypoints__type_support_c.cpp.o[0m
[131.107s] [ 60%] [32mBuilding CXX object CMakeFiles/nav2_msgs__rosidl_typesupport_fastrtps_c.dir/rosidl_typesupport_fastrtps_c/nav2_msgs/msg/detail/behavior_tree_status_change__type_support_c.cpp.o[0m
[132.002s] [ 60%] [32mBuilding CXX object CMakeFiles/nav2_msgs__rosidl_typesupport_fastrtps_c.dir/rosidl_typesupport_fastrtps_c/nav2_msgs/msg/detail/voxel_grid__type_support_c.cpp.o[0m
[132.043s] [ 61%] [32mBuilding CXX object CMakeFiles/nav2_msgs__rosidl_typesupport_fastrtps_c.dir/rosidl_typesupport_fastrtps_c/nav2_msgs/msg/detail/costmap_meta_data__type_support_c.cpp.o[0m
[133.198s] [ 61%] [32m[1mLinking CXX shared library libnav2_msgs__rosidl_typesupport_fastrtps_c.so[0m
[133.766s] [ 61%] Built target nav2_msgs__rosidl_typesupport_fastrtps_c
[133.862s] [ 62%] [34m[1mGenerating C++ type support dispatch for ROS interfaces[0m
[133.868s] [ 63%] [34m[1mGenerating C type support dispatch for ROS interfaces[0m
[137.964s] [35m[1mScanning dependencies of target nav2_msgs__rosidl_typesupport_c[0m
[138.064s] [ 64%] [32mBuilding CXX object CMakeFiles/nav2_msgs__rosidl_typesupport_c.dir/rosidl_typesupport_c/nav2_msgs/msg/costmap_meta_data__type_support.cpp.o[0m
[138.085s] [ 64%] [32mBuilding CXX object CMakeFiles/nav2_msgs__rosidl_typesupport_c.dir/rosidl_typesupport_c/nav2_msgs/msg/costmap__type_support.cpp.o[0m
[138.207s] [ 65%] [32mBuilding CXX object CMakeFiles/nav2_msgs__rosidl_typesupport_c.dir/rosidl_typesupport_c/nav2_msgs/msg/particle__type_support.cpp.o[0m
[138.212s] [ 66%] [32mBuilding CXX object CMakeFiles/nav2_msgs__rosidl_typesupport_c.dir/rosidl_typesupport_c/nav2_msgs/srv/get_costmap__type_support.cpp.o[0m
[138.235s] [35m[1mScanning dependencies of target nav2_msgs__rosidl_typesupport_cpp[0m
[138.292s] [ 66%] [32mBuilding CXX object CMakeFiles/nav2_msgs__rosidl_typesupport_c.dir/rosidl_typesupport_c/nav2_msgs/srv/clear_costmap_except_region__type_support.cpp.o[0m
[138.308s] [ 66%] [32mBuilding CXX object CMakeFiles/nav2_msgs__rosidl_typesupport_cpp.dir/rosidl_typesupport_cpp/nav2_msgs/msg/costmap__type_support.cpp.o[0m
[138.362s] [ 67%] [32mBuilding CXX object CMakeFiles/nav2_msgs__rosidl_typesupport_cpp.dir/rosidl_typesupport_cpp/nav2_msgs/msg/costmap_meta_data__type_support.cpp.o[0m
[138.380s] [ 68%] [32mBuilding CXX object CMakeFiles/nav2_msgs__rosidl_typesupport_c.dir/rosidl_typesupport_c/nav2_msgs/srv/clear_costmap_around_robot__type_support.cpp.o[0m
[138.476s] [ 68%] [32mBuilding CXX object CMakeFiles/nav2_msgs__rosidl_typesupport_c.dir/rosidl_typesupport_c/nav2_msgs/msg/particle_cloud__type_support.cpp.o[0m
[138.586s] [ 68%] [32mBuilding CXX object CMakeFiles/nav2_msgs__rosidl_typesupport_c.dir/rosidl_typesupport_c/nav2_msgs/msg/behavior_tree_log__type_support.cpp.o[0m
[138.683s] [ 69%] [32mBuilding CXX object CMakeFiles/nav2_msgs__rosidl_typesupport_c.dir/rosidl_typesupport_c/nav2_msgs/msg/behavior_tree_status_change__type_support.cpp.o[0m
[138.810s] [ 69%] [32mBuilding CXX object CMakeFiles/nav2_msgs__rosidl_typesupport_c.dir/rosidl_typesupport_c/nav2_msgs/msg/voxel_grid__type_support.cpp.o[0m
[138.860s] [ 69%] [32mBuilding CXX object CMakeFiles/nav2_msgs__rosidl_typesupport_c.dir/rosidl_typesupport_c/nav2_msgs/srv/clear_entire_costmap__type_support.cpp.o[0m
[139.003s] [ 70%] [32mBuilding CXX object CMakeFiles/nav2_msgs__rosidl_typesupport_c.dir/rosidl_typesupport_c/nav2_msgs/srv/manage_lifecycle_nodes__type_support.cpp.o[0m
[139.052s] [ 70%] [32mBuilding CXX object CMakeFiles/nav2_msgs__rosidl_typesupport_c.dir/rosidl_typesupport_c/nav2_msgs/srv/load_map__type_support.cpp.o[0m
[139.136s] [ 71%] [32mBuilding CXX object CMakeFiles/nav2_msgs__rosidl_typesupport_c.dir/rosidl_typesupport_c/nav2_msgs/srv/save_map__type_support.cpp.o[0m
[139.213s] [ 71%] [32mBuilding CXX object CMakeFiles/nav2_msgs__rosidl_typesupport_c.dir/rosidl_typesupport_c/nav2_msgs/action/back_up__type_support.cpp.o[0m
[139.275s] [ 72%] [32mBuilding CXX object CMakeFiles/nav2_msgs__rosidl_typesupport_cpp.dir/rosidl_typesupport_cpp/nav2_msgs/srv/get_costmap__type_support.cpp.o[0m
[139.306s] [ 73%] [32mBuilding CXX object CMakeFiles/nav2_msgs__rosidl_typesupport_c.dir/rosidl_typesupport_c/nav2_msgs/action/compute_path_to_pose__type_support.cpp.o[0m
[139.484s] [ 73%] [32mBuilding CXX object CMakeFiles/nav2_msgs__rosidl_typesupport_c.dir/rosidl_typesupport_c/nav2_msgs/action/follow_path__type_support.cpp.o[0m
[139.753s] [ 74%] [32mBuilding CXX object CMakeFiles/nav2_msgs__rosidl_typesupport_c.dir/rosidl_typesupport_c/nav2_msgs/action/navigate_to_pose__type_support.cpp.o[0m
[139.965s] [ 74%] [32mBuilding CXX object CMakeFiles/nav2_msgs__rosidl_typesupport_c.dir/rosidl_typesupport_c/nav2_msgs/action/wait__type_support.cpp.o[0m
[140.015s] [ 74%] [32mBuilding CXX object CMakeFiles/nav2_msgs__rosidl_typesupport_cpp.dir/rosidl_typesupport_cpp/nav2_msgs/srv/clear_costmap_except_region__type_support.cpp.o[0m
[140.118s] [ 75%] [32mBuilding CXX object CMakeFiles/nav2_msgs__rosidl_typesupport_c.dir/rosidl_typesupport_c/nav2_msgs/action/spin__type_support.cpp.o[0m
[140.292s] [ 75%] [32mBuilding CXX object CMakeFiles/nav2_msgs__rosidl_typesupport_c.dir/rosidl_typesupport_c/nav2_msgs/action/dummy_recovery__type_support.cpp.o[0m
[140.571s] [ 76%] [32mBuilding CXX object CMakeFiles/nav2_msgs__rosidl_typesupport_c.dir/rosidl_typesupport_c/nav2_msgs/action/follow_waypoints__type_support.cpp.o[0m
[140.728s] [ 76%] [32m[1mLinking CXX shared library libnav2_msgs__rosidl_typesupport_c.so[0m
[140.774s] [ 77%] [32mBuilding CXX object CMakeFiles/nav2_msgs__rosidl_typesupport_cpp.dir/rosidl_typesupport_cpp/nav2_msgs/srv/clear_costmap_around_robot__type_support.cpp.o[0m
[140.873s] [ 77%] Built target nav2_msgs__rosidl_typesupport_c
[141.351s] [ 78%] [32mBuilding CXX object CMakeFiles/nav2_msgs__rosidl_typesupport_cpp.dir/rosidl_typesupport_cpp/nav2_msgs/srv/manage_lifecycle_nodes__type_support.cpp.o[0m
[141.983s] [ 78%] [32mBuilding CXX object CMakeFiles/nav2_msgs__rosidl_typesupport_cpp.dir/rosidl_typesupport_cpp/nav2_msgs/srv/load_map__type_support.cpp.o[0m
[142.563s] [ 79%] [32mBuilding CXX object CMakeFiles/nav2_msgs__rosidl_typesupport_cpp.dir/rosidl_typesupport_cpp/nav2_msgs/srv/save_map__type_support.cpp.o[0m
[143.141s] [ 79%] [32mBuilding CXX object CMakeFiles/nav2_msgs__rosidl_typesupport_cpp.dir/rosidl_typesupport_cpp/nav2_msgs/action/back_up__type_support.cpp.o[0m
[143.815s] [ 80%] [32mBuilding CXX object CMakeFiles/nav2_msgs__rosidl_typesupport_cpp.dir/rosidl_typesupport_cpp/nav2_msgs/action/compute_path_to_pose__type_support.cpp.o[0m
[144.488s] [ 80%] [32mBuilding CXX object CMakeFiles/nav2_msgs__rosidl_typesupport_cpp.dir/rosidl_typesupport_cpp/nav2_msgs/action/follow_path__type_support.cpp.o[0m
[145.164s] [ 80%] [32mBuilding CXX object CMakeFiles/nav2_msgs__rosidl_typesupport_cpp.dir/rosidl_typesupport_cpp/nav2_msgs/srv/clear_entire_costmap__type_support.cpp.o[0m
[145.167s] [ 81%] [32mBuilding CXX object CMakeFiles/nav2_msgs__rosidl_typesupport_cpp.dir/rosidl_typesupport_cpp/nav2_msgs/action/navigate_to_pose__type_support.cpp.o[0m
[145.745s] [ 81%] [32mBuilding CXX object CMakeFiles/nav2_msgs__rosidl_typesupport_cpp.dir/rosidl_typesupport_cpp/nav2_msgs/action/wait__type_support.cpp.o[0m
[145.858s] [ 82%] [32mBuilding CXX object CMakeFiles/nav2_msgs__rosidl_typesupport_cpp.dir/rosidl_typesupport_cpp/nav2_msgs/action/spin__type_support.cpp.o[0m
[146.466s] [ 82%] [32mBuilding CXX object CMakeFiles/nav2_msgs__rosidl_typesupport_cpp.dir/rosidl_typesupport_cpp/nav2_msgs/action/dummy_recovery__type_support.cpp.o[0m
[146.607s] [ 83%] [32mBuilding CXX object CMakeFiles/nav2_msgs__rosidl_typesupport_cpp.dir/rosidl_typesupport_cpp/nav2_msgs/action/follow_waypoints__type_support.cpp.o[0m
[147.270s] [ 83%] [32mBuilding CXX object CMakeFiles/nav2_msgs__rosidl_typesupport_cpp.dir/rosidl_typesupport_cpp/nav2_msgs/msg/particle_cloud__type_support.cpp.o[0m
[147.368s] [ 84%] [32mBuilding CXX object CMakeFiles/nav2_msgs__rosidl_typesupport_cpp.dir/rosidl_typesupport_cpp/nav2_msgs/msg/particle__type_support.cpp.o[0m
[147.945s] [ 84%] [32mBuilding CXX object CMakeFiles/nav2_msgs__rosidl_typesupport_cpp.dir/rosidl_typesupport_cpp/nav2_msgs/msg/behavior_tree_log__type_support.cpp.o[0m
[147.956s] [ 85%] [32mBuilding CXX object CMakeFiles/nav2_msgs__rosidl_typesupport_cpp.dir/rosidl_typesupport_cpp/nav2_msgs/msg/behavior_tree_status_change__type_support.cpp.o[0m
[148.632s] [ 85%] [32mBuilding CXX object CMakeFiles/nav2_msgs__rosidl_typesupport_cpp.dir/rosidl_typesupport_cpp/nav2_msgs/msg/voxel_grid__type_support.cpp.o[0m
[149.628s] [ 85%] [32m[1mLinking CXX shared library libnav2_msgs__rosidl_typesupport_cpp.so[0m
[149.772s] [ 85%] Built target nav2_msgs__rosidl_typesupport_cpp
[149.803s] [35m[1mScanning dependencies of target nav2_msgs[0m
[149.836s] [ 85%] Built target nav2_msgs
[149.861s] [35m[1mScanning dependencies of target nav2_msgs__py[0m
[149.894s] [ 86%] [34m[1mGenerating Python code for ROS interfaces[0m
[162.664s] [ 86%] Built target nav2_msgs__py
[162.690s] [35m[1mScanning dependencies of target nav2_msgs__python[0m
[162.794s] [ 86%] [32mBuilding C object CMakeFiles/nav2_msgs__python.dir/rosidl_generator_py/nav2_msgs/msg/_costmap_s.c.o[0m
[162.795s] [ 87%] [32mBuilding C object CMakeFiles/nav2_msgs__python.dir/rosidl_generator_py/nav2_msgs/msg/_costmap_meta_data_s.c.o[0m
[163.038s] [ 88%] [32mBuilding C object CMakeFiles/nav2_msgs__python.dir/rosidl_generator_py/nav2_msgs/srv/_get_costmap_s.c.o[0m
[163.101s] [ 88%] [32mBuilding C object CMakeFiles/nav2_msgs__python.dir/rosidl_generator_py/nav2_msgs/srv/_clear_costmap_except_region_s.c.o[0m
[163.282s] [ 89%] [32mBuilding C object CMakeFiles/nav2_msgs__python.dir/rosidl_generator_py/nav2_msgs/srv/_clear_costmap_around_robot_s.c.o[0m
[163.396s] [ 89%] [32mBuilding C object CMakeFiles/nav2_msgs__python.dir/rosidl_generator_py/nav2_msgs/srv/_clear_entire_costmap_s.c.o[0m
[163.561s] [ 90%] [32mBuilding C object CMakeFiles/nav2_msgs__python.dir/rosidl_generator_py/nav2_msgs/srv/_manage_lifecycle_nodes_s.c.o[0m
[163.587s] [ 90%] [32mBuilding C object CMakeFiles/nav2_msgs__python.dir/rosidl_generator_py/nav2_msgs/srv/_load_map_s.c.o[0m
[163.671s] [ 90%] [32mBuilding C object CMakeFiles/nav2_msgs__python.dir/rosidl_generator_py/nav2_msgs/msg/_particle_cloud_s.c.o[0m
[163.819s] [ 91%] [32mBuilding C object CMakeFiles/nav2_msgs__python.dir/rosidl_generator_py/nav2_msgs/srv/_save_map_s.c.o[0m
[163.857s] [ 91%] [32mBuilding C object CMakeFiles/nav2_msgs__python.dir/rosidl_generator_py/nav2_msgs/action/_back_up_s.c.o[0m
[163.935s] [ 92%] [32mBuilding C object CMakeFiles/nav2_msgs__python.dir/rosidl_generator_py/nav2_msgs/action/_compute_path_to_pose_s.c.o[0m
[164.134s] [ 92%] [32mBuilding C object CMakeFiles/nav2_msgs__python.dir/rosidl_generator_py/nav2_msgs/action/_follow_path_s.c.o[0m
[164.372s] [ 93%] [32mBuilding C object CMakeFiles/nav2_msgs__python.dir/rosidl_generator_py/nav2_msgs/action/_navigate_to_pose_s.c.o[0m
[164.481s] [ 93%] [32mBuilding C object CMakeFiles/nav2_msgs__python.dir/rosidl_generator_py/nav2_msgs/action/_wait_s.c.o[0m
[164.719s] [ 94%] [32mBuilding C object CMakeFiles/nav2_msgs__python.dir/rosidl_generator_py/nav2_msgs/action/_spin_s.c.o[0m
[164.954s] [ 94%] [32mBuilding C object CMakeFiles/nav2_msgs__python.dir/rosidl_generator_py/nav2_msgs/action/_dummy_recovery_s.c.o[0m
[165.231s] [ 95%] [32mBuilding C object CMakeFiles/nav2_msgs__python.dir/rosidl_generator_py/nav2_msgs/action/_follow_waypoints_s.c.o[0m
[165.282s] [ 96%] [32mBuilding C object CMakeFiles/nav2_msgs__python.dir/rosidl_generator_py/nav2_msgs/msg/_particle_s.c.o[0m
[165.484s] [ 96%] [32mBuilding C object CMakeFiles/nav2_msgs__python.dir/rosidl_generator_py/nav2_msgs/msg/_behavior_tree_log_s.c.o[0m
[165.566s] [ 97%] [32mBuilding C object CMakeFiles/nav2_msgs__python.dir/rosidl_generator_py/nav2_msgs/msg/_behavior_tree_status_change_s.c.o[0m
[165.740s] [ 97%] [32mBuilding C object CMakeFiles/nav2_msgs__python.dir/rosidl_generator_py/nav2_msgs/msg/_voxel_grid_s.c.o[0m
[166.021s] [ 97%] [32m[1mLinking C shared library rosidl_generator_py/nav2_msgs/libnav2_msgs__python.so[0m
[166.134s] [ 97%] Built target nav2_msgs__python
[166.158s] [35m[1mScanning dependencies of target nav2_msgs__rosidl_typesupport_c__pyext[0m
[166.158s] [35m[1mScanning dependencies of target nav2_msgs__rosidl_typesupport_introspection_c__pyext[0m
[166.207s] [ 99%] [32mBuilding C object CMakeFiles/nav2_msgs__rosidl_typesupport_c__pyext.dir/rosidl_generator_py/nav2_msgs/_nav2_msgs_s.ep.rosidl_typesupport_c.c.o[0m
[166.207s] [ 99%] [32mBuilding C object CMakeFiles/nav2_msgs__rosidl_typesupport_introspection_c__pyext.dir/rosidl_generator_py/nav2_msgs/_nav2_msgs_s.ep.rosidl_typesupport_introspection_c.c.o[0m
[168.628s] [ 99%] [32m[1mLinking C shared library rosidl_generator_py/nav2_msgs/nav2_msgs_s__rosidl_typesupport_c.cpython-38-aarch64-linux-gnu.so[0m
[168.665s] [ 99%] [32m[1mLinking C shared library rosidl_generator_py/nav2_msgs/nav2_msgs_s__rosidl_typesupport_introspection_c.cpython-38-aarch64-linux-gnu.so[0m
[168.724s] [ 99%] Built target nav2_msgs__rosidl_typesupport_c__pyext
[168.746s] [35m[1mScanning dependencies of target nav2_msgs__rosidl_typesupport_fastrtps_c__pyext[0m
[168.758s] [ 99%] Built target nav2_msgs__rosidl_typesupport_introspection_c__pyext
[168.798s] [100%] [32mBuilding C object CMakeFiles/nav2_msgs__rosidl_typesupport_fastrtps_c__pyext.dir/rosidl_generator_py/nav2_msgs/_nav2_msgs_s.ep.rosidl_typesupport_fastrtps_c.c.o[0m
[171.182s] [100%] [32m[1mLinking CXX shared library rosidl_generator_py/nav2_msgs/nav2_msgs_s__rosidl_typesupport_fastrtps_c.cpython-38-aarch64-linux-gnu.so[0m
[171.323s] [100%] Built target nav2_msgs__rosidl_typesupport_fastrtps_c__pyext
[171.351s] Invoked command in '/home/unitree/navigation_ws/build/nav2_msgs' returned '0': AMENT_PREFIX_PATH=/home/unitree/navigation_ws/install/nav2_common:${AMENT_PREFIX_PATH} CMAKE_PREFIX_PATH=/home/unitree/navigation_ws/install/nav2_common:/home/unitree/cyclonedds_ws/install/rmw_cyclonedds_cpp:/home/unitree/cyclonedds_ws/install/cyclonedds:/opt/ros/foxy PYTHONPATH=/home/unitree/navigation_ws/install/nav2_common/lib/python3.8/site-packages:${PYTHONPATH} /usr/bin/cmake --build /home/unitree/navigation_ws/build/nav2_msgs -- -j8 -l8
[171.954s] Invoking command in '/home/unitree/navigation_ws/build/nav2_msgs': AMENT_PREFIX_PATH=/home/unitree/navigation_ws/install/nav2_common:${AMENT_PREFIX_PATH} CMAKE_PREFIX_PATH=/home/unitree/navigation_ws/install/nav2_common:/home/unitree/cyclonedds_ws/install/rmw_cyclonedds_cpp:/home/unitree/cyclonedds_ws/install/cyclonedds:/opt/ros/foxy PYTHONPATH=/home/unitree/navigation_ws/install/nav2_common/lib/python3.8/site-packages:${PYTHONPATH} /usr/bin/cmake --install /home/unitree/navigation_ws/build/nav2_msgs
[171.975s] -- Install configuration: "Release"
[171.975s] -- Execute custom install script
[171.976s] -- Symlinking: /home/unitree/navigation_ws/install/nav2_msgs/share/ament_index/resource_index/rosidl_interfaces/nav2_msgs
[171.999s] -- Symlinking: /home/unitree/navigation_ws/install/nav2_msgs/include/nav2_msgs/action/back_up.h
[172.018s] -- Symlinking: /home/unitree/navigation_ws/install/nav2_msgs/include/nav2_msgs/action/compute_path_to_pose.h
[172.040s] -- Symlinking: /home/unitree/navigation_ws/install/nav2_msgs/include/nav2_msgs/action/detail/back_up__functions.h
[172.064s] -- Symlinking: /home/unitree/navigation_ws/install/nav2_msgs/include/nav2_msgs/action/detail/back_up__struct.h
[172.082s] -- Symlinking: /home/unitree/navigation_ws/install/nav2_msgs/include/nav2_msgs/action/detail/back_up__type_support.h
[172.103s] -- Symlinking: /home/unitree/navigation_ws/install/nav2_msgs/include/nav2_msgs/action/detail/compute_path_to_pose__functions.h
[172.123s] -- Symlinking: /home/unitree/navigation_ws/install/nav2_msgs/include/nav2_msgs/action/detail/compute_path_to_pose__struct.h
[172.142s] -- Symlinking: /home/unitree/navigation_ws/install/nav2_msgs/include/nav2_msgs/action/detail/compute_path_to_pose__type_support.h
[172.161s] -- Symlinking: /home/unitree/navigation_ws/install/nav2_msgs/include/nav2_msgs/action/detail/dummy_recovery__functions.h
[172.181s] -- Symlinking: /home/unitree/navigation_ws/install/nav2_msgs/include/nav2_msgs/action/detail/dummy_recovery__struct.h
[172.200s] -- Symlinking: /home/unitree/navigation_ws/install/nav2_msgs/include/nav2_msgs/action/detail/dummy_recovery__type_support.h
[172.220s] -- Symlinking: /home/unitree/navigation_ws/install/nav2_msgs/include/nav2_msgs/action/detail/follow_path__functions.h
[172.241s] -- Symlinking: /home/unitree/navigation_ws/install/nav2_msgs/include/nav2_msgs/action/detail/follow_path__struct.h
[172.260s] -- Symlinking: /home/unitree/navigation_ws/install/nav2_msgs/include/nav2_msgs/action/detail/follow_path__type_support.h
[172.282s] -- Symlinking: /home/unitree/navigation_ws/install/nav2_msgs/include/nav2_msgs/action/detail/follow_waypoints__functions.h
[172.307s] -- Symlinking: /home/unitree/navigation_ws/install/nav2_msgs/include/nav2_msgs/action/detail/follow_waypoints__struct.h
[172.327s] -- Symlinking: /home/unitree/navigation_ws/install/nav2_msgs/include/nav2_msgs/action/detail/follow_waypoints__type_support.h
[172.349s] -- Symlinking: /home/unitree/navigation_ws/install/nav2_msgs/include/nav2_msgs/action/detail/navigate_to_pose__functions.h
[172.368s] -- Symlinking: /home/unitree/navigation_ws/install/nav2_msgs/include/nav2_msgs/action/detail/navigate_to_pose__struct.h
[172.388s] -- Symlinking: /home/unitree/navigation_ws/install/nav2_msgs/include/nav2_msgs/action/detail/navigate_to_pose__type_support.h
[172.410s] -- Symlinking: /home/unitree/navigation_ws/install/nav2_msgs/include/nav2_msgs/action/detail/spin__functions.h
[172.429s] -- Symlinking: /home/unitree/navigation_ws/install/nav2_msgs/include/nav2_msgs/action/detail/spin__struct.h
[172.449s] -- Symlinking: /home/unitree/navigation_ws/install/nav2_msgs/include/nav2_msgs/action/detail/spin__type_support.h
[172.470s] -- Symlinking: /home/unitree/navigation_ws/install/nav2_msgs/include/nav2_msgs/action/detail/wait__functions.h
[172.492s] -- Symlinking: /home/unitree/navigation_ws/install/nav2_msgs/include/nav2_msgs/action/detail/wait__struct.h
[172.518s] -- Symlinking: /home/unitree/navigation_ws/install/nav2_msgs/include/nav2_msgs/action/detail/wait__type_support.h
[172.537s] -- Symlinking: /home/unitree/navigation_ws/install/nav2_msgs/include/nav2_msgs/action/dummy_recovery.h
[172.559s] -- Symlinking: /home/unitree/navigation_ws/install/nav2_msgs/include/nav2_msgs/action/follow_path.h
[172.578s] -- Symlinking: /home/unitree/navigation_ws/install/nav2_msgs/include/nav2_msgs/action/follow_waypoints.h
[172.598s] -- Symlinking: /home/unitree/navigation_ws/install/nav2_msgs/include/nav2_msgs/action/navigate_to_pose.h
[172.617s] -- Symlinking: /home/unitree/navigation_ws/install/nav2_msgs/include/nav2_msgs/action/spin.h
[172.638s] -- Symlinking: /home/unitree/navigation_ws/install/nav2_msgs/include/nav2_msgs/action/wait.h
[172.658s] -- Symlinking: /home/unitree/navigation_ws/install/nav2_msgs/include/nav2_msgs/msg/behavior_tree_log.h
[172.677s] -- Symlinking: /home/unitree/navigation_ws/install/nav2_msgs/include/nav2_msgs/msg/behavior_tree_status_change.h
[172.697s] -- Symlinking: /home/unitree/navigation_ws/install/nav2_msgs/include/nav2_msgs/msg/costmap.h
[172.718s] -- Symlinking: /home/unitree/navigation_ws/install/nav2_msgs/include/nav2_msgs/msg/costmap_meta_data.h
[172.740s] -- Symlinking: /home/unitree/navigation_ws/install/nav2_msgs/include/nav2_msgs/msg/detail/behavior_tree_log__functions.h
[172.760s] -- Symlinking: /home/unitree/navigation_ws/install/nav2_msgs/include/nav2_msgs/msg/detail/behavior_tree_log__struct.h
[172.781s] -- Symlinking: /home/unitree/navigation_ws/install/nav2_msgs/include/nav2_msgs/msg/detail/behavior_tree_log__type_support.h
[172.804s] -- Symlinking: /home/unitree/navigation_ws/install/nav2_msgs/include/nav2_msgs/msg/detail/behavior_tree_status_change__functions.h
[172.824s] -- Symlinking: /home/unitree/navigation_ws/install/nav2_msgs/include/nav2_msgs/msg/detail/behavior_tree_status_change__struct.h
[172.843s] -- Symlinking: /home/unitree/navigation_ws/install/nav2_msgs/include/nav2_msgs/msg/detail/behavior_tree_status_change__type_support.h
[172.862s] -- Symlinking: /home/unitree/navigation_ws/install/nav2_msgs/include/nav2_msgs/msg/detail/costmap__functions.h
[172.882s] -- Symlinking: /home/unitree/navigation_ws/install/nav2_msgs/include/nav2_msgs/msg/detail/costmap__struct.h
[172.901s] -- Symlinking: /home/unitree/navigation_ws/install/nav2_msgs/include/nav2_msgs/msg/detail/costmap__type_support.h
[172.921s] -- Symlinking: /home/unitree/navigation_ws/install/nav2_msgs/include/nav2_msgs/msg/detail/costmap_meta_data__functions.h
[172.941s] -- Symlinking: /home/unitree/navigation_ws/install/nav2_msgs/include/nav2_msgs/msg/detail/costmap_meta_data__struct.h
[172.961s] -- Symlinking: /home/unitree/navigation_ws/install/nav2_msgs/include/nav2_msgs/msg/detail/costmap_meta_data__type_support.h
[172.982s] -- Symlinking: /home/unitree/navigation_ws/install/nav2_msgs/include/nav2_msgs/msg/detail/particle__functions.h
[173.001s] -- Symlinking: /home/unitree/navigation_ws/install/nav2_msgs/include/nav2_msgs/msg/detail/particle__struct.h
[173.020s] -- Symlinking: /home/unitree/navigation_ws/install/nav2_msgs/include/nav2_msgs/msg/detail/particle__type_support.h
[173.044s] -- Symlinking: /home/unitree/navigation_ws/install/nav2_msgs/include/nav2_msgs/msg/detail/particle_cloud__functions.h
[173.063s] -- Symlinking: /home/unitree/navigation_ws/install/nav2_msgs/include/nav2_msgs/msg/detail/particle_cloud__struct.h
[173.083s] -- Symlinking: /home/unitree/navigation_ws/install/nav2_msgs/include/nav2_msgs/msg/detail/particle_cloud__type_support.h
[173.104s] -- Symlinking: /home/unitree/navigation_ws/install/nav2_msgs/include/nav2_msgs/msg/detail/voxel_grid__functions.h
[173.124s] -- Symlinking: /home/unitree/navigation_ws/install/nav2_msgs/include/nav2_msgs/msg/detail/voxel_grid__struct.h
[173.143s] -- Symlinking: /home/unitree/navigation_ws/install/nav2_msgs/include/nav2_msgs/msg/detail/voxel_grid__type_support.h
[173.167s] -- Symlinking: /home/unitree/navigation_ws/install/nav2_msgs/include/nav2_msgs/msg/particle.h
[173.185s] -- Symlinking: /home/unitree/navigation_ws/install/nav2_msgs/include/nav2_msgs/msg/particle_cloud.h
[173.204s] -- Symlinking: /home/unitree/navigation_ws/install/nav2_msgs/include/nav2_msgs/msg/rosidl_generator_c__visibility_control.h
[173.223s] -- Symlinking: /home/unitree/navigation_ws/install/nav2_msgs/include/nav2_msgs/msg/voxel_grid.h
[173.242s] -- Symlinking: /home/unitree/navigation_ws/install/nav2_msgs/include/nav2_msgs/srv/clear_costmap_around_robot.h
[173.261s] -- Symlinking: /home/unitree/navigation_ws/install/nav2_msgs/include/nav2_msgs/srv/clear_costmap_except_region.h
[173.281s] -- Symlinking: /home/unitree/navigation_ws/install/nav2_msgs/include/nav2_msgs/srv/clear_entire_costmap.h
[173.299s] -- Symlinking: /home/unitree/navigation_ws/install/nav2_msgs/include/nav2_msgs/srv/detail/clear_costmap_around_robot__functions.h
[173.320s] -- Symlinking: /home/unitree/navigation_ws/install/nav2_msgs/include/nav2_msgs/srv/detail/clear_costmap_around_robot__struct.h
[173.339s] -- Symlinking: /home/unitree/navigation_ws/install/nav2_msgs/include/nav2_msgs/srv/detail/clear_costmap_around_robot__type_support.h
[173.358s] -- Symlinking: /home/unitree/navigation_ws/install/nav2_msgs/include/nav2_msgs/srv/detail/clear_costmap_except_region__functions.h
[173.377s] -- Symlinking: /home/unitree/navigation_ws/install/nav2_msgs/include/nav2_msgs/srv/detail/clear_costmap_except_region__struct.h
[173.397s] -- Symlinking: /home/unitree/navigation_ws/install/nav2_msgs/include/nav2_msgs/srv/detail/clear_costmap_except_region__type_support.h
[173.416s] -- Symlinking: /home/unitree/navigation_ws/install/nav2_msgs/include/nav2_msgs/srv/detail/clear_entire_costmap__functions.h
[173.437s] -- Symlinking: /home/unitree/navigation_ws/install/nav2_msgs/include/nav2_msgs/srv/detail/clear_entire_costmap__struct.h
[173.457s] -- Symlinking: /home/unitree/navigation_ws/install/nav2_msgs/include/nav2_msgs/srv/detail/clear_entire_costmap__type_support.h
[173.478s] -- Symlinking: /home/unitree/navigation_ws/install/nav2_msgs/include/nav2_msgs/srv/detail/get_costmap__functions.h
[173.496s] -- Symlinking: /home/unitree/navigation_ws/install/nav2_msgs/include/nav2_msgs/srv/detail/get_costmap__struct.h
[173.515s] -- Symlinking: /home/unitree/navigation_ws/install/nav2_msgs/include/nav2_msgs/srv/detail/get_costmap__type_support.h
[173.534s] -- Symlinking: /home/unitree/navigation_ws/install/nav2_msgs/include/nav2_msgs/srv/detail/load_map__functions.h
[173.556s] -- Symlinking: /home/unitree/navigation_ws/install/nav2_msgs/include/nav2_msgs/srv/detail/load_map__struct.h
[173.575s] -- Symlinking: /home/unitree/navigation_ws/install/nav2_msgs/include/nav2_msgs/srv/detail/load_map__type_support.h
[173.594s] -- Symlinking: /home/unitree/navigation_ws/install/nav2_msgs/include/nav2_msgs/srv/detail/manage_lifecycle_nodes__functions.h
[173.613s] -- Symlinking: /home/unitree/navigation_ws/install/nav2_msgs/include/nav2_msgs/srv/detail/manage_lifecycle_nodes__struct.h
[173.632s] -- Symlinking: /home/unitree/navigation_ws/install/nav2_msgs/include/nav2_msgs/srv/detail/manage_lifecycle_nodes__type_support.h
[173.652s] -- Symlinking: /home/unitree/navigation_ws/install/nav2_msgs/include/nav2_msgs/srv/detail/save_map__functions.h
[173.671s] -- Symlinking: /home/unitree/navigation_ws/install/nav2_msgs/include/nav2_msgs/srv/detail/save_map__struct.h
[173.690s] -- Symlinking: /home/unitree/navigation_ws/install/nav2_msgs/include/nav2_msgs/srv/detail/save_map__type_support.h
[173.709s] -- Symlinking: /home/unitree/navigation_ws/install/nav2_msgs/include/nav2_msgs/srv/get_costmap.h
[173.729s] -- Symlinking: /home/unitree/navigation_ws/install/nav2_msgs/include/nav2_msgs/srv/load_map.h
[173.748s] -- Symlinking: /home/unitree/navigation_ws/install/nav2_msgs/include/nav2_msgs/srv/manage_lifecycle_nodes.h
[173.768s] -- Symlinking: /home/unitree/navigation_ws/install/nav2_msgs/include/nav2_msgs/srv/save_map.h
[173.787s] -- Symlinking: /home/unitree/navigation_ws/install/nav2_msgs/share/nav2_msgs/environment/library_path.sh
[173.807s] -- Symlinking: /home/unitree/navigation_ws/install/nav2_msgs/share/nav2_msgs/environment/library_path.dsv
[173.827s] -- Symlinking: /home/unitree/navigation_ws/install/nav2_msgs/include/nav2_msgs/action/detail/back_up__rosidl_typesupport_fastrtps_c.h
[173.850s] -- Symlinking: /home/unitree/navigation_ws/install/nav2_msgs/include/nav2_msgs/action/detail/compute_path_to_pose__rosidl_typesupport_fastrtps_c.h
[173.868s] -- Symlinking: /home/unitree/navigation_ws/install/nav2_msgs/include/nav2_msgs/action/detail/dummy_recovery__rosidl_typesupport_fastrtps_c.h
[173.888s] -- Symlinking: /home/unitree/navigation_ws/install/nav2_msgs/include/nav2_msgs/action/detail/follow_path__rosidl_typesupport_fastrtps_c.h
[173.907s] -- Symlinking: /home/unitree/navigation_ws/install/nav2_msgs/include/nav2_msgs/action/detail/follow_waypoints__rosidl_typesupport_fastrtps_c.h
[173.928s] -- Symlinking: /home/unitree/navigation_ws/install/nav2_msgs/include/nav2_msgs/action/detail/navigate_to_pose__rosidl_typesupport_fastrtps_c.h
[173.949s] -- Symlinking: /home/unitree/navigation_ws/install/nav2_msgs/include/nav2_msgs/action/detail/spin__rosidl_typesupport_fastrtps_c.h
[173.973s] -- Symlinking: /home/unitree/navigation_ws/install/nav2_msgs/include/nav2_msgs/action/detail/wait__rosidl_typesupport_fastrtps_c.h
[173.997s] -- Symlinking: /home/unitree/navigation_ws/install/nav2_msgs/include/nav2_msgs/msg/detail/behavior_tree_log__rosidl_typesupport_fastrtps_c.h
[174.020s] -- Symlinking: /home/unitree/navigation_ws/install/nav2_msgs/include/nav2_msgs/msg/detail/behavior_tree_status_change__rosidl_typesupport_fastrtps_c.h
[174.039s] -- Symlinking: /home/unitree/navigation_ws/install/nav2_msgs/include/nav2_msgs/msg/detail/costmap__rosidl_typesupport_fastrtps_c.h
[174.059s] -- Symlinking: /home/unitree/navigation_ws/install/nav2_msgs/include/nav2_msgs/msg/detail/costmap_meta_data__rosidl_typesupport_fastrtps_c.h
[174.078s] -- Symlinking: /home/unitree/navigation_ws/install/nav2_msgs/include/nav2_msgs/msg/detail/particle__rosidl_typesupport_fastrtps_c.h
[174.098s] -- Symlinking: /home/unitree/navigation_ws/install/nav2_msgs/include/nav2_msgs/msg/detail/particle_cloud__rosidl_typesupport_fastrtps_c.h
[174.118s] -- Symlinking: /home/unitree/navigation_ws/install/nav2_msgs/include/nav2_msgs/msg/detail/voxel_grid__rosidl_typesupport_fastrtps_c.h
[174.140s] -- Symlinking: /home/unitree/navigation_ws/install/nav2_msgs/include/nav2_msgs/msg/rosidl_typesupport_fastrtps_c__visibility_control.h
[174.159s] -- Symlinking: /home/unitree/navigation_ws/install/nav2_msgs/include/nav2_msgs/srv/detail/clear_costmap_around_robot__rosidl_typesupport_fastrtps_c.h
[174.178s] -- Symlinking: /home/unitree/navigation_ws/install/nav2_msgs/include/nav2_msgs/srv/detail/clear_costmap_except_region__rosidl_typesupport_fastrtps_c.h
[174.197s] -- Symlinking: /home/unitree/navigation_ws/install/nav2_msgs/include/nav2_msgs/srv/detail/clear_entire_costmap__rosidl_typesupport_fastrtps_c.h
[174.217s] -- Symlinking: /home/unitree/navigation_ws/install/nav2_msgs/include/nav2_msgs/srv/detail/get_costmap__rosidl_typesupport_fastrtps_c.h
[174.236s] -- Symlinking: /home/unitree/navigation_ws/install/nav2_msgs/include/nav2_msgs/srv/detail/load_map__rosidl_typesupport_fastrtps_c.h
[174.256s] -- Symlinking: /home/unitree/navigation_ws/install/nav2_msgs/include/nav2_msgs/srv/detail/manage_lifecycle_nodes__rosidl_typesupport_fastrtps_c.h
[174.274s] -- Symlinking: /home/unitree/navigation_ws/install/nav2_msgs/include/nav2_msgs/srv/detail/save_map__rosidl_typesupport_fastrtps_c.h
[174.294s] -- Symlinking: /home/unitree/navigation_ws/install/nav2_msgs/lib/libnav2_msgs__rosidl_typesupport_fastrtps_c.so
[174.316s] -- Symlinking: /home/unitree/navigation_ws/install/nav2_msgs/include/nav2_msgs/action/detail/back_up__rosidl_typesupport_fastrtps_cpp.hpp
[174.335s] -- Symlinking: /home/unitree/navigation_ws/install/nav2_msgs/include/nav2_msgs/action/detail/compute_path_to_pose__rosidl_typesupport_fastrtps_cpp.hpp
[174.354s] -- Symlinking: /home/unitree/navigation_ws/install/nav2_msgs/include/nav2_msgs/action/detail/dummy_recovery__rosidl_typesupport_fastrtps_cpp.hpp
[174.374s] -- Symlinking: /home/unitree/navigation_ws/install/nav2_msgs/include/nav2_msgs/action/detail/follow_path__rosidl_typesupport_fastrtps_cpp.hpp
[174.392s] -- Symlinking: /home/unitree/navigation_ws/install/nav2_msgs/include/nav2_msgs/action/detail/follow_waypoints__rosidl_typesupport_fastrtps_cpp.hpp
[174.414s] -- Symlinking: /home/unitree/navigation_ws/install/nav2_msgs/include/nav2_msgs/action/detail/navigate_to_pose__rosidl_typesupport_fastrtps_cpp.hpp
[174.435s] -- Symlinking: /home/unitree/navigation_ws/install/nav2_msgs/include/nav2_msgs/action/detail/spin__rosidl_typesupport_fastrtps_cpp.hpp
[174.456s] -- Symlinking: /home/unitree/navigation_ws/install/nav2_msgs/include/nav2_msgs/action/detail/wait__rosidl_typesupport_fastrtps_cpp.hpp
[174.476s] -- Symlinking: /home/unitree/navigation_ws/install/nav2_msgs/include/nav2_msgs/msg/detail/behavior_tree_log__rosidl_typesupport_fastrtps_cpp.hpp
[174.498s] -- Symlinking: /home/unitree/navigation_ws/install/nav2_msgs/include/nav2_msgs/msg/detail/behavior_tree_status_change__rosidl_typesupport_fastrtps_cpp.hpp
[174.519s] -- Symlinking: /home/unitree/navigation_ws/install/nav2_msgs/include/nav2_msgs/msg/detail/costmap__rosidl_typesupport_fastrtps_cpp.hpp
[174.544s] -- Symlinking: /home/unitree/navigation_ws/install/nav2_msgs/include/nav2_msgs/msg/detail/costmap_meta_data__rosidl_typesupport_fastrtps_cpp.hpp
[174.570s] -- Symlinking: /home/unitree/navigation_ws/install/nav2_msgs/include/nav2_msgs/msg/detail/particle__rosidl_typesupport_fastrtps_cpp.hpp
[174.595s] -- Symlinking: /home/unitree/navigation_ws/install/nav2_msgs/include/nav2_msgs/msg/detail/particle_cloud__rosidl_typesupport_fastrtps_cpp.hpp
[174.618s] -- Symlinking: /home/unitree/navigation_ws/install/nav2_msgs/include/nav2_msgs/msg/detail/voxel_grid__rosidl_typesupport_fastrtps_cpp.hpp
[174.642s] -- Symlinking: /home/unitree/navigation_ws/install/nav2_msgs/include/nav2_msgs/msg/rosidl_typesupport_fastrtps_cpp__visibility_control.h
[174.664s] -- Symlinking: /home/unitree/navigation_ws/install/nav2_msgs/include/nav2_msgs/srv/detail/clear_costmap_around_robot__rosidl_typesupport_fastrtps_cpp.hpp
[174.687s] -- Symlinking: /home/unitree/navigation_ws/install/nav2_msgs/include/nav2_msgs/srv/detail/clear_costmap_except_region__rosidl_typesupport_fastrtps_cpp.hpp
[174.710s] -- Symlinking: /home/unitree/navigation_ws/install/nav2_msgs/include/nav2_msgs/srv/detail/clear_entire_costmap__rosidl_typesupport_fastrtps_cpp.hpp
[174.733s] -- Symlinking: /home/unitree/navigation_ws/install/nav2_msgs/include/nav2_msgs/srv/detail/get_costmap__rosidl_typesupport_fastrtps_cpp.hpp
[174.760s] -- Symlinking: /home/unitree/navigation_ws/install/nav2_msgs/include/nav2_msgs/srv/detail/load_map__rosidl_typesupport_fastrtps_cpp.hpp
[174.779s] -- Symlinking: /home/unitree/navigation_ws/install/nav2_msgs/include/nav2_msgs/srv/detail/manage_lifecycle_nodes__rosidl_typesupport_fastrtps_cpp.hpp
[174.800s] -- Symlinking: /home/unitree/navigation_ws/install/nav2_msgs/include/nav2_msgs/srv/detail/save_map__rosidl_typesupport_fastrtps_cpp.hpp
[174.820s] -- Symlinking: /home/unitree/navigation_ws/install/nav2_msgs/lib/libnav2_msgs__rosidl_typesupport_fastrtps_cpp.so
[174.841s] -- Symlinking: /home/unitree/navigation_ws/install/nav2_msgs/include/nav2_msgs/action/detail/back_up__rosidl_typesupport_introspection_c.h
[174.862s] -- Symlinking: /home/unitree/navigation_ws/install/nav2_msgs/include/nav2_msgs/action/detail/compute_path_to_pose__rosidl_typesupport_introspection_c.h
[174.886s] -- Symlinking: /home/unitree/navigation_ws/install/nav2_msgs/include/nav2_msgs/action/detail/dummy_recovery__rosidl_typesupport_introspection_c.h
[174.907s] -- Symlinking: /home/unitree/navigation_ws/install/nav2_msgs/include/nav2_msgs/action/detail/follow_path__rosidl_typesupport_introspection_c.h
[174.927s] -- Symlinking: /home/unitree/navigation_ws/install/nav2_msgs/include/nav2_msgs/action/detail/follow_waypoints__rosidl_typesupport_introspection_c.h
[174.948s] -- Symlinking: /home/unitree/navigation_ws/install/nav2_msgs/include/nav2_msgs/action/detail/navigate_to_pose__rosidl_typesupport_introspection_c.h
[174.970s] -- Symlinking: /home/unitree/navigation_ws/install/nav2_msgs/include/nav2_msgs/action/detail/spin__rosidl_typesupport_introspection_c.h
[174.991s] -- Symlinking: /home/unitree/navigation_ws/install/nav2_msgs/include/nav2_msgs/action/detail/wait__rosidl_typesupport_introspection_c.h
[175.012s] -- Symlinking: /home/unitree/navigation_ws/install/nav2_msgs/include/nav2_msgs/msg/detail/behavior_tree_log__rosidl_typesupport_introspection_c.h
[175.035s] -- Symlinking: /home/unitree/navigation_ws/install/nav2_msgs/include/nav2_msgs/msg/detail/behavior_tree_status_change__rosidl_typesupport_introspection_c.h
[175.057s] -- Symlinking: /home/unitree/navigation_ws/install/nav2_msgs/include/nav2_msgs/msg/detail/costmap__rosidl_typesupport_introspection_c.h
[175.078s] -- Symlinking: /home/unitree/navigation_ws/install/nav2_msgs/include/nav2_msgs/msg/detail/costmap_meta_data__rosidl_typesupport_introspection_c.h
[175.098s] -- Symlinking: /home/unitree/navigation_ws/install/nav2_msgs/include/nav2_msgs/msg/detail/particle__rosidl_typesupport_introspection_c.h
[175.120s] -- Symlinking: /home/unitree/navigation_ws/install/nav2_msgs/include/nav2_msgs/msg/detail/particle_cloud__rosidl_typesupport_introspection_c.h
[175.142s] -- Symlinking: /home/unitree/navigation_ws/install/nav2_msgs/include/nav2_msgs/msg/detail/voxel_grid__rosidl_typesupport_introspection_c.h
[175.172s] -- Symlinking: /home/unitree/navigation_ws/install/nav2_msgs/include/nav2_msgs/msg/rosidl_typesupport_introspection_c__visibility_control.h
[175.194s] -- Symlinking: /home/unitree/navigation_ws/install/nav2_msgs/include/nav2_msgs/srv/detail/clear_costmap_around_robot__rosidl_typesupport_introspection_c.h
[175.216s] -- Symlinking: /home/unitree/navigation_ws/install/nav2_msgs/include/nav2_msgs/srv/detail/clear_costmap_except_region__rosidl_typesupport_introspection_c.h
[175.239s] -- Symlinking: /home/unitree/navigation_ws/install/nav2_msgs/include/nav2_msgs/srv/detail/clear_entire_costmap__rosidl_typesupport_introspection_c.h
[175.264s] -- Symlinking: /home/unitree/navigation_ws/install/nav2_msgs/include/nav2_msgs/srv/detail/get_costmap__rosidl_typesupport_introspection_c.h
[175.284s] -- Symlinking: /home/unitree/navigation_ws/install/nav2_msgs/include/nav2_msgs/srv/detail/load_map__rosidl_typesupport_introspection_c.h
[175.306s] -- Symlinking: /home/unitree/navigation_ws/install/nav2_msgs/include/nav2_msgs/srv/detail/manage_lifecycle_nodes__rosidl_typesupport_introspection_c.h
[175.331s] -- Symlinking: /home/unitree/navigation_ws/install/nav2_msgs/include/nav2_msgs/srv/detail/save_map__rosidl_typesupport_introspection_c.h
[175.354s] -- Symlinking: /home/unitree/navigation_ws/install/nav2_msgs/include/nav2_msgs/action/back_up.hpp
[175.376s] -- Symlinking: /home/unitree/navigation_ws/install/nav2_msgs/include/nav2_msgs/action/compute_path_to_pose.hpp
[175.399s] -- Symlinking: /home/unitree/navigation_ws/install/nav2_msgs/include/nav2_msgs/action/detail/back_up__builder.hpp
[175.421s] -- Symlinking: /home/unitree/navigation_ws/install/nav2_msgs/include/nav2_msgs/action/detail/back_up__struct.hpp
[175.443s] -- Symlinking: /home/unitree/navigation_ws/install/nav2_msgs/include/nav2_msgs/action/detail/back_up__traits.hpp
[175.465s] -- Symlinking: /home/unitree/navigation_ws/install/nav2_msgs/include/nav2_msgs/action/detail/back_up__type_support.hpp
[175.486s] -- Symlinking: /home/unitree/navigation_ws/install/nav2_msgs/include/nav2_msgs/action/detail/compute_path_to_pose__builder.hpp
[175.510s] -- Symlinking: /home/unitree/navigation_ws/install/nav2_msgs/include/nav2_msgs/action/detail/compute_path_to_pose__struct.hpp
[175.537s] -- Symlinking: /home/unitree/navigation_ws/install/nav2_msgs/include/nav2_msgs/action/detail/compute_path_to_pose__traits.hpp
[175.558s] -- Symlinking: /home/unitree/navigation_ws/install/nav2_msgs/include/nav2_msgs/action/detail/compute_path_to_pose__type_support.hpp
[175.586s] -- Symlinking: /home/unitree/navigation_ws/install/nav2_msgs/include/nav2_msgs/action/detail/dummy_recovery__builder.hpp
[175.607s] -- Symlinking: /home/unitree/navigation_ws/install/nav2_msgs/include/nav2_msgs/action/detail/dummy_recovery__struct.hpp
[175.630s] -- Symlinking: /home/unitree/navigation_ws/install/nav2_msgs/include/nav2_msgs/action/detail/dummy_recovery__traits.hpp
[175.652s] -- Symlinking: /home/unitree/navigation_ws/install/nav2_msgs/include/nav2_msgs/action/detail/dummy_recovery__type_support.hpp
[175.675s] -- Symlinking: /home/unitree/navigation_ws/install/nav2_msgs/include/nav2_msgs/action/detail/follow_path__builder.hpp
[175.696s] -- Symlinking: /home/unitree/navigation_ws/install/nav2_msgs/include/nav2_msgs/action/detail/follow_path__struct.hpp
[175.724s] -- Symlinking: /home/unitree/navigation_ws/install/nav2_msgs/include/nav2_msgs/action/detail/follow_path__traits.hpp
[175.747s] -- Symlinking: /home/unitree/navigation_ws/install/nav2_msgs/include/nav2_msgs/action/detail/follow_path__type_support.hpp
[175.775s] -- Symlinking: /home/unitree/navigation_ws/install/nav2_msgs/include/nav2_msgs/action/detail/follow_waypoints__builder.hpp
[175.795s] -- Symlinking: /home/unitree/navigation_ws/install/nav2_msgs/include/nav2_msgs/action/detail/follow_waypoints__struct.hpp
[175.819s] -- Symlinking: /home/unitree/navigation_ws/install/nav2_msgs/include/nav2_msgs/action/detail/follow_waypoints__traits.hpp
[175.843s] -- Symlinking: /home/unitree/navigation_ws/install/nav2_msgs/include/nav2_msgs/action/detail/follow_waypoints__type_support.hpp
[175.869s] -- Symlinking: /home/unitree/navigation_ws/install/nav2_msgs/include/nav2_msgs/action/detail/navigate_to_pose__builder.hpp
[175.894s] -- Symlinking: /home/unitree/navigation_ws/install/nav2_msgs/include/nav2_msgs/action/detail/navigate_to_pose__struct.hpp
[175.919s] -- Symlinking: /home/unitree/navigation_ws/install/nav2_msgs/include/nav2_msgs/action/detail/navigate_to_pose__traits.hpp
[175.939s] -- Symlinking: /home/unitree/navigation_ws/install/nav2_msgs/include/nav2_msgs/action/detail/navigate_to_pose__type_support.hpp
[175.963s] -- Symlinking: /home/unitree/navigation_ws/install/nav2_msgs/include/nav2_msgs/action/detail/spin__builder.hpp
[175.991s] -- Symlinking: /home/unitree/navigation_ws/install/nav2_msgs/include/nav2_msgs/action/detail/spin__struct.hpp
[176.014s] -- Symlinking: /home/unitree/navigation_ws/install/nav2_msgs/include/nav2_msgs/action/detail/spin__traits.hpp
[176.038s] -- Symlinking: /home/unitree/navigation_ws/install/nav2_msgs/include/nav2_msgs/action/detail/spin__type_support.hpp
[176.063s] -- Symlinking: /home/unitree/navigation_ws/install/nav2_msgs/include/nav2_msgs/action/detail/wait__builder.hpp
[176.088s] -- Symlinking: /home/unitree/navigation_ws/install/nav2_msgs/include/nav2_msgs/action/detail/wait__struct.hpp
[176.114s] -- Symlinking: /home/unitree/navigation_ws/install/nav2_msgs/include/nav2_msgs/action/detail/wait__traits.hpp
[176.145s] -- Symlinking: /home/unitree/navigation_ws/install/nav2_msgs/include/nav2_msgs/action/detail/wait__type_support.hpp
[176.168s] -- Symlinking: /home/unitree/navigation_ws/install/nav2_msgs/include/nav2_msgs/action/dummy_recovery.hpp
[176.203s] -- Symlinking: /home/unitree/navigation_ws/install/nav2_msgs/include/nav2_msgs/action/follow_path.hpp
[176.230s] -- Symlinking: /home/unitree/navigation_ws/install/nav2_msgs/include/nav2_msgs/action/follow_waypoints.hpp
[176.256s] -- Symlinking: /home/unitree/navigation_ws/install/nav2_msgs/include/nav2_msgs/action/navigate_to_pose.hpp
[176.281s] -- Symlinking: /home/unitree/navigation_ws/install/nav2_msgs/include/nav2_msgs/action/spin.hpp
[176.307s] -- Symlinking: /home/unitree/navigation_ws/install/nav2_msgs/include/nav2_msgs/action/wait.hpp
[176.338s] -- Symlinking: /home/unitree/navigation_ws/install/nav2_msgs/include/nav2_msgs/msg/behavior_tree_log.hpp
[176.361s] -- Symlinking: /home/unitree/navigation_ws/install/nav2_msgs/include/nav2_msgs/msg/behavior_tree_status_change.hpp
[176.380s] -- Symlinking: /home/unitree/navigation_ws/install/nav2_msgs/include/nav2_msgs/msg/costmap.hpp
[176.401s] -- Symlinking: /home/unitree/navigation_ws/install/nav2_msgs/include/nav2_msgs/msg/costmap_meta_data.hpp
[176.421s] -- Symlinking: /home/unitree/navigation_ws/install/nav2_msgs/include/nav2_msgs/msg/detail/behavior_tree_log__builder.hpp
[176.447s] -- Symlinking: /home/unitree/navigation_ws/install/nav2_msgs/include/nav2_msgs/msg/detail/behavior_tree_log__struct.hpp
[176.472s] -- Symlinking: /home/unitree/navigation_ws/install/nav2_msgs/include/nav2_msgs/msg/detail/behavior_tree_log__traits.hpp
[176.496s] -- Symlinking: /home/unitree/navigation_ws/install/nav2_msgs/include/nav2_msgs/msg/detail/behavior_tree_log__type_support.hpp
[176.525s] -- Symlinking: /home/unitree/navigation_ws/install/nav2_msgs/include/nav2_msgs/msg/detail/behavior_tree_status_change__builder.hpp
[176.547s] -- Symlinking: /home/unitree/navigation_ws/install/nav2_msgs/include/nav2_msgs/msg/detail/behavior_tree_status_change__struct.hpp
[176.568s] -- Symlinking: /home/unitree/navigation_ws/install/nav2_msgs/include/nav2_msgs/msg/detail/behavior_tree_status_change__traits.hpp
[176.592s] -- Symlinking: /home/unitree/navigation_ws/install/nav2_msgs/include/nav2_msgs/msg/detail/behavior_tree_status_change__type_support.hpp
[176.618s] -- Symlinking: /home/unitree/navigation_ws/install/nav2_msgs/include/nav2_msgs/msg/detail/costmap__builder.hpp
[176.642s] -- Symlinking: /home/unitree/navigation_ws/install/nav2_msgs/include/nav2_msgs/msg/detail/costmap__struct.hpp
[176.669s] -- Symlinking: /home/unitree/navigation_ws/install/nav2_msgs/include/nav2_msgs/msg/detail/costmap__traits.hpp
[176.690s] -- Symlinking: /home/unitree/navigation_ws/install/nav2_msgs/include/nav2_msgs/msg/detail/costmap__type_support.hpp
[176.716s] -- Symlinking: /home/unitree/navigation_ws/install/nav2_msgs/include/nav2_msgs/msg/detail/costmap_meta_data__builder.hpp
[176.743s] -- Symlinking: /home/unitree/navigation_ws/install/nav2_msgs/include/nav2_msgs/msg/detail/costmap_meta_data__struct.hpp
[176.764s] -- Symlinking: /home/unitree/navigation_ws/install/nav2_msgs/include/nav2_msgs/msg/detail/costmap_meta_data__traits.hpp
[176.792s] -- Symlinking: /home/unitree/navigation_ws/install/nav2_msgs/include/nav2_msgs/msg/detail/costmap_meta_data__type_support.hpp
[176.821s] -- Symlinking: /home/unitree/navigation_ws/install/nav2_msgs/include/nav2_msgs/msg/detail/particle__builder.hpp
[176.845s] -- Symlinking: /home/unitree/navigation_ws/install/nav2_msgs/include/nav2_msgs/msg/detail/particle__struct.hpp
[176.869s] -- Symlinking: /home/unitree/navigation_ws/install/nav2_msgs/include/nav2_msgs/msg/detail/particle__traits.hpp
[176.890s] -- Symlinking: /home/unitree/navigation_ws/install/nav2_msgs/include/nav2_msgs/msg/detail/particle__type_support.hpp
[176.916s] -- Symlinking: /home/unitree/navigation_ws/install/nav2_msgs/include/nav2_msgs/msg/detail/particle_cloud__builder.hpp
[176.943s] -- Symlinking: /home/unitree/navigation_ws/install/nav2_msgs/include/nav2_msgs/msg/detail/particle_cloud__struct.hpp
[176.966s] -- Symlinking: /home/unitree/navigation_ws/install/nav2_msgs/include/nav2_msgs/msg/detail/particle_cloud__traits.hpp
[176.989s] -- Symlinking: /home/unitree/navigation_ws/install/nav2_msgs/include/nav2_msgs/msg/detail/particle_cloud__type_support.hpp
[177.011s] -- Symlinking: /home/unitree/navigation_ws/install/nav2_msgs/include/nav2_msgs/msg/detail/voxel_grid__builder.hpp
[177.035s] -- Symlinking: /home/unitree/navigation_ws/install/nav2_msgs/include/nav2_msgs/msg/detail/voxel_grid__struct.hpp
[177.059s] -- Symlinking: /home/unitree/navigation_ws/install/nav2_msgs/include/nav2_msgs/msg/detail/voxel_grid__traits.hpp
[177.080s] -- Symlinking: /home/unitree/navigation_ws/install/nav2_msgs/include/nav2_msgs/msg/detail/voxel_grid__type_support.hpp
[177.104s] -- Symlinking: /home/unitree/navigation_ws/install/nav2_msgs/include/nav2_msgs/msg/particle.hpp
[177.126s] -- Symlinking: /home/unitree/navigation_ws/install/nav2_msgs/include/nav2_msgs/msg/particle_cloud.hpp
[177.151s] -- Symlinking: /home/unitree/navigation_ws/install/nav2_msgs/include/nav2_msgs/msg/rosidl_generator_cpp__visibility_control.hpp
[177.182s] -- Symlinking: /home/unitree/navigation_ws/install/nav2_msgs/include/nav2_msgs/msg/voxel_grid.hpp
[177.209s] -- Symlinking: /home/unitree/navigation_ws/install/nav2_msgs/include/nav2_msgs/srv/clear_costmap_around_robot.hpp
[177.234s] -- Symlinking: /home/unitree/navigation_ws/install/nav2_msgs/include/nav2_msgs/srv/clear_costmap_except_region.hpp
[177.260s] -- Symlinking: /home/unitree/navigation_ws/install/nav2_msgs/include/nav2_msgs/srv/clear_entire_costmap.hpp
[177.281s] -- Symlinking: /home/unitree/navigation_ws/install/nav2_msgs/include/nav2_msgs/srv/detail/clear_costmap_around_robot__builder.hpp
[177.305s] -- Symlinking: /home/unitree/navigation_ws/install/nav2_msgs/include/nav2_msgs/srv/detail/clear_costmap_around_robot__struct.hpp
[177.328s] -- Symlinking: /home/unitree/navigation_ws/install/nav2_msgs/include/nav2_msgs/srv/detail/clear_costmap_around_robot__traits.hpp
[177.349s] -- Symlinking: /home/unitree/navigation_ws/install/nav2_msgs/include/nav2_msgs/srv/detail/clear_costmap_around_robot__type_support.hpp
[177.376s] -- Symlinking: /home/unitree/navigation_ws/install/nav2_msgs/include/nav2_msgs/srv/detail/clear_costmap_except_region__builder.hpp
[177.401s] -- Symlinking: /home/unitree/navigation_ws/install/nav2_msgs/include/nav2_msgs/srv/detail/clear_costmap_except_region__struct.hpp
[177.425s] -- Symlinking: /home/unitree/navigation_ws/install/nav2_msgs/include/nav2_msgs/srv/detail/clear_costmap_except_region__traits.hpp
[177.454s] -- Symlinking: /home/unitree/navigation_ws/install/nav2_msgs/include/nav2_msgs/srv/detail/clear_costmap_except_region__type_support.hpp
[177.480s] -- Symlinking: /home/unitree/navigation_ws/install/nav2_msgs/include/nav2_msgs/srv/detail/clear_entire_costmap__builder.hpp
[177.505s] -- Symlinking: /home/unitree/navigation_ws/install/nav2_msgs/include/nav2_msgs/srv/detail/clear_entire_costmap__struct.hpp
[177.527s] -- Symlinking: /home/unitree/navigation_ws/install/nav2_msgs/include/nav2_msgs/srv/detail/clear_entire_costmap__traits.hpp
[177.548s] -- Symlinking: /home/unitree/navigation_ws/install/nav2_msgs/include/nav2_msgs/srv/detail/clear_entire_costmap__type_support.hpp
[177.573s] -- Symlinking: /home/unitree/navigation_ws/install/nav2_msgs/include/nav2_msgs/srv/detail/get_costmap__builder.hpp
[177.594s] -- Symlinking: /home/unitree/navigation_ws/install/nav2_msgs/include/nav2_msgs/srv/detail/get_costmap__struct.hpp
[177.615s] -- Symlinking: /home/unitree/navigation_ws/install/nav2_msgs/include/nav2_msgs/srv/detail/get_costmap__traits.hpp
[177.644s] -- Symlinking: /home/unitree/navigation_ws/install/nav2_msgs/include/nav2_msgs/srv/detail/get_costmap__type_support.hpp
[177.666s] -- Symlinking: /home/unitree/navigation_ws/install/nav2_msgs/include/nav2_msgs/srv/detail/load_map__builder.hpp
[177.691s] -- Symlinking: /home/unitree/navigation_ws/install/nav2_msgs/include/nav2_msgs/srv/detail/load_map__struct.hpp
[177.714s] -- Symlinking: /home/unitree/navigation_ws/install/nav2_msgs/include/nav2_msgs/srv/detail/load_map__traits.hpp
[177.740s] -- Symlinking: /home/unitree/navigation_ws/install/nav2_msgs/include/nav2_msgs/srv/detail/load_map__type_support.hpp
[177.764s] -- Symlinking: /home/unitree/navigation_ws/install/nav2_msgs/include/nav2_msgs/srv/detail/manage_lifecycle_nodes__builder.hpp
[177.791s] -- Symlinking: /home/unitree/navigation_ws/install/nav2_msgs/include/nav2_msgs/srv/detail/manage_lifecycle_nodes__struct.hpp
[177.814s] -- Symlinking: /home/unitree/navigation_ws/install/nav2_msgs/include/nav2_msgs/srv/detail/manage_lifecycle_nodes__traits.hpp
[177.843s] -- Symlinking: /home/unitree/navigation_ws/install/nav2_msgs/include/nav2_msgs/srv/detail/manage_lifecycle_nodes__type_support.hpp
[177.866s] -- Symlinking: /home/unitree/navigation_ws/install/nav2_msgs/include/nav2_msgs/srv/detail/save_map__builder.hpp
[177.887s] -- Symlinking: /home/unitree/navigation_ws/install/nav2_msgs/include/nav2_msgs/srv/detail/save_map__struct.hpp
[177.910s] -- Symlinking: /home/unitree/navigation_ws/install/nav2_msgs/include/nav2_msgs/srv/detail/save_map__traits.hpp
[177.931s] -- Symlinking: /home/unitree/navigation_ws/install/nav2_msgs/include/nav2_msgs/srv/detail/save_map__type_support.hpp
[177.956s] -- Symlinking: /home/unitree/navigation_ws/install/nav2_msgs/include/nav2_msgs/srv/get_costmap.hpp
[177.980s] -- Symlinking: /home/unitree/navigation_ws/install/nav2_msgs/include/nav2_msgs/srv/load_map.hpp
[178.003s] -- Symlinking: /home/unitree/navigation_ws/install/nav2_msgs/include/nav2_msgs/srv/manage_lifecycle_nodes.hpp
[178.024s] -- Symlinking: /home/unitree/navigation_ws/install/nav2_msgs/include/nav2_msgs/srv/save_map.hpp
[178.055s] -- Symlinking: /home/unitree/navigation_ws/install/nav2_msgs/include/nav2_msgs/action/detail/back_up__rosidl_typesupport_introspection_cpp.hpp
[178.075s] -- Symlinking: /home/unitree/navigation_ws/install/nav2_msgs/include/nav2_msgs/action/detail/compute_path_to_pose__rosidl_typesupport_introspection_cpp.hpp
[178.097s] -- Symlinking: /home/unitree/navigation_ws/install/nav2_msgs/include/nav2_msgs/action/detail/dummy_recovery__rosidl_typesupport_introspection_cpp.hpp
[178.121s] -- Symlinking: /home/unitree/navigation_ws/install/nav2_msgs/include/nav2_msgs/action/detail/follow_path__rosidl_typesupport_introspection_cpp.hpp
[178.145s] -- Symlinking: /home/unitree/navigation_ws/install/nav2_msgs/include/nav2_msgs/action/detail/follow_waypoints__rosidl_typesupport_introspection_cpp.hpp
[178.170s] -- Symlinking: /home/unitree/navigation_ws/install/nav2_msgs/include/nav2_msgs/action/detail/navigate_to_pose__rosidl_typesupport_introspection_cpp.hpp
[178.198s] -- Symlinking: /home/unitree/navigation_ws/install/nav2_msgs/include/nav2_msgs/action/detail/spin__rosidl_typesupport_introspection_cpp.hpp
[178.219s] -- Symlinking: /home/unitree/navigation_ws/install/nav2_msgs/include/nav2_msgs/action/detail/wait__rosidl_typesupport_introspection_cpp.hpp
[178.243s] -- Symlinking: /home/unitree/navigation_ws/install/nav2_msgs/include/nav2_msgs/msg/detail/behavior_tree_log__rosidl_typesupport_introspection_cpp.hpp
[178.268s] -- Symlinking: /home/unitree/navigation_ws/install/nav2_msgs/include/nav2_msgs/msg/detail/behavior_tree_status_change__rosidl_typesupport_introspection_cpp.hpp
[178.288s] -- Symlinking: /home/unitree/navigation_ws/install/nav2_msgs/include/nav2_msgs/msg/detail/costmap__rosidl_typesupport_introspection_cpp.hpp
[178.311s] -- Symlinking: /home/unitree/navigation_ws/install/nav2_msgs/include/nav2_msgs/msg/detail/costmap_meta_data__rosidl_typesupport_introspection_cpp.hpp
[178.336s] -- Symlinking: /home/unitree/navigation_ws/install/nav2_msgs/include/nav2_msgs/msg/detail/particle__rosidl_typesupport_introspection_cpp.hpp
[178.359s] -- Symlinking: /home/unitree/navigation_ws/install/nav2_msgs/include/nav2_msgs/msg/detail/particle_cloud__rosidl_typesupport_introspection_cpp.hpp
[178.382s] -- Symlinking: /home/unitree/navigation_ws/install/nav2_msgs/include/nav2_msgs/msg/detail/voxel_grid__rosidl_typesupport_introspection_cpp.hpp
[178.405s] -- Symlinking: /home/unitree/navigation_ws/install/nav2_msgs/include/nav2_msgs/srv/detail/clear_costmap_around_robot__rosidl_typesupport_introspection_cpp.hpp
[178.431s] -- Symlinking: /home/unitree/navigation_ws/install/nav2_msgs/include/nav2_msgs/srv/detail/clear_costmap_except_region__rosidl_typesupport_introspection_cpp.hpp
[178.462s] -- Symlinking: /home/unitree/navigation_ws/install/nav2_msgs/include/nav2_msgs/srv/detail/clear_entire_costmap__rosidl_typesupport_introspection_cpp.hpp
[178.484s] -- Symlinking: /home/unitree/navigation_ws/install/nav2_msgs/include/nav2_msgs/srv/detail/get_costmap__rosidl_typesupport_introspection_cpp.hpp
[178.508s] -- Symlinking: /home/unitree/navigation_ws/install/nav2_msgs/include/nav2_msgs/srv/detail/load_map__rosidl_typesupport_introspection_cpp.hpp
[178.531s] -- Symlinking: /home/unitree/navigation_ws/install/nav2_msgs/include/nav2_msgs/srv/detail/manage_lifecycle_nodes__rosidl_typesupport_introspection_cpp.hpp
[178.557s] -- Symlinking: /home/unitree/navigation_ws/install/nav2_msgs/include/nav2_msgs/srv/detail/save_map__rosidl_typesupport_introspection_cpp.hpp
[178.582s] -- Symlinking: /home/unitree/navigation_ws/install/nav2_msgs/share/nav2_msgs/environment/pythonpath.sh
[178.606s] -- Symlinking: /home/unitree/navigation_ws/install/nav2_msgs/share/nav2_msgs/environment/pythonpath.dsv
[178.631s] -- Symlinking: /home/unitree/navigation_ws/install/nav2_msgs/lib/python3.8/site-packages/nav2_msgs/__init__.py
[178.656s] -- Symlinking: /home/unitree/navigation_ws/install/nav2_msgs/lib/python3.8/site-packages/nav2_msgs/msg/__init__.py
[178.681s] -- Symlinking: /home/unitree/navigation_ws/install/nav2_msgs/lib/python3.8/site-packages/nav2_msgs/msg/_behavior_tree_log.py
[178.703s] -- Symlinking: /home/unitree/navigation_ws/install/nav2_msgs/lib/python3.8/site-packages/nav2_msgs/msg/_behavior_tree_status_change.py
[178.729s] -- Symlinking: /home/unitree/navigation_ws/install/nav2_msgs/lib/python3.8/site-packages/nav2_msgs/msg/_costmap.py
[178.751s] -- Symlinking: /home/unitree/navigation_ws/install/nav2_msgs/lib/python3.8/site-packages/nav2_msgs/msg/_costmap_meta_data.py
[178.773s] -- Symlinking: /home/unitree/navigation_ws/install/nav2_msgs/lib/python3.8/site-packages/nav2_msgs/msg/_particle.py
[178.795s] -- Symlinking: /home/unitree/navigation_ws/install/nav2_msgs/lib/python3.8/site-packages/nav2_msgs/msg/_particle_cloud.py
[178.816s] -- Symlinking: /home/unitree/navigation_ws/install/nav2_msgs/lib/python3.8/site-packages/nav2_msgs/msg/_voxel_grid.py
[178.839s] -- Symlinking: /home/unitree/navigation_ws/install/nav2_msgs/lib/python3.8/site-packages/nav2_msgs/srv/__init__.py
[178.865s] -- Symlinking: /home/unitree/navigation_ws/install/nav2_msgs/lib/python3.8/site-packages/nav2_msgs/srv/_clear_costmap_around_robot.py
[178.891s] -- Symlinking: /home/unitree/navigation_ws/install/nav2_msgs/lib/python3.8/site-packages/nav2_msgs/srv/_clear_costmap_except_region.py
[178.916s] -- Symlinking: /home/unitree/navigation_ws/install/nav2_msgs/lib/python3.8/site-packages/nav2_msgs/srv/_clear_entire_costmap.py
[178.938s] -- Symlinking: /home/unitree/navigation_ws/install/nav2_msgs/lib/python3.8/site-packages/nav2_msgs/srv/_get_costmap.py
[178.963s] -- Symlinking: /home/unitree/navigation_ws/install/nav2_msgs/lib/python3.8/site-packages/nav2_msgs/srv/_load_map.py
[178.987s] -- Symlinking: /home/unitree/navigation_ws/install/nav2_msgs/lib/python3.8/site-packages/nav2_msgs/srv/_manage_lifecycle_nodes.py
[179.008s] -- Symlinking: /home/unitree/navigation_ws/install/nav2_msgs/lib/python3.8/site-packages/nav2_msgs/srv/_save_map.py
[179.034s] -- Symlinking: /home/unitree/navigation_ws/install/nav2_msgs/lib/python3.8/site-packages/nav2_msgs/action/__init__.py
[179.057s] -- Symlinking: /home/unitree/navigation_ws/install/nav2_msgs/lib/python3.8/site-packages/nav2_msgs/action/_back_up.py
[179.079s] -- Symlinking: /home/unitree/navigation_ws/install/nav2_msgs/lib/python3.8/site-packages/nav2_msgs/action/_compute_path_to_pose.py
[179.100s] -- Symlinking: /home/unitree/navigation_ws/install/nav2_msgs/lib/python3.8/site-packages/nav2_msgs/action/_dummy_recovery.py
[179.123s] -- Symlinking: /home/unitree/navigation_ws/install/nav2_msgs/lib/python3.8/site-packages/nav2_msgs/action/_follow_path.py
[179.144s] -- Symlinking: /home/unitree/navigation_ws/install/nav2_msgs/lib/python3.8/site-packages/nav2_msgs/action/_follow_waypoints.py
[179.173s] -- Symlinking: /home/unitree/navigation_ws/install/nav2_msgs/lib/python3.8/site-packages/nav2_msgs/action/_navigate_to_pose.py
[179.197s] -- Symlinking: /home/unitree/navigation_ws/install/nav2_msgs/lib/python3.8/site-packages/nav2_msgs/action/_spin.py
[179.221s] -- Symlinking: /home/unitree/navigation_ws/install/nav2_msgs/lib/python3.8/site-packages/nav2_msgs/action/_wait.py
[179.245s] -- Symlinking: /home/unitree/navigation_ws/install/nav2_msgs/lib/python3.8/site-packages/nav2_msgs/nav2_msgs_s__rosidl_typesupport_fastrtps_c.cpython-38-aarch64-linux-gnu.so
[179.269s] -- Symlinking: /home/unitree/navigation_ws/install/nav2_msgs/lib/python3.8/site-packages/nav2_msgs/nav2_msgs_s__rosidl_typesupport_introspection_c.cpython-38-aarch64-linux-gnu.so
[179.291s] -- Symlinking: /home/unitree/navigation_ws/install/nav2_msgs/lib/python3.8/site-packages/nav2_msgs/nav2_msgs_s__rosidl_typesupport_c.cpython-38-aarch64-linux-gnu.so
[179.317s] -- Symlinking: /home/unitree/navigation_ws/install/nav2_msgs/lib/libnav2_msgs__python.so
[179.340s] -- Symlinking: /home/unitree/navigation_ws/install/nav2_msgs/share/nav2_msgs/msg/Costmap.idl
[179.362s] -- Symlinking: /home/unitree/navigation_ws/install/nav2_msgs/share/nav2_msgs/msg/CostmapMetaData.idl
[179.386s] -- Symlinking: /home/unitree/navigation_ws/install/nav2_msgs/share/nav2_msgs/msg/VoxelGrid.idl
[179.409s] -- Symlinking: /home/unitree/navigation_ws/install/nav2_msgs/share/nav2_msgs/msg/BehaviorTreeStatusChange.idl
[179.434s] -- Symlinking: /home/unitree/navigation_ws/install/nav2_msgs/share/nav2_msgs/msg/BehaviorTreeLog.idl
[179.460s] -- Symlinking: /home/unitree/navigation_ws/install/nav2_msgs/share/nav2_msgs/msg/Particle.idl
[179.484s] -- Symlinking: /home/unitree/navigation_ws/install/nav2_msgs/share/nav2_msgs/msg/ParticleCloud.idl
[179.510s] -- Symlinking: /home/unitree/navigation_ws/install/nav2_msgs/share/nav2_msgs/srv/GetCostmap.idl
[179.538s] -- Symlinking: /home/unitree/navigation_ws/install/nav2_msgs/share/nav2_msgs/srv/ClearCostmapExceptRegion.idl
[179.565s] -- Symlinking: /home/unitree/navigation_ws/install/nav2_msgs/share/nav2_msgs/srv/ClearCostmapAroundRobot.idl
[179.591s] -- Symlinking: /home/unitree/navigation_ws/install/nav2_msgs/share/nav2_msgs/srv/ClearEntireCostmap.idl
[179.620s] -- Symlinking: /home/unitree/navigation_ws/install/nav2_msgs/share/nav2_msgs/srv/ManageLifecycleNodes.idl
[179.645s] -- Symlinking: /home/unitree/navigation_ws/install/nav2_msgs/share/nav2_msgs/srv/LoadMap.idl
[179.667s] -- Symlinking: /home/unitree/navigation_ws/install/nav2_msgs/share/nav2_msgs/srv/SaveMap.idl
[179.688s] -- Symlinking: /home/unitree/navigation_ws/install/nav2_msgs/share/nav2_msgs/action/BackUp.idl
[179.711s] -- Symlinking: /home/unitree/navigation_ws/install/nav2_msgs/share/nav2_msgs/action/ComputePathToPose.idl
[179.732s] -- Symlinking: /home/unitree/navigation_ws/install/nav2_msgs/share/nav2_msgs/action/FollowPath.idl
[179.753s] -- Symlinking: /home/unitree/navigation_ws/install/nav2_msgs/share/nav2_msgs/action/NavigateToPose.idl
[179.776s] -- Symlinking: /home/unitree/navigation_ws/install/nav2_msgs/share/nav2_msgs/action/Wait.idl
[179.798s] -- Symlinking: /home/unitree/navigation_ws/install/nav2_msgs/share/nav2_msgs/action/Spin.idl
[179.819s] -- Symlinking: /home/unitree/navigation_ws/install/nav2_msgs/share/nav2_msgs/action/DummyRecovery.idl
[179.841s] -- Symlinking: /home/unitree/navigation_ws/install/nav2_msgs/share/nav2_msgs/action/FollowWaypoints.idl
[179.864s] -- Symlinking: /home/unitree/navigation_ws/install/nav2_msgs/share/nav2_msgs/msg/Costmap.msg
[179.889s] -- Symlinking: /home/unitree/navigation_ws/install/nav2_msgs/share/nav2_msgs/msg/CostmapMetaData.msg
[179.917s] -- Symlinking: /home/unitree/navigation_ws/install/nav2_msgs/share/nav2_msgs/msg/VoxelGrid.msg
[179.943s] -- Symlinking: /home/unitree/navigation_ws/install/nav2_msgs/share/nav2_msgs/msg/BehaviorTreeStatusChange.msg
[179.965s] -- Symlinking: /home/unitree/navigation_ws/install/nav2_msgs/share/nav2_msgs/msg/BehaviorTreeLog.msg
[179.988s] -- Symlinking: /home/unitree/navigation_ws/install/nav2_msgs/share/nav2_msgs/msg/Particle.msg
[180.010s] -- Symlinking: /home/unitree/navigation_ws/install/nav2_msgs/share/nav2_msgs/msg/ParticleCloud.msg
[180.031s] -- Symlinking: /home/unitree/navigation_ws/install/nav2_msgs/share/nav2_msgs/srv/GetCostmap.srv
[180.055s] -- Symlinking: /home/unitree/navigation_ws/install/nav2_msgs/share/nav2_msgs/srv/GetCostmap_Request.msg
[180.078s] -- Symlinking: /home/unitree/navigation_ws/install/nav2_msgs/share/nav2_msgs/srv/GetCostmap_Response.msg
[180.099s] -- Symlinking: /home/unitree/navigation_ws/install/nav2_msgs/share/nav2_msgs/srv/ClearCostmapExceptRegion.srv
[180.127s] -- Symlinking: /home/unitree/navigation_ws/install/nav2_msgs/share/nav2_msgs/srv/ClearCostmapExceptRegion_Request.msg
[180.151s] -- Symlinking: /home/unitree/navigation_ws/install/nav2_msgs/share/nav2_msgs/srv/ClearCostmapExceptRegion_Response.msg
[180.176s] -- Symlinking: /home/unitree/navigation_ws/install/nav2_msgs/share/nav2_msgs/srv/ClearCostmapAroundRobot.srv
[180.203s] -- Symlinking: /home/unitree/navigation_ws/install/nav2_msgs/share/nav2_msgs/srv/ClearCostmapAroundRobot_Request.msg
[180.226s] -- Symlinking: /home/unitree/navigation_ws/install/nav2_msgs/share/nav2_msgs/srv/ClearCostmapAroundRobot_Response.msg
[180.249s] -- Symlinking: /home/unitree/navigation_ws/install/nav2_msgs/share/nav2_msgs/srv/ClearEntireCostmap.srv
[180.273s] -- Symlinking: /home/unitree/navigation_ws/install/nav2_msgs/share/nav2_msgs/srv/ClearEntireCostmap_Request.msg
[180.297s] -- Symlinking: /home/unitree/navigation_ws/install/nav2_msgs/share/nav2_msgs/srv/ClearEntireCostmap_Response.msg
[180.326s] -- Symlinking: /home/unitree/navigation_ws/install/nav2_msgs/share/nav2_msgs/srv/ManageLifecycleNodes.srv
[180.353s] -- Symlinking: /home/unitree/navigation_ws/install/nav2_msgs/share/nav2_msgs/srv/ManageLifecycleNodes_Request.msg
[180.378s] -- Symlinking: /home/unitree/navigation_ws/install/nav2_msgs/share/nav2_msgs/srv/ManageLifecycleNodes_Response.msg
[180.405s] -- Symlinking: /home/unitree/navigation_ws/install/nav2_msgs/share/nav2_msgs/srv/LoadMap.srv
[180.427s] -- Symlinking: /home/unitree/navigation_ws/install/nav2_msgs/share/nav2_msgs/srv/LoadMap_Request.msg
[180.458s] -- Symlinking: /home/unitree/navigation_ws/install/nav2_msgs/share/nav2_msgs/srv/LoadMap_Response.msg
[180.481s] -- Symlinking: /home/unitree/navigation_ws/install/nav2_msgs/share/nav2_msgs/srv/SaveMap.srv
[180.503s] -- Symlinking: /home/unitree/navigation_ws/install/nav2_msgs/share/nav2_msgs/srv/SaveMap_Request.msg
[180.530s] -- Symlinking: /home/unitree/navigation_ws/install/nav2_msgs/share/nav2_msgs/srv/SaveMap_Response.msg
[180.552s] -- Symlinking: /home/unitree/navigation_ws/install/nav2_msgs/share/nav2_msgs/action/BackUp.action
[180.575s] -- Symlinking: /home/unitree/navigation_ws/install/nav2_msgs/share/nav2_msgs/action/ComputePathToPose.action
[180.598s] -- Symlinking: /home/unitree/navigation_ws/install/nav2_msgs/share/nav2_msgs/action/FollowPath.action
[180.619s] -- Symlinking: /home/unitree/navigation_ws/install/nav2_msgs/share/nav2_msgs/action/NavigateToPose.action
[180.642s] -- Symlinking: /home/unitree/navigation_ws/install/nav2_msgs/share/nav2_msgs/action/Wait.action
[180.664s] -- Symlinking: /home/unitree/navigation_ws/install/nav2_msgs/share/nav2_msgs/action/Spin.action
[180.689s] -- Symlinking: /home/unitree/navigation_ws/install/nav2_msgs/share/nav2_msgs/action/DummyRecovery.action
[180.718s] -- Symlinking: /home/unitree/navigation_ws/install/nav2_msgs/share/nav2_msgs/action/FollowWaypoints.action
[180.738s] -- Symlinking: /home/unitree/navigation_ws/install/nav2_msgs/share/ament_index/resource_index/package_run_dependencies/nav2_msgs
[180.761s] -- Symlinking: /home/unitree/navigation_ws/install/nav2_msgs/share/ament_index/resource_index/parent_prefix_path/nav2_msgs
[180.785s] -- Symlinking: /home/unitree/navigation_ws/install/nav2_msgs/share/nav2_msgs/environment/ament_prefix_path.sh
[180.807s] -- Symlinking: /home/unitree/navigation_ws/install/nav2_msgs/share/nav2_msgs/environment/ament_prefix_path.dsv
[180.826s] -- Symlinking: /home/unitree/navigation_ws/install/nav2_msgs/share/nav2_msgs/environment/path.sh
[180.845s] -- Symlinking: /home/unitree/navigation_ws/install/nav2_msgs/share/nav2_msgs/environment/path.dsv
[180.866s] -- Symlinking: /home/unitree/navigation_ws/install/nav2_msgs/share/nav2_msgs/local_setup.bash
[180.888s] -- Symlinking: /home/unitree/navigation_ws/install/nav2_msgs/share/nav2_msgs/local_setup.sh
[180.912s] -- Symlinking: /home/unitree/navigation_ws/install/nav2_msgs/share/nav2_msgs/local_setup.zsh
[180.934s] -- Symlinking: /home/unitree/navigation_ws/install/nav2_msgs/share/nav2_msgs/local_setup.dsv
[180.956s] -- Symlinking: /home/unitree/navigation_ws/install/nav2_msgs/share/nav2_msgs/package.dsv
[180.977s] -- Symlinking: /home/unitree/navigation_ws/install/nav2_msgs/share/ament_index/resource_index/packages/nav2_msgs
[181.001s] -- Symlinking: /home/unitree/navigation_ws/install/nav2_msgs/share/nav2_msgs/cmake/rosidl_cmake-extras.cmake
[181.021s] -- Symlinking: /home/unitree/navigation_ws/install/nav2_msgs/share/nav2_msgs/cmake/ament_cmake_export_dependencies-extras.cmake
[181.048s] -- Symlinking: /home/unitree/navigation_ws/install/nav2_msgs/share/nav2_msgs/cmake/ament_cmake_export_libraries-extras.cmake
[181.114s] -- Symlinking: /home/unitree/navigation_ws/install/nav2_msgs/share/nav2_msgs/cmake/ament_cmake_export_targets-extras.cmake
[181.148s] -- Symlinking: /home/unitree/navigation_ws/install/nav2_msgs/share/nav2_msgs/cmake/ament_cmake_export_include_directories-extras.cmake
[181.199s] -- Symlinking: /home/unitree/navigation_ws/install/nav2_msgs/share/nav2_msgs/cmake/rosidl_cmake_export_typesupport_libraries-extras.cmake
[181.246s] -- Symlinking: /home/unitree/navigation_ws/install/nav2_msgs/share/nav2_msgs/cmake/rosidl_cmake_export_typesupport_targets-extras.cmake
[181.268s] -- Symlinking: /home/unitree/navigation_ws/install/nav2_msgs/share/nav2_msgs/cmake/nav2_msgsConfig.cmake
[181.344s] -- Symlinking: /home/unitree/navigation_ws/install/nav2_msgs/share/nav2_msgs/cmake/nav2_msgsConfig-version.cmake
[181.391s] -- Symlinking: /home/unitree/navigation_ws/install/nav2_msgs/share/nav2_msgs/package.xml
[181.444s] -- Installing: /home/unitree/navigation_ws/install/nav2_msgs/lib/libnav2_msgs__rosidl_generator_c.so
[181.445s] -- Set runtime path of "/home/unitree/navigation_ws/install/nav2_msgs/lib/libnav2_msgs__rosidl_generator_c.so" to ""
[181.445s] -- Installing: /home/unitree/navigation_ws/install/nav2_msgs/lib/libnav2_msgs__rosidl_typesupport_introspection_c.so
[181.446s] -- Set runtime path of "/home/unitree/navigation_ws/install/nav2_msgs/lib/libnav2_msgs__rosidl_typesupport_introspection_c.so" to ""
[181.447s] -- Installing: /home/unitree/navigation_ws/install/nav2_msgs/lib/libnav2_msgs__rosidl_typesupport_c.so
[181.448s] -- Set runtime path of "/home/unitree/navigation_ws/install/nav2_msgs/lib/libnav2_msgs__rosidl_typesupport_c.so" to ""
[181.448s] -- Installing: /home/unitree/navigation_ws/install/nav2_msgs/lib/libnav2_msgs__rosidl_typesupport_introspection_cpp.so
[181.449s] -- Set runtime path of "/home/unitree/navigation_ws/install/nav2_msgs/lib/libnav2_msgs__rosidl_typesupport_introspection_cpp.so" to ""
[181.450s] -- Installing: /home/unitree/navigation_ws/install/nav2_msgs/lib/libnav2_msgs__rosidl_typesupport_cpp.so
[181.450s] -- Set runtime path of "/home/unitree/navigation_ws/install/nav2_msgs/lib/libnav2_msgs__rosidl_typesupport_cpp.so" to ""
[181.538s] Compiling '/home/unitree/navigation_ws/install/nav2_msgs/lib/python3.8/site-packages/nav2_msgs/__init__.py'...
[181.553s] -- Installing: /home/unitree/navigation_ws/install/nav2_msgs/share/nav2_msgs/cmake/nav2_msgs__rosidl_generator_cExport.cmake
[181.553s] -- Installing: /home/unitree/navigation_ws/install/nav2_msgs/share/nav2_msgs/cmake/nav2_msgs__rosidl_generator_cExport-release.cmake
[181.554s] -- Installing: /home/unitree/navigation_ws/install/nav2_msgs/share/nav2_msgs/cmake/nav2_msgs__rosidl_typesupport_introspection_cExport.cmake
[181.554s] -- Installing: /home/unitree/navigation_ws/install/nav2_msgs/share/nav2_msgs/cmake/nav2_msgs__rosidl_typesupport_introspection_cExport-release.cmake
[181.555s] -- Installing: /home/unitree/navigation_ws/install/nav2_msgs/share/nav2_msgs/cmake/nav2_msgs__rosidl_typesupport_cExport.cmake
[181.555s] -- Installing: /home/unitree/navigation_ws/install/nav2_msgs/share/nav2_msgs/cmake/nav2_msgs__rosidl_typesupport_cExport-release.cmake
[181.556s] -- Installing: /home/unitree/navigation_ws/install/nav2_msgs/share/nav2_msgs/cmake/nav2_msgs__rosidl_generator_cppExport.cmake
[181.557s] -- Installing: /home/unitree/navigation_ws/install/nav2_msgs/share/nav2_msgs/cmake/nav2_msgs__rosidl_typesupport_introspection_cppExport.cmake
[181.557s] -- Installing: /home/unitree/navigation_ws/install/nav2_msgs/share/nav2_msgs/cmake/nav2_msgs__rosidl_typesupport_introspection_cppExport-release.cmake
[181.558s] -- Installing: /home/unitree/navigation_ws/install/nav2_msgs/share/nav2_msgs/cmake/nav2_msgs__rosidl_typesupport_cppExport.cmake
[181.558s] -- Installing: /home/unitree/navigation_ws/install/nav2_msgs/share/nav2_msgs/cmake/nav2_msgs__rosidl_typesupport_cppExport-release.cmake
[181.572s] Invoked command in '/home/unitree/navigation_ws/build/nav2_msgs' returned '0': AMENT_PREFIX_PATH=/home/unitree/navigation_ws/install/nav2_common:${AMENT_PREFIX_PATH} CMAKE_PREFIX_PATH=/home/unitree/navigation_ws/install/nav2_common:/home/unitree/cyclonedds_ws/install/rmw_cyclonedds_cpp:/home/unitree/cyclonedds_ws/install/cyclonedds:/opt/ros/foxy PYTHONPATH=/home/unitree/navigation_ws/install/nav2_common/lib/python3.8/site-packages:${PYTHONPATH} /usr/bin/cmake --install /home/unitree/navigation_ws/build/nav2_msgs
