Performing C SOURCE FILE Test CMAKE_HAVE_LIBC_PTHREAD failed with the following output:
Change Dir: /home/unitree/navigation_ws/build/pointcloud_to_laserscan/CMakeFiles/CMakeTmp

Run Build Command(s):/usr/bin/make cmTC_739bb/fast && /usr/bin/make -f CMakeFiles/cmTC_739bb.dir/build.make CMakeFiles/cmTC_739bb.dir/build
make[1]: Entering directory '/home/unitree/navigation_ws/build/pointcloud_to_laserscan/CMakeFiles/CMakeTmp'
Building C object CMakeFiles/cmTC_739bb.dir/src.c.o
/usr/bin/cc   -DCMAKE_HAVE_LIBC_PTHREAD   -o CMakeFiles/cmTC_739bb.dir/src.c.o   -c /home/unitree/navigation_ws/build/pointcloud_to_laserscan/CMakeFiles/CMakeTmp/src.c
Linking C executable cmTC_739bb
/usr/bin/cmake -E cmake_link_script CMakeFiles/cmTC_739bb.dir/link.txt --verbose=1
/usr/bin/cc  -DCMAKE_HAVE_LIBC_PTHREAD    CMakeFiles/cmTC_739bb.dir/src.c.o  -o cmTC_739bb 
/usr/bin/ld: CMakeFiles/cmTC_739bb.dir/src.c.o: in function `main':
src.c:(.text+0x48): undefined reference to `pthread_create'
/usr/bin/ld: src.c:(.text+0x50): undefined reference to `pthread_detach'
/usr/bin/ld: src.c:(.text+0x5c): undefined reference to `pthread_join'
collect2: error: ld returned 1 exit status
make[1]: *** [CMakeFiles/cmTC_739bb.dir/build.make:87: cmTC_739bb] Error 1
make[1]: Leaving directory '/home/unitree/navigation_ws/build/pointcloud_to_laserscan/CMakeFiles/CMakeTmp'
make: *** [Makefile:121: cmTC_739bb/fast] Error 2


Source file was:
#include <pthread.h>

void* test_func(void* data)
{
  return data;
}

int main(void)
{
  pthread_t thread;
  pthread_create(&thread, NULL, test_func, NULL);
  pthread_detach(thread);
  pthread_join(thread, NULL);
  pthread_atfork(NULL, NULL, NULL);
  pthread_exit(NULL);

  return 0;
}

Determining if the function pthread_create exists in the pthreads failed with the following output:
Change Dir: /home/unitree/navigation_ws/build/pointcloud_to_laserscan/CMakeFiles/CMakeTmp

Run Build Command(s):/usr/bin/make cmTC_2236c/fast && /usr/bin/make -f CMakeFiles/cmTC_2236c.dir/build.make CMakeFiles/cmTC_2236c.dir/build
make[1]: Entering directory '/home/unitree/navigation_ws/build/pointcloud_to_laserscan/CMakeFiles/CMakeTmp'
Building C object CMakeFiles/cmTC_2236c.dir/CheckFunctionExists.c.o
/usr/bin/cc   -DCHECK_FUNCTION_EXISTS=pthread_create   -o CMakeFiles/cmTC_2236c.dir/CheckFunctionExists.c.o   -c /usr/share/cmake-3.16/Modules/CheckFunctionExists.c
Linking C executable cmTC_2236c
/usr/bin/cmake -E cmake_link_script CMakeFiles/cmTC_2236c.dir/link.txt --verbose=1
/usr/bin/cc  -DCHECK_FUNCTION_EXISTS=pthread_create    CMakeFiles/cmTC_2236c.dir/CheckFunctionExists.c.o  -o cmTC_2236c  -lpthreads 
/usr/bin/ld: cannot find -lpthreads
collect2: error: ld returned 1 exit status
make[1]: *** [CMakeFiles/cmTC_2236c.dir/build.make:87: cmTC_2236c] Error 1
make[1]: Leaving directory '/home/unitree/navigation_ws/build/pointcloud_to_laserscan/CMakeFiles/CMakeTmp'
make: *** [Makefile:121: cmTC_2236c/fast] Error 2



Performing C SOURCE FILE Test CMAKE_HAVE_LIBC_PTHREAD failed with the following output:
Change Dir: /home/unitree/navigation_ws/build/pointcloud_to_laserscan/CMakeFiles/CMakeTmp

Run Build Command(s):/usr/bin/make cmTC_ba4af/fast && /usr/bin/make -f CMakeFiles/cmTC_ba4af.dir/build.make CMakeFiles/cmTC_ba4af.dir/build
make[1]: Entering directory '/home/unitree/navigation_ws/build/pointcloud_to_laserscan/CMakeFiles/CMakeTmp'
Building C object CMakeFiles/cmTC_ba4af.dir/src.c.o
/usr/bin/cc   -DCMAKE_HAVE_LIBC_PTHREAD   -o CMakeFiles/cmTC_ba4af.dir/src.c.o   -c /home/unitree/navigation_ws/build/pointcloud_to_laserscan/CMakeFiles/CMakeTmp/src.c
Linking C executable cmTC_ba4af
/usr/bin/cmake -E cmake_link_script CMakeFiles/cmTC_ba4af.dir/link.txt --verbose=1
/usr/bin/cc  -DCMAKE_HAVE_LIBC_PTHREAD    CMakeFiles/cmTC_ba4af.dir/src.c.o  -o cmTC_ba4af 
/usr/bin/ld: CMakeFiles/cmTC_ba4af.dir/src.c.o: in function `main':
src.c:(.text+0x48): undefined reference to `pthread_create'
/usr/bin/ld: src.c:(.text+0x50): undefined reference to `pthread_detach'
/usr/bin/ld: src.c:(.text+0x5c): undefined reference to `pthread_join'
collect2: error: ld returned 1 exit status
make[1]: *** [CMakeFiles/cmTC_ba4af.dir/build.make:87: cmTC_ba4af] Error 1
make[1]: Leaving directory '/home/unitree/navigation_ws/build/pointcloud_to_laserscan/CMakeFiles/CMakeTmp'
make: *** [Makefile:121: cmTC_ba4af/fast] Error 2


Source file was:
#include <pthread.h>

void* test_func(void* data)
{
  return data;
}

int main(void)
{
  pthread_t thread;
  pthread_create(&thread, NULL, test_func, NULL);
  pthread_detach(thread);
  pthread_join(thread, NULL);
  pthread_atfork(NULL, NULL, NULL);
  pthread_exit(NULL);

  return 0;
}

Determining if the function pthread_create exists in the pthreads failed with the following output:
Change Dir: /home/unitree/navigation_ws/build/pointcloud_to_laserscan/CMakeFiles/CMakeTmp

Run Build Command(s):/usr/bin/make cmTC_58f2e/fast && /usr/bin/make -f CMakeFiles/cmTC_58f2e.dir/build.make CMakeFiles/cmTC_58f2e.dir/build
make[1]: Entering directory '/home/unitree/navigation_ws/build/pointcloud_to_laserscan/CMakeFiles/CMakeTmp'
Building C object CMakeFiles/cmTC_58f2e.dir/CheckFunctionExists.c.o
/usr/bin/cc   -DCHECK_FUNCTION_EXISTS=pthread_create   -o CMakeFiles/cmTC_58f2e.dir/CheckFunctionExists.c.o   -c /usr/share/cmake-3.16/Modules/CheckFunctionExists.c
Linking C executable cmTC_58f2e
/usr/bin/cmake -E cmake_link_script CMakeFiles/cmTC_58f2e.dir/link.txt --verbose=1
/usr/bin/cc  -DCHECK_FUNCTION_EXISTS=pthread_create    CMakeFiles/cmTC_58f2e.dir/CheckFunctionExists.c.o  -o cmTC_58f2e  -lpthreads 
/usr/bin/ld: cannot find -lpthreads
collect2: error: ld returned 1 exit status
make[1]: *** [CMakeFiles/cmTC_58f2e.dir/build.make:87: cmTC_58f2e] Error 1
make[1]: Leaving directory '/home/unitree/navigation_ws/build/pointcloud_to_laserscan/CMakeFiles/CMakeTmp'
make: *** [Makefile:121: cmTC_58f2e/fast] Error 2



Performing C SOURCE FILE Test CMAKE_HAVE_LIBC_PTHREAD failed with the following output:
Change Dir: /home/unitree/navigation_ws/build/pointcloud_to_laserscan/CMakeFiles/CMakeTmp

Run Build Command(s):/usr/bin/make cmTC_80d2a/fast && /usr/bin/make -f CMakeFiles/cmTC_80d2a.dir/build.make CMakeFiles/cmTC_80d2a.dir/build
make[1]: Entering directory '/home/unitree/navigation_ws/build/pointcloud_to_laserscan/CMakeFiles/CMakeTmp'
Building C object CMakeFiles/cmTC_80d2a.dir/src.c.o
/usr/bin/cc   -DCMAKE_HAVE_LIBC_PTHREAD   -o CMakeFiles/cmTC_80d2a.dir/src.c.o   -c /home/unitree/navigation_ws/build/pointcloud_to_laserscan/CMakeFiles/CMakeTmp/src.c
Linking C executable cmTC_80d2a
/usr/bin/cmake -E cmake_link_script CMakeFiles/cmTC_80d2a.dir/link.txt --verbose=1
/usr/bin/cc  -DCMAKE_HAVE_LIBC_PTHREAD    CMakeFiles/cmTC_80d2a.dir/src.c.o  -o cmTC_80d2a 
/usr/bin/ld: CMakeFiles/cmTC_80d2a.dir/src.c.o: in function `main':
src.c:(.text+0x48): undefined reference to `pthread_create'
/usr/bin/ld: src.c:(.text+0x50): undefined reference to `pthread_detach'
/usr/bin/ld: src.c:(.text+0x5c): undefined reference to `pthread_join'
collect2: error: ld returned 1 exit status
make[1]: *** [CMakeFiles/cmTC_80d2a.dir/build.make:87: cmTC_80d2a] Error 1
make[1]: Leaving directory '/home/unitree/navigation_ws/build/pointcloud_to_laserscan/CMakeFiles/CMakeTmp'
make: *** [Makefile:121: cmTC_80d2a/fast] Error 2


Source file was:
#include <pthread.h>

void* test_func(void* data)
{
  return data;
}

int main(void)
{
  pthread_t thread;
  pthread_create(&thread, NULL, test_func, NULL);
  pthread_detach(thread);
  pthread_join(thread, NULL);
  pthread_atfork(NULL, NULL, NULL);
  pthread_exit(NULL);

  return 0;
}

Determining if the function pthread_create exists in the pthreads failed with the following output:
Change Dir: /home/unitree/navigation_ws/build/pointcloud_to_laserscan/CMakeFiles/CMakeTmp

Run Build Command(s):/usr/bin/make cmTC_42744/fast && /usr/bin/make -f CMakeFiles/cmTC_42744.dir/build.make CMakeFiles/cmTC_42744.dir/build
make[1]: Entering directory '/home/unitree/navigation_ws/build/pointcloud_to_laserscan/CMakeFiles/CMakeTmp'
Building C object CMakeFiles/cmTC_42744.dir/CheckFunctionExists.c.o
/usr/bin/cc   -DCHECK_FUNCTION_EXISTS=pthread_create   -o CMakeFiles/cmTC_42744.dir/CheckFunctionExists.c.o   -c /usr/share/cmake-3.16/Modules/CheckFunctionExists.c
Linking C executable cmTC_42744
/usr/bin/cmake -E cmake_link_script CMakeFiles/cmTC_42744.dir/link.txt --verbose=1
/usr/bin/cc  -DCHECK_FUNCTION_EXISTS=pthread_create    CMakeFiles/cmTC_42744.dir/CheckFunctionExists.c.o  -o cmTC_42744  -lpthreads 
/usr/bin/ld: cannot find -lpthreads
collect2: error: ld returned 1 exit status
make[1]: *** [CMakeFiles/cmTC_42744.dir/build.make:87: cmTC_42744] Error 1
make[1]: Leaving directory '/home/unitree/navigation_ws/build/pointcloud_to_laserscan/CMakeFiles/CMakeTmp'
make: *** [Makefile:121: cmTC_42744/fast] Error 2



