[0.174s] Invoking command in '/home/unitree/navigation_ws/build/nav2_common': CMAKE_PREFIX_PATH=${CMAKE_PREFIX_PATH}:/opt/ros/foxy /usr/bin/cmake /home/unitree/navigation_ws/src/navigation2/nav2_common -DCMAKE_BUILD_TYPE=Release -DCMAKE_INSTALL_PREFIX=/home/unitree/navigation_ws/install/nav2_common
[0.272s] -- Found ament_cmake_core: 0.9.12 (/opt/ros/foxy/share/ament_cmake_core/cmake)
[0.282s] -- Found PythonInterp: /usr/bin/python3 (found suitable version "3.8.10", minimum required is "3") 
[0.283s] -- Using PYTHON_EXECUTABLE: /usr/bin/python3
[0.718s] -- Found ament_cmake_python: 0.9.12 (/opt/ros/foxy/share/ament_cmake_python/cmake)
[0.951s] -- Configuring done
[0.967s] -- Generating done
[0.968s] -- Build files have been written to: /home/unitree/navigation_ws/build/nav2_common
[0.974s] Invoked command in '/home/unitree/navigation_ws/build/nav2_common' returned '0': CMAKE_PREFIX_PATH=${CMAKE_PREFIX_PATH}:/opt/ros/foxy /usr/bin/cmake /home/unitree/navigation_ws/src/navigation2/nav2_common -DCMAKE_BUILD_TYPE=Release -DCMAKE_INSTALL_PREFIX=/home/unitree/navigation_ws/install/nav2_common
[0.983s] Invoking command in '/home/unitree/navigation_ws/build/nav2_common': CMAKE_PREFIX_PATH=${CMAKE_PREFIX_PATH}:/opt/ros/foxy /usr/bin/cmake --build /home/unitree/navigation_ws/build/nav2_common -- -j8 -l8
[4.528s] Invoked command in '/home/unitree/navigation_ws/build/nav2_common' returned '0': CMAKE_PREFIX_PATH=${CMAKE_PREFIX_PATH}:/opt/ros/foxy /usr/bin/cmake --build /home/unitree/navigation_ws/build/nav2_common -- -j8 -l8
[4.805s] Invoking command in '/home/unitree/navigation_ws/build/nav2_common': CMAKE_PREFIX_PATH=${CMAKE_PREFIX_PATH}:/opt/ros/foxy /usr/bin/cmake --install /home/unitree/navigation_ws/build/nav2_common
[5.038s] -- Install configuration: "Release"
[5.043s] -- Up-to-date: /home/unitree/navigation_ws/install/nav2_common/lib/python3.8/site-packages/nav2_common
[5.044s] -- Up-to-date: /home/unitree/navigation_ws/install/nav2_common/lib/python3.8/site-packages/nav2_common/launch
[5.044s] Listing '/home/unitree/navigation_ws/install/nav2_common/lib/python3.8/site-packages/nav2_common'...
[5.044s] Listing '/home/unitree/navigation_ws/install/nav2_common/lib/python3.8/site-packages/nav2_common/launch'...
[5.045s] -- Installing: /home/unitree/navigation_ws/install/nav2_common/share/nav2_common/package.dsv
[5.045s] -- Up-to-date: /home/unitree/navigation_ws/install/nav2_common/share/nav2_common/cmake
[5.073s] Invoked command in '/home/unitree/navigation_ws/build/nav2_common' returned '0': CMAKE_PREFIX_PATH=${CMAKE_PREFIX_PATH}:/opt/ros/foxy /usr/bin/cmake --install /home/unitree/navigation_ws/build/nav2_common
