[0.070s] Invoking command in '/home/unitree/navigation_ws/build/nav2_costmap_2d': CMAKE_PREFIX_PATH=/home/unitree/navigation_ws/install/nav2_map_server:/home/unitree/navigation_ws/install/nav2_lifecycle_manager:/home/unitree/navigation_ws/install/nav2_util:/home/unitree/navigation_ws/install/nav2_voxel_grid:/home/unitree/navigation_ws/install/nav2_msgs:/home/unitree/navigation_ws/install/nav2_common:/home/unitree/navigation_ws/install/nav2_bringup:/home/unitree/navigation_ws/install/navigation2:/home/unitree/navigation_ws/install/smac_planner:/home/unitree/navigation_ws/install/rm_autonomy:/home/unitree/navigation_ws/install/rm_autonomy_interfaces:/home/unitree/navigation_ws/install/bringup:/home/unitree/navigation_ws/install/pointcloud_to_laserscan:/home/unitree/navigation_ws/install/nav2_dwb_controller:/home/unitree/navigation_ws/install/nav2_controller:/home/unitree/navigation_ws/install/dwb_plugins:/home/unitree/navigation_ws/install/dwb_critics:/home/unitree/navigation_ws/install/dwb_core:/home/unitree/navigation_ws/install/nav_2d_utils:/home/unitree/navigation_ws/install/dwb_msgs:/home/unitree/navigation_ws/install/nav_2d_msgs:/home/unitree/navigation_ws/install/nav2_waypoint_follower:/home/unitree/navigation_ws/install/nav2_regulated_pure_pursuit_controller:/home/unitree/navigation_ws/install/nav2_recoveries:/home/unitree/navigation_ws/install/nav2_planner:/home/unitree/navigation_ws/install/nav2_navfn_planner:/home/unitree/navigation_ws/install/nav2_core:/home/unitree/navigation_ws/install/costmap_queue:/home/unitree/navigation_ws/install/nav2_costmap_2d:/home/unitree/navigation_ws/install/nav2_bt_navigator:/home/unitree/navigation_ws/install/nav2_behavior_tree:/home/unitree/navigation_ws/install/nav2_amcl:/home/unitree/navigation_ws/install/loam_interface:/home/unitree/navigation_ws/install/fast_lio:/home/unitree/navigation_ws/install/livox_ros_driver2:/home/unitree/navigation_ws/install/linefit_ground_segmentation_ros:/home/unitree/navigation_ws/install/linefit_ground_segmentation:/home/unitree/navigation_ws/install/cmd_vel_processor:/home/unitree/navigation_ws/install/behaviortree_cpp:/home/unitree/cyclonedds_ws/install/rmw_cyclonedds_cpp:/home/unitree/cyclonedds_ws/install/cyclonedds:/opt/ros/foxy LD_LIBRARY_PATH=/home/unitree/navigation_ws/install/nav2_map_server/lib:/home/unitree/navigation_ws/install/nav2_lifecycle_manager/lib:/home/unitree/navigation_ws/install/nav2_util/lib:/home/unitree/navigation_ws/install/nav2_voxel_grid/lib:/home/unitree/navigation_ws/install/nav2_msgs/lib:/home/unitree/navigation_ws/install/smac_planner/lib:/home/unitree/navigation_ws/install/rm_autonomy/lib:/home/unitree/navigation_ws/install/rm_autonomy_interfaces/lib:/home/unitree/navigation_ws/install/pointcloud_to_laserscan/lib:/home/unitree/navigation_ws/install/nav2_controller/lib:/home/unitree/navigation_ws/install/dwb_plugins/lib:/home/unitree/navigation_ws/install/dwb_critics/lib:/home/unitree/navigation_ws/install/dwb_core/lib:/home/unitree/navigation_ws/install/nav_2d_utils/lib:/home/unitree/navigation_ws/install/dwb_msgs/lib:/home/unitree/navigation_ws/install/nav_2d_msgs/lib:/home/unitree/navigation_ws/install/nav2_waypoint_follower/lib:/home/unitree/navigation_ws/install/nav2_regulated_pure_pursuit_controller/lib:/home/unitree/navigation_ws/install/nav2_recoveries/lib:/home/unitree/navigation_ws/install/nav2_planner/lib:/home/unitree/navigation_ws/install/nav2_navfn_planner/lib:/home/unitree/navigation_ws/install/costmap_queue/lib:/home/unitree/navigation_ws/install/nav2_costmap_2d/lib:/home/unitree/navigation_ws/install/nav2_bt_navigator/lib:/home/unitree/navigation_ws/install/nav2_behavior_tree/lib:/home/unitree/navigation_ws/install/nav2_amcl/lib:/home/unitree/navigation_ws/install/loam_interface/lib:/home/unitree/navigation_ws/install/fast_lio/lib:/home/unitree/navigation_ws/install/livox_ros_driver2/lib:/home/unitree/navigation_ws/install/linefit_ground_segmentation/lib:/home/unitree/navigation_ws/install/behaviortree_cpp/lib:/usr/local/cuda-11.4/lib64:/usr/local/lib:/home/unitree/cyclonedds_ws/install/rmw_cyclonedds_cpp/lib:/home/unitree/cyclonedds_ws/install/cyclonedds/lib:/opt/ros/foxy/opt/yaml_cpp_vendor/lib:/opt/ros/foxy/opt/rviz_ogre_vendor/lib:/opt/ros/foxy/lib/aarch64-linux-gnu:/opt/ros/foxy/lib PYTHONPATH=/home/unitree/navigation_ws/install/nav2_msgs/lib/python3.8/site-packages:/home/unitree/navigation_ws/install/nav2_common/lib/python3.8/site-packages:/home/unitree/navigation_ws/install/rm_autonomy_interfaces/lib/python3.8/site-packages:/home/unitree/navigation_ws/install/dwb_msgs/lib/python3.8/site-packages:/home/unitree/navigation_ws/install/nav_2d_msgs/lib/python3.8/site-packages:/home/unitree/navigation_ws/install/fast_lio/lib/python3.8/site-packages:/home/unitree/navigation_ws/install/livox_ros_driver2/lib/python3.8/site-packages:/opt/ros/foxy/lib/python3.8/site-packages /usr/bin/cmake /home/unitree/navigation_ws/src/navigation2/nav2_costmap_2d -DCMAKE_BUILD_TYPE=Release -DCMAKE_INSTALL_PREFIX=/home/unitree/navigation_ws/install/nav2_costmap_2d
[0.203s] -- The C compiler identification is GNU 9.4.0
[0.314s] -- The CXX compiler identification is GNU 9.4.0
[0.330s] -- Check for working C compiler: /usr/bin/cc
[0.505s] -- Check for working C compiler: /usr/bin/cc -- works
[0.505s] -- Detecting C compiler ABI info
[0.676s] -- Detecting C compiler ABI info - done
[0.692s] -- Detecting C compile features
[0.692s] -- Detecting C compile features - done
[0.696s] -- Check for working CXX compiler: /usr/bin/c++
[0.894s] -- Check for working CXX compiler: /usr/bin/c++ -- works
[0.895s] -- Detecting CXX compiler ABI info
[1.088s] -- Detecting CXX compiler ABI info - done
[1.109s] -- Detecting CXX compile features
[1.109s] -- Detecting CXX compile features - done
[1.125s] -- Found ament_cmake: 0.9.12 (/opt/ros/foxy/share/ament_cmake/cmake)
[1.202s] -- Found PythonInterp: /usr/bin/python3 (found suitable version "3.8.10", minimum required is "3") 
[1.203s] -- Using PYTHON_EXECUTABLE: /usr/bin/python3
[1.664s] -- Found geometry_msgs: 2.0.5 (/opt/ros/foxy/share/geometry_msgs/cmake)
[1.764s] -- Using all available rosidl_typesupport_c: rosidl_typesupport_fastrtps_c;rosidl_typesupport_introspection_c
[1.792s] -- Found rosidl_adapter: 1.3.1 (/opt/ros/foxy/share/rosidl_adapter/cmake)
[2.062s] -- Found OpenSSL: /usr/lib/aarch64-linux-gnu/libcrypto.so (found version "1.1.1f")  
[2.134s] -- Found FastRTPS: /opt/ros/foxy/include  
[2.304s] -- Using all available rosidl_typesupport_cpp: rosidl_typesupport_fastrtps_cpp;rosidl_typesupport_introspection_cpp
[2.448s] -- Found laser_geometry: 2.2.0 (/opt/ros/foxy/share/laser_geometry/cmake)
[2.476s] -- Found map_msgs: 2.0.2 (/opt/ros/foxy/share/map_msgs/cmake)
[2.978s] -- Found message_filters: 3.2.7 (/opt/ros/foxy/share/message_filters/cmake)
[2.982s] -- Found nav2_common: 0.4.7 (/home/unitree/navigation_ws/install/nav2_common/share/nav2_common/cmake)
[2.984s] -- Found nav2_msgs: 0.4.7 (/home/unitree/navigation_ws/install/nav2_msgs/share/nav2_msgs/cmake)
[3.384s] -- Found nav2_util: 0.4.7 (/home/unitree/navigation_ws/install/nav2_util/share/nav2_util/cmake)
[3.552s] -- Found rmw_implementation_cmake: 1.0.4 (/opt/ros/foxy/share/rmw_implementation_cmake/cmake)
[3.559s] -- Using RMW implementation 'rmw_cyclonedds_cpp' as default
[3.560s] -- Looking for pthread.h
[3.730s] -- Looking for pthread.h - found
[3.733s] -- Performing Test CMAKE_HAVE_LIBC_PTHREAD
[3.923s] -- Performing Test CMAKE_HAVE_LIBC_PTHREAD - Failed
[3.923s] -- Looking for pthread_create in pthreads
[4.082s] -- Looking for pthread_create in pthreads - not found
[4.083s] -- Looking for pthread_create in pthread
[4.269s] -- Looking for pthread_create in pthread - found
[4.271s] -- Found Threads: TRUE  
[5.122s] -- Found Eigen3: TRUE (found version "3.3.7") 
[5.378s] -- Found nav2_voxel_grid: 0.4.7 (/home/unitree/navigation_ws/install/nav2_voxel_grid/share/nav2_voxel_grid/cmake)
[5.392s] -- Found pluginlib: 2.5.4 (/opt/ros/foxy/share/pluginlib/cmake)
[5.444s] -- Found tf2_sensor_msgs: 0.13.14 (/opt/ros/foxy/share/tf2_sensor_msgs/cmake)
[5.476s] -- Found visualization_msgs: 2.0.5 (/opt/ros/foxy/share/visualization_msgs/cmake)
[5.587s] -- Found angles: 1.12.6 (/opt/ros/foxy/share/angles/cmake)
[6.736s] -- Found ament_lint_auto: 0.9.8 (/opt/ros/foxy/share/ament_lint_auto/cmake)
[7.368s] -- Found gtest sources under '/opt/ros/foxy/src/gtest_vendor': C++ tests using 'Google Test' will be built
[7.373s] -- Check if compiler accepts -pthread
[7.544s] -- Check if compiler accepts -pthread - yes
[7.557s] -- Found gtest sources under '/opt/ros/foxy/src/gtest_vendor': C++ tests using 'Google Test' will be built
[8.726s] -- Added test 'cppcheck' to perform static code analysis on C / C++ code
[8.727s] -- Configured cppcheck include dirs: /home/unitree/navigation_ws/src/navigation2/nav2_costmap_2d/include
[8.727s] -- Configured cppcheck exclude dirs and/or files: 
[8.729s] -- Added test 'flake8' to check Python code syntax and style conventions
[8.731s] -- Added test 'lint_cmake' to check CMake code style
[8.733s] -- Added test 'pep257' to check Python code against some of the style conventions in PEP 257
[8.739s] -- Added test 'uncrustify' to check C / C++ code style
[8.739s] -- Configured uncrustify additional arguments: 
[8.741s] -- Added test 'xmllint' to check XML markup files
[8.758s] -- Configuring done
[9.482s] -- Generating done
[9.489s] -- Build files have been written to: /home/unitree/navigation_ws/build/nav2_costmap_2d
[9.534s] Invoked command in '/home/unitree/navigation_ws/build/nav2_costmap_2d' returned '0': CMAKE_PREFIX_PATH=/home/unitree/navigation_ws/install/nav2_map_server:/home/unitree/navigation_ws/install/nav2_lifecycle_manager:/home/unitree/navigation_ws/install/nav2_util:/home/unitree/navigation_ws/install/nav2_voxel_grid:/home/unitree/navigation_ws/install/nav2_msgs:/home/unitree/navigation_ws/install/nav2_common:/home/unitree/navigation_ws/install/nav2_bringup:/home/unitree/navigation_ws/install/navigation2:/home/unitree/navigation_ws/install/smac_planner:/home/unitree/navigation_ws/install/rm_autonomy:/home/unitree/navigation_ws/install/rm_autonomy_interfaces:/home/unitree/navigation_ws/install/bringup:/home/unitree/navigation_ws/install/pointcloud_to_laserscan:/home/unitree/navigation_ws/install/nav2_dwb_controller:/home/unitree/navigation_ws/install/nav2_controller:/home/unitree/navigation_ws/install/dwb_plugins:/home/unitree/navigation_ws/install/dwb_critics:/home/unitree/navigation_ws/install/dwb_core:/home/unitree/navigation_ws/install/nav_2d_utils:/home/unitree/navigation_ws/install/dwb_msgs:/home/unitree/navigation_ws/install/nav_2d_msgs:/home/unitree/navigation_ws/install/nav2_waypoint_follower:/home/unitree/navigation_ws/install/nav2_regulated_pure_pursuit_controller:/home/unitree/navigation_ws/install/nav2_recoveries:/home/unitree/navigation_ws/install/nav2_planner:/home/unitree/navigation_ws/install/nav2_navfn_planner:/home/unitree/navigation_ws/install/nav2_core:/home/unitree/navigation_ws/install/costmap_queue:/home/unitree/navigation_ws/install/nav2_costmap_2d:/home/unitree/navigation_ws/install/nav2_bt_navigator:/home/unitree/navigation_ws/install/nav2_behavior_tree:/home/unitree/navigation_ws/install/nav2_amcl:/home/unitree/navigation_ws/install/loam_interface:/home/unitree/navigation_ws/install/fast_lio:/home/unitree/navigation_ws/install/livox_ros_driver2:/home/unitree/navigation_ws/install/linefit_ground_segmentation_ros:/home/unitree/navigation_ws/install/linefit_ground_segmentation:/home/unitree/navigation_ws/install/cmd_vel_processor:/home/unitree/navigation_ws/install/behaviortree_cpp:/home/unitree/cyclonedds_ws/install/rmw_cyclonedds_cpp:/home/unitree/cyclonedds_ws/install/cyclonedds:/opt/ros/foxy LD_LIBRARY_PATH=/home/unitree/navigation_ws/install/nav2_map_server/lib:/home/unitree/navigation_ws/install/nav2_lifecycle_manager/lib:/home/unitree/navigation_ws/install/nav2_util/lib:/home/unitree/navigation_ws/install/nav2_voxel_grid/lib:/home/unitree/navigation_ws/install/nav2_msgs/lib:/home/unitree/navigation_ws/install/smac_planner/lib:/home/unitree/navigation_ws/install/rm_autonomy/lib:/home/unitree/navigation_ws/install/rm_autonomy_interfaces/lib:/home/unitree/navigation_ws/install/pointcloud_to_laserscan/lib:/home/unitree/navigation_ws/install/nav2_controller/lib:/home/unitree/navigation_ws/install/dwb_plugins/lib:/home/unitree/navigation_ws/install/dwb_critics/lib:/home/unitree/navigation_ws/install/dwb_core/lib:/home/unitree/navigation_ws/install/nav_2d_utils/lib:/home/unitree/navigation_ws/install/dwb_msgs/lib:/home/unitree/navigation_ws/install/nav_2d_msgs/lib:/home/unitree/navigation_ws/install/nav2_waypoint_follower/lib:/home/unitree/navigation_ws/install/nav2_regulated_pure_pursuit_controller/lib:/home/unitree/navigation_ws/install/nav2_recoveries/lib:/home/unitree/navigation_ws/install/nav2_planner/lib:/home/unitree/navigation_ws/install/nav2_navfn_planner/lib:/home/unitree/navigation_ws/install/costmap_queue/lib:/home/unitree/navigation_ws/install/nav2_costmap_2d/lib:/home/unitree/navigation_ws/install/nav2_bt_navigator/lib:/home/unitree/navigation_ws/install/nav2_behavior_tree/lib:/home/unitree/navigation_ws/install/nav2_amcl/lib:/home/unitree/navigation_ws/install/loam_interface/lib:/home/unitree/navigation_ws/install/fast_lio/lib:/home/unitree/navigation_ws/install/livox_ros_driver2/lib:/home/unitree/navigation_ws/install/linefit_ground_segmentation/lib:/home/unitree/navigation_ws/install/behaviortree_cpp/lib:/usr/local/cuda-11.4/lib64:/usr/local/lib:/home/unitree/cyclonedds_ws/install/rmw_cyclonedds_cpp/lib:/home/unitree/cyclonedds_ws/install/cyclonedds/lib:/opt/ros/foxy/opt/yaml_cpp_vendor/lib:/opt/ros/foxy/opt/rviz_ogre_vendor/lib:/opt/ros/foxy/lib/aarch64-linux-gnu:/opt/ros/foxy/lib PYTHONPATH=/home/unitree/navigation_ws/install/nav2_msgs/lib/python3.8/site-packages:/home/unitree/navigation_ws/install/nav2_common/lib/python3.8/site-packages:/home/unitree/navigation_ws/install/rm_autonomy_interfaces/lib/python3.8/site-packages:/home/unitree/navigation_ws/install/dwb_msgs/lib/python3.8/site-packages:/home/unitree/navigation_ws/install/nav_2d_msgs/lib/python3.8/site-packages:/home/unitree/navigation_ws/install/fast_lio/lib/python3.8/site-packages:/home/unitree/navigation_ws/install/livox_ros_driver2/lib/python3.8/site-packages:/opt/ros/foxy/lib/python3.8/site-packages /usr/bin/cmake /home/unitree/navigation_ws/src/navigation2/nav2_costmap_2d -DCMAKE_BUILD_TYPE=Release -DCMAKE_INSTALL_PREFIX=/home/unitree/navigation_ws/install/nav2_costmap_2d
[9.541s] Invoking command in '/home/unitree/navigation_ws/build/nav2_costmap_2d': CMAKE_PREFIX_PATH=/home/unitree/navigation_ws/install/nav2_map_server:/home/unitree/navigation_ws/install/nav2_lifecycle_manager:/home/unitree/navigation_ws/install/nav2_util:/home/unitree/navigation_ws/install/nav2_voxel_grid:/home/unitree/navigation_ws/install/nav2_msgs:/home/unitree/navigation_ws/install/nav2_common:/home/unitree/navigation_ws/install/nav2_bringup:/home/unitree/navigation_ws/install/navigation2:/home/unitree/navigation_ws/install/smac_planner:/home/unitree/navigation_ws/install/rm_autonomy:/home/unitree/navigation_ws/install/rm_autonomy_interfaces:/home/unitree/navigation_ws/install/bringup:/home/unitree/navigation_ws/install/pointcloud_to_laserscan:/home/unitree/navigation_ws/install/nav2_dwb_controller:/home/unitree/navigation_ws/install/nav2_controller:/home/unitree/navigation_ws/install/dwb_plugins:/home/unitree/navigation_ws/install/dwb_critics:/home/unitree/navigation_ws/install/dwb_core:/home/unitree/navigation_ws/install/nav_2d_utils:/home/unitree/navigation_ws/install/dwb_msgs:/home/unitree/navigation_ws/install/nav_2d_msgs:/home/unitree/navigation_ws/install/nav2_waypoint_follower:/home/unitree/navigation_ws/install/nav2_regulated_pure_pursuit_controller:/home/unitree/navigation_ws/install/nav2_recoveries:/home/unitree/navigation_ws/install/nav2_planner:/home/unitree/navigation_ws/install/nav2_navfn_planner:/home/unitree/navigation_ws/install/nav2_core:/home/unitree/navigation_ws/install/costmap_queue:/home/unitree/navigation_ws/install/nav2_costmap_2d:/home/unitree/navigation_ws/install/nav2_bt_navigator:/home/unitree/navigation_ws/install/nav2_behavior_tree:/home/unitree/navigation_ws/install/nav2_amcl:/home/unitree/navigation_ws/install/loam_interface:/home/unitree/navigation_ws/install/fast_lio:/home/unitree/navigation_ws/install/livox_ros_driver2:/home/unitree/navigation_ws/install/linefit_ground_segmentation_ros:/home/unitree/navigation_ws/install/linefit_ground_segmentation:/home/unitree/navigation_ws/install/cmd_vel_processor:/home/unitree/navigation_ws/install/behaviortree_cpp:/home/unitree/cyclonedds_ws/install/rmw_cyclonedds_cpp:/home/unitree/cyclonedds_ws/install/cyclonedds:/opt/ros/foxy LD_LIBRARY_PATH=/home/unitree/navigation_ws/install/nav2_map_server/lib:/home/unitree/navigation_ws/install/nav2_lifecycle_manager/lib:/home/unitree/navigation_ws/install/nav2_util/lib:/home/unitree/navigation_ws/install/nav2_voxel_grid/lib:/home/unitree/navigation_ws/install/nav2_msgs/lib:/home/unitree/navigation_ws/install/smac_planner/lib:/home/unitree/navigation_ws/install/rm_autonomy/lib:/home/unitree/navigation_ws/install/rm_autonomy_interfaces/lib:/home/unitree/navigation_ws/install/pointcloud_to_laserscan/lib:/home/unitree/navigation_ws/install/nav2_controller/lib:/home/unitree/navigation_ws/install/dwb_plugins/lib:/home/unitree/navigation_ws/install/dwb_critics/lib:/home/unitree/navigation_ws/install/dwb_core/lib:/home/unitree/navigation_ws/install/nav_2d_utils/lib:/home/unitree/navigation_ws/install/dwb_msgs/lib:/home/unitree/navigation_ws/install/nav_2d_msgs/lib:/home/unitree/navigation_ws/install/nav2_waypoint_follower/lib:/home/unitree/navigation_ws/install/nav2_regulated_pure_pursuit_controller/lib:/home/unitree/navigation_ws/install/nav2_recoveries/lib:/home/unitree/navigation_ws/install/nav2_planner/lib:/home/unitree/navigation_ws/install/nav2_navfn_planner/lib:/home/unitree/navigation_ws/install/costmap_queue/lib:/home/unitree/navigation_ws/install/nav2_costmap_2d/lib:/home/unitree/navigation_ws/install/nav2_bt_navigator/lib:/home/unitree/navigation_ws/install/nav2_behavior_tree/lib:/home/unitree/navigation_ws/install/nav2_amcl/lib:/home/unitree/navigation_ws/install/loam_interface/lib:/home/unitree/navigation_ws/install/fast_lio/lib:/home/unitree/navigation_ws/install/livox_ros_driver2/lib:/home/unitree/navigation_ws/install/linefit_ground_segmentation/lib:/home/unitree/navigation_ws/install/behaviortree_cpp/lib:/usr/local/cuda-11.4/lib64:/usr/local/lib:/home/unitree/cyclonedds_ws/install/rmw_cyclonedds_cpp/lib:/home/unitree/cyclonedds_ws/install/cyclonedds/lib:/opt/ros/foxy/opt/yaml_cpp_vendor/lib:/opt/ros/foxy/opt/rviz_ogre_vendor/lib:/opt/ros/foxy/lib/aarch64-linux-gnu:/opt/ros/foxy/lib PYTHONPATH=/home/unitree/navigation_ws/install/nav2_msgs/lib/python3.8/site-packages:/home/unitree/navigation_ws/install/nav2_common/lib/python3.8/site-packages:/home/unitree/navigation_ws/install/rm_autonomy_interfaces/lib/python3.8/site-packages:/home/unitree/navigation_ws/install/dwb_msgs/lib/python3.8/site-packages:/home/unitree/navigation_ws/install/nav_2d_msgs/lib/python3.8/site-packages:/home/unitree/navigation_ws/install/fast_lio/lib/python3.8/site-packages:/home/unitree/navigation_ws/install/livox_ros_driver2/lib/python3.8/site-packages:/opt/ros/foxy/lib/python3.8/site-packages /usr/bin/cmake --build /home/unitree/navigation_ws/build/nav2_costmap_2d -- -j8 -l8
[9.679s] [35m[1mScanning dependencies of target nav2_costmap_2d_core[0m
[9.841s] [  2%] [32mBuilding CXX object CMakeFiles/nav2_costmap_2d_core.dir/src/array_parser.cpp.o[0m
[10.781s] [  4%] [32mBuilding CXX object CMakeFiles/nav2_costmap_2d_core.dir/src/costmap_2d_publisher.cpp.o[0m
[18.824s] [  6%] [32mBuilding CXX object CMakeFiles/nav2_costmap_2d_core.dir/src/costmap_math.cpp.o[0m
[19.492s] [  8%] [32mBuilding CXX object CMakeFiles/nav2_costmap_2d_core.dir/src/costmap_2d_ros.cpp.o[0m
[20.543s] [ 10%] [32mBuilding CXX object CMakeFiles/nav2_costmap_2d_core.dir/src/footprint.cpp.o[0m
[21.639s] [ 12%] [32mBuilding CXX object CMakeFiles/nav2_costmap_2d_core.dir/src/layered_costmap.cpp.o[0m
[22.693s] [ 14%] [32mBuilding CXX object CMakeFiles/nav2_costmap_2d_core.dir/src/layer.cpp.o[0m
[23.145s] [ 16%] [32mBuilding CXX object CMakeFiles/nav2_costmap_2d_core.dir/src/costmap_2d.cpp.o[0m
[24.183s] [ 18%] [32mBuilding CXX object CMakeFiles/nav2_costmap_2d_core.dir/src/costmap_layer.cpp.o[0m
[24.586s] [ 20%] [32mBuilding CXX object CMakeFiles/nav2_costmap_2d_core.dir/src/observation_buffer.cpp.o[0m
[26.087s] [ 22%] [32mBuilding CXX object CMakeFiles/nav2_costmap_2d_core.dir/src/clear_costmap_service.cpp.o[0m
[27.097s] [ 25%] [32mBuilding CXX object CMakeFiles/nav2_costmap_2d_core.dir/src/footprint_collision_checker.cpp.o[0m
[51.669s] [ 27%] [32m[1mLinking CXX shared library libnav2_costmap_2d_core.so[0m
[52.298s] [ 27%] Built target nav2_costmap_2d_core
[52.337s] [35m[1mScanning dependencies of target nav2_costmap_2d_client[0m
[52.345s] [35m[1mScanning dependencies of target layers[0m
[52.356s] [ 35%] Built target gtest
[52.356s] [ 35%] Built target gtest_main
[52.389s] [35m[1mScanning dependencies of target nav2_costmap_2d_markers[0m
[52.394s] [35m[1mScanning dependencies of target nav2_costmap_2d_cloud[0m
[52.432s] [ 39%] [32mBuilding CXX object CMakeFiles/nav2_costmap_2d_client.dir/src/footprint_subscriber.cpp.o[0m
[52.433s] [ 39%] [32mBuilding CXX object CMakeFiles/nav2_costmap_2d_client.dir/src/costmap_subscriber.cpp.o[0m
[52.447s] [ 41%] [32mBuilding CXX object CMakeFiles/nav2_costmap_2d_client.dir/src/costmap_topic_collision_checker.cpp.o[0m
[52.466s] [ 43%] [32mBuilding CXX object CMakeFiles/nav2_costmap_2d_cloud.dir/src/costmap_2d_cloud.cpp.o[0m
[52.470s] [ 45%] [32mBuilding CXX object CMakeFiles/nav2_costmap_2d_markers.dir/src/costmap_2d_markers.cpp.o[0m
[52.563s] [ 47%] [32mBuilding CXX object CMakeFiles/layers.dir/plugins/static_layer.cpp.o[0m
[52.574s] [ 50%] [32mBuilding CXX object CMakeFiles/layers.dir/plugins/inflation_layer.cpp.o[0m
[52.602s] [ 52%] [32mBuilding CXX object CMakeFiles/layers.dir/plugins/obstacle_layer.cpp.o[0m
[60.181s] [ 54%] [32mBuilding CXX object CMakeFiles/layers.dir/src/observation_buffer.cpp.o[0m
[61.653s] [ 56%] [32mBuilding CXX object CMakeFiles/layers.dir/plugins/voxel_layer.cpp.o[0m
[70.996s] [ 58%] [32m[1mLinking CXX shared library libnav2_costmap_2d_client.so[0m
[71.722s] [ 58%] Built target nav2_costmap_2d_client
[71.745s] [ 60%] [32m[1mLinking CXX executable nav2_costmap_2d_markers[0m
[72.186s] [ 60%] Built target nav2_costmap_2d_markers
[72.217s] [ 62%] [32m[1mLinking CXX executable nav2_costmap_2d_cloud[0m
[72.591s] [ 62%] Built target nav2_costmap_2d_cloud
[88.021s] [ 64%] [32mBuilding CXX object CMakeFiles/layers.dir/plugins/range_sensor_layer.cpp.o[0m
[103.107s] [ 66%] [32m[1mLinking CXX shared library liblayers.so[0m
[103.789s] [ 66%] Built target layers
[103.818s] [35m[1mScanning dependencies of target nav2_costmap_2d[0m
[103.818s] [35m[1mScanning dependencies of target array_parser_test[0m
[103.823s] [35m[1mScanning dependencies of target footprint_tests_exec[0m
[103.823s] [35m[1mScanning dependencies of target test_collision_checker_exec[0m
[103.824s] [35m[1mScanning dependencies of target obstacle_tests_exec[0m
[103.826s] [35m[1mScanning dependencies of target collision_footprint_test[0m
[103.829s] [35m[1mScanning dependencies of target range_tests_exec[0m
[103.841s] [35m[1mScanning dependencies of target inflation_tests_exec[0m
[103.864s] [ 68%] [32mBuilding CXX object test/unit/CMakeFiles/array_parser_test.dir/array_parser_test.cpp.o[0m
[103.897s] [ 72%] [32mBuilding CXX object test/integration/CMakeFiles/footprint_tests_exec.dir/footprint_tests.cpp.o[0m
[103.898s] [ 72%] [32mBuilding CXX object test/integration/CMakeFiles/obstacle_tests_exec.dir/obstacle_tests.cpp.o[0m
[103.903s] [ 75%] [32mBuilding CXX object test/unit/CMakeFiles/collision_footprint_test.dir/footprint_collision_checker_test.cpp.o[0m
[103.906s] [ 77%] [32mBuilding CXX object test/integration/CMakeFiles/test_collision_checker_exec.dir/test_costmap_topic_collision_checker.cpp.o[0m
[103.917s] [ 83%] [32mBuilding CXX object test/integration/CMakeFiles/inflation_tests_exec.dir/inflation_tests.cpp.o[0m
[103.917s] [ 83%] [32mBuilding CXX object test/integration/CMakeFiles/range_tests_exec.dir/range_tests.cpp.o[0m
[103.920s] [ 83%] [32mBuilding CXX object CMakeFiles/nav2_costmap_2d.dir/src/costmap_2d_node.cpp.o[0m
[106.573s] [ 85%] [32m[1mLinking CXX executable array_parser_test[0m
[107.076s] [ 85%] Built target array_parser_test
[110.123s] [ 87%] [32m[1mLinking CXX executable collision_footprint_test[0m
[110.745s] [ 87%] Built target collision_footprint_test
[111.331s] [ 89%] [32m[1mLinking CXX executable nav2_costmap_2d[0m
[111.418s] [ 91%] [32m[1mLinking CXX executable footprint_tests_exec[0m
[112.051s] [ 91%] Built target nav2_costmap_2d
[112.104s] [ 91%] Built target footprint_tests_exec
[117.091s] [ 93%] [32m[1mLinking CXX executable range_tests_exec[0m
[117.743s] [ 95%] [32m[1mLinking CXX executable obstacle_tests_exec[0m
[117.986s] [ 95%] Built target range_tests_exec
[118.449s] [ 95%] Built target obstacle_tests_exec
[118.499s] [ 97%] [32m[1mLinking CXX executable inflation_tests_exec[0m
[119.162s] [ 97%] Built target inflation_tests_exec
[119.521s] [100%] [32m[1mLinking CXX executable test_collision_checker_exec[0m
[120.248s] [100%] Built target test_collision_checker_exec
[120.281s] Invoked command in '/home/unitree/navigation_ws/build/nav2_costmap_2d' returned '0': CMAKE_PREFIX_PATH=/home/unitree/navigation_ws/install/nav2_map_server:/home/unitree/navigation_ws/install/nav2_lifecycle_manager:/home/unitree/navigation_ws/install/nav2_util:/home/unitree/navigation_ws/install/nav2_voxel_grid:/home/unitree/navigation_ws/install/nav2_msgs:/home/unitree/navigation_ws/install/nav2_common:/home/unitree/navigation_ws/install/nav2_bringup:/home/unitree/navigation_ws/install/navigation2:/home/unitree/navigation_ws/install/smac_planner:/home/unitree/navigation_ws/install/rm_autonomy:/home/unitree/navigation_ws/install/rm_autonomy_interfaces:/home/unitree/navigation_ws/install/bringup:/home/unitree/navigation_ws/install/pointcloud_to_laserscan:/home/unitree/navigation_ws/install/nav2_dwb_controller:/home/unitree/navigation_ws/install/nav2_controller:/home/unitree/navigation_ws/install/dwb_plugins:/home/unitree/navigation_ws/install/dwb_critics:/home/unitree/navigation_ws/install/dwb_core:/home/unitree/navigation_ws/install/nav_2d_utils:/home/unitree/navigation_ws/install/dwb_msgs:/home/unitree/navigation_ws/install/nav_2d_msgs:/home/unitree/navigation_ws/install/nav2_waypoint_follower:/home/unitree/navigation_ws/install/nav2_regulated_pure_pursuit_controller:/home/unitree/navigation_ws/install/nav2_recoveries:/home/unitree/navigation_ws/install/nav2_planner:/home/unitree/navigation_ws/install/nav2_navfn_planner:/home/unitree/navigation_ws/install/nav2_core:/home/unitree/navigation_ws/install/costmap_queue:/home/unitree/navigation_ws/install/nav2_costmap_2d:/home/unitree/navigation_ws/install/nav2_bt_navigator:/home/unitree/navigation_ws/install/nav2_behavior_tree:/home/unitree/navigation_ws/install/nav2_amcl:/home/unitree/navigation_ws/install/loam_interface:/home/unitree/navigation_ws/install/fast_lio:/home/unitree/navigation_ws/install/livox_ros_driver2:/home/unitree/navigation_ws/install/linefit_ground_segmentation_ros:/home/unitree/navigation_ws/install/linefit_ground_segmentation:/home/unitree/navigation_ws/install/cmd_vel_processor:/home/unitree/navigation_ws/install/behaviortree_cpp:/home/unitree/cyclonedds_ws/install/rmw_cyclonedds_cpp:/home/unitree/cyclonedds_ws/install/cyclonedds:/opt/ros/foxy LD_LIBRARY_PATH=/home/unitree/navigation_ws/install/nav2_map_server/lib:/home/unitree/navigation_ws/install/nav2_lifecycle_manager/lib:/home/unitree/navigation_ws/install/nav2_util/lib:/home/unitree/navigation_ws/install/nav2_voxel_grid/lib:/home/unitree/navigation_ws/install/nav2_msgs/lib:/home/unitree/navigation_ws/install/smac_planner/lib:/home/unitree/navigation_ws/install/rm_autonomy/lib:/home/unitree/navigation_ws/install/rm_autonomy_interfaces/lib:/home/unitree/navigation_ws/install/pointcloud_to_laserscan/lib:/home/unitree/navigation_ws/install/nav2_controller/lib:/home/unitree/navigation_ws/install/dwb_plugins/lib:/home/unitree/navigation_ws/install/dwb_critics/lib:/home/unitree/navigation_ws/install/dwb_core/lib:/home/unitree/navigation_ws/install/nav_2d_utils/lib:/home/unitree/navigation_ws/install/dwb_msgs/lib:/home/unitree/navigation_ws/install/nav_2d_msgs/lib:/home/unitree/navigation_ws/install/nav2_waypoint_follower/lib:/home/unitree/navigation_ws/install/nav2_regulated_pure_pursuit_controller/lib:/home/unitree/navigation_ws/install/nav2_recoveries/lib:/home/unitree/navigation_ws/install/nav2_planner/lib:/home/unitree/navigation_ws/install/nav2_navfn_planner/lib:/home/unitree/navigation_ws/install/costmap_queue/lib:/home/unitree/navigation_ws/install/nav2_costmap_2d/lib:/home/unitree/navigation_ws/install/nav2_bt_navigator/lib:/home/unitree/navigation_ws/install/nav2_behavior_tree/lib:/home/unitree/navigation_ws/install/nav2_amcl/lib:/home/unitree/navigation_ws/install/loam_interface/lib:/home/unitree/navigation_ws/install/fast_lio/lib:/home/unitree/navigation_ws/install/livox_ros_driver2/lib:/home/unitree/navigation_ws/install/linefit_ground_segmentation/lib:/home/unitree/navigation_ws/install/behaviortree_cpp/lib:/usr/local/cuda-11.4/lib64:/usr/local/lib:/home/unitree/cyclonedds_ws/install/rmw_cyclonedds_cpp/lib:/home/unitree/cyclonedds_ws/install/cyclonedds/lib:/opt/ros/foxy/opt/yaml_cpp_vendor/lib:/opt/ros/foxy/opt/rviz_ogre_vendor/lib:/opt/ros/foxy/lib/aarch64-linux-gnu:/opt/ros/foxy/lib PYTHONPATH=/home/unitree/navigation_ws/install/nav2_msgs/lib/python3.8/site-packages:/home/unitree/navigation_ws/install/nav2_common/lib/python3.8/site-packages:/home/unitree/navigation_ws/install/rm_autonomy_interfaces/lib/python3.8/site-packages:/home/unitree/navigation_ws/install/dwb_msgs/lib/python3.8/site-packages:/home/unitree/navigation_ws/install/nav_2d_msgs/lib/python3.8/site-packages:/home/unitree/navigation_ws/install/fast_lio/lib/python3.8/site-packages:/home/unitree/navigation_ws/install/livox_ros_driver2/lib/python3.8/site-packages:/opt/ros/foxy/lib/python3.8/site-packages /usr/bin/cmake --build /home/unitree/navigation_ws/build/nav2_costmap_2d -- -j8 -l8
[120.554s] Invoking command in '/home/unitree/navigation_ws/build/nav2_costmap_2d': CMAKE_PREFIX_PATH=/home/unitree/navigation_ws/install/nav2_map_server:/home/unitree/navigation_ws/install/nav2_lifecycle_manager:/home/unitree/navigation_ws/install/nav2_util:/home/unitree/navigation_ws/install/nav2_voxel_grid:/home/unitree/navigation_ws/install/nav2_msgs:/home/unitree/navigation_ws/install/nav2_common:/home/unitree/navigation_ws/install/nav2_bringup:/home/unitree/navigation_ws/install/navigation2:/home/unitree/navigation_ws/install/smac_planner:/home/unitree/navigation_ws/install/rm_autonomy:/home/unitree/navigation_ws/install/rm_autonomy_interfaces:/home/unitree/navigation_ws/install/bringup:/home/unitree/navigation_ws/install/pointcloud_to_laserscan:/home/unitree/navigation_ws/install/nav2_dwb_controller:/home/unitree/navigation_ws/install/nav2_controller:/home/unitree/navigation_ws/install/dwb_plugins:/home/unitree/navigation_ws/install/dwb_critics:/home/unitree/navigation_ws/install/dwb_core:/home/unitree/navigation_ws/install/nav_2d_utils:/home/unitree/navigation_ws/install/dwb_msgs:/home/unitree/navigation_ws/install/nav_2d_msgs:/home/unitree/navigation_ws/install/nav2_waypoint_follower:/home/unitree/navigation_ws/install/nav2_regulated_pure_pursuit_controller:/home/unitree/navigation_ws/install/nav2_recoveries:/home/unitree/navigation_ws/install/nav2_planner:/home/unitree/navigation_ws/install/nav2_navfn_planner:/home/unitree/navigation_ws/install/nav2_core:/home/unitree/navigation_ws/install/costmap_queue:/home/unitree/navigation_ws/install/nav2_costmap_2d:/home/unitree/navigation_ws/install/nav2_bt_navigator:/home/unitree/navigation_ws/install/nav2_behavior_tree:/home/unitree/navigation_ws/install/nav2_amcl:/home/unitree/navigation_ws/install/loam_interface:/home/unitree/navigation_ws/install/fast_lio:/home/unitree/navigation_ws/install/livox_ros_driver2:/home/unitree/navigation_ws/install/linefit_ground_segmentation_ros:/home/unitree/navigation_ws/install/linefit_ground_segmentation:/home/unitree/navigation_ws/install/cmd_vel_processor:/home/unitree/navigation_ws/install/behaviortree_cpp:/home/unitree/cyclonedds_ws/install/rmw_cyclonedds_cpp:/home/unitree/cyclonedds_ws/install/cyclonedds:/opt/ros/foxy LD_LIBRARY_PATH=/home/unitree/navigation_ws/install/nav2_map_server/lib:/home/unitree/navigation_ws/install/nav2_lifecycle_manager/lib:/home/unitree/navigation_ws/install/nav2_util/lib:/home/unitree/navigation_ws/install/nav2_voxel_grid/lib:/home/unitree/navigation_ws/install/nav2_msgs/lib:/home/unitree/navigation_ws/install/smac_planner/lib:/home/unitree/navigation_ws/install/rm_autonomy/lib:/home/unitree/navigation_ws/install/rm_autonomy_interfaces/lib:/home/unitree/navigation_ws/install/pointcloud_to_laserscan/lib:/home/unitree/navigation_ws/install/nav2_controller/lib:/home/unitree/navigation_ws/install/dwb_plugins/lib:/home/unitree/navigation_ws/install/dwb_critics/lib:/home/unitree/navigation_ws/install/dwb_core/lib:/home/unitree/navigation_ws/install/nav_2d_utils/lib:/home/unitree/navigation_ws/install/dwb_msgs/lib:/home/unitree/navigation_ws/install/nav_2d_msgs/lib:/home/unitree/navigation_ws/install/nav2_waypoint_follower/lib:/home/unitree/navigation_ws/install/nav2_regulated_pure_pursuit_controller/lib:/home/unitree/navigation_ws/install/nav2_recoveries/lib:/home/unitree/navigation_ws/install/nav2_planner/lib:/home/unitree/navigation_ws/install/nav2_navfn_planner/lib:/home/unitree/navigation_ws/install/costmap_queue/lib:/home/unitree/navigation_ws/install/nav2_costmap_2d/lib:/home/unitree/navigation_ws/install/nav2_bt_navigator/lib:/home/unitree/navigation_ws/install/nav2_behavior_tree/lib:/home/unitree/navigation_ws/install/nav2_amcl/lib:/home/unitree/navigation_ws/install/loam_interface/lib:/home/unitree/navigation_ws/install/fast_lio/lib:/home/unitree/navigation_ws/install/livox_ros_driver2/lib:/home/unitree/navigation_ws/install/linefit_ground_segmentation/lib:/home/unitree/navigation_ws/install/behaviortree_cpp/lib:/usr/local/cuda-11.4/lib64:/usr/local/lib:/home/unitree/cyclonedds_ws/install/rmw_cyclonedds_cpp/lib:/home/unitree/cyclonedds_ws/install/cyclonedds/lib:/opt/ros/foxy/opt/yaml_cpp_vendor/lib:/opt/ros/foxy/opt/rviz_ogre_vendor/lib:/opt/ros/foxy/lib/aarch64-linux-gnu:/opt/ros/foxy/lib PYTHONPATH=/home/unitree/navigation_ws/install/nav2_msgs/lib/python3.8/site-packages:/home/unitree/navigation_ws/install/nav2_common/lib/python3.8/site-packages:/home/unitree/navigation_ws/install/rm_autonomy_interfaces/lib/python3.8/site-packages:/home/unitree/navigation_ws/install/dwb_msgs/lib/python3.8/site-packages:/home/unitree/navigation_ws/install/nav_2d_msgs/lib/python3.8/site-packages:/home/unitree/navigation_ws/install/fast_lio/lib/python3.8/site-packages:/home/unitree/navigation_ws/install/livox_ros_driver2/lib/python3.8/site-packages:/opt/ros/foxy/lib/python3.8/site-packages /usr/bin/cmake --install /home/unitree/navigation_ws/build/nav2_costmap_2d
[120.580s] -- Install configuration: "Release"
[120.581s] -- Up-to-date: /home/unitree/navigation_ws/install/nav2_costmap_2d/include/
[120.581s] -- Up-to-date: /home/unitree/navigation_ws/install/nav2_costmap_2d/include//nav2_costmap_2d
[120.582s] -- Installing: /home/unitree/navigation_ws/install/nav2_costmap_2d/share/nav2_costmap_2d/package.dsv
[120.589s] Invoked command in '/home/unitree/navigation_ws/build/nav2_costmap_2d' returned '0': CMAKE_PREFIX_PATH=/home/unitree/navigation_ws/install/nav2_map_server:/home/unitree/navigation_ws/install/nav2_lifecycle_manager:/home/unitree/navigation_ws/install/nav2_util:/home/unitree/navigation_ws/install/nav2_voxel_grid:/home/unitree/navigation_ws/install/nav2_msgs:/home/unitree/navigation_ws/install/nav2_common:/home/unitree/navigation_ws/install/nav2_bringup:/home/unitree/navigation_ws/install/navigation2:/home/unitree/navigation_ws/install/smac_planner:/home/unitree/navigation_ws/install/rm_autonomy:/home/unitree/navigation_ws/install/rm_autonomy_interfaces:/home/unitree/navigation_ws/install/bringup:/home/unitree/navigation_ws/install/pointcloud_to_laserscan:/home/unitree/navigation_ws/install/nav2_dwb_controller:/home/unitree/navigation_ws/install/nav2_controller:/home/unitree/navigation_ws/install/dwb_plugins:/home/unitree/navigation_ws/install/dwb_critics:/home/unitree/navigation_ws/install/dwb_core:/home/unitree/navigation_ws/install/nav_2d_utils:/home/unitree/navigation_ws/install/dwb_msgs:/home/unitree/navigation_ws/install/nav_2d_msgs:/home/unitree/navigation_ws/install/nav2_waypoint_follower:/home/unitree/navigation_ws/install/nav2_regulated_pure_pursuit_controller:/home/unitree/navigation_ws/install/nav2_recoveries:/home/unitree/navigation_ws/install/nav2_planner:/home/unitree/navigation_ws/install/nav2_navfn_planner:/home/unitree/navigation_ws/install/nav2_core:/home/unitree/navigation_ws/install/costmap_queue:/home/unitree/navigation_ws/install/nav2_costmap_2d:/home/unitree/navigation_ws/install/nav2_bt_navigator:/home/unitree/navigation_ws/install/nav2_behavior_tree:/home/unitree/navigation_ws/install/nav2_amcl:/home/unitree/navigation_ws/install/loam_interface:/home/unitree/navigation_ws/install/fast_lio:/home/unitree/navigation_ws/install/livox_ros_driver2:/home/unitree/navigation_ws/install/linefit_ground_segmentation_ros:/home/unitree/navigation_ws/install/linefit_ground_segmentation:/home/unitree/navigation_ws/install/cmd_vel_processor:/home/unitree/navigation_ws/install/behaviortree_cpp:/home/unitree/cyclonedds_ws/install/rmw_cyclonedds_cpp:/home/unitree/cyclonedds_ws/install/cyclonedds:/opt/ros/foxy LD_LIBRARY_PATH=/home/unitree/navigation_ws/install/nav2_map_server/lib:/home/unitree/navigation_ws/install/nav2_lifecycle_manager/lib:/home/unitree/navigation_ws/install/nav2_util/lib:/home/unitree/navigation_ws/install/nav2_voxel_grid/lib:/home/unitree/navigation_ws/install/nav2_msgs/lib:/home/unitree/navigation_ws/install/smac_planner/lib:/home/unitree/navigation_ws/install/rm_autonomy/lib:/home/unitree/navigation_ws/install/rm_autonomy_interfaces/lib:/home/unitree/navigation_ws/install/pointcloud_to_laserscan/lib:/home/unitree/navigation_ws/install/nav2_controller/lib:/home/unitree/navigation_ws/install/dwb_plugins/lib:/home/unitree/navigation_ws/install/dwb_critics/lib:/home/unitree/navigation_ws/install/dwb_core/lib:/home/unitree/navigation_ws/install/nav_2d_utils/lib:/home/unitree/navigation_ws/install/dwb_msgs/lib:/home/unitree/navigation_ws/install/nav_2d_msgs/lib:/home/unitree/navigation_ws/install/nav2_waypoint_follower/lib:/home/unitree/navigation_ws/install/nav2_regulated_pure_pursuit_controller/lib:/home/unitree/navigation_ws/install/nav2_recoveries/lib:/home/unitree/navigation_ws/install/nav2_planner/lib:/home/unitree/navigation_ws/install/nav2_navfn_planner/lib:/home/unitree/navigation_ws/install/costmap_queue/lib:/home/unitree/navigation_ws/install/nav2_costmap_2d/lib:/home/unitree/navigation_ws/install/nav2_bt_navigator/lib:/home/unitree/navigation_ws/install/nav2_behavior_tree/lib:/home/unitree/navigation_ws/install/nav2_amcl/lib:/home/unitree/navigation_ws/install/loam_interface/lib:/home/unitree/navigation_ws/install/fast_lio/lib:/home/unitree/navigation_ws/install/livox_ros_driver2/lib:/home/unitree/navigation_ws/install/linefit_ground_segmentation/lib:/home/unitree/navigation_ws/install/behaviortree_cpp/lib:/usr/local/cuda-11.4/lib64:/usr/local/lib:/home/unitree/cyclonedds_ws/install/rmw_cyclonedds_cpp/lib:/home/unitree/cyclonedds_ws/install/cyclonedds/lib:/opt/ros/foxy/opt/yaml_cpp_vendor/lib:/opt/ros/foxy/opt/rviz_ogre_vendor/lib:/opt/ros/foxy/lib/aarch64-linux-gnu:/opt/ros/foxy/lib PYTHONPATH=/home/unitree/navigation_ws/install/nav2_msgs/lib/python3.8/site-packages:/home/unitree/navigation_ws/install/nav2_common/lib/python3.8/site-packages:/home/unitree/navigation_ws/install/rm_autonomy_interfaces/lib/python3.8/site-packages:/home/unitree/navigation_ws/install/dwb_msgs/lib/python3.8/site-packages:/home/unitree/navigation_ws/install/nav_2d_msgs/lib/python3.8/site-packages:/home/unitree/navigation_ws/install/fast_lio/lib/python3.8/site-packages:/home/unitree/navigation_ws/install/livox_ros_driver2/lib/python3.8/site-packages:/opt/ros/foxy/lib/python3.8/site-packages /usr/bin/cmake --install /home/unitree/navigation_ws/build/nav2_costmap_2d
