[0.143s] Invoking command in '/home/unitree/navigation_ws/build/nav2_common': CMAKE_PREFIX_PATH=${CMAKE_PREFIX_PATH}:/opt/ros/foxy /usr/bin/cmake --build /home/unitree/navigation_ws/build/nav2_common -- -j8 -l8
[0.285s] Invoked command in '/home/unitree/navigation_ws/build/nav2_common' returned '0': CMAKE_PREFIX_PATH=${CMAKE_PREFIX_PATH}:/opt/ros/foxy /usr/bin/cmake --build /home/unitree/navigation_ws/build/nav2_common -- -j8 -l8
[0.541s] Invoking command in '/home/unitree/navigation_ws/build/nav2_common': CMAKE_PREFIX_PATH=${CMAKE_PREFIX_PATH}:/opt/ros/foxy /usr/bin/cmake --install /home/unitree/navigation_ws/build/nav2_common
[0.687s] -- Install configuration: ""
[0.688s] -- Execute custom install script
[0.688s] -- Up-to-date symlink: /home/unitree/navigation_ws/install/nav2_common/share/nav2_common/environment/pythonpath.sh
[0.688s] -- Up-to-date symlink: /home/unitree/navigation_ws/install/nav2_common/share/nav2_common/environment/pythonpath.dsv
[0.688s] -- Up-to-date symlink: /home/unitree/navigation_ws/install/nav2_common/lib/python3.8/site-packages/nav2_common/__init__.py
[0.688s] -- Up-to-date symlink: /home/unitree/navigation_ws/install/nav2_common/lib/python3.8/site-packages/nav2_common/launch/__init__.py
[0.689s] -- Up-to-date symlink: /home/unitree/navigation_ws/install/nav2_common/lib/python3.8/site-packages/nav2_common/launch/has_node_params.py
[0.689s] -- Up-to-date symlink: /home/unitree/navigation_ws/install/nav2_common/lib/python3.8/site-packages/nav2_common/launch/replace_string.py
[0.689s] -- Up-to-date symlink: /home/unitree/navigation_ws/install/nav2_common/lib/python3.8/site-packages/nav2_common/launch/rewritten_yaml.py
[0.690s] -- Up-to-date symlink: /home/unitree/navigation_ws/install/nav2_common/share/ament_index/resource_index/package_run_dependencies/nav2_common
[0.690s] -- Up-to-date symlink: /home/unitree/navigation_ws/install/nav2_common/share/ament_index/resource_index/parent_prefix_path/nav2_common
[0.690s] -- Up-to-date symlink: /home/unitree/navigation_ws/install/nav2_common/share/nav2_common/environment/ament_prefix_path.sh
[0.690s] -- Up-to-date symlink: /home/unitree/navigation_ws/install/nav2_common/share/nav2_common/environment/ament_prefix_path.dsv
[0.691s] -- Up-to-date symlink: /home/unitree/navigation_ws/install/nav2_common/share/nav2_common/environment/path.sh
[0.691s] -- Up-to-date symlink: /home/unitree/navigation_ws/install/nav2_common/share/nav2_common/environment/path.dsv
[0.691s] -- Up-to-date symlink: /home/unitree/navigation_ws/install/nav2_common/share/nav2_common/local_setup.bash
[0.691s] -- Up-to-date symlink: /home/unitree/navigation_ws/install/nav2_common/share/nav2_common/local_setup.sh
[0.694s] -- Up-to-date symlink: /home/unitree/navigation_ws/install/nav2_common/share/nav2_common/local_setup.zsh
[0.694s] -- Up-to-date symlink: /home/unitree/navigation_ws/install/nav2_common/share/nav2_common/local_setup.dsv
[0.694s] -- Symlinking: /home/unitree/navigation_ws/install/nav2_common/share/nav2_common/package.dsv
[0.695s] -- Up-to-date symlink: /home/unitree/navigation_ws/install/nav2_common/share/ament_index/resource_index/packages/nav2_common
[0.696s] -- Up-to-date symlink: /home/unitree/navigation_ws/install/nav2_common/share/nav2_common/cmake/nav2_common-extras.cmake
[0.708s] -- Up-to-date symlink: /home/unitree/navigation_ws/install/nav2_common/share/nav2_common/cmake/nav2_commonConfig.cmake
[0.708s] -- Up-to-date symlink: /home/unitree/navigation_ws/install/nav2_common/share/nav2_common/cmake/nav2_commonConfig-version.cmake
[0.708s] -- Up-to-date symlink: /home/unitree/navigation_ws/install/nav2_common/share/nav2_common/package.xml
[0.708s] -- Up-to-date symlink: /home/unitree/navigation_ws/install/nav2_common/share/nav2_common/cmake/nav2_package.cmake
[0.792s] Listing '/home/unitree/navigation_ws/install/nav2_common/lib/python3.8/site-packages/nav2_common'...
[0.792s] Listing '/home/unitree/navigation_ws/install/nav2_common/lib/python3.8/site-packages/nav2_common/launch'...
[0.812s] Invoked command in '/home/unitree/navigation_ws/build/nav2_common' returned '0': CMAKE_PREFIX_PATH=${CMAKE_PREFIX_PATH}:/opt/ros/foxy /usr/bin/cmake --install /home/unitree/navigation_ws/build/nav2_common
