[0.166s] Invoking command in '/home/unitree/navigation_ws/build/cmd_vel_processor': CMAKE_PREFIX_PATH=${CMAKE_PREFIX_PATH}:/opt/ros/foxy /usr/bin/cmake /home/unitree/navigation_ws/src/cmd_vel_processor -DAMENT_CMAKE_SYMLINK_INSTALL=1 -DCMAKE_INSTALL_PREFIX=/home/unitree/navigation_ws/install/cmd_vel_processor
[3.391s] -- The C compiler identification is GNU 9.4.0
[3.391s] -- The CXX compiler identification is GNU 9.4.0
[3.392s] -- Check for working C compiler: /usr/bin/cc
[3.392s] -- Check for working C compiler: /usr/bin/cc -- works
[3.392s] -- Detecting C compiler ABI info
[3.392s] -- Detecting C compiler ABI info - done
[3.392s] -- Detecting C compile features
[3.392s] -- Detecting C compile features - done
[3.392s] -- Check for working CXX compiler: /usr/bin/c++
[3.393s] -- Check for working CXX compiler: /usr/bin/c++ -- works
[3.393s] -- Detecting CXX compiler ABI info
[3.393s] -- Detecting CXX compiler ABI info - done
[3.393s] -- Detecting CXX compile features
[3.393s] -- Detecting CXX compile features - done
[3.393s] -- Found ament_cmake: 0.9.12 (/opt/ros/foxy/share/ament_cmake/cmake)
[3.394s] -- Found PythonInterp: /usr/bin/python3 (found suitable version "3.8.10", minimum required is "3") 
[3.394s] -- Using PYTHON_EXECUTABLE: /usr/bin/python3
[3.394s] -- Override CMake install command with custom implementation using symlinks instead of copying resources
[3.394s] -- Found rclcpp: 2.4.3 (/opt/ros/foxy/share/rclcpp/cmake)
[3.394s] -- Using all available rosidl_typesupport_c: rosidl_typesupport_fastrtps_c;rosidl_typesupport_introspection_c
[3.394s] -- Found rosidl_adapter: 1.3.1 (/opt/ros/foxy/share/rosidl_adapter/cmake)
[3.394s] -- Found OpenSSL: /usr/lib/aarch64-linux-gnu/libcrypto.so (found version "1.1.1f")  
[3.394s] -- Found FastRTPS: /opt/ros/foxy/include  
[3.394s] -- Using all available rosidl_typesupport_cpp: rosidl_typesupport_fastrtps_cpp;rosidl_typesupport_introspection_cpp
[3.395s] -- Found rmw_implementation_cmake: 1.0.4 (/opt/ros/foxy/share/rmw_implementation_cmake/cmake)
[3.395s] -- Using RMW implementation 'rmw_cyclonedds_cpp' as default
[3.395s] -- Looking for pthread.h
[3.395s] -- Looking for pthread.h - found
[3.395s] -- Performing Test CMAKE_HAVE_LIBC_PTHREAD
[3.395s] -- Performing Test CMAKE_HAVE_LIBC_PTHREAD - Failed
[3.395s] -- Looking for pthread_create in pthreads
[3.446s] -- Looking for pthread_create in pthreads - not found
[3.446s] -- Looking for pthread_create in pthread
[3.649s] -- Looking for pthread_create in pthread - found
[3.651s] -- Found Threads: TRUE  
[3.933s] -- Found geometry_msgs: 2.0.5 (/opt/ros/foxy/share/geometry_msgs/cmake)
[4.217s] -- Configuring done
[4.285s] -- Generating done
[4.295s] -- Build files have been written to: /home/unitree/navigation_ws/build/cmd_vel_processor
[4.341s] Invoked command in '/home/unitree/navigation_ws/build/cmd_vel_processor' returned '0': CMAKE_PREFIX_PATH=${CMAKE_PREFIX_PATH}:/opt/ros/foxy /usr/bin/cmake /home/unitree/navigation_ws/src/cmd_vel_processor -DAMENT_CMAKE_SYMLINK_INSTALL=1 -DCMAKE_INSTALL_PREFIX=/home/unitree/navigation_ws/install/cmd_vel_processor
[4.343s] Invoking command in '/home/unitree/navigation_ws/build/cmd_vel_processor': CMAKE_PREFIX_PATH=${CMAKE_PREFIX_PATH}:/opt/ros/foxy /usr/bin/cmake --build /home/unitree/navigation_ws/build/cmd_vel_processor -- -j8 -l8
[4.681s] [35m[1mScanning dependencies of target cmd_vel_subscriber[0m
[4.849s] [ 50%] [32mBuilding CXX object CMakeFiles/cmd_vel_subscriber.dir/src/cmd_vel_subscriber.cpp.o[0m
[34.891s] [100%] [32m[1mLinking CXX executable cmd_vel_subscriber[0m
[36.849s] [100%] Built target cmd_vel_subscriber
[36.997s] Invoked command in '/home/unitree/navigation_ws/build/cmd_vel_processor' returned '0': CMAKE_PREFIX_PATH=${CMAKE_PREFIX_PATH}:/opt/ros/foxy /usr/bin/cmake --build /home/unitree/navigation_ws/build/cmd_vel_processor -- -j8 -l8
[37.312s] Invoking command in '/home/unitree/navigation_ws/build/cmd_vel_processor': CMAKE_PREFIX_PATH=${CMAKE_PREFIX_PATH}:/opt/ros/foxy /usr/bin/cmake --install /home/unitree/navigation_ws/build/cmd_vel_processor
[41.481s] -- Install configuration: ""
[41.481s] -- Execute custom install script
[41.482s] -- Up-to-date symlink: /home/unitree/navigation_ws/install/cmd_vel_processor/lib/cmd_vel_processor/cmd_vel_subscriber
[41.482s] -- Up-to-date symlink: /home/unitree/navigation_ws/install/cmd_vel_processor/share/ament_index/resource_index/package_run_dependencies/cmd_vel_processor
[41.482s] -- Up-to-date symlink: /home/unitree/navigation_ws/install/cmd_vel_processor/share/ament_index/resource_index/parent_prefix_path/cmd_vel_processor
[41.482s] -- Up-to-date symlink: /home/unitree/navigation_ws/install/cmd_vel_processor/share/cmd_vel_processor/environment/ament_prefix_path.sh
[41.482s] -- Up-to-date symlink: /home/unitree/navigation_ws/install/cmd_vel_processor/share/cmd_vel_processor/environment/ament_prefix_path.dsv
[41.482s] -- Up-to-date symlink: /home/unitree/navigation_ws/install/cmd_vel_processor/share/cmd_vel_processor/environment/path.sh
[41.482s] -- Up-to-date symlink: /home/unitree/navigation_ws/install/cmd_vel_processor/share/cmd_vel_processor/environment/path.dsv
[41.482s] -- Up-to-date symlink: /home/unitree/navigation_ws/install/cmd_vel_processor/share/cmd_vel_processor/local_setup.bash
[41.482s] -- Up-to-date symlink: /home/unitree/navigation_ws/install/cmd_vel_processor/share/cmd_vel_processor/local_setup.sh
[41.483s] -- Up-to-date symlink: /home/unitree/navigation_ws/install/cmd_vel_processor/share/cmd_vel_processor/local_setup.zsh
[41.483s] -- Up-to-date symlink: /home/unitree/navigation_ws/install/cmd_vel_processor/share/cmd_vel_processor/local_setup.dsv
[41.483s] -- Symlinking: /home/unitree/navigation_ws/install/cmd_vel_processor/share/cmd_vel_processor/package.dsv
[41.483s] -- Up-to-date symlink: /home/unitree/navigation_ws/install/cmd_vel_processor/share/ament_index/resource_index/packages/cmd_vel_processor
[41.483s] -- Up-to-date symlink: /home/unitree/navigation_ws/install/cmd_vel_processor/share/cmd_vel_processor/cmake/cmd_vel_processorConfig.cmake
[41.483s] -- Up-to-date symlink: /home/unitree/navigation_ws/install/cmd_vel_processor/share/cmd_vel_processor/cmake/cmd_vel_processorConfig-version.cmake
[41.483s] -- Up-to-date symlink: /home/unitree/navigation_ws/install/cmd_vel_processor/share/cmd_vel_processor/package.xml
[41.498s] Invoked command in '/home/unitree/navigation_ws/build/cmd_vel_processor' returned '0': CMAKE_PREFIX_PATH=${CMAKE_PREFIX_PATH}:/opt/ros/foxy /usr/bin/cmake --install /home/unitree/navigation_ws/build/cmd_vel_processor
