-- The C compiler identification is GNU 9.4.0
-- The CXX compiler identification is GNU 9.4.0
-- Check for working C compiler: /usr/bin/cc
-- Check for working C compiler: /usr/bin/cc -- works
-- Detecting C compiler ABI info
-- Detecting C compiler ABI info - done
-- Detecting C compile features
-- Detecting C compile features - done
-- Check for working CXX compiler: /usr/bin/c++
-- Check for working CXX compiler: /usr/bin/c++ -- works
-- Detecting CXX compiler ABI info
-- Detecting CXX compiler ABI info - done
-- Detecting CXX compile features
-- Detecting CXX compile features - done
-- Found ament_cmake: 0.9.12 (/opt/ros/foxy/share/ament_cmake/cmake)
-- Found PythonInterp: /usr/bin/python3 (found suitable version "3.8.10", minimum required is "3") 
-- Using PYTHON_EXECUTABLE: /usr/bin/python3
-- Found nav2_common: 0.4.7 (/home/unitree/navigation_ws/install/nav2_common/share/nav2_common/cmake)
-- Found navigation2: 0.4.7 (/home/unitree/navigation_ws/install/navigation2/share/navigation2/cmake)
-- Found ament_lint_auto: 0.9.8 (/opt/ros/foxy/share/ament_lint_auto/cmake)
-- Added test 'copyright' to check source files copyright and LICENSE
-- Added test 'flake8' to check Python code syntax and style conventions
-- Added test 'lint_cmake' to check CMake code style
-- Added test 'pep257' to check Python code against some of the style conventions in PEP 257
-- Added test 'xmllint' to check XML markup files
-- Configuring done
-- Generating done
-- Build files have been written to: /home/unitree/navigation_ws/build/nav2_bringup
-- Install configuration: "Release"
-- Up-to-date: /home/unitree/navigation_ws/install/nav2_bringup/share/nav2_bringup/launch
-- Up-to-date: /home/unitree/navigation_ws/install/nav2_bringup/share/nav2_bringup/maps
-- Up-to-date: /home/unitree/navigation_ws/install/nav2_bringup/share/nav2_bringup/rviz
-- Up-to-date: /home/unitree/navigation_ws/install/nav2_bringup/share/nav2_bringup/worlds
-- Up-to-date: /home/unitree/navigation_ws/install/nav2_bringup/share/nav2_bringup/params
-- Up-to-date: /home/unitree/navigation_ws/install/nav2_bringup/share/nav2_bringup/urdf
-- Installing: /home/unitree/navigation_ws/install/nav2_bringup/share/nav2_bringup/package.dsv
