[0.068s] Invoking command in '/home/unitree/navigation_ws/build/rm_autonomy_interfaces': CMAKE_PREFIX_PATH=${CMAKE_PREFIX_PATH}:/opt/ros/foxy /usr/bin/cmake /home/unitree/navigation_ws/src/autonomy/rm_autonomy_interfaces -DAMENT_CMAKE_SYMLINK_INSTALL=1 -DCMAKE_INSTALL_PREFIX=/home/unitree/navigation_ws/install/rm_autonomy_interfaces
[0.819s] -- The C compiler identification is GNU 9.4.0
[0.819s] -- The CXX compiler identification is GNU 9.4.0
[0.819s] -- Check for working C compiler: /usr/bin/cc
[0.827s] -- Check for working C compiler: /usr/bin/cc -- works
[0.827s] -- Detecting C compiler ABI info
[0.827s] -- Detecting C compiler ABI info - done
[0.827s] -- Detecting C compile features
[0.827s] -- Detecting C compile features - done
[0.827s] -- Check for working CXX compiler: /usr/bin/c++
[0.925s] -- Check for working CXX compiler: /usr/bin/c++ -- works
[0.927s] -- Detecting CXX compiler ABI info
[1.128s] -- Detecting CXX compiler ABI info - done
[1.156s] -- Detecting CXX compile features
[1.156s] -- Detecting CXX compile features - done
[1.161s] -- Found ament_cmake: 0.9.12 (/opt/ros/foxy/share/ament_cmake/cmake)
[1.212s] -- Found PythonInterp: /usr/bin/python3 (found suitable version "3.8.10", minimum required is "3") 
[1.216s] -- Using PYTHON_EXECUTABLE: /usr/bin/python3
[1.561s] -- Override CMake install command with custom implementation using symlinks instead of copying resources
[1.598s] -- Found ament_cmake_auto: 0.9.12 (/opt/ros/foxy/share/ament_cmake_auto/cmake)
[1.603s] -- Found std_msgs: 2.0.5 (/opt/ros/foxy/share/std_msgs/cmake)
[1.656s] -- Using all available rosidl_typesupport_c: rosidl_typesupport_fastrtps_c;rosidl_typesupport_introspection_c
[1.673s] -- Found rosidl_adapter: 1.3.1 (/opt/ros/foxy/share/rosidl_adapter/cmake)
[1.853s] -- Found OpenSSL: /usr/lib/aarch64-linux-gnu/libcrypto.so (found version "1.1.1f")  
[1.913s] -- Found FastRTPS: /opt/ros/foxy/include  
[2.062s] -- Using all available rosidl_typesupport_cpp: rosidl_typesupport_fastrtps_cpp;rosidl_typesupport_introspection_cpp
[2.138s] -- Found rosidl_default_generators: 1.0.1 (/opt/ros/foxy/share/rosidl_default_generators/cmake)
[2.158s] -- Found ament_lint_auto: 0.9.8 (/opt/ros/foxy/share/ament_lint_auto/cmake)
[2.346s] -- Found PythonInterp: /usr/bin/python3 (found version "3.8.10") 
[2.664s] -- Found ament_cmake_ros: 0.9.2 (/opt/ros/foxy/share/ament_cmake_ros/cmake)
[3.065s] -- Using all available rosidl_typesupport_c: rosidl_typesupport_fastrtps_c;rosidl_typesupport_introspection_c
[3.202s] -- Using all available rosidl_typesupport_cpp: rosidl_typesupport_fastrtps_cpp;rosidl_typesupport_introspection_cpp
[3.250s] -- Found PythonInterp: /usr/bin/python3 (found suitable version "3.8.10", minimum required is "3.5") 
[3.253s] -- Found python_cmake_module: 0.8.1 (/opt/ros/foxy/share/python_cmake_module/cmake)
[3.306s] -- Found PythonLibs: /usr/lib/aarch64-linux-gnu/libpython3.8.so (found suitable version "3.8.10", minimum required is "3.5") 
[3.307s] -- Using PYTHON_EXECUTABLE: /usr/bin/python3
[3.307s] -- Using PYTHON_INCLUDE_DIRS: /usr/include/python3.8
[3.307s] -- Using PYTHON_LIBRARIES: /usr/lib/aarch64-linux-gnu/libpython3.8.so
[3.349s] -- Found PythonExtra: .so  
[3.566s] -- Added test 'lint_cmake' to check CMake code style
[3.569s] -- Added test 'xmllint' to check XML markup files
[3.612s] -- Configuring done
[3.822s] -- Generating done
[3.829s] -- Build files have been written to: /home/unitree/navigation_ws/build/rm_autonomy_interfaces
[3.869s] Invoked command in '/home/unitree/navigation_ws/build/rm_autonomy_interfaces' returned '0': CMAKE_PREFIX_PATH=${CMAKE_PREFIX_PATH}:/opt/ros/foxy /usr/bin/cmake /home/unitree/navigation_ws/src/autonomy/rm_autonomy_interfaces -DAMENT_CMAKE_SYMLINK_INSTALL=1 -DCMAKE_INSTALL_PREFIX=/home/unitree/navigation_ws/install/rm_autonomy_interfaces
[3.870s] Invoking command in '/home/unitree/navigation_ws/build/rm_autonomy_interfaces': CMAKE_PREFIX_PATH=${CMAKE_PREFIX_PATH}:/opt/ros/foxy /usr/bin/cmake --build /home/unitree/navigation_ws/build/rm_autonomy_interfaces -- -j8 -l8
[4.399s] [35m[1mScanning dependencies of target rm_autonomy_interfaces__cpp[0m
[4.399s] [  1%] [34m[1mGenerating C code for ROS interfaces[0m
[4.399s] [  1%] [34m[1mGenerating C++ code for ROS interfaces[0m
[9.304s] [35m[1mScanning dependencies of target rm_autonomy_interfaces__rosidl_generator_c[0m
[9.488s] [  2%] [32mBuilding C object CMakeFiles/rm_autonomy_interfaces__rosidl_generator_c.dir/rosidl_generator_c/rm_autonomy_interfaces/msg/detail/ally_robot_position__functions.c.o[0m
[9.511s] [  3%] [32mBuilding C object CMakeFiles/rm_autonomy_interfaces__rosidl_generator_c.dir/rosidl_generator_c/rm_autonomy_interfaces/msg/detail/autoaim_communication__functions.c.o[0m
[9.516s] [  3%] [32mBuilding C object CMakeFiles/rm_autonomy_interfaces__rosidl_generator_c.dir/rosidl_generator_c/rm_autonomy_interfaces/msg/detail/all_robot_hp__functions.c.o[0m
[9.548s] [  4%] [32mBuilding C object CMakeFiles/rm_autonomy_interfaces__rosidl_generator_c.dir/rosidl_generator_c/rm_autonomy_interfaces/msg/detail/arena_status__functions.c.o[0m
[9.617s] [  4%] [32mBuilding C object CMakeFiles/rm_autonomy_interfaces__rosidl_generator_c.dir/rosidl_generator_c/rm_autonomy_interfaces/msg/detail/game_status__functions.c.o[0m
[9.657s] [  5%] [32mBuilding C object CMakeFiles/rm_autonomy_interfaces__rosidl_generator_c.dir/rosidl_generator_c/rm_autonomy_interfaces/msg/detail/enemy_robot_mark__functions.c.o[0m
[9.794s] [  6%] [32mBuilding C object CMakeFiles/rm_autonomy_interfaces__rosidl_generator_c.dir/rosidl_generator_c/rm_autonomy_interfaces/msg/detail/human_intervention__functions.c.o[0m
[9.827s] [  6%] [32mBuilding C object CMakeFiles/rm_autonomy_interfaces__rosidl_generator_c.dir/rosidl_generator_c/rm_autonomy_interfaces/msg/detail/omni_sensing__functions.c.o[0m
[9.995s] [  7%] [32mBuilding C object CMakeFiles/rm_autonomy_interfaces__rosidl_generator_c.dir/rosidl_generator_c/rm_autonomy_interfaces/msg/detail/radar_enemy_position__functions.c.o[0m
[10.295s] [  8%] [32mBuilding C object CMakeFiles/rm_autonomy_interfaces__rosidl_generator_c.dir/rosidl_generator_c/rm_autonomy_interfaces/msg/detail/radar_target__functions.c.o[0m
[10.342s] [  8%] [32mBuilding C object CMakeFiles/rm_autonomy_interfaces__rosidl_generator_c.dir/rosidl_generator_c/rm_autonomy_interfaces/msg/detail/self_state__functions.c.o[0m
[10.384s] [  9%] [32mBuilding C object CMakeFiles/rm_autonomy_interfaces__rosidl_generator_c.dir/rosidl_generator_c/rm_autonomy_interfaces/msg/detail/navigate_command__functions.c.o[0m
[10.426s] [ 10%] [32mBuilding C object CMakeFiles/rm_autonomy_interfaces__rosidl_generator_c.dir/rosidl_generator_c/rm_autonomy_interfaces/msg/detail/fire_trigger__functions.c.o[0m
[10.524s] [ 11%] [32mBuilding C object CMakeFiles/rm_autonomy_interfaces__rosidl_generator_c.dir/rosidl_generator_c/rm_autonomy_interfaces/msg/detail/invincible_target__functions.c.o[0m
[10.802s] [ 11%] [32mBuilding C object CMakeFiles/rm_autonomy_interfaces__rosidl_generator_c.dir/rosidl_generator_c/rm_autonomy_interfaces/msg/detail/chase_control__functions.c.o[0m
[11.460s] [ 12%] [32m[1mLinking C shared library librm_autonomy_interfaces__rosidl_generator_c.so[0m
[11.826s] [ 12%] Built target rm_autonomy_interfaces__rosidl_generator_c
[12.021s] [ 13%] [34m[1mGenerating C introspection for ROS interfaces[0m
[12.042s] [ 14%] [34m[1mGenerating C type support dispatch for ROS interfaces[0m
[17.103s] [ 14%] Built target rm_autonomy_interfaces__cpp
[18.552s] [35m[1mScanning dependencies of target rm_autonomy_interfaces__rosidl_typesupport_introspection_c[0m
[18.742s] [ 15%] [32mBuilding C object CMakeFiles/rm_autonomy_interfaces__rosidl_typesupport_introspection_c.dir/rosidl_typesupport_introspection_c/rm_autonomy_interfaces/msg/detail/all_robot_hp__type_support.c.o[0m
[19.099s] [ 16%] [32mBuilding C object CMakeFiles/rm_autonomy_interfaces__rosidl_typesupport_introspection_c.dir/rosidl_typesupport_introspection_c/rm_autonomy_interfaces/msg/detail/autoaim_communication__type_support.c.o[0m
[19.394s] [ 17%] [32mBuilding C object CMakeFiles/rm_autonomy_interfaces__rosidl_typesupport_introspection_c.dir/rosidl_typesupport_introspection_c/rm_autonomy_interfaces/msg/detail/game_status__type_support.c.o[0m
[19.754s] [ 17%] [32mBuilding C object CMakeFiles/rm_autonomy_interfaces__rosidl_typesupport_introspection_c.dir/rosidl_typesupport_introspection_c/rm_autonomy_interfaces/msg/detail/enemy_robot_mark__type_support.c.o[0m
[20.072s] [ 18%] [32mBuilding C object CMakeFiles/rm_autonomy_interfaces__rosidl_typesupport_introspection_c.dir/rosidl_typesupport_introspection_c/rm_autonomy_interfaces/msg/detail/human_intervention__type_support.c.o[0m
[20.111s] [35m[1mScanning dependencies of target rm_autonomy_interfaces__rosidl_typesupport_c[0m
[20.341s] [ 19%] [32mBuilding C object CMakeFiles/rm_autonomy_interfaces__rosidl_typesupport_introspection_c.dir/rosidl_typesupport_introspection_c/rm_autonomy_interfaces/msg/detail/omni_sensing__type_support.c.o[0m
[20.366s] [ 19%] [32mBuilding CXX object CMakeFiles/rm_autonomy_interfaces__rosidl_typesupport_c.dir/rosidl_typesupport_c/rm_autonomy_interfaces/msg/all_robot_hp__type_support.cpp.o[0m
[20.665s] [ 20%] [32mBuilding CXX object CMakeFiles/rm_autonomy_interfaces__rosidl_typesupport_c.dir/rosidl_typesupport_c/rm_autonomy_interfaces/msg/ally_robot_position__type_support.cpp.o[0m
[20.800s] [ 20%] [32mBuilding C object CMakeFiles/rm_autonomy_interfaces__rosidl_typesupport_introspection_c.dir/rosidl_typesupport_introspection_c/rm_autonomy_interfaces/msg/detail/radar_enemy_position__type_support.c.o[0m
[20.985s] [ 21%] [32mBuilding CXX object CMakeFiles/rm_autonomy_interfaces__rosidl_typesupport_c.dir/rosidl_typesupport_c/rm_autonomy_interfaces/msg/arena_status__type_support.cpp.o[0m
[21.146s] [ 21%] [32mBuilding CXX object CMakeFiles/rm_autonomy_interfaces__rosidl_typesupport_c.dir/rosidl_typesupport_c/rm_autonomy_interfaces/msg/autoaim_communication__type_support.cpp.o[0m
[21.189s] [ 22%] [32mBuilding C object CMakeFiles/rm_autonomy_interfaces__rosidl_typesupport_introspection_c.dir/rosidl_typesupport_introspection_c/rm_autonomy_interfaces/msg/detail/radar_target__type_support.c.o[0m
[21.386s] [ 23%] [32mBuilding CXX object CMakeFiles/rm_autonomy_interfaces__rosidl_typesupport_c.dir/rosidl_typesupport_c/rm_autonomy_interfaces/msg/game_status__type_support.cpp.o[0m
[21.523s] [ 24%] [32mBuilding C object CMakeFiles/rm_autonomy_interfaces__rosidl_typesupport_introspection_c.dir/rosidl_typesupport_introspection_c/rm_autonomy_interfaces/msg/detail/self_state__type_support.c.o[0m
[21.611s] [ 25%] [32mBuilding CXX object CMakeFiles/rm_autonomy_interfaces__rosidl_typesupport_c.dir/rosidl_typesupport_c/rm_autonomy_interfaces/msg/enemy_robot_mark__type_support.cpp.o[0m
[21.822s] [ 25%] [32mBuilding C object CMakeFiles/rm_autonomy_interfaces__rosidl_typesupport_introspection_c.dir/rosidl_typesupport_introspection_c/rm_autonomy_interfaces/msg/detail/navigate_command__type_support.c.o[0m
[21.850s] [ 26%] [32mBuilding CXX object CMakeFiles/rm_autonomy_interfaces__rosidl_typesupport_c.dir/rosidl_typesupport_c/rm_autonomy_interfaces/msg/human_intervention__type_support.cpp.o[0m
[22.078s] [ 27%] [32mBuilding C object CMakeFiles/rm_autonomy_interfaces__rosidl_typesupport_introspection_c.dir/rosidl_typesupport_introspection_c/rm_autonomy_interfaces/msg/detail/fire_trigger__type_support.c.o[0m
[22.213s] [ 27%] [32mBuilding CXX object CMakeFiles/rm_autonomy_interfaces__rosidl_typesupport_c.dir/rosidl_typesupport_c/rm_autonomy_interfaces/msg/omni_sensing__type_support.cpp.o[0m
[22.230s] [ 28%] [32mBuilding C object CMakeFiles/rm_autonomy_interfaces__rosidl_typesupport_introspection_c.dir/rosidl_typesupport_introspection_c/rm_autonomy_interfaces/msg/detail/invincible_target__type_support.c.o[0m
[22.483s] [ 29%] [32mBuilding CXX object CMakeFiles/rm_autonomy_interfaces__rosidl_typesupport_c.dir/rosidl_typesupport_c/rm_autonomy_interfaces/msg/radar_enemy_position__type_support.cpp.o[0m
[22.514s] [ 30%] [32mBuilding C object CMakeFiles/rm_autonomy_interfaces__rosidl_typesupport_introspection_c.dir/rosidl_typesupport_introspection_c/rm_autonomy_interfaces/msg/detail/chase_control__type_support.c.o[0m
[22.784s] [ 31%] [32mBuilding CXX object CMakeFiles/rm_autonomy_interfaces__rosidl_typesupport_c.dir/rosidl_typesupport_c/rm_autonomy_interfaces/msg/radar_target__type_support.cpp.o[0m
[22.820s] [ 32%] [32mBuilding C object CMakeFiles/rm_autonomy_interfaces__rosidl_typesupport_introspection_c.dir/rosidl_typesupport_introspection_c/rm_autonomy_interfaces/msg/detail/arena_status__type_support.c.o[0m
[23.038s] [ 32%] [32mBuilding C object CMakeFiles/rm_autonomy_interfaces__rosidl_typesupport_introspection_c.dir/rosidl_typesupport_introspection_c/rm_autonomy_interfaces/msg/detail/ally_robot_position__type_support.c.o[0m
[23.140s] [ 33%] [32mBuilding CXX object CMakeFiles/rm_autonomy_interfaces__rosidl_typesupport_c.dir/rosidl_typesupport_c/rm_autonomy_interfaces/msg/fire_trigger__type_support.cpp.o[0m
[23.326s] [ 33%] [32m[1mLinking C shared library librm_autonomy_interfaces__rosidl_typesupport_introspection_c.so[0m
[23.353s] [ 33%] [32mBuilding CXX object CMakeFiles/rm_autonomy_interfaces__rosidl_typesupport_c.dir/rosidl_typesupport_c/rm_autonomy_interfaces/msg/invincible_target__type_support.cpp.o[0m
[23.571s] [ 34%] [32mBuilding CXX object CMakeFiles/rm_autonomy_interfaces__rosidl_typesupport_c.dir/rosidl_typesupport_c/rm_autonomy_interfaces/msg/chase_control__type_support.cpp.o[0m
[23.617s] [ 34%] Built target rm_autonomy_interfaces__rosidl_typesupport_introspection_c
[23.879s] [ 35%] [32mBuilding CXX object CMakeFiles/rm_autonomy_interfaces__rosidl_typesupport_c.dir/rosidl_typesupport_c/rm_autonomy_interfaces/msg/navigate_command__type_support.cpp.o[0m
[24.099s] [ 35%] [32mBuilding CXX object CMakeFiles/rm_autonomy_interfaces__rosidl_typesupport_c.dir/rosidl_typesupport_c/rm_autonomy_interfaces/msg/self_state__type_support.cpp.o[0m
[24.393s] [ 36%] [32m[1mLinking CXX shared library librm_autonomy_interfaces__rosidl_typesupport_c.so[0m
[24.748s] [ 36%] Built target rm_autonomy_interfaces__rosidl_typesupport_c
[24.877s] [ 37%] [34m[1mGenerating C++ type support for eProsima Fast-RTPS[0m
[31.884s] [35m[1mScanning dependencies of target rm_autonomy_interfaces__rosidl_typesupport_fastrtps_cpp[0m
[32.065s] [ 38%] [32mBuilding CXX object CMakeFiles/rm_autonomy_interfaces__rosidl_typesupport_fastrtps_cpp.dir/rosidl_typesupport_fastrtps_cpp/rm_autonomy_interfaces/msg/detail/dds_fastrtps/all_robot_hp__type_support.cpp.o[0m
[33.764s] [ 38%] [32mBuilding CXX object CMakeFiles/rm_autonomy_interfaces__rosidl_typesupport_fastrtps_cpp.dir/rosidl_typesupport_fastrtps_cpp/rm_autonomy_interfaces/msg/detail/dds_fastrtps/enemy_robot_mark__type_support.cpp.o[0m
[35.472s] [ 39%] [32mBuilding CXX object CMakeFiles/rm_autonomy_interfaces__rosidl_typesupport_fastrtps_cpp.dir/rosidl_typesupport_fastrtps_cpp/rm_autonomy_interfaces/msg/detail/dds_fastrtps/human_intervention__type_support.cpp.o[0m
[36.945s] [ 40%] [32mBuilding CXX object CMakeFiles/rm_autonomy_interfaces__rosidl_typesupport_fastrtps_cpp.dir/rosidl_typesupport_fastrtps_cpp/rm_autonomy_interfaces/msg/detail/dds_fastrtps/omni_sensing__type_support.cpp.o[0m
[37.991s] [ 40%] [32mBuilding CXX object CMakeFiles/rm_autonomy_interfaces__rosidl_typesupport_fastrtps_cpp.dir/rosidl_typesupport_fastrtps_cpp/rm_autonomy_interfaces/msg/detail/dds_fastrtps/radar_enemy_position__type_support.cpp.o[0m
[39.272s] [ 41%] [32mBuilding CXX object CMakeFiles/rm_autonomy_interfaces__rosidl_typesupport_fastrtps_cpp.dir/rosidl_typesupport_fastrtps_cpp/rm_autonomy_interfaces/msg/detail/dds_fastrtps/radar_target__type_support.cpp.o[0m
[40.625s] [ 42%] [32mBuilding CXX object CMakeFiles/rm_autonomy_interfaces__rosidl_typesupport_fastrtps_cpp.dir/rosidl_typesupport_fastrtps_cpp/rm_autonomy_interfaces/msg/detail/dds_fastrtps/self_state__type_support.cpp.o[0m
[41.816s] [ 43%] [32mBuilding CXX object CMakeFiles/rm_autonomy_interfaces__rosidl_typesupport_fastrtps_cpp.dir/rosidl_typesupport_fastrtps_cpp/rm_autonomy_interfaces/msg/detail/dds_fastrtps/navigate_command__type_support.cpp.o[0m
[42.994s] [ 43%] [32mBuilding CXX object CMakeFiles/rm_autonomy_interfaces__rosidl_typesupport_fastrtps_cpp.dir/rosidl_typesupport_fastrtps_cpp/rm_autonomy_interfaces/msg/detail/dds_fastrtps/fire_trigger__type_support.cpp.o[0m
[44.305s] [ 44%] [32mBuilding CXX object CMakeFiles/rm_autonomy_interfaces__rosidl_typesupport_fastrtps_cpp.dir/rosidl_typesupport_fastrtps_cpp/rm_autonomy_interfaces/msg/detail/dds_fastrtps/invincible_target__type_support.cpp.o[0m
[45.290s] [ 45%] [32mBuilding CXX object CMakeFiles/rm_autonomy_interfaces__rosidl_typesupport_fastrtps_cpp.dir/rosidl_typesupport_fastrtps_cpp/rm_autonomy_interfaces/msg/detail/dds_fastrtps/chase_control__type_support.cpp.o[0m
[46.211s] [ 46%] [32mBuilding CXX object CMakeFiles/rm_autonomy_interfaces__rosidl_typesupport_fastrtps_cpp.dir/rosidl_typesupport_fastrtps_cpp/rm_autonomy_interfaces/msg/detail/dds_fastrtps/game_status__type_support.cpp.o[0m
[47.275s] [ 47%] [32mBuilding CXX object CMakeFiles/rm_autonomy_interfaces__rosidl_typesupport_fastrtps_cpp.dir/rosidl_typesupport_fastrtps_cpp/rm_autonomy_interfaces/msg/detail/dds_fastrtps/autoaim_communication__type_support.cpp.o[0m
[48.442s] [ 47%] [32mBuilding CXX object CMakeFiles/rm_autonomy_interfaces__rosidl_typesupport_fastrtps_cpp.dir/rosidl_typesupport_fastrtps_cpp/rm_autonomy_interfaces/msg/detail/dds_fastrtps/arena_status__type_support.cpp.o[0m
[49.363s] [ 48%] [32mBuilding CXX object CMakeFiles/rm_autonomy_interfaces__rosidl_typesupport_fastrtps_cpp.dir/rosidl_typesupport_fastrtps_cpp/rm_autonomy_interfaces/msg/detail/dds_fastrtps/ally_robot_position__type_support.cpp.o[0m
[50.232s] [ 48%] [32m[1mLinking CXX shared library librm_autonomy_interfaces__rosidl_typesupport_fastrtps_cpp.so[0m
[50.475s] [ 48%] Built target rm_autonomy_interfaces__rosidl_typesupport_fastrtps_cpp
[50.506s] [ 49%] [34m[1mGenerating C++ type support dispatch for ROS interfaces[0m
[52.062s] [35m[1mScanning dependencies of target rm_autonomy_interfaces__rosidl_typesupport_cpp[0m
[52.109s] [ 50%] [32mBuilding CXX object CMakeFiles/rm_autonomy_interfaces__rosidl_typesupport_cpp.dir/rosidl_typesupport_cpp/rm_autonomy_interfaces/msg/all_robot_hp__type_support.cpp.o[0m
[52.783s] [ 51%] [32mBuilding CXX object CMakeFiles/rm_autonomy_interfaces__rosidl_typesupport_cpp.dir/rosidl_typesupport_cpp/rm_autonomy_interfaces/msg/enemy_robot_mark__type_support.cpp.o[0m
[53.696s] [ 52%] [32mBuilding CXX object CMakeFiles/rm_autonomy_interfaces__rosidl_typesupport_cpp.dir/rosidl_typesupport_cpp/rm_autonomy_interfaces/msg/human_intervention__type_support.cpp.o[0m
[54.404s] [ 53%] [32mBuilding CXX object CMakeFiles/rm_autonomy_interfaces__rosidl_typesupport_cpp.dir/rosidl_typesupport_cpp/rm_autonomy_interfaces/msg/omni_sensing__type_support.cpp.o[0m
[54.976s] [ 53%] [32mBuilding CXX object CMakeFiles/rm_autonomy_interfaces__rosidl_typesupport_cpp.dir/rosidl_typesupport_cpp/rm_autonomy_interfaces/msg/radar_enemy_position__type_support.cpp.o[0m
[55.529s] [ 54%] [32mBuilding CXX object CMakeFiles/rm_autonomy_interfaces__rosidl_typesupport_cpp.dir/rosidl_typesupport_cpp/rm_autonomy_interfaces/msg/radar_target__type_support.cpp.o[0m
[56.177s] [ 55%] [32mBuilding CXX object CMakeFiles/rm_autonomy_interfaces__rosidl_typesupport_cpp.dir/rosidl_typesupport_cpp/rm_autonomy_interfaces/msg/self_state__type_support.cpp.o[0m
[56.787s] [ 55%] [32mBuilding CXX object CMakeFiles/rm_autonomy_interfaces__rosidl_typesupport_cpp.dir/rosidl_typesupport_cpp/rm_autonomy_interfaces/msg/navigate_command__type_support.cpp.o[0m
[57.403s] [ 56%] [32mBuilding CXX object CMakeFiles/rm_autonomy_interfaces__rosidl_typesupport_cpp.dir/rosidl_typesupport_cpp/rm_autonomy_interfaces/msg/fire_trigger__type_support.cpp.o[0m
[57.948s] [ 57%] [32mBuilding CXX object CMakeFiles/rm_autonomy_interfaces__rosidl_typesupport_cpp.dir/rosidl_typesupport_cpp/rm_autonomy_interfaces/msg/invincible_target__type_support.cpp.o[0m
[58.613s] [ 57%] [32mBuilding CXX object CMakeFiles/rm_autonomy_interfaces__rosidl_typesupport_cpp.dir/rosidl_typesupport_cpp/rm_autonomy_interfaces/msg/chase_control__type_support.cpp.o[0m
[59.299s] [ 57%] [32mBuilding CXX object CMakeFiles/rm_autonomy_interfaces__rosidl_typesupport_cpp.dir/rosidl_typesupport_cpp/rm_autonomy_interfaces/msg/game_status__type_support.cpp.o[0m
[59.836s] [ 58%] [32mBuilding CXX object CMakeFiles/rm_autonomy_interfaces__rosidl_typesupport_cpp.dir/rosidl_typesupport_cpp/rm_autonomy_interfaces/msg/autoaim_communication__type_support.cpp.o[0m
[60.418s] [ 59%] [32mBuilding CXX object CMakeFiles/rm_autonomy_interfaces__rosidl_typesupport_cpp.dir/rosidl_typesupport_cpp/rm_autonomy_interfaces/msg/arena_status__type_support.cpp.o[0m
[60.960s] [ 59%] [32mBuilding CXX object CMakeFiles/rm_autonomy_interfaces__rosidl_typesupport_cpp.dir/rosidl_typesupport_cpp/rm_autonomy_interfaces/msg/ally_robot_position__type_support.cpp.o[0m
[61.538s] [ 60%] [32m[1mLinking CXX shared library librm_autonomy_interfaces__rosidl_typesupport_cpp.so[0m
[61.635s] [ 60%] Built target rm_autonomy_interfaces__rosidl_typesupport_cpp
[61.669s] [ 61%] [34m[1mGenerating C type support for eProsima Fast-RTPS[0m
[63.775s] [35m[1mScanning dependencies of target rm_autonomy_interfaces__rosidl_typesupport_fastrtps_c[0m
[63.844s] [ 62%] [32mBuilding CXX object CMakeFiles/rm_autonomy_interfaces__rosidl_typesupport_fastrtps_c.dir/rosidl_typesupport_fastrtps_c/rm_autonomy_interfaces/msg/detail/all_robot_hp__type_support_c.cpp.o[0m
[64.520s] [ 63%] [32mBuilding CXX object CMakeFiles/rm_autonomy_interfaces__rosidl_typesupport_fastrtps_c.dir/rosidl_typesupport_fastrtps_c/rm_autonomy_interfaces/msg/detail/human_intervention__type_support_c.cpp.o[0m
[65.174s] [ 63%] [32mBuilding CXX object CMakeFiles/rm_autonomy_interfaces__rosidl_typesupport_fastrtps_c.dir/rosidl_typesupport_fastrtps_c/rm_autonomy_interfaces/msg/detail/omni_sensing__type_support_c.cpp.o[0m
[65.844s] [ 64%] [32mBuilding CXX object CMakeFiles/rm_autonomy_interfaces__rosidl_typesupport_fastrtps_c.dir/rosidl_typesupport_fastrtps_c/rm_autonomy_interfaces/msg/detail/radar_enemy_position__type_support_c.cpp.o[0m
[66.518s] [ 65%] [32mBuilding CXX object CMakeFiles/rm_autonomy_interfaces__rosidl_typesupport_fastrtps_c.dir/rosidl_typesupport_fastrtps_c/rm_autonomy_interfaces/msg/detail/radar_target__type_support_c.cpp.o[0m
[67.194s] [ 66%] [32mBuilding CXX object CMakeFiles/rm_autonomy_interfaces__rosidl_typesupport_fastrtps_c.dir/rosidl_typesupport_fastrtps_c/rm_autonomy_interfaces/msg/detail/self_state__type_support_c.cpp.o[0m
[67.868s] [ 66%] [32mBuilding CXX object CMakeFiles/rm_autonomy_interfaces__rosidl_typesupport_fastrtps_c.dir/rosidl_typesupport_fastrtps_c/rm_autonomy_interfaces/msg/detail/navigate_command__type_support_c.cpp.o[0m
[68.548s] [ 67%] [32mBuilding CXX object CMakeFiles/rm_autonomy_interfaces__rosidl_typesupport_fastrtps_c.dir/rosidl_typesupport_fastrtps_c/rm_autonomy_interfaces/msg/detail/fire_trigger__type_support_c.cpp.o[0m
[69.220s] [ 68%] [32mBuilding CXX object CMakeFiles/rm_autonomy_interfaces__rosidl_typesupport_fastrtps_c.dir/rosidl_typesupport_fastrtps_c/rm_autonomy_interfaces/msg/detail/invincible_target__type_support_c.cpp.o[0m
[69.917s] [ 68%] [32mBuilding CXX object CMakeFiles/rm_autonomy_interfaces__rosidl_typesupport_fastrtps_c.dir/rosidl_typesupport_fastrtps_c/rm_autonomy_interfaces/msg/detail/chase_control__type_support_c.cpp.o[0m
[70.561s] [ 69%] [32mBuilding CXX object CMakeFiles/rm_autonomy_interfaces__rosidl_typesupport_fastrtps_c.dir/rosidl_typesupport_fastrtps_c/rm_autonomy_interfaces/msg/detail/enemy_robot_mark__type_support_c.cpp.o[0m
[71.429s] [ 69%] [32mBuilding CXX object CMakeFiles/rm_autonomy_interfaces__rosidl_typesupport_fastrtps_c.dir/rosidl_typesupport_fastrtps_c/rm_autonomy_interfaces/msg/detail/game_status__type_support_c.cpp.o[0m
[72.118s] [ 70%] [32mBuilding CXX object CMakeFiles/rm_autonomy_interfaces__rosidl_typesupport_fastrtps_c.dir/rosidl_typesupport_fastrtps_c/rm_autonomy_interfaces/msg/detail/autoaim_communication__type_support_c.cpp.o[0m
[72.780s] [ 71%] [32mBuilding CXX object CMakeFiles/rm_autonomy_interfaces__rosidl_typesupport_fastrtps_c.dir/rosidl_typesupport_fastrtps_c/rm_autonomy_interfaces/msg/detail/arena_status__type_support_c.cpp.o[0m
[73.444s] [ 71%] [32mBuilding CXX object CMakeFiles/rm_autonomy_interfaces__rosidl_typesupport_fastrtps_c.dir/rosidl_typesupport_fastrtps_c/rm_autonomy_interfaces/msg/detail/ally_robot_position__type_support_c.cpp.o[0m
[74.191s] [ 72%] [32m[1mLinking CXX shared library librm_autonomy_interfaces__rosidl_typesupport_fastrtps_c.so[0m
[74.395s] [ 72%] Built target rm_autonomy_interfaces__rosidl_typesupport_fastrtps_c
[74.419s] [ 72%] [34m[1mGenerating C++ introspection for ROS interfaces[0m
[76.163s] [35m[1mScanning dependencies of target rm_autonomy_interfaces__rosidl_typesupport_introspection_cpp[0m
[76.198s] [ 73%] [32mBuilding CXX object CMakeFiles/rm_autonomy_interfaces__rosidl_typesupport_introspection_cpp.dir/rosidl_typesupport_introspection_cpp/rm_autonomy_interfaces/msg/detail/all_robot_hp__type_support.cpp.o[0m
[76.722s] [ 74%] [32mBuilding CXX object CMakeFiles/rm_autonomy_interfaces__rosidl_typesupport_introspection_cpp.dir/rosidl_typesupport_introspection_cpp/rm_autonomy_interfaces/msg/detail/omni_sensing__type_support.cpp.o[0m
[77.248s] [ 75%] [32mBuilding CXX object CMakeFiles/rm_autonomy_interfaces__rosidl_typesupport_introspection_cpp.dir/rosidl_typesupport_introspection_cpp/rm_autonomy_interfaces/msg/detail/radar_enemy_position__type_support.cpp.o[0m
[77.832s] [ 75%] [32mBuilding CXX object CMakeFiles/rm_autonomy_interfaces__rosidl_typesupport_introspection_cpp.dir/rosidl_typesupport_introspection_cpp/rm_autonomy_interfaces/msg/detail/radar_target__type_support.cpp.o[0m
[78.358s] [ 76%] [32mBuilding CXX object CMakeFiles/rm_autonomy_interfaces__rosidl_typesupport_introspection_cpp.dir/rosidl_typesupport_introspection_cpp/rm_autonomy_interfaces/msg/detail/self_state__type_support.cpp.o[0m
[78.880s] [ 77%] [32mBuilding CXX object CMakeFiles/rm_autonomy_interfaces__rosidl_typesupport_introspection_cpp.dir/rosidl_typesupport_introspection_cpp/rm_autonomy_interfaces/msg/detail/navigate_command__type_support.cpp.o[0m
[79.407s] [ 77%] [32mBuilding CXX object CMakeFiles/rm_autonomy_interfaces__rosidl_typesupport_introspection_cpp.dir/rosidl_typesupport_introspection_cpp/rm_autonomy_interfaces/msg/detail/fire_trigger__type_support.cpp.o[0m
[79.959s] [ 78%] [32mBuilding CXX object CMakeFiles/rm_autonomy_interfaces__rosidl_typesupport_introspection_cpp.dir/rosidl_typesupport_introspection_cpp/rm_autonomy_interfaces/msg/detail/invincible_target__type_support.cpp.o[0m
[80.513s] [ 79%] [32mBuilding CXX object CMakeFiles/rm_autonomy_interfaces__rosidl_typesupport_introspection_cpp.dir/rosidl_typesupport_introspection_cpp/rm_autonomy_interfaces/msg/detail/chase_control__type_support.cpp.o[0m
[81.075s] [ 79%] [32mBuilding CXX object CMakeFiles/rm_autonomy_interfaces__rosidl_typesupport_introspection_cpp.dir/rosidl_typesupport_introspection_cpp/rm_autonomy_interfaces/msg/detail/human_intervention__type_support.cpp.o[0m
[81.621s] [ 80%] [32mBuilding CXX object CMakeFiles/rm_autonomy_interfaces__rosidl_typesupport_introspection_cpp.dir/rosidl_typesupport_introspection_cpp/rm_autonomy_interfaces/msg/detail/enemy_robot_mark__type_support.cpp.o[0m
[82.175s] [ 81%] [32mBuilding CXX object CMakeFiles/rm_autonomy_interfaces__rosidl_typesupport_introspection_cpp.dir/rosidl_typesupport_introspection_cpp/rm_autonomy_interfaces/msg/detail/game_status__type_support.cpp.o[0m
[82.884s] [ 82%] [32mBuilding CXX object CMakeFiles/rm_autonomy_interfaces__rosidl_typesupport_introspection_cpp.dir/rosidl_typesupport_introspection_cpp/rm_autonomy_interfaces/msg/detail/autoaim_communication__type_support.cpp.o[0m
[83.572s] [ 82%] [32mBuilding CXX object CMakeFiles/rm_autonomy_interfaces__rosidl_typesupport_introspection_cpp.dir/rosidl_typesupport_introspection_cpp/rm_autonomy_interfaces/msg/detail/arena_status__type_support.cpp.o[0m
[84.186s] [ 83%] [32mBuilding CXX object CMakeFiles/rm_autonomy_interfaces__rosidl_typesupport_introspection_cpp.dir/rosidl_typesupport_introspection_cpp/rm_autonomy_interfaces/msg/detail/ally_robot_position__type_support.cpp.o[0m
[84.717s] [ 84%] [32m[1mLinking CXX shared library librm_autonomy_interfaces__rosidl_typesupport_introspection_cpp.so[0m
[84.878s] [ 84%] Built target rm_autonomy_interfaces__rosidl_typesupport_introspection_cpp
[84.901s] [35m[1mScanning dependencies of target rm_autonomy_interfaces[0m
[84.927s] [ 84%] Built target rm_autonomy_interfaces
[84.959s] [35m[1mScanning dependencies of target rm_autonomy_interfaces__py[0m
[84.988s] [ 85%] [34m[1mGenerating Python code for ROS interfaces[0m
[88.730s] [ 85%] Built target rm_autonomy_interfaces__py
[88.756s] [35m[1mScanning dependencies of target rm_autonomy_interfaces__python[0m
[88.838s] [ 86%] [32mBuilding C object CMakeFiles/rm_autonomy_interfaces__python.dir/rosidl_generator_py/rm_autonomy_interfaces/msg/_all_robot_hp_s.c.o[0m
[89.031s] [ 86%] [32mBuilding C object CMakeFiles/rm_autonomy_interfaces__python.dir/rosidl_generator_py/rm_autonomy_interfaces/msg/_omni_sensing_s.c.o[0m
[89.196s] [ 87%] [32mBuilding C object CMakeFiles/rm_autonomy_interfaces__python.dir/rosidl_generator_py/rm_autonomy_interfaces/msg/_radar_enemy_position_s.c.o[0m
[89.390s] [ 88%] [32mBuilding C object CMakeFiles/rm_autonomy_interfaces__python.dir/rosidl_generator_py/rm_autonomy_interfaces/msg/_radar_target_s.c.o[0m
[89.549s] [ 89%] [32mBuilding C object CMakeFiles/rm_autonomy_interfaces__python.dir/rosidl_generator_py/rm_autonomy_interfaces/msg/_self_state_s.c.o[0m
[89.715s] [ 89%] [32mBuilding C object CMakeFiles/rm_autonomy_interfaces__python.dir/rosidl_generator_py/rm_autonomy_interfaces/msg/_navigate_command_s.c.o[0m
[89.871s] [ 90%] [32mBuilding C object CMakeFiles/rm_autonomy_interfaces__python.dir/rosidl_generator_py/rm_autonomy_interfaces/msg/_fire_trigger_s.c.o[0m
[90.049s] [ 91%] [32mBuilding C object CMakeFiles/rm_autonomy_interfaces__python.dir/rosidl_generator_py/rm_autonomy_interfaces/msg/_invincible_target_s.c.o[0m
[90.215s] [ 91%] [32mBuilding C object CMakeFiles/rm_autonomy_interfaces__python.dir/rosidl_generator_py/rm_autonomy_interfaces/msg/_chase_control_s.c.o[0m
[90.424s] [ 92%] [32mBuilding C object CMakeFiles/rm_autonomy_interfaces__python.dir/rosidl_generator_py/rm_autonomy_interfaces/msg/_human_intervention_s.c.o[0m
[90.628s] [ 93%] [32mBuilding C object CMakeFiles/rm_autonomy_interfaces__python.dir/rosidl_generator_py/rm_autonomy_interfaces/msg/_enemy_robot_mark_s.c.o[0m
[90.804s] [ 93%] [32mBuilding C object CMakeFiles/rm_autonomy_interfaces__python.dir/rosidl_generator_py/rm_autonomy_interfaces/msg/_game_status_s.c.o[0m
[90.972s] [ 94%] [32mBuilding C object CMakeFiles/rm_autonomy_interfaces__python.dir/rosidl_generator_py/rm_autonomy_interfaces/msg/_autoaim_communication_s.c.o[0m
[91.132s] [ 95%] [32mBuilding C object CMakeFiles/rm_autonomy_interfaces__python.dir/rosidl_generator_py/rm_autonomy_interfaces/msg/_arena_status_s.c.o[0m
[91.311s] [ 95%] [32mBuilding C object CMakeFiles/rm_autonomy_interfaces__python.dir/rosidl_generator_py/rm_autonomy_interfaces/msg/_ally_robot_position_s.c.o[0m
[91.489s] [ 96%] [32m[1mLinking C shared library rosidl_generator_py/rm_autonomy_interfaces/librm_autonomy_interfaces__python.so[0m
[91.599s] [ 96%] Built target rm_autonomy_interfaces__python
[91.624s] [35m[1mScanning dependencies of target rm_autonomy_interfaces__rosidl_typesupport_c__pyext[0m
[91.663s] [ 97%] [32mBuilding C object CMakeFiles/rm_autonomy_interfaces__rosidl_typesupport_c__pyext.dir/rosidl_generator_py/rm_autonomy_interfaces/_rm_autonomy_interfaces_s.ep.rosidl_typesupport_c.c.o[0m
[91.880s] [ 97%] [32m[1mLinking C shared library rosidl_generator_py/rm_autonomy_interfaces/rm_autonomy_interfaces_s__rosidl_typesupport_c.cpython-38-aarch64-linux-gnu.so[0m
[91.956s] [ 97%] Built target rm_autonomy_interfaces__rosidl_typesupport_c__pyext
[91.979s] [35m[1mScanning dependencies of target rm_autonomy_interfaces__rosidl_typesupport_fastrtps_c__pyext[0m
[92.026s] [ 98%] [32mBuilding C object CMakeFiles/rm_autonomy_interfaces__rosidl_typesupport_fastrtps_c__pyext.dir/rosidl_generator_py/rm_autonomy_interfaces/_rm_autonomy_interfaces_s.ep.rosidl_typesupport_fastrtps_c.c.o[0m
[92.253s] [ 98%] [32m[1mLinking CXX shared library rosidl_generator_py/rm_autonomy_interfaces/rm_autonomy_interfaces_s__rosidl_typesupport_fastrtps_c.cpython-38-aarch64-linux-gnu.so[0m
[92.408s] [ 98%] Built target rm_autonomy_interfaces__rosidl_typesupport_fastrtps_c__pyext
[92.437s] [35m[1mScanning dependencies of target rm_autonomy_interfaces__rosidl_typesupport_introspection_c__pyext[0m
[92.490s] [ 99%] [32mBuilding C object CMakeFiles/rm_autonomy_interfaces__rosidl_typesupport_introspection_c__pyext.dir/rosidl_generator_py/rm_autonomy_interfaces/_rm_autonomy_interfaces_s.ep.rosidl_typesupport_introspection_c.c.o[0m
[92.738s] [100%] [32m[1mLinking C shared library rosidl_generator_py/rm_autonomy_interfaces/rm_autonomy_interfaces_s__rosidl_typesupport_introspection_c.cpython-38-aarch64-linux-gnu.so[0m
[92.820s] [100%] Built target rm_autonomy_interfaces__rosidl_typesupport_introspection_c__pyext
[92.860s] Invoked command in '/home/unitree/navigation_ws/build/rm_autonomy_interfaces' returned '0': CMAKE_PREFIX_PATH=${CMAKE_PREFIX_PATH}:/opt/ros/foxy /usr/bin/cmake --build /home/unitree/navigation_ws/build/rm_autonomy_interfaces -- -j8 -l8
[93.397s] Invoking command in '/home/unitree/navigation_ws/build/rm_autonomy_interfaces': CMAKE_PREFIX_PATH=${CMAKE_PREFIX_PATH}:/opt/ros/foxy /usr/bin/cmake --install /home/unitree/navigation_ws/build/rm_autonomy_interfaces
[93.414s] -- Install configuration: ""
[93.414s] -- Execute custom install script
[93.415s] -- Symlinking: /home/unitree/navigation_ws/install/rm_autonomy_interfaces/share/ament_index/resource_index/rosidl_interfaces/rm_autonomy_interfaces
[93.439s] -- Symlinking: /home/unitree/navigation_ws/install/rm_autonomy_interfaces/include/rm_autonomy_interfaces/msg/all_robot_hp.h
[93.460s] -- Symlinking: /home/unitree/navigation_ws/install/rm_autonomy_interfaces/include/rm_autonomy_interfaces/msg/ally_robot_position.h
[93.483s] -- Symlinking: /home/unitree/navigation_ws/install/rm_autonomy_interfaces/include/rm_autonomy_interfaces/msg/arena_status.h
[93.511s] -- Symlinking: /home/unitree/navigation_ws/install/rm_autonomy_interfaces/include/rm_autonomy_interfaces/msg/autoaim_communication.h
[93.533s] -- Symlinking: /home/unitree/navigation_ws/install/rm_autonomy_interfaces/include/rm_autonomy_interfaces/msg/chase_control.h
[93.555s] -- Symlinking: /home/unitree/navigation_ws/install/rm_autonomy_interfaces/include/rm_autonomy_interfaces/msg/detail/all_robot_hp__functions.h
[93.576s] -- Symlinking: /home/unitree/navigation_ws/install/rm_autonomy_interfaces/include/rm_autonomy_interfaces/msg/detail/all_robot_hp__struct.h
[93.602s] -- Symlinking: /home/unitree/navigation_ws/install/rm_autonomy_interfaces/include/rm_autonomy_interfaces/msg/detail/all_robot_hp__type_support.h
[93.629s] -- Symlinking: /home/unitree/navigation_ws/install/rm_autonomy_interfaces/include/rm_autonomy_interfaces/msg/detail/ally_robot_position__functions.h
[93.655s] -- Symlinking: /home/unitree/navigation_ws/install/rm_autonomy_interfaces/include/rm_autonomy_interfaces/msg/detail/ally_robot_position__struct.h
[93.678s] -- Symlinking: /home/unitree/navigation_ws/install/rm_autonomy_interfaces/include/rm_autonomy_interfaces/msg/detail/ally_robot_position__type_support.h
[93.696s] -- Symlinking: /home/unitree/navigation_ws/install/rm_autonomy_interfaces/include/rm_autonomy_interfaces/msg/detail/arena_status__functions.h
[93.723s] -- Symlinking: /home/unitree/navigation_ws/install/rm_autonomy_interfaces/include/rm_autonomy_interfaces/msg/detail/arena_status__struct.h
[93.751s] -- Symlinking: /home/unitree/navigation_ws/install/rm_autonomy_interfaces/include/rm_autonomy_interfaces/msg/detail/arena_status__type_support.h
[93.782s] -- Symlinking: /home/unitree/navigation_ws/install/rm_autonomy_interfaces/include/rm_autonomy_interfaces/msg/detail/autoaim_communication__functions.h
[93.800s] -- Symlinking: /home/unitree/navigation_ws/install/rm_autonomy_interfaces/include/rm_autonomy_interfaces/msg/detail/autoaim_communication__struct.h
[93.824s] -- Symlinking: /home/unitree/navigation_ws/install/rm_autonomy_interfaces/include/rm_autonomy_interfaces/msg/detail/autoaim_communication__type_support.h
[93.848s] -- Symlinking: /home/unitree/navigation_ws/install/rm_autonomy_interfaces/include/rm_autonomy_interfaces/msg/detail/chase_control__functions.h
[93.872s] -- Symlinking: /home/unitree/navigation_ws/install/rm_autonomy_interfaces/include/rm_autonomy_interfaces/msg/detail/chase_control__struct.h
[93.899s] -- Symlinking: /home/unitree/navigation_ws/install/rm_autonomy_interfaces/include/rm_autonomy_interfaces/msg/detail/chase_control__type_support.h
[93.925s] -- Symlinking: /home/unitree/navigation_ws/install/rm_autonomy_interfaces/include/rm_autonomy_interfaces/msg/detail/enemy_robot_mark__functions.h
[93.947s] -- Symlinking: /home/unitree/navigation_ws/install/rm_autonomy_interfaces/include/rm_autonomy_interfaces/msg/detail/enemy_robot_mark__struct.h
[93.978s] -- Symlinking: /home/unitree/navigation_ws/install/rm_autonomy_interfaces/include/rm_autonomy_interfaces/msg/detail/enemy_robot_mark__type_support.h
[94.000s] -- Symlinking: /home/unitree/navigation_ws/install/rm_autonomy_interfaces/include/rm_autonomy_interfaces/msg/detail/fire_trigger__functions.h
[94.022s] -- Symlinking: /home/unitree/navigation_ws/install/rm_autonomy_interfaces/include/rm_autonomy_interfaces/msg/detail/fire_trigger__struct.h
[94.044s] -- Symlinking: /home/unitree/navigation_ws/install/rm_autonomy_interfaces/include/rm_autonomy_interfaces/msg/detail/fire_trigger__type_support.h
[94.066s] -- Symlinking: /home/unitree/navigation_ws/install/rm_autonomy_interfaces/include/rm_autonomy_interfaces/msg/detail/game_status__functions.h
[94.094s] -- Symlinking: /home/unitree/navigation_ws/install/rm_autonomy_interfaces/include/rm_autonomy_interfaces/msg/detail/game_status__struct.h
[94.117s] -- Symlinking: /home/unitree/navigation_ws/install/rm_autonomy_interfaces/include/rm_autonomy_interfaces/msg/detail/game_status__type_support.h
[94.141s] -- Symlinking: /home/unitree/navigation_ws/install/rm_autonomy_interfaces/include/rm_autonomy_interfaces/msg/detail/human_intervention__functions.h
[94.166s] -- Symlinking: /home/unitree/navigation_ws/install/rm_autonomy_interfaces/include/rm_autonomy_interfaces/msg/detail/human_intervention__struct.h
[94.196s] -- Symlinking: /home/unitree/navigation_ws/install/rm_autonomy_interfaces/include/rm_autonomy_interfaces/msg/detail/human_intervention__type_support.h
[94.226s] -- Symlinking: /home/unitree/navigation_ws/install/rm_autonomy_interfaces/include/rm_autonomy_interfaces/msg/detail/invincible_target__functions.h
[94.253s] -- Symlinking: /home/unitree/navigation_ws/install/rm_autonomy_interfaces/include/rm_autonomy_interfaces/msg/detail/invincible_target__struct.h
[94.279s] -- Symlinking: /home/unitree/navigation_ws/install/rm_autonomy_interfaces/include/rm_autonomy_interfaces/msg/detail/invincible_target__type_support.h
[94.327s] -- Symlinking: /home/unitree/navigation_ws/install/rm_autonomy_interfaces/include/rm_autonomy_interfaces/msg/detail/navigate_command__functions.h
[94.349s] -- Symlinking: /home/unitree/navigation_ws/install/rm_autonomy_interfaces/include/rm_autonomy_interfaces/msg/detail/navigate_command__struct.h
[94.372s] -- Symlinking: /home/unitree/navigation_ws/install/rm_autonomy_interfaces/include/rm_autonomy_interfaces/msg/detail/navigate_command__type_support.h
[94.400s] -- Symlinking: /home/unitree/navigation_ws/install/rm_autonomy_interfaces/include/rm_autonomy_interfaces/msg/detail/omni_sensing__functions.h
[94.424s] -- Symlinking: /home/unitree/navigation_ws/install/rm_autonomy_interfaces/include/rm_autonomy_interfaces/msg/detail/omni_sensing__struct.h
[94.453s] -- Symlinking: /home/unitree/navigation_ws/install/rm_autonomy_interfaces/include/rm_autonomy_interfaces/msg/detail/omni_sensing__type_support.h
[94.483s] -- Symlinking: /home/unitree/navigation_ws/install/rm_autonomy_interfaces/include/rm_autonomy_interfaces/msg/detail/radar_enemy_position__functions.h
[94.510s] -- Symlinking: /home/unitree/navigation_ws/install/rm_autonomy_interfaces/include/rm_autonomy_interfaces/msg/detail/radar_enemy_position__struct.h
[94.531s] -- Symlinking: /home/unitree/navigation_ws/install/rm_autonomy_interfaces/include/rm_autonomy_interfaces/msg/detail/radar_enemy_position__type_support.h
[94.558s] -- Symlinking: /home/unitree/navigation_ws/install/rm_autonomy_interfaces/include/rm_autonomy_interfaces/msg/detail/radar_target__functions.h
[94.581s] -- Symlinking: /home/unitree/navigation_ws/install/rm_autonomy_interfaces/include/rm_autonomy_interfaces/msg/detail/radar_target__struct.h
[94.607s] -- Symlinking: /home/unitree/navigation_ws/install/rm_autonomy_interfaces/include/rm_autonomy_interfaces/msg/detail/radar_target__type_support.h
[94.639s] -- Symlinking: /home/unitree/navigation_ws/install/rm_autonomy_interfaces/include/rm_autonomy_interfaces/msg/detail/self_state__functions.h
[94.665s] -- Symlinking: /home/unitree/navigation_ws/install/rm_autonomy_interfaces/include/rm_autonomy_interfaces/msg/detail/self_state__struct.h
[94.690s] -- Symlinking: /home/unitree/navigation_ws/install/rm_autonomy_interfaces/include/rm_autonomy_interfaces/msg/detail/self_state__type_support.h
[94.723s] -- Symlinking: /home/unitree/navigation_ws/install/rm_autonomy_interfaces/include/rm_autonomy_interfaces/msg/enemy_robot_mark.h
[94.746s] -- Symlinking: /home/unitree/navigation_ws/install/rm_autonomy_interfaces/include/rm_autonomy_interfaces/msg/fire_trigger.h
[94.770s] -- Symlinking: /home/unitree/navigation_ws/install/rm_autonomy_interfaces/include/rm_autonomy_interfaces/msg/game_status.h
[94.793s] -- Symlinking: /home/unitree/navigation_ws/install/rm_autonomy_interfaces/include/rm_autonomy_interfaces/msg/human_intervention.h
[94.819s] -- Symlinking: /home/unitree/navigation_ws/install/rm_autonomy_interfaces/include/rm_autonomy_interfaces/msg/invincible_target.h
[94.842s] -- Symlinking: /home/unitree/navigation_ws/install/rm_autonomy_interfaces/include/rm_autonomy_interfaces/msg/navigate_command.h
[94.868s] -- Symlinking: /home/unitree/navigation_ws/install/rm_autonomy_interfaces/include/rm_autonomy_interfaces/msg/omni_sensing.h
[94.893s] -- Symlinking: /home/unitree/navigation_ws/install/rm_autonomy_interfaces/include/rm_autonomy_interfaces/msg/radar_enemy_position.h
[94.916s] -- Symlinking: /home/unitree/navigation_ws/install/rm_autonomy_interfaces/include/rm_autonomy_interfaces/msg/radar_target.h
[94.939s] -- Symlinking: /home/unitree/navigation_ws/install/rm_autonomy_interfaces/include/rm_autonomy_interfaces/msg/rosidl_generator_c__visibility_control.h
[94.965s] -- Symlinking: /home/unitree/navigation_ws/install/rm_autonomy_interfaces/include/rm_autonomy_interfaces/msg/self_state.h
[94.990s] -- Symlinking: /home/unitree/navigation_ws/install/rm_autonomy_interfaces/share/rm_autonomy_interfaces/environment/library_path.sh
[95.014s] -- Symlinking: /home/unitree/navigation_ws/install/rm_autonomy_interfaces/share/rm_autonomy_interfaces/environment/library_path.dsv
[95.040s] -- Symlinking: /home/unitree/navigation_ws/install/rm_autonomy_interfaces/include/rm_autonomy_interfaces/msg/detail/all_robot_hp__rosidl_typesupport_fastrtps_c.h
[95.063s] -- Symlinking: /home/unitree/navigation_ws/install/rm_autonomy_interfaces/include/rm_autonomy_interfaces/msg/detail/ally_robot_position__rosidl_typesupport_fastrtps_c.h
[95.088s] -- Symlinking: /home/unitree/navigation_ws/install/rm_autonomy_interfaces/include/rm_autonomy_interfaces/msg/detail/arena_status__rosidl_typesupport_fastrtps_c.h
[95.115s] -- Symlinking: /home/unitree/navigation_ws/install/rm_autonomy_interfaces/include/rm_autonomy_interfaces/msg/detail/autoaim_communication__rosidl_typesupport_fastrtps_c.h
[95.147s] -- Symlinking: /home/unitree/navigation_ws/install/rm_autonomy_interfaces/include/rm_autonomy_interfaces/msg/detail/chase_control__rosidl_typesupport_fastrtps_c.h
[95.178s] -- Symlinking: /home/unitree/navigation_ws/install/rm_autonomy_interfaces/include/rm_autonomy_interfaces/msg/detail/enemy_robot_mark__rosidl_typesupport_fastrtps_c.h
[95.201s] -- Symlinking: /home/unitree/navigation_ws/install/rm_autonomy_interfaces/include/rm_autonomy_interfaces/msg/detail/fire_trigger__rosidl_typesupport_fastrtps_c.h
[95.229s] -- Symlinking: /home/unitree/navigation_ws/install/rm_autonomy_interfaces/include/rm_autonomy_interfaces/msg/detail/game_status__rosidl_typesupport_fastrtps_c.h
[95.256s] -- Symlinking: /home/unitree/navigation_ws/install/rm_autonomy_interfaces/include/rm_autonomy_interfaces/msg/detail/human_intervention__rosidl_typesupport_fastrtps_c.h
[95.284s] -- Symlinking: /home/unitree/navigation_ws/install/rm_autonomy_interfaces/include/rm_autonomy_interfaces/msg/detail/invincible_target__rosidl_typesupport_fastrtps_c.h
[95.310s] -- Symlinking: /home/unitree/navigation_ws/install/rm_autonomy_interfaces/include/rm_autonomy_interfaces/msg/detail/navigate_command__rosidl_typesupport_fastrtps_c.h
[95.336s] -- Symlinking: /home/unitree/navigation_ws/install/rm_autonomy_interfaces/include/rm_autonomy_interfaces/msg/detail/omni_sensing__rosidl_typesupport_fastrtps_c.h
[95.363s] -- Symlinking: /home/unitree/navigation_ws/install/rm_autonomy_interfaces/include/rm_autonomy_interfaces/msg/detail/radar_enemy_position__rosidl_typesupport_fastrtps_c.h
[95.389s] -- Symlinking: /home/unitree/navigation_ws/install/rm_autonomy_interfaces/include/rm_autonomy_interfaces/msg/detail/radar_target__rosidl_typesupport_fastrtps_c.h
[95.420s] -- Symlinking: /home/unitree/navigation_ws/install/rm_autonomy_interfaces/include/rm_autonomy_interfaces/msg/detail/self_state__rosidl_typesupport_fastrtps_c.h
[95.444s] -- Symlinking: /home/unitree/navigation_ws/install/rm_autonomy_interfaces/include/rm_autonomy_interfaces/msg/rosidl_typesupport_fastrtps_c__visibility_control.h
[95.480s] -- Symlinking: /home/unitree/navigation_ws/install/rm_autonomy_interfaces/lib/librm_autonomy_interfaces__rosidl_typesupport_fastrtps_c.so
[95.505s] -- Symlinking: /home/unitree/navigation_ws/install/rm_autonomy_interfaces/include/rm_autonomy_interfaces/msg/detail/all_robot_hp__rosidl_typesupport_fastrtps_cpp.hpp
[95.526s] -- Symlinking: /home/unitree/navigation_ws/install/rm_autonomy_interfaces/include/rm_autonomy_interfaces/msg/detail/ally_robot_position__rosidl_typesupport_fastrtps_cpp.hpp
[95.547s] -- Symlinking: /home/unitree/navigation_ws/install/rm_autonomy_interfaces/include/rm_autonomy_interfaces/msg/detail/arena_status__rosidl_typesupport_fastrtps_cpp.hpp
[95.567s] -- Symlinking: /home/unitree/navigation_ws/install/rm_autonomy_interfaces/include/rm_autonomy_interfaces/msg/detail/autoaim_communication__rosidl_typesupport_fastrtps_cpp.hpp
[95.590s] -- Symlinking: /home/unitree/navigation_ws/install/rm_autonomy_interfaces/include/rm_autonomy_interfaces/msg/detail/chase_control__rosidl_typesupport_fastrtps_cpp.hpp
[95.622s] -- Symlinking: /home/unitree/navigation_ws/install/rm_autonomy_interfaces/include/rm_autonomy_interfaces/msg/detail/enemy_robot_mark__rosidl_typesupport_fastrtps_cpp.hpp
[95.651s] -- Symlinking: /home/unitree/navigation_ws/install/rm_autonomy_interfaces/include/rm_autonomy_interfaces/msg/detail/fire_trigger__rosidl_typesupport_fastrtps_cpp.hpp
[95.674s] -- Symlinking: /home/unitree/navigation_ws/install/rm_autonomy_interfaces/include/rm_autonomy_interfaces/msg/detail/game_status__rosidl_typesupport_fastrtps_cpp.hpp
[95.699s] -- Symlinking: /home/unitree/navigation_ws/install/rm_autonomy_interfaces/include/rm_autonomy_interfaces/msg/detail/human_intervention__rosidl_typesupport_fastrtps_cpp.hpp
[95.720s] -- Symlinking: /home/unitree/navigation_ws/install/rm_autonomy_interfaces/include/rm_autonomy_interfaces/msg/detail/invincible_target__rosidl_typesupport_fastrtps_cpp.hpp
[95.742s] -- Symlinking: /home/unitree/navigation_ws/install/rm_autonomy_interfaces/include/rm_autonomy_interfaces/msg/detail/navigate_command__rosidl_typesupport_fastrtps_cpp.hpp
[95.770s] -- Symlinking: /home/unitree/navigation_ws/install/rm_autonomy_interfaces/include/rm_autonomy_interfaces/msg/detail/omni_sensing__rosidl_typesupport_fastrtps_cpp.hpp
[95.799s] -- Symlinking: /home/unitree/navigation_ws/install/rm_autonomy_interfaces/include/rm_autonomy_interfaces/msg/detail/radar_enemy_position__rosidl_typesupport_fastrtps_cpp.hpp
[95.825s] -- Symlinking: /home/unitree/navigation_ws/install/rm_autonomy_interfaces/include/rm_autonomy_interfaces/msg/detail/radar_target__rosidl_typesupport_fastrtps_cpp.hpp
[95.852s] -- Symlinking: /home/unitree/navigation_ws/install/rm_autonomy_interfaces/include/rm_autonomy_interfaces/msg/detail/self_state__rosidl_typesupport_fastrtps_cpp.hpp
[95.875s] -- Symlinking: /home/unitree/navigation_ws/install/rm_autonomy_interfaces/include/rm_autonomy_interfaces/msg/rosidl_typesupport_fastrtps_cpp__visibility_control.h
[95.910s] -- Symlinking: /home/unitree/navigation_ws/install/rm_autonomy_interfaces/lib/librm_autonomy_interfaces__rosidl_typesupport_fastrtps_cpp.so
[95.932s] -- Symlinking: /home/unitree/navigation_ws/install/rm_autonomy_interfaces/include/rm_autonomy_interfaces/msg/detail/all_robot_hp__rosidl_typesupport_introspection_c.h
[95.961s] -- Symlinking: /home/unitree/navigation_ws/install/rm_autonomy_interfaces/include/rm_autonomy_interfaces/msg/detail/ally_robot_position__rosidl_typesupport_introspection_c.h
[95.982s] -- Symlinking: /home/unitree/navigation_ws/install/rm_autonomy_interfaces/include/rm_autonomy_interfaces/msg/detail/arena_status__rosidl_typesupport_introspection_c.h
[96.012s] -- Symlinking: /home/unitree/navigation_ws/install/rm_autonomy_interfaces/include/rm_autonomy_interfaces/msg/detail/autoaim_communication__rosidl_typesupport_introspection_c.h
[96.042s] -- Symlinking: /home/unitree/navigation_ws/install/rm_autonomy_interfaces/include/rm_autonomy_interfaces/msg/detail/chase_control__rosidl_typesupport_introspection_c.h
[96.068s] -- Symlinking: /home/unitree/navigation_ws/install/rm_autonomy_interfaces/include/rm_autonomy_interfaces/msg/detail/enemy_robot_mark__rosidl_typesupport_introspection_c.h
[96.097s] -- Symlinking: /home/unitree/navigation_ws/install/rm_autonomy_interfaces/include/rm_autonomy_interfaces/msg/detail/fire_trigger__rosidl_typesupport_introspection_c.h
[96.125s] -- Symlinking: /home/unitree/navigation_ws/install/rm_autonomy_interfaces/include/rm_autonomy_interfaces/msg/detail/game_status__rosidl_typesupport_introspection_c.h
[96.150s] -- Symlinking: /home/unitree/navigation_ws/install/rm_autonomy_interfaces/include/rm_autonomy_interfaces/msg/detail/human_intervention__rosidl_typesupport_introspection_c.h
[96.178s] -- Symlinking: /home/unitree/navigation_ws/install/rm_autonomy_interfaces/include/rm_autonomy_interfaces/msg/detail/invincible_target__rosidl_typesupport_introspection_c.h
[96.205s] -- Symlinking: /home/unitree/navigation_ws/install/rm_autonomy_interfaces/include/rm_autonomy_interfaces/msg/detail/navigate_command__rosidl_typesupport_introspection_c.h
[96.230s] -- Symlinking: /home/unitree/navigation_ws/install/rm_autonomy_interfaces/include/rm_autonomy_interfaces/msg/detail/omni_sensing__rosidl_typesupport_introspection_c.h
[96.253s] -- Symlinking: /home/unitree/navigation_ws/install/rm_autonomy_interfaces/include/rm_autonomy_interfaces/msg/detail/radar_enemy_position__rosidl_typesupport_introspection_c.h
[96.275s] -- Symlinking: /home/unitree/navigation_ws/install/rm_autonomy_interfaces/include/rm_autonomy_interfaces/msg/detail/radar_target__rosidl_typesupport_introspection_c.h
[96.304s] -- Symlinking: /home/unitree/navigation_ws/install/rm_autonomy_interfaces/include/rm_autonomy_interfaces/msg/detail/self_state__rosidl_typesupport_introspection_c.h
[96.330s] -- Symlinking: /home/unitree/navigation_ws/install/rm_autonomy_interfaces/include/rm_autonomy_interfaces/msg/rosidl_typesupport_introspection_c__visibility_control.h
[96.355s] -- Symlinking: /home/unitree/navigation_ws/install/rm_autonomy_interfaces/include/rm_autonomy_interfaces/msg/all_robot_hp.hpp
[96.379s] -- Symlinking: /home/unitree/navigation_ws/install/rm_autonomy_interfaces/include/rm_autonomy_interfaces/msg/ally_robot_position.hpp
[96.403s] -- Symlinking: /home/unitree/navigation_ws/install/rm_autonomy_interfaces/include/rm_autonomy_interfaces/msg/arena_status.hpp
[96.431s] -- Symlinking: /home/unitree/navigation_ws/install/rm_autonomy_interfaces/include/rm_autonomy_interfaces/msg/autoaim_communication.hpp
[96.452s] -- Symlinking: /home/unitree/navigation_ws/install/rm_autonomy_interfaces/include/rm_autonomy_interfaces/msg/chase_control.hpp
[96.478s] -- Symlinking: /home/unitree/navigation_ws/install/rm_autonomy_interfaces/include/rm_autonomy_interfaces/msg/detail/all_robot_hp__builder.hpp
[96.501s] -- Symlinking: /home/unitree/navigation_ws/install/rm_autonomy_interfaces/include/rm_autonomy_interfaces/msg/detail/all_robot_hp__struct.hpp
[96.530s] -- Symlinking: /home/unitree/navigation_ws/install/rm_autonomy_interfaces/include/rm_autonomy_interfaces/msg/detail/all_robot_hp__traits.hpp
[96.554s] -- Symlinking: /home/unitree/navigation_ws/install/rm_autonomy_interfaces/include/rm_autonomy_interfaces/msg/detail/all_robot_hp__type_support.hpp
[96.579s] -- Symlinking: /home/unitree/navigation_ws/install/rm_autonomy_interfaces/include/rm_autonomy_interfaces/msg/detail/ally_robot_position__builder.hpp
[96.602s] -- Symlinking: /home/unitree/navigation_ws/install/rm_autonomy_interfaces/include/rm_autonomy_interfaces/msg/detail/ally_robot_position__struct.hpp
[96.627s] -- Symlinking: /home/unitree/navigation_ws/install/rm_autonomy_interfaces/include/rm_autonomy_interfaces/msg/detail/ally_robot_position__traits.hpp
[96.664s] -- Symlinking: /home/unitree/navigation_ws/install/rm_autonomy_interfaces/include/rm_autonomy_interfaces/msg/detail/ally_robot_position__type_support.hpp
[96.696s] -- Symlinking: /home/unitree/navigation_ws/install/rm_autonomy_interfaces/include/rm_autonomy_interfaces/msg/detail/arena_status__builder.hpp
[96.722s] -- Symlinking: /home/unitree/navigation_ws/install/rm_autonomy_interfaces/include/rm_autonomy_interfaces/msg/detail/arena_status__struct.hpp
[96.746s] -- Symlinking: /home/unitree/navigation_ws/install/rm_autonomy_interfaces/include/rm_autonomy_interfaces/msg/detail/arena_status__traits.hpp
[96.776s] -- Symlinking: /home/unitree/navigation_ws/install/rm_autonomy_interfaces/include/rm_autonomy_interfaces/msg/detail/arena_status__type_support.hpp
[96.801s] -- Symlinking: /home/unitree/navigation_ws/install/rm_autonomy_interfaces/include/rm_autonomy_interfaces/msg/detail/autoaim_communication__builder.hpp
[96.827s] -- Symlinking: /home/unitree/navigation_ws/install/rm_autonomy_interfaces/include/rm_autonomy_interfaces/msg/detail/autoaim_communication__struct.hpp
[96.854s] -- Symlinking: /home/unitree/navigation_ws/install/rm_autonomy_interfaces/include/rm_autonomy_interfaces/msg/detail/autoaim_communication__traits.hpp
[96.880s] -- Symlinking: /home/unitree/navigation_ws/install/rm_autonomy_interfaces/include/rm_autonomy_interfaces/msg/detail/autoaim_communication__type_support.hpp
[96.904s] -- Symlinking: /home/unitree/navigation_ws/install/rm_autonomy_interfaces/include/rm_autonomy_interfaces/msg/detail/chase_control__builder.hpp
[96.928s] -- Symlinking: /home/unitree/navigation_ws/install/rm_autonomy_interfaces/include/rm_autonomy_interfaces/msg/detail/chase_control__struct.hpp
[96.955s] -- Symlinking: /home/unitree/navigation_ws/install/rm_autonomy_interfaces/include/rm_autonomy_interfaces/msg/detail/chase_control__traits.hpp
[96.984s] -- Symlinking: /home/unitree/navigation_ws/install/rm_autonomy_interfaces/include/rm_autonomy_interfaces/msg/detail/chase_control__type_support.hpp
[97.013s] -- Symlinking: /home/unitree/navigation_ws/install/rm_autonomy_interfaces/include/rm_autonomy_interfaces/msg/detail/enemy_robot_mark__builder.hpp
[97.043s] -- Symlinking: /home/unitree/navigation_ws/install/rm_autonomy_interfaces/include/rm_autonomy_interfaces/msg/detail/enemy_robot_mark__struct.hpp
[97.068s] -- Symlinking: /home/unitree/navigation_ws/install/rm_autonomy_interfaces/include/rm_autonomy_interfaces/msg/detail/enemy_robot_mark__traits.hpp
[97.095s] -- Symlinking: /home/unitree/navigation_ws/install/rm_autonomy_interfaces/include/rm_autonomy_interfaces/msg/detail/enemy_robot_mark__type_support.hpp
[97.124s] -- Symlinking: /home/unitree/navigation_ws/install/rm_autonomy_interfaces/include/rm_autonomy_interfaces/msg/detail/fire_trigger__builder.hpp
[97.147s] -- Symlinking: /home/unitree/navigation_ws/install/rm_autonomy_interfaces/include/rm_autonomy_interfaces/msg/detail/fire_trigger__struct.hpp
[97.179s] -- Symlinking: /home/unitree/navigation_ws/install/rm_autonomy_interfaces/include/rm_autonomy_interfaces/msg/detail/fire_trigger__traits.hpp
[97.202s] -- Symlinking: /home/unitree/navigation_ws/install/rm_autonomy_interfaces/include/rm_autonomy_interfaces/msg/detail/fire_trigger__type_support.hpp
[97.232s] -- Symlinking: /home/unitree/navigation_ws/install/rm_autonomy_interfaces/include/rm_autonomy_interfaces/msg/detail/game_status__builder.hpp
[97.259s] -- Symlinking: /home/unitree/navigation_ws/install/rm_autonomy_interfaces/include/rm_autonomy_interfaces/msg/detail/game_status__struct.hpp
[97.282s] -- Symlinking: /home/unitree/navigation_ws/install/rm_autonomy_interfaces/include/rm_autonomy_interfaces/msg/detail/game_status__traits.hpp
[97.315s] -- Symlinking: /home/unitree/navigation_ws/install/rm_autonomy_interfaces/include/rm_autonomy_interfaces/msg/detail/game_status__type_support.hpp
[97.336s] -- Symlinking: /home/unitree/navigation_ws/install/rm_autonomy_interfaces/include/rm_autonomy_interfaces/msg/detail/human_intervention__builder.hpp
[97.358s] -- Symlinking: /home/unitree/navigation_ws/install/rm_autonomy_interfaces/include/rm_autonomy_interfaces/msg/detail/human_intervention__struct.hpp
[97.382s] -- Symlinking: /home/unitree/navigation_ws/install/rm_autonomy_interfaces/include/rm_autonomy_interfaces/msg/detail/human_intervention__traits.hpp
[97.405s] -- Symlinking: /home/unitree/navigation_ws/install/rm_autonomy_interfaces/include/rm_autonomy_interfaces/msg/detail/human_intervention__type_support.hpp
[97.428s] -- Symlinking: /home/unitree/navigation_ws/install/rm_autonomy_interfaces/include/rm_autonomy_interfaces/msg/detail/invincible_target__builder.hpp
[97.452s] -- Symlinking: /home/unitree/navigation_ws/install/rm_autonomy_interfaces/include/rm_autonomy_interfaces/msg/detail/invincible_target__struct.hpp
[97.473s] -- Symlinking: /home/unitree/navigation_ws/install/rm_autonomy_interfaces/include/rm_autonomy_interfaces/msg/detail/invincible_target__traits.hpp
[97.495s] -- Symlinking: /home/unitree/navigation_ws/install/rm_autonomy_interfaces/include/rm_autonomy_interfaces/msg/detail/invincible_target__type_support.hpp
[97.522s] -- Symlinking: /home/unitree/navigation_ws/install/rm_autonomy_interfaces/include/rm_autonomy_interfaces/msg/detail/navigate_command__builder.hpp
[97.544s] -- Symlinking: /home/unitree/navigation_ws/install/rm_autonomy_interfaces/include/rm_autonomy_interfaces/msg/detail/navigate_command__struct.hpp
[97.569s] -- Symlinking: /home/unitree/navigation_ws/install/rm_autonomy_interfaces/include/rm_autonomy_interfaces/msg/detail/navigate_command__traits.hpp
[97.594s] -- Symlinking: /home/unitree/navigation_ws/install/rm_autonomy_interfaces/include/rm_autonomy_interfaces/msg/detail/navigate_command__type_support.hpp
[97.622s] -- Symlinking: /home/unitree/navigation_ws/install/rm_autonomy_interfaces/include/rm_autonomy_interfaces/msg/detail/omni_sensing__builder.hpp
[97.650s] -- Symlinking: /home/unitree/navigation_ws/install/rm_autonomy_interfaces/include/rm_autonomy_interfaces/msg/detail/omni_sensing__struct.hpp
[97.674s] -- Symlinking: /home/unitree/navigation_ws/install/rm_autonomy_interfaces/include/rm_autonomy_interfaces/msg/detail/omni_sensing__traits.hpp
[97.706s] -- Symlinking: /home/unitree/navigation_ws/install/rm_autonomy_interfaces/include/rm_autonomy_interfaces/msg/detail/omni_sensing__type_support.hpp
[97.735s] -- Symlinking: /home/unitree/navigation_ws/install/rm_autonomy_interfaces/include/rm_autonomy_interfaces/msg/detail/radar_enemy_position__builder.hpp
[97.762s] -- Symlinking: /home/unitree/navigation_ws/install/rm_autonomy_interfaces/include/rm_autonomy_interfaces/msg/detail/radar_enemy_position__struct.hpp
[97.785s] -- Symlinking: /home/unitree/navigation_ws/install/rm_autonomy_interfaces/include/rm_autonomy_interfaces/msg/detail/radar_enemy_position__traits.hpp
[97.812s] -- Symlinking: /home/unitree/navigation_ws/install/rm_autonomy_interfaces/include/rm_autonomy_interfaces/msg/detail/radar_enemy_position__type_support.hpp
[97.840s] -- Symlinking: /home/unitree/navigation_ws/install/rm_autonomy_interfaces/include/rm_autonomy_interfaces/msg/detail/radar_target__builder.hpp
[97.864s] -- Symlinking: /home/unitree/navigation_ws/install/rm_autonomy_interfaces/include/rm_autonomy_interfaces/msg/detail/radar_target__struct.hpp
[97.884s] -- Symlinking: /home/unitree/navigation_ws/install/rm_autonomy_interfaces/include/rm_autonomy_interfaces/msg/detail/radar_target__traits.hpp
[97.908s] -- Symlinking: /home/unitree/navigation_ws/install/rm_autonomy_interfaces/include/rm_autonomy_interfaces/msg/detail/radar_target__type_support.hpp
[97.937s] -- Symlinking: /home/unitree/navigation_ws/install/rm_autonomy_interfaces/include/rm_autonomy_interfaces/msg/detail/self_state__builder.hpp
[97.958s] -- Symlinking: /home/unitree/navigation_ws/install/rm_autonomy_interfaces/include/rm_autonomy_interfaces/msg/detail/self_state__struct.hpp
[97.982s] -- Symlinking: /home/unitree/navigation_ws/install/rm_autonomy_interfaces/include/rm_autonomy_interfaces/msg/detail/self_state__traits.hpp
[98.006s] -- Symlinking: /home/unitree/navigation_ws/install/rm_autonomy_interfaces/include/rm_autonomy_interfaces/msg/detail/self_state__type_support.hpp
[98.028s] -- Symlinking: /home/unitree/navigation_ws/install/rm_autonomy_interfaces/include/rm_autonomy_interfaces/msg/enemy_robot_mark.hpp
[98.066s] -- Symlinking: /home/unitree/navigation_ws/install/rm_autonomy_interfaces/include/rm_autonomy_interfaces/msg/fire_trigger.hpp
[98.089s] -- Symlinking: /home/unitree/navigation_ws/install/rm_autonomy_interfaces/include/rm_autonomy_interfaces/msg/game_status.hpp
[98.114s] -- Symlinking: /home/unitree/navigation_ws/install/rm_autonomy_interfaces/include/rm_autonomy_interfaces/msg/human_intervention.hpp
[98.138s] -- Symlinking: /home/unitree/navigation_ws/install/rm_autonomy_interfaces/include/rm_autonomy_interfaces/msg/invincible_target.hpp
[98.161s] -- Symlinking: /home/unitree/navigation_ws/install/rm_autonomy_interfaces/include/rm_autonomy_interfaces/msg/navigate_command.hpp
[98.183s] -- Symlinking: /home/unitree/navigation_ws/install/rm_autonomy_interfaces/include/rm_autonomy_interfaces/msg/omni_sensing.hpp
[98.204s] -- Symlinking: /home/unitree/navigation_ws/install/rm_autonomy_interfaces/include/rm_autonomy_interfaces/msg/radar_enemy_position.hpp
[98.232s] -- Symlinking: /home/unitree/navigation_ws/install/rm_autonomy_interfaces/include/rm_autonomy_interfaces/msg/radar_target.hpp
[98.263s] -- Symlinking: /home/unitree/navigation_ws/install/rm_autonomy_interfaces/include/rm_autonomy_interfaces/msg/rosidl_generator_cpp__visibility_control.hpp
[98.291s] -- Symlinking: /home/unitree/navigation_ws/install/rm_autonomy_interfaces/include/rm_autonomy_interfaces/msg/self_state.hpp
[98.317s] -- Symlinking: /home/unitree/navigation_ws/install/rm_autonomy_interfaces/include/rm_autonomy_interfaces/msg/detail/all_robot_hp__rosidl_typesupport_introspection_cpp.hpp
[98.343s] -- Symlinking: /home/unitree/navigation_ws/install/rm_autonomy_interfaces/include/rm_autonomy_interfaces/msg/detail/ally_robot_position__rosidl_typesupport_introspection_cpp.hpp
[98.369s] -- Symlinking: /home/unitree/navigation_ws/install/rm_autonomy_interfaces/include/rm_autonomy_interfaces/msg/detail/arena_status__rosidl_typesupport_introspection_cpp.hpp
[98.390s] -- Symlinking: /home/unitree/navigation_ws/install/rm_autonomy_interfaces/include/rm_autonomy_interfaces/msg/detail/autoaim_communication__rosidl_typesupport_introspection_cpp.hpp
[98.410s] -- Symlinking: /home/unitree/navigation_ws/install/rm_autonomy_interfaces/include/rm_autonomy_interfaces/msg/detail/chase_control__rosidl_typesupport_introspection_cpp.hpp
[98.438s] -- Symlinking: /home/unitree/navigation_ws/install/rm_autonomy_interfaces/include/rm_autonomy_interfaces/msg/detail/enemy_robot_mark__rosidl_typesupport_introspection_cpp.hpp
[98.460s] -- Symlinking: /home/unitree/navigation_ws/install/rm_autonomy_interfaces/include/rm_autonomy_interfaces/msg/detail/fire_trigger__rosidl_typesupport_introspection_cpp.hpp
[98.482s] -- Symlinking: /home/unitree/navigation_ws/install/rm_autonomy_interfaces/include/rm_autonomy_interfaces/msg/detail/game_status__rosidl_typesupport_introspection_cpp.hpp
[98.505s] -- Symlinking: /home/unitree/navigation_ws/install/rm_autonomy_interfaces/include/rm_autonomy_interfaces/msg/detail/human_intervention__rosidl_typesupport_introspection_cpp.hpp
[98.531s] -- Symlinking: /home/unitree/navigation_ws/install/rm_autonomy_interfaces/include/rm_autonomy_interfaces/msg/detail/invincible_target__rosidl_typesupport_introspection_cpp.hpp
[98.553s] -- Symlinking: /home/unitree/navigation_ws/install/rm_autonomy_interfaces/include/rm_autonomy_interfaces/msg/detail/navigate_command__rosidl_typesupport_introspection_cpp.hpp
[98.580s] -- Symlinking: /home/unitree/navigation_ws/install/rm_autonomy_interfaces/include/rm_autonomy_interfaces/msg/detail/omni_sensing__rosidl_typesupport_introspection_cpp.hpp
[98.602s] -- Symlinking: /home/unitree/navigation_ws/install/rm_autonomy_interfaces/include/rm_autonomy_interfaces/msg/detail/radar_enemy_position__rosidl_typesupport_introspection_cpp.hpp
[98.628s] -- Symlinking: /home/unitree/navigation_ws/install/rm_autonomy_interfaces/include/rm_autonomy_interfaces/msg/detail/radar_target__rosidl_typesupport_introspection_cpp.hpp
[98.656s] -- Symlinking: /home/unitree/navigation_ws/install/rm_autonomy_interfaces/include/rm_autonomy_interfaces/msg/detail/self_state__rosidl_typesupport_introspection_cpp.hpp
[98.676s] -- Symlinking: /home/unitree/navigation_ws/install/rm_autonomy_interfaces/share/rm_autonomy_interfaces/environment/pythonpath.sh
[98.703s] -- Symlinking: /home/unitree/navigation_ws/install/rm_autonomy_interfaces/share/rm_autonomy_interfaces/environment/pythonpath.dsv
[98.730s] -- Symlinking: /home/unitree/navigation_ws/install/rm_autonomy_interfaces/lib/python3.8/site-packages/rm_autonomy_interfaces/__init__.py
[98.752s] -- Symlinking: /home/unitree/navigation_ws/install/rm_autonomy_interfaces/lib/python3.8/site-packages/rm_autonomy_interfaces/msg/__init__.py
[98.776s] -- Symlinking: /home/unitree/navigation_ws/install/rm_autonomy_interfaces/lib/python3.8/site-packages/rm_autonomy_interfaces/msg/_all_robot_hp.py
[98.797s] -- Symlinking: /home/unitree/navigation_ws/install/rm_autonomy_interfaces/lib/python3.8/site-packages/rm_autonomy_interfaces/msg/_ally_robot_position.py
[98.825s] -- Symlinking: /home/unitree/navigation_ws/install/rm_autonomy_interfaces/lib/python3.8/site-packages/rm_autonomy_interfaces/msg/_arena_status.py
[98.850s] -- Symlinking: /home/unitree/navigation_ws/install/rm_autonomy_interfaces/lib/python3.8/site-packages/rm_autonomy_interfaces/msg/_autoaim_communication.py
[98.871s] -- Symlinking: /home/unitree/navigation_ws/install/rm_autonomy_interfaces/lib/python3.8/site-packages/rm_autonomy_interfaces/msg/_chase_control.py
[98.895s] -- Symlinking: /home/unitree/navigation_ws/install/rm_autonomy_interfaces/lib/python3.8/site-packages/rm_autonomy_interfaces/msg/_enemy_robot_mark.py
[98.918s] -- Symlinking: /home/unitree/navigation_ws/install/rm_autonomy_interfaces/lib/python3.8/site-packages/rm_autonomy_interfaces/msg/_fire_trigger.py
[98.939s] -- Symlinking: /home/unitree/navigation_ws/install/rm_autonomy_interfaces/lib/python3.8/site-packages/rm_autonomy_interfaces/msg/_game_status.py
[98.966s] -- Symlinking: /home/unitree/navigation_ws/install/rm_autonomy_interfaces/lib/python3.8/site-packages/rm_autonomy_interfaces/msg/_human_intervention.py
[98.992s] -- Symlinking: /home/unitree/navigation_ws/install/rm_autonomy_interfaces/lib/python3.8/site-packages/rm_autonomy_interfaces/msg/_invincible_target.py
[99.020s] -- Symlinking: /home/unitree/navigation_ws/install/rm_autonomy_interfaces/lib/python3.8/site-packages/rm_autonomy_interfaces/msg/_navigate_command.py
[99.049s] -- Symlinking: /home/unitree/navigation_ws/install/rm_autonomy_interfaces/lib/python3.8/site-packages/rm_autonomy_interfaces/msg/_omni_sensing.py
[99.068s] -- Symlinking: /home/unitree/navigation_ws/install/rm_autonomy_interfaces/lib/python3.8/site-packages/rm_autonomy_interfaces/msg/_radar_enemy_position.py
[99.089s] -- Symlinking: /home/unitree/navigation_ws/install/rm_autonomy_interfaces/lib/python3.8/site-packages/rm_autonomy_interfaces/msg/_radar_target.py
[99.110s] -- Symlinking: /home/unitree/navigation_ws/install/rm_autonomy_interfaces/lib/python3.8/site-packages/rm_autonomy_interfaces/msg/_self_state.py
[99.142s] -- Symlinking: /home/unitree/navigation_ws/install/rm_autonomy_interfaces/lib/python3.8/site-packages/rm_autonomy_interfaces/rm_autonomy_interfaces_s__rosidl_typesupport_fastrtps_c.cpython-38-aarch64-linux-gnu.so
[99.164s] -- Symlinking: /home/unitree/navigation_ws/install/rm_autonomy_interfaces/lib/python3.8/site-packages/rm_autonomy_interfaces/rm_autonomy_interfaces_s__rosidl_typesupport_introspection_c.cpython-38-aarch64-linux-gnu.so
[99.192s] -- Symlinking: /home/unitree/navigation_ws/install/rm_autonomy_interfaces/lib/python3.8/site-packages/rm_autonomy_interfaces/rm_autonomy_interfaces_s__rosidl_typesupport_c.cpython-38-aarch64-linux-gnu.so
[99.218s] -- Symlinking: /home/unitree/navigation_ws/install/rm_autonomy_interfaces/lib/librm_autonomy_interfaces__python.so
[99.251s] -- Symlinking: /home/unitree/navigation_ws/install/rm_autonomy_interfaces/share/rm_autonomy_interfaces/msg/AllRobotHP.idl
[99.276s] -- Symlinking: /home/unitree/navigation_ws/install/rm_autonomy_interfaces/share/rm_autonomy_interfaces/msg/AllyRobotPosition.idl
[99.304s] -- Symlinking: /home/unitree/navigation_ws/install/rm_autonomy_interfaces/share/rm_autonomy_interfaces/msg/ArenaStatus.idl
[99.328s] -- Symlinking: /home/unitree/navigation_ws/install/rm_autonomy_interfaces/share/rm_autonomy_interfaces/msg/AutoaimCommunication.idl
[99.352s] -- Symlinking: /home/unitree/navigation_ws/install/rm_autonomy_interfaces/share/rm_autonomy_interfaces/msg/GameStatus.idl
[99.373s] -- Symlinking: /home/unitree/navigation_ws/install/rm_autonomy_interfaces/share/rm_autonomy_interfaces/msg/EnemyRobotMark.idl
[99.401s] -- Symlinking: /home/unitree/navigation_ws/install/rm_autonomy_interfaces/share/rm_autonomy_interfaces/msg/HumanIntervention.idl
[99.428s] -- Symlinking: /home/unitree/navigation_ws/install/rm_autonomy_interfaces/share/rm_autonomy_interfaces/msg/OmniSensing.idl
[99.457s] -- Symlinking: /home/unitree/navigation_ws/install/rm_autonomy_interfaces/share/rm_autonomy_interfaces/msg/RadarEnemyPosition.idl
[99.480s] -- Symlinking: /home/unitree/navigation_ws/install/rm_autonomy_interfaces/share/rm_autonomy_interfaces/msg/RadarTarget.idl
[99.535s] -- Symlinking: /home/unitree/navigation_ws/install/rm_autonomy_interfaces/share/rm_autonomy_interfaces/msg/SelfState.idl
[99.558s] -- Symlinking: /home/unitree/navigation_ws/install/rm_autonomy_interfaces/share/rm_autonomy_interfaces/msg/NavigateCommand.idl
[99.582s] -- Symlinking: /home/unitree/navigation_ws/install/rm_autonomy_interfaces/share/rm_autonomy_interfaces/msg/FireTrigger.idl
[99.604s] -- Symlinking: /home/unitree/navigation_ws/install/rm_autonomy_interfaces/share/rm_autonomy_interfaces/msg/InvincibleTarget.idl
[99.638s] -- Symlinking: /home/unitree/navigation_ws/install/rm_autonomy_interfaces/share/rm_autonomy_interfaces/msg/ChaseControl.idl
[99.659s] -- Symlinking: /home/unitree/navigation_ws/install/rm_autonomy_interfaces/share/rm_autonomy_interfaces/msg/AllRobotHP.msg
[99.693s] -- Symlinking: /home/unitree/navigation_ws/install/rm_autonomy_interfaces/share/rm_autonomy_interfaces/msg/AllyRobotPosition.msg
[99.718s] -- Symlinking: /home/unitree/navigation_ws/install/rm_autonomy_interfaces/share/rm_autonomy_interfaces/msg/ArenaStatus.msg
[99.746s] -- Symlinking: /home/unitree/navigation_ws/install/rm_autonomy_interfaces/share/rm_autonomy_interfaces/msg/AutoaimCommunication.msg
[99.770s] -- Symlinking: /home/unitree/navigation_ws/install/rm_autonomy_interfaces/share/rm_autonomy_interfaces/msg/GameStatus.msg
[99.793s] -- Symlinking: /home/unitree/navigation_ws/install/rm_autonomy_interfaces/share/rm_autonomy_interfaces/msg/EnemyRobotMark.msg
[99.813s] -- Symlinking: /home/unitree/navigation_ws/install/rm_autonomy_interfaces/share/rm_autonomy_interfaces/msg/HumanIntervention.msg
[99.841s] -- Symlinking: /home/unitree/navigation_ws/install/rm_autonomy_interfaces/share/rm_autonomy_interfaces/msg/OmniSensing.msg
[99.864s] -- Symlinking: /home/unitree/navigation_ws/install/rm_autonomy_interfaces/share/rm_autonomy_interfaces/msg/RadarEnemyPosition.msg
[99.889s] -- Symlinking: /home/unitree/navigation_ws/install/rm_autonomy_interfaces/share/rm_autonomy_interfaces/msg/RadarTarget.msg
[99.909s] -- Symlinking: /home/unitree/navigation_ws/install/rm_autonomy_interfaces/share/rm_autonomy_interfaces/msg/SelfState.msg
[99.935s] -- Symlinking: /home/unitree/navigation_ws/install/rm_autonomy_interfaces/share/rm_autonomy_interfaces/msg/NavigateCommand.msg
[99.956s] -- Symlinking: /home/unitree/navigation_ws/install/rm_autonomy_interfaces/share/rm_autonomy_interfaces/msg/FireTrigger.msg
[99.978s] -- Symlinking: /home/unitree/navigation_ws/install/rm_autonomy_interfaces/share/rm_autonomy_interfaces/msg/InvincibleTarget.msg
[100.000s] -- Symlinking: /home/unitree/navigation_ws/install/rm_autonomy_interfaces/share/rm_autonomy_interfaces/msg/ChaseControl.msg
[100.028s] -- Symlinking: /home/unitree/navigation_ws/install/rm_autonomy_interfaces/share/ament_index/resource_index/package_run_dependencies/rm_autonomy_interfaces
[100.053s] -- Symlinking: /home/unitree/navigation_ws/install/rm_autonomy_interfaces/share/ament_index/resource_index/parent_prefix_path/rm_autonomy_interfaces
[100.082s] -- Symlinking: /home/unitree/navigation_ws/install/rm_autonomy_interfaces/share/rm_autonomy_interfaces/environment/ament_prefix_path.sh
[100.106s] -- Symlinking: /home/unitree/navigation_ws/install/rm_autonomy_interfaces/share/rm_autonomy_interfaces/environment/ament_prefix_path.dsv
[100.131s] -- Symlinking: /home/unitree/navigation_ws/install/rm_autonomy_interfaces/share/rm_autonomy_interfaces/environment/path.sh
[100.158s] -- Symlinking: /home/unitree/navigation_ws/install/rm_autonomy_interfaces/share/rm_autonomy_interfaces/environment/path.dsv
[100.185s] -- Symlinking: /home/unitree/navigation_ws/install/rm_autonomy_interfaces/share/rm_autonomy_interfaces/local_setup.bash
[100.216s] -- Symlinking: /home/unitree/navigation_ws/install/rm_autonomy_interfaces/share/rm_autonomy_interfaces/local_setup.sh
[100.240s] -- Symlinking: /home/unitree/navigation_ws/install/rm_autonomy_interfaces/share/rm_autonomy_interfaces/local_setup.zsh
[100.265s] -- Symlinking: /home/unitree/navigation_ws/install/rm_autonomy_interfaces/share/rm_autonomy_interfaces/local_setup.dsv
[100.287s] -- Symlinking: /home/unitree/navigation_ws/install/rm_autonomy_interfaces/share/rm_autonomy_interfaces/package.dsv
[100.315s] -- Symlinking: /home/unitree/navigation_ws/install/rm_autonomy_interfaces/share/ament_index/resource_index/packages/rm_autonomy_interfaces
[100.338s] -- Symlinking: /home/unitree/navigation_ws/install/rm_autonomy_interfaces/share/rm_autonomy_interfaces/cmake/rosidl_cmake-extras.cmake
[100.360s] -- Symlinking: /home/unitree/navigation_ws/install/rm_autonomy_interfaces/share/rm_autonomy_interfaces/cmake/ament_cmake_export_dependencies-extras.cmake
[100.383s] -- Symlinking: /home/unitree/navigation_ws/install/rm_autonomy_interfaces/share/rm_autonomy_interfaces/cmake/ament_cmake_export_libraries-extras.cmake
[100.406s] -- Symlinking: /home/unitree/navigation_ws/install/rm_autonomy_interfaces/share/rm_autonomy_interfaces/cmake/ament_cmake_export_targets-extras.cmake
[100.427s] -- Symlinking: /home/unitree/navigation_ws/install/rm_autonomy_interfaces/share/rm_autonomy_interfaces/cmake/ament_cmake_export_include_directories-extras.cmake
[100.450s] -- Symlinking: /home/unitree/navigation_ws/install/rm_autonomy_interfaces/share/rm_autonomy_interfaces/cmake/rosidl_cmake_export_typesupport_libraries-extras.cmake
[100.478s] -- Symlinking: /home/unitree/navigation_ws/install/rm_autonomy_interfaces/share/rm_autonomy_interfaces/cmake/rosidl_cmake_export_typesupport_targets-extras.cmake
[100.503s] -- Symlinking: /home/unitree/navigation_ws/install/rm_autonomy_interfaces/share/rm_autonomy_interfaces/cmake/rm_autonomy_interfacesConfig.cmake
[100.525s] -- Symlinking: /home/unitree/navigation_ws/install/rm_autonomy_interfaces/share/rm_autonomy_interfaces/cmake/rm_autonomy_interfacesConfig-version.cmake
[100.550s] -- Symlinking: /home/unitree/navigation_ws/install/rm_autonomy_interfaces/share/rm_autonomy_interfaces/package.xml
[100.570s] -- Installing: /home/unitree/navigation_ws/install/rm_autonomy_interfaces/lib/librm_autonomy_interfaces__rosidl_generator_c.so
[100.571s] -- Set runtime path of "/home/unitree/navigation_ws/install/rm_autonomy_interfaces/lib/librm_autonomy_interfaces__rosidl_generator_c.so" to ""
[100.572s] -- Installing: /home/unitree/navigation_ws/install/rm_autonomy_interfaces/lib/librm_autonomy_interfaces__rosidl_typesupport_introspection_c.so
[100.572s] -- Set runtime path of "/home/unitree/navigation_ws/install/rm_autonomy_interfaces/lib/librm_autonomy_interfaces__rosidl_typesupport_introspection_c.so" to ""
[100.574s] -- Installing: /home/unitree/navigation_ws/install/rm_autonomy_interfaces/lib/librm_autonomy_interfaces__rosidl_typesupport_c.so
[100.576s] -- Set runtime path of "/home/unitree/navigation_ws/install/rm_autonomy_interfaces/lib/librm_autonomy_interfaces__rosidl_typesupport_c.so" to ""
[100.576s] -- Installing: /home/unitree/navigation_ws/install/rm_autonomy_interfaces/lib/librm_autonomy_interfaces__rosidl_typesupport_introspection_cpp.so
[100.577s] -- Set runtime path of "/home/unitree/navigation_ws/install/rm_autonomy_interfaces/lib/librm_autonomy_interfaces__rosidl_typesupport_introspection_cpp.so" to ""
[100.577s] -- Installing: /home/unitree/navigation_ws/install/rm_autonomy_interfaces/lib/librm_autonomy_interfaces__rosidl_typesupport_cpp.so
[100.579s] -- Set runtime path of "/home/unitree/navigation_ws/install/rm_autonomy_interfaces/lib/librm_autonomy_interfaces__rosidl_typesupport_cpp.so" to ""
[100.636s] Compiling '/home/unitree/navigation_ws/install/rm_autonomy_interfaces/lib/python3.8/site-packages/rm_autonomy_interfaces/__init__.py'...
[100.648s] -- Installing: /home/unitree/navigation_ws/install/rm_autonomy_interfaces/share/rm_autonomy_interfaces/cmake/rm_autonomy_interfaces__rosidl_generator_cExport.cmake
[100.650s] -- Installing: /home/unitree/navigation_ws/install/rm_autonomy_interfaces/share/rm_autonomy_interfaces/cmake/rm_autonomy_interfaces__rosidl_generator_cExport-noconfig.cmake
[100.650s] -- Installing: /home/unitree/navigation_ws/install/rm_autonomy_interfaces/share/rm_autonomy_interfaces/cmake/rm_autonomy_interfaces__rosidl_typesupport_introspection_cExport.cmake
[100.651s] -- Installing: /home/unitree/navigation_ws/install/rm_autonomy_interfaces/share/rm_autonomy_interfaces/cmake/rm_autonomy_interfaces__rosidl_typesupport_introspection_cExport-noconfig.cmake
[100.651s] -- Installing: /home/unitree/navigation_ws/install/rm_autonomy_interfaces/share/rm_autonomy_interfaces/cmake/rm_autonomy_interfaces__rosidl_typesupport_cExport.cmake
[100.652s] -- Installing: /home/unitree/navigation_ws/install/rm_autonomy_interfaces/share/rm_autonomy_interfaces/cmake/rm_autonomy_interfaces__rosidl_typesupport_cExport-noconfig.cmake
[100.652s] -- Installing: /home/unitree/navigation_ws/install/rm_autonomy_interfaces/share/rm_autonomy_interfaces/cmake/rm_autonomy_interfaces__rosidl_generator_cppExport.cmake
[100.653s] -- Installing: /home/unitree/navigation_ws/install/rm_autonomy_interfaces/share/rm_autonomy_interfaces/cmake/rm_autonomy_interfaces__rosidl_typesupport_introspection_cppExport.cmake
[100.653s] -- Installing: /home/unitree/navigation_ws/install/rm_autonomy_interfaces/share/rm_autonomy_interfaces/cmake/rm_autonomy_interfaces__rosidl_typesupport_introspection_cppExport-noconfig.cmake
[100.653s] -- Installing: /home/unitree/navigation_ws/install/rm_autonomy_interfaces/share/rm_autonomy_interfaces/cmake/rm_autonomy_interfaces__rosidl_typesupport_cppExport.cmake
[100.654s] -- Installing: /home/unitree/navigation_ws/install/rm_autonomy_interfaces/share/rm_autonomy_interfaces/cmake/rm_autonomy_interfaces__rosidl_typesupport_cppExport-noconfig.cmake
[100.662s] Invoked command in '/home/unitree/navigation_ws/build/rm_autonomy_interfaces' returned '0': CMAKE_PREFIX_PATH=${CMAKE_PREFIX_PATH}:/opt/ros/foxy /usr/bin/cmake --install /home/unitree/navigation_ws/build/rm_autonomy_interfaces
