Performing C SOURCE FILE Test CMAKE_HAVE_LIBC_PTHREAD failed with the following output:
Change Dir: /home/unitree/navigation_ws/build/cmd_vel_processor/CMakeFiles/CMakeTmp

Run Build Command(s):/usr/bin/make cmTC_08023/fast && /usr/bin/make -f CMakeFiles/cmTC_08023.dir/build.make CMakeFiles/cmTC_08023.dir/build
make[1]: Entering directory '/home/unitree/navigation_ws/build/cmd_vel_processor/CMakeFiles/CMakeTmp'
Building C object CMakeFiles/cmTC_08023.dir/src.c.o
/usr/bin/cc   -DCMAKE_HAVE_LIBC_PTHREAD   -o CMakeFiles/cmTC_08023.dir/src.c.o   -c /home/unitree/navigation_ws/build/cmd_vel_processor/CMakeFiles/CMakeTmp/src.c
Linking C executable cmTC_08023
/usr/bin/cmake -E cmake_link_script CMakeFiles/cmTC_08023.dir/link.txt --verbose=1
/usr/bin/cc  -DCMAKE_HAVE_LIBC_PTHREAD    CMakeFiles/cmTC_08023.dir/src.c.o  -o cmTC_08023 
/usr/bin/ld: CMakeFiles/cmTC_08023.dir/src.c.o: in function `main':
src.c:(.text+0x48): undefined reference to `pthread_create'
/usr/bin/ld: src.c:(.text+0x50): undefined reference to `pthread_detach'
/usr/bin/ld: src.c:(.text+0x5c): undefined reference to `pthread_join'
collect2: error: ld returned 1 exit status
make[1]: *** [CMakeFiles/cmTC_08023.dir/build.make:87: cmTC_08023] Error 1
make[1]: Leaving directory '/home/unitree/navigation_ws/build/cmd_vel_processor/CMakeFiles/CMakeTmp'
make: *** [Makefile:121: cmTC_08023/fast] Error 2


Source file was:
#include <pthread.h>

void* test_func(void* data)
{
  return data;
}

int main(void)
{
  pthread_t thread;
  pthread_create(&thread, NULL, test_func, NULL);
  pthread_detach(thread);
  pthread_join(thread, NULL);
  pthread_atfork(NULL, NULL, NULL);
  pthread_exit(NULL);

  return 0;
}

Determining if the function pthread_create exists in the pthreads failed with the following output:
Change Dir: /home/unitree/navigation_ws/build/cmd_vel_processor/CMakeFiles/CMakeTmp

Run Build Command(s):/usr/bin/make cmTC_b97f3/fast && /usr/bin/make -f CMakeFiles/cmTC_b97f3.dir/build.make CMakeFiles/cmTC_b97f3.dir/build
make[1]: Entering directory '/home/unitree/navigation_ws/build/cmd_vel_processor/CMakeFiles/CMakeTmp'
Building C object CMakeFiles/cmTC_b97f3.dir/CheckFunctionExists.c.o
/usr/bin/cc   -DCHECK_FUNCTION_EXISTS=pthread_create   -o CMakeFiles/cmTC_b97f3.dir/CheckFunctionExists.c.o   -c /usr/share/cmake-3.16/Modules/CheckFunctionExists.c
Linking C executable cmTC_b97f3
/usr/bin/cmake -E cmake_link_script CMakeFiles/cmTC_b97f3.dir/link.txt --verbose=1
/usr/bin/cc  -DCHECK_FUNCTION_EXISTS=pthread_create    CMakeFiles/cmTC_b97f3.dir/CheckFunctionExists.c.o  -o cmTC_b97f3  -lpthreads 
/usr/bin/ld: cannot find -lpthreads
collect2: error: ld returned 1 exit status
make[1]: *** [CMakeFiles/cmTC_b97f3.dir/build.make:87: cmTC_b97f3] Error 1
make[1]: Leaving directory '/home/unitree/navigation_ws/build/cmd_vel_processor/CMakeFiles/CMakeTmp'
make: *** [Makefile:121: cmTC_b97f3/fast] Error 2



Performing C SOURCE FILE Test CMAKE_HAVE_LIBC_PTHREAD failed with the following output:
Change Dir: /home/unitree/navigation_ws/build/cmd_vel_processor/CMakeFiles/CMakeTmp

Run Build Command(s):/usr/bin/make cmTC_3974f/fast && /usr/bin/make -f CMakeFiles/cmTC_3974f.dir/build.make CMakeFiles/cmTC_3974f.dir/build
make[1]: Entering directory '/home/unitree/navigation_ws/build/cmd_vel_processor/CMakeFiles/CMakeTmp'
Building C object CMakeFiles/cmTC_3974f.dir/src.c.o
/usr/bin/cc   -DCMAKE_HAVE_LIBC_PTHREAD   -o CMakeFiles/cmTC_3974f.dir/src.c.o   -c /home/unitree/navigation_ws/build/cmd_vel_processor/CMakeFiles/CMakeTmp/src.c
Linking C executable cmTC_3974f
/usr/bin/cmake -E cmake_link_script CMakeFiles/cmTC_3974f.dir/link.txt --verbose=1
/usr/bin/cc  -DCMAKE_HAVE_LIBC_PTHREAD    CMakeFiles/cmTC_3974f.dir/src.c.o  -o cmTC_3974f 
/usr/bin/ld: CMakeFiles/cmTC_3974f.dir/src.c.o: in function `main':
src.c:(.text+0x48): undefined reference to `pthread_create'
/usr/bin/ld: src.c:(.text+0x50): undefined reference to `pthread_detach'
/usr/bin/ld: src.c:(.text+0x5c): undefined reference to `pthread_join'
collect2: error: ld returned 1 exit status
make[1]: *** [CMakeFiles/cmTC_3974f.dir/build.make:87: cmTC_3974f] Error 1
make[1]: Leaving directory '/home/unitree/navigation_ws/build/cmd_vel_processor/CMakeFiles/CMakeTmp'
make: *** [Makefile:121: cmTC_3974f/fast] Error 2


Source file was:
#include <pthread.h>

void* test_func(void* data)
{
  return data;
}

int main(void)
{
  pthread_t thread;
  pthread_create(&thread, NULL, test_func, NULL);
  pthread_detach(thread);
  pthread_join(thread, NULL);
  pthread_atfork(NULL, NULL, NULL);
  pthread_exit(NULL);

  return 0;
}

Determining if the function pthread_create exists in the pthreads failed with the following output:
Change Dir: /home/unitree/navigation_ws/build/cmd_vel_processor/CMakeFiles/CMakeTmp

Run Build Command(s):/usr/bin/make cmTC_886da/fast && /usr/bin/make -f CMakeFiles/cmTC_886da.dir/build.make CMakeFiles/cmTC_886da.dir/build
make[1]: Entering directory '/home/unitree/navigation_ws/build/cmd_vel_processor/CMakeFiles/CMakeTmp'
Building C object CMakeFiles/cmTC_886da.dir/CheckFunctionExists.c.o
/usr/bin/cc   -DCHECK_FUNCTION_EXISTS=pthread_create   -o CMakeFiles/cmTC_886da.dir/CheckFunctionExists.c.o   -c /usr/share/cmake-3.16/Modules/CheckFunctionExists.c
Linking C executable cmTC_886da
/usr/bin/cmake -E cmake_link_script CMakeFiles/cmTC_886da.dir/link.txt --verbose=1
/usr/bin/cc  -DCHECK_FUNCTION_EXISTS=pthread_create    CMakeFiles/cmTC_886da.dir/CheckFunctionExists.c.o  -o cmTC_886da  -lpthreads 
/usr/bin/ld: cannot find -lpthreads
collect2: error: ld returned 1 exit status
make[1]: *** [CMakeFiles/cmTC_886da.dir/build.make:87: cmTC_886da] Error 1
make[1]: Leaving directory '/home/unitree/navigation_ws/build/cmd_vel_processor/CMakeFiles/CMakeTmp'
make: *** [Makefile:121: cmTC_886da/fast] Error 2



Performing C SOURCE FILE Test CMAKE_HAVE_LIBC_PTHREAD failed with the following output:
Change Dir: /home/unitree/navigation_ws/build/cmd_vel_processor/CMakeFiles/CMakeTmp

Run Build Command(s):/usr/bin/make cmTC_814bd/fast && /usr/bin/make -f CMakeFiles/cmTC_814bd.dir/build.make CMakeFiles/cmTC_814bd.dir/build
make[1]: Entering directory '/home/unitree/navigation_ws/build/cmd_vel_processor/CMakeFiles/CMakeTmp'
Building C object CMakeFiles/cmTC_814bd.dir/src.c.o
/usr/bin/cc   -DCMAKE_HAVE_LIBC_PTHREAD   -o CMakeFiles/cmTC_814bd.dir/src.c.o   -c /home/unitree/navigation_ws/build/cmd_vel_processor/CMakeFiles/CMakeTmp/src.c
Linking C executable cmTC_814bd
/usr/bin/cmake -E cmake_link_script CMakeFiles/cmTC_814bd.dir/link.txt --verbose=1
/usr/bin/cc  -DCMAKE_HAVE_LIBC_PTHREAD    CMakeFiles/cmTC_814bd.dir/src.c.o  -o cmTC_814bd 
/usr/bin/ld: CMakeFiles/cmTC_814bd.dir/src.c.o: in function `main':
src.c:(.text+0x48): undefined reference to `pthread_create'
/usr/bin/ld: src.c:(.text+0x50): undefined reference to `pthread_detach'
/usr/bin/ld: src.c:(.text+0x5c): undefined reference to `pthread_join'
collect2: error: ld returned 1 exit status
make[1]: *** [CMakeFiles/cmTC_814bd.dir/build.make:87: cmTC_814bd] Error 1
make[1]: Leaving directory '/home/unitree/navigation_ws/build/cmd_vel_processor/CMakeFiles/CMakeTmp'
make: *** [Makefile:121: cmTC_814bd/fast] Error 2


Source file was:
#include <pthread.h>

void* test_func(void* data)
{
  return data;
}

int main(void)
{
  pthread_t thread;
  pthread_create(&thread, NULL, test_func, NULL);
  pthread_detach(thread);
  pthread_join(thread, NULL);
  pthread_atfork(NULL, NULL, NULL);
  pthread_exit(NULL);

  return 0;
}

Determining if the function pthread_create exists in the pthreads failed with the following output:
Change Dir: /home/unitree/navigation_ws/build/cmd_vel_processor/CMakeFiles/CMakeTmp

Run Build Command(s):/usr/bin/make cmTC_7432c/fast && /usr/bin/make -f CMakeFiles/cmTC_7432c.dir/build.make CMakeFiles/cmTC_7432c.dir/build
make[1]: Entering directory '/home/unitree/navigation_ws/build/cmd_vel_processor/CMakeFiles/CMakeTmp'
Building C object CMakeFiles/cmTC_7432c.dir/CheckFunctionExists.c.o
/usr/bin/cc   -DCHECK_FUNCTION_EXISTS=pthread_create   -o CMakeFiles/cmTC_7432c.dir/CheckFunctionExists.c.o   -c /usr/share/cmake-3.16/Modules/CheckFunctionExists.c
Linking C executable cmTC_7432c
/usr/bin/cmake -E cmake_link_script CMakeFiles/cmTC_7432c.dir/link.txt --verbose=1
/usr/bin/cc  -DCHECK_FUNCTION_EXISTS=pthread_create    CMakeFiles/cmTC_7432c.dir/CheckFunctionExists.c.o  -o cmTC_7432c  -lpthreads 
/usr/bin/ld: cannot find -lpthreads
collect2: error: ld returned 1 exit status
make[1]: *** [CMakeFiles/cmTC_7432c.dir/build.make:87: cmTC_7432c] Error 1
make[1]: Leaving directory '/home/unitree/navigation_ws/build/cmd_vel_processor/CMakeFiles/CMakeTmp'
make: *** [Makefile:121: cmTC_7432c/fast] Error 2



