-- Found ament_cmake: 0.9.12 (/opt/ros/foxy/share/ament_cmake/cmake)
-- Using PYTHON_EXECUTABLE: /usr/bin/python3
-- Override CMake install command with custom implementation using symlinks instead of copying resources
-- Found geometry_msgs: 2.0.5 (/opt/ros/foxy/share/geometry_msgs/cmake)
-- Using all available rosidl_typesupport_c: rosidl_typesupport_fastrtps_c;rosidl_typesupport_introspection_c
-- Found rosidl_adapter: 1.3.1 (/opt/ros/foxy/share/rosidl_adapter/cmake)
-- Using all available rosidl_typesupport_cpp: rosidl_typesupport_fastrtps_cpp;rosidl_typesupport_introspection_cpp
-- Found laser_geometry: 2.2.0 (/opt/ros/foxy/share/laser_geometry/cmake)
-- Found map_msgs: 2.0.2 (/opt/ros/foxy/share/map_msgs/cmake)
-- Found message_filters: 3.2.7 (/opt/ros/foxy/share/message_filters/cmake)
-- Found nav2_common: 0.4.7 (/home/unitree/navigation_ws/install/nav2_common/share/nav2_common/cmake)
-- Found nav2_msgs: 0.4.7 (/home/unitree/navigation_ws/install/nav2_msgs/share/nav2_msgs/cmake)
-- Found nav2_util: 0.4.7 (/home/unitree/navigation_ws/install/nav2_util/share/nav2_util/cmake)
-- Found rmw_implementation_cmake: 1.0.4 (/opt/ros/foxy/share/rmw_implementation_cmake/cmake)
-- Using RMW implementation 'rmw_cyclonedds_cpp' as default
-- Found nav2_voxel_grid: 0.4.7 (/home/unitree/navigation_ws/install/nav2_voxel_grid/share/nav2_voxel_grid/cmake)
-- Found pluginlib: 2.5.4 (/opt/ros/foxy/share/pluginlib/cmake)
-- Found tf2_sensor_msgs: 0.13.14 (/opt/ros/foxy/share/tf2_sensor_msgs/cmake)
-- Found visualization_msgs: 2.0.5 (/opt/ros/foxy/share/visualization_msgs/cmake)
-- Found angles: 1.12.6 (/opt/ros/foxy/share/angles/cmake)
-- Found ament_lint_auto: 0.9.8 (/opt/ros/foxy/share/ament_lint_auto/cmake)
-- Found gtest sources under '/opt/ros/foxy/src/gtest_vendor': C++ tests using 'Google Test' will be built
-- Found gtest sources under '/opt/ros/foxy/src/gtest_vendor': C++ tests using 'Google Test' will be built
-- Added test 'cppcheck' to perform static code analysis on C / C++ code
-- Configured cppcheck include dirs: /home/unitree/navigation_ws/src/navigation2/nav2_costmap_2d/include
-- Configured cppcheck exclude dirs and/or files: 
-- Added test 'flake8' to check Python code syntax and style conventions
-- Added test 'lint_cmake' to check CMake code style
-- Added test 'pep257' to check Python code against some of the style conventions in PEP 257
-- Added test 'uncrustify' to check C / C++ code style
-- Configured uncrustify additional arguments: 
-- Added test 'xmllint' to check XML markup files
-- Configuring done
-- Generating done
-- Build files have been written to: /home/unitree/navigation_ws/build/nav2_costmap_2d
[  2%] [32mBuilding CXX object CMakeFiles/nav2_costmap_2d_core.dir/src/array_parser.cpp.o[0m
[  4%] [32mBuilding CXX object CMakeFiles/nav2_costmap_2d_core.dir/src/costmap_2d_publisher.cpp.o[0m
[  8%] [32mBuilding CXX object CMakeFiles/nav2_costmap_2d_core.dir/src/costmap_math.cpp.o[0m
[  8%] [32mBuilding CXX object CMakeFiles/nav2_costmap_2d_core.dir/src/costmap_2d_ros.cpp.o[0m
[ 10%] [32mBuilding CXX object CMakeFiles/nav2_costmap_2d_core.dir/src/layered_costmap.cpp.o[0m
[ 12%] [32mBuilding CXX object CMakeFiles/nav2_costmap_2d_core.dir/src/footprint.cpp.o[0m
[ 14%] [32mBuilding CXX object CMakeFiles/nav2_costmap_2d_core.dir/src/layer.cpp.o[0m
[ 16%] [32mBuilding CXX object CMakeFiles/nav2_costmap_2d_core.dir/src/costmap_2d.cpp.o[0m
[ 22%] [32mBuilding CXX object CMakeFiles/nav2_costmap_2d_core.dir/src/observation_buffer.cpp.o[0m
[ 22%] [32mBuilding CXX object CMakeFiles/nav2_costmap_2d_core.dir/src/clear_costmap_service.cpp.o[0m
[ 22%] [32mBuilding CXX object CMakeFiles/nav2_costmap_2d_core.dir/src/footprint_collision_checker.cpp.o[0m
[ 25%] [32mBuilding CXX object CMakeFiles/nav2_costmap_2d_core.dir/src/costmap_layer.cpp.o[0m
[ 27%] [32m[1mLinking CXX shared library libnav2_costmap_2d_core.so[0m
[ 27%] Built target nav2_costmap_2d_core
[ 31%] Built target gtest
[ 35%] Built target gtest_main
[ 37%] [32mBuilding CXX object CMakeFiles/nav2_costmap_2d_client.dir/src/costmap_subscriber.cpp.o[0m
[ 39%] [32mBuilding CXX object CMakeFiles/nav2_costmap_2d_client.dir/src/costmap_topic_collision_checker.cpp.o[0m
[ 41%] [32mBuilding CXX object CMakeFiles/nav2_costmap_2d_client.dir/src/footprint_subscriber.cpp.o[0m
[ 43%] [32mBuilding CXX object CMakeFiles/layers.dir/plugins/inflation_layer.cpp.o[0m
[ 45%] [32mBuilding CXX object CMakeFiles/nav2_costmap_2d_cloud.dir/src/costmap_2d_cloud.cpp.o[0m
[ 47%] [32mBuilding CXX object CMakeFiles/nav2_costmap_2d_markers.dir/src/costmap_2d_markers.cpp.o[0m
[ 50%] [32mBuilding CXX object CMakeFiles/layers.dir/plugins/static_layer.cpp.o[0m
[ 52%] [32mBuilding CXX object CMakeFiles/layers.dir/plugins/obstacle_layer.cpp.o[0m
[ 54%] [32mBuilding CXX object CMakeFiles/layers.dir/src/observation_buffer.cpp.o[0m
[ 56%] [32m[1mLinking CXX shared library libnav2_costmap_2d_client.so[0m
[ 56%] Built target nav2_costmap_2d_client
[ 58%] [32mBuilding CXX object CMakeFiles/layers.dir/plugins/voxel_layer.cpp.o[0m
[ 60%] [32mBuilding CXX object test/unit/CMakeFiles/array_parser_test.dir/array_parser_test.cpp.o[0m
[ 62%] [32mBuilding CXX object test/unit/CMakeFiles/collision_footprint_test.dir/footprint_collision_checker_test.cpp.o[0m
[ 64%] [32m[1mLinking CXX executable array_parser_test[0m
[ 66%] [32m[1mLinking CXX executable nav2_costmap_2d_cloud[0m
[ 66%] Built target array_parser_test
[ 66%] Built target nav2_costmap_2d_cloud
[ 68%] [32m[1mLinking CXX executable nav2_costmap_2d_markers[0m
[ 68%] Built target nav2_costmap_2d_markers
[ 70%] [32m[1mLinking CXX executable collision_footprint_test[0m
[ 70%] Built target collision_footprint_test
[ 72%] [32mBuilding CXX object CMakeFiles/layers.dir/plugins/range_sensor_layer.cpp.o[0m
[ 75%] [32m[1mLinking CXX shared library liblayers.so[0m
[ 75%] Built target layers
[ 79%] [32mBuilding CXX object CMakeFiles/nav2_costmap_2d.dir/src/costmap_2d_node.cpp.o[0m
[ 79%] [32mBuilding CXX object test/integration/CMakeFiles/footprint_tests_exec.dir/footprint_tests.cpp.o[0m
[ 83%] [32mBuilding CXX object test/integration/CMakeFiles/inflation_tests_exec.dir/inflation_tests.cpp.o[0m
[ 83%] [32mBuilding CXX object test/integration/CMakeFiles/obstacle_tests_exec.dir/obstacle_tests.cpp.o[0m
[ 85%] [32mBuilding CXX object test/integration/CMakeFiles/range_tests_exec.dir/range_tests.cpp.o[0m
[ 87%] [32mBuilding CXX object test/integration/CMakeFiles/test_collision_checker_exec.dir/test_costmap_topic_collision_checker.cpp.o[0m
[ 89%] [32m[1mLinking CXX executable nav2_costmap_2d[0m
[ 91%] [32m[1mLinking CXX executable footprint_tests_exec[0m
[ 91%] Built target nav2_costmap_2d
[ 91%] Built target footprint_tests_exec
[ 93%] [32m[1mLinking CXX executable range_tests_exec[0m
[ 95%] [32m[1mLinking CXX executable obstacle_tests_exec[0m
[ 95%] Built target range_tests_exec
[ 95%] Built target obstacle_tests_exec
[ 97%] [32m[1mLinking CXX executable inflation_tests_exec[0m
[ 97%] Built target inflation_tests_exec
[100%] [32m[1mLinking CXX executable test_collision_checker_exec[0m
[100%] Built target test_collision_checker_exec
-- Install configuration: "Release"
-- Execute custom install script
-- Up-to-date symlink: /home/unitree/navigation_ws/install/nav2_costmap_2d/lib/libnav2_costmap_2d_core.so
-- Up-to-date symlink: /home/unitree/navigation_ws/install/nav2_costmap_2d/lib/liblayers.so
-- Up-to-date symlink: /home/unitree/navigation_ws/install/nav2_costmap_2d/lib/libnav2_costmap_2d_client.so
-- Up-to-date symlink: /home/unitree/navigation_ws/install/nav2_costmap_2d/lib/nav2_costmap_2d/nav2_costmap_2d
-- Up-to-date symlink: /home/unitree/navigation_ws/install/nav2_costmap_2d/lib/nav2_costmap_2d/nav2_costmap_2d_markers
-- Up-to-date symlink: /home/unitree/navigation_ws/install/nav2_costmap_2d/lib/nav2_costmap_2d/nav2_costmap_2d_cloud
-- Up-to-date symlink: /home/unitree/navigation_ws/install/nav2_costmap_2d/share/nav2_costmap_2d/costmap_plugins.xml
-- Up-to-date symlink: /home/unitree/navigation_ws/install/nav2_costmap_2d/include//nav2_costmap_2d/array_parser.hpp
-- Up-to-date symlink: /home/unitree/navigation_ws/install/nav2_costmap_2d/include//nav2_costmap_2d/clear_costmap_service.hpp
-- Up-to-date symlink: /home/unitree/navigation_ws/install/nav2_costmap_2d/include//nav2_costmap_2d/cost_values.hpp
-- Up-to-date symlink: /home/unitree/navigation_ws/install/nav2_costmap_2d/include//nav2_costmap_2d/costmap_2d.hpp
-- Up-to-date symlink: /home/unitree/navigation_ws/install/nav2_costmap_2d/include//nav2_costmap_2d/costmap_2d_publisher.hpp
-- Up-to-date symlink: /home/unitree/navigation_ws/install/nav2_costmap_2d/include//nav2_costmap_2d/costmap_2d_ros.hpp
-- Up-to-date symlink: /home/unitree/navigation_ws/install/nav2_costmap_2d/include//nav2_costmap_2d/costmap_layer.hpp
-- Up-to-date symlink: /home/unitree/navigation_ws/install/nav2_costmap_2d/include//nav2_costmap_2d/costmap_math.hpp
-- Up-to-date symlink: /home/unitree/navigation_ws/install/nav2_costmap_2d/include//nav2_costmap_2d/costmap_subscriber.hpp
-- Up-to-date symlink: /home/unitree/navigation_ws/install/nav2_costmap_2d/include//nav2_costmap_2d/costmap_topic_collision_checker.hpp
-- Up-to-date symlink: /home/unitree/navigation_ws/install/nav2_costmap_2d/include//nav2_costmap_2d/exceptions.hpp
-- Up-to-date symlink: /home/unitree/navigation_ws/install/nav2_costmap_2d/include//nav2_costmap_2d/footprint.hpp
-- Up-to-date symlink: /home/unitree/navigation_ws/install/nav2_costmap_2d/include//nav2_costmap_2d/footprint_collision_checker.hpp
-- Up-to-date symlink: /home/unitree/navigation_ws/install/nav2_costmap_2d/include//nav2_costmap_2d/footprint_subscriber.hpp
-- Up-to-date symlink: /home/unitree/navigation_ws/install/nav2_costmap_2d/include//nav2_costmap_2d/inflation_layer.hpp
-- Up-to-date symlink: /home/unitree/navigation_ws/install/nav2_costmap_2d/include//nav2_costmap_2d/layer.hpp
-- Up-to-date symlink: /home/unitree/navigation_ws/install/nav2_costmap_2d/include//nav2_costmap_2d/layered_costmap.hpp
-- Up-to-date symlink: /home/unitree/navigation_ws/install/nav2_costmap_2d/include//nav2_costmap_2d/observation.hpp
-- Up-to-date symlink: /home/unitree/navigation_ws/install/nav2_costmap_2d/include//nav2_costmap_2d/observation_buffer.hpp
-- Up-to-date symlink: /home/unitree/navigation_ws/install/nav2_costmap_2d/include//nav2_costmap_2d/obstacle_layer.hpp
-- Up-to-date symlink: /home/unitree/navigation_ws/install/nav2_costmap_2d/include//nav2_costmap_2d/range_sensor_layer.hpp
-- Up-to-date symlink: /home/unitree/navigation_ws/install/nav2_costmap_2d/include//nav2_costmap_2d/static_layer.hpp
-- Up-to-date symlink: /home/unitree/navigation_ws/install/nav2_costmap_2d/include//nav2_costmap_2d/voxel_layer.hpp
-- Up-to-date symlink: /home/unitree/navigation_ws/install/nav2_costmap_2d/share/nav2_costmap_2d/environment/library_path.sh
-- Up-to-date symlink: /home/unitree/navigation_ws/install/nav2_costmap_2d/share/nav2_costmap_2d/environment/library_path.dsv
-- Up-to-date symlink: /home/unitree/navigation_ws/install/nav2_costmap_2d/share/nav2_costmap_2d//costmap_plugins.xml
-- Up-to-date symlink: /home/unitree/navigation_ws/install/nav2_costmap_2d/share/ament_index/resource_index/package_run_dependencies/nav2_costmap_2d
-- Up-to-date symlink: /home/unitree/navigation_ws/install/nav2_costmap_2d/share/ament_index/resource_index/parent_prefix_path/nav2_costmap_2d
-- Up-to-date symlink: /home/unitree/navigation_ws/install/nav2_costmap_2d/share/nav2_costmap_2d/environment/ament_prefix_path.sh
-- Up-to-date symlink: /home/unitree/navigation_ws/install/nav2_costmap_2d/share/nav2_costmap_2d/environment/ament_prefix_path.dsv
-- Up-to-date symlink: /home/unitree/navigation_ws/install/nav2_costmap_2d/share/nav2_costmap_2d/environment/path.sh
-- Up-to-date symlink: /home/unitree/navigation_ws/install/nav2_costmap_2d/share/nav2_costmap_2d/environment/path.dsv
-- Up-to-date symlink: /home/unitree/navigation_ws/install/nav2_costmap_2d/share/nav2_costmap_2d/local_setup.bash
-- Up-to-date symlink: /home/unitree/navigation_ws/install/nav2_costmap_2d/share/nav2_costmap_2d/local_setup.sh
-- Up-to-date symlink: /home/unitree/navigation_ws/install/nav2_costmap_2d/share/nav2_costmap_2d/local_setup.zsh
-- Up-to-date symlink: /home/unitree/navigation_ws/install/nav2_costmap_2d/share/nav2_costmap_2d/local_setup.dsv
-- Symlinking: /home/unitree/navigation_ws/install/nav2_costmap_2d/share/nav2_costmap_2d/package.dsv
-- Up-to-date symlink: /home/unitree/navigation_ws/install/nav2_costmap_2d/share/ament_index/resource_index/packages/nav2_costmap_2d
-- Up-to-date symlink: /home/unitree/navigation_ws/install/nav2_costmap_2d/share/ament_index/resource_index/nav2_costmap_2d__pluginlib__plugin/nav2_costmap_2d
-- Up-to-date symlink: /home/unitree/navigation_ws/install/nav2_costmap_2d/share/nav2_costmap_2d/cmake/ament_cmake_export_include_directories-extras.cmake
-- Up-to-date symlink: /home/unitree/navigation_ws/install/nav2_costmap_2d/share/nav2_costmap_2d/cmake/ament_cmake_export_libraries-extras.cmake
-- Up-to-date symlink: /home/unitree/navigation_ws/install/nav2_costmap_2d/share/nav2_costmap_2d/cmake/ament_cmake_export_dependencies-extras.cmake
-- Up-to-date symlink: /home/unitree/navigation_ws/install/nav2_costmap_2d/share/nav2_costmap_2d/cmake/ament_cmake_export_definitions-extras.cmake
-- Up-to-date symlink: /home/unitree/navigation_ws/install/nav2_costmap_2d/share/nav2_costmap_2d/cmake/nav2_costmap_2dConfig.cmake
-- Up-to-date symlink: /home/unitree/navigation_ws/install/nav2_costmap_2d/share/nav2_costmap_2d/cmake/nav2_costmap_2dConfig-version.cmake
-- Up-to-date symlink: /home/unitree/navigation_ws/install/nav2_costmap_2d/share/nav2_costmap_2d/package.xml
