[0.106s] Invoking command in '/home/unitree/navigation_ws/build/rm_autonomy_interfaces': CMAKE_PREFIX_PATH=${CMAKE_PREFIX_PATH}:/opt/ros/foxy /usr/bin/cmake /home/unitree/navigation_ws/src/autonomy/rm_autonomy_interfaces -DAMENT_CMAKE_SYMLINK_INSTALL=1 -DCMAKE_INSTALL_PREFIX=/home/unitree/navigation_ws/install/rm_autonomy_interfaces
[0.788s] -- The C compiler identification is GNU 9.4.0
[0.788s] -- The CXX compiler identification is GNU 9.4.0
[0.788s] -- Check for working C compiler: /usr/bin/cc
[0.788s] -- Check for working C compiler: /usr/bin/cc -- works
[0.789s] -- Detecting C compiler ABI info
[0.833s] -- Detecting C compiler ABI info - done
[0.852s] -- Detecting C compile features
[0.852s] -- Detecting C compile features - done
[0.862s] -- Check for working CXX compiler: /usr/bin/c++
[1.131s] -- Check for working CXX compiler: /usr/bin/c++ -- works
[1.133s] -- Detecting CXX compiler ABI info
[1.352s] -- Detecting CXX compiler ABI info - done
[1.368s] -- Detecting CXX compile features
[1.368s] -- Detecting CXX compile features - done
[1.377s] -- Found ament_cmake: 0.9.12 (/opt/ros/foxy/share/ament_cmake/cmake)
[1.439s] -- Found PythonInterp: /usr/bin/python3 (found suitable version "3.8.10", minimum required is "3") 
[1.439s] -- Using PYTHON_EXECUTABLE: /usr/bin/python3
[1.793s] -- Override CMake install command with custom implementation using symlinks instead of copying resources
[1.898s] -- Found ament_cmake_auto: 0.9.12 (/opt/ros/foxy/share/ament_cmake_auto/cmake)
[1.906s] -- Found std_msgs: 2.0.5 (/opt/ros/foxy/share/std_msgs/cmake)
[1.992s] -- Using all available rosidl_typesupport_c: rosidl_typesupport_fastrtps_c;rosidl_typesupport_introspection_c
[2.026s] -- Found rosidl_adapter: 1.3.1 (/opt/ros/foxy/share/rosidl_adapter/cmake)
[2.264s] -- Found OpenSSL: /usr/lib/aarch64-linux-gnu/libcrypto.so (found version "1.1.1f")  
[2.337s] -- Found FastRTPS: /opt/ros/foxy/include  
[2.510s] -- Using all available rosidl_typesupport_cpp: rosidl_typesupport_fastrtps_cpp;rosidl_typesupport_introspection_cpp
[2.593s] -- Found rosidl_default_generators: 1.0.1 (/opt/ros/foxy/share/rosidl_default_generators/cmake)
[2.627s] -- Found ament_lint_auto: 0.9.8 (/opt/ros/foxy/share/ament_lint_auto/cmake)
[2.849s] -- Found PythonInterp: /usr/bin/python3 (found version "3.8.10") 
[3.185s] -- Found ament_cmake_ros: 0.9.2 (/opt/ros/foxy/share/ament_cmake_ros/cmake)
[3.568s] -- Using all available rosidl_typesupport_c: rosidl_typesupport_fastrtps_c;rosidl_typesupport_introspection_c
[3.696s] -- Using all available rosidl_typesupport_cpp: rosidl_typesupport_fastrtps_cpp;rosidl_typesupport_introspection_cpp
[3.801s] -- Found PythonInterp: /usr/bin/python3 (found suitable version "3.8.10", minimum required is "3.5") 
[3.811s] -- Found python_cmake_module: 0.8.1 (/opt/ros/foxy/share/python_cmake_module/cmake)
[3.926s] -- Found PythonLibs: /usr/lib/aarch64-linux-gnu/libpython3.8.so (found suitable version "3.8.10", minimum required is "3.5") 
[3.926s] -- Using PYTHON_EXECUTABLE: /usr/bin/python3
[3.926s] -- Using PYTHON_INCLUDE_DIRS: /usr/include/python3.8
[3.927s] -- Using PYTHON_LIBRARIES: /usr/lib/aarch64-linux-gnu/libpython3.8.so
[3.998s] -- Found PythonExtra: .so  
[4.370s] -- Added test 'lint_cmake' to check CMake code style
[4.374s] -- Added test 'xmllint' to check XML markup files
[4.414s] -- Configuring done
[4.576s] -- Generating done
[4.595s] -- Build files have been written to: /home/unitree/navigation_ws/build/rm_autonomy_interfaces
[4.683s] Invoked command in '/home/unitree/navigation_ws/build/rm_autonomy_interfaces' returned '0': CMAKE_PREFIX_PATH=${CMAKE_PREFIX_PATH}:/opt/ros/foxy /usr/bin/cmake /home/unitree/navigation_ws/src/autonomy/rm_autonomy_interfaces -DAMENT_CMAKE_SYMLINK_INSTALL=1 -DCMAKE_INSTALL_PREFIX=/home/unitree/navigation_ws/install/rm_autonomy_interfaces
[4.699s] Invoking command in '/home/unitree/navigation_ws/build/rm_autonomy_interfaces': CMAKE_PREFIX_PATH=${CMAKE_PREFIX_PATH}:/opt/ros/foxy /usr/bin/cmake --build /home/unitree/navigation_ws/build/rm_autonomy_interfaces -- -j8 -l8
[5.006s] [35m[1mScanning dependencies of target rm_autonomy_interfaces__rosidl_generator_c[0m
[5.009s] [35m[1mScanning dependencies of target rm_autonomy_interfaces__cpp[0m
[5.084s] [  1%] [32mBuilding C object CMakeFiles/rm_autonomy_interfaces__rosidl_generator_c.dir/rosidl_generator_c/rm_autonomy_interfaces/msg/detail/arena_status__functions.c.o[0m
[5.097s] [  2%] [32mBuilding C object CMakeFiles/rm_autonomy_interfaces__rosidl_generator_c.dir/rosidl_generator_c/rm_autonomy_interfaces/msg/detail/ally_robot_position__functions.c.o[0m
[5.136s] [  2%] [32mBuilding C object CMakeFiles/rm_autonomy_interfaces__rosidl_generator_c.dir/rosidl_generator_c/rm_autonomy_interfaces/msg/detail/game_status__functions.c.o[0m
[5.152s] [  2%] [32mBuilding C object CMakeFiles/rm_autonomy_interfaces__rosidl_generator_c.dir/rosidl_generator_c/rm_autonomy_interfaces/msg/detail/all_robot_hp__functions.c.o[0m
[5.164s] [  3%] [32mBuilding C object CMakeFiles/rm_autonomy_interfaces__rosidl_generator_c.dir/rosidl_generator_c/rm_autonomy_interfaces/msg/detail/enemy_robot_mark__functions.c.o[0m
[5.164s] [  3%] Built target rm_autonomy_interfaces__cpp
[5.184s] [  4%] [32mBuilding C object CMakeFiles/rm_autonomy_interfaces__rosidl_generator_c.dir/rosidl_generator_c/rm_autonomy_interfaces/msg/detail/human_intervention__functions.c.o[0m
[5.191s] [  5%] [32mBuilding C object CMakeFiles/rm_autonomy_interfaces__rosidl_generator_c.dir/rosidl_generator_c/rm_autonomy_interfaces/msg/detail/autoaim_communication__functions.c.o[0m
[5.301s] [35m[1mScanning dependencies of target rm_autonomy_interfaces__rosidl_typesupport_introspection_cpp[0m
[5.353s] [  5%] [32mBuilding C object CMakeFiles/rm_autonomy_interfaces__rosidl_generator_c.dir/rosidl_generator_c/rm_autonomy_interfaces/msg/detail/omni_sensing__functions.c.o[0m
[5.423s] [  6%] [32mBuilding C object CMakeFiles/rm_autonomy_interfaces__rosidl_generator_c.dir/rosidl_generator_c/rm_autonomy_interfaces/msg/detail/radar_enemy_position__functions.c.o[0m
[5.449s] [  7%] [32mBuilding CXX object CMakeFiles/rm_autonomy_interfaces__rosidl_typesupport_introspection_cpp.dir/rosidl_typesupport_introspection_cpp/rm_autonomy_interfaces/msg/detail/all_robot_hp__type_support.cpp.o[0m
[5.492s] [  8%] [32mBuilding C object CMakeFiles/rm_autonomy_interfaces__rosidl_generator_c.dir/rosidl_generator_c/rm_autonomy_interfaces/msg/detail/radar_target__functions.c.o[0m
[5.500s] [  8%] [32mBuilding C object CMakeFiles/rm_autonomy_interfaces__rosidl_generator_c.dir/rosidl_generator_c/rm_autonomy_interfaces/msg/detail/self_state__functions.c.o[0m
[5.546s] [35m[1mScanning dependencies of target rm_autonomy_interfaces__rosidl_typesupport_cpp[0m
[5.552s] [  9%] [32mBuilding C object CMakeFiles/rm_autonomy_interfaces__rosidl_generator_c.dir/rosidl_generator_c/rm_autonomy_interfaces/msg/detail/navigate_command__functions.c.o[0m
[5.684s] [ 10%] [32mBuilding C object CMakeFiles/rm_autonomy_interfaces__rosidl_generator_c.dir/rosidl_generator_c/rm_autonomy_interfaces/msg/detail/fire_trigger__functions.c.o[0m
[5.688s] [ 11%] [32mBuilding CXX object CMakeFiles/rm_autonomy_interfaces__rosidl_typesupport_cpp.dir/rosidl_typesupport_cpp/rm_autonomy_interfaces/msg/all_robot_hp__type_support.cpp.o[0m
[5.746s] [ 12%] [32mBuilding C object CMakeFiles/rm_autonomy_interfaces__rosidl_generator_c.dir/rosidl_generator_c/rm_autonomy_interfaces/msg/detail/invincible_target__functions.c.o[0m
[5.768s] [ 12%] [32mBuilding C object CMakeFiles/rm_autonomy_interfaces__rosidl_generator_c.dir/rosidl_generator_c/rm_autonomy_interfaces/msg/detail/chase_control__functions.c.o[0m
[5.829s] [35m[1mScanning dependencies of target rm_autonomy_interfaces__rosidl_typesupport_fastrtps_cpp[0m
[5.891s] [ 12%] [32mBuilding CXX object CMakeFiles/rm_autonomy_interfaces__rosidl_typesupport_cpp.dir/rosidl_typesupport_cpp/rm_autonomy_interfaces/msg/ally_robot_position__type_support.cpp.o[0m
[5.965s] [ 13%] [32mBuilding CXX object CMakeFiles/rm_autonomy_interfaces__rosidl_typesupport_cpp.dir/rosidl_typesupport_cpp/rm_autonomy_interfaces/msg/arena_status__type_support.cpp.o[0m
[5.980s] [ 14%] [32mBuilding CXX object CMakeFiles/rm_autonomy_interfaces__rosidl_typesupport_fastrtps_cpp.dir/rosidl_typesupport_fastrtps_cpp/rm_autonomy_interfaces/msg/detail/dds_fastrtps/all_robot_hp__type_support.cpp.o[0m
[6.122s] [ 15%] [32m[1mLinking C shared library librm_autonomy_interfaces__rosidl_generator_c.so[0m
[6.123s] [ 16%] [32mBuilding CXX object CMakeFiles/rm_autonomy_interfaces__rosidl_typesupport_fastrtps_cpp.dir/rosidl_typesupport_fastrtps_cpp/rm_autonomy_interfaces/msg/detail/dds_fastrtps/ally_robot_position__type_support.cpp.o[0m
[6.124s] [ 17%] [32mBuilding CXX object CMakeFiles/rm_autonomy_interfaces__rosidl_typesupport_cpp.dir/rosidl_typesupport_cpp/rm_autonomy_interfaces/msg/autoaim_communication__type_support.cpp.o[0m
[6.550s] [ 18%] Built target rm_autonomy_interfaces__rosidl_generator_c
[6.638s] [ 18%] [32mBuilding CXX object CMakeFiles/rm_autonomy_interfaces__rosidl_typesupport_cpp.dir/rosidl_typesupport_cpp/rm_autonomy_interfaces/msg/game_status__type_support.cpp.o[0m
[6.972s] [ 19%] [32mBuilding CXX object CMakeFiles/rm_autonomy_interfaces__rosidl_typesupport_cpp.dir/rosidl_typesupport_cpp/rm_autonomy_interfaces/msg/enemy_robot_mark__type_support.cpp.o[0m
[7.484s] [ 20%] [32mBuilding CXX object CMakeFiles/rm_autonomy_interfaces__rosidl_typesupport_introspection_cpp.dir/rosidl_typesupport_introspection_cpp/rm_autonomy_interfaces/msg/detail/ally_robot_position__type_support.cpp.o[0m
[7.714s] [ 20%] [32mBuilding CXX object CMakeFiles/rm_autonomy_interfaces__rosidl_typesupport_fastrtps_cpp.dir/rosidl_typesupport_fastrtps_cpp/rm_autonomy_interfaces/msg/detail/dds_fastrtps/arena_status__type_support.cpp.o[0m
[8.125s] [ 21%] [32mBuilding CXX object CMakeFiles/rm_autonomy_interfaces__rosidl_typesupport_cpp.dir/rosidl_typesupport_cpp/rm_autonomy_interfaces/msg/human_intervention__type_support.cpp.o[0m
[8.421s] [ 21%] [32mBuilding CXX object CMakeFiles/rm_autonomy_interfaces__rosidl_typesupport_introspection_cpp.dir/rosidl_typesupport_introspection_cpp/rm_autonomy_interfaces/msg/detail/arena_status__type_support.cpp.o[0m
[8.429s] [ 21%] [32mBuilding CXX object CMakeFiles/rm_autonomy_interfaces__rosidl_typesupport_cpp.dir/rosidl_typesupport_cpp/rm_autonomy_interfaces/msg/radar_enemy_position__type_support.cpp.o[0m
[8.437s] [ 22%] [32mBuilding CXX object CMakeFiles/rm_autonomy_interfaces__rosidl_typesupport_cpp.dir/rosidl_typesupport_cpp/rm_autonomy_interfaces/msg/omni_sensing__type_support.cpp.o[0m
[8.793s] [ 23%] [32mBuilding CXX object CMakeFiles/rm_autonomy_interfaces__rosidl_typesupport_fastrtps_cpp.dir/rosidl_typesupport_fastrtps_cpp/rm_autonomy_interfaces/msg/detail/dds_fastrtps/autoaim_communication__type_support.cpp.o[0m
[9.247s] [ 24%] [32mBuilding CXX object CMakeFiles/rm_autonomy_interfaces__rosidl_typesupport_introspection_cpp.dir/rosidl_typesupport_introspection_cpp/rm_autonomy_interfaces/msg/detail/autoaim_communication__type_support.cpp.o[0m
[10.153s] [ 25%] [32mBuilding CXX object CMakeFiles/rm_autonomy_interfaces__rosidl_typesupport_introspection_cpp.dir/rosidl_typesupport_introspection_cpp/rm_autonomy_interfaces/msg/detail/game_status__type_support.cpp.o[0m
[10.289s] [ 26%] [32mBuilding CXX object CMakeFiles/rm_autonomy_interfaces__rosidl_typesupport_cpp.dir/rosidl_typesupport_cpp/rm_autonomy_interfaces/msg/radar_target__type_support.cpp.o[0m
[10.352s] [ 27%] [32mBuilding CXX object CMakeFiles/rm_autonomy_interfaces__rosidl_typesupport_fastrtps_cpp.dir/rosidl_typesupport_fastrtps_cpp/rm_autonomy_interfaces/msg/detail/dds_fastrtps/game_status__type_support.cpp.o[0m
[10.477s] [ 28%] [32mBuilding CXX object CMakeFiles/rm_autonomy_interfaces__rosidl_typesupport_cpp.dir/rosidl_typesupport_cpp/rm_autonomy_interfaces/msg/self_state__type_support.cpp.o[0m
[10.584s] [ 28%] [32mBuilding CXX object CMakeFiles/rm_autonomy_interfaces__rosidl_typesupport_fastrtps_cpp.dir/rosidl_typesupport_fastrtps_cpp/rm_autonomy_interfaces/msg/detail/dds_fastrtps/enemy_robot_mark__type_support.cpp.o[0m
[10.843s] [ 29%] [32mBuilding CXX object CMakeFiles/rm_autonomy_interfaces__rosidl_typesupport_introspection_cpp.dir/rosidl_typesupport_introspection_cpp/rm_autonomy_interfaces/msg/detail/enemy_robot_mark__type_support.cpp.o[0m
[11.084s] [ 29%] [32mBuilding CXX object CMakeFiles/rm_autonomy_interfaces__rosidl_typesupport_introspection_cpp.dir/rosidl_typesupport_introspection_cpp/rm_autonomy_interfaces/msg/detail/human_intervention__type_support.cpp.o[0m
[11.171s] [ 30%] [32mBuilding CXX object CMakeFiles/rm_autonomy_interfaces__rosidl_typesupport_fastrtps_cpp.dir/rosidl_typesupport_fastrtps_cpp/rm_autonomy_interfaces/msg/detail/dds_fastrtps/human_intervention__type_support.cpp.o[0m
[11.936s] [ 30%] [32mBuilding CXX object CMakeFiles/rm_autonomy_interfaces__rosidl_typesupport_cpp.dir/rosidl_typesupport_cpp/rm_autonomy_interfaces/msg/navigate_command__type_support.cpp.o[0m
[12.065s] [ 31%] [32mBuilding CXX object CMakeFiles/rm_autonomy_interfaces__rosidl_typesupport_cpp.dir/rosidl_typesupport_cpp/rm_autonomy_interfaces/msg/fire_trigger__type_support.cpp.o[0m
[12.174s] [35m[1mScanning dependencies of target rm_autonomy_interfaces__rosidl_typesupport_introspection_c[0m
[12.249s] [ 32%] [32mBuilding C object CMakeFiles/rm_autonomy_interfaces__rosidl_typesupport_introspection_c.dir/rosidl_typesupport_introspection_c/rm_autonomy_interfaces/msg/detail/all_robot_hp__type_support.c.o[0m
[12.312s] [ 33%] [32mBuilding CXX object CMakeFiles/rm_autonomy_interfaces__rosidl_typesupport_introspection_cpp.dir/rosidl_typesupport_introspection_cpp/rm_autonomy_interfaces/msg/detail/omni_sensing__type_support.cpp.o[0m
[12.484s] [ 33%] [32mBuilding C object CMakeFiles/rm_autonomy_interfaces__rosidl_typesupport_introspection_c.dir/rosidl_typesupport_introspection_c/rm_autonomy_interfaces/msg/detail/ally_robot_position__type_support.c.o[0m
[12.598s] [ 34%] [32mBuilding CXX object CMakeFiles/rm_autonomy_interfaces__rosidl_typesupport_fastrtps_cpp.dir/rosidl_typesupport_fastrtps_cpp/rm_autonomy_interfaces/msg/detail/dds_fastrtps/omni_sensing__type_support.cpp.o[0m
[12.652s] [ 35%] [32mBuilding C object CMakeFiles/rm_autonomy_interfaces__rosidl_typesupport_introspection_c.dir/rosidl_typesupport_introspection_c/rm_autonomy_interfaces/msg/detail/arena_status__type_support.c.o[0m
[12.659s] [ 35%] [32mBuilding CXX object CMakeFiles/rm_autonomy_interfaces__rosidl_typesupport_fastrtps_cpp.dir/rosidl_typesupport_fastrtps_cpp/rm_autonomy_interfaces/msg/detail/dds_fastrtps/radar_enemy_position__type_support.cpp.o[0m
[12.899s] [ 36%] [32mBuilding C object CMakeFiles/rm_autonomy_interfaces__rosidl_typesupport_introspection_c.dir/rosidl_typesupport_introspection_c/rm_autonomy_interfaces/msg/detail/autoaim_communication__type_support.c.o[0m
[12.968s] [ 37%] [32mBuilding CXX object CMakeFiles/rm_autonomy_interfaces__rosidl_typesupport_fastrtps_cpp.dir/rosidl_typesupport_fastrtps_cpp/rm_autonomy_interfaces/msg/detail/dds_fastrtps/radar_target__type_support.cpp.o[0m
[13.198s] [ 38%] [32mBuilding C object CMakeFiles/rm_autonomy_interfaces__rosidl_typesupport_introspection_c.dir/rosidl_typesupport_introspection_c/rm_autonomy_interfaces/msg/detail/game_status__type_support.c.o[0m
[13.495s] [ 38%] [32mBuilding C object CMakeFiles/rm_autonomy_interfaces__rosidl_typesupport_introspection_c.dir/rosidl_typesupport_introspection_c/rm_autonomy_interfaces/msg/detail/enemy_robot_mark__type_support.c.o[0m
[13.625s] [ 39%] [32mBuilding C object CMakeFiles/rm_autonomy_interfaces__rosidl_typesupport_introspection_c.dir/rosidl_typesupport_introspection_c/rm_autonomy_interfaces/msg/detail/human_intervention__type_support.c.o[0m
[13.810s] [ 40%] [32mBuilding CXX object CMakeFiles/rm_autonomy_interfaces__rosidl_typesupport_fastrtps_cpp.dir/rosidl_typesupport_fastrtps_cpp/rm_autonomy_interfaces/msg/detail/dds_fastrtps/self_state__type_support.cpp.o[0m
[13.986s] [ 41%] [32mBuilding CXX object CMakeFiles/rm_autonomy_interfaces__rosidl_typesupport_cpp.dir/rosidl_typesupport_cpp/rm_autonomy_interfaces/msg/invincible_target__type_support.cpp.o[0m
[14.012s] [ 42%] [32mBuilding C object CMakeFiles/rm_autonomy_interfaces__rosidl_typesupport_introspection_c.dir/rosidl_typesupport_introspection_c/rm_autonomy_interfaces/msg/detail/omni_sensing__type_support.c.o[0m
[14.221s] [ 43%] [32mBuilding CXX object CMakeFiles/rm_autonomy_interfaces__rosidl_typesupport_introspection_cpp.dir/rosidl_typesupport_introspection_cpp/rm_autonomy_interfaces/msg/detail/radar_enemy_position__type_support.cpp.o[0m
[14.418s] [ 43%] [32mBuilding C object CMakeFiles/rm_autonomy_interfaces__rosidl_typesupport_introspection_c.dir/rosidl_typesupport_introspection_c/rm_autonomy_interfaces/msg/detail/radar_enemy_position__type_support.c.o[0m
[14.432s] [ 43%] [32mBuilding CXX object CMakeFiles/rm_autonomy_interfaces__rosidl_typesupport_introspection_cpp.dir/rosidl_typesupport_introspection_cpp/rm_autonomy_interfaces/msg/detail/radar_target__type_support.cpp.o[0m
[14.721s] [ 44%] [32mBuilding C object CMakeFiles/rm_autonomy_interfaces__rosidl_typesupport_introspection_c.dir/rosidl_typesupport_introspection_c/rm_autonomy_interfaces/msg/detail/radar_target__type_support.c.o[0m
[15.054s] [ 45%] [32mBuilding C object CMakeFiles/rm_autonomy_interfaces__rosidl_typesupport_introspection_c.dir/rosidl_typesupport_introspection_c/rm_autonomy_interfaces/msg/detail/self_state__type_support.c.o[0m
[15.142s] [ 45%] [32mBuilding C object CMakeFiles/rm_autonomy_interfaces__rosidl_typesupport_introspection_c.dir/rosidl_typesupport_introspection_c/rm_autonomy_interfaces/msg/detail/navigate_command__type_support.c.o[0m
[15.166s] [ 46%] [32mBuilding C object CMakeFiles/rm_autonomy_interfaces__rosidl_typesupport_introspection_c.dir/rosidl_typesupport_introspection_c/rm_autonomy_interfaces/msg/detail/fire_trigger__type_support.c.o[0m
[15.297s] [ 47%] [32mBuilding C object CMakeFiles/rm_autonomy_interfaces__rosidl_typesupport_introspection_c.dir/rosidl_typesupport_introspection_c/rm_autonomy_interfaces/msg/detail/invincible_target__type_support.c.o[0m
[15.344s] [ 48%] [32mBuilding C object CMakeFiles/rm_autonomy_interfaces__rosidl_typesupport_introspection_c.dir/rosidl_typesupport_introspection_c/rm_autonomy_interfaces/msg/detail/chase_control__type_support.c.o[0m
[15.350s] [ 49%] [32mBuilding CXX object CMakeFiles/rm_autonomy_interfaces__rosidl_typesupport_fastrtps_cpp.dir/rosidl_typesupport_fastrtps_cpp/rm_autonomy_interfaces/msg/detail/dds_fastrtps/navigate_command__type_support.cpp.o[0m
[15.450s] [ 49%] [32mBuilding CXX object CMakeFiles/rm_autonomy_interfaces__rosidl_typesupport_fastrtps_cpp.dir/rosidl_typesupport_fastrtps_cpp/rm_autonomy_interfaces/msg/detail/dds_fastrtps/fire_trigger__type_support.cpp.o[0m
[15.516s] [ 49%] [32m[1mLinking C shared library librm_autonomy_interfaces__rosidl_typesupport_introspection_c.so[0m
[15.552s] [ 50%] [32mBuilding CXX object CMakeFiles/rm_autonomy_interfaces__rosidl_typesupport_fastrtps_cpp.dir/rosidl_typesupport_fastrtps_cpp/rm_autonomy_interfaces/msg/detail/dds_fastrtps/invincible_target__type_support.cpp.o[0m
[15.885s] [ 51%] Built target rm_autonomy_interfaces__rosidl_typesupport_introspection_c
[16.082s] [35m[1mScanning dependencies of target rm_autonomy_interfaces__rosidl_typesupport_c[0m
[16.190s] [ 51%] [32mBuilding CXX object CMakeFiles/rm_autonomy_interfaces__rosidl_typesupport_cpp.dir/rosidl_typesupport_cpp/rm_autonomy_interfaces/msg/chase_control__type_support.cpp.o[0m
[16.261s] [ 51%] [32mBuilding CXX object CMakeFiles/rm_autonomy_interfaces__rosidl_typesupport_c.dir/rosidl_typesupport_c/rm_autonomy_interfaces/msg/all_robot_hp__type_support.cpp.o[0m
[16.326s] [ 52%] [32mBuilding CXX object CMakeFiles/rm_autonomy_interfaces__rosidl_typesupport_c.dir/rosidl_typesupport_c/rm_autonomy_interfaces/msg/ally_robot_position__type_support.cpp.o[0m
[16.391s] [ 53%] [32mBuilding CXX object CMakeFiles/rm_autonomy_interfaces__rosidl_typesupport_introspection_cpp.dir/rosidl_typesupport_introspection_cpp/rm_autonomy_interfaces/msg/detail/self_state__type_support.cpp.o[0m
[16.570s] [ 54%] [32mBuilding CXX object CMakeFiles/rm_autonomy_interfaces__rosidl_typesupport_c.dir/rosidl_typesupport_c/rm_autonomy_interfaces/msg/arena_status__type_support.cpp.o[0m
[16.625s] [ 54%] [32mBuilding CXX object CMakeFiles/rm_autonomy_interfaces__rosidl_typesupport_c.dir/rosidl_typesupport_c/rm_autonomy_interfaces/msg/autoaim_communication__type_support.cpp.o[0m
[16.764s] [ 55%] [32mBuilding CXX object CMakeFiles/rm_autonomy_interfaces__rosidl_typesupport_c.dir/rosidl_typesupport_c/rm_autonomy_interfaces/msg/game_status__type_support.cpp.o[0m
[16.891s] [ 56%] [32mBuilding CXX object CMakeFiles/rm_autonomy_interfaces__rosidl_typesupport_c.dir/rosidl_typesupport_c/rm_autonomy_interfaces/msg/enemy_robot_mark__type_support.cpp.o[0m
[16.898s] [ 57%] [32mBuilding CXX object CMakeFiles/rm_autonomy_interfaces__rosidl_typesupport_c.dir/rosidl_typesupport_c/rm_autonomy_interfaces/msg/human_intervention__type_support.cpp.o[0m
[17.027s] [ 58%] [32mBuilding CXX object CMakeFiles/rm_autonomy_interfaces__rosidl_typesupport_fastrtps_cpp.dir/rosidl_typesupport_fastrtps_cpp/rm_autonomy_interfaces/msg/detail/dds_fastrtps/chase_control__type_support.cpp.o[0m
[17.231s] [ 59%] [32m[1mLinking CXX shared library librm_autonomy_interfaces__rosidl_typesupport_cpp.so[0m
[17.232s] [ 59%] [32mBuilding CXX object CMakeFiles/rm_autonomy_interfaces__rosidl_typesupport_c.dir/rosidl_typesupport_c/rm_autonomy_interfaces/msg/omni_sensing__type_support.cpp.o[0m
[17.243s] [ 60%] [32mBuilding CXX object CMakeFiles/rm_autonomy_interfaces__rosidl_typesupport_c.dir/rosidl_typesupport_c/rm_autonomy_interfaces/msg/radar_enemy_position__type_support.cpp.o[0m
[17.414s] [ 61%] [32mBuilding CXX object CMakeFiles/rm_autonomy_interfaces__rosidl_typesupport_introspection_cpp.dir/rosidl_typesupport_introspection_cpp/rm_autonomy_interfaces/msg/detail/navigate_command__type_support.cpp.o[0m
[17.485s] [ 62%] [32mBuilding CXX object CMakeFiles/rm_autonomy_interfaces__rosidl_typesupport_c.dir/rosidl_typesupport_c/rm_autonomy_interfaces/msg/radar_target__type_support.cpp.o[0m
[17.526s] [ 62%] [32mBuilding CXX object CMakeFiles/rm_autonomy_interfaces__rosidl_typesupport_c.dir/rosidl_typesupport_c/rm_autonomy_interfaces/msg/self_state__type_support.cpp.o[0m
[17.584s] [ 63%] Built target rm_autonomy_interfaces__rosidl_typesupport_cpp
[17.668s] [ 64%] [32mBuilding CXX object CMakeFiles/rm_autonomy_interfaces__rosidl_typesupport_c.dir/rosidl_typesupport_c/rm_autonomy_interfaces/msg/navigate_command__type_support.cpp.o[0m
[17.675s] [ 64%] [32mBuilding CXX object CMakeFiles/rm_autonomy_interfaces__rosidl_typesupport_introspection_cpp.dir/rosidl_typesupport_introspection_cpp/rm_autonomy_interfaces/msg/detail/fire_trigger__type_support.cpp.o[0m
[17.715s] [ 65%] [32mBuilding CXX object CMakeFiles/rm_autonomy_interfaces__rosidl_typesupport_c.dir/rosidl_typesupport_c/rm_autonomy_interfaces/msg/fire_trigger__type_support.cpp.o[0m
[17.810s] [ 66%] [32mBuilding CXX object CMakeFiles/rm_autonomy_interfaces__rosidl_typesupport_introspection_cpp.dir/rosidl_typesupport_introspection_cpp/rm_autonomy_interfaces/msg/detail/invincible_target__type_support.cpp.o[0m
[17.942s] [ 66%] [32mBuilding CXX object CMakeFiles/rm_autonomy_interfaces__rosidl_typesupport_c.dir/rosidl_typesupport_c/rm_autonomy_interfaces/msg/invincible_target__type_support.cpp.o[0m
[18.016s] [ 67%] [32mBuilding CXX object CMakeFiles/rm_autonomy_interfaces__rosidl_typesupport_c.dir/rosidl_typesupport_c/rm_autonomy_interfaces/msg/chase_control__type_support.cpp.o[0m
[18.217s] [ 68%] [32mBuilding CXX object CMakeFiles/rm_autonomy_interfaces__rosidl_typesupport_introspection_cpp.dir/rosidl_typesupport_introspection_cpp/rm_autonomy_interfaces/msg/detail/chase_control__type_support.cpp.o[0m
[18.314s] [ 69%] [32m[1mLinking CXX shared library librm_autonomy_interfaces__rosidl_typesupport_c.so[0m
[18.633s] [ 70%] Built target rm_autonomy_interfaces__rosidl_typesupport_c
[19.859s] [ 70%] [32m[1mLinking CXX shared library librm_autonomy_interfaces__rosidl_typesupport_fastrtps_cpp.so[0m
[20.269s] [ 71%] [32m[1mLinking CXX shared library librm_autonomy_interfaces__rosidl_typesupport_introspection_cpp.so[0m
[20.600s] [ 72%] Built target rm_autonomy_interfaces__rosidl_typesupport_fastrtps_cpp
[20.743s] [35m[1mScanning dependencies of target rm_autonomy_interfaces__rosidl_typesupport_fastrtps_c[0m
[21.015s] [ 73%] [32mBuilding CXX object CMakeFiles/rm_autonomy_interfaces__rosidl_typesupport_fastrtps_c.dir/rosidl_typesupport_fastrtps_c/rm_autonomy_interfaces/msg/detail/arena_status__type_support_c.cpp.o[0m
[21.028s] [ 74%] [32mBuilding CXX object CMakeFiles/rm_autonomy_interfaces__rosidl_typesupport_fastrtps_c.dir/rosidl_typesupport_fastrtps_c/rm_autonomy_interfaces/msg/detail/autoaim_communication__type_support_c.cpp.o[0m
[21.031s] [ 75%] [32mBuilding CXX object CMakeFiles/rm_autonomy_interfaces__rosidl_typesupport_fastrtps_c.dir/rosidl_typesupport_fastrtps_c/rm_autonomy_interfaces/msg/detail/all_robot_hp__type_support_c.cpp.o[0m
[21.045s] [ 75%] [32mBuilding CXX object CMakeFiles/rm_autonomy_interfaces__rosidl_typesupport_fastrtps_c.dir/rosidl_typesupport_fastrtps_c/rm_autonomy_interfaces/msg/detail/ally_robot_position__type_support_c.cpp.o[0m
[21.055s] [ 75%] Built target rm_autonomy_interfaces__rosidl_typesupport_introspection_cpp
[21.057s] [ 75%] [32mBuilding CXX object CMakeFiles/rm_autonomy_interfaces__rosidl_typesupport_fastrtps_c.dir/rosidl_typesupport_fastrtps_c/rm_autonomy_interfaces/msg/detail/game_status__type_support_c.cpp.o[0m
[21.089s] [ 76%] [32mBuilding CXX object CMakeFiles/rm_autonomy_interfaces__rosidl_typesupport_fastrtps_c.dir/rosidl_typesupport_fastrtps_c/rm_autonomy_interfaces/msg/detail/enemy_robot_mark__type_support_c.cpp.o[0m
[23.277s] [ 77%] [32mBuilding CXX object CMakeFiles/rm_autonomy_interfaces__rosidl_typesupport_fastrtps_c.dir/rosidl_typesupport_fastrtps_c/rm_autonomy_interfaces/msg/detail/fire_trigger__type_support_c.cpp.o[0m
[24.989s] [ 78%] [32mBuilding CXX object CMakeFiles/rm_autonomy_interfaces__rosidl_typesupport_fastrtps_c.dir/rosidl_typesupport_fastrtps_c/rm_autonomy_interfaces/msg/detail/invincible_target__type_support_c.cpp.o[0m
[26.222s] [ 78%] [32mBuilding CXX object CMakeFiles/rm_autonomy_interfaces__rosidl_typesupport_fastrtps_c.dir/rosidl_typesupport_fastrtps_c/rm_autonomy_interfaces/msg/detail/chase_control__type_support_c.cpp.o[0m
[27.367s] [ 78%] [32mBuilding CXX object CMakeFiles/rm_autonomy_interfaces__rosidl_typesupport_fastrtps_c.dir/rosidl_typesupport_fastrtps_c/rm_autonomy_interfaces/msg/detail/navigate_command__type_support_c.cpp.o[0m
[28.737s] [ 79%] [32mBuilding CXX object CMakeFiles/rm_autonomy_interfaces__rosidl_typesupport_fastrtps_c.dir/rosidl_typesupport_fastrtps_c/rm_autonomy_interfaces/msg/detail/self_state__type_support_c.cpp.o[0m
[29.998s] [ 80%] [32mBuilding CXX object CMakeFiles/rm_autonomy_interfaces__rosidl_typesupport_fastrtps_c.dir/rosidl_typesupport_fastrtps_c/rm_autonomy_interfaces/msg/detail/radar_target__type_support_c.cpp.o[0m
[31.112s] [ 81%] [32mBuilding CXX object CMakeFiles/rm_autonomy_interfaces__rosidl_typesupport_fastrtps_c.dir/rosidl_typesupport_fastrtps_c/rm_autonomy_interfaces/msg/detail/radar_enemy_position__type_support_c.cpp.o[0m
[32.391s] [ 81%] [32mBuilding CXX object CMakeFiles/rm_autonomy_interfaces__rosidl_typesupport_fastrtps_c.dir/rosidl_typesupport_fastrtps_c/rm_autonomy_interfaces/msg/detail/omni_sensing__type_support_c.cpp.o[0m
[33.501s] [ 82%] [32mBuilding CXX object CMakeFiles/rm_autonomy_interfaces__rosidl_typesupport_fastrtps_c.dir/rosidl_typesupport_fastrtps_c/rm_autonomy_interfaces/msg/detail/human_intervention__type_support_c.cpp.o[0m
[34.430s] [ 83%] [32m[1mLinking CXX shared library librm_autonomy_interfaces__rosidl_typesupport_fastrtps_c.so[0m
[35.031s] [ 84%] Built target rm_autonomy_interfaces__rosidl_typesupport_fastrtps_c
[35.145s] [35m[1mScanning dependencies of target rm_autonomy_interfaces[0m
[35.257s] [ 84%] Built target rm_autonomy_interfaces
[35.502s] [ 85%] Built target rm_autonomy_interfaces__py
[35.615s] [35m[1mScanning dependencies of target rm_autonomy_interfaces__python[0m
[35.823s] [ 86%] [32mBuilding C object CMakeFiles/rm_autonomy_interfaces__python.dir/rosidl_generator_py/rm_autonomy_interfaces/msg/_all_robot_hp_s.c.o[0m
[36.230s] [ 86%] [32mBuilding C object CMakeFiles/rm_autonomy_interfaces__python.dir/rosidl_generator_py/rm_autonomy_interfaces/msg/_omni_sensing_s.c.o[0m
[36.433s] [ 87%] [32mBuilding C object CMakeFiles/rm_autonomy_interfaces__python.dir/rosidl_generator_py/rm_autonomy_interfaces/msg/_radar_enemy_position_s.c.o[0m
[36.742s] [ 88%] [32mBuilding C object CMakeFiles/rm_autonomy_interfaces__python.dir/rosidl_generator_py/rm_autonomy_interfaces/msg/_radar_target_s.c.o[0m
[37.012s] [ 89%] [32mBuilding C object CMakeFiles/rm_autonomy_interfaces__python.dir/rosidl_generator_py/rm_autonomy_interfaces/msg/_self_state_s.c.o[0m
[37.374s] [ 89%] [32mBuilding C object CMakeFiles/rm_autonomy_interfaces__python.dir/rosidl_generator_py/rm_autonomy_interfaces/msg/_navigate_command_s.c.o[0m
[37.774s] [ 90%] [32mBuilding C object CMakeFiles/rm_autonomy_interfaces__python.dir/rosidl_generator_py/rm_autonomy_interfaces/msg/_fire_trigger_s.c.o[0m
[38.019s] [ 91%] [32mBuilding C object CMakeFiles/rm_autonomy_interfaces__python.dir/rosidl_generator_py/rm_autonomy_interfaces/msg/_invincible_target_s.c.o[0m
[38.337s] [ 91%] [32mBuilding C object CMakeFiles/rm_autonomy_interfaces__python.dir/rosidl_generator_py/rm_autonomy_interfaces/msg/_chase_control_s.c.o[0m
[38.596s] [ 92%] [32mBuilding C object CMakeFiles/rm_autonomy_interfaces__python.dir/rosidl_generator_py/rm_autonomy_interfaces/msg/_human_intervention_s.c.o[0m
[38.895s] [ 93%] [32mBuilding C object CMakeFiles/rm_autonomy_interfaces__python.dir/rosidl_generator_py/rm_autonomy_interfaces/msg/_enemy_robot_mark_s.c.o[0m
[39.323s] [ 93%] [32mBuilding C object CMakeFiles/rm_autonomy_interfaces__python.dir/rosidl_generator_py/rm_autonomy_interfaces/msg/_game_status_s.c.o[0m
[39.600s] [ 94%] [32mBuilding C object CMakeFiles/rm_autonomy_interfaces__python.dir/rosidl_generator_py/rm_autonomy_interfaces/msg/_autoaim_communication_s.c.o[0m
[39.824s] [ 95%] [32mBuilding C object CMakeFiles/rm_autonomy_interfaces__python.dir/rosidl_generator_py/rm_autonomy_interfaces/msg/_arena_status_s.c.o[0m
[40.067s] [ 95%] [32mBuilding C object CMakeFiles/rm_autonomy_interfaces__python.dir/rosidl_generator_py/rm_autonomy_interfaces/msg/_ally_robot_position_s.c.o[0m
[40.286s] [ 96%] [32m[1mLinking C shared library rosidl_generator_py/rm_autonomy_interfaces/librm_autonomy_interfaces__python.so[0m
[40.461s] [ 96%] Built target rm_autonomy_interfaces__python
[40.507s] [35m[1mScanning dependencies of target rm_autonomy_interfaces__rosidl_typesupport_c__pyext[0m
[40.593s] [ 97%] [32mBuilding C object CMakeFiles/rm_autonomy_interfaces__rosidl_typesupport_c__pyext.dir/rosidl_generator_py/rm_autonomy_interfaces/_rm_autonomy_interfaces_s.ep.rosidl_typesupport_c.c.o[0m
[40.900s] [ 97%] [32m[1mLinking C shared library rosidl_generator_py/rm_autonomy_interfaces/rm_autonomy_interfaces_s__rosidl_typesupport_c.cpython-38-aarch64-linux-gnu.so[0m
[41.054s] [ 97%] Built target rm_autonomy_interfaces__rosidl_typesupport_c__pyext
[41.124s] [35m[1mScanning dependencies of target rm_autonomy_interfaces__rosidl_typesupport_fastrtps_c__pyext[0m
[41.196s] [ 98%] [32mBuilding C object CMakeFiles/rm_autonomy_interfaces__rosidl_typesupport_fastrtps_c__pyext.dir/rosidl_generator_py/rm_autonomy_interfaces/_rm_autonomy_interfaces_s.ep.rosidl_typesupport_fastrtps_c.c.o[0m
[41.480s] [ 98%] [32m[1mLinking CXX shared library rosidl_generator_py/rm_autonomy_interfaces/rm_autonomy_interfaces_s__rosidl_typesupport_fastrtps_c.cpython-38-aarch64-linux-gnu.so[0m
[41.634s] [ 98%] Built target rm_autonomy_interfaces__rosidl_typesupport_fastrtps_c__pyext
[41.672s] [35m[1mScanning dependencies of target rm_autonomy_interfaces__rosidl_typesupport_introspection_c__pyext[0m
[41.766s] [ 99%] [32mBuilding C object CMakeFiles/rm_autonomy_interfaces__rosidl_typesupport_introspection_c__pyext.dir/rosidl_generator_py/rm_autonomy_interfaces/_rm_autonomy_interfaces_s.ep.rosidl_typesupport_introspection_c.c.o[0m
[42.044s] [100%] [32m[1mLinking C shared library rosidl_generator_py/rm_autonomy_interfaces/rm_autonomy_interfaces_s__rosidl_typesupport_introspection_c.cpython-38-aarch64-linux-gnu.so[0m
[42.152s] [100%] Built target rm_autonomy_interfaces__rosidl_typesupport_introspection_c__pyext
[42.223s] Invoked command in '/home/unitree/navigation_ws/build/rm_autonomy_interfaces' returned '0': CMAKE_PREFIX_PATH=${CMAKE_PREFIX_PATH}:/opt/ros/foxy /usr/bin/cmake --build /home/unitree/navigation_ws/build/rm_autonomy_interfaces -- -j8 -l8
[43.451s] Invoking command in '/home/unitree/navigation_ws/build/rm_autonomy_interfaces': CMAKE_PREFIX_PATH=${CMAKE_PREFIX_PATH}:/opt/ros/foxy /usr/bin/cmake --install /home/unitree/navigation_ws/build/rm_autonomy_interfaces
[43.480s] -- Install configuration: ""
[43.482s] -- Execute custom install script
[43.482s] -- Up-to-date symlink: /home/unitree/navigation_ws/install/rm_autonomy_interfaces/share/ament_index/resource_index/rosidl_interfaces/rm_autonomy_interfaces
[43.485s] -- Up-to-date symlink: /home/unitree/navigation_ws/install/rm_autonomy_interfaces/include/rm_autonomy_interfaces/msg/all_robot_hp.h
[43.486s] -- Up-to-date symlink: /home/unitree/navigation_ws/install/rm_autonomy_interfaces/include/rm_autonomy_interfaces/msg/ally_robot_position.h
[43.487s] -- Up-to-date symlink: /home/unitree/navigation_ws/install/rm_autonomy_interfaces/include/rm_autonomy_interfaces/msg/arena_status.h
[43.488s] -- Up-to-date symlink: /home/unitree/navigation_ws/install/rm_autonomy_interfaces/include/rm_autonomy_interfaces/msg/autoaim_communication.h
[43.488s] -- Up-to-date symlink: /home/unitree/navigation_ws/install/rm_autonomy_interfaces/include/rm_autonomy_interfaces/msg/chase_control.h
[43.488s] -- Up-to-date symlink: /home/unitree/navigation_ws/install/rm_autonomy_interfaces/include/rm_autonomy_interfaces/msg/detail/all_robot_hp__functions.h
[43.488s] -- Up-to-date symlink: /home/unitree/navigation_ws/install/rm_autonomy_interfaces/include/rm_autonomy_interfaces/msg/detail/all_robot_hp__struct.h
[43.488s] -- Up-to-date symlink: /home/unitree/navigation_ws/install/rm_autonomy_interfaces/include/rm_autonomy_interfaces/msg/detail/all_robot_hp__type_support.h
[43.489s] -- Up-to-date symlink: /home/unitree/navigation_ws/install/rm_autonomy_interfaces/include/rm_autonomy_interfaces/msg/detail/ally_robot_position__functions.h
[43.489s] -- Up-to-date symlink: /home/unitree/navigation_ws/install/rm_autonomy_interfaces/include/rm_autonomy_interfaces/msg/detail/ally_robot_position__struct.h
[43.489s] -- Up-to-date symlink: /home/unitree/navigation_ws/install/rm_autonomy_interfaces/include/rm_autonomy_interfaces/msg/detail/ally_robot_position__type_support.h
[43.489s] -- Up-to-date symlink: /home/unitree/navigation_ws/install/rm_autonomy_interfaces/include/rm_autonomy_interfaces/msg/detail/arena_status__functions.h
[43.489s] -- Up-to-date symlink: /home/unitree/navigation_ws/install/rm_autonomy_interfaces/include/rm_autonomy_interfaces/msg/detail/arena_status__struct.h
[43.489s] -- Up-to-date symlink: /home/unitree/navigation_ws/install/rm_autonomy_interfaces/include/rm_autonomy_interfaces/msg/detail/arena_status__type_support.h
[43.489s] -- Up-to-date symlink: /home/unitree/navigation_ws/install/rm_autonomy_interfaces/include/rm_autonomy_interfaces/msg/detail/autoaim_communication__functions.h
[43.489s] -- Up-to-date symlink: /home/unitree/navigation_ws/install/rm_autonomy_interfaces/include/rm_autonomy_interfaces/msg/detail/autoaim_communication__struct.h
[43.489s] -- Up-to-date symlink: /home/unitree/navigation_ws/install/rm_autonomy_interfaces/include/rm_autonomy_interfaces/msg/detail/autoaim_communication__type_support.h
[43.490s] -- Up-to-date symlink: /home/unitree/navigation_ws/install/rm_autonomy_interfaces/include/rm_autonomy_interfaces/msg/detail/chase_control__functions.h
[43.490s] -- Up-to-date symlink: /home/unitree/navigation_ws/install/rm_autonomy_interfaces/include/rm_autonomy_interfaces/msg/detail/chase_control__struct.h
[43.490s] -- Up-to-date symlink: /home/unitree/navigation_ws/install/rm_autonomy_interfaces/include/rm_autonomy_interfaces/msg/detail/chase_control__type_support.h
[43.490s] -- Up-to-date symlink: /home/unitree/navigation_ws/install/rm_autonomy_interfaces/include/rm_autonomy_interfaces/msg/detail/enemy_robot_mark__functions.h
[43.490s] -- Up-to-date symlink: /home/unitree/navigation_ws/install/rm_autonomy_interfaces/include/rm_autonomy_interfaces/msg/detail/enemy_robot_mark__struct.h
[43.490s] -- Up-to-date symlink: /home/unitree/navigation_ws/install/rm_autonomy_interfaces/include/rm_autonomy_interfaces/msg/detail/enemy_robot_mark__type_support.h
[43.490s] -- Up-to-date symlink: /home/unitree/navigation_ws/install/rm_autonomy_interfaces/include/rm_autonomy_interfaces/msg/detail/fire_trigger__functions.h
[43.490s] -- Up-to-date symlink: /home/unitree/navigation_ws/install/rm_autonomy_interfaces/include/rm_autonomy_interfaces/msg/detail/fire_trigger__struct.h
[43.491s] -- Up-to-date symlink: /home/unitree/navigation_ws/install/rm_autonomy_interfaces/include/rm_autonomy_interfaces/msg/detail/fire_trigger__type_support.h
[43.497s] -- Up-to-date symlink: /home/unitree/navigation_ws/install/rm_autonomy_interfaces/include/rm_autonomy_interfaces/msg/detail/game_status__functions.h
[43.497s] -- Up-to-date symlink: /home/unitree/navigation_ws/install/rm_autonomy_interfaces/include/rm_autonomy_interfaces/msg/detail/game_status__struct.h
[43.497s] -- Up-to-date symlink: /home/unitree/navigation_ws/install/rm_autonomy_interfaces/include/rm_autonomy_interfaces/msg/detail/game_status__type_support.h
[43.497s] -- Up-to-date symlink: /home/unitree/navigation_ws/install/rm_autonomy_interfaces/include/rm_autonomy_interfaces/msg/detail/human_intervention__functions.h
[43.498s] -- Up-to-date symlink: /home/unitree/navigation_ws/install/rm_autonomy_interfaces/include/rm_autonomy_interfaces/msg/detail/human_intervention__struct.h
[43.498s] -- Up-to-date symlink: /home/unitree/navigation_ws/install/rm_autonomy_interfaces/include/rm_autonomy_interfaces/msg/detail/human_intervention__type_support.h
[43.498s] -- Up-to-date symlink: /home/unitree/navigation_ws/install/rm_autonomy_interfaces/include/rm_autonomy_interfaces/msg/detail/invincible_target__functions.h
[43.498s] -- Up-to-date symlink: /home/unitree/navigation_ws/install/rm_autonomy_interfaces/include/rm_autonomy_interfaces/msg/detail/invincible_target__struct.h
[43.498s] -- Up-to-date symlink: /home/unitree/navigation_ws/install/rm_autonomy_interfaces/include/rm_autonomy_interfaces/msg/detail/invincible_target__type_support.h
[43.498s] -- Up-to-date symlink: /home/unitree/navigation_ws/install/rm_autonomy_interfaces/include/rm_autonomy_interfaces/msg/detail/navigate_command__functions.h
[43.498s] -- Up-to-date symlink: /home/unitree/navigation_ws/install/rm_autonomy_interfaces/include/rm_autonomy_interfaces/msg/detail/navigate_command__struct.h
[43.498s] -- Up-to-date symlink: /home/unitree/navigation_ws/install/rm_autonomy_interfaces/include/rm_autonomy_interfaces/msg/detail/navigate_command__type_support.h
[43.498s] -- Up-to-date symlink: /home/unitree/navigation_ws/install/rm_autonomy_interfaces/include/rm_autonomy_interfaces/msg/detail/omni_sensing__functions.h
[43.498s] -- Up-to-date symlink: /home/unitree/navigation_ws/install/rm_autonomy_interfaces/include/rm_autonomy_interfaces/msg/detail/omni_sensing__struct.h
[43.499s] -- Up-to-date symlink: /home/unitree/navigation_ws/install/rm_autonomy_interfaces/include/rm_autonomy_interfaces/msg/detail/omni_sensing__type_support.h
[43.499s] -- Up-to-date symlink: /home/unitree/navigation_ws/install/rm_autonomy_interfaces/include/rm_autonomy_interfaces/msg/detail/radar_enemy_position__functions.h
[43.499s] -- Up-to-date symlink: /home/unitree/navigation_ws/install/rm_autonomy_interfaces/include/rm_autonomy_interfaces/msg/detail/radar_enemy_position__struct.h
[43.499s] -- Up-to-date symlink: /home/unitree/navigation_ws/install/rm_autonomy_interfaces/include/rm_autonomy_interfaces/msg/detail/radar_enemy_position__type_support.h
[43.499s] -- Up-to-date symlink: /home/unitree/navigation_ws/install/rm_autonomy_interfaces/include/rm_autonomy_interfaces/msg/detail/radar_target__functions.h
[43.499s] -- Up-to-date symlink: /home/unitree/navigation_ws/install/rm_autonomy_interfaces/include/rm_autonomy_interfaces/msg/detail/radar_target__struct.h
[43.499s] -- Up-to-date symlink: /home/unitree/navigation_ws/install/rm_autonomy_interfaces/include/rm_autonomy_interfaces/msg/detail/radar_target__type_support.h
[43.499s] -- Up-to-date symlink: /home/unitree/navigation_ws/install/rm_autonomy_interfaces/include/rm_autonomy_interfaces/msg/detail/self_state__functions.h
[43.499s] -- Up-to-date symlink: /home/unitree/navigation_ws/install/rm_autonomy_interfaces/include/rm_autonomy_interfaces/msg/detail/self_state__struct.h
[43.500s] -- Up-to-date symlink: /home/unitree/navigation_ws/install/rm_autonomy_interfaces/include/rm_autonomy_interfaces/msg/detail/self_state__type_support.h
[43.500s] -- Up-to-date symlink: /home/unitree/navigation_ws/install/rm_autonomy_interfaces/include/rm_autonomy_interfaces/msg/enemy_robot_mark.h
[43.500s] -- Up-to-date symlink: /home/unitree/navigation_ws/install/rm_autonomy_interfaces/include/rm_autonomy_interfaces/msg/fire_trigger.h
[43.500s] -- Up-to-date symlink: /home/unitree/navigation_ws/install/rm_autonomy_interfaces/include/rm_autonomy_interfaces/msg/game_status.h
[43.500s] -- Up-to-date symlink: /home/unitree/navigation_ws/install/rm_autonomy_interfaces/include/rm_autonomy_interfaces/msg/human_intervention.h
[43.500s] -- Up-to-date symlink: /home/unitree/navigation_ws/install/rm_autonomy_interfaces/include/rm_autonomy_interfaces/msg/invincible_target.h
[43.500s] -- Up-to-date symlink: /home/unitree/navigation_ws/install/rm_autonomy_interfaces/include/rm_autonomy_interfaces/msg/navigate_command.h
[43.500s] -- Up-to-date symlink: /home/unitree/navigation_ws/install/rm_autonomy_interfaces/include/rm_autonomy_interfaces/msg/omni_sensing.h
[43.501s] -- Up-to-date symlink: /home/unitree/navigation_ws/install/rm_autonomy_interfaces/include/rm_autonomy_interfaces/msg/radar_enemy_position.h
[43.501s] -- Up-to-date symlink: /home/unitree/navigation_ws/install/rm_autonomy_interfaces/include/rm_autonomy_interfaces/msg/radar_target.h
[43.501s] -- Up-to-date symlink: /home/unitree/navigation_ws/install/rm_autonomy_interfaces/include/rm_autonomy_interfaces/msg/rosidl_generator_c__visibility_control.h
[43.501s] -- Up-to-date symlink: /home/unitree/navigation_ws/install/rm_autonomy_interfaces/include/rm_autonomy_interfaces/msg/self_state.h
[43.501s] -- Up-to-date symlink: /home/unitree/navigation_ws/install/rm_autonomy_interfaces/share/rm_autonomy_interfaces/environment/library_path.sh
[43.501s] -- Up-to-date symlink: /home/unitree/navigation_ws/install/rm_autonomy_interfaces/share/rm_autonomy_interfaces/environment/library_path.dsv
[43.501s] -- Up-to-date symlink: /home/unitree/navigation_ws/install/rm_autonomy_interfaces/include/rm_autonomy_interfaces/msg/detail/all_robot_hp__rosidl_typesupport_fastrtps_c.h
[43.501s] -- Up-to-date symlink: /home/unitree/navigation_ws/install/rm_autonomy_interfaces/include/rm_autonomy_interfaces/msg/detail/ally_robot_position__rosidl_typesupport_fastrtps_c.h
[43.502s] -- Up-to-date symlink: /home/unitree/navigation_ws/install/rm_autonomy_interfaces/include/rm_autonomy_interfaces/msg/detail/arena_status__rosidl_typesupport_fastrtps_c.h
[43.502s] -- Up-to-date symlink: /home/unitree/navigation_ws/install/rm_autonomy_interfaces/include/rm_autonomy_interfaces/msg/detail/autoaim_communication__rosidl_typesupport_fastrtps_c.h
[43.502s] -- Up-to-date symlink: /home/unitree/navigation_ws/install/rm_autonomy_interfaces/include/rm_autonomy_interfaces/msg/detail/chase_control__rosidl_typesupport_fastrtps_c.h
[43.502s] -- Up-to-date symlink: /home/unitree/navigation_ws/install/rm_autonomy_interfaces/include/rm_autonomy_interfaces/msg/detail/enemy_robot_mark__rosidl_typesupport_fastrtps_c.h
[43.503s] -- Up-to-date symlink: /home/unitree/navigation_ws/install/rm_autonomy_interfaces/include/rm_autonomy_interfaces/msg/detail/fire_trigger__rosidl_typesupport_fastrtps_c.h
[43.503s] -- Up-to-date symlink: /home/unitree/navigation_ws/install/rm_autonomy_interfaces/include/rm_autonomy_interfaces/msg/detail/game_status__rosidl_typesupport_fastrtps_c.h
[43.503s] -- Up-to-date symlink: /home/unitree/navigation_ws/install/rm_autonomy_interfaces/include/rm_autonomy_interfaces/msg/detail/human_intervention__rosidl_typesupport_fastrtps_c.h
[43.503s] -- Up-to-date symlink: /home/unitree/navigation_ws/install/rm_autonomy_interfaces/include/rm_autonomy_interfaces/msg/detail/invincible_target__rosidl_typesupport_fastrtps_c.h
[43.504s] -- Up-to-date symlink: /home/unitree/navigation_ws/install/rm_autonomy_interfaces/include/rm_autonomy_interfaces/msg/detail/navigate_command__rosidl_typesupport_fastrtps_c.h
[43.504s] -- Up-to-date symlink: /home/unitree/navigation_ws/install/rm_autonomy_interfaces/include/rm_autonomy_interfaces/msg/detail/omni_sensing__rosidl_typesupport_fastrtps_c.h
[43.504s] -- Up-to-date symlink: /home/unitree/navigation_ws/install/rm_autonomy_interfaces/include/rm_autonomy_interfaces/msg/detail/radar_enemy_position__rosidl_typesupport_fastrtps_c.h
[43.504s] -- Up-to-date symlink: /home/unitree/navigation_ws/install/rm_autonomy_interfaces/include/rm_autonomy_interfaces/msg/detail/radar_target__rosidl_typesupport_fastrtps_c.h
[43.505s] -- Up-to-date symlink: /home/unitree/navigation_ws/install/rm_autonomy_interfaces/include/rm_autonomy_interfaces/msg/detail/self_state__rosidl_typesupport_fastrtps_c.h
[43.505s] -- Up-to-date symlink: /home/unitree/navigation_ws/install/rm_autonomy_interfaces/include/rm_autonomy_interfaces/msg/rosidl_typesupport_fastrtps_c__visibility_control.h
[43.506s] -- Up-to-date symlink: /home/unitree/navigation_ws/install/rm_autonomy_interfaces/lib/librm_autonomy_interfaces__rosidl_typesupport_fastrtps_c.so
[43.507s] -- Up-to-date symlink: /home/unitree/navigation_ws/install/rm_autonomy_interfaces/include/rm_autonomy_interfaces/msg/detail/all_robot_hp__rosidl_typesupport_fastrtps_cpp.hpp
[43.507s] -- Up-to-date symlink: /home/unitree/navigation_ws/install/rm_autonomy_interfaces/include/rm_autonomy_interfaces/msg/detail/ally_robot_position__rosidl_typesupport_fastrtps_cpp.hpp
[43.508s] -- Up-to-date symlink: /home/unitree/navigation_ws/install/rm_autonomy_interfaces/include/rm_autonomy_interfaces/msg/detail/arena_status__rosidl_typesupport_fastrtps_cpp.hpp
[43.508s] -- Up-to-date symlink: /home/unitree/navigation_ws/install/rm_autonomy_interfaces/include/rm_autonomy_interfaces/msg/detail/autoaim_communication__rosidl_typesupport_fastrtps_cpp.hpp
[43.508s] -- Up-to-date symlink: /home/unitree/navigation_ws/install/rm_autonomy_interfaces/include/rm_autonomy_interfaces/msg/detail/chase_control__rosidl_typesupport_fastrtps_cpp.hpp
[43.508s] -- Up-to-date symlink: /home/unitree/navigation_ws/install/rm_autonomy_interfaces/include/rm_autonomy_interfaces/msg/detail/enemy_robot_mark__rosidl_typesupport_fastrtps_cpp.hpp
[43.508s] -- Up-to-date symlink: /home/unitree/navigation_ws/install/rm_autonomy_interfaces/include/rm_autonomy_interfaces/msg/detail/fire_trigger__rosidl_typesupport_fastrtps_cpp.hpp
[43.509s] -- Up-to-date symlink: /home/unitree/navigation_ws/install/rm_autonomy_interfaces/include/rm_autonomy_interfaces/msg/detail/game_status__rosidl_typesupport_fastrtps_cpp.hpp
[43.509s] -- Up-to-date symlink: /home/unitree/navigation_ws/install/rm_autonomy_interfaces/include/rm_autonomy_interfaces/msg/detail/human_intervention__rosidl_typesupport_fastrtps_cpp.hpp
[43.509s] -- Up-to-date symlink: /home/unitree/navigation_ws/install/rm_autonomy_interfaces/include/rm_autonomy_interfaces/msg/detail/invincible_target__rosidl_typesupport_fastrtps_cpp.hpp
[43.509s] -- Up-to-date symlink: /home/unitree/navigation_ws/install/rm_autonomy_interfaces/include/rm_autonomy_interfaces/msg/detail/navigate_command__rosidl_typesupport_fastrtps_cpp.hpp
[43.510s] -- Up-to-date symlink: /home/unitree/navigation_ws/install/rm_autonomy_interfaces/include/rm_autonomy_interfaces/msg/detail/omni_sensing__rosidl_typesupport_fastrtps_cpp.hpp
[43.510s] -- Up-to-date symlink: /home/unitree/navigation_ws/install/rm_autonomy_interfaces/include/rm_autonomy_interfaces/msg/detail/radar_enemy_position__rosidl_typesupport_fastrtps_cpp.hpp
[43.510s] -- Up-to-date symlink: /home/unitree/navigation_ws/install/rm_autonomy_interfaces/include/rm_autonomy_interfaces/msg/detail/radar_target__rosidl_typesupport_fastrtps_cpp.hpp
[43.510s] -- Up-to-date symlink: /home/unitree/navigation_ws/install/rm_autonomy_interfaces/include/rm_autonomy_interfaces/msg/detail/self_state__rosidl_typesupport_fastrtps_cpp.hpp
[43.511s] -- Up-to-date symlink: /home/unitree/navigation_ws/install/rm_autonomy_interfaces/include/rm_autonomy_interfaces/msg/rosidl_typesupport_fastrtps_cpp__visibility_control.h
[43.511s] -- Up-to-date symlink: /home/unitree/navigation_ws/install/rm_autonomy_interfaces/lib/librm_autonomy_interfaces__rosidl_typesupport_fastrtps_cpp.so
[43.512s] -- Up-to-date symlink: /home/unitree/navigation_ws/install/rm_autonomy_interfaces/include/rm_autonomy_interfaces/msg/detail/all_robot_hp__rosidl_typesupport_introspection_c.h
[43.513s] -- Up-to-date symlink: /home/unitree/navigation_ws/install/rm_autonomy_interfaces/include/rm_autonomy_interfaces/msg/detail/ally_robot_position__rosidl_typesupport_introspection_c.h
[43.513s] -- Up-to-date symlink: /home/unitree/navigation_ws/install/rm_autonomy_interfaces/include/rm_autonomy_interfaces/msg/detail/arena_status__rosidl_typesupport_introspection_c.h
[43.513s] -- Up-to-date symlink: /home/unitree/navigation_ws/install/rm_autonomy_interfaces/include/rm_autonomy_interfaces/msg/detail/autoaim_communication__rosidl_typesupport_introspection_c.h
[43.513s] -- Up-to-date symlink: /home/unitree/navigation_ws/install/rm_autonomy_interfaces/include/rm_autonomy_interfaces/msg/detail/chase_control__rosidl_typesupport_introspection_c.h
[43.514s] -- Up-to-date symlink: /home/unitree/navigation_ws/install/rm_autonomy_interfaces/include/rm_autonomy_interfaces/msg/detail/enemy_robot_mark__rosidl_typesupport_introspection_c.h
[43.514s] -- Up-to-date symlink: /home/unitree/navigation_ws/install/rm_autonomy_interfaces/include/rm_autonomy_interfaces/msg/detail/fire_trigger__rosidl_typesupport_introspection_c.h
[43.514s] -- Up-to-date symlink: /home/unitree/navigation_ws/install/rm_autonomy_interfaces/include/rm_autonomy_interfaces/msg/detail/game_status__rosidl_typesupport_introspection_c.h
[43.514s] -- Up-to-date symlink: /home/unitree/navigation_ws/install/rm_autonomy_interfaces/include/rm_autonomy_interfaces/msg/detail/human_intervention__rosidl_typesupport_introspection_c.h
[43.515s] -- Up-to-date symlink: /home/unitree/navigation_ws/install/rm_autonomy_interfaces/include/rm_autonomy_interfaces/msg/detail/invincible_target__rosidl_typesupport_introspection_c.h
[43.515s] -- Up-to-date symlink: /home/unitree/navigation_ws/install/rm_autonomy_interfaces/include/rm_autonomy_interfaces/msg/detail/navigate_command__rosidl_typesupport_introspection_c.h
[43.515s] -- Up-to-date symlink: /home/unitree/navigation_ws/install/rm_autonomy_interfaces/include/rm_autonomy_interfaces/msg/detail/omni_sensing__rosidl_typesupport_introspection_c.h
[43.515s] -- Up-to-date symlink: /home/unitree/navigation_ws/install/rm_autonomy_interfaces/include/rm_autonomy_interfaces/msg/detail/radar_enemy_position__rosidl_typesupport_introspection_c.h
[43.516s] -- Up-to-date symlink: /home/unitree/navigation_ws/install/rm_autonomy_interfaces/include/rm_autonomy_interfaces/msg/detail/radar_target__rosidl_typesupport_introspection_c.h
[43.516s] -- Up-to-date symlink: /home/unitree/navigation_ws/install/rm_autonomy_interfaces/include/rm_autonomy_interfaces/msg/detail/self_state__rosidl_typesupport_introspection_c.h
[43.516s] -- Up-to-date symlink: /home/unitree/navigation_ws/install/rm_autonomy_interfaces/include/rm_autonomy_interfaces/msg/rosidl_typesupport_introspection_c__visibility_control.h
[43.518s] -- Up-to-date symlink: /home/unitree/navigation_ws/install/rm_autonomy_interfaces/include/rm_autonomy_interfaces/msg/all_robot_hp.hpp
[43.518s] -- Up-to-date symlink: /home/unitree/navigation_ws/install/rm_autonomy_interfaces/include/rm_autonomy_interfaces/msg/ally_robot_position.hpp
[43.518s] -- Up-to-date symlink: /home/unitree/navigation_ws/install/rm_autonomy_interfaces/include/rm_autonomy_interfaces/msg/arena_status.hpp
[43.519s] -- Up-to-date symlink: /home/unitree/navigation_ws/install/rm_autonomy_interfaces/include/rm_autonomy_interfaces/msg/autoaim_communication.hpp
[43.519s] -- Up-to-date symlink: /home/unitree/navigation_ws/install/rm_autonomy_interfaces/include/rm_autonomy_interfaces/msg/chase_control.hpp
[43.519s] -- Up-to-date symlink: /home/unitree/navigation_ws/install/rm_autonomy_interfaces/include/rm_autonomy_interfaces/msg/detail/all_robot_hp__builder.hpp
[43.519s] -- Up-to-date symlink: /home/unitree/navigation_ws/install/rm_autonomy_interfaces/include/rm_autonomy_interfaces/msg/detail/all_robot_hp__struct.hpp
[43.520s] -- Up-to-date symlink: /home/unitree/navigation_ws/install/rm_autonomy_interfaces/include/rm_autonomy_interfaces/msg/detail/all_robot_hp__traits.hpp
[43.520s] -- Up-to-date symlink: /home/unitree/navigation_ws/install/rm_autonomy_interfaces/include/rm_autonomy_interfaces/msg/detail/all_robot_hp__type_support.hpp
[43.520s] -- Up-to-date symlink: /home/unitree/navigation_ws/install/rm_autonomy_interfaces/include/rm_autonomy_interfaces/msg/detail/ally_robot_position__builder.hpp
[43.520s] -- Up-to-date symlink: /home/unitree/navigation_ws/install/rm_autonomy_interfaces/include/rm_autonomy_interfaces/msg/detail/ally_robot_position__struct.hpp
[43.521s] -- Up-to-date symlink: /home/unitree/navigation_ws/install/rm_autonomy_interfaces/include/rm_autonomy_interfaces/msg/detail/ally_robot_position__traits.hpp
[43.521s] -- Up-to-date symlink: /home/unitree/navigation_ws/install/rm_autonomy_interfaces/include/rm_autonomy_interfaces/msg/detail/ally_robot_position__type_support.hpp
[43.521s] -- Up-to-date symlink: /home/unitree/navigation_ws/install/rm_autonomy_interfaces/include/rm_autonomy_interfaces/msg/detail/arena_status__builder.hpp
[43.521s] -- Up-to-date symlink: /home/unitree/navigation_ws/install/rm_autonomy_interfaces/include/rm_autonomy_interfaces/msg/detail/arena_status__struct.hpp
[43.522s] -- Up-to-date symlink: /home/unitree/navigation_ws/install/rm_autonomy_interfaces/include/rm_autonomy_interfaces/msg/detail/arena_status__traits.hpp
[43.522s] -- Up-to-date symlink: /home/unitree/navigation_ws/install/rm_autonomy_interfaces/include/rm_autonomy_interfaces/msg/detail/arena_status__type_support.hpp
[43.522s] -- Up-to-date symlink: /home/unitree/navigation_ws/install/rm_autonomy_interfaces/include/rm_autonomy_interfaces/msg/detail/autoaim_communication__builder.hpp
[43.522s] -- Up-to-date symlink: /home/unitree/navigation_ws/install/rm_autonomy_interfaces/include/rm_autonomy_interfaces/msg/detail/autoaim_communication__struct.hpp
[43.523s] -- Up-to-date symlink: /home/unitree/navigation_ws/install/rm_autonomy_interfaces/include/rm_autonomy_interfaces/msg/detail/autoaim_communication__traits.hpp
[43.523s] -- Up-to-date symlink: /home/unitree/navigation_ws/install/rm_autonomy_interfaces/include/rm_autonomy_interfaces/msg/detail/autoaim_communication__type_support.hpp
[43.523s] -- Up-to-date symlink: /home/unitree/navigation_ws/install/rm_autonomy_interfaces/include/rm_autonomy_interfaces/msg/detail/chase_control__builder.hpp
[43.523s] -- Up-to-date symlink: /home/unitree/navigation_ws/install/rm_autonomy_interfaces/include/rm_autonomy_interfaces/msg/detail/chase_control__struct.hpp
[43.523s] -- Up-to-date symlink: /home/unitree/navigation_ws/install/rm_autonomy_interfaces/include/rm_autonomy_interfaces/msg/detail/chase_control__traits.hpp
[43.524s] -- Up-to-date symlink: /home/unitree/navigation_ws/install/rm_autonomy_interfaces/include/rm_autonomy_interfaces/msg/detail/chase_control__type_support.hpp
[43.524s] -- Up-to-date symlink: /home/unitree/navigation_ws/install/rm_autonomy_interfaces/include/rm_autonomy_interfaces/msg/detail/enemy_robot_mark__builder.hpp
[43.524s] -- Up-to-date symlink: /home/unitree/navigation_ws/install/rm_autonomy_interfaces/include/rm_autonomy_interfaces/msg/detail/enemy_robot_mark__struct.hpp
[43.525s] -- Up-to-date symlink: /home/unitree/navigation_ws/install/rm_autonomy_interfaces/include/rm_autonomy_interfaces/msg/detail/enemy_robot_mark__traits.hpp
[43.525s] -- Up-to-date symlink: /home/unitree/navigation_ws/install/rm_autonomy_interfaces/include/rm_autonomy_interfaces/msg/detail/enemy_robot_mark__type_support.hpp
[43.525s] -- Up-to-date symlink: /home/unitree/navigation_ws/install/rm_autonomy_interfaces/include/rm_autonomy_interfaces/msg/detail/fire_trigger__builder.hpp
[43.525s] -- Up-to-date symlink: /home/unitree/navigation_ws/install/rm_autonomy_interfaces/include/rm_autonomy_interfaces/msg/detail/fire_trigger__struct.hpp
[43.526s] -- Up-to-date symlink: /home/unitree/navigation_ws/install/rm_autonomy_interfaces/include/rm_autonomy_interfaces/msg/detail/fire_trigger__traits.hpp
[43.526s] -- Up-to-date symlink: /home/unitree/navigation_ws/install/rm_autonomy_interfaces/include/rm_autonomy_interfaces/msg/detail/fire_trigger__type_support.hpp
[43.526s] -- Up-to-date symlink: /home/unitree/navigation_ws/install/rm_autonomy_interfaces/include/rm_autonomy_interfaces/msg/detail/game_status__builder.hpp
[43.527s] -- Up-to-date symlink: /home/unitree/navigation_ws/install/rm_autonomy_interfaces/include/rm_autonomy_interfaces/msg/detail/game_status__struct.hpp
[43.527s] -- Up-to-date symlink: /home/unitree/navigation_ws/install/rm_autonomy_interfaces/include/rm_autonomy_interfaces/msg/detail/game_status__traits.hpp
[43.527s] -- Up-to-date symlink: /home/unitree/navigation_ws/install/rm_autonomy_interfaces/include/rm_autonomy_interfaces/msg/detail/game_status__type_support.hpp
[43.528s] -- Up-to-date symlink: /home/unitree/navigation_ws/install/rm_autonomy_interfaces/include/rm_autonomy_interfaces/msg/detail/human_intervention__builder.hpp
[43.528s] -- Up-to-date symlink: /home/unitree/navigation_ws/install/rm_autonomy_interfaces/include/rm_autonomy_interfaces/msg/detail/human_intervention__struct.hpp
[43.528s] -- Up-to-date symlink: /home/unitree/navigation_ws/install/rm_autonomy_interfaces/include/rm_autonomy_interfaces/msg/detail/human_intervention__traits.hpp
[43.528s] -- Up-to-date symlink: /home/unitree/navigation_ws/install/rm_autonomy_interfaces/include/rm_autonomy_interfaces/msg/detail/human_intervention__type_support.hpp
[43.529s] -- Up-to-date symlink: /home/unitree/navigation_ws/install/rm_autonomy_interfaces/include/rm_autonomy_interfaces/msg/detail/invincible_target__builder.hpp
[43.529s] -- Up-to-date symlink: /home/unitree/navigation_ws/install/rm_autonomy_interfaces/include/rm_autonomy_interfaces/msg/detail/invincible_target__struct.hpp
[43.529s] -- Up-to-date symlink: /home/unitree/navigation_ws/install/rm_autonomy_interfaces/include/rm_autonomy_interfaces/msg/detail/invincible_target__traits.hpp
[43.529s] -- Up-to-date symlink: /home/unitree/navigation_ws/install/rm_autonomy_interfaces/include/rm_autonomy_interfaces/msg/detail/invincible_target__type_support.hpp
[43.537s] -- Up-to-date symlink: /home/unitree/navigation_ws/install/rm_autonomy_interfaces/include/rm_autonomy_interfaces/msg/detail/navigate_command__builder.hpp
[43.537s] -- Up-to-date symlink: /home/unitree/navigation_ws/install/rm_autonomy_interfaces/include/rm_autonomy_interfaces/msg/detail/navigate_command__struct.hpp
[43.538s] -- Up-to-date symlink: /home/unitree/navigation_ws/install/rm_autonomy_interfaces/include/rm_autonomy_interfaces/msg/detail/navigate_command__traits.hpp
[43.538s] -- Up-to-date symlink: /home/unitree/navigation_ws/install/rm_autonomy_interfaces/include/rm_autonomy_interfaces/msg/detail/navigate_command__type_support.hpp
[43.538s] -- Up-to-date symlink: /home/unitree/navigation_ws/install/rm_autonomy_interfaces/include/rm_autonomy_interfaces/msg/detail/omni_sensing__builder.hpp
[43.538s] -- Up-to-date symlink: /home/unitree/navigation_ws/install/rm_autonomy_interfaces/include/rm_autonomy_interfaces/msg/detail/omni_sensing__struct.hpp
[43.538s] -- Up-to-date symlink: /home/unitree/navigation_ws/install/rm_autonomy_interfaces/include/rm_autonomy_interfaces/msg/detail/omni_sensing__traits.hpp
[43.538s] -- Up-to-date symlink: /home/unitree/navigation_ws/install/rm_autonomy_interfaces/include/rm_autonomy_interfaces/msg/detail/omni_sensing__type_support.hpp
[43.538s] -- Up-to-date symlink: /home/unitree/navigation_ws/install/rm_autonomy_interfaces/include/rm_autonomy_interfaces/msg/detail/radar_enemy_position__builder.hpp
[43.539s] -- Up-to-date symlink: /home/unitree/navigation_ws/install/rm_autonomy_interfaces/include/rm_autonomy_interfaces/msg/detail/radar_enemy_position__struct.hpp
[43.539s] -- Up-to-date symlink: /home/unitree/navigation_ws/install/rm_autonomy_interfaces/include/rm_autonomy_interfaces/msg/detail/radar_enemy_position__traits.hpp
[43.539s] -- Up-to-date symlink: /home/unitree/navigation_ws/install/rm_autonomy_interfaces/include/rm_autonomy_interfaces/msg/detail/radar_enemy_position__type_support.hpp
[43.539s] -- Up-to-date symlink: /home/unitree/navigation_ws/install/rm_autonomy_interfaces/include/rm_autonomy_interfaces/msg/detail/radar_target__builder.hpp
[43.539s] -- Up-to-date symlink: /home/unitree/navigation_ws/install/rm_autonomy_interfaces/include/rm_autonomy_interfaces/msg/detail/radar_target__struct.hpp
[43.539s] -- Up-to-date symlink: /home/unitree/navigation_ws/install/rm_autonomy_interfaces/include/rm_autonomy_interfaces/msg/detail/radar_target__traits.hpp
[43.540s] -- Up-to-date symlink: /home/unitree/navigation_ws/install/rm_autonomy_interfaces/include/rm_autonomy_interfaces/msg/detail/radar_target__type_support.hpp
[43.540s] -- Up-to-date symlink: /home/unitree/navigation_ws/install/rm_autonomy_interfaces/include/rm_autonomy_interfaces/msg/detail/self_state__builder.hpp
[43.540s] -- Up-to-date symlink: /home/unitree/navigation_ws/install/rm_autonomy_interfaces/include/rm_autonomy_interfaces/msg/detail/self_state__struct.hpp
[43.540s] -- Up-to-date symlink: /home/unitree/navigation_ws/install/rm_autonomy_interfaces/include/rm_autonomy_interfaces/msg/detail/self_state__traits.hpp
[43.540s] -- Up-to-date symlink: /home/unitree/navigation_ws/install/rm_autonomy_interfaces/include/rm_autonomy_interfaces/msg/detail/self_state__type_support.hpp
[43.541s] -- Up-to-date symlink: /home/unitree/navigation_ws/install/rm_autonomy_interfaces/include/rm_autonomy_interfaces/msg/enemy_robot_mark.hpp
[43.541s] -- Up-to-date symlink: /home/unitree/navigation_ws/install/rm_autonomy_interfaces/include/rm_autonomy_interfaces/msg/fire_trigger.hpp
[43.541s] -- Up-to-date symlink: /home/unitree/navigation_ws/install/rm_autonomy_interfaces/include/rm_autonomy_interfaces/msg/game_status.hpp
[43.541s] -- Up-to-date symlink: /home/unitree/navigation_ws/install/rm_autonomy_interfaces/include/rm_autonomy_interfaces/msg/human_intervention.hpp
[43.542s] -- Up-to-date symlink: /home/unitree/navigation_ws/install/rm_autonomy_interfaces/include/rm_autonomy_interfaces/msg/invincible_target.hpp
[43.542s] -- Up-to-date symlink: /home/unitree/navigation_ws/install/rm_autonomy_interfaces/include/rm_autonomy_interfaces/msg/navigate_command.hpp
[43.542s] -- Up-to-date symlink: /home/unitree/navigation_ws/install/rm_autonomy_interfaces/include/rm_autonomy_interfaces/msg/omni_sensing.hpp
[43.542s] -- Up-to-date symlink: /home/unitree/navigation_ws/install/rm_autonomy_interfaces/include/rm_autonomy_interfaces/msg/radar_enemy_position.hpp
[43.542s] -- Up-to-date symlink: /home/unitree/navigation_ws/install/rm_autonomy_interfaces/include/rm_autonomy_interfaces/msg/radar_target.hpp
[43.543s] -- Up-to-date symlink: /home/unitree/navigation_ws/install/rm_autonomy_interfaces/include/rm_autonomy_interfaces/msg/rosidl_generator_cpp__visibility_control.hpp
[43.543s] -- Up-to-date symlink: /home/unitree/navigation_ws/install/rm_autonomy_interfaces/include/rm_autonomy_interfaces/msg/self_state.hpp
[43.543s] -- Up-to-date symlink: /home/unitree/navigation_ws/install/rm_autonomy_interfaces/include/rm_autonomy_interfaces/msg/detail/all_robot_hp__rosidl_typesupport_introspection_cpp.hpp
[43.543s] -- Up-to-date symlink: /home/unitree/navigation_ws/install/rm_autonomy_interfaces/include/rm_autonomy_interfaces/msg/detail/ally_robot_position__rosidl_typesupport_introspection_cpp.hpp
[43.543s] -- Up-to-date symlink: /home/unitree/navigation_ws/install/rm_autonomy_interfaces/include/rm_autonomy_interfaces/msg/detail/arena_status__rosidl_typesupport_introspection_cpp.hpp
[43.543s] -- Up-to-date symlink: /home/unitree/navigation_ws/install/rm_autonomy_interfaces/include/rm_autonomy_interfaces/msg/detail/autoaim_communication__rosidl_typesupport_introspection_cpp.hpp
[43.543s] -- Up-to-date symlink: /home/unitree/navigation_ws/install/rm_autonomy_interfaces/include/rm_autonomy_interfaces/msg/detail/chase_control__rosidl_typesupport_introspection_cpp.hpp
[43.544s] -- Up-to-date symlink: /home/unitree/navigation_ws/install/rm_autonomy_interfaces/include/rm_autonomy_interfaces/msg/detail/enemy_robot_mark__rosidl_typesupport_introspection_cpp.hpp
[43.544s] -- Up-to-date symlink: /home/unitree/navigation_ws/install/rm_autonomy_interfaces/include/rm_autonomy_interfaces/msg/detail/fire_trigger__rosidl_typesupport_introspection_cpp.hpp
[43.544s] -- Up-to-date symlink: /home/unitree/navigation_ws/install/rm_autonomy_interfaces/include/rm_autonomy_interfaces/msg/detail/game_status__rosidl_typesupport_introspection_cpp.hpp
[43.544s] -- Up-to-date symlink: /home/unitree/navigation_ws/install/rm_autonomy_interfaces/include/rm_autonomy_interfaces/msg/detail/human_intervention__rosidl_typesupport_introspection_cpp.hpp
[43.544s] -- Up-to-date symlink: /home/unitree/navigation_ws/install/rm_autonomy_interfaces/include/rm_autonomy_interfaces/msg/detail/invincible_target__rosidl_typesupport_introspection_cpp.hpp
[43.544s] -- Up-to-date symlink: /home/unitree/navigation_ws/install/rm_autonomy_interfaces/include/rm_autonomy_interfaces/msg/detail/navigate_command__rosidl_typesupport_introspection_cpp.hpp
[43.544s] -- Up-to-date symlink: /home/unitree/navigation_ws/install/rm_autonomy_interfaces/include/rm_autonomy_interfaces/msg/detail/omni_sensing__rosidl_typesupport_introspection_cpp.hpp
[43.545s] -- Up-to-date symlink: /home/unitree/navigation_ws/install/rm_autonomy_interfaces/include/rm_autonomy_interfaces/msg/detail/radar_enemy_position__rosidl_typesupport_introspection_cpp.hpp
[43.545s] -- Up-to-date symlink: /home/unitree/navigation_ws/install/rm_autonomy_interfaces/include/rm_autonomy_interfaces/msg/detail/radar_target__rosidl_typesupport_introspection_cpp.hpp
[43.545s] -- Up-to-date symlink: /home/unitree/navigation_ws/install/rm_autonomy_interfaces/include/rm_autonomy_interfaces/msg/detail/self_state__rosidl_typesupport_introspection_cpp.hpp
[43.545s] -- Up-to-date symlink: /home/unitree/navigation_ws/install/rm_autonomy_interfaces/share/rm_autonomy_interfaces/environment/pythonpath.sh
[43.545s] -- Up-to-date symlink: /home/unitree/navigation_ws/install/rm_autonomy_interfaces/share/rm_autonomy_interfaces/environment/pythonpath.dsv
[43.546s] -- Up-to-date symlink: /home/unitree/navigation_ws/install/rm_autonomy_interfaces/lib/python3.8/site-packages/rm_autonomy_interfaces/__init__.py
[43.546s] -- Up-to-date symlink: /home/unitree/navigation_ws/install/rm_autonomy_interfaces/lib/python3.8/site-packages/rm_autonomy_interfaces/msg/__init__.py
[43.546s] -- Up-to-date symlink: /home/unitree/navigation_ws/install/rm_autonomy_interfaces/lib/python3.8/site-packages/rm_autonomy_interfaces/msg/_all_robot_hp.py
[43.546s] -- Up-to-date symlink: /home/unitree/navigation_ws/install/rm_autonomy_interfaces/lib/python3.8/site-packages/rm_autonomy_interfaces/msg/_ally_robot_position.py
[43.547s] -- Up-to-date symlink: /home/unitree/navigation_ws/install/rm_autonomy_interfaces/lib/python3.8/site-packages/rm_autonomy_interfaces/msg/_arena_status.py
[43.547s] -- Up-to-date symlink: /home/unitree/navigation_ws/install/rm_autonomy_interfaces/lib/python3.8/site-packages/rm_autonomy_interfaces/msg/_autoaim_communication.py
[43.547s] -- Up-to-date symlink: /home/unitree/navigation_ws/install/rm_autonomy_interfaces/lib/python3.8/site-packages/rm_autonomy_interfaces/msg/_chase_control.py
[43.548s] -- Up-to-date symlink: /home/unitree/navigation_ws/install/rm_autonomy_interfaces/lib/python3.8/site-packages/rm_autonomy_interfaces/msg/_enemy_robot_mark.py
[43.548s] -- Up-to-date symlink: /home/unitree/navigation_ws/install/rm_autonomy_interfaces/lib/python3.8/site-packages/rm_autonomy_interfaces/msg/_fire_trigger.py
[43.549s] -- Up-to-date symlink: /home/unitree/navigation_ws/install/rm_autonomy_interfaces/lib/python3.8/site-packages/rm_autonomy_interfaces/msg/_game_status.py
[43.549s] -- Up-to-date symlink: /home/unitree/navigation_ws/install/rm_autonomy_interfaces/lib/python3.8/site-packages/rm_autonomy_interfaces/msg/_human_intervention.py
[43.549s] -- Up-to-date symlink: /home/unitree/navigation_ws/install/rm_autonomy_interfaces/lib/python3.8/site-packages/rm_autonomy_interfaces/msg/_invincible_target.py
[43.549s] -- Up-to-date symlink: /home/unitree/navigation_ws/install/rm_autonomy_interfaces/lib/python3.8/site-packages/rm_autonomy_interfaces/msg/_navigate_command.py
[43.549s] -- Up-to-date symlink: /home/unitree/navigation_ws/install/rm_autonomy_interfaces/lib/python3.8/site-packages/rm_autonomy_interfaces/msg/_omni_sensing.py
[43.549s] -- Up-to-date symlink: /home/unitree/navigation_ws/install/rm_autonomy_interfaces/lib/python3.8/site-packages/rm_autonomy_interfaces/msg/_radar_enemy_position.py
[43.550s] -- Up-to-date symlink: /home/unitree/navigation_ws/install/rm_autonomy_interfaces/lib/python3.8/site-packages/rm_autonomy_interfaces/msg/_radar_target.py
[43.550s] -- Up-to-date symlink: /home/unitree/navigation_ws/install/rm_autonomy_interfaces/lib/python3.8/site-packages/rm_autonomy_interfaces/msg/_self_state.py
[43.550s] -- Up-to-date symlink: /home/unitree/navigation_ws/install/rm_autonomy_interfaces/lib/python3.8/site-packages/rm_autonomy_interfaces/rm_autonomy_interfaces_s__rosidl_typesupport_fastrtps_c.cpython-38-aarch64-linux-gnu.so
[43.550s] -- Up-to-date symlink: /home/unitree/navigation_ws/install/rm_autonomy_interfaces/lib/python3.8/site-packages/rm_autonomy_interfaces/rm_autonomy_interfaces_s__rosidl_typesupport_introspection_c.cpython-38-aarch64-linux-gnu.so
[43.551s] -- Up-to-date symlink: /home/unitree/navigation_ws/install/rm_autonomy_interfaces/lib/python3.8/site-packages/rm_autonomy_interfaces/rm_autonomy_interfaces_s__rosidl_typesupport_c.cpython-38-aarch64-linux-gnu.so
[43.551s] -- Up-to-date symlink: /home/unitree/navigation_ws/install/rm_autonomy_interfaces/lib/librm_autonomy_interfaces__python.so
[43.552s] -- Up-to-date symlink: /home/unitree/navigation_ws/install/rm_autonomy_interfaces/share/rm_autonomy_interfaces/msg/AllRobotHP.idl
[43.552s] -- Up-to-date symlink: /home/unitree/navigation_ws/install/rm_autonomy_interfaces/share/rm_autonomy_interfaces/msg/AllyRobotPosition.idl
[43.552s] -- Up-to-date symlink: /home/unitree/navigation_ws/install/rm_autonomy_interfaces/share/rm_autonomy_interfaces/msg/ArenaStatus.idl
[43.553s] -- Up-to-date symlink: /home/unitree/navigation_ws/install/rm_autonomy_interfaces/share/rm_autonomy_interfaces/msg/AutoaimCommunication.idl
[43.554s] -- Up-to-date symlink: /home/unitree/navigation_ws/install/rm_autonomy_interfaces/share/rm_autonomy_interfaces/msg/GameStatus.idl
[43.554s] -- Up-to-date symlink: /home/unitree/navigation_ws/install/rm_autonomy_interfaces/share/rm_autonomy_interfaces/msg/EnemyRobotMark.idl
[43.554s] -- Up-to-date symlink: /home/unitree/navigation_ws/install/rm_autonomy_interfaces/share/rm_autonomy_interfaces/msg/HumanIntervention.idl
[43.555s] -- Up-to-date symlink: /home/unitree/navigation_ws/install/rm_autonomy_interfaces/share/rm_autonomy_interfaces/msg/OmniSensing.idl
[43.555s] -- Up-to-date symlink: /home/unitree/navigation_ws/install/rm_autonomy_interfaces/share/rm_autonomy_interfaces/msg/RadarEnemyPosition.idl
[43.556s] -- Up-to-date symlink: /home/unitree/navigation_ws/install/rm_autonomy_interfaces/share/rm_autonomy_interfaces/msg/RadarTarget.idl
[43.556s] -- Up-to-date symlink: /home/unitree/navigation_ws/install/rm_autonomy_interfaces/share/rm_autonomy_interfaces/msg/SelfState.idl
[43.556s] -- Up-to-date symlink: /home/unitree/navigation_ws/install/rm_autonomy_interfaces/share/rm_autonomy_interfaces/msg/NavigateCommand.idl
[43.557s] -- Up-to-date symlink: /home/unitree/navigation_ws/install/rm_autonomy_interfaces/share/rm_autonomy_interfaces/msg/FireTrigger.idl
[43.557s] -- Up-to-date symlink: /home/unitree/navigation_ws/install/rm_autonomy_interfaces/share/rm_autonomy_interfaces/msg/InvincibleTarget.idl
[43.557s] -- Up-to-date symlink: /home/unitree/navigation_ws/install/rm_autonomy_interfaces/share/rm_autonomy_interfaces/msg/ChaseControl.idl
[43.559s] -- Up-to-date symlink: /home/unitree/navigation_ws/install/rm_autonomy_interfaces/share/rm_autonomy_interfaces/msg/AllRobotHP.msg
[43.559s] -- Up-to-date symlink: /home/unitree/navigation_ws/install/rm_autonomy_interfaces/share/rm_autonomy_interfaces/msg/AllyRobotPosition.msg
[43.559s] -- Up-to-date symlink: /home/unitree/navigation_ws/install/rm_autonomy_interfaces/share/rm_autonomy_interfaces/msg/ArenaStatus.msg
[43.561s] -- Up-to-date symlink: /home/unitree/navigation_ws/install/rm_autonomy_interfaces/share/rm_autonomy_interfaces/msg/AutoaimCommunication.msg
[43.562s] -- Up-to-date symlink: /home/unitree/navigation_ws/install/rm_autonomy_interfaces/share/rm_autonomy_interfaces/msg/GameStatus.msg
[43.563s] -- Up-to-date symlink: /home/unitree/navigation_ws/install/rm_autonomy_interfaces/share/rm_autonomy_interfaces/msg/EnemyRobotMark.msg
[43.563s] -- Up-to-date symlink: /home/unitree/navigation_ws/install/rm_autonomy_interfaces/share/rm_autonomy_interfaces/msg/HumanIntervention.msg
[43.563s] -- Up-to-date symlink: /home/unitree/navigation_ws/install/rm_autonomy_interfaces/share/rm_autonomy_interfaces/msg/OmniSensing.msg
[43.563s] -- Up-to-date symlink: /home/unitree/navigation_ws/install/rm_autonomy_interfaces/share/rm_autonomy_interfaces/msg/RadarEnemyPosition.msg
[43.563s] -- Up-to-date symlink: /home/unitree/navigation_ws/install/rm_autonomy_interfaces/share/rm_autonomy_interfaces/msg/RadarTarget.msg
[43.564s] -- Up-to-date symlink: /home/unitree/navigation_ws/install/rm_autonomy_interfaces/share/rm_autonomy_interfaces/msg/SelfState.msg
[43.564s] -- Up-to-date symlink: /home/unitree/navigation_ws/install/rm_autonomy_interfaces/share/rm_autonomy_interfaces/msg/NavigateCommand.msg
[43.564s] -- Up-to-date symlink: /home/unitree/navigation_ws/install/rm_autonomy_interfaces/share/rm_autonomy_interfaces/msg/FireTrigger.msg
[43.564s] -- Up-to-date symlink: /home/unitree/navigation_ws/install/rm_autonomy_interfaces/share/rm_autonomy_interfaces/msg/InvincibleTarget.msg
[43.565s] -- Up-to-date symlink: /home/unitree/navigation_ws/install/rm_autonomy_interfaces/share/rm_autonomy_interfaces/msg/ChaseControl.msg
[43.565s] -- Up-to-date symlink: /home/unitree/navigation_ws/install/rm_autonomy_interfaces/share/ament_index/resource_index/package_run_dependencies/rm_autonomy_interfaces
[43.565s] -- Up-to-date symlink: /home/unitree/navigation_ws/install/rm_autonomy_interfaces/share/ament_index/resource_index/parent_prefix_path/rm_autonomy_interfaces
[43.566s] -- Up-to-date symlink: /home/unitree/navigation_ws/install/rm_autonomy_interfaces/share/rm_autonomy_interfaces/environment/ament_prefix_path.sh
[43.566s] -- Up-to-date symlink: /home/unitree/navigation_ws/install/rm_autonomy_interfaces/share/rm_autonomy_interfaces/environment/ament_prefix_path.dsv
[43.567s] -- Up-to-date symlink: /home/unitree/navigation_ws/install/rm_autonomy_interfaces/share/rm_autonomy_interfaces/environment/path.sh
[43.567s] -- Up-to-date symlink: /home/unitree/navigation_ws/install/rm_autonomy_interfaces/share/rm_autonomy_interfaces/environment/path.dsv
[43.567s] -- Up-to-date symlink: /home/unitree/navigation_ws/install/rm_autonomy_interfaces/share/rm_autonomy_interfaces/local_setup.bash
[43.568s] -- Up-to-date symlink: /home/unitree/navigation_ws/install/rm_autonomy_interfaces/share/rm_autonomy_interfaces/local_setup.sh
[43.568s] -- Up-to-date symlink: /home/unitree/navigation_ws/install/rm_autonomy_interfaces/share/rm_autonomy_interfaces/local_setup.zsh
[43.569s] -- Up-to-date symlink: /home/unitree/navigation_ws/install/rm_autonomy_interfaces/share/rm_autonomy_interfaces/local_setup.dsv
[43.569s] -- Symlinking: /home/unitree/navigation_ws/install/rm_autonomy_interfaces/share/rm_autonomy_interfaces/package.dsv
[43.607s] -- Up-to-date symlink: /home/unitree/navigation_ws/install/rm_autonomy_interfaces/share/ament_index/resource_index/packages/rm_autonomy_interfaces
[43.608s] -- Up-to-date symlink: /home/unitree/navigation_ws/install/rm_autonomy_interfaces/share/rm_autonomy_interfaces/cmake/rosidl_cmake-extras.cmake
[43.608s] -- Up-to-date symlink: /home/unitree/navigation_ws/install/rm_autonomy_interfaces/share/rm_autonomy_interfaces/cmake/ament_cmake_export_dependencies-extras.cmake
[43.609s] -- Up-to-date symlink: /home/unitree/navigation_ws/install/rm_autonomy_interfaces/share/rm_autonomy_interfaces/cmake/ament_cmake_export_libraries-extras.cmake
[43.609s] -- Up-to-date symlink: /home/unitree/navigation_ws/install/rm_autonomy_interfaces/share/rm_autonomy_interfaces/cmake/ament_cmake_export_targets-extras.cmake
[43.609s] -- Up-to-date symlink: /home/unitree/navigation_ws/install/rm_autonomy_interfaces/share/rm_autonomy_interfaces/cmake/ament_cmake_export_include_directories-extras.cmake
[43.609s] -- Up-to-date symlink: /home/unitree/navigation_ws/install/rm_autonomy_interfaces/share/rm_autonomy_interfaces/cmake/rosidl_cmake_export_typesupport_libraries-extras.cmake
[43.609s] -- Up-to-date symlink: /home/unitree/navigation_ws/install/rm_autonomy_interfaces/share/rm_autonomy_interfaces/cmake/rosidl_cmake_export_typesupport_targets-extras.cmake
[43.610s] -- Up-to-date symlink: /home/unitree/navigation_ws/install/rm_autonomy_interfaces/share/rm_autonomy_interfaces/cmake/rm_autonomy_interfacesConfig.cmake
[43.610s] -- Up-to-date symlink: /home/unitree/navigation_ws/install/rm_autonomy_interfaces/share/rm_autonomy_interfaces/cmake/rm_autonomy_interfacesConfig-version.cmake
[43.611s] -- Up-to-date symlink: /home/unitree/navigation_ws/install/rm_autonomy_interfaces/share/rm_autonomy_interfaces/package.xml
[43.611s] -- Installing: /home/unitree/navigation_ws/install/rm_autonomy_interfaces/lib/librm_autonomy_interfaces__rosidl_generator_c.so
[43.612s] -- Set runtime path of "/home/unitree/navigation_ws/install/rm_autonomy_interfaces/lib/librm_autonomy_interfaces__rosidl_generator_c.so" to ""
[43.612s] -- Installing: /home/unitree/navigation_ws/install/rm_autonomy_interfaces/lib/librm_autonomy_interfaces__rosidl_typesupport_introspection_c.so
[43.612s] -- Set runtime path of "/home/unitree/navigation_ws/install/rm_autonomy_interfaces/lib/librm_autonomy_interfaces__rosidl_typesupport_introspection_c.so" to ""
[43.613s] -- Installing: /home/unitree/navigation_ws/install/rm_autonomy_interfaces/lib/librm_autonomy_interfaces__rosidl_typesupport_c.so
[43.613s] -- Set runtime path of "/home/unitree/navigation_ws/install/rm_autonomy_interfaces/lib/librm_autonomy_interfaces__rosidl_typesupport_c.so" to ""
[43.614s] -- Installing: /home/unitree/navigation_ws/install/rm_autonomy_interfaces/lib/librm_autonomy_interfaces__rosidl_typesupport_introspection_cpp.so
[43.614s] -- Set runtime path of "/home/unitree/navigation_ws/install/rm_autonomy_interfaces/lib/librm_autonomy_interfaces__rosidl_typesupport_introspection_cpp.so" to ""
[43.615s] -- Installing: /home/unitree/navigation_ws/install/rm_autonomy_interfaces/lib/librm_autonomy_interfaces__rosidl_typesupport_cpp.so
[43.615s] -- Set runtime path of "/home/unitree/navigation_ws/install/rm_autonomy_interfaces/lib/librm_autonomy_interfaces__rosidl_typesupport_cpp.so" to ""
[43.678s] Compiling '/home/unitree/navigation_ws/install/rm_autonomy_interfaces/lib/python3.8/site-packages/rm_autonomy_interfaces/__init__.py'...
[43.689s] -- Up-to-date: /home/unitree/navigation_ws/install/rm_autonomy_interfaces/share/rm_autonomy_interfaces/cmake/rm_autonomy_interfaces__rosidl_generator_cExport.cmake
[43.694s] -- Installing: /home/unitree/navigation_ws/install/rm_autonomy_interfaces/share/rm_autonomy_interfaces/cmake/rm_autonomy_interfaces__rosidl_generator_cExport-noconfig.cmake
[43.694s] -- Up-to-date: /home/unitree/navigation_ws/install/rm_autonomy_interfaces/share/rm_autonomy_interfaces/cmake/rm_autonomy_interfaces__rosidl_typesupport_introspection_cExport.cmake
[43.694s] -- Installing: /home/unitree/navigation_ws/install/rm_autonomy_interfaces/share/rm_autonomy_interfaces/cmake/rm_autonomy_interfaces__rosidl_typesupport_introspection_cExport-noconfig.cmake
[43.695s] -- Up-to-date: /home/unitree/navigation_ws/install/rm_autonomy_interfaces/share/rm_autonomy_interfaces/cmake/rm_autonomy_interfaces__rosidl_typesupport_cExport.cmake
[43.695s] -- Installing: /home/unitree/navigation_ws/install/rm_autonomy_interfaces/share/rm_autonomy_interfaces/cmake/rm_autonomy_interfaces__rosidl_typesupport_cExport-noconfig.cmake
[43.695s] -- Up-to-date: /home/unitree/navigation_ws/install/rm_autonomy_interfaces/share/rm_autonomy_interfaces/cmake/rm_autonomy_interfaces__rosidl_generator_cppExport.cmake
[43.696s] -- Up-to-date: /home/unitree/navigation_ws/install/rm_autonomy_interfaces/share/rm_autonomy_interfaces/cmake/rm_autonomy_interfaces__rosidl_typesupport_introspection_cppExport.cmake
[43.708s] -- Installing: /home/unitree/navigation_ws/install/rm_autonomy_interfaces/share/rm_autonomy_interfaces/cmake/rm_autonomy_interfaces__rosidl_typesupport_introspection_cppExport-noconfig.cmake
[43.708s] -- Up-to-date: /home/unitree/navigation_ws/install/rm_autonomy_interfaces/share/rm_autonomy_interfaces/cmake/rm_autonomy_interfaces__rosidl_typesupport_cppExport.cmake
[43.708s] -- Installing: /home/unitree/navigation_ws/install/rm_autonomy_interfaces/share/rm_autonomy_interfaces/cmake/rm_autonomy_interfaces__rosidl_typesupport_cppExport-noconfig.cmake
[43.709s] Invoked command in '/home/unitree/navigation_ws/build/rm_autonomy_interfaces' returned '0': CMAKE_PREFIX_PATH=${CMAKE_PREFIX_PATH}:/opt/ros/foxy /usr/bin/cmake --install /home/unitree/navigation_ws/build/rm_autonomy_interfaces
