Performing C SOURCE FILE Test CMAKE_HAVE_LIBC_PTHREAD failed with the following output:
Change Dir: /home/unitree/navigation_ws/build/dwb_critics/CMakeFiles/CMakeTmp

Run Build Command(s):/usr/bin/make cmTC_00ba3/fast && /usr/bin/make -f CMakeFiles/cmTC_00ba3.dir/build.make CMakeFiles/cmTC_00ba3.dir/build
make[1]: Entering directory '/home/unitree/navigation_ws/build/dwb_critics/CMakeFiles/CMakeTmp'
Building C object CMakeFiles/cmTC_00ba3.dir/src.c.o
/usr/bin/cc   -DCMAKE_HAVE_LIBC_PTHREAD   -o CMakeFiles/cmTC_00ba3.dir/src.c.o   -c /home/unitree/navigation_ws/build/dwb_critics/CMakeFiles/CMakeTmp/src.c
Linking C executable cmTC_00ba3
/usr/bin/cmake -E cmake_link_script CMakeFiles/cmTC_00ba3.dir/link.txt --verbose=1
/usr/bin/cc  -DCMAKE_HAVE_LIBC_PTHREAD    CMakeFiles/cmTC_00ba3.dir/src.c.o  -o cmTC_00ba3 
/usr/bin/ld: CMakeFiles/cmTC_00ba3.dir/src.c.o: in function `main':
src.c:(.text+0x48): undefined reference to `pthread_create'
/usr/bin/ld: src.c:(.text+0x50): undefined reference to `pthread_detach'
/usr/bin/ld: src.c:(.text+0x5c): undefined reference to `pthread_join'
collect2: error: ld returned 1 exit status
make[1]: *** [CMakeFiles/cmTC_00ba3.dir/build.make:87: cmTC_00ba3] Error 1
make[1]: Leaving directory '/home/unitree/navigation_ws/build/dwb_critics/CMakeFiles/CMakeTmp'
make: *** [Makefile:121: cmTC_00ba3/fast] Error 2


Source file was:
#include <pthread.h>

void* test_func(void* data)
{
  return data;
}

int main(void)
{
  pthread_t thread;
  pthread_create(&thread, NULL, test_func, NULL);
  pthread_detach(thread);
  pthread_join(thread, NULL);
  pthread_atfork(NULL, NULL, NULL);
  pthread_exit(NULL);

  return 0;
}

Determining if the function pthread_create exists in the pthreads failed with the following output:
Change Dir: /home/unitree/navigation_ws/build/dwb_critics/CMakeFiles/CMakeTmp

Run Build Command(s):/usr/bin/make cmTC_4aaf1/fast && /usr/bin/make -f CMakeFiles/cmTC_4aaf1.dir/build.make CMakeFiles/cmTC_4aaf1.dir/build
make[1]: Entering directory '/home/unitree/navigation_ws/build/dwb_critics/CMakeFiles/CMakeTmp'
Building C object CMakeFiles/cmTC_4aaf1.dir/CheckFunctionExists.c.o
/usr/bin/cc   -DCHECK_FUNCTION_EXISTS=pthread_create   -o CMakeFiles/cmTC_4aaf1.dir/CheckFunctionExists.c.o   -c /usr/share/cmake-3.16/Modules/CheckFunctionExists.c
Linking C executable cmTC_4aaf1
/usr/bin/cmake -E cmake_link_script CMakeFiles/cmTC_4aaf1.dir/link.txt --verbose=1
/usr/bin/cc  -DCHECK_FUNCTION_EXISTS=pthread_create    CMakeFiles/cmTC_4aaf1.dir/CheckFunctionExists.c.o  -o cmTC_4aaf1  -lpthreads 
/usr/bin/ld: cannot find -lpthreads
collect2: error: ld returned 1 exit status
make[1]: *** [CMakeFiles/cmTC_4aaf1.dir/build.make:87: cmTC_4aaf1] Error 1
make[1]: Leaving directory '/home/unitree/navigation_ws/build/dwb_critics/CMakeFiles/CMakeTmp'
make: *** [Makefile:121: cmTC_4aaf1/fast] Error 2



Performing C SOURCE FILE Test CMAKE_HAVE_LIBC_PTHREAD failed with the following output:
Change Dir: /home/unitree/navigation_ws/build/dwb_critics/CMakeFiles/CMakeTmp

Run Build Command(s):/usr/bin/make cmTC_84309/fast && /usr/bin/make -f CMakeFiles/cmTC_84309.dir/build.make CMakeFiles/cmTC_84309.dir/build
make[1]: Entering directory '/home/unitree/navigation_ws/build/dwb_critics/CMakeFiles/CMakeTmp'
Building C object CMakeFiles/cmTC_84309.dir/src.c.o
/usr/bin/cc   -DCMAKE_HAVE_LIBC_PTHREAD   -o CMakeFiles/cmTC_84309.dir/src.c.o   -c /home/unitree/navigation_ws/build/dwb_critics/CMakeFiles/CMakeTmp/src.c
Linking C executable cmTC_84309
/usr/bin/cmake -E cmake_link_script CMakeFiles/cmTC_84309.dir/link.txt --verbose=1
/usr/bin/cc  -DCMAKE_HAVE_LIBC_PTHREAD    CMakeFiles/cmTC_84309.dir/src.c.o  -o cmTC_84309 
/usr/bin/ld: CMakeFiles/cmTC_84309.dir/src.c.o: in function `main':
src.c:(.text+0x48): undefined reference to `pthread_create'
/usr/bin/ld: src.c:(.text+0x50): undefined reference to `pthread_detach'
/usr/bin/ld: src.c:(.text+0x5c): undefined reference to `pthread_join'
collect2: error: ld returned 1 exit status
make[1]: *** [CMakeFiles/cmTC_84309.dir/build.make:87: cmTC_84309] Error 1
make[1]: Leaving directory '/home/unitree/navigation_ws/build/dwb_critics/CMakeFiles/CMakeTmp'
make: *** [Makefile:121: cmTC_84309/fast] Error 2


Source file was:
#include <pthread.h>

void* test_func(void* data)
{
  return data;
}

int main(void)
{
  pthread_t thread;
  pthread_create(&thread, NULL, test_func, NULL);
  pthread_detach(thread);
  pthread_join(thread, NULL);
  pthread_atfork(NULL, NULL, NULL);
  pthread_exit(NULL);

  return 0;
}

Determining if the function pthread_create exists in the pthreads failed with the following output:
Change Dir: /home/unitree/navigation_ws/build/dwb_critics/CMakeFiles/CMakeTmp

Run Build Command(s):/usr/bin/make cmTC_c1eac/fast && /usr/bin/make -f CMakeFiles/cmTC_c1eac.dir/build.make CMakeFiles/cmTC_c1eac.dir/build
make[1]: Entering directory '/home/unitree/navigation_ws/build/dwb_critics/CMakeFiles/CMakeTmp'
Building C object CMakeFiles/cmTC_c1eac.dir/CheckFunctionExists.c.o
/usr/bin/cc   -DCHECK_FUNCTION_EXISTS=pthread_create   -o CMakeFiles/cmTC_c1eac.dir/CheckFunctionExists.c.o   -c /usr/share/cmake-3.16/Modules/CheckFunctionExists.c
Linking C executable cmTC_c1eac
/usr/bin/cmake -E cmake_link_script CMakeFiles/cmTC_c1eac.dir/link.txt --verbose=1
/usr/bin/cc  -DCHECK_FUNCTION_EXISTS=pthread_create    CMakeFiles/cmTC_c1eac.dir/CheckFunctionExists.c.o  -o cmTC_c1eac  -lpthreads 
/usr/bin/ld: cannot find -lpthreads
collect2: error: ld returned 1 exit status
make[1]: *** [CMakeFiles/cmTC_c1eac.dir/build.make:87: cmTC_c1eac] Error 1
make[1]: Leaving directory '/home/unitree/navigation_ws/build/dwb_critics/CMakeFiles/CMakeTmp'
make: *** [Makefile:121: cmTC_c1eac/fast] Error 2



