-- Found ament_cmake_auto: 0.9.12 (/opt/ros/foxy/share/ament_cmake_auto/cmake)
-- Using PYTHON_EXECUTABLE: /usr/bin/python3
-- Override CMake install command with custom implementation using symlinks instead of copying resources
-- Found tf2_geometry_msgs: 0.13.14 (/opt/ros/foxy/share/tf2_geometry_msgs/cmake)
-- Using all available rosidl_typesupport_c: rosidl_typesupport_fastrtps_c;rosidl_typesupport_introspection_c
-- Found rosidl_adapter: 1.3.1 (/opt/ros/foxy/share/rosidl_adapter/cmake)
-- Using all available rosidl_typesupport_cpp: rosidl_typesupport_fastrtps_cpp;rosidl_typesupport_introspection_cpp
-- Found eigen3_cmake_module: 0.1.1 (/opt/ros/foxy/share/eigen3_cmake_module/cmake)
-- Found rmw_implementation_cmake: 1.0.4 (/opt/ros/foxy/share/rmw_implementation_cmake/cmake)
-- Using RMW implementation 'rmw_cyclonedds_cpp' as default
-- Found pcl_conversions: 2.2.1 (/opt/ros/foxy/share/pcl_conversions/cmake)
-- Found pcl_ros: 2.2.1 (/opt/ros/foxy/share/pcl_ros/cmake)
-- Eigen found (include: /usr/include/eigen3, version: 3.3.7)
-- The imported target "vtkParseOGLExt" references the file
   "/usr/bin/vtkParseOGLExt-7.1"
but this file does not exist.  Possible reasons include:
* The file was deleted, renamed, or moved to another location.
* An install or uninstall procedure did not complete successfully.
* The installation package was faulty and contained
   "/usr/lib/cmake/vtk-7.1/VTKTargets.cmake"
but not all the files it references.

-- The imported target "vtkRenderingPythonTkWidgets" references the file
   "/usr/lib/aarch64-linux-gnu/libvtkRenderingPythonTkWidgets.so"
but this file does not exist.  Possible reasons include:
* The file was deleted, renamed, or moved to another location.
* An install or uninstall procedure did not complete successfully.
* The installation package was faulty and contained
   "/usr/lib/cmake/vtk-7.1/VTKTargets.cmake"
but not all the files it references.

-- The imported target "vtk" references the file
   "/usr/bin/vtk"
but this file does not exist.  Possible reasons include:
* The file was deleted, renamed, or moved to another location.
* An install or uninstall procedure did not complete successfully.
* The installation package was faulty and contained
   "/usr/lib/cmake/vtk-7.1/VTKTargets.cmake"
but not all the files it references.

-- The imported target "pvtk" references the file
   "/usr/bin/pvtk"
but this file does not exist.  Possible reasons include:
* The file was deleted, renamed, or moved to another location.
* An install or uninstall procedure did not complete successfully.
* The installation package was faulty and contained
   "/usr/lib/cmake/vtk-7.1/VTKTargets.cmake"
but not all the files it references.

-- OpenNI found (include: /usr/include/ni, lib: /usr/lib/libOpenNI.so)
-- OpenNI2 found (include: /usr/include/openni2, lib: /usr/lib/libOpenNI2.so)
-- OpenNI found (include: /usr/include/ni, lib: /usr/lib/libOpenNI.so)
-- OpenNI2 found (include: /usr/include/openni2, lib: /usr/lib/libOpenNI2.so)
-- QHULL found (include: /usr/include, lib: optimized;/usr/lib/aarch64-linux-gnu/libqhull.so;debug;/usr/lib/aarch64-linux-gnu/libqhull.so)
-- OpenNI found (include: /usr/include/ni, lib: /usr/lib/libOpenNI.so)
-- Found ament_lint_auto: 0.9.8 (/opt/ros/foxy/share/ament_lint_auto/cmake)
-- Added test 'copyright' to check source files copyright and LICENSE
-- Added test 'cppcheck' to perform static code analysis on C / C++ code
-- Configured cppcheck include dirs: /home/unitree/navigation_ws/src/localization/loam_interface/include
-- Configured cppcheck exclude dirs and/or files: 
-- Added test 'cpplint' to check C / C++ code against the Google style
-- Configured cpplint exclude dirs and/or files: 
-- Added test 'lint_cmake' to check CMake code style
-- Added test 'pep257' to check Python code against some of the style conventions in PEP 257
-- Added test 'xmllint' to check XML markup files
-- Configuring done
-- Generating done
-- Build files have been written to: /home/unitree/navigation_ws/build/loam_interface
[ 25%] [32m[1mLinking CXX executable loam_interface_node[0m
[ 50%] [32m[1mLinking CXX shared library libloam_interface.so[0m
[ 75%] Built target loam_interface_node
[100%] Built target loam_interface
-- Install configuration: "Release"
-- Execute custom install script
-- Up-to-date symlink: /home/unitree/navigation_ws/install/loam_interface/lib/loam_interface/loam_interface_node
-- Up-to-date symlink: /home/unitree/navigation_ws/install/loam_interface/include/loam_interface/loam_interface.hpp
-- Up-to-date symlink: /home/unitree/navigation_ws/install/loam_interface/share/loam_interface/environment/library_path.sh
-- Up-to-date symlink: /home/unitree/navigation_ws/install/loam_interface/share/loam_interface/environment/library_path.dsv
-- Up-to-date symlink: /home/unitree/navigation_ws/install/loam_interface/lib/libloam_interface.so
-- Up-to-date symlink: /home/unitree/navigation_ws/install/loam_interface/share/loam_interface/launch/loam_interface_launch.py
-- Up-to-date symlink: /home/unitree/navigation_ws/install/loam_interface/share/ament_index/resource_index/package_run_dependencies/loam_interface
-- Up-to-date symlink: /home/unitree/navigation_ws/install/loam_interface/share/ament_index/resource_index/parent_prefix_path/loam_interface
-- Up-to-date symlink: /home/unitree/navigation_ws/install/loam_interface/share/loam_interface/environment/ament_prefix_path.sh
-- Up-to-date symlink: /home/unitree/navigation_ws/install/loam_interface/share/loam_interface/environment/ament_prefix_path.dsv
-- Up-to-date symlink: /home/unitree/navigation_ws/install/loam_interface/share/loam_interface/environment/path.sh
-- Up-to-date symlink: /home/unitree/navigation_ws/install/loam_interface/share/loam_interface/environment/path.dsv
-- Up-to-date symlink: /home/unitree/navigation_ws/install/loam_interface/share/loam_interface/local_setup.bash
-- Up-to-date symlink: /home/unitree/navigation_ws/install/loam_interface/share/loam_interface/local_setup.sh
-- Up-to-date symlink: /home/unitree/navigation_ws/install/loam_interface/share/loam_interface/local_setup.zsh
-- Up-to-date symlink: /home/unitree/navigation_ws/install/loam_interface/share/loam_interface/local_setup.dsv
-- Symlinking: /home/unitree/navigation_ws/install/loam_interface/share/loam_interface/package.dsv
-- Up-to-date symlink: /home/unitree/navigation_ws/install/loam_interface/share/ament_index/resource_index/packages/loam_interface
-- Up-to-date symlink: /home/unitree/navigation_ws/install/loam_interface/share/ament_index/resource_index/rclcpp_components/loam_interface
-- Up-to-date symlink: /home/unitree/navigation_ws/install/loam_interface/share/loam_interface/cmake/ament_cmake_export_dependencies-extras.cmake
-- Up-to-date symlink: /home/unitree/navigation_ws/install/loam_interface/share/loam_interface/cmake/ament_cmake_export_include_directories-extras.cmake
-- Up-to-date symlink: /home/unitree/navigation_ws/install/loam_interface/share/loam_interface/cmake/ament_cmake_export_libraries-extras.cmake
-- Up-to-date symlink: /home/unitree/navigation_ws/install/loam_interface/share/loam_interface/cmake/loam_interfaceConfig.cmake
-- Up-to-date symlink: /home/unitree/navigation_ws/install/loam_interface/share/loam_interface/cmake/loam_interfaceConfig-version.cmake
-- Up-to-date symlink: /home/unitree/navigation_ws/install/loam_interface/share/loam_interface/package.xml
