-- Found ament_cmake: 0.9.12 (/opt/ros/foxy/share/ament_cmake/cmake)
-- Using PYTHON_EXECUTABLE: /usr/bin/python3
-- Override CMake install command with custom implementation using symlinks instead of copying resources
-- Found nav2_common: 0.4.7 (/home/unitree/navigation_ws/install/nav2_common/share/nav2_common/cmake)
-- Found rclcpp: 2.4.3 (/opt/ros/foxy/share/rclcpp/cmake)
-- Using all available rosidl_typesupport_c: rosidl_typesupport_fastrtps_c;rosidl_typesupport_introspection_c
-- Found rosidl_adapter: 1.3.1 (/opt/ros/foxy/share/rosidl_adapter/cmake)
-- Using all available rosidl_typesupport_cpp: rosidl_typesupport_fastrtps_cpp;rosidl_typesupport_introspection_cpp
-- Found rmw_implementation_cmake: 1.0.4 (/opt/ros/foxy/share/rmw_implementation_cmake/cmake)
-- Using RMW implementation 'rmw_cyclonedds_cpp' as default
-- Found rclcpp_action: 2.4.3 (/opt/ros/foxy/share/rclcpp_action/cmake)
-- Found rclcpp_lifecycle: 2.4.3 (/opt/ros/foxy/share/rclcpp_lifecycle/cmake)
-- Found geometry_msgs: 2.0.5 (/opt/ros/foxy/share/geometry_msgs/cmake)
-- Found nav2_behavior_tree: 0.4.7 (/home/unitree/navigation_ws/install/nav2_behavior_tree/share/nav2_behavior_tree/cmake)
-- Found eigen3_cmake_module: 0.1.1 (/opt/ros/foxy/share/eigen3_cmake_module/cmake)
-- Found ament_lint_auto: 0.9.8 (/opt/ros/foxy/share/ament_lint_auto/cmake)
-- Added test 'copyright' to check source files copyright and LICENSE
-- Added test 'cppcheck' to perform static code analysis on C / C++ code
-- Configured cppcheck include dirs: /home/unitree/navigation_ws/src/navigation2/nav2_bt_navigator/include
-- Configured cppcheck exclude dirs and/or files: 
-- Added test 'cpplint' to check C / C++ code against the Google style
-- Configured cpplint exclude dirs and/or files: 
-- Added test 'lint_cmake' to check CMake code style
-- Added test 'uncrustify' to check C / C++ code style
-- Configured uncrustify additional arguments: 
-- Added test 'xmllint' to check XML markup files
-- Configuring done
-- Generating done
-- Build files have been written to: /home/unitree/navigation_ws/build/nav2_bt_navigator
[ 20%] [32m[1mLinking CXX shared library libbt_navigator_core.so[0m
[ 60%] Built target bt_navigator_core
[ 80%] [32m[1mLinking CXX executable bt_navigator[0m
[100%] Built target bt_navigator
-- Install configuration: "Release"
-- Execute custom install script
-- Up-to-date symlink: /home/unitree/navigation_ws/install/nav2_bt_navigator/lib/libbt_navigator_core.so
-- Up-to-date symlink: /home/unitree/navigation_ws/install/nav2_bt_navigator/lib/nav2_bt_navigator/bt_navigator
-- Up-to-date symlink: /home/unitree/navigation_ws/install/nav2_bt_navigator/include//nav2_bt_navigator/bt_navigator.hpp
-- Up-to-date symlink: /home/unitree/navigation_ws/install/nav2_bt_navigator/include//nav2_bt_navigator/ros_topic_logger.hpp
-- Up-to-date symlink: /home/unitree/navigation_ws/install/nav2_bt_navigator/share/nav2_bt_navigator/behavior_trees/follow_point.xml
-- Up-to-date symlink: /home/unitree/navigation_ws/install/nav2_bt_navigator/share/nav2_bt_navigator/behavior_trees/navigate_w_replanning_and_recovery.xml
-- Up-to-date symlink: /home/unitree/navigation_ws/install/nav2_bt_navigator/share/nav2_bt_navigator/behavior_trees/navigate_w_replanning_and_round_robin_recovery.xml
-- Up-to-date symlink: /home/unitree/navigation_ws/install/nav2_bt_navigator/share/nav2_bt_navigator/behavior_trees/navigate_w_replanning_distance.xml
-- Up-to-date symlink: /home/unitree/navigation_ws/install/nav2_bt_navigator/share/nav2_bt_navigator/behavior_trees/navigate_w_replanning_speed.xml
-- Up-to-date symlink: /home/unitree/navigation_ws/install/nav2_bt_navigator/share/nav2_bt_navigator/behavior_trees/navigate_w_replanning_time.xml
-- Up-to-date symlink: /home/unitree/navigation_ws/install/nav2_bt_navigator/share/nav2_bt_navigator/environment/library_path.sh
-- Up-to-date symlink: /home/unitree/navigation_ws/install/nav2_bt_navigator/share/nav2_bt_navigator/environment/library_path.dsv
-- Up-to-date symlink: /home/unitree/navigation_ws/install/nav2_bt_navigator/share/ament_index/resource_index/package_run_dependencies/nav2_bt_navigator
-- Up-to-date symlink: /home/unitree/navigation_ws/install/nav2_bt_navigator/share/ament_index/resource_index/parent_prefix_path/nav2_bt_navigator
-- Up-to-date symlink: /home/unitree/navigation_ws/install/nav2_bt_navigator/share/nav2_bt_navigator/environment/ament_prefix_path.sh
-- Up-to-date symlink: /home/unitree/navigation_ws/install/nav2_bt_navigator/share/nav2_bt_navigator/environment/ament_prefix_path.dsv
-- Up-to-date symlink: /home/unitree/navigation_ws/install/nav2_bt_navigator/share/nav2_bt_navigator/environment/path.sh
-- Up-to-date symlink: /home/unitree/navigation_ws/install/nav2_bt_navigator/share/nav2_bt_navigator/environment/path.dsv
-- Up-to-date symlink: /home/unitree/navigation_ws/install/nav2_bt_navigator/share/nav2_bt_navigator/local_setup.bash
-- Up-to-date symlink: /home/unitree/navigation_ws/install/nav2_bt_navigator/share/nav2_bt_navigator/local_setup.sh
-- Up-to-date symlink: /home/unitree/navigation_ws/install/nav2_bt_navigator/share/nav2_bt_navigator/local_setup.zsh
-- Up-to-date symlink: /home/unitree/navigation_ws/install/nav2_bt_navigator/share/nav2_bt_navigator/local_setup.dsv
-- Symlinking: /home/unitree/navigation_ws/install/nav2_bt_navigator/share/nav2_bt_navigator/package.dsv
-- Up-to-date symlink: /home/unitree/navigation_ws/install/nav2_bt_navigator/share/ament_index/resource_index/packages/nav2_bt_navigator
-- Up-to-date symlink: /home/unitree/navigation_ws/install/nav2_bt_navigator/share/nav2_bt_navigator/cmake/ament_cmake_export_include_directories-extras.cmake
-- Up-to-date symlink: /home/unitree/navigation_ws/install/nav2_bt_navigator/share/nav2_bt_navigator/cmake/ament_cmake_export_libraries-extras.cmake
-- Up-to-date symlink: /home/unitree/navigation_ws/install/nav2_bt_navigator/share/nav2_bt_navigator/cmake/ament_cmake_export_dependencies-extras.cmake
-- Up-to-date symlink: /home/unitree/navigation_ws/install/nav2_bt_navigator/share/nav2_bt_navigator/cmake/nav2_bt_navigatorConfig.cmake
-- Up-to-date symlink: /home/unitree/navigation_ws/install/nav2_bt_navigator/share/nav2_bt_navigator/cmake/nav2_bt_navigatorConfig-version.cmake
-- Up-to-date symlink: /home/unitree/navigation_ws/install/nav2_bt_navigator/share/nav2_bt_navigator/package.xml
