[0.132s] Invoking command in '/home/unitree/navigation_ws/build/nav_2d_msgs': CMAKE_PREFIX_PATH=${CMAKE_PREFIX_PATH}:/opt/ros/foxy /usr/bin/cmake --build /home/unitree/navigation_ws/build/nav_2d_msgs -- -j8 -l8
[0.356s] [  1%] Built target nav_2d_msgs__cpp
[0.357s] [ 12%] Built target nav_2d_msgs__rosidl_generator_c
[0.475s] [ 23%] Built target nav_2d_msgs__rosidl_typesupport_cpp
[0.569s] [ 35%] Built target nav_2d_msgs__rosidl_typesupport_introspection_cpp
[0.598s] [ 46%] Built target nav_2d_msgs__rosidl_typesupport_fastrtps_cpp
[0.616s] [ 57%] Built target nav_2d_msgs__rosidl_typesupport_c
[0.709s] [ 69%] Built target nav_2d_msgs__rosidl_typesupport_introspection_c
[0.743s] [ 80%] Built target nav_2d_msgs__rosidl_typesupport_fastrtps_c
[0.828s] [ 80%] Built target nav_2d_msgs
[0.980s] [ 81%] Built target nav_2d_msgs__py
[1.126s] [ 91%] Built target nav_2d_msgs__python
[1.248s] [ 94%] Built target nav_2d_msgs__rosidl_typesupport_introspection_c__pyext
[1.253s] [ 97%] Built target nav_2d_msgs__rosidl_typesupport_c__pyext
[1.293s] [100%] Built target nav_2d_msgs__rosidl_typesupport_fastrtps_c__pyext
[1.379s] Invoked command in '/home/unitree/navigation_ws/build/nav_2d_msgs' returned '0': CMAKE_PREFIX_PATH=${CMAKE_PREFIX_PATH}:/opt/ros/foxy /usr/bin/cmake --build /home/unitree/navigation_ws/build/nav_2d_msgs -- -j8 -l8
[2.019s] Invoking command in '/home/unitree/navigation_ws/build/nav_2d_msgs': CMAKE_PREFIX_PATH=${CMAKE_PREFIX_PATH}:/opt/ros/foxy /usr/bin/cmake --install /home/unitree/navigation_ws/build/nav_2d_msgs
[2.048s] -- Install configuration: ""
[2.049s] -- Execute custom install script
[2.049s] -- Up-to-date symlink: /home/unitree/navigation_ws/install/nav_2d_msgs/share/ament_index/resource_index/rosidl_interfaces/nav_2d_msgs
[2.050s] -- Up-to-date symlink: /home/unitree/navigation_ws/install/nav_2d_msgs/include/nav_2d_msgs/msg/detail/path2_d__functions.h
[2.050s] -- Up-to-date symlink: /home/unitree/navigation_ws/install/nav_2d_msgs/include/nav_2d_msgs/msg/detail/path2_d__struct.h
[2.050s] -- Up-to-date symlink: /home/unitree/navigation_ws/install/nav_2d_msgs/include/nav_2d_msgs/msg/detail/path2_d__type_support.h
[2.050s] -- Up-to-date symlink: /home/unitree/navigation_ws/install/nav_2d_msgs/include/nav_2d_msgs/msg/detail/pose2_d32__functions.h
[2.050s] -- Up-to-date symlink: /home/unitree/navigation_ws/install/nav_2d_msgs/include/nav_2d_msgs/msg/detail/pose2_d32__struct.h
[2.051s] -- Up-to-date symlink: /home/unitree/navigation_ws/install/nav_2d_msgs/include/nav_2d_msgs/msg/detail/pose2_d32__type_support.h
[2.051s] -- Up-to-date symlink: /home/unitree/navigation_ws/install/nav_2d_msgs/include/nav_2d_msgs/msg/detail/pose2_d_stamped__functions.h
[2.051s] -- Up-to-date symlink: /home/unitree/navigation_ws/install/nav_2d_msgs/include/nav_2d_msgs/msg/detail/pose2_d_stamped__struct.h
[2.051s] -- Up-to-date symlink: /home/unitree/navigation_ws/install/nav_2d_msgs/include/nav_2d_msgs/msg/detail/pose2_d_stamped__type_support.h
[2.052s] -- Up-to-date symlink: /home/unitree/navigation_ws/install/nav_2d_msgs/include/nav_2d_msgs/msg/detail/twist2_d32__functions.h
[2.052s] -- Up-to-date symlink: /home/unitree/navigation_ws/install/nav_2d_msgs/include/nav_2d_msgs/msg/detail/twist2_d32__struct.h
[2.052s] -- Up-to-date symlink: /home/unitree/navigation_ws/install/nav_2d_msgs/include/nav_2d_msgs/msg/detail/twist2_d32__type_support.h
[2.052s] -- Up-to-date symlink: /home/unitree/navigation_ws/install/nav_2d_msgs/include/nav_2d_msgs/msg/detail/twist2_d__functions.h
[2.053s] -- Up-to-date symlink: /home/unitree/navigation_ws/install/nav_2d_msgs/include/nav_2d_msgs/msg/detail/twist2_d__struct.h
[2.053s] -- Up-to-date symlink: /home/unitree/navigation_ws/install/nav_2d_msgs/include/nav_2d_msgs/msg/detail/twist2_d__type_support.h
[2.054s] -- Up-to-date symlink: /home/unitree/navigation_ws/install/nav_2d_msgs/include/nav_2d_msgs/msg/detail/twist2_d_stamped__functions.h
[2.054s] -- Up-to-date symlink: /home/unitree/navigation_ws/install/nav_2d_msgs/include/nav_2d_msgs/msg/detail/twist2_d_stamped__struct.h
[2.054s] -- Up-to-date symlink: /home/unitree/navigation_ws/install/nav_2d_msgs/include/nav_2d_msgs/msg/detail/twist2_d_stamped__type_support.h
[2.054s] -- Up-to-date symlink: /home/unitree/navigation_ws/install/nav_2d_msgs/include/nav_2d_msgs/msg/path2_d.h
[2.054s] -- Up-to-date symlink: /home/unitree/navigation_ws/install/nav_2d_msgs/include/nav_2d_msgs/msg/pose2_d32.h
[2.054s] -- Up-to-date symlink: /home/unitree/navigation_ws/install/nav_2d_msgs/include/nav_2d_msgs/msg/pose2_d_stamped.h
[2.055s] -- Up-to-date symlink: /home/unitree/navigation_ws/install/nav_2d_msgs/include/nav_2d_msgs/msg/rosidl_generator_c__visibility_control.h
[2.055s] -- Up-to-date symlink: /home/unitree/navigation_ws/install/nav_2d_msgs/include/nav_2d_msgs/msg/twist2_d.h
[2.055s] -- Up-to-date symlink: /home/unitree/navigation_ws/install/nav_2d_msgs/include/nav_2d_msgs/msg/twist2_d32.h
[2.055s] -- Up-to-date symlink: /home/unitree/navigation_ws/install/nav_2d_msgs/include/nav_2d_msgs/msg/twist2_d_stamped.h
[2.056s] -- Up-to-date symlink: /home/unitree/navigation_ws/install/nav_2d_msgs/share/nav_2d_msgs/environment/library_path.sh
[2.056s] -- Up-to-date symlink: /home/unitree/navigation_ws/install/nav_2d_msgs/share/nav_2d_msgs/environment/library_path.dsv
[2.058s] -- Up-to-date symlink: /home/unitree/navigation_ws/install/nav_2d_msgs/include/nav_2d_msgs/msg/detail/path2_d__rosidl_typesupport_fastrtps_c.h
[2.058s] -- Up-to-date symlink: /home/unitree/navigation_ws/install/nav_2d_msgs/include/nav_2d_msgs/msg/detail/pose2_d32__rosidl_typesupport_fastrtps_c.h
[2.059s] -- Up-to-date symlink: /home/unitree/navigation_ws/install/nav_2d_msgs/include/nav_2d_msgs/msg/detail/pose2_d_stamped__rosidl_typesupport_fastrtps_c.h
[2.059s] -- Up-to-date symlink: /home/unitree/navigation_ws/install/nav_2d_msgs/include/nav_2d_msgs/msg/detail/twist2_d32__rosidl_typesupport_fastrtps_c.h
[2.059s] -- Up-to-date symlink: /home/unitree/navigation_ws/install/nav_2d_msgs/include/nav_2d_msgs/msg/detail/twist2_d__rosidl_typesupport_fastrtps_c.h
[2.059s] -- Up-to-date symlink: /home/unitree/navigation_ws/install/nav_2d_msgs/include/nav_2d_msgs/msg/detail/twist2_d_stamped__rosidl_typesupport_fastrtps_c.h
[2.059s] -- Up-to-date symlink: /home/unitree/navigation_ws/install/nav_2d_msgs/include/nav_2d_msgs/msg/rosidl_typesupport_fastrtps_c__visibility_control.h
[2.060s] -- Up-to-date symlink: /home/unitree/navigation_ws/install/nav_2d_msgs/lib/libnav_2d_msgs__rosidl_typesupport_fastrtps_c.so
[2.062s] -- Up-to-date symlink: /home/unitree/navigation_ws/install/nav_2d_msgs/include/nav_2d_msgs/msg/detail/path2_d__rosidl_typesupport_fastrtps_cpp.hpp
[2.062s] -- Up-to-date symlink: /home/unitree/navigation_ws/install/nav_2d_msgs/include/nav_2d_msgs/msg/detail/pose2_d32__rosidl_typesupport_fastrtps_cpp.hpp
[2.063s] -- Up-to-date symlink: /home/unitree/navigation_ws/install/nav_2d_msgs/include/nav_2d_msgs/msg/detail/pose2_d_stamped__rosidl_typesupport_fastrtps_cpp.hpp
[2.068s] -- Up-to-date symlink: /home/unitree/navigation_ws/install/nav_2d_msgs/include/nav_2d_msgs/msg/detail/twist2_d32__rosidl_typesupport_fastrtps_cpp.hpp
[2.068s] -- Up-to-date symlink: /home/unitree/navigation_ws/install/nav_2d_msgs/include/nav_2d_msgs/msg/detail/twist2_d__rosidl_typesupport_fastrtps_cpp.hpp
[2.068s] -- Up-to-date symlink: /home/unitree/navigation_ws/install/nav_2d_msgs/include/nav_2d_msgs/msg/detail/twist2_d_stamped__rosidl_typesupport_fastrtps_cpp.hpp
[2.069s] -- Up-to-date symlink: /home/unitree/navigation_ws/install/nav_2d_msgs/include/nav_2d_msgs/msg/rosidl_typesupport_fastrtps_cpp__visibility_control.h
[2.069s] -- Up-to-date symlink: /home/unitree/navigation_ws/install/nav_2d_msgs/lib/libnav_2d_msgs__rosidl_typesupport_fastrtps_cpp.so
[2.070s] -- Up-to-date symlink: /home/unitree/navigation_ws/install/nav_2d_msgs/include/nav_2d_msgs/msg/detail/path2_d__rosidl_typesupport_introspection_c.h
[2.070s] -- Up-to-date symlink: /home/unitree/navigation_ws/install/nav_2d_msgs/include/nav_2d_msgs/msg/detail/pose2_d32__rosidl_typesupport_introspection_c.h
[2.071s] -- Up-to-date symlink: /home/unitree/navigation_ws/install/nav_2d_msgs/include/nav_2d_msgs/msg/detail/pose2_d_stamped__rosidl_typesupport_introspection_c.h
[2.072s] -- Up-to-date symlink: /home/unitree/navigation_ws/install/nav_2d_msgs/include/nav_2d_msgs/msg/detail/twist2_d32__rosidl_typesupport_introspection_c.h
[2.073s] -- Up-to-date symlink: /home/unitree/navigation_ws/install/nav_2d_msgs/include/nav_2d_msgs/msg/detail/twist2_d__rosidl_typesupport_introspection_c.h
[2.073s] -- Up-to-date symlink: /home/unitree/navigation_ws/install/nav_2d_msgs/include/nav_2d_msgs/msg/detail/twist2_d_stamped__rosidl_typesupport_introspection_c.h
[2.074s] -- Up-to-date symlink: /home/unitree/navigation_ws/install/nav_2d_msgs/include/nav_2d_msgs/msg/rosidl_typesupport_introspection_c__visibility_control.h
[2.075s] -- Up-to-date symlink: /home/unitree/navigation_ws/install/nav_2d_msgs/include/nav_2d_msgs/msg/detail/path2_d__builder.hpp
[2.075s] -- Up-to-date symlink: /home/unitree/navigation_ws/install/nav_2d_msgs/include/nav_2d_msgs/msg/detail/path2_d__struct.hpp
[2.076s] -- Up-to-date symlink: /home/unitree/navigation_ws/install/nav_2d_msgs/include/nav_2d_msgs/msg/detail/path2_d__traits.hpp
[2.077s] -- Up-to-date symlink: /home/unitree/navigation_ws/install/nav_2d_msgs/include/nav_2d_msgs/msg/detail/path2_d__type_support.hpp
[2.077s] -- Up-to-date symlink: /home/unitree/navigation_ws/install/nav_2d_msgs/include/nav_2d_msgs/msg/detail/pose2_d32__builder.hpp
[2.078s] -- Up-to-date symlink: /home/unitree/navigation_ws/install/nav_2d_msgs/include/nav_2d_msgs/msg/detail/pose2_d32__struct.hpp
[2.078s] -- Up-to-date symlink: /home/unitree/navigation_ws/install/nav_2d_msgs/include/nav_2d_msgs/msg/detail/pose2_d32__traits.hpp
[2.080s] -- Up-to-date symlink: /home/unitree/navigation_ws/install/nav_2d_msgs/include/nav_2d_msgs/msg/detail/pose2_d32__type_support.hpp
[2.080s] -- Up-to-date symlink: /home/unitree/navigation_ws/install/nav_2d_msgs/include/nav_2d_msgs/msg/detail/pose2_d_stamped__builder.hpp
[2.080s] -- Up-to-date symlink: /home/unitree/navigation_ws/install/nav_2d_msgs/include/nav_2d_msgs/msg/detail/pose2_d_stamped__struct.hpp
[2.081s] -- Up-to-date symlink: /home/unitree/navigation_ws/install/nav_2d_msgs/include/nav_2d_msgs/msg/detail/pose2_d_stamped__traits.hpp
[2.081s] -- Up-to-date symlink: /home/unitree/navigation_ws/install/nav_2d_msgs/include/nav_2d_msgs/msg/detail/pose2_d_stamped__type_support.hpp
[2.081s] -- Up-to-date symlink: /home/unitree/navigation_ws/install/nav_2d_msgs/include/nav_2d_msgs/msg/detail/twist2_d32__builder.hpp
[2.082s] -- Up-to-date symlink: /home/unitree/navigation_ws/install/nav_2d_msgs/include/nav_2d_msgs/msg/detail/twist2_d32__struct.hpp
[2.083s] -- Up-to-date symlink: /home/unitree/navigation_ws/install/nav_2d_msgs/include/nav_2d_msgs/msg/detail/twist2_d32__traits.hpp
[2.083s] -- Up-to-date symlink: /home/unitree/navigation_ws/install/nav_2d_msgs/include/nav_2d_msgs/msg/detail/twist2_d32__type_support.hpp
[2.084s] -- Up-to-date symlink: /home/unitree/navigation_ws/install/nav_2d_msgs/include/nav_2d_msgs/msg/detail/twist2_d__builder.hpp
[2.084s] -- Up-to-date symlink: /home/unitree/navigation_ws/install/nav_2d_msgs/include/nav_2d_msgs/msg/detail/twist2_d__struct.hpp
[2.084s] -- Up-to-date symlink: /home/unitree/navigation_ws/install/nav_2d_msgs/include/nav_2d_msgs/msg/detail/twist2_d__traits.hpp
[2.084s] -- Up-to-date symlink: /home/unitree/navigation_ws/install/nav_2d_msgs/include/nav_2d_msgs/msg/detail/twist2_d__type_support.hpp
[2.084s] -- Up-to-date symlink: /home/unitree/navigation_ws/install/nav_2d_msgs/include/nav_2d_msgs/msg/detail/twist2_d_stamped__builder.hpp
[2.085s] -- Up-to-date symlink: /home/unitree/navigation_ws/install/nav_2d_msgs/include/nav_2d_msgs/msg/detail/twist2_d_stamped__struct.hpp
[2.085s] -- Up-to-date symlink: /home/unitree/navigation_ws/install/nav_2d_msgs/include/nav_2d_msgs/msg/detail/twist2_d_stamped__traits.hpp
[2.085s] -- Up-to-date symlink: /home/unitree/navigation_ws/install/nav_2d_msgs/include/nav_2d_msgs/msg/detail/twist2_d_stamped__type_support.hpp
[2.085s] -- Up-to-date symlink: /home/unitree/navigation_ws/install/nav_2d_msgs/include/nav_2d_msgs/msg/path2_d.hpp
[2.085s] -- Up-to-date symlink: /home/unitree/navigation_ws/install/nav_2d_msgs/include/nav_2d_msgs/msg/pose2_d32.hpp
[2.086s] -- Up-to-date symlink: /home/unitree/navigation_ws/install/nav_2d_msgs/include/nav_2d_msgs/msg/pose2_d_stamped.hpp
[2.086s] -- Up-to-date symlink: /home/unitree/navigation_ws/install/nav_2d_msgs/include/nav_2d_msgs/msg/rosidl_generator_cpp__visibility_control.hpp
[2.086s] -- Up-to-date symlink: /home/unitree/navigation_ws/install/nav_2d_msgs/include/nav_2d_msgs/msg/twist2_d.hpp
[2.086s] -- Up-to-date symlink: /home/unitree/navigation_ws/install/nav_2d_msgs/include/nav_2d_msgs/msg/twist2_d32.hpp
[2.086s] -- Up-to-date symlink: /home/unitree/navigation_ws/install/nav_2d_msgs/include/nav_2d_msgs/msg/twist2_d_stamped.hpp
[2.087s] -- Up-to-date symlink: /home/unitree/navigation_ws/install/nav_2d_msgs/include/nav_2d_msgs/msg/detail/path2_d__rosidl_typesupport_introspection_cpp.hpp
[2.087s] -- Up-to-date symlink: /home/unitree/navigation_ws/install/nav_2d_msgs/include/nav_2d_msgs/msg/detail/pose2_d32__rosidl_typesupport_introspection_cpp.hpp
[2.087s] -- Up-to-date symlink: /home/unitree/navigation_ws/install/nav_2d_msgs/include/nav_2d_msgs/msg/detail/pose2_d_stamped__rosidl_typesupport_introspection_cpp.hpp
[2.088s] -- Up-to-date symlink: /home/unitree/navigation_ws/install/nav_2d_msgs/include/nav_2d_msgs/msg/detail/twist2_d32__rosidl_typesupport_introspection_cpp.hpp
[2.089s] -- Up-to-date symlink: /home/unitree/navigation_ws/install/nav_2d_msgs/include/nav_2d_msgs/msg/detail/twist2_d__rosidl_typesupport_introspection_cpp.hpp
[2.089s] -- Up-to-date symlink: /home/unitree/navigation_ws/install/nav_2d_msgs/include/nav_2d_msgs/msg/detail/twist2_d_stamped__rosidl_typesupport_introspection_cpp.hpp
[2.090s] -- Up-to-date symlink: /home/unitree/navigation_ws/install/nav_2d_msgs/share/nav_2d_msgs/environment/pythonpath.sh
[2.091s] -- Up-to-date symlink: /home/unitree/navigation_ws/install/nav_2d_msgs/share/nav_2d_msgs/environment/pythonpath.dsv
[2.091s] -- Up-to-date symlink: /home/unitree/navigation_ws/install/nav_2d_msgs/lib/python3.8/site-packages/nav_2d_msgs/__init__.py
[2.091s] -- Up-to-date symlink: /home/unitree/navigation_ws/install/nav_2d_msgs/lib/python3.8/site-packages/nav_2d_msgs/msg/__init__.py
[2.091s] -- Up-to-date symlink: /home/unitree/navigation_ws/install/nav_2d_msgs/lib/python3.8/site-packages/nav_2d_msgs/msg/_path2_d.py
[2.091s] -- Up-to-date symlink: /home/unitree/navigation_ws/install/nav_2d_msgs/lib/python3.8/site-packages/nav_2d_msgs/msg/_pose2_d32.py
[2.092s] -- Up-to-date symlink: /home/unitree/navigation_ws/install/nav_2d_msgs/lib/python3.8/site-packages/nav_2d_msgs/msg/_pose2_d_stamped.py
[2.092s] -- Up-to-date symlink: /home/unitree/navigation_ws/install/nav_2d_msgs/lib/python3.8/site-packages/nav_2d_msgs/msg/_twist2_d.py
[2.092s] -- Up-to-date symlink: /home/unitree/navigation_ws/install/nav_2d_msgs/lib/python3.8/site-packages/nav_2d_msgs/msg/_twist2_d32.py
[2.093s] -- Up-to-date symlink: /home/unitree/navigation_ws/install/nav_2d_msgs/lib/python3.8/site-packages/nav_2d_msgs/msg/_twist2_d_stamped.py
[2.093s] -- Up-to-date symlink: /home/unitree/navigation_ws/install/nav_2d_msgs/lib/python3.8/site-packages/nav_2d_msgs/nav_2d_msgs_s__rosidl_typesupport_fastrtps_c.cpython-38-aarch64-linux-gnu.so
[2.093s] -- Up-to-date symlink: /home/unitree/navigation_ws/install/nav_2d_msgs/lib/python3.8/site-packages/nav_2d_msgs/nav_2d_msgs_s__rosidl_typesupport_introspection_c.cpython-38-aarch64-linux-gnu.so
[2.093s] -- Up-to-date symlink: /home/unitree/navigation_ws/install/nav_2d_msgs/lib/python3.8/site-packages/nav_2d_msgs/nav_2d_msgs_s__rosidl_typesupport_c.cpython-38-aarch64-linux-gnu.so
[2.093s] -- Up-to-date symlink: /home/unitree/navigation_ws/install/nav_2d_msgs/lib/libnav_2d_msgs__python.so
[2.093s] -- Up-to-date symlink: /home/unitree/navigation_ws/install/nav_2d_msgs/share/nav_2d_msgs/msg/Path2D.idl
[2.093s] -- Up-to-date symlink: /home/unitree/navigation_ws/install/nav_2d_msgs/share/nav_2d_msgs/msg/Pose2D32.idl
[2.093s] -- Up-to-date symlink: /home/unitree/navigation_ws/install/nav_2d_msgs/share/nav_2d_msgs/msg/Pose2DStamped.idl
[2.093s] -- Up-to-date symlink: /home/unitree/navigation_ws/install/nav_2d_msgs/share/nav_2d_msgs/msg/Twist2D.idl
[2.094s] -- Up-to-date symlink: /home/unitree/navigation_ws/install/nav_2d_msgs/share/nav_2d_msgs/msg/Twist2D32.idl
[2.094s] -- Up-to-date symlink: /home/unitree/navigation_ws/install/nav_2d_msgs/share/nav_2d_msgs/msg/Twist2DStamped.idl
[2.094s] -- Up-to-date symlink: /home/unitree/navigation_ws/install/nav_2d_msgs/share/nav_2d_msgs/msg/Path2D.msg
[2.094s] -- Up-to-date symlink: /home/unitree/navigation_ws/install/nav_2d_msgs/share/nav_2d_msgs/msg/Pose2D32.msg
[2.094s] -- Up-to-date symlink: /home/unitree/navigation_ws/install/nav_2d_msgs/share/nav_2d_msgs/msg/Pose2DStamped.msg
[2.094s] -- Up-to-date symlink: /home/unitree/navigation_ws/install/nav_2d_msgs/share/nav_2d_msgs/msg/Twist2D.msg
[2.094s] -- Up-to-date symlink: /home/unitree/navigation_ws/install/nav_2d_msgs/share/nav_2d_msgs/msg/Twist2D32.msg
[2.094s] -- Up-to-date symlink: /home/unitree/navigation_ws/install/nav_2d_msgs/share/nav_2d_msgs/msg/Twist2DStamped.msg
[2.094s] -- Up-to-date symlink: /home/unitree/navigation_ws/install/nav_2d_msgs/share/ament_index/resource_index/package_run_dependencies/nav_2d_msgs
[2.094s] -- Up-to-date symlink: /home/unitree/navigation_ws/install/nav_2d_msgs/share/ament_index/resource_index/parent_prefix_path/nav_2d_msgs
[2.095s] -- Up-to-date symlink: /home/unitree/navigation_ws/install/nav_2d_msgs/share/nav_2d_msgs/environment/ament_prefix_path.sh
[2.095s] -- Up-to-date symlink: /home/unitree/navigation_ws/install/nav_2d_msgs/share/nav_2d_msgs/environment/ament_prefix_path.dsv
[2.095s] -- Up-to-date symlink: /home/unitree/navigation_ws/install/nav_2d_msgs/share/nav_2d_msgs/environment/path.sh
[2.095s] -- Up-to-date symlink: /home/unitree/navigation_ws/install/nav_2d_msgs/share/nav_2d_msgs/environment/path.dsv
[2.095s] -- Up-to-date symlink: /home/unitree/navigation_ws/install/nav_2d_msgs/share/nav_2d_msgs/local_setup.bash
[2.095s] -- Up-to-date symlink: /home/unitree/navigation_ws/install/nav_2d_msgs/share/nav_2d_msgs/local_setup.sh
[2.095s] -- Up-to-date symlink: /home/unitree/navigation_ws/install/nav_2d_msgs/share/nav_2d_msgs/local_setup.zsh
[2.095s] -- Up-to-date symlink: /home/unitree/navigation_ws/install/nav_2d_msgs/share/nav_2d_msgs/local_setup.dsv
[2.095s] -- Symlinking: /home/unitree/navigation_ws/install/nav_2d_msgs/share/nav_2d_msgs/package.dsv
[2.139s] -- Up-to-date symlink: /home/unitree/navigation_ws/install/nav_2d_msgs/share/ament_index/resource_index/packages/nav_2d_msgs
[2.139s] -- Up-to-date symlink: /home/unitree/navigation_ws/install/nav_2d_msgs/share/nav_2d_msgs/cmake/rosidl_cmake-extras.cmake
[2.140s] -- Up-to-date symlink: /home/unitree/navigation_ws/install/nav_2d_msgs/share/nav_2d_msgs/cmake/ament_cmake_export_dependencies-extras.cmake
[2.141s] -- Up-to-date symlink: /home/unitree/navigation_ws/install/nav_2d_msgs/share/nav_2d_msgs/cmake/ament_cmake_export_libraries-extras.cmake
[2.142s] -- Up-to-date symlink: /home/unitree/navigation_ws/install/nav_2d_msgs/share/nav_2d_msgs/cmake/ament_cmake_export_targets-extras.cmake
[2.142s] -- Up-to-date symlink: /home/unitree/navigation_ws/install/nav_2d_msgs/share/nav_2d_msgs/cmake/ament_cmake_export_include_directories-extras.cmake
[2.142s] -- Up-to-date symlink: /home/unitree/navigation_ws/install/nav_2d_msgs/share/nav_2d_msgs/cmake/rosidl_cmake_export_typesupport_libraries-extras.cmake
[2.142s] -- Up-to-date symlink: /home/unitree/navigation_ws/install/nav_2d_msgs/share/nav_2d_msgs/cmake/rosidl_cmake_export_typesupport_targets-extras.cmake
[2.142s] -- Up-to-date symlink: /home/unitree/navigation_ws/install/nav_2d_msgs/share/nav_2d_msgs/cmake/nav_2d_msgsConfig.cmake
[2.142s] -- Up-to-date symlink: /home/unitree/navigation_ws/install/nav_2d_msgs/share/nav_2d_msgs/cmake/nav_2d_msgsConfig-version.cmake
[2.142s] -- Up-to-date symlink: /home/unitree/navigation_ws/install/nav_2d_msgs/share/nav_2d_msgs/package.xml
[2.142s] -- Up-to-date: /home/unitree/navigation_ws/install/nav_2d_msgs/lib/libnav_2d_msgs__rosidl_generator_c.so
[2.143s] -- Up-to-date: /home/unitree/navigation_ws/install/nav_2d_msgs/lib/libnav_2d_msgs__rosidl_typesupport_introspection_c.so
[2.143s] -- Up-to-date: /home/unitree/navigation_ws/install/nav_2d_msgs/lib/libnav_2d_msgs__rosidl_typesupport_c.so
[2.143s] -- Up-to-date: /home/unitree/navigation_ws/install/nav_2d_msgs/lib/libnav_2d_msgs__rosidl_typesupport_introspection_cpp.so
[2.143s] -- Up-to-date: /home/unitree/navigation_ws/install/nav_2d_msgs/lib/libnav_2d_msgs__rosidl_typesupport_cpp.so
[2.267s] -- Up-to-date: /home/unitree/navigation_ws/install/nav_2d_msgs/share/nav_2d_msgs/cmake/nav_2d_msgs__rosidl_generator_cExport.cmake
[2.267s] -- Up-to-date: /home/unitree/navigation_ws/install/nav_2d_msgs/share/nav_2d_msgs/cmake/nav_2d_msgs__rosidl_generator_cExport-noconfig.cmake
[2.267s] -- Up-to-date: /home/unitree/navigation_ws/install/nav_2d_msgs/share/nav_2d_msgs/cmake/nav_2d_msgs__rosidl_typesupport_introspection_cExport.cmake
[2.267s] -- Up-to-date: /home/unitree/navigation_ws/install/nav_2d_msgs/share/nav_2d_msgs/cmake/nav_2d_msgs__rosidl_typesupport_introspection_cExport-noconfig.cmake
[2.267s] -- Up-to-date: /home/unitree/navigation_ws/install/nav_2d_msgs/share/nav_2d_msgs/cmake/nav_2d_msgs__rosidl_typesupport_cExport.cmake
[2.268s] -- Up-to-date: /home/unitree/navigation_ws/install/nav_2d_msgs/share/nav_2d_msgs/cmake/nav_2d_msgs__rosidl_typesupport_cExport-noconfig.cmake
[2.268s] -- Up-to-date: /home/unitree/navigation_ws/install/nav_2d_msgs/share/nav_2d_msgs/cmake/nav_2d_msgs__rosidl_generator_cppExport.cmake
[2.268s] -- Up-to-date: /home/unitree/navigation_ws/install/nav_2d_msgs/share/nav_2d_msgs/cmake/nav_2d_msgs__rosidl_typesupport_introspection_cppExport.cmake
[2.268s] -- Up-to-date: /home/unitree/navigation_ws/install/nav_2d_msgs/share/nav_2d_msgs/cmake/nav_2d_msgs__rosidl_typesupport_introspection_cppExport-noconfig.cmake
[2.268s] -- Up-to-date: /home/unitree/navigation_ws/install/nav_2d_msgs/share/nav_2d_msgs/cmake/nav_2d_msgs__rosidl_typesupport_cppExport.cmake
[2.268s] -- Up-to-date: /home/unitree/navigation_ws/install/nav_2d_msgs/share/nav_2d_msgs/cmake/nav_2d_msgs__rosidl_typesupport_cppExport-noconfig.cmake
[2.292s] Invoked command in '/home/unitree/navigation_ws/build/nav_2d_msgs' returned '0': CMAKE_PREFIX_PATH=${CMAKE_PREFIX_PATH}:/opt/ros/foxy /usr/bin/cmake --install /home/unitree/navigation_ws/build/nav_2d_msgs
