[35m[1mScanning dependencies of target cmd_vel_subscriber[0m
[ 50%] [32mBuilding CXX object CMakeFiles/cmd_vel_subscriber.dir/src/cmd_vel_subscriber.cpp.o[0m
[100%] [32m[1mLinking CXX executable cmd_vel_subscriber[0m
[100%] Built target cmd_vel_subscriber
-- Install configuration: ""
-- Execute custom install script
-- Up-to-date symlink: /home/unitree/navigation_ws/install/cmd_vel_processor/lib/cmd_vel_processor/cmd_vel_subscriber
-- Up-to-date symlink: /home/unitree/navigation_ws/install/cmd_vel_processor/share/ament_index/resource_index/package_run_dependencies/cmd_vel_processor
-- Up-to-date symlink: /home/unitree/navigation_ws/install/cmd_vel_processor/share/ament_index/resource_index/parent_prefix_path/cmd_vel_processor
-- Up-to-date symlink: /home/unitree/navigation_ws/install/cmd_vel_processor/share/cmd_vel_processor/environment/ament_prefix_path.sh
-- Up-to-date symlink: /home/unitree/navigation_ws/install/cmd_vel_processor/share/cmd_vel_processor/environment/ament_prefix_path.dsv
-- Up-to-date symlink: /home/unitree/navigation_ws/install/cmd_vel_processor/share/cmd_vel_processor/environment/path.sh
-- Up-to-date symlink: /home/unitree/navigation_ws/install/cmd_vel_processor/share/cmd_vel_processor/environment/path.dsv
-- Up-to-date symlink: /home/unitree/navigation_ws/install/cmd_vel_processor/share/cmd_vel_processor/local_setup.bash
-- Up-to-date symlink: /home/unitree/navigation_ws/install/cmd_vel_processor/share/cmd_vel_processor/local_setup.sh
-- Up-to-date symlink: /home/unitree/navigation_ws/install/cmd_vel_processor/share/cmd_vel_processor/local_setup.zsh
-- Up-to-date symlink: /home/unitree/navigation_ws/install/cmd_vel_processor/share/cmd_vel_processor/local_setup.dsv
-- Symlinking: /home/unitree/navigation_ws/install/cmd_vel_processor/share/cmd_vel_processor/package.dsv
-- Up-to-date symlink: /home/unitree/navigation_ws/install/cmd_vel_processor/share/ament_index/resource_index/packages/cmd_vel_processor
-- Up-to-date symlink: /home/unitree/navigation_ws/install/cmd_vel_processor/share/cmd_vel_processor/cmake/cmd_vel_processorConfig.cmake
-- Up-to-date symlink: /home/unitree/navigation_ws/install/cmd_vel_processor/share/cmd_vel_processor/cmake/cmd_vel_processorConfig-version.cmake
-- Up-to-date symlink: /home/unitree/navigation_ws/install/cmd_vel_processor/share/cmd_vel_processor/package.xml
