[0.113s] Invoking command in '/home/unitree/navigation_ws/build/linefit_ground_segmentation': CMAKE_PREFIX_PATH=${CMAKE_PREFIX_PATH}:/opt/ros/foxy /usr/bin/cmake --build /home/unitree/navigation_ws/build/linefit_ground_segmentation -- -j8 -l8
[0.387s] [100%] Built target linefit_ground_segmentation
[0.520s] Invoked command in '/home/unitree/navigation_ws/build/linefit_ground_segmentation' returned '0': CMAKE_PREFIX_PATH=${CMAKE_PREFIX_PATH}:/opt/ros/foxy /usr/bin/cmake --build /home/unitree/navigation_ws/build/linefit_ground_segmentation -- -j8 -l8
[0.789s] Invoking command in '/home/unitree/navigation_ws/build/linefit_ground_segmentation': CMAKE_PREFIX_PATH=${CMAKE_PREFIX_PATH}:/opt/ros/foxy /usr/bin/cmake --install /home/unitree/navigation_ws/build/linefit_ground_segmentation
[0.827s] -- Install configuration: ""
[0.828s] -- Execute custom install script
[0.828s] -- Up-to-date symlink: /home/unitree/navigation_ws/install/linefit_ground_segmentation/include/ground_segmentation/bin.h
[0.829s] -- Up-to-date symlink: /home/unitree/navigation_ws/install/linefit_ground_segmentation/include/ground_segmentation/ground_segmentation.h
[0.829s] -- Up-to-date symlink: /home/unitree/navigation_ws/install/linefit_ground_segmentation/include/ground_segmentation/segment.h
[0.830s] -- Up-to-date symlink: /home/unitree/navigation_ws/install/linefit_ground_segmentation/include/ground_segmentation/typedefs.h
[0.830s] -- Up-to-date symlink: /home/unitree/navigation_ws/install/linefit_ground_segmentation/include/ground_segmentation/viewer.h
[0.830s] -- Up-to-date symlink: /home/unitree/navigation_ws/install/linefit_ground_segmentation/share/linefit_ground_segmentation/environment/library_path.sh
[0.831s] -- Up-to-date symlink: /home/unitree/navigation_ws/install/linefit_ground_segmentation/share/linefit_ground_segmentation/environment/library_path.dsv
[0.833s] -- Up-to-date symlink: /home/unitree/navigation_ws/install/linefit_ground_segmentation/lib/liblinefit_ground_segmentation.so
[0.834s] -- Up-to-date symlink: /home/unitree/navigation_ws/install/linefit_ground_segmentation/share/ament_index/resource_index/package_run_dependencies/linefit_ground_segmentation
[0.834s] -- Up-to-date symlink: /home/unitree/navigation_ws/install/linefit_ground_segmentation/share/ament_index/resource_index/parent_prefix_path/linefit_ground_segmentation
[0.835s] -- Up-to-date symlink: /home/unitree/navigation_ws/install/linefit_ground_segmentation/share/linefit_ground_segmentation/environment/ament_prefix_path.sh
[0.835s] -- Up-to-date symlink: /home/unitree/navigation_ws/install/linefit_ground_segmentation/share/linefit_ground_segmentation/environment/ament_prefix_path.dsv
[0.836s] -- Up-to-date symlink: /home/unitree/navigation_ws/install/linefit_ground_segmentation/share/linefit_ground_segmentation/environment/path.sh
[0.836s] -- Up-to-date symlink: /home/unitree/navigation_ws/install/linefit_ground_segmentation/share/linefit_ground_segmentation/environment/path.dsv
[0.836s] -- Up-to-date symlink: /home/unitree/navigation_ws/install/linefit_ground_segmentation/share/linefit_ground_segmentation/local_setup.bash
[0.836s] -- Up-to-date symlink: /home/unitree/navigation_ws/install/linefit_ground_segmentation/share/linefit_ground_segmentation/local_setup.sh
[0.836s] -- Up-to-date symlink: /home/unitree/navigation_ws/install/linefit_ground_segmentation/share/linefit_ground_segmentation/local_setup.zsh
[0.836s] -- Up-to-date symlink: /home/unitree/navigation_ws/install/linefit_ground_segmentation/share/linefit_ground_segmentation/local_setup.dsv
[0.836s] -- Symlinking: /home/unitree/navigation_ws/install/linefit_ground_segmentation/share/linefit_ground_segmentation/package.dsv
[0.869s] -- Up-to-date symlink: /home/unitree/navigation_ws/install/linefit_ground_segmentation/share/ament_index/resource_index/packages/linefit_ground_segmentation
[0.869s] -- Up-to-date symlink: /home/unitree/navigation_ws/install/linefit_ground_segmentation/share/linefit_ground_segmentation/cmake/ament_cmake_export_dependencies-extras.cmake
[0.870s] -- Up-to-date symlink: /home/unitree/navigation_ws/install/linefit_ground_segmentation/share/linefit_ground_segmentation/cmake/ament_cmake_export_include_directories-extras.cmake
[0.870s] -- Up-to-date symlink: /home/unitree/navigation_ws/install/linefit_ground_segmentation/share/linefit_ground_segmentation/cmake/ament_cmake_export_libraries-extras.cmake
[0.870s] -- Up-to-date symlink: /home/unitree/navigation_ws/install/linefit_ground_segmentation/share/linefit_ground_segmentation/cmake/linefit_ground_segmentationConfig.cmake
[0.871s] -- Up-to-date symlink: /home/unitree/navigation_ws/install/linefit_ground_segmentation/share/linefit_ground_segmentation/cmake/linefit_ground_segmentationConfig-version.cmake
[0.872s] -- Up-to-date symlink: /home/unitree/navigation_ws/install/linefit_ground_segmentation/share/linefit_ground_segmentation/package.xml
[0.899s] Invoked command in '/home/unitree/navigation_ws/build/linefit_ground_segmentation' returned '0': CMAKE_PREFIX_PATH=${CMAKE_PREFIX_PATH}:/opt/ros/foxy /usr/bin/cmake --install /home/unitree/navigation_ws/build/linefit_ground_segmentation
