-- The CXX compiler identification is GNU 9.4.0
-- Check for working CXX compiler: /usr/bin/c++
-- Check for working CXX compiler: /usr/bin/c++ -- works
-- Detecting CXX compiler ABI info
-- Detecting CXX compiler ABI info - done
-- Detecting CXX compile features
-- Detecting CXX compile features - done
-- Found ament_cmake: 0.9.12 (/opt/ros/foxy/share/ament_cmake/cmake)
-- Found PythonInterp: /usr/bin/python3 (found suitable version "3.8.10", minimum required is "3") 
-- Using PYTHON_EXECUTABLE: /usr/bin/python3
-- Found nav2_common: 0.4.7 (/home/unitree/navigation_ws/install/nav2_common/share/nav2_common/cmake)
-- Found rclcpp: 2.4.3 (/opt/ros/foxy/share/rclcpp/cmake)
-- Using all available rosidl_typesupport_c: rosidl_typesupport_fastrtps_c;rosidl_typesupport_introspection_c
-- Found rosidl_adapter: 1.3.1 (/opt/ros/foxy/share/rosidl_adapter/cmake)
-- Found OpenSSL: /usr/lib/aarch64-linux-gnu/libcrypto.so (found version "1.1.1f")  
-- Found FastRTPS: /opt/ros/foxy/include  
-- Using all available rosidl_typesupport_cpp: rosidl_typesupport_fastrtps_cpp;rosidl_typesupport_introspection_cpp
-- Found rmw_implementation_cmake: 1.0.4 (/opt/ros/foxy/share/rmw_implementation_cmake/cmake)
-- Using RMW implementation 'rmw_cyclonedds_cpp' as default
-- Looking for C++ include pthread.h
-- Looking for C++ include pthread.h - found
-- Performing Test CMAKE_HAVE_LIBC_PTHREAD
-- Performing Test CMAKE_HAVE_LIBC_PTHREAD - Failed
-- Looking for pthread_create in pthreads
-- Looking for pthread_create in pthreads - not found
-- Looking for pthread_create in pthread
-- Looking for pthread_create in pthread - found
-- Found Threads: TRUE  
-- Found rclcpp_action: 2.4.3 (/opt/ros/foxy/share/rclcpp_action/cmake)
-- Found rclcpp_lifecycle: 2.4.3 (/opt/ros/foxy/share/rclcpp_lifecycle/cmake)
-- Found geometry_msgs: 2.0.5 (/opt/ros/foxy/share/geometry_msgs/cmake)
-- Found sensor_msgs: 2.0.5 (/opt/ros/foxy/share/sensor_msgs/cmake)
-- Found nav2_msgs: 0.4.7 (/home/unitree/navigation_ws/install/nav2_msgs/share/nav2_msgs/cmake)
-- Found tf2_ros: 0.13.14 (/opt/ros/foxy/share/tf2_ros/cmake)
-- Found tf2_geometry_msgs: 0.13.14 (/opt/ros/foxy/share/tf2_geometry_msgs/cmake)
-- Found eigen3_cmake_module: 0.1.1 (/opt/ros/foxy/share/eigen3_cmake_module/cmake)
-- Found Eigen3: TRUE (found version "3.3.7") 
-- Found std_srvs: 2.0.5 (/opt/ros/foxy/share/std_srvs/cmake)
-- Found nav2_util: 0.4.7 (/home/unitree/navigation_ws/install/nav2_util/share/nav2_util/cmake)
-- Found ament_lint_auto: 0.9.8 (/opt/ros/foxy/share/ament_lint_auto/cmake)
-- Found ament_cmake_gtest: 0.9.12 (/opt/ros/foxy/share/ament_cmake_gtest/cmake)
-- Found gtest sources under '/opt/ros/foxy/src/gtest_vendor': C++ tests using 'Google Test' will be built
-- The C compiler identification is GNU 9.4.0
-- Check for working C compiler: /usr/bin/cc
-- Check for working C compiler: /usr/bin/cc -- works
-- Detecting C compiler ABI info
-- Detecting C compiler ABI info - done
-- Detecting C compile features
-- Detecting C compile features - done
-- Check if compiler accepts -pthread
-- Check if compiler accepts -pthread - yes
-- Added test 'copyright' to check source files copyright and LICENSE
-- Added test 'cppcheck' to perform static code analysis on C / C++ code
-- Configured cppcheck include dirs: /home/unitree/navigation_ws/src/navigation2/nav2_behavior_tree/include
-- Configured cppcheck exclude dirs and/or files: 
-- Added test 'cpplint' to check C / C++ code against the Google style
-- Configured cpplint exclude dirs and/or files: 
-- Added test 'lint_cmake' to check CMake code style
-- Added test 'uncrustify' to check C / C++ code style
-- Configured uncrustify additional arguments: 
-- Added test 'xmllint' to check XML markup files
-- Configuring done
-- Generating done
-- Build files have been written to: /home/unitree/navigation_ws/build/nav2_behavior_tree
[35m[1mScanning dependencies of target nav2_transform_available_condition_bt_node[0m
[  1%] [32m[1mLinking CXX shared library libnav2_transform_available_condition_bt_node.so[0m
[  2%] Built target nav2_transform_available_condition_bt_node
[35m[1mScanning dependencies of target nav2_behavior_tree[0m
[  3%] [32m[1mLinking CXX shared library libnav2_behavior_tree.so[0m
[  4%] Built target nav2_behavior_tree
[35m[1mScanning dependencies of target nav2_goal_updater_node_bt_node[0m
[  5%] [32m[1mLinking CXX shared library libnav2_goal_updater_node_bt_node.so[0m
[  6%] Built target nav2_goal_updater_node_bt_node
[35m[1mScanning dependencies of target nav2_follow_path_action_bt_node[0m
[  7%] [32m[1mLinking CXX shared library libnav2_follow_path_action_bt_node.so[0m
[  8%] Built target nav2_follow_path_action_bt_node
[35m[1mScanning dependencies of target nav2_goal_reached_condition_bt_node[0m
[  9%] [32m[1mLinking CXX shared library libnav2_goal_reached_condition_bt_node.so[0m
[ 10%] Built target nav2_goal_reached_condition_bt_node
[35m[1mScanning dependencies of target nav2_initial_pose_received_condition_bt_node[0m
[ 11%] [32m[1mLinking CXX shared library libnav2_initial_pose_received_condition_bt_node.so[0m
[ 12%] Built target nav2_initial_pose_received_condition_bt_node
[35m[1mScanning dependencies of target nav2_time_expired_condition_bt_node[0m
[ 13%] [32m[1mLinking CXX shared library libnav2_time_expired_condition_bt_node.so[0m
[ 14%] Built target nav2_time_expired_condition_bt_node
[35m[1mScanning dependencies of target nav2_distance_traveled_condition_bt_node[0m
[ 15%] [32m[1mLinking CXX shared library libnav2_distance_traveled_condition_bt_node.so[0m
[ 16%] Built target nav2_distance_traveled_condition_bt_node
[35m[1mScanning dependencies of target nav2_is_battery_low_condition_bt_node[0m
[ 17%] [32m[1mLinking CXX shared library libnav2_is_battery_low_condition_bt_node.so[0m
[ 18%] Built target nav2_is_battery_low_condition_bt_node
[35m[1mScanning dependencies of target nav2_reinitialize_global_localization_service_bt_node[0m
[ 19%] [32m[1mLinking CXX shared library libnav2_reinitialize_global_localization_service_bt_node.so[0m
[ 20%] Built target nav2_reinitialize_global_localization_service_bt_node
[35m[1mScanning dependencies of target nav2_rate_controller_bt_node[0m
[ 21%] [32m[1mLinking CXX shared library libnav2_rate_controller_bt_node.so[0m
[ 22%] Built target nav2_rate_controller_bt_node
[35m[1mScanning dependencies of target nav2_distance_controller_bt_node[0m
[ 23%] [32m[1mLinking CXX shared library libnav2_distance_controller_bt_node.so[0m
[ 24%] Built target nav2_distance_controller_bt_node
[35m[1mScanning dependencies of target nav2_round_robin_node_bt_node[0m
[ 25%] [32m[1mLinking CXX shared library libnav2_round_robin_node_bt_node.so[0m
[ 26%] Built target nav2_round_robin_node_bt_node
[35m[1mScanning dependencies of target nav2_clear_costmap_service_bt_node[0m
[ 27%] [32m[1mLinking CXX shared library libnav2_clear_costmap_service_bt_node.so[0m
[ 28%] Built target nav2_clear_costmap_service_bt_node
[35m[1mScanning dependencies of target nav2_speed_controller_bt_node[0m
[ 29%] [32m[1mLinking CXX shared library libnav2_speed_controller_bt_node.so[0m
[ 30%] Built target nav2_speed_controller_bt_node
[35m[1mScanning dependencies of target nav2_truncate_path_action_bt_node[0m
[ 31%] [32m[1mLinking CXX shared library libnav2_truncate_path_action_bt_node.so[0m
[ 32%] Built target nav2_truncate_path_action_bt_node
[35m[1mScanning dependencies of target nav2_navigate_to_pose_action_bt_node[0m
[ 33%] [32m[1mLinking CXX shared library libnav2_navigate_to_pose_action_bt_node.so[0m
[ 34%] Built target nav2_navigate_to_pose_action_bt_node
[35m[1mScanning dependencies of target nav2_back_up_action_bt_node[0m
[ 35%] [32m[1mLinking CXX shared library libnav2_back_up_action_bt_node.so[0m
[ 36%] Built target nav2_back_up_action_bt_node
[35m[1mScanning dependencies of target nav2_recovery_node_bt_node[0m
[ 37%] [32m[1mLinking CXX shared library libnav2_recovery_node_bt_node.so[0m
[ 38%] Built target nav2_recovery_node_bt_node
[ 40%] Built target gtest
[ 42%] Built target gtest_main
[35m[1mScanning dependencies of target nav2_is_stuck_condition_bt_node[0m
[ 43%] [32m[1mLinking CXX shared library libnav2_is_stuck_condition_bt_node.so[0m
[ 44%] Built target nav2_is_stuck_condition_bt_node
[ 45%] [32m[1mLinking CXX executable test_condition_distance_traveled[0m
[ 46%] Built target test_condition_distance_traveled
[ 47%] [32m[1mLinking CXX executable test_condition_time_expired[0m
[ 48%] Built target test_condition_time_expired
[ 50%] [32m[1mLinking CXX executable test_condition_initial_pose_received[0m
[ 51%] Built target test_condition_initial_pose_received
[ 52%] [32m[1mLinking CXX executable test_condition_is_battery_low[0m
[ 53%] Built target test_condition_is_battery_low
[ 54%] [32m[1mLinking CXX executable test_condition_transform_available[0m
[ 55%] Built target test_condition_transform_available
[ 56%] [32m[1mLinking CXX executable test_condition_is_stuck[0m
[ 57%] Built target test_condition_is_stuck
[ 58%] [32m[1mLinking CXX executable test_condition_goal_reached[0m
[ 59%] Built target test_condition_goal_reached
[ 60%] [32m[1mLinking CXX executable test_goal_updater_node[0m
[ 61%] Built target test_goal_updater_node
[ 62%] [32m[1mLinking CXX executable test_decorator_rate_controller[0m
[ 63%] [32m[1mLinking CXX executable test_bt_conversions[0m
[ 64%] Built target test_bt_conversions
[ 65%] [32m[1mLinking CXX executable test_decorator_speed_controller[0m
[ 66%] Built target test_decorator_rate_controller
[ 67%] [32m[1mLinking CXX executable test_decorator_distance_controller[0m
[ 68%] Built target test_decorator_speed_controller
[35m[1mScanning dependencies of target nav2_goal_updated_condition_bt_node[0m
[ 69%] [32m[1mLinking CXX executable test_control_round_robin_node[0m
[ 70%] [32m[1mLinking CXX shared library libnav2_goal_updated_condition_bt_node.so[0m
[ 71%] Built target test_decorator_distance_controller
[ 72%] [32m[1mLinking CXX executable test_control_recovery_node[0m
[ 73%] Built target nav2_goal_updated_condition_bt_node
[ 74%] [32m[1mLinking CXX executable test_truncate_path_action[0m
[ 75%] Built target test_control_round_robin_node
[ 76%] [32m[1mLinking CXX executable test_action_navigate_to_pose_action[0m
[ 77%] Built target test_control_recovery_node
[35m[1mScanning dependencies of target nav2_compute_path_to_pose_action_bt_node[0m
[ 78%] [32m[1mLinking CXX executable test_action_follow_path_action[0m
[ 79%] Built target test_truncate_path_action
[ 80%] [32m[1mLinking CXX shared library libnav2_compute_path_to_pose_action_bt_node.so[0m
[ 81%] [32m[1mLinking CXX executable test_action_reinitialize_global_localization_service[0m
[ 82%] Built target test_action_navigate_to_pose_action
[ 83%] [32m[1mLinking CXX executable test_action_clear_costmap_service[0m
[ 84%] Built target test_action_follow_path_action
[ 85%] Built target nav2_compute_path_to_pose_action_bt_node
[35m[1mScanning dependencies of target nav2_spin_action_bt_node[0m
[ 86%] [32m[1mLinking CXX executable test_condition_goal_updated[0m
[ 87%] [32m[1mLinking CXX shared library libnav2_spin_action_bt_node.so[0m
[ 88%] Built target test_action_reinitialize_global_localization_service
[ 89%] [32m[1mLinking CXX executable test_action_compute_path_to_pose_action[0m
[ 90%] Built target nav2_spin_action_bt_node
[ 91%] Built target test_action_clear_costmap_service
[35m[1mScanning dependencies of target nav2_pipeline_sequence_bt_node[0m
[35m[1mScanning dependencies of target nav2_wait_action_bt_node[0m
[ 92%] [32m[1mLinking CXX shared library libnav2_pipeline_sequence_bt_node.so[0m
[ 93%] Built target test_condition_goal_updated
[ 94%] [32m[1mLinking CXX shared library libnav2_wait_action_bt_node.so[0m
[ 95%] Built target nav2_pipeline_sequence_bt_node
[ 96%] Built target test_action_compute_path_to_pose_action
[ 97%] [32m[1mLinking CXX executable test_control_pipeline_sequence[0m
[ 98%] Built target nav2_wait_action_bt_node
[100%] Built target test_control_pipeline_sequence
-- Install configuration: "Release"
-- Up-to-date: /home/unitree/navigation_ws/install/nav2_behavior_tree/include/
-- Up-to-date: /home/unitree/navigation_ws/install/nav2_behavior_tree/include//nav2_behavior_tree
-- Up-to-date: /home/unitree/navigation_ws/install/nav2_behavior_tree/include//nav2_behavior_tree/plugins
-- Up-to-date: /home/unitree/navigation_ws/install/nav2_behavior_tree/include//nav2_behavior_tree/plugins/decorator
-- Up-to-date: /home/unitree/navigation_ws/install/nav2_behavior_tree/include//nav2_behavior_tree/plugins/condition
-- Up-to-date: /home/unitree/navigation_ws/install/nav2_behavior_tree/include//nav2_behavior_tree/plugins/control
-- Up-to-date: /home/unitree/navigation_ws/install/nav2_behavior_tree/include//nav2_behavior_tree/plugins/action
-- Installing: /home/unitree/navigation_ws/install/nav2_behavior_tree/share/nav2_behavior_tree/package.dsv
