[0.037s] Invoking command in '/home/unitree/navigation_ws/build/nav2_costmap_2d': AMENT_PREFIX_PATH=/home/unitree/navigation_ws/install/nav2_map_server:/home/unitree/navigation_ws/install/nav2_lifecycle_manager:/home/unitree/navigation_ws/install/nav2_util:/home/unitree/navigation_ws/install/nav2_voxel_grid:/home/unitree/navigation_ws/install/nav2_msgs:/home/unitree/navigation_ws/install/nav2_common:${AMENT_PREFIX_PATH} CMAKE_PREFIX_PATH=/home/unitree/navigation_ws/install/nav2_map_server:/home/unitree/navigation_ws/install/nav2_lifecycle_manager:/home/unitree/navigation_ws/install/nav2_util:/home/unitree/navigation_ws/install/nav2_voxel_grid:/home/unitree/navigation_ws/install/nav2_msgs:/home/unitree/navigation_ws/install/nav2_common:/home/unitree/cyclonedds_ws/install/rmw_cyclonedds_cpp:/home/unitree/cyclonedds_ws/install/cyclonedds:/opt/ros/foxy LD_LIBRARY_PATH=/home/unitree/navigation_ws/install/nav2_map_server/lib:/home/unitree/navigation_ws/install/nav2_lifecycle_manager/lib:/home/unitree/navigation_ws/install/nav2_util/lib:/home/unitree/navigation_ws/install/nav2_voxel_grid/lib:/home/unitree/navigation_ws/install/nav2_msgs/lib:/usr/local/cuda-11.4/lib64:/usr/local/lib:/home/unitree/cyclonedds_ws/install/rmw_cyclonedds_cpp/lib:/home/unitree/cyclonedds_ws/install/cyclonedds/lib:/opt/ros/foxy/opt/yaml_cpp_vendor/lib:/opt/ros/foxy/opt/rviz_ogre_vendor/lib:/opt/ros/foxy/lib/aarch64-linux-gnu:/opt/ros/foxy/lib:/usr/local/cuda-11.4/lib64 PYTHONPATH=/home/unitree/navigation_ws/install/nav2_msgs/lib/python3.8/site-packages:/home/unitree/navigation_ws/install/nav2_common/lib/python3.8/site-packages:${PYTHONPATH} /usr/bin/cmake /home/unitree/navigation_ws/src/navigation2/nav2_costmap_2d -DAMENT_CMAKE_SYMLINK_INSTALL=1 -DCMAKE_INSTALL_PREFIX=/home/unitree/navigation_ws/install/nav2_costmap_2d
[0.133s] -- The C compiler identification is GNU 9.4.0
[0.224s] -- The CXX compiler identification is GNU 9.4.0
[0.231s] -- Check for working C compiler: /usr/bin/cc
[0.358s] -- Check for working C compiler: /usr/bin/cc -- works
[0.360s] -- Detecting C compiler ABI info
[0.490s] -- Detecting C compiler ABI info - done
[0.506s] -- Detecting C compile features
[0.506s] -- Detecting C compile features - done
[0.510s] -- Check for working CXX compiler: /usr/bin/c++
[0.654s] -- Check for working CXX compiler: /usr/bin/c++ -- works
[0.655s] -- Detecting CXX compiler ABI info
[0.795s] -- Detecting CXX compiler ABI info - done
[0.810s] -- Detecting CXX compile features
[0.811s] -- Detecting CXX compile features - done
[0.816s] -- Found ament_cmake: 0.9.12 (/opt/ros/foxy/share/ament_cmake/cmake)
[0.860s] -- Found PythonInterp: /usr/bin/python3 (found suitable version "3.8.10", minimum required is "3") 
[0.860s] -- Using PYTHON_EXECUTABLE: /usr/bin/python3
[1.189s] -- Override CMake install command with custom implementation using symlinks instead of copying resources
[1.240s] -- Found geometry_msgs: 2.0.5 (/opt/ros/foxy/share/geometry_msgs/cmake)
[1.295s] -- Using all available rosidl_typesupport_c: rosidl_typesupport_fastrtps_c;rosidl_typesupport_introspection_c
[1.308s] -- Found rosidl_adapter: 1.3.1 (/opt/ros/foxy/share/rosidl_adapter/cmake)
[1.476s] -- Found OpenSSL: /usr/lib/aarch64-linux-gnu/libcrypto.so (found version "1.1.1f")  
[1.525s] -- Found FastRTPS: /opt/ros/foxy/include  
[1.658s] -- Using all available rosidl_typesupport_cpp: rosidl_typesupport_fastrtps_cpp;rosidl_typesupport_introspection_cpp
[1.786s] -- Found laser_geometry: 2.2.0 (/opt/ros/foxy/share/laser_geometry/cmake)
[1.803s] -- Found map_msgs: 2.0.2 (/opt/ros/foxy/share/map_msgs/cmake)
[2.288s] -- Found message_filters: 3.2.7 (/opt/ros/foxy/share/message_filters/cmake)
[2.292s] -- Found nav2_common: 0.4.7 (/home/unitree/navigation_ws/install/nav2_common/share/nav2_common/cmake)
[2.293s] -- Found nav2_msgs: 0.4.7 (/home/unitree/navigation_ws/install/nav2_msgs/share/nav2_msgs/cmake)
[2.683s] -- Found nav2_util: 0.4.7 (/home/unitree/navigation_ws/install/nav2_util/share/nav2_util/cmake)
[2.807s] -- Found rmw_implementation_cmake: 1.0.4 (/opt/ros/foxy/share/rmw_implementation_cmake/cmake)
[2.810s] -- Using RMW implementation 'rmw_cyclonedds_cpp' as default
[2.811s] -- Looking for pthread.h
[2.949s] -- Looking for pthread.h - found
[2.950s] -- Performing Test CMAKE_HAVE_LIBC_PTHREAD
[3.088s] -- Performing Test CMAKE_HAVE_LIBC_PTHREAD - Failed
[3.088s] -- Looking for pthread_create in pthreads
[3.210s] -- Looking for pthread_create in pthreads - not found
[3.210s] -- Looking for pthread_create in pthread
[3.343s] -- Looking for pthread_create in pthread - found
[3.345s] -- Found Threads: TRUE  
[4.033s] -- Found Eigen3: TRUE (found version "3.3.7") 
[4.272s] -- Found nav2_voxel_grid: 0.4.7 (/home/unitree/navigation_ws/install/nav2_voxel_grid/share/nav2_voxel_grid/cmake)
[4.285s] -- Found pluginlib: 2.5.4 (/opt/ros/foxy/share/pluginlib/cmake)
[4.326s] -- Found tf2_sensor_msgs: 0.13.14 (/opt/ros/foxy/share/tf2_sensor_msgs/cmake)
[4.353s] -- Found visualization_msgs: 2.0.5 (/opt/ros/foxy/share/visualization_msgs/cmake)
[4.460s] -- Found angles: 1.12.6 (/opt/ros/foxy/share/angles/cmake)
[4.464s] -- Setting build type to Release as none was specified.
[5.564s] -- Found ament_lint_auto: 0.9.8 (/opt/ros/foxy/share/ament_lint_auto/cmake)
[6.060s] -- Found gtest sources under '/opt/ros/foxy/src/gtest_vendor': C++ tests using 'Google Test' will be built
[6.065s] -- Check if compiler accepts -pthread
[6.208s] -- Check if compiler accepts -pthread - yes
[6.220s] -- Found gtest sources under '/opt/ros/foxy/src/gtest_vendor': C++ tests using 'Google Test' will be built
[7.383s] -- Added test 'cppcheck' to perform static code analysis on C / C++ code
[7.384s] -- Configured cppcheck include dirs: /home/unitree/navigation_ws/src/navigation2/nav2_costmap_2d/include
[7.385s] -- Configured cppcheck exclude dirs and/or files: 
[7.387s] -- Added test 'flake8' to check Python code syntax and style conventions
[7.391s] -- Added test 'lint_cmake' to check CMake code style
[7.394s] -- Added test 'pep257' to check Python code against some of the style conventions in PEP 257
[7.400s] -- Added test 'uncrustify' to check C / C++ code style
[7.400s] -- Configured uncrustify additional arguments: 
[7.402s] -- Added test 'xmllint' to check XML markup files
[7.436s] -- Configuring done
[8.536s] -- Generating done
[8.569s] -- Build files have been written to: /home/unitree/navigation_ws/build/nav2_costmap_2d
[8.675s] Invoked command in '/home/unitree/navigation_ws/build/nav2_costmap_2d' returned '0': AMENT_PREFIX_PATH=/home/unitree/navigation_ws/install/nav2_map_server:/home/unitree/navigation_ws/install/nav2_lifecycle_manager:/home/unitree/navigation_ws/install/nav2_util:/home/unitree/navigation_ws/install/nav2_voxel_grid:/home/unitree/navigation_ws/install/nav2_msgs:/home/unitree/navigation_ws/install/nav2_common:${AMENT_PREFIX_PATH} CMAKE_PREFIX_PATH=/home/unitree/navigation_ws/install/nav2_map_server:/home/unitree/navigation_ws/install/nav2_lifecycle_manager:/home/unitree/navigation_ws/install/nav2_util:/home/unitree/navigation_ws/install/nav2_voxel_grid:/home/unitree/navigation_ws/install/nav2_msgs:/home/unitree/navigation_ws/install/nav2_common:/home/unitree/cyclonedds_ws/install/rmw_cyclonedds_cpp:/home/unitree/cyclonedds_ws/install/cyclonedds:/opt/ros/foxy LD_LIBRARY_PATH=/home/unitree/navigation_ws/install/nav2_map_server/lib:/home/unitree/navigation_ws/install/nav2_lifecycle_manager/lib:/home/unitree/navigation_ws/install/nav2_util/lib:/home/unitree/navigation_ws/install/nav2_voxel_grid/lib:/home/unitree/navigation_ws/install/nav2_msgs/lib:/usr/local/cuda-11.4/lib64:/usr/local/lib:/home/unitree/cyclonedds_ws/install/rmw_cyclonedds_cpp/lib:/home/unitree/cyclonedds_ws/install/cyclonedds/lib:/opt/ros/foxy/opt/yaml_cpp_vendor/lib:/opt/ros/foxy/opt/rviz_ogre_vendor/lib:/opt/ros/foxy/lib/aarch64-linux-gnu:/opt/ros/foxy/lib:/usr/local/cuda-11.4/lib64 PYTHONPATH=/home/unitree/navigation_ws/install/nav2_msgs/lib/python3.8/site-packages:/home/unitree/navigation_ws/install/nav2_common/lib/python3.8/site-packages:${PYTHONPATH} /usr/bin/cmake /home/unitree/navigation_ws/src/navigation2/nav2_costmap_2d -DAMENT_CMAKE_SYMLINK_INSTALL=1 -DCMAKE_INSTALL_PREFIX=/home/unitree/navigation_ws/install/nav2_costmap_2d
[8.677s] Invoking command in '/home/unitree/navigation_ws/build/nav2_costmap_2d': AMENT_PREFIX_PATH=/home/unitree/navigation_ws/install/nav2_map_server:/home/unitree/navigation_ws/install/nav2_lifecycle_manager:/home/unitree/navigation_ws/install/nav2_util:/home/unitree/navigation_ws/install/nav2_voxel_grid:/home/unitree/navigation_ws/install/nav2_msgs:/home/unitree/navigation_ws/install/nav2_common:${AMENT_PREFIX_PATH} CMAKE_PREFIX_PATH=/home/unitree/navigation_ws/install/nav2_map_server:/home/unitree/navigation_ws/install/nav2_lifecycle_manager:/home/unitree/navigation_ws/install/nav2_util:/home/unitree/navigation_ws/install/nav2_voxel_grid:/home/unitree/navigation_ws/install/nav2_msgs:/home/unitree/navigation_ws/install/nav2_common:/home/unitree/cyclonedds_ws/install/rmw_cyclonedds_cpp:/home/unitree/cyclonedds_ws/install/cyclonedds:/opt/ros/foxy LD_LIBRARY_PATH=/home/unitree/navigation_ws/install/nav2_map_server/lib:/home/unitree/navigation_ws/install/nav2_lifecycle_manager/lib:/home/unitree/navigation_ws/install/nav2_util/lib:/home/unitree/navigation_ws/install/nav2_voxel_grid/lib:/home/unitree/navigation_ws/install/nav2_msgs/lib:/usr/local/cuda-11.4/lib64:/usr/local/lib:/home/unitree/cyclonedds_ws/install/rmw_cyclonedds_cpp/lib:/home/unitree/cyclonedds_ws/install/cyclonedds/lib:/opt/ros/foxy/opt/yaml_cpp_vendor/lib:/opt/ros/foxy/opt/rviz_ogre_vendor/lib:/opt/ros/foxy/lib/aarch64-linux-gnu:/opt/ros/foxy/lib:/usr/local/cuda-11.4/lib64 PYTHONPATH=/home/unitree/navigation_ws/install/nav2_msgs/lib/python3.8/site-packages:/home/unitree/navigation_ws/install/nav2_common/lib/python3.8/site-packages:${PYTHONPATH} /usr/bin/cmake --build /home/unitree/navigation_ws/build/nav2_costmap_2d -- -j8 -l8
[8.804s] [35m[1mScanning dependencies of target nav2_costmap_2d_core[0m
[8.841s] [35m[1mScanning dependencies of target gtest[0m
[8.885s] [35m[1mScanning dependencies of target gtest_main[0m
[8.933s] [  2%] [32mBuilding CXX object gtest/CMakeFiles/gtest.dir/src/gtest-all.cc.o[0m
[8.984s] [  4%] [32mBuilding CXX object gtest/CMakeFiles/gtest_main.dir/src/gtest_main.cc.o[0m
[9.369s] [  6%] [32mBuilding CXX object CMakeFiles/nav2_costmap_2d_core.dir/src/array_parser.cpp.o[0m
[9.385s] [  8%] [32mBuilding CXX object CMakeFiles/nav2_costmap_2d_core.dir/src/costmap_2d.cpp.o[0m
[9.403s] [ 10%] [32mBuilding CXX object CMakeFiles/nav2_costmap_2d_core.dir/src/layer.cpp.o[0m
[9.473s] [ 12%] [32mBuilding CXX object CMakeFiles/nav2_costmap_2d_core.dir/src/layered_costmap.cpp.o[0m
[9.534s] [ 14%] [32mBuilding CXX object CMakeFiles/nav2_costmap_2d_core.dir/src/costmap_2d_ros.cpp.o[0m
[13.434s] [ 16%] [32m[1mLinking CXX static library libgtest_main.a[0m
[13.728s] [ 16%] Built target gtest_main
[29.541s] [ 18%] [32m[1mLinking CXX static library libgtest.a[0m
[29.620s] [ 18%] Built target gtest
[47.150s] [ 22%] [32mBuilding CXX object CMakeFiles/nav2_costmap_2d_core.dir/src/footprint_collision_checker.cpp.o[0m
[47.151s] [ 22%] [32mBuilding CXX object CMakeFiles/nav2_costmap_2d_core.dir/src/clear_costmap_service.cpp.o[0m
[53.614s] [ 25%] [32mBuilding CXX object CMakeFiles/nav2_costmap_2d_core.dir/src/observation_buffer.cpp.o[0m
[63.940s] [ 27%] [32mBuilding CXX object CMakeFiles/nav2_costmap_2d_core.dir/src/costmap_layer.cpp.o[0m
[69.305s] [ 29%] [32mBuilding CXX object CMakeFiles/nav2_costmap_2d_core.dir/src/footprint.cpp.o[0m
[73.753s] [ 31%] [32mBuilding CXX object CMakeFiles/nav2_costmap_2d_core.dir/src/costmap_math.cpp.o[0m
[74.379s] [ 33%] [32mBuilding CXX object CMakeFiles/nav2_costmap_2d_core.dir/src/costmap_2d_publisher.cpp.o[0m
[85.864s] [ 35%] [32m[1mLinking CXX shared library libnav2_costmap_2d_core.so[0m
[86.501s] [ 35%] Built target nav2_costmap_2d_core
[86.528s] [35m[1mScanning dependencies of target layers[0m
[86.528s] [35m[1mScanning dependencies of target nav2_costmap_2d_markers[0m
[86.533s] [35m[1mScanning dependencies of target nav2_costmap_2d_client[0m
[86.553s] [35m[1mScanning dependencies of target nav2_costmap_2d_cloud[0m
[86.652s] [ 37%] [32mBuilding CXX object CMakeFiles/nav2_costmap_2d_markers.dir/src/costmap_2d_markers.cpp.o[0m
[86.686s] [ 39%] [32mBuilding CXX object CMakeFiles/nav2_costmap_2d_cloud.dir/src/costmap_2d_cloud.cpp.o[0m
[86.813s] [ 41%] [32mBuilding CXX object CMakeFiles/nav2_costmap_2d_client.dir/src/footprint_subscriber.cpp.o[0m
[86.822s] [ 43%] [32mBuilding CXX object CMakeFiles/nav2_costmap_2d_client.dir/src/costmap_subscriber.cpp.o[0m
[86.864s] [ 45%] [32mBuilding CXX object CMakeFiles/nav2_costmap_2d_client.dir/src/costmap_topic_collision_checker.cpp.o[0m
[87.024s] [ 47%] [32mBuilding CXX object CMakeFiles/layers.dir/plugins/inflation_layer.cpp.o[0m
[94.387s] [ 50%] [32mBuilding CXX object CMakeFiles/layers.dir/plugins/static_layer.cpp.o[0m
[105.396s] [ 52%] [32m[1mLinking CXX executable nav2_costmap_2d_markers[0m
[105.768s] [ 52%] Built target nav2_costmap_2d_markers
[106.118s] [ 54%] [32m[1mLinking CXX shared library libnav2_costmap_2d_client.so[0m
[106.690s] [ 54%] Built target nav2_costmap_2d_client
[107.634s] [ 56%] [32m[1mLinking CXX executable nav2_costmap_2d_cloud[0m
[107.970s] [ 56%] Built target nav2_costmap_2d_cloud
[115.873s] [ 64%] [32mBuilding CXX object CMakeFiles/layers.dir/plugins/obstacle_layer.cpp.o[0m
[115.873s] [ 64%] [32mBuilding CXX object CMakeFiles/layers.dir/plugins/range_sensor_layer.cpp.o[0m
[115.873s] [ 64%] [32mBuilding CXX object CMakeFiles/layers.dir/src/observation_buffer.cpp.o[0m
[115.873s] [ 64%] [32mBuilding CXX object CMakeFiles/layers.dir/plugins/voxel_layer.cpp.o[0m
[148.553s] [ 66%] [32m[1mLinking CXX shared library liblayers.so[0m
[149.225s] [ 66%] Built target layers
[149.247s] [35m[1mScanning dependencies of target array_parser_test[0m
[149.247s] [35m[1mScanning dependencies of target collision_footprint_test[0m
[149.247s] [35m[1mScanning dependencies of target obstacle_tests_exec[0m
[149.248s] [35m[1mScanning dependencies of target range_tests_exec[0m
[149.248s] [35m[1mScanning dependencies of target inflation_tests_exec[0m
[149.252s] [35m[1mScanning dependencies of target nav2_costmap_2d[0m
[149.292s] [ 68%] [32mBuilding CXX object test/unit/CMakeFiles/array_parser_test.dir/array_parser_test.cpp.o[0m
[149.358s] [ 70%] [32mBuilding CXX object test/unit/CMakeFiles/collision_footprint_test.dir/footprint_collision_checker_test.cpp.o[0m
[149.363s] [ 72%] [32mBuilding CXX object CMakeFiles/nav2_costmap_2d.dir/src/costmap_2d_node.cpp.o[0m
[149.410s] [ 75%] [32mBuilding CXX object test/integration/CMakeFiles/inflation_tests_exec.dir/inflation_tests.cpp.o[0m
[149.425s] [ 79%] [32mBuilding CXX object test/integration/CMakeFiles/range_tests_exec.dir/range_tests.cpp.o[0m
[149.426s] [ 79%] [32mBuilding CXX object test/integration/CMakeFiles/obstacle_tests_exec.dir/obstacle_tests.cpp.o[0m
[151.817s] [ 81%] [32m[1mLinking CXX executable array_parser_test[0m
[152.286s] [ 81%] Built target array_parser_test
[152.314s] [35m[1mScanning dependencies of target footprint_tests_exec[0m
[152.318s] [35m[1mScanning dependencies of target test_collision_checker_exec[0m
[152.493s] [ 83%] [32mBuilding CXX object test/integration/CMakeFiles/footprint_tests_exec.dir/footprint_tests.cpp.o[0m
[152.578s] [ 85%] [32mBuilding CXX object test/integration/CMakeFiles/test_collision_checker_exec.dir/test_costmap_topic_collision_checker.cpp.o[0m
[155.816s] [ 87%] [32m[1mLinking CXX executable collision_footprint_test[0m
[156.491s] [ 87%] Built target collision_footprint_test
[156.499s] [ 89%] [32m[1mLinking CXX executable nav2_costmap_2d[0m
[157.031s] [ 89%] Built target nav2_costmap_2d
[159.540s] [ 91%] [32m[1mLinking CXX executable footprint_tests_exec[0m
[160.134s] [ 91%] Built target footprint_tests_exec
[162.710s] [ 93%] [32m[1mLinking CXX executable obstacle_tests_exec[0m
[163.459s] [ 93%] Built target obstacle_tests_exec
[163.493s] [ 95%] [32m[1mLinking CXX executable inflation_tests_exec[0m
[163.868s] [ 97%] [32m[1mLinking CXX executable range_tests_exec[0m
[164.214s] [ 97%] Built target inflation_tests_exec
[164.640s] [ 97%] Built target range_tests_exec
[168.397s] [100%] [32m[1mLinking CXX executable test_collision_checker_exec[0m
[169.104s] [100%] Built target test_collision_checker_exec
[169.131s] Invoked command in '/home/unitree/navigation_ws/build/nav2_costmap_2d' returned '0': AMENT_PREFIX_PATH=/home/unitree/navigation_ws/install/nav2_map_server:/home/unitree/navigation_ws/install/nav2_lifecycle_manager:/home/unitree/navigation_ws/install/nav2_util:/home/unitree/navigation_ws/install/nav2_voxel_grid:/home/unitree/navigation_ws/install/nav2_msgs:/home/unitree/navigation_ws/install/nav2_common:${AMENT_PREFIX_PATH} CMAKE_PREFIX_PATH=/home/unitree/navigation_ws/install/nav2_map_server:/home/unitree/navigation_ws/install/nav2_lifecycle_manager:/home/unitree/navigation_ws/install/nav2_util:/home/unitree/navigation_ws/install/nav2_voxel_grid:/home/unitree/navigation_ws/install/nav2_msgs:/home/unitree/navigation_ws/install/nav2_common:/home/unitree/cyclonedds_ws/install/rmw_cyclonedds_cpp:/home/unitree/cyclonedds_ws/install/cyclonedds:/opt/ros/foxy LD_LIBRARY_PATH=/home/unitree/navigation_ws/install/nav2_map_server/lib:/home/unitree/navigation_ws/install/nav2_lifecycle_manager/lib:/home/unitree/navigation_ws/install/nav2_util/lib:/home/unitree/navigation_ws/install/nav2_voxel_grid/lib:/home/unitree/navigation_ws/install/nav2_msgs/lib:/usr/local/cuda-11.4/lib64:/usr/local/lib:/home/unitree/cyclonedds_ws/install/rmw_cyclonedds_cpp/lib:/home/unitree/cyclonedds_ws/install/cyclonedds/lib:/opt/ros/foxy/opt/yaml_cpp_vendor/lib:/opt/ros/foxy/opt/rviz_ogre_vendor/lib:/opt/ros/foxy/lib/aarch64-linux-gnu:/opt/ros/foxy/lib:/usr/local/cuda-11.4/lib64 PYTHONPATH=/home/unitree/navigation_ws/install/nav2_msgs/lib/python3.8/site-packages:/home/unitree/navigation_ws/install/nav2_common/lib/python3.8/site-packages:${PYTHONPATH} /usr/bin/cmake --build /home/unitree/navigation_ws/build/nav2_costmap_2d -- -j8 -l8
[169.252s] Invoking command in '/home/unitree/navigation_ws/build/nav2_costmap_2d': AMENT_PREFIX_PATH=/home/unitree/navigation_ws/install/nav2_map_server:/home/unitree/navigation_ws/install/nav2_lifecycle_manager:/home/unitree/navigation_ws/install/nav2_util:/home/unitree/navigation_ws/install/nav2_voxel_grid:/home/unitree/navigation_ws/install/nav2_msgs:/home/unitree/navigation_ws/install/nav2_common:${AMENT_PREFIX_PATH} CMAKE_PREFIX_PATH=/home/unitree/navigation_ws/install/nav2_map_server:/home/unitree/navigation_ws/install/nav2_lifecycle_manager:/home/unitree/navigation_ws/install/nav2_util:/home/unitree/navigation_ws/install/nav2_voxel_grid:/home/unitree/navigation_ws/install/nav2_msgs:/home/unitree/navigation_ws/install/nav2_common:/home/unitree/cyclonedds_ws/install/rmw_cyclonedds_cpp:/home/unitree/cyclonedds_ws/install/cyclonedds:/opt/ros/foxy LD_LIBRARY_PATH=/home/unitree/navigation_ws/install/nav2_map_server/lib:/home/unitree/navigation_ws/install/nav2_lifecycle_manager/lib:/home/unitree/navigation_ws/install/nav2_util/lib:/home/unitree/navigation_ws/install/nav2_voxel_grid/lib:/home/unitree/navigation_ws/install/nav2_msgs/lib:/usr/local/cuda-11.4/lib64:/usr/local/lib:/home/unitree/cyclonedds_ws/install/rmw_cyclonedds_cpp/lib:/home/unitree/cyclonedds_ws/install/cyclonedds/lib:/opt/ros/foxy/opt/yaml_cpp_vendor/lib:/opt/ros/foxy/opt/rviz_ogre_vendor/lib:/opt/ros/foxy/lib/aarch64-linux-gnu:/opt/ros/foxy/lib:/usr/local/cuda-11.4/lib64 PYTHONPATH=/home/unitree/navigation_ws/install/nav2_msgs/lib/python3.8/site-packages:/home/unitree/navigation_ws/install/nav2_common/lib/python3.8/site-packages:${PYTHONPATH} /usr/bin/cmake --install /home/unitree/navigation_ws/build/nav2_costmap_2d
[169.270s] -- Install configuration: "Release"
[169.270s] -- Execute custom install script
[169.271s] -- Symlinking: /home/unitree/navigation_ws/install/nav2_costmap_2d/lib/libnav2_costmap_2d_core.so
[169.291s] -- Symlinking: /home/unitree/navigation_ws/install/nav2_costmap_2d/lib/liblayers.so
[169.310s] -- Symlinking: /home/unitree/navigation_ws/install/nav2_costmap_2d/lib/libnav2_costmap_2d_client.so
[169.331s] -- Symlinking: /home/unitree/navigation_ws/install/nav2_costmap_2d/lib/nav2_costmap_2d/nav2_costmap_2d
[169.350s] -- Symlinking: /home/unitree/navigation_ws/install/nav2_costmap_2d/lib/nav2_costmap_2d/nav2_costmap_2d_markers
[169.369s] -- Symlinking: /home/unitree/navigation_ws/install/nav2_costmap_2d/lib/nav2_costmap_2d/nav2_costmap_2d_cloud
[169.389s] -- Symlinking: /home/unitree/navigation_ws/install/nav2_costmap_2d/share/nav2_costmap_2d/costmap_plugins.xml
[169.410s] -- Symlinking: /home/unitree/navigation_ws/install/nav2_costmap_2d/include//nav2_costmap_2d/array_parser.hpp
[169.430s] -- Symlinking: /home/unitree/navigation_ws/install/nav2_costmap_2d/include//nav2_costmap_2d/clear_costmap_service.hpp
[169.449s] -- Symlinking: /home/unitree/navigation_ws/install/nav2_costmap_2d/include//nav2_costmap_2d/cost_values.hpp
[169.468s] -- Symlinking: /home/unitree/navigation_ws/install/nav2_costmap_2d/include//nav2_costmap_2d/costmap_2d.hpp
[169.489s] -- Symlinking: /home/unitree/navigation_ws/install/nav2_costmap_2d/include//nav2_costmap_2d/costmap_2d_publisher.hpp
[169.509s] -- Symlinking: /home/unitree/navigation_ws/install/nav2_costmap_2d/include//nav2_costmap_2d/costmap_2d_ros.hpp
[169.528s] -- Symlinking: /home/unitree/navigation_ws/install/nav2_costmap_2d/include//nav2_costmap_2d/costmap_layer.hpp
[169.548s] -- Symlinking: /home/unitree/navigation_ws/install/nav2_costmap_2d/include//nav2_costmap_2d/costmap_math.hpp
[169.569s] -- Symlinking: /home/unitree/navigation_ws/install/nav2_costmap_2d/include//nav2_costmap_2d/costmap_subscriber.hpp
[169.587s] -- Symlinking: /home/unitree/navigation_ws/install/nav2_costmap_2d/include//nav2_costmap_2d/costmap_topic_collision_checker.hpp
[169.607s] -- Symlinking: /home/unitree/navigation_ws/install/nav2_costmap_2d/include//nav2_costmap_2d/exceptions.hpp
[169.626s] -- Symlinking: /home/unitree/navigation_ws/install/nav2_costmap_2d/include//nav2_costmap_2d/footprint.hpp
[169.646s] -- Symlinking: /home/unitree/navigation_ws/install/nav2_costmap_2d/include//nav2_costmap_2d/footprint_collision_checker.hpp
[169.665s] -- Symlinking: /home/unitree/navigation_ws/install/nav2_costmap_2d/include//nav2_costmap_2d/footprint_subscriber.hpp
[169.685s] -- Symlinking: /home/unitree/navigation_ws/install/nav2_costmap_2d/include//nav2_costmap_2d/inflation_layer.hpp
[169.705s] -- Symlinking: /home/unitree/navigation_ws/install/nav2_costmap_2d/include//nav2_costmap_2d/layer.hpp
[169.725s] -- Symlinking: /home/unitree/navigation_ws/install/nav2_costmap_2d/include//nav2_costmap_2d/layered_costmap.hpp
[169.744s] -- Symlinking: /home/unitree/navigation_ws/install/nav2_costmap_2d/include//nav2_costmap_2d/observation.hpp
[169.765s] -- Symlinking: /home/unitree/navigation_ws/install/nav2_costmap_2d/include//nav2_costmap_2d/observation_buffer.hpp
[169.785s] -- Symlinking: /home/unitree/navigation_ws/install/nav2_costmap_2d/include//nav2_costmap_2d/obstacle_layer.hpp
[169.807s] -- Symlinking: /home/unitree/navigation_ws/install/nav2_costmap_2d/include//nav2_costmap_2d/range_sensor_layer.hpp
[169.826s] -- Symlinking: /home/unitree/navigation_ws/install/nav2_costmap_2d/include//nav2_costmap_2d/static_layer.hpp
[169.845s] -- Symlinking: /home/unitree/navigation_ws/install/nav2_costmap_2d/include//nav2_costmap_2d/voxel_layer.hpp
[169.866s] -- Symlinking: /home/unitree/navigation_ws/install/nav2_costmap_2d/share/nav2_costmap_2d/environment/library_path.sh
[169.886s] -- Symlinking: /home/unitree/navigation_ws/install/nav2_costmap_2d/share/nav2_costmap_2d/environment/library_path.dsv
[169.905s] -- Up-to-date symlink: /home/unitree/navigation_ws/install/nav2_costmap_2d/share/nav2_costmap_2d//costmap_plugins.xml
[169.906s] -- Symlinking: /home/unitree/navigation_ws/install/nav2_costmap_2d/share/ament_index/resource_index/package_run_dependencies/nav2_costmap_2d
[169.926s] -- Symlinking: /home/unitree/navigation_ws/install/nav2_costmap_2d/share/ament_index/resource_index/parent_prefix_path/nav2_costmap_2d
[169.947s] -- Symlinking: /home/unitree/navigation_ws/install/nav2_costmap_2d/share/nav2_costmap_2d/environment/ament_prefix_path.sh
[169.966s] -- Symlinking: /home/unitree/navigation_ws/install/nav2_costmap_2d/share/nav2_costmap_2d/environment/ament_prefix_path.dsv
[169.989s] -- Symlinking: /home/unitree/navigation_ws/install/nav2_costmap_2d/share/nav2_costmap_2d/environment/path.sh
[170.008s] -- Symlinking: /home/unitree/navigation_ws/install/nav2_costmap_2d/share/nav2_costmap_2d/environment/path.dsv
[170.027s] -- Symlinking: /home/unitree/navigation_ws/install/nav2_costmap_2d/share/nav2_costmap_2d/local_setup.bash
[170.047s] -- Symlinking: /home/unitree/navigation_ws/install/nav2_costmap_2d/share/nav2_costmap_2d/local_setup.sh
[170.067s] -- Symlinking: /home/unitree/navigation_ws/install/nav2_costmap_2d/share/nav2_costmap_2d/local_setup.zsh
[170.086s] -- Symlinking: /home/unitree/navigation_ws/install/nav2_costmap_2d/share/nav2_costmap_2d/local_setup.dsv
[170.106s] -- Symlinking: /home/unitree/navigation_ws/install/nav2_costmap_2d/share/nav2_costmap_2d/package.dsv
[170.125s] -- Symlinking: /home/unitree/navigation_ws/install/nav2_costmap_2d/share/ament_index/resource_index/packages/nav2_costmap_2d
[170.146s] -- Symlinking: /home/unitree/navigation_ws/install/nav2_costmap_2d/share/ament_index/resource_index/nav2_costmap_2d__pluginlib__plugin/nav2_costmap_2d
[170.165s] -- Symlinking: /home/unitree/navigation_ws/install/nav2_costmap_2d/share/nav2_costmap_2d/cmake/ament_cmake_export_include_directories-extras.cmake
[170.185s] -- Symlinking: /home/unitree/navigation_ws/install/nav2_costmap_2d/share/nav2_costmap_2d/cmake/ament_cmake_export_libraries-extras.cmake
[170.205s] -- Symlinking: /home/unitree/navigation_ws/install/nav2_costmap_2d/share/nav2_costmap_2d/cmake/ament_cmake_export_dependencies-extras.cmake
[170.225s] -- Symlinking: /home/unitree/navigation_ws/install/nav2_costmap_2d/share/nav2_costmap_2d/cmake/ament_cmake_export_definitions-extras.cmake
[170.245s] -- Symlinking: /home/unitree/navigation_ws/install/nav2_costmap_2d/share/nav2_costmap_2d/cmake/nav2_costmap_2dConfig.cmake
[170.266s] -- Symlinking: /home/unitree/navigation_ws/install/nav2_costmap_2d/share/nav2_costmap_2d/cmake/nav2_costmap_2dConfig-version.cmake
[170.287s] -- Symlinking: /home/unitree/navigation_ws/install/nav2_costmap_2d/share/nav2_costmap_2d/package.xml
[170.318s] Invoked command in '/home/unitree/navigation_ws/build/nav2_costmap_2d' returned '0': AMENT_PREFIX_PATH=/home/unitree/navigation_ws/install/nav2_map_server:/home/unitree/navigation_ws/install/nav2_lifecycle_manager:/home/unitree/navigation_ws/install/nav2_util:/home/unitree/navigation_ws/install/nav2_voxel_grid:/home/unitree/navigation_ws/install/nav2_msgs:/home/unitree/navigation_ws/install/nav2_common:${AMENT_PREFIX_PATH} CMAKE_PREFIX_PATH=/home/unitree/navigation_ws/install/nav2_map_server:/home/unitree/navigation_ws/install/nav2_lifecycle_manager:/home/unitree/navigation_ws/install/nav2_util:/home/unitree/navigation_ws/install/nav2_voxel_grid:/home/unitree/navigation_ws/install/nav2_msgs:/home/unitree/navigation_ws/install/nav2_common:/home/unitree/cyclonedds_ws/install/rmw_cyclonedds_cpp:/home/unitree/cyclonedds_ws/install/cyclonedds:/opt/ros/foxy LD_LIBRARY_PATH=/home/unitree/navigation_ws/install/nav2_map_server/lib:/home/unitree/navigation_ws/install/nav2_lifecycle_manager/lib:/home/unitree/navigation_ws/install/nav2_util/lib:/home/unitree/navigation_ws/install/nav2_voxel_grid/lib:/home/unitree/navigation_ws/install/nav2_msgs/lib:/usr/local/cuda-11.4/lib64:/usr/local/lib:/home/unitree/cyclonedds_ws/install/rmw_cyclonedds_cpp/lib:/home/unitree/cyclonedds_ws/install/cyclonedds/lib:/opt/ros/foxy/opt/yaml_cpp_vendor/lib:/opt/ros/foxy/opt/rviz_ogre_vendor/lib:/opt/ros/foxy/lib/aarch64-linux-gnu:/opt/ros/foxy/lib:/usr/local/cuda-11.4/lib64 PYTHONPATH=/home/unitree/navigation_ws/install/nav2_msgs/lib/python3.8/site-packages:/home/unitree/navigation_ws/install/nav2_common/lib/python3.8/site-packages:${PYTHONPATH} /usr/bin/cmake --install /home/unitree/navigation_ws/build/nav2_costmap_2d
