-- Found ament_cmake: 0.9.12 (/opt/ros/foxy/share/ament_cmake/cmake)
-- Using PYTHON_EXECUTABLE: /usr/bin/python3
-- Override CMake install command with custom implementation using symlinks instead of copying resources
-- Found nav2_common: 0.4.7 (/home/unitree/navigation_ws/install/nav2_common/share/nav2_common/cmake)
-- Found rclcpp: 2.4.3 (/opt/ros/foxy/share/rclcpp/cmake)
-- Using all available rosidl_typesupport_c: rosidl_typesupport_fastrtps_c;rosidl_typesupport_introspection_c
-- Found rosidl_adapter: 1.3.1 (/opt/ros/foxy/share/rosidl_adapter/cmake)
-- Using all available rosidl_typesupport_cpp: rosidl_typesupport_fastrtps_cpp;rosidl_typesupport_introspection_cpp
-- Found rmw_implementation_cmake: 1.0.4 (/opt/ros/foxy/share/rmw_implementation_cmake/cmake)
-- Using RMW implementation 'rmw_cyclonedds_cpp' as default
-- Found rclcpp_action: 2.4.3 (/opt/ros/foxy/share/rclcpp_action/cmake)
-- Found rclcpp_lifecycle: 2.4.3 (/opt/ros/foxy/share/rclcpp_lifecycle/cmake)
-- Found geometry_msgs: 2.0.5 (/opt/ros/foxy/share/geometry_msgs/cmake)
-- Found sensor_msgs: 2.0.5 (/opt/ros/foxy/share/sensor_msgs/cmake)
-- Found nav2_msgs: 0.4.7 (/home/unitree/navigation_ws/install/nav2_msgs/share/nav2_msgs/cmake)
-- Found tf2_ros: 0.13.14 (/opt/ros/foxy/share/tf2_ros/cmake)
-- Found tf2_geometry_msgs: 0.13.14 (/opt/ros/foxy/share/tf2_geometry_msgs/cmake)
-- Found eigen3_cmake_module: 0.1.1 (/opt/ros/foxy/share/eigen3_cmake_module/cmake)
-- Found std_srvs: 2.0.5 (/opt/ros/foxy/share/std_srvs/cmake)
-- Found nav2_util: 0.4.7 (/home/unitree/navigation_ws/install/nav2_util/share/nav2_util/cmake)
-- Found ament_lint_auto: 0.9.8 (/opt/ros/foxy/share/ament_lint_auto/cmake)
-- Found ament_cmake_gtest: 0.9.12 (/opt/ros/foxy/share/ament_cmake_gtest/cmake)
-- Found gtest sources under '/opt/ros/foxy/src/gtest_vendor': C++ tests using 'Google Test' will be built
-- Added test 'copyright' to check source files copyright and LICENSE
-- Added test 'cppcheck' to perform static code analysis on C / C++ code
-- Configured cppcheck include dirs: /home/unitree/navigation_ws/src/navigation2/nav2_behavior_tree/include
-- Configured cppcheck exclude dirs and/or files: 
-- Added test 'cpplint' to check C / C++ code against the Google style
-- Configured cpplint exclude dirs and/or files: 
-- Added test 'lint_cmake' to check CMake code style
-- Added test 'uncrustify' to check C / C++ code style
-- Configured uncrustify additional arguments: 
-- Added test 'xmllint' to check XML markup files
-- Configuring done
-- Generating done
-- Build files have been written to: /home/unitree/navigation_ws/build/nav2_behavior_tree
[  1%] [32mBuilding CXX object CMakeFiles/nav2_pipeline_sequence_bt_node.dir/plugins/control/pipeline_sequence.cpp.o[0m
[  2%] [32mBuilding CXX object CMakeFiles/nav2_transform_available_condition_bt_node.dir/plugins/condition/transform_available_condition.cpp.o[0m
[  4%] [32mBuilding CXX object CMakeFiles/nav2_spin_action_bt_node.dir/plugins/action/spin_action.cpp.o[0m
[  4%] [32mBuilding CXX object CMakeFiles/nav2_compute_path_to_pose_action_bt_node.dir/plugins/action/compute_path_to_pose_action.cpp.o[0m
[  5%] [32mBuilding CXX object CMakeFiles/nav2_goal_updated_condition_bt_node.dir/plugins/condition/goal_updated_condition.cpp.o[0m
[  6%] [32mBuilding CXX object CMakeFiles/nav2_wait_action_bt_node.dir/plugins/action/wait_action.cpp.o[0m
[  7%] [32mBuilding CXX object CMakeFiles/nav2_behavior_tree.dir/src/behavior_tree_engine.cpp.o[0m
[  8%] [32mBuilding CXX object CMakeFiles/nav2_is_stuck_condition_bt_node.dir/plugins/condition/is_stuck_condition.cpp.o[0m
[  9%] [32m[1mLinking CXX shared library libnav2_pipeline_sequence_bt_node.so[0m
[ 10%] [32m[1mLinking CXX shared library libnav2_goal_updated_condition_bt_node.so[0m
[ 10%] Built target nav2_pipeline_sequence_bt_node
[ 11%] [32mBuilding CXX object CMakeFiles/nav2_goal_updater_node_bt_node.dir/plugins/decorator/goal_updater_node.cpp.o[0m
[ 11%] Built target nav2_goal_updated_condition_bt_node
[ 12%] [32mBuilding CXX object CMakeFiles/nav2_follow_path_action_bt_node.dir/plugins/action/follow_path_action.cpp.o[0m
[ 13%] [32m[1mLinking CXX shared library libnav2_behavior_tree.so[0m
[ 13%] Built target nav2_behavior_tree
[ 14%] [32mBuilding CXX object CMakeFiles/nav2_goal_reached_condition_bt_node.dir/plugins/condition/goal_reached_condition.cpp.o[0m
[ 15%] [32m[1mLinking CXX shared library libnav2_transform_available_condition_bt_node.so[0m
[ 15%] Built target nav2_transform_available_condition_bt_node
[ 16%] [32mBuilding CXX object CMakeFiles/nav2_initial_pose_received_condition_bt_node.dir/plugins/condition/initial_pose_received_condition.cpp.o[0m
[ 17%] [32m[1mLinking CXX shared library libnav2_wait_action_bt_node.so[0m
[ 17%] Built target nav2_wait_action_bt_node
[ 18%] [32mBuilding CXX object CMakeFiles/nav2_time_expired_condition_bt_node.dir/plugins/condition/time_expired_condition.cpp.o[0m
[ 19%] [32m[1mLinking CXX shared library libnav2_initial_pose_received_condition_bt_node.so[0m
[ 19%] Built target nav2_initial_pose_received_condition_bt_node
[ 20%] [32mBuilding CXX object CMakeFiles/nav2_distance_traveled_condition_bt_node.dir/plugins/condition/distance_traveled_condition.cpp.o[0m
[ 21%] [32m[1mLinking CXX shared library libnav2_spin_action_bt_node.so[0m
[ 22%] [32m[1mLinking CXX shared library libnav2_compute_path_to_pose_action_bt_node.so[0m
[ 22%] Built target nav2_spin_action_bt_node
[ 22%] Built target nav2_compute_path_to_pose_action_bt_node
[ 23%] [32m[1mLinking CXX shared library libnav2_is_stuck_condition_bt_node.so[0m
[ 23%] Built target nav2_is_stuck_condition_bt_node
[ 24%] [32m[1mLinking CXX shared library libnav2_follow_path_action_bt_node.so[0m
[ 24%] Built target nav2_follow_path_action_bt_node
[ 25%] [32m[1mLinking CXX shared library libnav2_goal_reached_condition_bt_node.so[0m
[ 25%] Built target nav2_goal_reached_condition_bt_node
[ 26%] [32mBuilding CXX object CMakeFiles/nav2_distance_controller_bt_node.dir/plugins/decorator/distance_controller.cpp.o[0m
[ 27%] [32m[1mLinking CXX shared library libnav2_goal_updater_node_bt_node.so[0m
[ 28%] [32mBuilding CXX object CMakeFiles/nav2_round_robin_node_bt_node.dir/plugins/control/round_robin_node.cpp.o[0m
[ 28%] Built target nav2_goal_updater_node_bt_node
[ 29%] [32mBuilding CXX object CMakeFiles/nav2_rate_controller_bt_node.dir/plugins/decorator/rate_controller.cpp.o[0m
[ 30%] [32m[1mLinking CXX shared library libnav2_time_expired_condition_bt_node.so[0m
[ 30%] Built target nav2_time_expired_condition_bt_node
[ 31%] [32mBuilding CXX object CMakeFiles/nav2_clear_costmap_service_bt_node.dir/plugins/action/clear_costmap_service.cpp.o[0m
[ 32%] [32mBuilding CXX object CMakeFiles/nav2_reinitialize_global_localization_service_bt_node.dir/plugins/action/reinitialize_global_localization_service.cpp.o[0m
[ 33%] [32mBuilding CXX object CMakeFiles/nav2_speed_controller_bt_node.dir/plugins/decorator/speed_controller.cpp.o[0m
[ 34%] [32m[1mLinking CXX shared library libnav2_distance_traveled_condition_bt_node.so[0m
[ 34%] Built target nav2_distance_traveled_condition_bt_node
[ 35%] [32mBuilding CXX object CMakeFiles/nav2_is_battery_low_condition_bt_node.dir/plugins/condition/is_battery_low_condition.cpp.o[0m
[ 36%] [32mBuilding CXX object CMakeFiles/nav2_truncate_path_action_bt_node.dir/plugins/action/truncate_path_action.cpp.o[0m
[ 37%] [32m[1mLinking CXX shared library libnav2_round_robin_node_bt_node.so[0m
[ 37%] Built target nav2_round_robin_node_bt_node
[ 38%] [32mBuilding CXX object CMakeFiles/nav2_navigate_to_pose_action_bt_node.dir/plugins/action/navigate_to_pose_action.cpp.o[0m
[ 39%] [32m[1mLinking CXX shared library libnav2_rate_controller_bt_node.so[0m
[ 39%] Built target nav2_rate_controller_bt_node
[ 40%] [32mBuilding CXX object CMakeFiles/nav2_back_up_action_bt_node.dir/plugins/action/back_up_action.cpp.o[0m
[ 41%] [32m[1mLinking CXX shared library libnav2_distance_controller_bt_node.so[0m
[ 41%] Built target nav2_distance_controller_bt_node
[ 42%] [32m[1mLinking CXX shared library libnav2_clear_costmap_service_bt_node.so[0m
[ 42%] Built target nav2_clear_costmap_service_bt_node
[ 43%] [32m[1mLinking CXX shared library libnav2_speed_controller_bt_node.so[0m
[ 43%] Built target nav2_speed_controller_bt_node
[ 44%] [32m[1mLinking CXX shared library libnav2_reinitialize_global_localization_service_bt_node.so[0m
[ 44%] Built target nav2_reinitialize_global_localization_service_bt_node
[ 45%] [32m[1mLinking CXX shared library libnav2_truncate_path_action_bt_node.so[0m
[ 45%] Built target nav2_truncate_path_action_bt_node
[ 47%] Built target gtest_main
[ 50%] Built target gtest
[ 51%] [32mBuilding CXX object CMakeFiles/nav2_recovery_node_bt_node.dir/plugins/control/recovery_node.cpp.o[0m
[ 52%] [32mBuilding CXX object test/plugins/condition/CMakeFiles/test_condition_goal_updated.dir/test_goal_updated.cpp.o[0m
[ 53%] [32mBuilding CXX object test/plugins/condition/CMakeFiles/test_condition_time_expired.dir/test_time_expired.cpp.o[0m
[ 54%] [32mBuilding CXX object test/plugins/condition/CMakeFiles/test_condition_distance_traveled.dir/test_distance_traveled.cpp.o[0m
[ 55%] [32m[1mLinking CXX shared library libnav2_navigate_to_pose_action_bt_node.so[0m
[ 56%] [32mBuilding CXX object test/CMakeFiles/test_bt_conversions.dir/test_bt_conversions.cpp.o[0m
[ 56%] Built target nav2_navigate_to_pose_action_bt_node
[ 57%] [32m[1mLinking CXX shared library libnav2_recovery_node_bt_node.so[0m
[ 58%] [32mBuilding CXX object test/plugins/condition/CMakeFiles/test_condition_initial_pose_received.dir/test_initial_pose_received.cpp.o[0m
[ 58%] Built target nav2_recovery_node_bt_node
[ 59%] [32mBuilding CXX object test/plugins/condition/CMakeFiles/test_condition_transform_available.dir/test_transform_available.cpp.o[0m
[ 60%] [32m[1mLinking CXX shared library libnav2_back_up_action_bt_node.so[0m
[ 60%] Built target nav2_back_up_action_bt_node
[ 61%] [32mBuilding CXX object test/plugins/condition/CMakeFiles/test_condition_is_stuck.dir/test_is_stuck.cpp.o[0m
[ 62%] [32m[1mLinking CXX shared library libnav2_is_battery_low_condition_bt_node.so[0m
[ 62%] Built target nav2_is_battery_low_condition_bt_node
[ 63%] [32mBuilding CXX object test/plugins/condition/CMakeFiles/test_condition_goal_reached.dir/test_goal_reached.cpp.o[0m
[ 64%] [32m[1mLinking CXX executable test_bt_conversions[0m
[ 64%] Built target test_bt_conversions
[ 65%] [32m[1mLinking CXX executable test_condition_goal_updated[0m
[ 65%] Built target test_condition_goal_updated
[ 66%] [32m[1mLinking CXX executable test_condition_time_expired[0m
[ 67%] [32m[1mLinking CXX executable test_condition_distance_traveled[0m
[ 67%] Built target test_condition_time_expired
[ 67%] Built target test_condition_distance_traveled
[ 68%] [32m[1mLinking CXX executable test_condition_initial_pose_received[0m
[ 69%] [32m[1mLinking CXX executable test_condition_transform_available[0m
[ 69%] Built target test_condition_initial_pose_received
[ 69%] Built target test_condition_transform_available
[ 70%] [32m[1mLinking CXX executable test_condition_is_stuck[0m
[ 70%] Built target test_condition_is_stuck
[ 71%] [32m[1mLinking CXX executable test_condition_goal_reached[0m
[ 71%] Built target test_condition_goal_reached
[ 72%] [32mBuilding CXX object test/plugins/control/CMakeFiles/test_control_recovery_node.dir/test_recovery_node.cpp.o[0m
[ 74%] [32mBuilding CXX object test/plugins/control/CMakeFiles/test_control_pipeline_sequence.dir/test_pipeline_sequence.cpp.o[0m
[ 74%] [32mBuilding CXX object test/plugins/action/CMakeFiles/test_truncate_path_action.dir/test_truncate_path_action.cpp.o[0m
[ 75%] [32mBuilding CXX object test/plugins/control/CMakeFiles/test_control_round_robin_node.dir/test_round_robin_node.cpp.o[0m
[ 76%] [32mBuilding CXX object test/plugins/decorator/CMakeFiles/test_decorator_distance_controller.dir/test_distance_controller.cpp.o[0m
[ 77%] [32mBuilding CXX object test/plugins/decorator/CMakeFiles/test_decorator_rate_controller.dir/test_rate_controller.cpp.o[0m
[ 78%] [32mBuilding CXX object test/plugins/decorator/CMakeFiles/test_decorator_speed_controller.dir/test_speed_controller.cpp.o[0m
[ 79%] [32mBuilding CXX object test/plugins/decorator/CMakeFiles/test_goal_updater_node.dir/test_goal_updater_node.cpp.o[0m
[ 80%] [32m[1mLinking CXX executable test_decorator_distance_controller[0m
[ 81%] [32m[1mLinking CXX executable test_truncate_path_action[0m
[ 81%] Built target test_decorator_distance_controller
[ 81%] Built target test_truncate_path_action
[ 82%] [32m[1mLinking CXX executable test_control_recovery_node[0m
[ 83%] [32m[1mLinking CXX executable test_decorator_rate_controller[0m
[ 83%] Built target test_control_recovery_node
[ 84%] [32m[1mLinking CXX executable test_control_pipeline_sequence[0m
[ 84%] Built target test_decorator_rate_controller
[ 84%] Built target test_control_pipeline_sequence
[ 85%] [32m[1mLinking CXX executable test_control_round_robin_node[0m
[ 85%] Built target test_control_round_robin_node
[ 86%] [32m[1mLinking CXX executable test_goal_updater_node[0m
[ 86%] Built target test_goal_updater_node
[ 87%] [32m[1mLinking CXX executable test_decorator_speed_controller[0m
[ 87%] Built target test_decorator_speed_controller
[ 88%] [32mBuilding CXX object test/plugins/condition/CMakeFiles/test_condition_is_battery_low.dir/test_is_battery_low.cpp.o[0m
[ 89%] [32m[1mLinking CXX executable test_condition_is_battery_low[0m
[ 89%] Built target test_condition_is_battery_low
[ 91%] [32mBuilding CXX object test/plugins/action/CMakeFiles/test_action_reinitialize_global_localization_service.dir/test_reinitialize_global_localization_service.cpp.o[0m
[ 92%] [32mBuilding CXX object test/plugins/action/CMakeFiles/test_action_follow_path_action.dir/test_follow_path_action.cpp.o[0m
[ 92%] [32mBuilding CXX object test/plugins/action/CMakeFiles/test_action_clear_costmap_service.dir/test_clear_costmap_service.cpp.o[0m
[ 93%] [32mBuilding CXX object test/plugins/action/CMakeFiles/test_action_compute_path_to_pose_action.dir/test_compute_path_to_pose_action.cpp.o[0m
[ 94%] [32m[1mLinking CXX executable test_action_clear_costmap_service[0m
[ 94%] Built target test_action_clear_costmap_service
[ 95%] [32mBuilding CXX object test/plugins/action/CMakeFiles/test_action_navigate_to_pose_action.dir/test_navigate_to_pose_action.cpp.o[0m
[ 96%] [32m[1mLinking CXX executable test_action_reinitialize_global_localization_service[0m
[ 96%] Built target test_action_reinitialize_global_localization_service
[ 97%] [32m[1mLinking CXX executable test_action_follow_path_action[0m
[ 98%] [32m[1mLinking CXX executable test_action_compute_path_to_pose_action[0m
[ 98%] Built target test_action_follow_path_action
[ 98%] Built target test_action_compute_path_to_pose_action
[100%] [32m[1mLinking CXX executable test_action_navigate_to_pose_action[0m
[100%] Built target test_action_navigate_to_pose_action
-- Install configuration: "Release"
-- Execute custom install script
-- Up-to-date symlink: /home/unitree/navigation_ws/install/nav2_behavior_tree/lib/libnav2_behavior_tree.so
-- Up-to-date symlink: /home/unitree/navigation_ws/install/nav2_behavior_tree/lib/libnav2_compute_path_to_pose_action_bt_node.so
-- Up-to-date symlink: /home/unitree/navigation_ws/install/nav2_behavior_tree/lib/libnav2_follow_path_action_bt_node.so
-- Up-to-date symlink: /home/unitree/navigation_ws/install/nav2_behavior_tree/lib/libnav2_back_up_action_bt_node.so
-- Up-to-date symlink: /home/unitree/navigation_ws/install/nav2_behavior_tree/lib/libnav2_spin_action_bt_node.so
-- Up-to-date symlink: /home/unitree/navigation_ws/install/nav2_behavior_tree/lib/libnav2_wait_action_bt_node.so
-- Up-to-date symlink: /home/unitree/navigation_ws/install/nav2_behavior_tree/lib/libnav2_clear_costmap_service_bt_node.so
-- Up-to-date symlink: /home/unitree/navigation_ws/install/nav2_behavior_tree/lib/libnav2_is_stuck_condition_bt_node.so
-- Up-to-date symlink: /home/unitree/navigation_ws/install/nav2_behavior_tree/lib/libnav2_transform_available_condition_bt_node.so
-- Up-to-date symlink: /home/unitree/navigation_ws/install/nav2_behavior_tree/lib/libnav2_goal_reached_condition_bt_node.so
-- Up-to-date symlink: /home/unitree/navigation_ws/install/nav2_behavior_tree/lib/libnav2_goal_updated_condition_bt_node.so
-- Up-to-date symlink: /home/unitree/navigation_ws/install/nav2_behavior_tree/lib/libnav2_time_expired_condition_bt_node.so
-- Up-to-date symlink: /home/unitree/navigation_ws/install/nav2_behavior_tree/lib/libnav2_distance_traveled_condition_bt_node.so
-- Up-to-date symlink: /home/unitree/navigation_ws/install/nav2_behavior_tree/lib/libnav2_initial_pose_received_condition_bt_node.so
-- Up-to-date symlink: /home/unitree/navigation_ws/install/nav2_behavior_tree/lib/libnav2_is_battery_low_condition_bt_node.so
-- Up-to-date symlink: /home/unitree/navigation_ws/install/nav2_behavior_tree/lib/libnav2_reinitialize_global_localization_service_bt_node.so
-- Up-to-date symlink: /home/unitree/navigation_ws/install/nav2_behavior_tree/lib/libnav2_rate_controller_bt_node.so
-- Up-to-date symlink: /home/unitree/navigation_ws/install/nav2_behavior_tree/lib/libnav2_distance_controller_bt_node.so
-- Up-to-date symlink: /home/unitree/navigation_ws/install/nav2_behavior_tree/lib/libnav2_speed_controller_bt_node.so
-- Up-to-date symlink: /home/unitree/navigation_ws/install/nav2_behavior_tree/lib/libnav2_truncate_path_action_bt_node.so
-- Up-to-date symlink: /home/unitree/navigation_ws/install/nav2_behavior_tree/lib/libnav2_goal_updater_node_bt_node.so
-- Up-to-date symlink: /home/unitree/navigation_ws/install/nav2_behavior_tree/lib/libnav2_recovery_node_bt_node.so
-- Up-to-date symlink: /home/unitree/navigation_ws/install/nav2_behavior_tree/lib/libnav2_navigate_to_pose_action_bt_node.so
-- Up-to-date symlink: /home/unitree/navigation_ws/install/nav2_behavior_tree/lib/libnav2_pipeline_sequence_bt_node.so
-- Up-to-date symlink: /home/unitree/navigation_ws/install/nav2_behavior_tree/lib/libnav2_round_robin_node_bt_node.so
-- Up-to-date symlink: /home/unitree/navigation_ws/install/nav2_behavior_tree/include//nav2_behavior_tree/behavior_tree_engine.hpp
-- Up-to-date symlink: /home/unitree/navigation_ws/install/nav2_behavior_tree/include//nav2_behavior_tree/bt_action_node.hpp
-- Up-to-date symlink: /home/unitree/navigation_ws/install/nav2_behavior_tree/include//nav2_behavior_tree/bt_conversions.hpp
-- Up-to-date symlink: /home/unitree/navigation_ws/install/nav2_behavior_tree/include//nav2_behavior_tree/bt_service_node.hpp
-- Up-to-date symlink: /home/unitree/navigation_ws/install/nav2_behavior_tree/include//nav2_behavior_tree/plugins/action/back_up_action.hpp
-- Up-to-date symlink: /home/unitree/navigation_ws/install/nav2_behavior_tree/include//nav2_behavior_tree/plugins/action/clear_costmap_service.hpp
-- Up-to-date symlink: /home/unitree/navigation_ws/install/nav2_behavior_tree/include//nav2_behavior_tree/plugins/action/compute_path_to_pose_action.hpp
-- Up-to-date symlink: /home/unitree/navigation_ws/install/nav2_behavior_tree/include//nav2_behavior_tree/plugins/action/follow_path_action.hpp
-- Up-to-date symlink: /home/unitree/navigation_ws/install/nav2_behavior_tree/include//nav2_behavior_tree/plugins/action/navigate_to_pose_action.hpp
-- Up-to-date symlink: /home/unitree/navigation_ws/install/nav2_behavior_tree/include//nav2_behavior_tree/plugins/action/reinitialize_global_localization_service.hpp
-- Up-to-date symlink: /home/unitree/navigation_ws/install/nav2_behavior_tree/include//nav2_behavior_tree/plugins/action/spin_action.hpp
-- Up-to-date symlink: /home/unitree/navigation_ws/install/nav2_behavior_tree/include//nav2_behavior_tree/plugins/action/truncate_path_action.hpp
-- Up-to-date symlink: /home/unitree/navigation_ws/install/nav2_behavior_tree/include//nav2_behavior_tree/plugins/action/wait_action.hpp
-- Up-to-date symlink: /home/unitree/navigation_ws/install/nav2_behavior_tree/include//nav2_behavior_tree/plugins/condition/distance_traveled_condition.hpp
-- Up-to-date symlink: /home/unitree/navigation_ws/install/nav2_behavior_tree/include//nav2_behavior_tree/plugins/condition/goal_reached_condition.hpp
-- Up-to-date symlink: /home/unitree/navigation_ws/install/nav2_behavior_tree/include//nav2_behavior_tree/plugins/condition/goal_updated_condition.hpp
-- Up-to-date symlink: /home/unitree/navigation_ws/install/nav2_behavior_tree/include//nav2_behavior_tree/plugins/condition/initial_pose_received_condition.hpp
-- Up-to-date symlink: /home/unitree/navigation_ws/install/nav2_behavior_tree/include//nav2_behavior_tree/plugins/condition/is_battery_low_condition.hpp
-- Up-to-date symlink: /home/unitree/navigation_ws/install/nav2_behavior_tree/include//nav2_behavior_tree/plugins/condition/is_stuck_condition.hpp
-- Up-to-date symlink: /home/unitree/navigation_ws/install/nav2_behavior_tree/include//nav2_behavior_tree/plugins/condition/time_expired_condition.hpp
-- Up-to-date symlink: /home/unitree/navigation_ws/install/nav2_behavior_tree/include//nav2_behavior_tree/plugins/condition/transform_available_condition.hpp
-- Up-to-date symlink: /home/unitree/navigation_ws/install/nav2_behavior_tree/include//nav2_behavior_tree/plugins/control/pipeline_sequence.hpp
-- Up-to-date symlink: /home/unitree/navigation_ws/install/nav2_behavior_tree/include//nav2_behavior_tree/plugins/control/recovery_node.hpp
-- Up-to-date symlink: /home/unitree/navigation_ws/install/nav2_behavior_tree/include//nav2_behavior_tree/plugins/control/round_robin_node.hpp
-- Up-to-date symlink: /home/unitree/navigation_ws/install/nav2_behavior_tree/include//nav2_behavior_tree/plugins/decorator/distance_controller.hpp
-- Up-to-date symlink: /home/unitree/navigation_ws/install/nav2_behavior_tree/include//nav2_behavior_tree/plugins/decorator/goal_updater_node.hpp
-- Up-to-date symlink: /home/unitree/navigation_ws/install/nav2_behavior_tree/include//nav2_behavior_tree/plugins/decorator/rate_controller.hpp
-- Up-to-date symlink: /home/unitree/navigation_ws/install/nav2_behavior_tree/include//nav2_behavior_tree/plugins/decorator/speed_controller.hpp
-- Up-to-date symlink: /home/unitree/navigation_ws/install/nav2_behavior_tree/share/nav2_behavior_tree/nav2_tree_nodes.xml
-- Up-to-date symlink: /home/unitree/navigation_ws/install/nav2_behavior_tree/share/nav2_behavior_tree/environment/library_path.sh
-- Up-to-date symlink: /home/unitree/navigation_ws/install/nav2_behavior_tree/share/nav2_behavior_tree/environment/library_path.dsv
-- Up-to-date symlink: /home/unitree/navigation_ws/install/nav2_behavior_tree/share/ament_index/resource_index/package_run_dependencies/nav2_behavior_tree
-- Up-to-date symlink: /home/unitree/navigation_ws/install/nav2_behavior_tree/share/ament_index/resource_index/parent_prefix_path/nav2_behavior_tree
-- Up-to-date symlink: /home/unitree/navigation_ws/install/nav2_behavior_tree/share/nav2_behavior_tree/environment/ament_prefix_path.sh
-- Up-to-date symlink: /home/unitree/navigation_ws/install/nav2_behavior_tree/share/nav2_behavior_tree/environment/ament_prefix_path.dsv
-- Up-to-date symlink: /home/unitree/navigation_ws/install/nav2_behavior_tree/share/nav2_behavior_tree/environment/path.sh
-- Up-to-date symlink: /home/unitree/navigation_ws/install/nav2_behavior_tree/share/nav2_behavior_tree/environment/path.dsv
-- Up-to-date symlink: /home/unitree/navigation_ws/install/nav2_behavior_tree/share/nav2_behavior_tree/local_setup.bash
-- Up-to-date symlink: /home/unitree/navigation_ws/install/nav2_behavior_tree/share/nav2_behavior_tree/local_setup.sh
-- Up-to-date symlink: /home/unitree/navigation_ws/install/nav2_behavior_tree/share/nav2_behavior_tree/local_setup.zsh
-- Up-to-date symlink: /home/unitree/navigation_ws/install/nav2_behavior_tree/share/nav2_behavior_tree/local_setup.dsv
-- Symlinking: /home/unitree/navigation_ws/install/nav2_behavior_tree/share/nav2_behavior_tree/package.dsv
-- Up-to-date symlink: /home/unitree/navigation_ws/install/nav2_behavior_tree/share/ament_index/resource_index/packages/nav2_behavior_tree
-- Up-to-date symlink: /home/unitree/navigation_ws/install/nav2_behavior_tree/share/nav2_behavior_tree/cmake/ament_cmake_export_include_directories-extras.cmake
-- Up-to-date symlink: /home/unitree/navigation_ws/install/nav2_behavior_tree/share/nav2_behavior_tree/cmake/ament_cmake_export_libraries-extras.cmake
-- Up-to-date symlink: /home/unitree/navigation_ws/install/nav2_behavior_tree/share/nav2_behavior_tree/cmake/ament_cmake_export_dependencies-extras.cmake
-- Up-to-date symlink: /home/unitree/navigation_ws/install/nav2_behavior_tree/share/nav2_behavior_tree/cmake/nav2_behavior_treeConfig.cmake
-- Up-to-date symlink: /home/unitree/navigation_ws/install/nav2_behavior_tree/share/nav2_behavior_tree/cmake/nav2_behavior_treeConfig-version.cmake
-- Up-to-date symlink: /home/unitree/navigation_ws/install/nav2_behavior_tree/share/nav2_behavior_tree/package.xml
