[0.149s] Invoking command in '/home/unitree/navigation_ws/build/smac_planner': AMENT_PREFIX_PATH=/home/unitree/navigation_ws/install/nav2_core:/home/unitree/navigation_ws/install/nav2_costmap_2d:/home/unitree/navigation_ws/install/nav2_map_server:/home/unitree/navigation_ws/install/nav2_lifecycle_manager:/home/unitree/navigation_ws/install/nav2_util:/home/unitree/navigation_ws/install/nav2_voxel_grid:/home/unitree/navigation_ws/install/nav2_msgs:/home/unitree/navigation_ws/install/nav2_common:${AMENT_PREFIX_PATH} CMAKE_PREFIX_PATH=/home/unitree/navigation_ws/install/nav2_core:/home/unitree/navigation_ws/install/nav2_costmap_2d:/home/unitree/navigation_ws/install/nav2_map_server:/home/unitree/navigation_ws/install/nav2_lifecycle_manager:/home/unitree/navigation_ws/install/nav2_util:/home/unitree/navigation_ws/install/nav2_voxel_grid:/home/unitree/navigation_ws/install/nav2_msgs:/home/unitree/navigation_ws/install/nav2_common:/home/unitree/cyclonedds_ws/install/rmw_cyclonedds_cpp:/home/unitree/cyclonedds_ws/install/cyclonedds:/opt/ros/foxy LD_LIBRARY_PATH=/home/unitree/navigation_ws/install/nav2_costmap_2d/lib:/home/unitree/navigation_ws/install/nav2_map_server/lib:/home/unitree/navigation_ws/install/nav2_lifecycle_manager/lib:/home/unitree/navigation_ws/install/nav2_util/lib:/home/unitree/navigation_ws/install/nav2_voxel_grid/lib:/home/unitree/navigation_ws/install/nav2_msgs/lib:/usr/local/cuda-11.4/lib64:/usr/local/lib:/home/unitree/cyclonedds_ws/install/rmw_cyclonedds_cpp/lib:/home/unitree/cyclonedds_ws/install/cyclonedds/lib:/opt/ros/foxy/opt/yaml_cpp_vendor/lib:/opt/ros/foxy/opt/rviz_ogre_vendor/lib:/opt/ros/foxy/lib/aarch64-linux-gnu:/opt/ros/foxy/lib:/usr/local/cuda-11.4/lib64 PYTHONPATH=/home/unitree/navigation_ws/install/nav2_msgs/lib/python3.8/site-packages:/home/unitree/navigation_ws/install/nav2_common/lib/python3.8/site-packages:${PYTHONPATH} /usr/bin/cmake /home/unitree/navigation_ws/src/navigation2/smac_planner -DAMENT_CMAKE_SYMLINK_INSTALL=1 -DCMAKE_INSTALL_PREFIX=/home/unitree/navigation_ws/install/smac_planner
[8.578s] -- The C compiler identification is GNU 9.4.0
[8.578s] -- The CXX compiler identification is GNU 9.4.0
[8.579s] -- Check for working C compiler: /usr/bin/cc
[8.579s] -- Check for working C compiler: /usr/bin/cc -- works
[8.579s] -- Detecting C compiler ABI info
[8.579s] -- Detecting C compiler ABI info - done
[8.579s] -- Detecting C compile features
[8.579s] -- Detecting C compile features - done
[8.579s] -- Check for working CXX compiler: /usr/bin/c++
[8.579s] -- Check for working CXX compiler: /usr/bin/c++ -- works
[8.579s] -- Detecting CXX compiler ABI info
[8.580s] -- Detecting CXX compiler ABI info - done
[8.580s] -- Detecting CXX compile features
[8.580s] -- Detecting CXX compile features - done
[8.580s] -- Found ament_cmake: 0.9.12 (/opt/ros/foxy/share/ament_cmake/cmake)
[8.580s] -- Found PythonInterp: /usr/bin/python3 (found suitable version "3.8.10", minimum required is "3") 
[8.580s] -- Using PYTHON_EXECUTABLE: /usr/bin/python3
[8.580s] -- Override CMake install command with custom implementation using symlinks instead of copying resources
[8.580s] -- Found nav2_common: 0.4.7 (/home/unitree/navigation_ws/install/nav2_common/share/nav2_common/cmake)
[8.580s] -- Found rclcpp: 2.4.3 (/opt/ros/foxy/share/rclcpp/cmake)
[8.580s] -- Using all available rosidl_typesupport_c: rosidl_typesupport_fastrtps_c;rosidl_typesupport_introspection_c
[8.581s] -- Found rosidl_adapter: 1.3.1 (/opt/ros/foxy/share/rosidl_adapter/cmake)
[8.581s] -- Found OpenSSL: /usr/lib/aarch64-linux-gnu/libcrypto.so (found version "1.1.1f")  
[8.581s] -- Found FastRTPS: /opt/ros/foxy/include  
[8.581s] -- Using all available rosidl_typesupport_cpp: rosidl_typesupport_fastrtps_cpp;rosidl_typesupport_introspection_cpp
[8.581s] -- Found rmw_implementation_cmake: 1.0.4 (/opt/ros/foxy/share/rmw_implementation_cmake/cmake)
[8.581s] -- Using RMW implementation 'rmw_cyclonedds_cpp' as default
[8.581s] -- Looking for pthread.h
[8.581s] -- Looking for pthread.h - found
[8.581s] -- Performing Test CMAKE_HAVE_LIBC_PTHREAD
[8.581s] -- Performing Test CMAKE_HAVE_LIBC_PTHREAD - Failed
[8.582s] -- Looking for pthread_create in pthreads
[8.582s] -- Looking for pthread_create in pthreads - not found
[8.582s] -- Looking for pthread_create in pthread
[8.582s] -- Looking for pthread_create in pthread - found
[8.582s] -- Found Threads: TRUE  
[8.582s] -- Found rclcpp_action: 2.4.3 (/opt/ros/foxy/share/rclcpp_action/cmake)
[8.582s] -- Found rclcpp_lifecycle: 2.4.3 (/opt/ros/foxy/share/rclcpp_lifecycle/cmake)
[8.582s] -- Found visualization_msgs: 2.0.5 (/opt/ros/foxy/share/visualization_msgs/cmake)
[8.582s] -- Found nav2_util: 0.4.7 (/home/unitree/navigation_ws/install/nav2_util/share/nav2_util/cmake)
[8.582s] -- Found eigen3_cmake_module: 0.1.1 (/opt/ros/foxy/share/eigen3_cmake_module/cmake)
[8.582s] -- Found Eigen3: TRUE (found version "3.3.7") 
[8.583s] -- Found nav2_core: 0.4.7 (/home/unitree/navigation_ws/install/nav2_core/share/nav2_core/cmake)
[8.583s] -- Found installed version of Eigen: /usr/lib/cmake/eigen3
[8.583s] -- Found required Ceres dependency: Eigen version 3.3.7 in /usr/include/eigen3
[8.583s] -- Found required Ceres dependency: glog
[8.583s] -- Found installed version of gflags: /usr/lib/aarch64-linux-gnu/cmake/gflags
[8.583s] -- Detected gflags version: 2.2.2
[8.583s] -- Found required Ceres dependency: gflags
[8.583s] -- Found Ceres version: 1.14.0 installed in: /usr with components: [EigenSparse, SparseLinearAlgebraLibrary, LAPACK, SuiteSparse, CXSparse, SchurSpecializations, OpenMP, Multithreading]
[8.588s] -- Found ompl: /opt/ros/foxy/include/ompl-1.5;/usr/include/eigen3  
[8.589s] -- Found OpenMP_C: -fopenmp (found version "4.5") 
[8.589s] -- Found OpenMP_CXX: -fopenmp (found version "4.5") 
[8.589s] -- Found OpenMP: TRUE (found version "4.5")  
[13.527s] -- Found ament_lint_auto: 0.9.8 (/opt/ros/foxy/share/ament_lint_auto/cmake)
[13.748s] -- Found ament_cmake_gtest: 0.9.12 (/opt/ros/foxy/share/ament_cmake_gtest/cmake)
[13.762s] -- Found gtest sources under '/opt/ros/foxy/src/gtest_vendor': C++ tests using 'Google Test' will be built
[13.767s] -- Check if compiler accepts -pthread
[13.971s] -- Check if compiler accepts -pthread - yes
[38.883s] -- Added test 'copyright' to check source files copyright and LICENSE
[38.887s] -- Added test 'cppcheck' to perform static code analysis on C / C++ code
[38.888s] -- Configured cppcheck include dirs: /home/unitree/navigation_ws/src/navigation2/smac_planner/include
[38.888s] -- Configured cppcheck exclude dirs and/or files: 
[38.891s] -- Added test 'cpplint' to check C / C++ code against the Google style
[38.892s] -- Configured cpplint exclude dirs and/or files: 
[38.894s] -- Added test 'lint_cmake' to check CMake code style
[38.897s] -- Added test 'uncrustify' to check C / C++ code style
[38.898s] -- Configured uncrustify additional arguments: 
[38.899s] -- Added test 'xmllint' to check XML markup files
[38.916s] -- Configuring done
[39.765s] -- Generating done
[39.771s] -- Build files have been written to: /home/unitree/navigation_ws/build/smac_planner
[39.817s] Invoked command in '/home/unitree/navigation_ws/build/smac_planner' returned '0': AMENT_PREFIX_PATH=/home/unitree/navigation_ws/install/nav2_core:/home/unitree/navigation_ws/install/nav2_costmap_2d:/home/unitree/navigation_ws/install/nav2_map_server:/home/unitree/navigation_ws/install/nav2_lifecycle_manager:/home/unitree/navigation_ws/install/nav2_util:/home/unitree/navigation_ws/install/nav2_voxel_grid:/home/unitree/navigation_ws/install/nav2_msgs:/home/unitree/navigation_ws/install/nav2_common:${AMENT_PREFIX_PATH} CMAKE_PREFIX_PATH=/home/unitree/navigation_ws/install/nav2_core:/home/unitree/navigation_ws/install/nav2_costmap_2d:/home/unitree/navigation_ws/install/nav2_map_server:/home/unitree/navigation_ws/install/nav2_lifecycle_manager:/home/unitree/navigation_ws/install/nav2_util:/home/unitree/navigation_ws/install/nav2_voxel_grid:/home/unitree/navigation_ws/install/nav2_msgs:/home/unitree/navigation_ws/install/nav2_common:/home/unitree/cyclonedds_ws/install/rmw_cyclonedds_cpp:/home/unitree/cyclonedds_ws/install/cyclonedds:/opt/ros/foxy LD_LIBRARY_PATH=/home/unitree/navigation_ws/install/nav2_costmap_2d/lib:/home/unitree/navigation_ws/install/nav2_map_server/lib:/home/unitree/navigation_ws/install/nav2_lifecycle_manager/lib:/home/unitree/navigation_ws/install/nav2_util/lib:/home/unitree/navigation_ws/install/nav2_voxel_grid/lib:/home/unitree/navigation_ws/install/nav2_msgs/lib:/usr/local/cuda-11.4/lib64:/usr/local/lib:/home/unitree/cyclonedds_ws/install/rmw_cyclonedds_cpp/lib:/home/unitree/cyclonedds_ws/install/cyclonedds/lib:/opt/ros/foxy/opt/yaml_cpp_vendor/lib:/opt/ros/foxy/opt/rviz_ogre_vendor/lib:/opt/ros/foxy/lib/aarch64-linux-gnu:/opt/ros/foxy/lib:/usr/local/cuda-11.4/lib64 PYTHONPATH=/home/unitree/navigation_ws/install/nav2_msgs/lib/python3.8/site-packages:/home/unitree/navigation_ws/install/nav2_common/lib/python3.8/site-packages:${PYTHONPATH} /usr/bin/cmake /home/unitree/navigation_ws/src/navigation2/smac_planner -DAMENT_CMAKE_SYMLINK_INSTALL=1 -DCMAKE_INSTALL_PREFIX=/home/unitree/navigation_ws/install/smac_planner
[39.823s] Invoking command in '/home/unitree/navigation_ws/build/smac_planner': AMENT_PREFIX_PATH=/home/unitree/navigation_ws/install/nav2_core:/home/unitree/navigation_ws/install/nav2_costmap_2d:/home/unitree/navigation_ws/install/nav2_map_server:/home/unitree/navigation_ws/install/nav2_lifecycle_manager:/home/unitree/navigation_ws/install/nav2_util:/home/unitree/navigation_ws/install/nav2_voxel_grid:/home/unitree/navigation_ws/install/nav2_msgs:/home/unitree/navigation_ws/install/nav2_common:${AMENT_PREFIX_PATH} CMAKE_PREFIX_PATH=/home/unitree/navigation_ws/install/nav2_core:/home/unitree/navigation_ws/install/nav2_costmap_2d:/home/unitree/navigation_ws/install/nav2_map_server:/home/unitree/navigation_ws/install/nav2_lifecycle_manager:/home/unitree/navigation_ws/install/nav2_util:/home/unitree/navigation_ws/install/nav2_voxel_grid:/home/unitree/navigation_ws/install/nav2_msgs:/home/unitree/navigation_ws/install/nav2_common:/home/unitree/cyclonedds_ws/install/rmw_cyclonedds_cpp:/home/unitree/cyclonedds_ws/install/cyclonedds:/opt/ros/foxy LD_LIBRARY_PATH=/home/unitree/navigation_ws/install/nav2_costmap_2d/lib:/home/unitree/navigation_ws/install/nav2_map_server/lib:/home/unitree/navigation_ws/install/nav2_lifecycle_manager/lib:/home/unitree/navigation_ws/install/nav2_util/lib:/home/unitree/navigation_ws/install/nav2_voxel_grid/lib:/home/unitree/navigation_ws/install/nav2_msgs/lib:/usr/local/cuda-11.4/lib64:/usr/local/lib:/home/unitree/cyclonedds_ws/install/rmw_cyclonedds_cpp/lib:/home/unitree/cyclonedds_ws/install/cyclonedds/lib:/opt/ros/foxy/opt/yaml_cpp_vendor/lib:/opt/ros/foxy/opt/rviz_ogre_vendor/lib:/opt/ros/foxy/lib/aarch64-linux-gnu:/opt/ros/foxy/lib:/usr/local/cuda-11.4/lib64 PYTHONPATH=/home/unitree/navigation_ws/install/nav2_msgs/lib/python3.8/site-packages:/home/unitree/navigation_ws/install/nav2_common/lib/python3.8/site-packages:${PYTHONPATH} /usr/bin/cmake --build /home/unitree/navigation_ws/build/smac_planner -- -j8 -l8
[39.932s] [35m[1mScanning dependencies of target smac_planner_2d[0m
[40.143s] [  2%] [32mBuilding CXX object CMakeFiles/smac_planner_2d.dir/src/smac_planner_2d.cpp.o[0m
[57.118s] [  5%] [32mBuilding CXX object CMakeFiles/smac_planner_2d.dir/src/node_2d.cpp.o[0m
[61.637s] [ 11%] [32mBuilding CXX object CMakeFiles/smac_planner_2d.dir/src/node_se2.cpp.o[0m
[61.637s] [ 11%] [32mBuilding CXX object CMakeFiles/smac_planner_2d.dir/src/costmap_downsampler.cpp.o[0m
[73.273s] [ 14%] [32mBuilding CXX object CMakeFiles/smac_planner_2d.dir/src/a_star.cpp.o[0m
[84.050s] [ 17%] [32m[1mLinking CXX shared library libsmac_planner_2d.so[0m
[85.543s] [ 17%] Built target smac_planner_2d
[85.566s] [35m[1mScanning dependencies of target gtest_main[0m
[85.566s] [35m[1mScanning dependencies of target gtest[0m
[85.596s] [ 20%] [32mBuilding CXX object gtest/CMakeFiles/gtest_main.dir/src/gtest_main.cc.o[0m
[85.601s] [ 23%] [32mBuilding CXX object gtest/CMakeFiles/gtest.dir/src/gtest-all.cc.o[0m
[86.970s] [ 26%] [32m[1mLinking CXX static library libgtest_main.a[0m
[87.055s] [ 26%] Built target gtest_main
[87.079s] [35m[1mScanning dependencies of target smac_planner[0m
[87.264s] [ 32%] [32mBuilding CXX object CMakeFiles/smac_planner.dir/src/a_star.cpp.o[0m
[87.264s] [ 32%] [32mBuilding CXX object CMakeFiles/smac_planner.dir/src/smac_planner.cpp.o[0m
[97.660s] [ 38%] [32mBuilding CXX object CMakeFiles/smac_planner.dir/src/costmap_downsampler.cpp.o[0m
[97.661s] [ 38%] [32mBuilding CXX object CMakeFiles/smac_planner.dir/src/node_2d.cpp.o[0m
[100.354s] [ 41%] [32m[1mLinking CXX static library libgtest.a[0m
[100.435s] [ 41%] Built target gtest
[100.458s] [35m[1mScanning dependencies of target test_smoother[0m
[100.458s] [35m[1mScanning dependencies of target test_smac_2d[0m
[100.597s] [ 44%] [32mBuilding CXX object test/CMakeFiles/test_smoother.dir/test_smoother.cpp.o[0m
[100.611s] [ 47%] [32mBuilding CXX object test/CMakeFiles/test_smac_2d.dir/test_smac_2d.cpp.o[0m
[102.136s] [ 50%] [32mBuilding CXX object CMakeFiles/smac_planner.dir/src/node_se2.cpp.o[0m
[111.305s] [ 52%] [32m[1mLinking CXX shared library libsmac_planner.so[0m
[112.281s] [ 55%] [32m[1mLinking CXX executable test_smoother[0m
[112.619s] [ 58%] [32m[1mLinking CXX executable test_smac_2d[0m
[112.753s] [ 58%] Built target smac_planner
[112.780s] [35m[1mScanning dependencies of target test_a_star[0m
[112.780s] [35m[1mScanning dependencies of target test_costmap_downsampler[0m
[112.780s] [35m[1mScanning dependencies of target test_node2d[0m
[112.895s] [ 61%] [32mBuilding CXX object test/CMakeFiles/test_node2d.dir/test_node2d.cpp.o[0m
[112.912s] [ 64%] [32mBuilding CXX object test/CMakeFiles/test_a_star.dir/test_a_star.cpp.o[0m
[112.919s] [ 67%] [32mBuilding CXX object test/CMakeFiles/test_costmap_downsampler.dir/test_costmap_downsampler.cpp.o[0m
[113.228s] [ 67%] Built target test_smoother
[113.235s] [35m[1mScanning dependencies of target test_nodebasic[0m
[113.235s] [35m[1mScanning dependencies of target test_smac_se2[0m
[113.257s] [35m[1mScanning dependencies of target test_nodese2[0m
[113.403s] [ 70%] [32mBuilding CXX object test/CMakeFiles/test_nodese2.dir/test_nodese2.cpp.o[0m
[113.412s] [ 73%] [32mBuilding CXX object test/CMakeFiles/test_smac_se2.dir/test_smac_se2.cpp.o[0m
[113.416s] [ 76%] [32mBuilding CXX object test/CMakeFiles/test_nodebasic.dir/test_nodebasic.cpp.o[0m
[113.445s] [ 76%] Built target test_smac_2d
[119.573s] [ 79%] [32m[1mLinking CXX executable test_node2d[0m
[120.466s] [ 79%] Built target test_node2d
[120.491s] [35m[1mScanning dependencies of target test_collision_checker[0m
[120.593s] [ 82%] [32mBuilding CXX object test/CMakeFiles/test_collision_checker.dir/test_collision_checker.cpp.o[0m
[120.853s] [ 85%] [32m[1mLinking CXX executable test_nodebasic[0m
[121.313s] [ 88%] [32m[1mLinking CXX executable test_costmap_downsampler[0m
[121.438s] [ 88%] Built target test_nodebasic
[122.221s] [ 88%] Built target test_costmap_downsampler
[122.539s] [ 91%] [32m[1mLinking CXX executable test_a_star[0m
[123.417s] [ 91%] Built target test_a_star
[123.464s] [ 94%] [32m[1mLinking CXX executable test_nodese2[0m
[124.217s] [ 94%] Built target test_nodese2
[125.702s] [ 97%] [32m[1mLinking CXX executable test_smac_se2[0m
[126.183s] [100%] [32m[1mLinking CXX executable test_collision_checker[0m
[126.429s] [100%] Built target test_smac_se2
[126.665s] [100%] Built target test_collision_checker
[126.691s] Invoked command in '/home/unitree/navigation_ws/build/smac_planner' returned '0': AMENT_PREFIX_PATH=/home/unitree/navigation_ws/install/nav2_core:/home/unitree/navigation_ws/install/nav2_costmap_2d:/home/unitree/navigation_ws/install/nav2_map_server:/home/unitree/navigation_ws/install/nav2_lifecycle_manager:/home/unitree/navigation_ws/install/nav2_util:/home/unitree/navigation_ws/install/nav2_voxel_grid:/home/unitree/navigation_ws/install/nav2_msgs:/home/unitree/navigation_ws/install/nav2_common:${AMENT_PREFIX_PATH} CMAKE_PREFIX_PATH=/home/unitree/navigation_ws/install/nav2_core:/home/unitree/navigation_ws/install/nav2_costmap_2d:/home/unitree/navigation_ws/install/nav2_map_server:/home/unitree/navigation_ws/install/nav2_lifecycle_manager:/home/unitree/navigation_ws/install/nav2_util:/home/unitree/navigation_ws/install/nav2_voxel_grid:/home/unitree/navigation_ws/install/nav2_msgs:/home/unitree/navigation_ws/install/nav2_common:/home/unitree/cyclonedds_ws/install/rmw_cyclonedds_cpp:/home/unitree/cyclonedds_ws/install/cyclonedds:/opt/ros/foxy LD_LIBRARY_PATH=/home/unitree/navigation_ws/install/nav2_costmap_2d/lib:/home/unitree/navigation_ws/install/nav2_map_server/lib:/home/unitree/navigation_ws/install/nav2_lifecycle_manager/lib:/home/unitree/navigation_ws/install/nav2_util/lib:/home/unitree/navigation_ws/install/nav2_voxel_grid/lib:/home/unitree/navigation_ws/install/nav2_msgs/lib:/usr/local/cuda-11.4/lib64:/usr/local/lib:/home/unitree/cyclonedds_ws/install/rmw_cyclonedds_cpp/lib:/home/unitree/cyclonedds_ws/install/cyclonedds/lib:/opt/ros/foxy/opt/yaml_cpp_vendor/lib:/opt/ros/foxy/opt/rviz_ogre_vendor/lib:/opt/ros/foxy/lib/aarch64-linux-gnu:/opt/ros/foxy/lib:/usr/local/cuda-11.4/lib64 PYTHONPATH=/home/unitree/navigation_ws/install/nav2_msgs/lib/python3.8/site-packages:/home/unitree/navigation_ws/install/nav2_common/lib/python3.8/site-packages:${PYTHONPATH} /usr/bin/cmake --build /home/unitree/navigation_ws/build/smac_planner -- -j8 -l8
[126.770s] Invoking command in '/home/unitree/navigation_ws/build/smac_planner': AMENT_PREFIX_PATH=/home/unitree/navigation_ws/install/nav2_core:/home/unitree/navigation_ws/install/nav2_costmap_2d:/home/unitree/navigation_ws/install/nav2_map_server:/home/unitree/navigation_ws/install/nav2_lifecycle_manager:/home/unitree/navigation_ws/install/nav2_util:/home/unitree/navigation_ws/install/nav2_voxel_grid:/home/unitree/navigation_ws/install/nav2_msgs:/home/unitree/navigation_ws/install/nav2_common:${AMENT_PREFIX_PATH} CMAKE_PREFIX_PATH=/home/unitree/navigation_ws/install/nav2_core:/home/unitree/navigation_ws/install/nav2_costmap_2d:/home/unitree/navigation_ws/install/nav2_map_server:/home/unitree/navigation_ws/install/nav2_lifecycle_manager:/home/unitree/navigation_ws/install/nav2_util:/home/unitree/navigation_ws/install/nav2_voxel_grid:/home/unitree/navigation_ws/install/nav2_msgs:/home/unitree/navigation_ws/install/nav2_common:/home/unitree/cyclonedds_ws/install/rmw_cyclonedds_cpp:/home/unitree/cyclonedds_ws/install/cyclonedds:/opt/ros/foxy LD_LIBRARY_PATH=/home/unitree/navigation_ws/install/nav2_costmap_2d/lib:/home/unitree/navigation_ws/install/nav2_map_server/lib:/home/unitree/navigation_ws/install/nav2_lifecycle_manager/lib:/home/unitree/navigation_ws/install/nav2_util/lib:/home/unitree/navigation_ws/install/nav2_voxel_grid/lib:/home/unitree/navigation_ws/install/nav2_msgs/lib:/usr/local/cuda-11.4/lib64:/usr/local/lib:/home/unitree/cyclonedds_ws/install/rmw_cyclonedds_cpp/lib:/home/unitree/cyclonedds_ws/install/cyclonedds/lib:/opt/ros/foxy/opt/yaml_cpp_vendor/lib:/opt/ros/foxy/opt/rviz_ogre_vendor/lib:/opt/ros/foxy/lib/aarch64-linux-gnu:/opt/ros/foxy/lib:/usr/local/cuda-11.4/lib64 PYTHONPATH=/home/unitree/navigation_ws/install/nav2_msgs/lib/python3.8/site-packages:/home/unitree/navigation_ws/install/nav2_common/lib/python3.8/site-packages:${PYTHONPATH} /usr/bin/cmake --install /home/unitree/navigation_ws/build/smac_planner
[126.788s] -- Install configuration: "Release"
[126.789s] -- Execute custom install script
[126.790s] -- Symlinking: /home/unitree/navigation_ws/install/smac_planner/share/smac_planner//smac_plugin.xml
[126.809s] -- Symlinking: /home/unitree/navigation_ws/install/smac_planner/share/smac_planner//smac_plugin_2d.xml
[126.827s] -- Symlinking: /home/unitree/navigation_ws/install/smac_planner/lib/libsmac_planner.so
[126.845s] -- Symlinking: /home/unitree/navigation_ws/install/smac_planner/lib/libsmac_planner_2d.so
[126.864s] -- Symlinking: /home/unitree/navigation_ws/install/smac_planner/include//smac_planner/a_star.hpp
[126.882s] -- Symlinking: /home/unitree/navigation_ws/install/smac_planner/include//smac_planner/collision_checker.hpp
[126.900s] -- Symlinking: /home/unitree/navigation_ws/install/smac_planner/include//smac_planner/constants.hpp
[126.918s] -- Symlinking: /home/unitree/navigation_ws/install/smac_planner/include//smac_planner/costmap_downsampler.hpp
[126.938s] -- Symlinking: /home/unitree/navigation_ws/install/smac_planner/include//smac_planner/node_2d.hpp
[126.960s] -- Symlinking: /home/unitree/navigation_ws/install/smac_planner/include//smac_planner/node_basic.hpp
[126.979s] -- Symlinking: /home/unitree/navigation_ws/install/smac_planner/include//smac_planner/node_se2.hpp
[126.998s] -- Symlinking: /home/unitree/navigation_ws/install/smac_planner/include//smac_planner/options.hpp
[127.019s] -- Symlinking: /home/unitree/navigation_ws/install/smac_planner/include//smac_planner/smac_planner.hpp
[127.038s] -- Symlinking: /home/unitree/navigation_ws/install/smac_planner/include//smac_planner/smac_planner_2d.hpp
[127.061s] -- Symlinking: /home/unitree/navigation_ws/install/smac_planner/include//smac_planner/smoother.hpp
[127.087s] -- Symlinking: /home/unitree/navigation_ws/install/smac_planner/include//smac_planner/smoother_cost_function.hpp
[127.109s] -- Symlinking: /home/unitree/navigation_ws/install/smac_planner/include//smac_planner/types.hpp
[127.134s] -- Symlinking: /home/unitree/navigation_ws/install/smac_planner/share/smac_planner/environment/library_path.sh
[127.155s] -- Symlinking: /home/unitree/navigation_ws/install/smac_planner/share/smac_planner/environment/library_path.dsv
[127.175s] -- Symlinking: /home/unitree/navigation_ws/install/smac_planner/share/ament_index/resource_index/package_run_dependencies/smac_planner
[127.197s] -- Symlinking: /home/unitree/navigation_ws/install/smac_planner/share/ament_index/resource_index/parent_prefix_path/smac_planner
[127.215s] -- Symlinking: /home/unitree/navigation_ws/install/smac_planner/share/smac_planner/environment/ament_prefix_path.sh
[127.235s] -- Symlinking: /home/unitree/navigation_ws/install/smac_planner/share/smac_planner/environment/ament_prefix_path.dsv
[127.255s] -- Symlinking: /home/unitree/navigation_ws/install/smac_planner/share/smac_planner/environment/path.sh
[127.275s] -- Symlinking: /home/unitree/navigation_ws/install/smac_planner/share/smac_planner/environment/path.dsv
[127.294s] -- Symlinking: /home/unitree/navigation_ws/install/smac_planner/share/smac_planner/local_setup.bash
[127.314s] -- Symlinking: /home/unitree/navigation_ws/install/smac_planner/share/smac_planner/local_setup.sh
[127.335s] -- Symlinking: /home/unitree/navigation_ws/install/smac_planner/share/smac_planner/local_setup.zsh
[127.356s] -- Symlinking: /home/unitree/navigation_ws/install/smac_planner/share/smac_planner/local_setup.dsv
[127.375s] -- Symlinking: /home/unitree/navigation_ws/install/smac_planner/share/smac_planner/package.dsv
[127.395s] -- Symlinking: /home/unitree/navigation_ws/install/smac_planner/share/ament_index/resource_index/packages/smac_planner
[127.415s] -- Symlinking: /home/unitree/navigation_ws/install/smac_planner/share/ament_index/resource_index/nav2_core__pluginlib__plugin/smac_planner
[127.434s] -- Symlinking: /home/unitree/navigation_ws/install/smac_planner/share/smac_planner/cmake/ament_cmake_export_include_directories-extras.cmake
[127.453s] -- Symlinking: /home/unitree/navigation_ws/install/smac_planner/share/smac_planner/cmake/ament_cmake_export_libraries-extras.cmake
[127.472s] -- Symlinking: /home/unitree/navigation_ws/install/smac_planner/share/smac_planner/cmake/ament_cmake_export_dependencies-extras.cmake
[127.492s] -- Symlinking: /home/unitree/navigation_ws/install/smac_planner/share/smac_planner/cmake/ament_cmake_export_definitions-extras.cmake
[127.512s] -- Symlinking: /home/unitree/navigation_ws/install/smac_planner/share/smac_planner/cmake/smac_plannerConfig.cmake
[127.531s] -- Symlinking: /home/unitree/navigation_ws/install/smac_planner/share/smac_planner/cmake/smac_plannerConfig-version.cmake
[127.551s] -- Symlinking: /home/unitree/navigation_ws/install/smac_planner/share/smac_planner/package.xml
[127.579s] Invoked command in '/home/unitree/navigation_ws/build/smac_planner' returned '0': AMENT_PREFIX_PATH=/home/unitree/navigation_ws/install/nav2_core:/home/unitree/navigation_ws/install/nav2_costmap_2d:/home/unitree/navigation_ws/install/nav2_map_server:/home/unitree/navigation_ws/install/nav2_lifecycle_manager:/home/unitree/navigation_ws/install/nav2_util:/home/unitree/navigation_ws/install/nav2_voxel_grid:/home/unitree/navigation_ws/install/nav2_msgs:/home/unitree/navigation_ws/install/nav2_common:${AMENT_PREFIX_PATH} CMAKE_PREFIX_PATH=/home/unitree/navigation_ws/install/nav2_core:/home/unitree/navigation_ws/install/nav2_costmap_2d:/home/unitree/navigation_ws/install/nav2_map_server:/home/unitree/navigation_ws/install/nav2_lifecycle_manager:/home/unitree/navigation_ws/install/nav2_util:/home/unitree/navigation_ws/install/nav2_voxel_grid:/home/unitree/navigation_ws/install/nav2_msgs:/home/unitree/navigation_ws/install/nav2_common:/home/unitree/cyclonedds_ws/install/rmw_cyclonedds_cpp:/home/unitree/cyclonedds_ws/install/cyclonedds:/opt/ros/foxy LD_LIBRARY_PATH=/home/unitree/navigation_ws/install/nav2_costmap_2d/lib:/home/unitree/navigation_ws/install/nav2_map_server/lib:/home/unitree/navigation_ws/install/nav2_lifecycle_manager/lib:/home/unitree/navigation_ws/install/nav2_util/lib:/home/unitree/navigation_ws/install/nav2_voxel_grid/lib:/home/unitree/navigation_ws/install/nav2_msgs/lib:/usr/local/cuda-11.4/lib64:/usr/local/lib:/home/unitree/cyclonedds_ws/install/rmw_cyclonedds_cpp/lib:/home/unitree/cyclonedds_ws/install/cyclonedds/lib:/opt/ros/foxy/opt/yaml_cpp_vendor/lib:/opt/ros/foxy/opt/rviz_ogre_vendor/lib:/opt/ros/foxy/lib/aarch64-linux-gnu:/opt/ros/foxy/lib:/usr/local/cuda-11.4/lib64 PYTHONPATH=/home/unitree/navigation_ws/install/nav2_msgs/lib/python3.8/site-packages:/home/unitree/navigation_ws/install/nav2_common/lib/python3.8/site-packages:${PYTHONPATH} /usr/bin/cmake --install /home/unitree/navigation_ws/build/smac_planner
