Performing C SOURCE FILE Test CMAKE_HAVE_LIBC_PTHREAD failed with the following output:
Change Dir: /home/unitree/navigation_ws/build/nav2_recoveries/CMakeFiles/CMakeTmp

Run Build Command(s):/usr/bin/make cmTC_12035/fast && /usr/bin/make -f CMakeFiles/cmTC_12035.dir/build.make CMakeFiles/cmTC_12035.dir/build
make[1]: Entering directory '/home/unitree/navigation_ws/build/nav2_recoveries/CMakeFiles/CMakeTmp'
Building C object CMakeFiles/cmTC_12035.dir/src.c.o
/usr/bin/cc   -DCMAKE_HAVE_LIBC_PTHREAD   -o CMakeFiles/cmTC_12035.dir/src.c.o   -c /home/unitree/navigation_ws/build/nav2_recoveries/CMakeFiles/CMakeTmp/src.c
Linking C executable cmTC_12035
/usr/bin/cmake -E cmake_link_script CMakeFiles/cmTC_12035.dir/link.txt --verbose=1
/usr/bin/cc  -DCMAKE_HAVE_LIBC_PTHREAD    CMakeFiles/cmTC_12035.dir/src.c.o  -o cmTC_12035 
/usr/bin/ld: CMakeFiles/cmTC_12035.dir/src.c.o: in function `main':
src.c:(.text+0x48): undefined reference to `pthread_create'
/usr/bin/ld: src.c:(.text+0x50): undefined reference to `pthread_detach'
/usr/bin/ld: src.c:(.text+0x5c): undefined reference to `pthread_join'
collect2: error: ld returned 1 exit status
make[1]: *** [CMakeFiles/cmTC_12035.dir/build.make:87: cmTC_12035] Error 1
make[1]: Leaving directory '/home/unitree/navigation_ws/build/nav2_recoveries/CMakeFiles/CMakeTmp'
make: *** [Makefile:121: cmTC_12035/fast] Error 2


Source file was:
#include <pthread.h>

void* test_func(void* data)
{
  return data;
}

int main(void)
{
  pthread_t thread;
  pthread_create(&thread, NULL, test_func, NULL);
  pthread_detach(thread);
  pthread_join(thread, NULL);
  pthread_atfork(NULL, NULL, NULL);
  pthread_exit(NULL);

  return 0;
}

Determining if the function pthread_create exists in the pthreads failed with the following output:
Change Dir: /home/unitree/navigation_ws/build/nav2_recoveries/CMakeFiles/CMakeTmp

Run Build Command(s):/usr/bin/make cmTC_dadab/fast && /usr/bin/make -f CMakeFiles/cmTC_dadab.dir/build.make CMakeFiles/cmTC_dadab.dir/build
make[1]: Entering directory '/home/unitree/navigation_ws/build/nav2_recoveries/CMakeFiles/CMakeTmp'
Building C object CMakeFiles/cmTC_dadab.dir/CheckFunctionExists.c.o
/usr/bin/cc   -DCHECK_FUNCTION_EXISTS=pthread_create   -o CMakeFiles/cmTC_dadab.dir/CheckFunctionExists.c.o   -c /usr/share/cmake-3.16/Modules/CheckFunctionExists.c
Linking C executable cmTC_dadab
/usr/bin/cmake -E cmake_link_script CMakeFiles/cmTC_dadab.dir/link.txt --verbose=1
/usr/bin/cc  -DCHECK_FUNCTION_EXISTS=pthread_create    CMakeFiles/cmTC_dadab.dir/CheckFunctionExists.c.o  -o cmTC_dadab  -lpthreads 
/usr/bin/ld: cannot find -lpthreads
collect2: error: ld returned 1 exit status
make[1]: *** [CMakeFiles/cmTC_dadab.dir/build.make:87: cmTC_dadab] Error 1
make[1]: Leaving directory '/home/unitree/navigation_ws/build/nav2_recoveries/CMakeFiles/CMakeTmp'
make: *** [Makefile:121: cmTC_dadab/fast] Error 2



Performing C SOURCE FILE Test CMAKE_HAVE_LIBC_PTHREAD failed with the following output:
Change Dir: /home/unitree/navigation_ws/build/nav2_recoveries/CMakeFiles/CMakeTmp

Run Build Command(s):/usr/bin/make cmTC_9e0fd/fast && /usr/bin/make -f CMakeFiles/cmTC_9e0fd.dir/build.make CMakeFiles/cmTC_9e0fd.dir/build
make[1]: Entering directory '/home/unitree/navigation_ws/build/nav2_recoveries/CMakeFiles/CMakeTmp'
Building C object CMakeFiles/cmTC_9e0fd.dir/src.c.o
/usr/bin/cc   -DCMAKE_HAVE_LIBC_PTHREAD   -o CMakeFiles/cmTC_9e0fd.dir/src.c.o   -c /home/unitree/navigation_ws/build/nav2_recoveries/CMakeFiles/CMakeTmp/src.c
Linking C executable cmTC_9e0fd
/usr/bin/cmake -E cmake_link_script CMakeFiles/cmTC_9e0fd.dir/link.txt --verbose=1
/usr/bin/cc  -DCMAKE_HAVE_LIBC_PTHREAD    CMakeFiles/cmTC_9e0fd.dir/src.c.o  -o cmTC_9e0fd 
/usr/bin/ld: CMakeFiles/cmTC_9e0fd.dir/src.c.o: in function `main':
src.c:(.text+0x48): undefined reference to `pthread_create'
/usr/bin/ld: src.c:(.text+0x50): undefined reference to `pthread_detach'
/usr/bin/ld: src.c:(.text+0x5c): undefined reference to `pthread_join'
collect2: error: ld returned 1 exit status
make[1]: *** [CMakeFiles/cmTC_9e0fd.dir/build.make:87: cmTC_9e0fd] Error 1
make[1]: Leaving directory '/home/unitree/navigation_ws/build/nav2_recoveries/CMakeFiles/CMakeTmp'
make: *** [Makefile:121: cmTC_9e0fd/fast] Error 2


Source file was:
#include <pthread.h>

void* test_func(void* data)
{
  return data;
}

int main(void)
{
  pthread_t thread;
  pthread_create(&thread, NULL, test_func, NULL);
  pthread_detach(thread);
  pthread_join(thread, NULL);
  pthread_atfork(NULL, NULL, NULL);
  pthread_exit(NULL);

  return 0;
}

Determining if the function pthread_create exists in the pthreads failed with the following output:
Change Dir: /home/unitree/navigation_ws/build/nav2_recoveries/CMakeFiles/CMakeTmp

Run Build Command(s):/usr/bin/make cmTC_04a72/fast && /usr/bin/make -f CMakeFiles/cmTC_04a72.dir/build.make CMakeFiles/cmTC_04a72.dir/build
make[1]: Entering directory '/home/unitree/navigation_ws/build/nav2_recoveries/CMakeFiles/CMakeTmp'
Building C object CMakeFiles/cmTC_04a72.dir/CheckFunctionExists.c.o
/usr/bin/cc   -DCHECK_FUNCTION_EXISTS=pthread_create   -o CMakeFiles/cmTC_04a72.dir/CheckFunctionExists.c.o   -c /usr/share/cmake-3.16/Modules/CheckFunctionExists.c
Linking C executable cmTC_04a72
/usr/bin/cmake -E cmake_link_script CMakeFiles/cmTC_04a72.dir/link.txt --verbose=1
/usr/bin/cc  -DCHECK_FUNCTION_EXISTS=pthread_create    CMakeFiles/cmTC_04a72.dir/CheckFunctionExists.c.o  -o cmTC_04a72  -lpthreads 
/usr/bin/ld: cannot find -lpthreads
collect2: error: ld returned 1 exit status
make[1]: *** [CMakeFiles/cmTC_04a72.dir/build.make:87: cmTC_04a72] Error 1
make[1]: Leaving directory '/home/unitree/navigation_ws/build/nav2_recoveries/CMakeFiles/CMakeTmp'
make: *** [Makefile:121: cmTC_04a72/fast] Error 2



