[0.115s] Invoking command in '/home/unitree/navigation_ws/build/pointcloud_to_laserscan': CMAKE_PREFIX_PATH=${CMAKE_PREFIX_PATH}:/opt/ros/foxy /usr/bin/cmake /home/unitree/navigation_ws/src/reconstruction/pointcloud_to_laserscan -DAMENT_CMAKE_SYMLINK_INSTALL=1 -DCMAKE_INSTALL_PREFIX=/home/unitree/navigation_ws/install/pointcloud_to_laserscan
[0.287s] -- The C compiler identification is GNU 9.4.0
[0.442s] -- The CXX compiler identification is GNU 9.4.0
[0.453s] -- Check for working C compiler: /usr/bin/cc
[0.663s] -- Check for working C compiler: /usr/bin/cc -- works
[0.664s] -- Detecting C compiler ABI info
[0.909s] -- Detecting C compiler ABI info - done
[0.930s] -- Detecting C compile features
[0.932s] -- Detecting C compile features - done
[0.944s] -- Check for working CXX compiler: /usr/bin/c++
[1.203s] -- Check for working CXX compiler: /usr/bin/c++ -- works
[1.205s] -- Detecting CXX compiler ABI info
[1.405s] -- Detecting CXX compiler ABI info - done
[1.424s] -- Detecting CXX compile features
[1.424s] -- Detecting CXX compile features - done
[1.434s] -- Found ament_cmake: 0.9.12 (/opt/ros/foxy/share/ament_cmake/cmake)
[1.500s] -- Found PythonInterp: /usr/bin/python3 (found suitable version "3.8.10", minimum required is "3") 
[1.500s] -- Using PYTHON_EXECUTABLE: /usr/bin/python3
[1.852s] -- Override CMake install command with custom implementation using symlinks instead of copying resources
[1.960s] -- Found laser_geometry: 2.2.0 (/opt/ros/foxy/share/laser_geometry/cmake)
[1.992s] -- Found message_filters: 3.2.7 (/opt/ros/foxy/share/message_filters/cmake)
[2.003s] -- Found rclcpp: 2.4.3 (/opt/ros/foxy/share/rclcpp/cmake)
[2.128s] -- Using all available rosidl_typesupport_c: rosidl_typesupport_fastrtps_c;rosidl_typesupport_introspection_c
[2.153s] -- Found rosidl_adapter: 1.3.1 (/opt/ros/foxy/share/rosidl_adapter/cmake)
[2.407s] -- Found OpenSSL: /usr/lib/aarch64-linux-gnu/libcrypto.so (found version "1.1.1f")  
[2.476s] -- Found FastRTPS: /opt/ros/foxy/include  
[2.663s] -- Using all available rosidl_typesupport_cpp: rosidl_typesupport_fastrtps_cpp;rosidl_typesupport_introspection_cpp
[2.784s] -- Found rmw_implementation_cmake: 1.0.4 (/opt/ros/foxy/share/rmw_implementation_cmake/cmake)
[2.788s] -- Using RMW implementation 'rmw_cyclonedds_cpp' as default
[2.790s] -- Looking for pthread.h
[2.981s] -- Looking for pthread.h - found
[2.981s] -- Performing Test CMAKE_HAVE_LIBC_PTHREAD
[3.211s] -- Performing Test CMAKE_HAVE_LIBC_PTHREAD - Failed
[3.211s] -- Looking for pthread_create in pthreads
[3.395s] -- Looking for pthread_create in pthreads - not found
[3.395s] -- Looking for pthread_create in pthread
[3.637s] -- Looking for pthread_create in pthread - found
[3.652s] -- Found Threads: TRUE  
[4.015s] -- Found rclcpp_components: 2.4.3 (/opt/ros/foxy/share/rclcpp_components/cmake)
[4.152s] -- Found sensor_msgs: 2.0.5 (/opt/ros/foxy/share/sensor_msgs/cmake)
[4.432s] -- Found tf2: 0.13.14 (/opt/ros/foxy/share/tf2/cmake)
[4.465s] -- Found tf2_ros: 0.13.14 (/opt/ros/foxy/share/tf2_ros/cmake)
[5.099s] -- Found tf2_sensor_msgs: 0.13.14 (/opt/ros/foxy/share/tf2_sensor_msgs/cmake)
[5.387s] -- Found ament_lint_auto: 0.9.8 (/opt/ros/foxy/share/ament_lint_auto/cmake)
[5.917s] -- Added test 'cppcheck' to perform static code analysis on C / C++ code
[5.925s] -- Configured cppcheck include dirs: /home/unitree/navigation_ws/src/reconstruction/pointcloud_to_laserscan/include
[5.925s] -- Configured cppcheck exclude dirs and/or files: 
[5.938s] -- Added test 'cpplint' to check C / C++ code against the Google style
[5.942s] -- Configured cpplint exclude dirs and/or files: 
[5.947s] -- Added test 'flake8' to check Python code syntax and style conventions
[5.953s] -- Added test 'lint_cmake' to check CMake code style
[5.958s] -- Added test 'pep257' to check Python code against some of the style conventions in PEP 257
[5.970s] -- Added test 'uncrustify' to check C / C++ code style
[5.970s] -- Configured uncrustify additional arguments: 
[5.974s] -- Added test 'xmllint' to check XML markup files
[6.009s] -- Configuring done
[6.205s] -- Generating done
[6.212s] -- Build files have been written to: /home/unitree/navigation_ws/build/pointcloud_to_laserscan
[6.314s] Invoked command in '/home/unitree/navigation_ws/build/pointcloud_to_laserscan' returned '0': CMAKE_PREFIX_PATH=${CMAKE_PREFIX_PATH}:/opt/ros/foxy /usr/bin/cmake /home/unitree/navigation_ws/src/reconstruction/pointcloud_to_laserscan -DAMENT_CMAKE_SYMLINK_INSTALL=1 -DCMAKE_INSTALL_PREFIX=/home/unitree/navigation_ws/install/pointcloud_to_laserscan
[6.320s] Invoking command in '/home/unitree/navigation_ws/build/pointcloud_to_laserscan': CMAKE_PREFIX_PATH=${CMAKE_PREFIX_PATH}:/opt/ros/foxy /usr/bin/cmake --build /home/unitree/navigation_ws/build/pointcloud_to_laserscan -- -j8 -l8
[11.089s] [35m[1mScanning dependencies of target laserscan_to_pointcloud[0m
[11.090s] [35m[1mScanning dependencies of target pointcloud_to_laserscan[0m
[11.090s] [35m[1mScanning dependencies of target dummy_pointcloud_publisher[0m
[11.097s] [35m[1mScanning dependencies of target pointcloud_to_laserscan_node[0m
[11.098s] [35m[1mScanning dependencies of target laserscan_to_pointcloud_node[0m
[11.098s] [ 10%] [32mBuilding CXX object CMakeFiles/laserscan_to_pointcloud.dir/src/laserscan_to_pointcloud_node.cpp.o[0m
[11.098s] [ 20%] [32mBuilding CXX object CMakeFiles/laserscan_to_pointcloud_node.dir/rclcpp_components/node_main_laserscan_to_pointcloud_node.cpp.o[0m
[11.098s] [ 30%] [32mBuilding CXX object CMakeFiles/pointcloud_to_laserscan_node.dir/rclcpp_components/node_main_pointcloud_to_laserscan_node.cpp.o[0m
[11.100s] [ 40%] [32mBuilding CXX object CMakeFiles/dummy_pointcloud_publisher.dir/src/dummy_pointcloud_publisher.cpp.o[0m
[11.101s] [ 50%] [32mBuilding CXX object CMakeFiles/pointcloud_to_laserscan.dir/src/pointcloud_to_laserscan_node.cpp.o[0m
[21.466s] [ 60%] [32m[1mLinking CXX executable pointcloud_to_laserscan_node[0m
[22.406s] [ 60%] Built target pointcloud_to_laserscan_node
[24.266s] [ 70%] [32m[1mLinking CXX executable laserscan_to_pointcloud_node[0m
[24.764s] [ 70%] Built target laserscan_to_pointcloud_node
[26.608s] [ 80%] [32m[1mLinking CXX executable dummy_pointcloud_publisher[0m
[27.386s] [ 80%] Built target dummy_pointcloud_publisher
[40.191s] [ 90%] [32m[1mLinking CXX shared library libpointcloud_to_laserscan.so[0m
[41.130s] [ 90%] Built target pointcloud_to_laserscan
[42.435s] [100%] [32m[1mLinking CXX shared library liblaserscan_to_pointcloud.so[0m
[43.330s] [100%] Built target laserscan_to_pointcloud
[43.370s] Invoked command in '/home/unitree/navigation_ws/build/pointcloud_to_laserscan' returned '0': CMAKE_PREFIX_PATH=${CMAKE_PREFIX_PATH}:/opt/ros/foxy /usr/bin/cmake --build /home/unitree/navigation_ws/build/pointcloud_to_laserscan -- -j8 -l8
[43.493s] Invoking command in '/home/unitree/navigation_ws/build/pointcloud_to_laserscan': CMAKE_PREFIX_PATH=${CMAKE_PREFIX_PATH}:/opt/ros/foxy /usr/bin/cmake --install /home/unitree/navigation_ws/build/pointcloud_to_laserscan
[43.535s] -- Install configuration: ""
[43.536s] -- Execute custom install script
[43.537s] -- Up-to-date symlink: /home/unitree/navigation_ws/install/pointcloud_to_laserscan/lib/pointcloud_to_laserscan/laserscan_to_pointcloud_node
[43.538s] -- Up-to-date symlink: /home/unitree/navigation_ws/install/pointcloud_to_laserscan/lib/pointcloud_to_laserscan/pointcloud_to_laserscan_node
[43.538s] -- Up-to-date symlink: /home/unitree/navigation_ws/install/pointcloud_to_laserscan/lib/liblaserscan_to_pointcloud.so
[43.539s] -- Up-to-date symlink: /home/unitree/navigation_ws/install/pointcloud_to_laserscan/lib/libpointcloud_to_laserscan.so
[43.540s] -- Up-to-date symlink: /home/unitree/navigation_ws/install/pointcloud_to_laserscan/lib/pointcloud_to_laserscan/dummy_pointcloud_publisher
[43.541s] -- Up-to-date symlink: /home/unitree/navigation_ws/install/pointcloud_to_laserscan/include/include/pointcloud_to_laserscan/laserscan_to_pointcloud_node.hpp
[43.542s] -- Up-to-date symlink: /home/unitree/navigation_ws/install/pointcloud_to_laserscan/include/include/pointcloud_to_laserscan/pointcloud_to_laserscan_node.hpp
[43.542s] -- Up-to-date symlink: /home/unitree/navigation_ws/install/pointcloud_to_laserscan/include/include/pointcloud_to_laserscan/visibility_control.h
[43.543s] -- Up-to-date symlink: /home/unitree/navigation_ws/install/pointcloud_to_laserscan/share/pointcloud_to_laserscan/launch/sample_laserscan_to_pointcloud_launch.py
[43.543s] -- Up-to-date symlink: /home/unitree/navigation_ws/install/pointcloud_to_laserscan/share/pointcloud_to_laserscan/launch/sample_pointcloud_to_laserscan_launch.py
[43.544s] -- Up-to-date symlink: /home/unitree/navigation_ws/install/pointcloud_to_laserscan/share/ament_index/resource_index/package_run_dependencies/pointcloud_to_laserscan
[43.544s] -- Up-to-date symlink: /home/unitree/navigation_ws/install/pointcloud_to_laserscan/share/ament_index/resource_index/parent_prefix_path/pointcloud_to_laserscan
[43.545s] -- Up-to-date symlink: /home/unitree/navigation_ws/install/pointcloud_to_laserscan/share/pointcloud_to_laserscan/environment/ament_prefix_path.sh
[43.546s] -- Up-to-date symlink: /home/unitree/navigation_ws/install/pointcloud_to_laserscan/share/pointcloud_to_laserscan/environment/ament_prefix_path.dsv
[43.546s] -- Up-to-date symlink: /home/unitree/navigation_ws/install/pointcloud_to_laserscan/share/pointcloud_to_laserscan/environment/path.sh
[43.551s] -- Up-to-date symlink: /home/unitree/navigation_ws/install/pointcloud_to_laserscan/share/pointcloud_to_laserscan/environment/path.dsv
[43.557s] -- Up-to-date symlink: /home/unitree/navigation_ws/install/pointcloud_to_laserscan/share/pointcloud_to_laserscan/local_setup.bash
[43.558s] -- Up-to-date symlink: /home/unitree/navigation_ws/install/pointcloud_to_laserscan/share/pointcloud_to_laserscan/local_setup.sh
[43.558s] -- Up-to-date symlink: /home/unitree/navigation_ws/install/pointcloud_to_laserscan/share/pointcloud_to_laserscan/local_setup.zsh
[43.559s] -- Up-to-date symlink: /home/unitree/navigation_ws/install/pointcloud_to_laserscan/share/pointcloud_to_laserscan/local_setup.dsv
[43.559s] -- Symlinking: /home/unitree/navigation_ws/install/pointcloud_to_laserscan/share/pointcloud_to_laserscan/package.dsv
[43.593s] -- Up-to-date symlink: /home/unitree/navigation_ws/install/pointcloud_to_laserscan/share/ament_index/resource_index/packages/pointcloud_to_laserscan
[43.599s] -- Up-to-date symlink: /home/unitree/navigation_ws/install/pointcloud_to_laserscan/share/ament_index/resource_index/rclcpp_components/pointcloud_to_laserscan
[43.608s] -- Up-to-date symlink: /home/unitree/navigation_ws/install/pointcloud_to_laserscan/share/pointcloud_to_laserscan/cmake/pointcloud_to_laserscanConfig.cmake
[43.609s] -- Up-to-date symlink: /home/unitree/navigation_ws/install/pointcloud_to_laserscan/share/pointcloud_to_laserscan/cmake/pointcloud_to_laserscanConfig-version.cmake
[43.611s] -- Up-to-date symlink: /home/unitree/navigation_ws/install/pointcloud_to_laserscan/share/pointcloud_to_laserscan/package.xml
[43.612s] Invoked command in '/home/unitree/navigation_ws/build/pointcloud_to_laserscan' returned '0': CMAKE_PREFIX_PATH=${CMAKE_PREFIX_PATH}:/opt/ros/foxy /usr/bin/cmake --install /home/unitree/navigation_ws/build/pointcloud_to_laserscan
