-- Found ament_cmake_core: 0.9.12 (/opt/ros/foxy/share/ament_cmake_core/cmake)
-- Found PythonInterp: /usr/bin/python3 (found suitable version "3.8.10", minimum required is "3") 
-- Using PYTHON_EXECUTABLE: /usr/bin/python3
-- Override CMake install command with custom implementation using symlinks instead of copying resources
-- Found ament_cmake_python: 0.9.12 (/opt/ros/foxy/share/ament_cmake_python/cmake)
-- Configuring done
-- Generating done
-- Build files have been written to: /home/unitree/navigation_ws/build/nav2_common
-- Install configuration: ""
-- Execute custom install script
-- Up-to-date symlink: /home/unitree/navigation_ws/install/nav2_common/share/nav2_common/environment/pythonpath.sh
-- Up-to-date symlink: /home/unitree/navigation_ws/install/nav2_common/share/nav2_common/environment/pythonpath.dsv
-- Up-to-date symlink: /home/unitree/navigation_ws/install/nav2_common/lib/python3.8/site-packages/nav2_common/__init__.py
-- Up-to-date symlink: /home/unitree/navigation_ws/install/nav2_common/lib/python3.8/site-packages/nav2_common/launch/__init__.py
-- Up-to-date symlink: /home/unitree/navigation_ws/install/nav2_common/lib/python3.8/site-packages/nav2_common/launch/has_node_params.py
-- Up-to-date symlink: /home/unitree/navigation_ws/install/nav2_common/lib/python3.8/site-packages/nav2_common/launch/replace_string.py
-- Up-to-date symlink: /home/unitree/navigation_ws/install/nav2_common/lib/python3.8/site-packages/nav2_common/launch/rewritten_yaml.py
-- Up-to-date symlink: /home/unitree/navigation_ws/install/nav2_common/share/ament_index/resource_index/package_run_dependencies/nav2_common
-- Up-to-date symlink: /home/unitree/navigation_ws/install/nav2_common/share/ament_index/resource_index/parent_prefix_path/nav2_common
-- Up-to-date symlink: /home/unitree/navigation_ws/install/nav2_common/share/nav2_common/environment/ament_prefix_path.sh
-- Up-to-date symlink: /home/unitree/navigation_ws/install/nav2_common/share/nav2_common/environment/ament_prefix_path.dsv
-- Up-to-date symlink: /home/unitree/navigation_ws/install/nav2_common/share/nav2_common/environment/path.sh
-- Up-to-date symlink: /home/unitree/navigation_ws/install/nav2_common/share/nav2_common/environment/path.dsv
-- Up-to-date symlink: /home/unitree/navigation_ws/install/nav2_common/share/nav2_common/local_setup.bash
-- Up-to-date symlink: /home/unitree/navigation_ws/install/nav2_common/share/nav2_common/local_setup.sh
-- Up-to-date symlink: /home/unitree/navigation_ws/install/nav2_common/share/nav2_common/local_setup.zsh
-- Up-to-date symlink: /home/unitree/navigation_ws/install/nav2_common/share/nav2_common/local_setup.dsv
-- Symlinking: /home/unitree/navigation_ws/install/nav2_common/share/nav2_common/package.dsv
-- Up-to-date symlink: /home/unitree/navigation_ws/install/nav2_common/share/ament_index/resource_index/packages/nav2_common
-- Up-to-date symlink: /home/unitree/navigation_ws/install/nav2_common/share/nav2_common/cmake/nav2_common-extras.cmake
-- Up-to-date symlink: /home/unitree/navigation_ws/install/nav2_common/share/nav2_common/cmake/nav2_commonConfig.cmake
-- Up-to-date symlink: /home/unitree/navigation_ws/install/nav2_common/share/nav2_common/cmake/nav2_commonConfig-version.cmake
-- Up-to-date symlink: /home/unitree/navigation_ws/install/nav2_common/share/nav2_common/package.xml
-- Up-to-date symlink: /home/unitree/navigation_ws/install/nav2_common/share/nav2_common/cmake/nav2_package.cmake
Listing '/home/unitree/navigation_ws/install/nav2_common/lib/python3.8/site-packages/nav2_common'...
Listing '/home/unitree/navigation_ws/install/nav2_common/lib/python3.8/site-packages/nav2_common/launch'...
