[ 12%] Built target rm_autonomy_interfaces__rosidl_generator_c
[ 12%] Built target rm_autonomy_interfaces__cpp
[ 24%] Built target rm_autonomy_interfaces__rosidl_typesupport_introspection_c
[ 36%] Built target rm_autonomy_interfaces__rosidl_typesupport_cpp
[ 48%] Built target rm_autonomy_interfaces__rosidl_typesupport_fastrtps_cpp
[ 60%] Built target rm_autonomy_interfaces__rosidl_typesupport_c
[ 72%] Built target rm_autonomy_interfaces__rosidl_typesupport_introspection_cpp
[ 84%] Built target rm_autonomy_interfaces__rosidl_typesupport_fastrtps_c
[ 84%] Built target rm_autonomy_interfaces
[ 85%] Built target rm_autonomy_interfaces__py
[ 96%] Built target rm_autonomy_interfaces__python
[ 99%] Built target rm_autonomy_interfaces__rosidl_typesupport_fastrtps_c__pyext
[ 98%] Built target rm_autonomy_interfaces__rosidl_typesupport_c__pyext
[100%] Built target rm_autonomy_interfaces__rosidl_typesupport_introspection_c__pyext
-- Install configuration: ""
-- Execute custom install script
-- Up-to-date symlink: /home/unitree/navigation_ws/install/rm_autonomy_interfaces/share/ament_index/resource_index/rosidl_interfaces/rm_autonomy_interfaces
-- Up-to-date symlink: /home/unitree/navigation_ws/install/rm_autonomy_interfaces/include/rm_autonomy_interfaces/msg/all_robot_hp.h
-- Up-to-date symlink: /home/unitree/navigation_ws/install/rm_autonomy_interfaces/include/rm_autonomy_interfaces/msg/ally_robot_position.h
-- Up-to-date symlink: /home/unitree/navigation_ws/install/rm_autonomy_interfaces/include/rm_autonomy_interfaces/msg/arena_status.h
-- Up-to-date symlink: /home/unitree/navigation_ws/install/rm_autonomy_interfaces/include/rm_autonomy_interfaces/msg/autoaim_communication.h
-- Up-to-date symlink: /home/unitree/navigation_ws/install/rm_autonomy_interfaces/include/rm_autonomy_interfaces/msg/chase_control.h
-- Up-to-date symlink: /home/unitree/navigation_ws/install/rm_autonomy_interfaces/include/rm_autonomy_interfaces/msg/detail/all_robot_hp__functions.h
-- Up-to-date symlink: /home/unitree/navigation_ws/install/rm_autonomy_interfaces/include/rm_autonomy_interfaces/msg/detail/all_robot_hp__struct.h
-- Up-to-date symlink: /home/unitree/navigation_ws/install/rm_autonomy_interfaces/include/rm_autonomy_interfaces/msg/detail/all_robot_hp__type_support.h
-- Up-to-date symlink: /home/unitree/navigation_ws/install/rm_autonomy_interfaces/include/rm_autonomy_interfaces/msg/detail/ally_robot_position__functions.h
-- Up-to-date symlink: /home/unitree/navigation_ws/install/rm_autonomy_interfaces/include/rm_autonomy_interfaces/msg/detail/ally_robot_position__struct.h
-- Up-to-date symlink: /home/unitree/navigation_ws/install/rm_autonomy_interfaces/include/rm_autonomy_interfaces/msg/detail/ally_robot_position__type_support.h
-- Up-to-date symlink: /home/unitree/navigation_ws/install/rm_autonomy_interfaces/include/rm_autonomy_interfaces/msg/detail/arena_status__functions.h
-- Up-to-date symlink: /home/unitree/navigation_ws/install/rm_autonomy_interfaces/include/rm_autonomy_interfaces/msg/detail/arena_status__struct.h
-- Up-to-date symlink: /home/unitree/navigation_ws/install/rm_autonomy_interfaces/include/rm_autonomy_interfaces/msg/detail/arena_status__type_support.h
-- Up-to-date symlink: /home/unitree/navigation_ws/install/rm_autonomy_interfaces/include/rm_autonomy_interfaces/msg/detail/autoaim_communication__functions.h
-- Up-to-date symlink: /home/unitree/navigation_ws/install/rm_autonomy_interfaces/include/rm_autonomy_interfaces/msg/detail/autoaim_communication__struct.h
-- Up-to-date symlink: /home/unitree/navigation_ws/install/rm_autonomy_interfaces/include/rm_autonomy_interfaces/msg/detail/autoaim_communication__type_support.h
-- Up-to-date symlink: /home/unitree/navigation_ws/install/rm_autonomy_interfaces/include/rm_autonomy_interfaces/msg/detail/chase_control__functions.h
-- Up-to-date symlink: /home/unitree/navigation_ws/install/rm_autonomy_interfaces/include/rm_autonomy_interfaces/msg/detail/chase_control__struct.h
-- Up-to-date symlink: /home/unitree/navigation_ws/install/rm_autonomy_interfaces/include/rm_autonomy_interfaces/msg/detail/chase_control__type_support.h
-- Up-to-date symlink: /home/unitree/navigation_ws/install/rm_autonomy_interfaces/include/rm_autonomy_interfaces/msg/detail/enemy_robot_mark__functions.h
-- Up-to-date symlink: /home/unitree/navigation_ws/install/rm_autonomy_interfaces/include/rm_autonomy_interfaces/msg/detail/enemy_robot_mark__struct.h
-- Up-to-date symlink: /home/unitree/navigation_ws/install/rm_autonomy_interfaces/include/rm_autonomy_interfaces/msg/detail/enemy_robot_mark__type_support.h
-- Up-to-date symlink: /home/unitree/navigation_ws/install/rm_autonomy_interfaces/include/rm_autonomy_interfaces/msg/detail/fire_trigger__functions.h
-- Up-to-date symlink: /home/unitree/navigation_ws/install/rm_autonomy_interfaces/include/rm_autonomy_interfaces/msg/detail/fire_trigger__struct.h
-- Up-to-date symlink: /home/unitree/navigation_ws/install/rm_autonomy_interfaces/include/rm_autonomy_interfaces/msg/detail/fire_trigger__type_support.h
-- Up-to-date symlink: /home/unitree/navigation_ws/install/rm_autonomy_interfaces/include/rm_autonomy_interfaces/msg/detail/game_status__functions.h
-- Up-to-date symlink: /home/unitree/navigation_ws/install/rm_autonomy_interfaces/include/rm_autonomy_interfaces/msg/detail/game_status__struct.h
-- Up-to-date symlink: /home/unitree/navigation_ws/install/rm_autonomy_interfaces/include/rm_autonomy_interfaces/msg/detail/game_status__type_support.h
-- Up-to-date symlink: /home/unitree/navigation_ws/install/rm_autonomy_interfaces/include/rm_autonomy_interfaces/msg/detail/human_intervention__functions.h
-- Up-to-date symlink: /home/unitree/navigation_ws/install/rm_autonomy_interfaces/include/rm_autonomy_interfaces/msg/detail/human_intervention__struct.h
-- Up-to-date symlink: /home/unitree/navigation_ws/install/rm_autonomy_interfaces/include/rm_autonomy_interfaces/msg/detail/human_intervention__type_support.h
-- Up-to-date symlink: /home/unitree/navigation_ws/install/rm_autonomy_interfaces/include/rm_autonomy_interfaces/msg/detail/invincible_target__functions.h
-- Up-to-date symlink: /home/unitree/navigation_ws/install/rm_autonomy_interfaces/include/rm_autonomy_interfaces/msg/detail/invincible_target__struct.h
-- Up-to-date symlink: /home/unitree/navigation_ws/install/rm_autonomy_interfaces/include/rm_autonomy_interfaces/msg/detail/invincible_target__type_support.h
-- Up-to-date symlink: /home/unitree/navigation_ws/install/rm_autonomy_interfaces/include/rm_autonomy_interfaces/msg/detail/navigate_command__functions.h
-- Up-to-date symlink: /home/unitree/navigation_ws/install/rm_autonomy_interfaces/include/rm_autonomy_interfaces/msg/detail/navigate_command__struct.h
-- Up-to-date symlink: /home/unitree/navigation_ws/install/rm_autonomy_interfaces/include/rm_autonomy_interfaces/msg/detail/navigate_command__type_support.h
-- Up-to-date symlink: /home/unitree/navigation_ws/install/rm_autonomy_interfaces/include/rm_autonomy_interfaces/msg/detail/omni_sensing__functions.h
-- Up-to-date symlink: /home/unitree/navigation_ws/install/rm_autonomy_interfaces/include/rm_autonomy_interfaces/msg/detail/omni_sensing__struct.h
-- Up-to-date symlink: /home/unitree/navigation_ws/install/rm_autonomy_interfaces/include/rm_autonomy_interfaces/msg/detail/omni_sensing__type_support.h
-- Up-to-date symlink: /home/unitree/navigation_ws/install/rm_autonomy_interfaces/include/rm_autonomy_interfaces/msg/detail/radar_enemy_position__functions.h
-- Up-to-date symlink: /home/unitree/navigation_ws/install/rm_autonomy_interfaces/include/rm_autonomy_interfaces/msg/detail/radar_enemy_position__struct.h
-- Up-to-date symlink: /home/unitree/navigation_ws/install/rm_autonomy_interfaces/include/rm_autonomy_interfaces/msg/detail/radar_enemy_position__type_support.h
-- Up-to-date symlink: /home/unitree/navigation_ws/install/rm_autonomy_interfaces/include/rm_autonomy_interfaces/msg/detail/radar_target__functions.h
-- Up-to-date symlink: /home/unitree/navigation_ws/install/rm_autonomy_interfaces/include/rm_autonomy_interfaces/msg/detail/radar_target__struct.h
-- Up-to-date symlink: /home/unitree/navigation_ws/install/rm_autonomy_interfaces/include/rm_autonomy_interfaces/msg/detail/radar_target__type_support.h
-- Up-to-date symlink: /home/unitree/navigation_ws/install/rm_autonomy_interfaces/include/rm_autonomy_interfaces/msg/detail/self_state__functions.h
-- Up-to-date symlink: /home/unitree/navigation_ws/install/rm_autonomy_interfaces/include/rm_autonomy_interfaces/msg/detail/self_state__struct.h
-- Up-to-date symlink: /home/unitree/navigation_ws/install/rm_autonomy_interfaces/include/rm_autonomy_interfaces/msg/detail/self_state__type_support.h
-- Up-to-date symlink: /home/unitree/navigation_ws/install/rm_autonomy_interfaces/include/rm_autonomy_interfaces/msg/enemy_robot_mark.h
-- Up-to-date symlink: /home/unitree/navigation_ws/install/rm_autonomy_interfaces/include/rm_autonomy_interfaces/msg/fire_trigger.h
-- Up-to-date symlink: /home/unitree/navigation_ws/install/rm_autonomy_interfaces/include/rm_autonomy_interfaces/msg/game_status.h
-- Up-to-date symlink: /home/unitree/navigation_ws/install/rm_autonomy_interfaces/include/rm_autonomy_interfaces/msg/human_intervention.h
-- Up-to-date symlink: /home/unitree/navigation_ws/install/rm_autonomy_interfaces/include/rm_autonomy_interfaces/msg/invincible_target.h
-- Up-to-date symlink: /home/unitree/navigation_ws/install/rm_autonomy_interfaces/include/rm_autonomy_interfaces/msg/navigate_command.h
-- Up-to-date symlink: /home/unitree/navigation_ws/install/rm_autonomy_interfaces/include/rm_autonomy_interfaces/msg/omni_sensing.h
-- Up-to-date symlink: /home/unitree/navigation_ws/install/rm_autonomy_interfaces/include/rm_autonomy_interfaces/msg/radar_enemy_position.h
-- Up-to-date symlink: /home/unitree/navigation_ws/install/rm_autonomy_interfaces/include/rm_autonomy_interfaces/msg/radar_target.h
-- Up-to-date symlink: /home/unitree/navigation_ws/install/rm_autonomy_interfaces/include/rm_autonomy_interfaces/msg/rosidl_generator_c__visibility_control.h
-- Up-to-date symlink: /home/unitree/navigation_ws/install/rm_autonomy_interfaces/include/rm_autonomy_interfaces/msg/self_state.h
-- Up-to-date symlink: /home/unitree/navigation_ws/install/rm_autonomy_interfaces/share/rm_autonomy_interfaces/environment/library_path.sh
-- Up-to-date symlink: /home/unitree/navigation_ws/install/rm_autonomy_interfaces/share/rm_autonomy_interfaces/environment/library_path.dsv
-- Up-to-date symlink: /home/unitree/navigation_ws/install/rm_autonomy_interfaces/include/rm_autonomy_interfaces/msg/detail/all_robot_hp__rosidl_typesupport_fastrtps_c.h
-- Up-to-date symlink: /home/unitree/navigation_ws/install/rm_autonomy_interfaces/include/rm_autonomy_interfaces/msg/detail/ally_robot_position__rosidl_typesupport_fastrtps_c.h
-- Up-to-date symlink: /home/unitree/navigation_ws/install/rm_autonomy_interfaces/include/rm_autonomy_interfaces/msg/detail/arena_status__rosidl_typesupport_fastrtps_c.h
-- Up-to-date symlink: /home/unitree/navigation_ws/install/rm_autonomy_interfaces/include/rm_autonomy_interfaces/msg/detail/autoaim_communication__rosidl_typesupport_fastrtps_c.h
-- Up-to-date symlink: /home/unitree/navigation_ws/install/rm_autonomy_interfaces/include/rm_autonomy_interfaces/msg/detail/chase_control__rosidl_typesupport_fastrtps_c.h
-- Up-to-date symlink: /home/unitree/navigation_ws/install/rm_autonomy_interfaces/include/rm_autonomy_interfaces/msg/detail/enemy_robot_mark__rosidl_typesupport_fastrtps_c.h
-- Up-to-date symlink: /home/unitree/navigation_ws/install/rm_autonomy_interfaces/include/rm_autonomy_interfaces/msg/detail/fire_trigger__rosidl_typesupport_fastrtps_c.h
-- Up-to-date symlink: /home/unitree/navigation_ws/install/rm_autonomy_interfaces/include/rm_autonomy_interfaces/msg/detail/game_status__rosidl_typesupport_fastrtps_c.h
-- Up-to-date symlink: /home/unitree/navigation_ws/install/rm_autonomy_interfaces/include/rm_autonomy_interfaces/msg/detail/human_intervention__rosidl_typesupport_fastrtps_c.h
-- Up-to-date symlink: /home/unitree/navigation_ws/install/rm_autonomy_interfaces/include/rm_autonomy_interfaces/msg/detail/invincible_target__rosidl_typesupport_fastrtps_c.h
-- Up-to-date symlink: /home/unitree/navigation_ws/install/rm_autonomy_interfaces/include/rm_autonomy_interfaces/msg/detail/navigate_command__rosidl_typesupport_fastrtps_c.h
-- Up-to-date symlink: /home/unitree/navigation_ws/install/rm_autonomy_interfaces/include/rm_autonomy_interfaces/msg/detail/omni_sensing__rosidl_typesupport_fastrtps_c.h
-- Up-to-date symlink: /home/unitree/navigation_ws/install/rm_autonomy_interfaces/include/rm_autonomy_interfaces/msg/detail/radar_enemy_position__rosidl_typesupport_fastrtps_c.h
-- Up-to-date symlink: /home/unitree/navigation_ws/install/rm_autonomy_interfaces/include/rm_autonomy_interfaces/msg/detail/radar_target__rosidl_typesupport_fastrtps_c.h
-- Up-to-date symlink: /home/unitree/navigation_ws/install/rm_autonomy_interfaces/include/rm_autonomy_interfaces/msg/detail/self_state__rosidl_typesupport_fastrtps_c.h
-- Up-to-date symlink: /home/unitree/navigation_ws/install/rm_autonomy_interfaces/include/rm_autonomy_interfaces/msg/rosidl_typesupport_fastrtps_c__visibility_control.h
-- Up-to-date symlink: /home/unitree/navigation_ws/install/rm_autonomy_interfaces/lib/librm_autonomy_interfaces__rosidl_typesupport_fastrtps_c.so
-- Up-to-date symlink: /home/unitree/navigation_ws/install/rm_autonomy_interfaces/include/rm_autonomy_interfaces/msg/detail/all_robot_hp__rosidl_typesupport_fastrtps_cpp.hpp
-- Up-to-date symlink: /home/unitree/navigation_ws/install/rm_autonomy_interfaces/include/rm_autonomy_interfaces/msg/detail/ally_robot_position__rosidl_typesupport_fastrtps_cpp.hpp
-- Up-to-date symlink: /home/unitree/navigation_ws/install/rm_autonomy_interfaces/include/rm_autonomy_interfaces/msg/detail/arena_status__rosidl_typesupport_fastrtps_cpp.hpp
-- Up-to-date symlink: /home/unitree/navigation_ws/install/rm_autonomy_interfaces/include/rm_autonomy_interfaces/msg/detail/autoaim_communication__rosidl_typesupport_fastrtps_cpp.hpp
-- Up-to-date symlink: /home/unitree/navigation_ws/install/rm_autonomy_interfaces/include/rm_autonomy_interfaces/msg/detail/chase_control__rosidl_typesupport_fastrtps_cpp.hpp
-- Up-to-date symlink: /home/unitree/navigation_ws/install/rm_autonomy_interfaces/include/rm_autonomy_interfaces/msg/detail/enemy_robot_mark__rosidl_typesupport_fastrtps_cpp.hpp
-- Up-to-date symlink: /home/unitree/navigation_ws/install/rm_autonomy_interfaces/include/rm_autonomy_interfaces/msg/detail/fire_trigger__rosidl_typesupport_fastrtps_cpp.hpp
-- Up-to-date symlink: /home/unitree/navigation_ws/install/rm_autonomy_interfaces/include/rm_autonomy_interfaces/msg/detail/game_status__rosidl_typesupport_fastrtps_cpp.hpp
-- Up-to-date symlink: /home/unitree/navigation_ws/install/rm_autonomy_interfaces/include/rm_autonomy_interfaces/msg/detail/human_intervention__rosidl_typesupport_fastrtps_cpp.hpp
-- Up-to-date symlink: /home/unitree/navigation_ws/install/rm_autonomy_interfaces/include/rm_autonomy_interfaces/msg/detail/invincible_target__rosidl_typesupport_fastrtps_cpp.hpp
-- Up-to-date symlink: /home/unitree/navigation_ws/install/rm_autonomy_interfaces/include/rm_autonomy_interfaces/msg/detail/navigate_command__rosidl_typesupport_fastrtps_cpp.hpp
-- Up-to-date symlink: /home/unitree/navigation_ws/install/rm_autonomy_interfaces/include/rm_autonomy_interfaces/msg/detail/omni_sensing__rosidl_typesupport_fastrtps_cpp.hpp
-- Up-to-date symlink: /home/unitree/navigation_ws/install/rm_autonomy_interfaces/include/rm_autonomy_interfaces/msg/detail/radar_enemy_position__rosidl_typesupport_fastrtps_cpp.hpp
-- Up-to-date symlink: /home/unitree/navigation_ws/install/rm_autonomy_interfaces/include/rm_autonomy_interfaces/msg/detail/radar_target__rosidl_typesupport_fastrtps_cpp.hpp
-- Up-to-date symlink: /home/unitree/navigation_ws/install/rm_autonomy_interfaces/include/rm_autonomy_interfaces/msg/detail/self_state__rosidl_typesupport_fastrtps_cpp.hpp
-- Up-to-date symlink: /home/unitree/navigation_ws/install/rm_autonomy_interfaces/include/rm_autonomy_interfaces/msg/rosidl_typesupport_fastrtps_cpp__visibility_control.h
-- Up-to-date symlink: /home/unitree/navigation_ws/install/rm_autonomy_interfaces/lib/librm_autonomy_interfaces__rosidl_typesupport_fastrtps_cpp.so
-- Up-to-date symlink: /home/unitree/navigation_ws/install/rm_autonomy_interfaces/include/rm_autonomy_interfaces/msg/detail/all_robot_hp__rosidl_typesupport_introspection_c.h
-- Up-to-date symlink: /home/unitree/navigation_ws/install/rm_autonomy_interfaces/include/rm_autonomy_interfaces/msg/detail/ally_robot_position__rosidl_typesupport_introspection_c.h
-- Up-to-date symlink: /home/unitree/navigation_ws/install/rm_autonomy_interfaces/include/rm_autonomy_interfaces/msg/detail/arena_status__rosidl_typesupport_introspection_c.h
-- Up-to-date symlink: /home/unitree/navigation_ws/install/rm_autonomy_interfaces/include/rm_autonomy_interfaces/msg/detail/autoaim_communication__rosidl_typesupport_introspection_c.h
-- Up-to-date symlink: /home/unitree/navigation_ws/install/rm_autonomy_interfaces/include/rm_autonomy_interfaces/msg/detail/chase_control__rosidl_typesupport_introspection_c.h
-- Up-to-date symlink: /home/unitree/navigation_ws/install/rm_autonomy_interfaces/include/rm_autonomy_interfaces/msg/detail/enemy_robot_mark__rosidl_typesupport_introspection_c.h
-- Up-to-date symlink: /home/unitree/navigation_ws/install/rm_autonomy_interfaces/include/rm_autonomy_interfaces/msg/detail/fire_trigger__rosidl_typesupport_introspection_c.h
-- Up-to-date symlink: /home/unitree/navigation_ws/install/rm_autonomy_interfaces/include/rm_autonomy_interfaces/msg/detail/game_status__rosidl_typesupport_introspection_c.h
-- Up-to-date symlink: /home/unitree/navigation_ws/install/rm_autonomy_interfaces/include/rm_autonomy_interfaces/msg/detail/human_intervention__rosidl_typesupport_introspection_c.h
-- Up-to-date symlink: /home/unitree/navigation_ws/install/rm_autonomy_interfaces/include/rm_autonomy_interfaces/msg/detail/invincible_target__rosidl_typesupport_introspection_c.h
-- Up-to-date symlink: /home/unitree/navigation_ws/install/rm_autonomy_interfaces/include/rm_autonomy_interfaces/msg/detail/navigate_command__rosidl_typesupport_introspection_c.h
-- Up-to-date symlink: /home/unitree/navigation_ws/install/rm_autonomy_interfaces/include/rm_autonomy_interfaces/msg/detail/omni_sensing__rosidl_typesupport_introspection_c.h
-- Up-to-date symlink: /home/unitree/navigation_ws/install/rm_autonomy_interfaces/include/rm_autonomy_interfaces/msg/detail/radar_enemy_position__rosidl_typesupport_introspection_c.h
-- Up-to-date symlink: /home/unitree/navigation_ws/install/rm_autonomy_interfaces/include/rm_autonomy_interfaces/msg/detail/radar_target__rosidl_typesupport_introspection_c.h
-- Up-to-date symlink: /home/unitree/navigation_ws/install/rm_autonomy_interfaces/include/rm_autonomy_interfaces/msg/detail/self_state__rosidl_typesupport_introspection_c.h
-- Up-to-date symlink: /home/unitree/navigation_ws/install/rm_autonomy_interfaces/include/rm_autonomy_interfaces/msg/rosidl_typesupport_introspection_c__visibility_control.h
-- Up-to-date symlink: /home/unitree/navigation_ws/install/rm_autonomy_interfaces/include/rm_autonomy_interfaces/msg/all_robot_hp.hpp
-- Up-to-date symlink: /home/unitree/navigation_ws/install/rm_autonomy_interfaces/include/rm_autonomy_interfaces/msg/ally_robot_position.hpp
-- Up-to-date symlink: /home/unitree/navigation_ws/install/rm_autonomy_interfaces/include/rm_autonomy_interfaces/msg/arena_status.hpp
-- Up-to-date symlink: /home/unitree/navigation_ws/install/rm_autonomy_interfaces/include/rm_autonomy_interfaces/msg/autoaim_communication.hpp
-- Up-to-date symlink: /home/unitree/navigation_ws/install/rm_autonomy_interfaces/include/rm_autonomy_interfaces/msg/chase_control.hpp
-- Up-to-date symlink: /home/unitree/navigation_ws/install/rm_autonomy_interfaces/include/rm_autonomy_interfaces/msg/detail/all_robot_hp__builder.hpp
-- Up-to-date symlink: /home/unitree/navigation_ws/install/rm_autonomy_interfaces/include/rm_autonomy_interfaces/msg/detail/all_robot_hp__struct.hpp
-- Up-to-date symlink: /home/unitree/navigation_ws/install/rm_autonomy_interfaces/include/rm_autonomy_interfaces/msg/detail/all_robot_hp__traits.hpp
-- Up-to-date symlink: /home/unitree/navigation_ws/install/rm_autonomy_interfaces/include/rm_autonomy_interfaces/msg/detail/all_robot_hp__type_support.hpp
-- Up-to-date symlink: /home/unitree/navigation_ws/install/rm_autonomy_interfaces/include/rm_autonomy_interfaces/msg/detail/ally_robot_position__builder.hpp
-- Up-to-date symlink: /home/unitree/navigation_ws/install/rm_autonomy_interfaces/include/rm_autonomy_interfaces/msg/detail/ally_robot_position__struct.hpp
-- Up-to-date symlink: /home/unitree/navigation_ws/install/rm_autonomy_interfaces/include/rm_autonomy_interfaces/msg/detail/ally_robot_position__traits.hpp
-- Up-to-date symlink: /home/unitree/navigation_ws/install/rm_autonomy_interfaces/include/rm_autonomy_interfaces/msg/detail/ally_robot_position__type_support.hpp
-- Up-to-date symlink: /home/unitree/navigation_ws/install/rm_autonomy_interfaces/include/rm_autonomy_interfaces/msg/detail/arena_status__builder.hpp
-- Up-to-date symlink: /home/unitree/navigation_ws/install/rm_autonomy_interfaces/include/rm_autonomy_interfaces/msg/detail/arena_status__struct.hpp
-- Up-to-date symlink: /home/unitree/navigation_ws/install/rm_autonomy_interfaces/include/rm_autonomy_interfaces/msg/detail/arena_status__traits.hpp
-- Up-to-date symlink: /home/unitree/navigation_ws/install/rm_autonomy_interfaces/include/rm_autonomy_interfaces/msg/detail/arena_status__type_support.hpp
-- Up-to-date symlink: /home/unitree/navigation_ws/install/rm_autonomy_interfaces/include/rm_autonomy_interfaces/msg/detail/autoaim_communication__builder.hpp
-- Up-to-date symlink: /home/unitree/navigation_ws/install/rm_autonomy_interfaces/include/rm_autonomy_interfaces/msg/detail/autoaim_communication__struct.hpp
-- Up-to-date symlink: /home/unitree/navigation_ws/install/rm_autonomy_interfaces/include/rm_autonomy_interfaces/msg/detail/autoaim_communication__traits.hpp
-- Up-to-date symlink: /home/unitree/navigation_ws/install/rm_autonomy_interfaces/include/rm_autonomy_interfaces/msg/detail/autoaim_communication__type_support.hpp
-- Up-to-date symlink: /home/unitree/navigation_ws/install/rm_autonomy_interfaces/include/rm_autonomy_interfaces/msg/detail/chase_control__builder.hpp
-- Up-to-date symlink: /home/unitree/navigation_ws/install/rm_autonomy_interfaces/include/rm_autonomy_interfaces/msg/detail/chase_control__struct.hpp
-- Up-to-date symlink: /home/unitree/navigation_ws/install/rm_autonomy_interfaces/include/rm_autonomy_interfaces/msg/detail/chase_control__traits.hpp
-- Up-to-date symlink: /home/unitree/navigation_ws/install/rm_autonomy_interfaces/include/rm_autonomy_interfaces/msg/detail/chase_control__type_support.hpp
-- Up-to-date symlink: /home/unitree/navigation_ws/install/rm_autonomy_interfaces/include/rm_autonomy_interfaces/msg/detail/enemy_robot_mark__builder.hpp
-- Up-to-date symlink: /home/unitree/navigation_ws/install/rm_autonomy_interfaces/include/rm_autonomy_interfaces/msg/detail/enemy_robot_mark__struct.hpp
-- Up-to-date symlink: /home/unitree/navigation_ws/install/rm_autonomy_interfaces/include/rm_autonomy_interfaces/msg/detail/enemy_robot_mark__traits.hpp
-- Up-to-date symlink: /home/unitree/navigation_ws/install/rm_autonomy_interfaces/include/rm_autonomy_interfaces/msg/detail/enemy_robot_mark__type_support.hpp
-- Up-to-date symlink: /home/unitree/navigation_ws/install/rm_autonomy_interfaces/include/rm_autonomy_interfaces/msg/detail/fire_trigger__builder.hpp
-- Up-to-date symlink: /home/unitree/navigation_ws/install/rm_autonomy_interfaces/include/rm_autonomy_interfaces/msg/detail/fire_trigger__struct.hpp
-- Up-to-date symlink: /home/unitree/navigation_ws/install/rm_autonomy_interfaces/include/rm_autonomy_interfaces/msg/detail/fire_trigger__traits.hpp
-- Up-to-date symlink: /home/unitree/navigation_ws/install/rm_autonomy_interfaces/include/rm_autonomy_interfaces/msg/detail/fire_trigger__type_support.hpp
-- Up-to-date symlink: /home/unitree/navigation_ws/install/rm_autonomy_interfaces/include/rm_autonomy_interfaces/msg/detail/game_status__builder.hpp
-- Up-to-date symlink: /home/unitree/navigation_ws/install/rm_autonomy_interfaces/include/rm_autonomy_interfaces/msg/detail/game_status__struct.hpp
-- Up-to-date symlink: /home/unitree/navigation_ws/install/rm_autonomy_interfaces/include/rm_autonomy_interfaces/msg/detail/game_status__traits.hpp
-- Up-to-date symlink: /home/unitree/navigation_ws/install/rm_autonomy_interfaces/include/rm_autonomy_interfaces/msg/detail/game_status__type_support.hpp
-- Up-to-date symlink: /home/unitree/navigation_ws/install/rm_autonomy_interfaces/include/rm_autonomy_interfaces/msg/detail/human_intervention__builder.hpp
-- Up-to-date symlink: /home/unitree/navigation_ws/install/rm_autonomy_interfaces/include/rm_autonomy_interfaces/msg/detail/human_intervention__struct.hpp
-- Up-to-date symlink: /home/unitree/navigation_ws/install/rm_autonomy_interfaces/include/rm_autonomy_interfaces/msg/detail/human_intervention__traits.hpp
-- Up-to-date symlink: /home/unitree/navigation_ws/install/rm_autonomy_interfaces/include/rm_autonomy_interfaces/msg/detail/human_intervention__type_support.hpp
-- Up-to-date symlink: /home/unitree/navigation_ws/install/rm_autonomy_interfaces/include/rm_autonomy_interfaces/msg/detail/invincible_target__builder.hpp
-- Up-to-date symlink: /home/unitree/navigation_ws/install/rm_autonomy_interfaces/include/rm_autonomy_interfaces/msg/detail/invincible_target__struct.hpp
-- Up-to-date symlink: /home/unitree/navigation_ws/install/rm_autonomy_interfaces/include/rm_autonomy_interfaces/msg/detail/invincible_target__traits.hpp
-- Up-to-date symlink: /home/unitree/navigation_ws/install/rm_autonomy_interfaces/include/rm_autonomy_interfaces/msg/detail/invincible_target__type_support.hpp
-- Up-to-date symlink: /home/unitree/navigation_ws/install/rm_autonomy_interfaces/include/rm_autonomy_interfaces/msg/detail/navigate_command__builder.hpp
-- Up-to-date symlink: /home/unitree/navigation_ws/install/rm_autonomy_interfaces/include/rm_autonomy_interfaces/msg/detail/navigate_command__struct.hpp
-- Up-to-date symlink: /home/unitree/navigation_ws/install/rm_autonomy_interfaces/include/rm_autonomy_interfaces/msg/detail/navigate_command__traits.hpp
-- Up-to-date symlink: /home/unitree/navigation_ws/install/rm_autonomy_interfaces/include/rm_autonomy_interfaces/msg/detail/navigate_command__type_support.hpp
-- Up-to-date symlink: /home/unitree/navigation_ws/install/rm_autonomy_interfaces/include/rm_autonomy_interfaces/msg/detail/omni_sensing__builder.hpp
-- Up-to-date symlink: /home/unitree/navigation_ws/install/rm_autonomy_interfaces/include/rm_autonomy_interfaces/msg/detail/omni_sensing__struct.hpp
-- Up-to-date symlink: /home/unitree/navigation_ws/install/rm_autonomy_interfaces/include/rm_autonomy_interfaces/msg/detail/omni_sensing__traits.hpp
-- Up-to-date symlink: /home/unitree/navigation_ws/install/rm_autonomy_interfaces/include/rm_autonomy_interfaces/msg/detail/omni_sensing__type_support.hpp
-- Up-to-date symlink: /home/unitree/navigation_ws/install/rm_autonomy_interfaces/include/rm_autonomy_interfaces/msg/detail/radar_enemy_position__builder.hpp
-- Up-to-date symlink: /home/unitree/navigation_ws/install/rm_autonomy_interfaces/include/rm_autonomy_interfaces/msg/detail/radar_enemy_position__struct.hpp
-- Up-to-date symlink: /home/unitree/navigation_ws/install/rm_autonomy_interfaces/include/rm_autonomy_interfaces/msg/detail/radar_enemy_position__traits.hpp
-- Up-to-date symlink: /home/unitree/navigation_ws/install/rm_autonomy_interfaces/include/rm_autonomy_interfaces/msg/detail/radar_enemy_position__type_support.hpp
-- Up-to-date symlink: /home/unitree/navigation_ws/install/rm_autonomy_interfaces/include/rm_autonomy_interfaces/msg/detail/radar_target__builder.hpp
-- Up-to-date symlink: /home/unitree/navigation_ws/install/rm_autonomy_interfaces/include/rm_autonomy_interfaces/msg/detail/radar_target__struct.hpp
-- Up-to-date symlink: /home/unitree/navigation_ws/install/rm_autonomy_interfaces/include/rm_autonomy_interfaces/msg/detail/radar_target__traits.hpp
-- Up-to-date symlink: /home/unitree/navigation_ws/install/rm_autonomy_interfaces/include/rm_autonomy_interfaces/msg/detail/radar_target__type_support.hpp
-- Up-to-date symlink: /home/unitree/navigation_ws/install/rm_autonomy_interfaces/include/rm_autonomy_interfaces/msg/detail/self_state__builder.hpp
-- Up-to-date symlink: /home/unitree/navigation_ws/install/rm_autonomy_interfaces/include/rm_autonomy_interfaces/msg/detail/self_state__struct.hpp
-- Up-to-date symlink: /home/unitree/navigation_ws/install/rm_autonomy_interfaces/include/rm_autonomy_interfaces/msg/detail/self_state__traits.hpp
-- Up-to-date symlink: /home/unitree/navigation_ws/install/rm_autonomy_interfaces/include/rm_autonomy_interfaces/msg/detail/self_state__type_support.hpp
-- Up-to-date symlink: /home/unitree/navigation_ws/install/rm_autonomy_interfaces/include/rm_autonomy_interfaces/msg/enemy_robot_mark.hpp
-- Up-to-date symlink: /home/unitree/navigation_ws/install/rm_autonomy_interfaces/include/rm_autonomy_interfaces/msg/fire_trigger.hpp
-- Up-to-date symlink: /home/unitree/navigation_ws/install/rm_autonomy_interfaces/include/rm_autonomy_interfaces/msg/game_status.hpp
-- Up-to-date symlink: /home/unitree/navigation_ws/install/rm_autonomy_interfaces/include/rm_autonomy_interfaces/msg/human_intervention.hpp
-- Up-to-date symlink: /home/unitree/navigation_ws/install/rm_autonomy_interfaces/include/rm_autonomy_interfaces/msg/invincible_target.hpp
-- Up-to-date symlink: /home/unitree/navigation_ws/install/rm_autonomy_interfaces/include/rm_autonomy_interfaces/msg/navigate_command.hpp
-- Up-to-date symlink: /home/unitree/navigation_ws/install/rm_autonomy_interfaces/include/rm_autonomy_interfaces/msg/omni_sensing.hpp
-- Up-to-date symlink: /home/unitree/navigation_ws/install/rm_autonomy_interfaces/include/rm_autonomy_interfaces/msg/radar_enemy_position.hpp
-- Up-to-date symlink: /home/unitree/navigation_ws/install/rm_autonomy_interfaces/include/rm_autonomy_interfaces/msg/radar_target.hpp
-- Up-to-date symlink: /home/unitree/navigation_ws/install/rm_autonomy_interfaces/include/rm_autonomy_interfaces/msg/rosidl_generator_cpp__visibility_control.hpp
-- Up-to-date symlink: /home/unitree/navigation_ws/install/rm_autonomy_interfaces/include/rm_autonomy_interfaces/msg/self_state.hpp
-- Up-to-date symlink: /home/unitree/navigation_ws/install/rm_autonomy_interfaces/include/rm_autonomy_interfaces/msg/detail/all_robot_hp__rosidl_typesupport_introspection_cpp.hpp
-- Up-to-date symlink: /home/unitree/navigation_ws/install/rm_autonomy_interfaces/include/rm_autonomy_interfaces/msg/detail/ally_robot_position__rosidl_typesupport_introspection_cpp.hpp
-- Up-to-date symlink: /home/unitree/navigation_ws/install/rm_autonomy_interfaces/include/rm_autonomy_interfaces/msg/detail/arena_status__rosidl_typesupport_introspection_cpp.hpp
-- Up-to-date symlink: /home/unitree/navigation_ws/install/rm_autonomy_interfaces/include/rm_autonomy_interfaces/msg/detail/autoaim_communication__rosidl_typesupport_introspection_cpp.hpp
-- Up-to-date symlink: /home/unitree/navigation_ws/install/rm_autonomy_interfaces/include/rm_autonomy_interfaces/msg/detail/chase_control__rosidl_typesupport_introspection_cpp.hpp
-- Up-to-date symlink: /home/unitree/navigation_ws/install/rm_autonomy_interfaces/include/rm_autonomy_interfaces/msg/detail/enemy_robot_mark__rosidl_typesupport_introspection_cpp.hpp
-- Up-to-date symlink: /home/unitree/navigation_ws/install/rm_autonomy_interfaces/include/rm_autonomy_interfaces/msg/detail/fire_trigger__rosidl_typesupport_introspection_cpp.hpp
-- Up-to-date symlink: /home/unitree/navigation_ws/install/rm_autonomy_interfaces/include/rm_autonomy_interfaces/msg/detail/game_status__rosidl_typesupport_introspection_cpp.hpp
-- Up-to-date symlink: /home/unitree/navigation_ws/install/rm_autonomy_interfaces/include/rm_autonomy_interfaces/msg/detail/human_intervention__rosidl_typesupport_introspection_cpp.hpp
-- Up-to-date symlink: /home/unitree/navigation_ws/install/rm_autonomy_interfaces/include/rm_autonomy_interfaces/msg/detail/invincible_target__rosidl_typesupport_introspection_cpp.hpp
-- Up-to-date symlink: /home/unitree/navigation_ws/install/rm_autonomy_interfaces/include/rm_autonomy_interfaces/msg/detail/navigate_command__rosidl_typesupport_introspection_cpp.hpp
-- Up-to-date symlink: /home/unitree/navigation_ws/install/rm_autonomy_interfaces/include/rm_autonomy_interfaces/msg/detail/omni_sensing__rosidl_typesupport_introspection_cpp.hpp
-- Up-to-date symlink: /home/unitree/navigation_ws/install/rm_autonomy_interfaces/include/rm_autonomy_interfaces/msg/detail/radar_enemy_position__rosidl_typesupport_introspection_cpp.hpp
-- Up-to-date symlink: /home/unitree/navigation_ws/install/rm_autonomy_interfaces/include/rm_autonomy_interfaces/msg/detail/radar_target__rosidl_typesupport_introspection_cpp.hpp
-- Up-to-date symlink: /home/unitree/navigation_ws/install/rm_autonomy_interfaces/include/rm_autonomy_interfaces/msg/detail/self_state__rosidl_typesupport_introspection_cpp.hpp
-- Up-to-date symlink: /home/unitree/navigation_ws/install/rm_autonomy_interfaces/share/rm_autonomy_interfaces/environment/pythonpath.sh
-- Up-to-date symlink: /home/unitree/navigation_ws/install/rm_autonomy_interfaces/share/rm_autonomy_interfaces/environment/pythonpath.dsv
-- Up-to-date symlink: /home/unitree/navigation_ws/install/rm_autonomy_interfaces/lib/python3.8/site-packages/rm_autonomy_interfaces/__init__.py
-- Up-to-date symlink: /home/unitree/navigation_ws/install/rm_autonomy_interfaces/lib/python3.8/site-packages/rm_autonomy_interfaces/msg/__init__.py
-- Up-to-date symlink: /home/unitree/navigation_ws/install/rm_autonomy_interfaces/lib/python3.8/site-packages/rm_autonomy_interfaces/msg/_all_robot_hp.py
-- Up-to-date symlink: /home/unitree/navigation_ws/install/rm_autonomy_interfaces/lib/python3.8/site-packages/rm_autonomy_interfaces/msg/_ally_robot_position.py
-- Up-to-date symlink: /home/unitree/navigation_ws/install/rm_autonomy_interfaces/lib/python3.8/site-packages/rm_autonomy_interfaces/msg/_arena_status.py
-- Up-to-date symlink: /home/unitree/navigation_ws/install/rm_autonomy_interfaces/lib/python3.8/site-packages/rm_autonomy_interfaces/msg/_autoaim_communication.py
-- Up-to-date symlink: /home/unitree/navigation_ws/install/rm_autonomy_interfaces/lib/python3.8/site-packages/rm_autonomy_interfaces/msg/_chase_control.py
-- Up-to-date symlink: /home/unitree/navigation_ws/install/rm_autonomy_interfaces/lib/python3.8/site-packages/rm_autonomy_interfaces/msg/_enemy_robot_mark.py
-- Up-to-date symlink: /home/unitree/navigation_ws/install/rm_autonomy_interfaces/lib/python3.8/site-packages/rm_autonomy_interfaces/msg/_fire_trigger.py
-- Up-to-date symlink: /home/unitree/navigation_ws/install/rm_autonomy_interfaces/lib/python3.8/site-packages/rm_autonomy_interfaces/msg/_game_status.py
-- Up-to-date symlink: /home/unitree/navigation_ws/install/rm_autonomy_interfaces/lib/python3.8/site-packages/rm_autonomy_interfaces/msg/_human_intervention.py
-- Up-to-date symlink: /home/unitree/navigation_ws/install/rm_autonomy_interfaces/lib/python3.8/site-packages/rm_autonomy_interfaces/msg/_invincible_target.py
-- Up-to-date symlink: /home/unitree/navigation_ws/install/rm_autonomy_interfaces/lib/python3.8/site-packages/rm_autonomy_interfaces/msg/_navigate_command.py
-- Up-to-date symlink: /home/unitree/navigation_ws/install/rm_autonomy_interfaces/lib/python3.8/site-packages/rm_autonomy_interfaces/msg/_omni_sensing.py
-- Up-to-date symlink: /home/unitree/navigation_ws/install/rm_autonomy_interfaces/lib/python3.8/site-packages/rm_autonomy_interfaces/msg/_radar_enemy_position.py
-- Up-to-date symlink: /home/unitree/navigation_ws/install/rm_autonomy_interfaces/lib/python3.8/site-packages/rm_autonomy_interfaces/msg/_radar_target.py
-- Up-to-date symlink: /home/unitree/navigation_ws/install/rm_autonomy_interfaces/lib/python3.8/site-packages/rm_autonomy_interfaces/msg/_self_state.py
-- Up-to-date symlink: /home/unitree/navigation_ws/install/rm_autonomy_interfaces/lib/python3.8/site-packages/rm_autonomy_interfaces/rm_autonomy_interfaces_s__rosidl_typesupport_fastrtps_c.cpython-38-aarch64-linux-gnu.so
-- Up-to-date symlink: /home/unitree/navigation_ws/install/rm_autonomy_interfaces/lib/python3.8/site-packages/rm_autonomy_interfaces/rm_autonomy_interfaces_s__rosidl_typesupport_introspection_c.cpython-38-aarch64-linux-gnu.so
-- Up-to-date symlink: /home/unitree/navigation_ws/install/rm_autonomy_interfaces/lib/python3.8/site-packages/rm_autonomy_interfaces/rm_autonomy_interfaces_s__rosidl_typesupport_c.cpython-38-aarch64-linux-gnu.so
-- Up-to-date symlink: /home/unitree/navigation_ws/install/rm_autonomy_interfaces/lib/librm_autonomy_interfaces__python.so
-- Up-to-date symlink: /home/unitree/navigation_ws/install/rm_autonomy_interfaces/share/rm_autonomy_interfaces/msg/AllRobotHP.idl
-- Up-to-date symlink: /home/unitree/navigation_ws/install/rm_autonomy_interfaces/share/rm_autonomy_interfaces/msg/AllyRobotPosition.idl
-- Up-to-date symlink: /home/unitree/navigation_ws/install/rm_autonomy_interfaces/share/rm_autonomy_interfaces/msg/ArenaStatus.idl
-- Up-to-date symlink: /home/unitree/navigation_ws/install/rm_autonomy_interfaces/share/rm_autonomy_interfaces/msg/AutoaimCommunication.idl
-- Up-to-date symlink: /home/unitree/navigation_ws/install/rm_autonomy_interfaces/share/rm_autonomy_interfaces/msg/GameStatus.idl
-- Up-to-date symlink: /home/unitree/navigation_ws/install/rm_autonomy_interfaces/share/rm_autonomy_interfaces/msg/EnemyRobotMark.idl
-- Up-to-date symlink: /home/unitree/navigation_ws/install/rm_autonomy_interfaces/share/rm_autonomy_interfaces/msg/HumanIntervention.idl
-- Up-to-date symlink: /home/unitree/navigation_ws/install/rm_autonomy_interfaces/share/rm_autonomy_interfaces/msg/OmniSensing.idl
-- Up-to-date symlink: /home/unitree/navigation_ws/install/rm_autonomy_interfaces/share/rm_autonomy_interfaces/msg/RadarEnemyPosition.idl
-- Up-to-date symlink: /home/unitree/navigation_ws/install/rm_autonomy_interfaces/share/rm_autonomy_interfaces/msg/RadarTarget.idl
-- Up-to-date symlink: /home/unitree/navigation_ws/install/rm_autonomy_interfaces/share/rm_autonomy_interfaces/msg/SelfState.idl
-- Up-to-date symlink: /home/unitree/navigation_ws/install/rm_autonomy_interfaces/share/rm_autonomy_interfaces/msg/NavigateCommand.idl
-- Up-to-date symlink: /home/unitree/navigation_ws/install/rm_autonomy_interfaces/share/rm_autonomy_interfaces/msg/FireTrigger.idl
-- Up-to-date symlink: /home/unitree/navigation_ws/install/rm_autonomy_interfaces/share/rm_autonomy_interfaces/msg/InvincibleTarget.idl
-- Up-to-date symlink: /home/unitree/navigation_ws/install/rm_autonomy_interfaces/share/rm_autonomy_interfaces/msg/ChaseControl.idl
-- Up-to-date symlink: /home/unitree/navigation_ws/install/rm_autonomy_interfaces/share/rm_autonomy_interfaces/msg/AllRobotHP.msg
-- Up-to-date symlink: /home/unitree/navigation_ws/install/rm_autonomy_interfaces/share/rm_autonomy_interfaces/msg/AllyRobotPosition.msg
-- Up-to-date symlink: /home/unitree/navigation_ws/install/rm_autonomy_interfaces/share/rm_autonomy_interfaces/msg/ArenaStatus.msg
-- Up-to-date symlink: /home/unitree/navigation_ws/install/rm_autonomy_interfaces/share/rm_autonomy_interfaces/msg/AutoaimCommunication.msg
-- Up-to-date symlink: /home/unitree/navigation_ws/install/rm_autonomy_interfaces/share/rm_autonomy_interfaces/msg/GameStatus.msg
-- Up-to-date symlink: /home/unitree/navigation_ws/install/rm_autonomy_interfaces/share/rm_autonomy_interfaces/msg/EnemyRobotMark.msg
-- Up-to-date symlink: /home/unitree/navigation_ws/install/rm_autonomy_interfaces/share/rm_autonomy_interfaces/msg/HumanIntervention.msg
-- Up-to-date symlink: /home/unitree/navigation_ws/install/rm_autonomy_interfaces/share/rm_autonomy_interfaces/msg/OmniSensing.msg
-- Up-to-date symlink: /home/unitree/navigation_ws/install/rm_autonomy_interfaces/share/rm_autonomy_interfaces/msg/RadarEnemyPosition.msg
-- Up-to-date symlink: /home/unitree/navigation_ws/install/rm_autonomy_interfaces/share/rm_autonomy_interfaces/msg/RadarTarget.msg
-- Up-to-date symlink: /home/unitree/navigation_ws/install/rm_autonomy_interfaces/share/rm_autonomy_interfaces/msg/SelfState.msg
-- Up-to-date symlink: /home/unitree/navigation_ws/install/rm_autonomy_interfaces/share/rm_autonomy_interfaces/msg/NavigateCommand.msg
-- Up-to-date symlink: /home/unitree/navigation_ws/install/rm_autonomy_interfaces/share/rm_autonomy_interfaces/msg/FireTrigger.msg
-- Up-to-date symlink: /home/unitree/navigation_ws/install/rm_autonomy_interfaces/share/rm_autonomy_interfaces/msg/InvincibleTarget.msg
-- Up-to-date symlink: /home/unitree/navigation_ws/install/rm_autonomy_interfaces/share/rm_autonomy_interfaces/msg/ChaseControl.msg
-- Up-to-date symlink: /home/unitree/navigation_ws/install/rm_autonomy_interfaces/share/ament_index/resource_index/package_run_dependencies/rm_autonomy_interfaces
-- Up-to-date symlink: /home/unitree/navigation_ws/install/rm_autonomy_interfaces/share/ament_index/resource_index/parent_prefix_path/rm_autonomy_interfaces
-- Up-to-date symlink: /home/unitree/navigation_ws/install/rm_autonomy_interfaces/share/rm_autonomy_interfaces/environment/ament_prefix_path.sh
-- Up-to-date symlink: /home/unitree/navigation_ws/install/rm_autonomy_interfaces/share/rm_autonomy_interfaces/environment/ament_prefix_path.dsv
-- Up-to-date symlink: /home/unitree/navigation_ws/install/rm_autonomy_interfaces/share/rm_autonomy_interfaces/environment/path.sh
-- Up-to-date symlink: /home/unitree/navigation_ws/install/rm_autonomy_interfaces/share/rm_autonomy_interfaces/environment/path.dsv
-- Up-to-date symlink: /home/unitree/navigation_ws/install/rm_autonomy_interfaces/share/rm_autonomy_interfaces/local_setup.bash
-- Up-to-date symlink: /home/unitree/navigation_ws/install/rm_autonomy_interfaces/share/rm_autonomy_interfaces/local_setup.sh
-- Up-to-date symlink: /home/unitree/navigation_ws/install/rm_autonomy_interfaces/share/rm_autonomy_interfaces/local_setup.zsh
-- Up-to-date symlink: /home/unitree/navigation_ws/install/rm_autonomy_interfaces/share/rm_autonomy_interfaces/local_setup.dsv
-- Symlinking: /home/unitree/navigation_ws/install/rm_autonomy_interfaces/share/rm_autonomy_interfaces/package.dsv
-- Up-to-date symlink: /home/unitree/navigation_ws/install/rm_autonomy_interfaces/share/ament_index/resource_index/packages/rm_autonomy_interfaces
-- Up-to-date symlink: /home/unitree/navigation_ws/install/rm_autonomy_interfaces/share/rm_autonomy_interfaces/cmake/rosidl_cmake-extras.cmake
-- Up-to-date symlink: /home/unitree/navigation_ws/install/rm_autonomy_interfaces/share/rm_autonomy_interfaces/cmake/ament_cmake_export_dependencies-extras.cmake
-- Up-to-date symlink: /home/unitree/navigation_ws/install/rm_autonomy_interfaces/share/rm_autonomy_interfaces/cmake/ament_cmake_export_libraries-extras.cmake
-- Up-to-date symlink: /home/unitree/navigation_ws/install/rm_autonomy_interfaces/share/rm_autonomy_interfaces/cmake/ament_cmake_export_targets-extras.cmake
-- Up-to-date symlink: /home/unitree/navigation_ws/install/rm_autonomy_interfaces/share/rm_autonomy_interfaces/cmake/ament_cmake_export_include_directories-extras.cmake
-- Up-to-date symlink: /home/unitree/navigation_ws/install/rm_autonomy_interfaces/share/rm_autonomy_interfaces/cmake/rosidl_cmake_export_typesupport_libraries-extras.cmake
-- Up-to-date symlink: /home/unitree/navigation_ws/install/rm_autonomy_interfaces/share/rm_autonomy_interfaces/cmake/rosidl_cmake_export_typesupport_targets-extras.cmake
-- Up-to-date symlink: /home/unitree/navigation_ws/install/rm_autonomy_interfaces/share/rm_autonomy_interfaces/cmake/rm_autonomy_interfacesConfig.cmake
-- Up-to-date symlink: /home/unitree/navigation_ws/install/rm_autonomy_interfaces/share/rm_autonomy_interfaces/cmake/rm_autonomy_interfacesConfig-version.cmake
-- Up-to-date symlink: /home/unitree/navigation_ws/install/rm_autonomy_interfaces/share/rm_autonomy_interfaces/package.xml
-- Up-to-date: /home/unitree/navigation_ws/install/rm_autonomy_interfaces/lib/librm_autonomy_interfaces__rosidl_generator_c.so
-- Up-to-date: /home/unitree/navigation_ws/install/rm_autonomy_interfaces/lib/librm_autonomy_interfaces__rosidl_typesupport_introspection_c.so
-- Up-to-date: /home/unitree/navigation_ws/install/rm_autonomy_interfaces/lib/librm_autonomy_interfaces__rosidl_typesupport_c.so
-- Up-to-date: /home/unitree/navigation_ws/install/rm_autonomy_interfaces/lib/librm_autonomy_interfaces__rosidl_typesupport_introspection_cpp.so
-- Up-to-date: /home/unitree/navigation_ws/install/rm_autonomy_interfaces/lib/librm_autonomy_interfaces__rosidl_typesupport_cpp.so
-- Up-to-date: /home/unitree/navigation_ws/install/rm_autonomy_interfaces/share/rm_autonomy_interfaces/cmake/rm_autonomy_interfaces__rosidl_generator_cExport.cmake
-- Up-to-date: /home/unitree/navigation_ws/install/rm_autonomy_interfaces/share/rm_autonomy_interfaces/cmake/rm_autonomy_interfaces__rosidl_generator_cExport-noconfig.cmake
-- Up-to-date: /home/unitree/navigation_ws/install/rm_autonomy_interfaces/share/rm_autonomy_interfaces/cmake/rm_autonomy_interfaces__rosidl_typesupport_introspection_cExport.cmake
-- Up-to-date: /home/unitree/navigation_ws/install/rm_autonomy_interfaces/share/rm_autonomy_interfaces/cmake/rm_autonomy_interfaces__rosidl_typesupport_introspection_cExport-noconfig.cmake
-- Up-to-date: /home/unitree/navigation_ws/install/rm_autonomy_interfaces/share/rm_autonomy_interfaces/cmake/rm_autonomy_interfaces__rosidl_typesupport_cExport.cmake
-- Up-to-date: /home/unitree/navigation_ws/install/rm_autonomy_interfaces/share/rm_autonomy_interfaces/cmake/rm_autonomy_interfaces__rosidl_typesupport_cExport-noconfig.cmake
-- Up-to-date: /home/unitree/navigation_ws/install/rm_autonomy_interfaces/share/rm_autonomy_interfaces/cmake/rm_autonomy_interfaces__rosidl_generator_cppExport.cmake
-- Up-to-date: /home/unitree/navigation_ws/install/rm_autonomy_interfaces/share/rm_autonomy_interfaces/cmake/rm_autonomy_interfaces__rosidl_typesupport_introspection_cppExport.cmake
-- Up-to-date: /home/unitree/navigation_ws/install/rm_autonomy_interfaces/share/rm_autonomy_interfaces/cmake/rm_autonomy_interfaces__rosidl_typesupport_introspection_cppExport-noconfig.cmake
-- Up-to-date: /home/unitree/navigation_ws/install/rm_autonomy_interfaces/share/rm_autonomy_interfaces/cmake/rm_autonomy_interfaces__rosidl_typesupport_cppExport.cmake
-- Up-to-date: /home/unitree/navigation_ws/install/rm_autonomy_interfaces/share/rm_autonomy_interfaces/cmake/rm_autonomy_interfaces__rosidl_typesupport_cppExport-noconfig.cmake
