-- The C compiler identification is GNU 9.4.0
-- The CXX compiler identification is GNU 9.4.0
-- Check for working C compiler: /usr/bin/cc
-- Check for working C compiler: /usr/bin/cc -- works
-- Detecting C compiler ABI info
-- Detecting C compiler ABI info - done
-- Detecting C compile features
-- Detecting C compile features - done
-- Check for working CXX compiler: /usr/bin/c++
-- Check for working CXX compiler: /usr/bin/c++ -- works
-- Detecting CXX compiler ABI info
-- Detecting CXX compiler ABI info - done
-- Detecting CXX compile features
-- Detecting CXX compile features - done
-- Found ament_cmake_auto: 0.9.12 (/opt/ros/foxy/share/ament_cmake_auto/cmake)
-- Found PythonInterp: /usr/bin/python3 (found suitable version "3.8.10", minimum required is "3") 
-- Using PYTHON_EXECUTABLE: /usr/bin/python3
-- Override CMake install command with custom implementation using symlinks instead of copying resources
-- Found ament_lint_auto: 0.9.8 (/opt/ros/foxy/share/ament_lint_auto/cmake)
-- Added test 'copyright' to check source files copyright and LICENSE
-- Added test 'flake8' to check Python code syntax and style conventions
-- Added test 'lint_cmake' to check CMake code style
-- Added test 'pep257' to check Python code against some of the style conventions in PEP 257
-- Added test 'xmllint' to check XML markup files
-- Configuring done
-- Generating done
-- Build files have been written to: /home/unitree/navigation_ws/build/bringup
-- Install configuration: ""
-- Execute custom install script
-- Symlinking: /home/unitree/navigation_ws/install/bringup/share/bringup/launch/localization_launch.py
-- Symlinking: /home/unitree/navigation_ws/install/bringup/share/bringup/launch/navigation_launch.py
-- Symlinking: /home/unitree/navigation_ws/install/bringup/share/bringup/launch/sentry_bringup_launch_new.py
-- Symlinking: /home/unitree/navigation_ws/install/bringup/share/bringup/maps/301.pgm
-- Symlinking: /home/unitree/navigation_ws/install/bringup/share/bringup/maps/301.yaml
-- Symlinking: /home/unitree/navigation_ws/install/bringup/share/bringup/maps/406_transformed.pgm
-- Symlinking: /home/unitree/navigation_ws/install/bringup/share/bringup/maps/406_transformed.yaml
-- Symlinking: /home/unitree/navigation_ws/install/bringup/share/bringup/maps/blank.pgm
-- Symlinking: /home/unitree/navigation_ws/install/bringup/share/bringup/maps/blank.yaml
-- Symlinking: /home/unitree/navigation_ws/install/bringup/share/bringup/maps/new_406_1.pgm
-- Symlinking: /home/unitree/navigation_ws/install/bringup/share/bringup/maps/new_406_1.yaml
-- Symlinking: /home/unitree/navigation_ws/install/bringup/share/bringup/maps/new_transformed.pgm
-- Symlinking: /home/unitree/navigation_ws/install/bringup/share/bringup/maps/new_transformed.yaml
-- Symlinking: /home/unitree/navigation_ws/install/bringup/share/bringup/maps/rmuc_2025_edited.pgm
-- Symlinking: /home/unitree/navigation_ws/install/bringup/share/bringup/maps/rmuc_2025_edited.yaml
-- Symlinking: /home/unitree/navigation_ws/install/bringup/share/bringup/maps/rmuc_2025_final.pgm
-- Symlinking: /home/unitree/navigation_ws/install/bringup/share/bringup/maps/rmuc_2025_final.yaml
-- Symlinking: /home/unitree/navigation_ws/install/bringup/share/bringup/maps/test_406.pgm
-- Symlinking: /home/unitree/navigation_ws/install/bringup/share/bringup/maps/test_406.yaml
-- Symlinking: /home/unitree/navigation_ws/install/bringup/share/bringup/3dmap/Ground_points.pcd
-- Symlinking: /home/unitree/navigation_ws/install/bringup/share/bringup/3dmap/new_transformed.pcd
-- Symlinking: /home/unitree/navigation_ws/install/bringup/share/bringup/3dmap/rain.pcd
-- Symlinking: /home/unitree/navigation_ws/install/bringup/share/bringup/3dmap/rmuc_2025_fianl.pcd
-- Symlinking: /home/unitree/navigation_ws/install/bringup/share/bringup/3dmap/rmuc_b.pcd
-- Symlinking: /home/unitree/navigation_ws/install/bringup/share/bringup/3dmap/rmuc_r.pcd
-- Symlinking: /home/unitree/navigation_ws/install/bringup/share/bringup/3dmap/rmuc_r_transformed_edited.pcd
-- Symlinking: /home/unitree/navigation_ws/install/bringup/share/bringup/3dmap/rmuc_transformed_new.pcd
-- Symlinking: /home/unitree/navigation_ws/install/bringup/share/bringup/3dmap/scans_20250731_092010.pcd
-- Symlinking: /home/unitree/navigation_ws/install/bringup/share/bringup/3dmap/transformed.pcd
-- Symlinking: /home/unitree/navigation_ws/install/bringup/share/bringup/rviz/nav2_default_view.rviz
-- Symlinking: /home/unitree/navigation_ws/install/bringup/share/bringup/rviz/nav2_namespaced_view.rviz
-- Symlinking: /home/unitree/navigation_ws/install/bringup/share/bringup/params/differential_pp_rmuc_2024.yaml
-- Symlinking: /home/unitree/navigation_ws/install/bringup/share/bringup/params/double_lidar_rmuc_2025.yaml
-- Symlinking: /home/unitree/navigation_ws/install/bringup/share/bringup/params/nav2_params.yaml
-- Symlinking: /home/unitree/navigation_ws/install/bringup/share/bringup/params/nav2_params_humble.yaml
-- Symlinking: /home/unitree/navigation_ws/install/bringup/share/bringup/params/nav2_params_invincible.yaml
-- Symlinking: /home/unitree/navigation_ws/install/bringup/share/bringup/params/nav2_params_invincible_omni.yaml
-- Symlinking: /home/unitree/navigation_ws/install/bringup/share/bringup/params/nav2_params_mpc.yaml
-- Symlinking: /home/unitree/navigation_ws/install/bringup/share/bringup/params/omni_mpc_rmuc_2024.yaml
-- Symlinking: /home/unitree/navigation_ws/install/bringup/share/bringup/params/omni_mpc_rmul_2024.yaml
-- Symlinking: /home/unitree/navigation_ws/install/bringup/share/bringup/params/pointcloud_to_laserscan.yaml
-- Symlinking: /home/unitree/navigation_ws/install/bringup/share/bringup/params/slam.yaml
-- Symlinking: /home/unitree/navigation_ws/install/bringup/share/bringup/params/steering_mpc_rmuc_2024.yaml
-- Symlinking: /home/unitree/navigation_ws/install/bringup/share/bringup/params/steering_rmuc_2025.yaml
-- Symlinking: /home/unitree/navigation_ws/install/bringup/share/ament_index/resource_index/package_run_dependencies/bringup
-- Symlinking: /home/unitree/navigation_ws/install/bringup/share/ament_index/resource_index/parent_prefix_path/bringup
-- Symlinking: /home/unitree/navigation_ws/install/bringup/share/bringup/environment/ament_prefix_path.sh
-- Symlinking: /home/unitree/navigation_ws/install/bringup/share/bringup/environment/ament_prefix_path.dsv
-- Symlinking: /home/unitree/navigation_ws/install/bringup/share/bringup/environment/path.sh
-- Symlinking: /home/unitree/navigation_ws/install/bringup/share/bringup/environment/path.dsv
-- Symlinking: /home/unitree/navigation_ws/install/bringup/share/bringup/local_setup.bash
-- Symlinking: /home/unitree/navigation_ws/install/bringup/share/bringup/local_setup.sh
-- Symlinking: /home/unitree/navigation_ws/install/bringup/share/bringup/local_setup.zsh
-- Symlinking: /home/unitree/navigation_ws/install/bringup/share/bringup/local_setup.dsv
-- Symlinking: /home/unitree/navigation_ws/install/bringup/share/bringup/package.dsv
-- Symlinking: /home/unitree/navigation_ws/install/bringup/share/ament_index/resource_index/packages/bringup
-- Symlinking: /home/unitree/navigation_ws/install/bringup/share/bringup/cmake/bringupConfig.cmake
-- Symlinking: /home/unitree/navigation_ws/install/bringup/share/bringup/cmake/bringupConfig-version.cmake
-- Symlinking: /home/unitree/navigation_ws/install/bringup/share/bringup/package.xml
