[0.058s] Invoking command in '/home/unitree/navigation_ws/build/bringup': AMENT_PREFIX_PATH=/home/unitree/navigation_ws/install/pointcloud_to_laserscan:${AMENT_PREFIX_PATH} CMAKE_PREFIX_PATH=/home/unitree/navigation_ws/install/pointcloud_to_laserscan:/home/unitree/cyclonedds_ws/install/rmw_cyclonedds_cpp:/home/unitree/cyclonedds_ws/install/cyclonedds:/opt/ros/foxy LD_LIBRARY_PATH=/home/unitree/navigation_ws/install/pointcloud_to_laserscan/lib:/usr/local/cuda-11.4/lib64:/usr/local/lib:/home/unitree/cyclonedds_ws/install/rmw_cyclonedds_cpp/lib:/home/unitree/cyclonedds_ws/install/cyclonedds/lib:/opt/ros/foxy/opt/yaml_cpp_vendor/lib:/opt/ros/foxy/opt/rviz_ogre_vendor/lib:/opt/ros/foxy/lib/aarch64-linux-gnu:/opt/ros/foxy/lib:/usr/local/cuda-11.4/lib64 /usr/bin/cmake /home/unitree/navigation_ws/src/bringup -DAMENT_CMAKE_SYMLINK_INSTALL=1 -DCMAKE_INSTALL_PREFIX=/home/unitree/navigation_ws/install/bringup
[4.061s] -- The C compiler identification is GNU 9.4.0
[4.061s] -- The CXX compiler identification is GNU 9.4.0
[4.061s] -- Check for working C compiler: /usr/bin/cc
[4.061s] -- Check for working C compiler: /usr/bin/cc -- works
[4.061s] -- Detecting C compiler ABI info
[4.061s] -- Detecting C compiler ABI info - done
[4.061s] -- Detecting C compile features
[4.061s] -- Detecting C compile features - done
[4.061s] -- Check for working CXX compiler: /usr/bin/c++
[4.062s] -- Check for working CXX compiler: /usr/bin/c++ -- works
[4.062s] -- Detecting CXX compiler ABI info
[4.062s] -- Detecting CXX compiler ABI info - done
[4.062s] -- Detecting CXX compile features
[4.062s] -- Detecting CXX compile features - done
[4.062s] -- Found ament_cmake_auto: 0.9.12 (/opt/ros/foxy/share/ament_cmake_auto/cmake)
[4.062s] -- Found PythonInterp: /usr/bin/python3 (found suitable version "3.8.10", minimum required is "3") 
[4.062s] -- Using PYTHON_EXECUTABLE: /usr/bin/python3
[4.062s] -- Override CMake install command with custom implementation using symlinks instead of copying resources
[4.062s] -- Found ament_lint_auto: 0.9.8 (/opt/ros/foxy/share/ament_lint_auto/cmake)
[4.063s] -- Added test 'copyright' to check source files copyright and LICENSE
[4.063s] -- Added test 'flake8' to check Python code syntax and style conventions
[4.063s] -- Added test 'lint_cmake' to check CMake code style
[4.063s] -- Added test 'pep257' to check Python code against some of the style conventions in PEP 257
[4.063s] -- Added test 'xmllint' to check XML markup files
[4.063s] -- Configuring done
[4.063s] -- Generating done
[4.063s] -- Build files have been written to: /home/unitree/navigation_ws/build/bringup
[4.077s] Invoked command in '/home/unitree/navigation_ws/build/bringup' returned '0': AMENT_PREFIX_PATH=/home/unitree/navigation_ws/install/pointcloud_to_laserscan:${AMENT_PREFIX_PATH} CMAKE_PREFIX_PATH=/home/unitree/navigation_ws/install/pointcloud_to_laserscan:/home/unitree/cyclonedds_ws/install/rmw_cyclonedds_cpp:/home/unitree/cyclonedds_ws/install/cyclonedds:/opt/ros/foxy LD_LIBRARY_PATH=/home/unitree/navigation_ws/install/pointcloud_to_laserscan/lib:/usr/local/cuda-11.4/lib64:/usr/local/lib:/home/unitree/cyclonedds_ws/install/rmw_cyclonedds_cpp/lib:/home/unitree/cyclonedds_ws/install/cyclonedds/lib:/opt/ros/foxy/opt/yaml_cpp_vendor/lib:/opt/ros/foxy/opt/rviz_ogre_vendor/lib:/opt/ros/foxy/lib/aarch64-linux-gnu:/opt/ros/foxy/lib:/usr/local/cuda-11.4/lib64 /usr/bin/cmake /home/unitree/navigation_ws/src/bringup -DAMENT_CMAKE_SYMLINK_INSTALL=1 -DCMAKE_INSTALL_PREFIX=/home/unitree/navigation_ws/install/bringup
[4.079s] Invoking command in '/home/unitree/navigation_ws/build/bringup': AMENT_PREFIX_PATH=/home/unitree/navigation_ws/install/pointcloud_to_laserscan:${AMENT_PREFIX_PATH} CMAKE_PREFIX_PATH=/home/unitree/navigation_ws/install/pointcloud_to_laserscan:/home/unitree/cyclonedds_ws/install/rmw_cyclonedds_cpp:/home/unitree/cyclonedds_ws/install/cyclonedds:/opt/ros/foxy LD_LIBRARY_PATH=/home/unitree/navigation_ws/install/pointcloud_to_laserscan/lib:/usr/local/cuda-11.4/lib64:/usr/local/lib:/home/unitree/cyclonedds_ws/install/rmw_cyclonedds_cpp/lib:/home/unitree/cyclonedds_ws/install/cyclonedds/lib:/opt/ros/foxy/opt/yaml_cpp_vendor/lib:/opt/ros/foxy/opt/rviz_ogre_vendor/lib:/opt/ros/foxy/lib/aarch64-linux-gnu:/opt/ros/foxy/lib:/usr/local/cuda-11.4/lib64 /usr/bin/cmake --build /home/unitree/navigation_ws/build/bringup -- -j8 -l8
[4.908s] Invoked command in '/home/unitree/navigation_ws/build/bringup' returned '0': AMENT_PREFIX_PATH=/home/unitree/navigation_ws/install/pointcloud_to_laserscan:${AMENT_PREFIX_PATH} CMAKE_PREFIX_PATH=/home/unitree/navigation_ws/install/pointcloud_to_laserscan:/home/unitree/cyclonedds_ws/install/rmw_cyclonedds_cpp:/home/unitree/cyclonedds_ws/install/cyclonedds:/opt/ros/foxy LD_LIBRARY_PATH=/home/unitree/navigation_ws/install/pointcloud_to_laserscan/lib:/usr/local/cuda-11.4/lib64:/usr/local/lib:/home/unitree/cyclonedds_ws/install/rmw_cyclonedds_cpp/lib:/home/unitree/cyclonedds_ws/install/cyclonedds/lib:/opt/ros/foxy/opt/yaml_cpp_vendor/lib:/opt/ros/foxy/opt/rviz_ogre_vendor/lib:/opt/ros/foxy/lib/aarch64-linux-gnu:/opt/ros/foxy/lib:/usr/local/cuda-11.4/lib64 /usr/bin/cmake --build /home/unitree/navigation_ws/build/bringup -- -j8 -l8
[4.974s] Invoking command in '/home/unitree/navigation_ws/build/bringup': AMENT_PREFIX_PATH=/home/unitree/navigation_ws/install/pointcloud_to_laserscan:${AMENT_PREFIX_PATH} CMAKE_PREFIX_PATH=/home/unitree/navigation_ws/install/pointcloud_to_laserscan:/home/unitree/cyclonedds_ws/install/rmw_cyclonedds_cpp:/home/unitree/cyclonedds_ws/install/cyclonedds:/opt/ros/foxy LD_LIBRARY_PATH=/home/unitree/navigation_ws/install/pointcloud_to_laserscan/lib:/usr/local/cuda-11.4/lib64:/usr/local/lib:/home/unitree/cyclonedds_ws/install/rmw_cyclonedds_cpp/lib:/home/unitree/cyclonedds_ws/install/cyclonedds/lib:/opt/ros/foxy/opt/yaml_cpp_vendor/lib:/opt/ros/foxy/opt/rviz_ogre_vendor/lib:/opt/ros/foxy/lib/aarch64-linux-gnu:/opt/ros/foxy/lib:/usr/local/cuda-11.4/lib64 /usr/bin/cmake --install /home/unitree/navigation_ws/build/bringup
[30.551s] -- Install configuration: ""
[30.554s] -- Execute custom install script
[30.561s] -- Symlinking: /home/unitree/navigation_ws/install/bringup/share/bringup/launch/localization_launch.py
[30.562s] -- Symlinking: /home/unitree/navigation_ws/install/bringup/share/bringup/launch/navigation_launch.py
[30.563s] -- Symlinking: /home/unitree/navigation_ws/install/bringup/share/bringup/launch/sentry_bringup_launch_new.py
[30.563s] -- Symlinking: /home/unitree/navigation_ws/install/bringup/share/bringup/maps/301.pgm
[30.563s] -- Symlinking: /home/unitree/navigation_ws/install/bringup/share/bringup/maps/301.yaml
[30.563s] -- Symlinking: /home/unitree/navigation_ws/install/bringup/share/bringup/maps/406_transformed.pgm
[30.563s] -- Symlinking: /home/unitree/navigation_ws/install/bringup/share/bringup/maps/406_transformed.yaml
[30.563s] -- Symlinking: /home/unitree/navigation_ws/install/bringup/share/bringup/maps/blank.pgm
[30.563s] -- Symlinking: /home/unitree/navigation_ws/install/bringup/share/bringup/maps/blank.yaml
[30.564s] -- Symlinking: /home/unitree/navigation_ws/install/bringup/share/bringup/maps/new_406_1.pgm
[30.564s] -- Symlinking: /home/unitree/navigation_ws/install/bringup/share/bringup/maps/new_406_1.yaml
[30.564s] -- Symlinking: /home/unitree/navigation_ws/install/bringup/share/bringup/maps/new_transformed.pgm
[30.564s] -- Symlinking: /home/unitree/navigation_ws/install/bringup/share/bringup/maps/new_transformed.yaml
[30.564s] -- Symlinking: /home/unitree/navigation_ws/install/bringup/share/bringup/maps/rmuc_2025_edited.pgm
[30.564s] -- Symlinking: /home/unitree/navigation_ws/install/bringup/share/bringup/maps/rmuc_2025_edited.yaml
[30.564s] -- Symlinking: /home/unitree/navigation_ws/install/bringup/share/bringup/maps/rmuc_2025_final.pgm
[30.564s] -- Symlinking: /home/unitree/navigation_ws/install/bringup/share/bringup/maps/rmuc_2025_final.yaml
[30.564s] -- Symlinking: /home/unitree/navigation_ws/install/bringup/share/bringup/maps/test_406.pgm
[30.564s] -- Symlinking: /home/unitree/navigation_ws/install/bringup/share/bringup/maps/test_406.yaml
[30.564s] -- Symlinking: /home/unitree/navigation_ws/install/bringup/share/bringup/3dmap/Ground_points.pcd
[30.565s] -- Symlinking: /home/unitree/navigation_ws/install/bringup/share/bringup/3dmap/new_transformed.pcd
[30.565s] -- Symlinking: /home/unitree/navigation_ws/install/bringup/share/bringup/3dmap/rain.pcd
[30.565s] -- Symlinking: /home/unitree/navigation_ws/install/bringup/share/bringup/3dmap/rmuc_2025_fianl.pcd
[30.565s] -- Symlinking: /home/unitree/navigation_ws/install/bringup/share/bringup/3dmap/rmuc_b.pcd
[30.565s] -- Symlinking: /home/unitree/navigation_ws/install/bringup/share/bringup/3dmap/rmuc_r.pcd
[30.565s] -- Symlinking: /home/unitree/navigation_ws/install/bringup/share/bringup/3dmap/rmuc_r_transformed_edited.pcd
[30.565s] -- Symlinking: /home/unitree/navigation_ws/install/bringup/share/bringup/3dmap/rmuc_transformed_new.pcd
[30.565s] -- Symlinking: /home/unitree/navigation_ws/install/bringup/share/bringup/3dmap/scans_20250731_092010.pcd
[30.565s] -- Symlinking: /home/unitree/navigation_ws/install/bringup/share/bringup/3dmap/transformed.pcd
[30.566s] -- Symlinking: /home/unitree/navigation_ws/install/bringup/share/bringup/rviz/nav2_default_view.rviz
[30.566s] -- Symlinking: /home/unitree/navigation_ws/install/bringup/share/bringup/rviz/nav2_namespaced_view.rviz
[30.566s] -- Symlinking: /home/unitree/navigation_ws/install/bringup/share/bringup/params/differential_pp_rmuc_2024.yaml
[30.566s] -- Symlinking: /home/unitree/navigation_ws/install/bringup/share/bringup/params/double_lidar_rmuc_2025.yaml
[30.566s] -- Symlinking: /home/unitree/navigation_ws/install/bringup/share/bringup/params/nav2_params.yaml
[30.566s] -- Symlinking: /home/unitree/navigation_ws/install/bringup/share/bringup/params/nav2_params_humble.yaml
[30.566s] -- Symlinking: /home/unitree/navigation_ws/install/bringup/share/bringup/params/nav2_params_invincible.yaml
[30.566s] -- Symlinking: /home/unitree/navigation_ws/install/bringup/share/bringup/params/nav2_params_invincible_omni.yaml
[30.566s] -- Symlinking: /home/unitree/navigation_ws/install/bringup/share/bringup/params/nav2_params_mpc.yaml
[30.566s] -- Symlinking: /home/unitree/navigation_ws/install/bringup/share/bringup/params/omni_mpc_rmuc_2024.yaml
[30.566s] -- Symlinking: /home/unitree/navigation_ws/install/bringup/share/bringup/params/omni_mpc_rmul_2024.yaml
[30.567s] -- Symlinking: /home/unitree/navigation_ws/install/bringup/share/bringup/params/pointcloud_to_laserscan.yaml
[30.567s] -- Symlinking: /home/unitree/navigation_ws/install/bringup/share/bringup/params/slam.yaml
[30.567s] -- Symlinking: /home/unitree/navigation_ws/install/bringup/share/bringup/params/steering_mpc_rmuc_2024.yaml
[30.567s] -- Symlinking: /home/unitree/navigation_ws/install/bringup/share/bringup/params/steering_rmuc_2025.yaml
[30.567s] -- Symlinking: /home/unitree/navigation_ws/install/bringup/share/ament_index/resource_index/package_run_dependencies/bringup
[30.567s] -- Symlinking: /home/unitree/navigation_ws/install/bringup/share/ament_index/resource_index/parent_prefix_path/bringup
[30.567s] -- Symlinking: /home/unitree/navigation_ws/install/bringup/share/bringup/environment/ament_prefix_path.sh
[30.567s] -- Symlinking: /home/unitree/navigation_ws/install/bringup/share/bringup/environment/ament_prefix_path.dsv
[30.567s] -- Symlinking: /home/unitree/navigation_ws/install/bringup/share/bringup/environment/path.sh
[30.567s] -- Symlinking: /home/unitree/navigation_ws/install/bringup/share/bringup/environment/path.dsv
[30.567s] -- Symlinking: /home/unitree/navigation_ws/install/bringup/share/bringup/local_setup.bash
[30.568s] -- Symlinking: /home/unitree/navigation_ws/install/bringup/share/bringup/local_setup.sh
[30.568s] -- Symlinking: /home/unitree/navigation_ws/install/bringup/share/bringup/local_setup.zsh
[30.568s] -- Symlinking: /home/unitree/navigation_ws/install/bringup/share/bringup/local_setup.dsv
[30.568s] -- Symlinking: /home/unitree/navigation_ws/install/bringup/share/bringup/package.dsv
[30.568s] -- Symlinking: /home/unitree/navigation_ws/install/bringup/share/ament_index/resource_index/packages/bringup
[30.568s] -- Symlinking: /home/unitree/navigation_ws/install/bringup/share/bringup/cmake/bringupConfig.cmake
[30.568s] -- Symlinking: /home/unitree/navigation_ws/install/bringup/share/bringup/cmake/bringupConfig-version.cmake
[30.568s] -- Symlinking: /home/unitree/navigation_ws/install/bringup/share/bringup/package.xml
[30.603s] Invoked command in '/home/unitree/navigation_ws/build/bringup' returned '0': AMENT_PREFIX_PATH=/home/unitree/navigation_ws/install/pointcloud_to_laserscan:${AMENT_PREFIX_PATH} CMAKE_PREFIX_PATH=/home/unitree/navigation_ws/install/pointcloud_to_laserscan:/home/unitree/cyclonedds_ws/install/rmw_cyclonedds_cpp:/home/unitree/cyclonedds_ws/install/cyclonedds:/opt/ros/foxy LD_LIBRARY_PATH=/home/unitree/navigation_ws/install/pointcloud_to_laserscan/lib:/usr/local/cuda-11.4/lib64:/usr/local/lib:/home/unitree/cyclonedds_ws/install/rmw_cyclonedds_cpp/lib:/home/unitree/cyclonedds_ws/install/cyclonedds/lib:/opt/ros/foxy/opt/yaml_cpp_vendor/lib:/opt/ros/foxy/opt/rviz_ogre_vendor/lib:/opt/ros/foxy/lib/aarch64-linux-gnu:/opt/ros/foxy/lib:/usr/local/cuda-11.4/lib64 /usr/bin/cmake --install /home/unitree/navigation_ws/build/bringup
