-- The C compiler identification is GNU 9.4.0
-- The CXX compiler identification is GNU 9.4.0
-- Check for working C compiler: /usr/bin/cc
-- Check for working C compiler: /usr/bin/cc -- works
-- Detecting C compiler ABI info
-- Detecting C compiler ABI info - done
-- Detecting C compile features
-- Detecting C compile features - done
-- Check for working CXX compiler: /usr/bin/c++
-- Check for working CXX compiler: /usr/bin/c++ -- works
-- Detecting CXX compiler ABI info
-- Detecting CXX compiler ABI info - done
-- Detecting CXX compile features
-- Detecting CXX compile features - done
-- Found ament_cmake: 0.9.12 (/opt/ros/foxy/share/ament_cmake/cmake)
-- Found PythonInterp: /usr/bin/python3 (found suitable version "3.8.10", minimum required is "3") 
-- Using PYTHON_EXECUTABLE: /usr/bin/python3
-- Found ament_cmake_auto: 0.9.12 (/opt/ros/foxy/share/ament_cmake_auto/cmake)
-- Found std_msgs: 2.0.5 (/opt/ros/foxy/share/std_msgs/cmake)
-- Using all available rosidl_typesupport_c: rosidl_typesupport_fastrtps_c;rosidl_typesupport_introspection_c
-- Found rosidl_adapter: 1.3.1 (/opt/ros/foxy/share/rosidl_adapter/cmake)
-- Found OpenSSL: /usr/lib/aarch64-linux-gnu/libcrypto.so (found version "1.1.1f")  
-- Found FastRTPS: /opt/ros/foxy/include  
-- Using all available rosidl_typesupport_cpp: rosidl_typesupport_fastrtps_cpp;rosidl_typesupport_introspection_cpp
-- Found rosidl_default_generators: 1.0.1 (/opt/ros/foxy/share/rosidl_default_generators/cmake)
-- Found ament_lint_auto: 0.9.8 (/opt/ros/foxy/share/ament_lint_auto/cmake)
-- Found PythonInterp: /usr/bin/python3 (found version "3.8.10") 
-- Found ament_cmake_ros: 0.9.2 (/opt/ros/foxy/share/ament_cmake_ros/cmake)
-- Using all available rosidl_typesupport_c: rosidl_typesupport_fastrtps_c;rosidl_typesupport_introspection_c
-- Using all available rosidl_typesupport_cpp: rosidl_typesupport_fastrtps_cpp;rosidl_typesupport_introspection_cpp
-- Found PythonInterp: /usr/bin/python3 (found suitable version "3.8.10", minimum required is "3.5") 
-- Found python_cmake_module: 0.8.1 (/opt/ros/foxy/share/python_cmake_module/cmake)
-- Found PythonLibs: /usr/lib/aarch64-linux-gnu/libpython3.8.so (found suitable version "3.8.10", minimum required is "3.5") 
-- Using PYTHON_EXECUTABLE: /usr/bin/python3
-- Using PYTHON_INCLUDE_DIRS: /usr/include/python3.8
-- Using PYTHON_LIBRARIES: /usr/lib/aarch64-linux-gnu/libpython3.8.so
-- Found PythonExtra: .so  
-- Added test 'lint_cmake' to check CMake code style
-- Added test 'xmllint' to check XML markup files
-- Configuring done
-- Generating done
-- Build files have been written to: /home/unitree/navigation_ws/build/rm_autonomy_interfaces
[35m[1mScanning dependencies of target rm_autonomy_interfaces__cpp[0m
[  0%] Built target rm_autonomy_interfaces__cpp
[35m[1mScanning dependencies of target rm_autonomy_interfaces__rosidl_generator_c[0m
[  0%] [32mBuilding C object CMakeFiles/rm_autonomy_interfaces__rosidl_generator_c.dir/rosidl_generator_c/rm_autonomy_interfaces/msg/detail/all_robot_hp__functions.c.o[0m
[35m[1mScanning dependencies of target rm_autonomy_interfaces__rosidl_typesupport_fastrtps_cpp[0m
[35m[1mScanning dependencies of target rm_autonomy_interfaces__rosidl_typesupport_introspection_cpp[0m
[35m[1mScanning dependencies of target rm_autonomy_interfaces__rosidl_typesupport_cpp[0m
[  1%] [32mBuilding C object CMakeFiles/rm_autonomy_interfaces__rosidl_generator_c.dir/rosidl_generator_c/rm_autonomy_interfaces/msg/detail/arena_status__functions.c.o[0m
[  2%] [32mBuilding C object CMakeFiles/rm_autonomy_interfaces__rosidl_generator_c.dir/rosidl_generator_c/rm_autonomy_interfaces/msg/detail/autoaim_communication__functions.c.o[0m
[  2%] [32mBuilding C object CMakeFiles/rm_autonomy_interfaces__rosidl_generator_c.dir/rosidl_generator_c/rm_autonomy_interfaces/msg/detail/game_status__functions.c.o[0m
[  3%] [32mBuilding C object CMakeFiles/rm_autonomy_interfaces__rosidl_generator_c.dir/rosidl_generator_c/rm_autonomy_interfaces/msg/detail/ally_robot_position__functions.c.o[0m
[  4%] [32mBuilding CXX object CMakeFiles/rm_autonomy_interfaces__rosidl_typesupport_fastrtps_cpp.dir/rosidl_typesupport_fastrtps_cpp/rm_autonomy_interfaces/msg/detail/dds_fastrtps/all_robot_hp__type_support.cpp.o[0m
[  5%] [32mBuilding CXX object CMakeFiles/rm_autonomy_interfaces__rosidl_typesupport_introspection_cpp.dir/rosidl_typesupport_introspection_cpp/rm_autonomy_interfaces/msg/detail/all_robot_hp__type_support.cpp.o[0m
[  6%] [32mBuilding CXX object CMakeFiles/rm_autonomy_interfaces__rosidl_typesupport_cpp.dir/rosidl_typesupport_cpp/rm_autonomy_interfaces/msg/all_robot_hp__type_support.cpp.o[0m
[  6%] [32mBuilding CXX object CMakeFiles/rm_autonomy_interfaces__rosidl_typesupport_cpp.dir/rosidl_typesupport_cpp/rm_autonomy_interfaces/msg/ally_robot_position__type_support.cpp.o[0m
[  7%] [32mBuilding C object CMakeFiles/rm_autonomy_interfaces__rosidl_generator_c.dir/rosidl_generator_c/rm_autonomy_interfaces/msg/detail/enemy_robot_mark__functions.c.o[0m
[  8%] [32mBuilding C object CMakeFiles/rm_autonomy_interfaces__rosidl_generator_c.dir/rosidl_generator_c/rm_autonomy_interfaces/msg/detail/human_intervention__functions.c.o[0m
[  8%] [32mBuilding C object CMakeFiles/rm_autonomy_interfaces__rosidl_generator_c.dir/rosidl_generator_c/rm_autonomy_interfaces/msg/detail/omni_sensing__functions.c.o[0m
[  9%] [32mBuilding C object CMakeFiles/rm_autonomy_interfaces__rosidl_generator_c.dir/rosidl_generator_c/rm_autonomy_interfaces/msg/detail/radar_enemy_position__functions.c.o[0m
[ 10%] [32mBuilding C object CMakeFiles/rm_autonomy_interfaces__rosidl_generator_c.dir/rosidl_generator_c/rm_autonomy_interfaces/msg/detail/radar_target__functions.c.o[0m
[ 10%] [32mBuilding C object CMakeFiles/rm_autonomy_interfaces__rosidl_generator_c.dir/rosidl_generator_c/rm_autonomy_interfaces/msg/detail/self_state__functions.c.o[0m
[ 11%] [32mBuilding C object CMakeFiles/rm_autonomy_interfaces__rosidl_generator_c.dir/rosidl_generator_c/rm_autonomy_interfaces/msg/detail/navigate_command__functions.c.o[0m
[ 12%] [32mBuilding C object CMakeFiles/rm_autonomy_interfaces__rosidl_generator_c.dir/rosidl_generator_c/rm_autonomy_interfaces/msg/detail/fire_trigger__functions.c.o[0m
[ 13%] [32mBuilding C object CMakeFiles/rm_autonomy_interfaces__rosidl_generator_c.dir/rosidl_generator_c/rm_autonomy_interfaces/msg/detail/invincible_target__functions.c.o[0m
[ 14%] [32mBuilding CXX object CMakeFiles/rm_autonomy_interfaces__rosidl_typesupport_fastrtps_cpp.dir/rosidl_typesupport_fastrtps_cpp/rm_autonomy_interfaces/msg/detail/dds_fastrtps/ally_robot_position__type_support.cpp.o[0m
[ 15%] [32mBuilding CXX object CMakeFiles/rm_autonomy_interfaces__rosidl_typesupport_cpp.dir/rosidl_typesupport_cpp/rm_autonomy_interfaces/msg/arena_status__type_support.cpp.o[0m
[ 15%] [32mBuilding CXX object CMakeFiles/rm_autonomy_interfaces__rosidl_typesupport_cpp.dir/rosidl_typesupport_cpp/rm_autonomy_interfaces/msg/game_status__type_support.cpp.o[0m
[ 15%] [32mBuilding C object CMakeFiles/rm_autonomy_interfaces__rosidl_generator_c.dir/rosidl_generator_c/rm_autonomy_interfaces/msg/detail/chase_control__functions.c.o[0m
[ 15%] [32mBuilding CXX object CMakeFiles/rm_autonomy_interfaces__rosidl_typesupport_fastrtps_cpp.dir/rosidl_typesupport_fastrtps_cpp/rm_autonomy_interfaces/msg/detail/dds_fastrtps/arena_status__type_support.cpp.o[0m
[ 16%] [32mBuilding CXX object CMakeFiles/rm_autonomy_interfaces__rosidl_typesupport_cpp.dir/rosidl_typesupport_cpp/rm_autonomy_interfaces/msg/autoaim_communication__type_support.cpp.o[0m
[ 17%] [32mBuilding CXX object CMakeFiles/rm_autonomy_interfaces__rosidl_typesupport_cpp.dir/rosidl_typesupport_cpp/rm_autonomy_interfaces/msg/enemy_robot_mark__type_support.cpp.o[0m
[ 18%] [32mBuilding CXX object CMakeFiles/rm_autonomy_interfaces__rosidl_typesupport_introspection_cpp.dir/rosidl_typesupport_introspection_cpp/rm_autonomy_interfaces/msg/detail/ally_robot_position__type_support.cpp.o[0m
[ 19%] [32m[1mLinking C shared library librm_autonomy_interfaces__rosidl_generator_c.so[0m
[ 20%] [32mBuilding CXX object CMakeFiles/rm_autonomy_interfaces__rosidl_typesupport_cpp.dir/rosidl_typesupport_cpp/rm_autonomy_interfaces/msg/human_intervention__type_support.cpp.o[0m
[ 21%] Built target rm_autonomy_interfaces__rosidl_generator_c
[35m[1mScanning dependencies of target rm_autonomy_interfaces__rosidl_typesupport_introspection_c[0m
[ 22%] [32mBuilding CXX object CMakeFiles/rm_autonomy_interfaces__rosidl_typesupport_cpp.dir/rosidl_typesupport_cpp/rm_autonomy_interfaces/msg/omni_sensing__type_support.cpp.o[0m
[ 22%] [32mBuilding CXX object CMakeFiles/rm_autonomy_interfaces__rosidl_typesupport_cpp.dir/rosidl_typesupport_cpp/rm_autonomy_interfaces/msg/radar_enemy_position__type_support.cpp.o[0m
[ 23%] [32mBuilding C object CMakeFiles/rm_autonomy_interfaces__rosidl_typesupport_introspection_c.dir/rosidl_typesupport_introspection_c/rm_autonomy_interfaces/msg/detail/all_robot_hp__type_support.c.o[0m
[ 24%] [32mBuilding CXX object CMakeFiles/rm_autonomy_interfaces__rosidl_typesupport_cpp.dir/rosidl_typesupport_cpp/rm_autonomy_interfaces/msg/radar_target__type_support.cpp.o[0m
[ 24%] [32mBuilding C object CMakeFiles/rm_autonomy_interfaces__rosidl_typesupport_introspection_c.dir/rosidl_typesupport_introspection_c/rm_autonomy_interfaces/msg/detail/ally_robot_position__type_support.c.o[0m
[ 25%] [32mBuilding C object CMakeFiles/rm_autonomy_interfaces__rosidl_typesupport_introspection_c.dir/rosidl_typesupport_introspection_c/rm_autonomy_interfaces/msg/detail/arena_status__type_support.c.o[0m
[ 25%] [32mBuilding CXX object CMakeFiles/rm_autonomy_interfaces__rosidl_typesupport_introspection_cpp.dir/rosidl_typesupport_introspection_cpp/rm_autonomy_interfaces/msg/detail/arena_status__type_support.cpp.o[0m
[ 26%] [32mBuilding CXX object CMakeFiles/rm_autonomy_interfaces__rosidl_typesupport_fastrtps_cpp.dir/rosidl_typesupport_fastrtps_cpp/rm_autonomy_interfaces/msg/detail/dds_fastrtps/autoaim_communication__type_support.cpp.o[0m
[ 27%] [32mBuilding C object CMakeFiles/rm_autonomy_interfaces__rosidl_typesupport_introspection_c.dir/rosidl_typesupport_introspection_c/rm_autonomy_interfaces/msg/detail/autoaim_communication__type_support.c.o[0m
[ 28%] [32mBuilding CXX object CMakeFiles/rm_autonomy_interfaces__rosidl_typesupport_fastrtps_cpp.dir/rosidl_typesupport_fastrtps_cpp/rm_autonomy_interfaces/msg/detail/dds_fastrtps/game_status__type_support.cpp.o[0m
[ 29%] [32mBuilding C object CMakeFiles/rm_autonomy_interfaces__rosidl_typesupport_introspection_c.dir/rosidl_typesupport_introspection_c/rm_autonomy_interfaces/msg/detail/game_status__type_support.c.o[0m
[ 29%] [32mBuilding CXX object CMakeFiles/rm_autonomy_interfaces__rosidl_typesupport_fastrtps_cpp.dir/rosidl_typesupport_fastrtps_cpp/rm_autonomy_interfaces/msg/detail/dds_fastrtps/enemy_robot_mark__type_support.cpp.o[0m
[ 29%] [32mBuilding C object CMakeFiles/rm_autonomy_interfaces__rosidl_typesupport_introspection_c.dir/rosidl_typesupport_introspection_c/rm_autonomy_interfaces/msg/detail/enemy_robot_mark__type_support.c.o[0m
[ 30%] [32mBuilding CXX object CMakeFiles/rm_autonomy_interfaces__rosidl_typesupport_cpp.dir/rosidl_typesupport_cpp/rm_autonomy_interfaces/msg/self_state__type_support.cpp.o[0m
[ 31%] [32mBuilding C object CMakeFiles/rm_autonomy_interfaces__rosidl_typesupport_introspection_c.dir/rosidl_typesupport_introspection_c/rm_autonomy_interfaces/msg/detail/human_intervention__type_support.c.o[0m
[ 32%] [32mBuilding CXX object CMakeFiles/rm_autonomy_interfaces__rosidl_typesupport_cpp.dir/rosidl_typesupport_cpp/rm_autonomy_interfaces/msg/fire_trigger__type_support.cpp.o[0m
[ 32%] [32mBuilding CXX object CMakeFiles/rm_autonomy_interfaces__rosidl_typesupport_cpp.dir/rosidl_typesupport_cpp/rm_autonomy_interfaces/msg/navigate_command__type_support.cpp.o[0m
[ 33%] [32mBuilding C object CMakeFiles/rm_autonomy_interfaces__rosidl_typesupport_introspection_c.dir/rosidl_typesupport_introspection_c/rm_autonomy_interfaces/msg/detail/omni_sensing__type_support.c.o[0m
[ 34%] [32mBuilding CXX object CMakeFiles/rm_autonomy_interfaces__rosidl_typesupport_introspection_cpp.dir/rosidl_typesupport_introspection_cpp/rm_autonomy_interfaces/msg/detail/autoaim_communication__type_support.cpp.o[0m
[ 34%] [32mBuilding C object CMakeFiles/rm_autonomy_interfaces__rosidl_typesupport_introspection_c.dir/rosidl_typesupport_introspection_c/rm_autonomy_interfaces/msg/detail/radar_enemy_position__type_support.c.o[0m
[ 35%] [32mBuilding C object CMakeFiles/rm_autonomy_interfaces__rosidl_typesupport_introspection_c.dir/rosidl_typesupport_introspection_c/rm_autonomy_interfaces/msg/detail/radar_target__type_support.c.o[0m
[ 36%] [32mBuilding C object CMakeFiles/rm_autonomy_interfaces__rosidl_typesupport_introspection_c.dir/rosidl_typesupport_introspection_c/rm_autonomy_interfaces/msg/detail/self_state__type_support.c.o[0m
[ 37%] [32mBuilding CXX object CMakeFiles/rm_autonomy_interfaces__rosidl_typesupport_introspection_cpp.dir/rosidl_typesupport_introspection_cpp/rm_autonomy_interfaces/msg/detail/game_status__type_support.cpp.o[0m
[ 37%] [32mBuilding C object CMakeFiles/rm_autonomy_interfaces__rosidl_typesupport_introspection_c.dir/rosidl_typesupport_introspection_c/rm_autonomy_interfaces/msg/detail/navigate_command__type_support.c.o[0m
[ 38%] [32mBuilding C object CMakeFiles/rm_autonomy_interfaces__rosidl_typesupport_introspection_c.dir/rosidl_typesupport_introspection_c/rm_autonomy_interfaces/msg/detail/fire_trigger__type_support.c.o[0m
[ 39%] [32mBuilding C object CMakeFiles/rm_autonomy_interfaces__rosidl_typesupport_introspection_c.dir/rosidl_typesupport_introspection_c/rm_autonomy_interfaces/msg/detail/invincible_target__type_support.c.o[0m
[ 40%] [32mBuilding CXX object CMakeFiles/rm_autonomy_interfaces__rosidl_typesupport_cpp.dir/rosidl_typesupport_cpp/rm_autonomy_interfaces/msg/invincible_target__type_support.cpp.o[0m
[ 41%] [32mBuilding C object CMakeFiles/rm_autonomy_interfaces__rosidl_typesupport_introspection_c.dir/rosidl_typesupport_introspection_c/rm_autonomy_interfaces/msg/detail/chase_control__type_support.c.o[0m
[ 41%] [32mBuilding CXX object CMakeFiles/rm_autonomy_interfaces__rosidl_typesupport_fastrtps_cpp.dir/rosidl_typesupport_fastrtps_cpp/rm_autonomy_interfaces/msg/detail/dds_fastrtps/radar_enemy_position__type_support.cpp.o[0m
[ 42%] [32mBuilding CXX object CMakeFiles/rm_autonomy_interfaces__rosidl_typesupport_fastrtps_cpp.dir/rosidl_typesupport_fastrtps_cpp/rm_autonomy_interfaces/msg/detail/dds_fastrtps/omni_sensing__type_support.cpp.o[0m
[ 43%] [32mBuilding CXX object CMakeFiles/rm_autonomy_interfaces__rosidl_typesupport_fastrtps_cpp.dir/rosidl_typesupport_fastrtps_cpp/rm_autonomy_interfaces/msg/detail/dds_fastrtps/human_intervention__type_support.cpp.o[0m
[ 43%] [32mBuilding CXX object CMakeFiles/rm_autonomy_interfaces__rosidl_typesupport_cpp.dir/rosidl_typesupport_cpp/rm_autonomy_interfaces/msg/chase_control__type_support.cpp.o[0m
[ 44%] [32mBuilding CXX object CMakeFiles/rm_autonomy_interfaces__rosidl_typesupport_fastrtps_cpp.dir/rosidl_typesupport_fastrtps_cpp/rm_autonomy_interfaces/msg/detail/dds_fastrtps/radar_target__type_support.cpp.o[0m
[ 44%] [32m[1mLinking C shared library librm_autonomy_interfaces__rosidl_typesupport_introspection_c.so[0m
[ 45%] Built target rm_autonomy_interfaces__rosidl_typesupport_introspection_c
[35m[1mScanning dependencies of target rm_autonomy_interfaces__rosidl_typesupport_c[0m
[ 45%] [32mBuilding CXX object CMakeFiles/rm_autonomy_interfaces__rosidl_typesupport_c.dir/rosidl_typesupport_c/rm_autonomy_interfaces/msg/all_robot_hp__type_support.cpp.o[0m
[ 46%] [32mBuilding CXX object CMakeFiles/rm_autonomy_interfaces__rosidl_typesupport_c.dir/rosidl_typesupport_c/rm_autonomy_interfaces/msg/ally_robot_position__type_support.cpp.o[0m
[ 47%] [32mBuilding CXX object CMakeFiles/rm_autonomy_interfaces__rosidl_typesupport_fastrtps_cpp.dir/rosidl_typesupport_fastrtps_cpp/rm_autonomy_interfaces/msg/detail/dds_fastrtps/self_state__type_support.cpp.o[0m
[ 48%] [32mBuilding CXX object CMakeFiles/rm_autonomy_interfaces__rosidl_typesupport_c.dir/rosidl_typesupport_c/rm_autonomy_interfaces/msg/arena_status__type_support.cpp.o[0m
[ 48%] [32mBuilding CXX object CMakeFiles/rm_autonomy_interfaces__rosidl_typesupport_c.dir/rosidl_typesupport_c/rm_autonomy_interfaces/msg/autoaim_communication__type_support.cpp.o[0m
[ 49%] [32mBuilding CXX object CMakeFiles/rm_autonomy_interfaces__rosidl_typesupport_introspection_cpp.dir/rosidl_typesupport_introspection_cpp/rm_autonomy_interfaces/msg/detail/enemy_robot_mark__type_support.cpp.o[0m
[ 50%] [32mBuilding CXX object CMakeFiles/rm_autonomy_interfaces__rosidl_typesupport_c.dir/rosidl_typesupport_c/rm_autonomy_interfaces/msg/game_status__type_support.cpp.o[0m
[ 51%] [32mBuilding CXX object CMakeFiles/rm_autonomy_interfaces__rosidl_typesupport_c.dir/rosidl_typesupport_c/rm_autonomy_interfaces/msg/enemy_robot_mark__type_support.cpp.o[0m
[ 52%] [32mBuilding CXX object CMakeFiles/rm_autonomy_interfaces__rosidl_typesupport_fastrtps_cpp.dir/rosidl_typesupport_fastrtps_cpp/rm_autonomy_interfaces/msg/detail/dds_fastrtps/navigate_command__type_support.cpp.o[0m
[ 53%] [32mBuilding CXX object CMakeFiles/rm_autonomy_interfaces__rosidl_typesupport_c.dir/rosidl_typesupport_c/rm_autonomy_interfaces/msg/human_intervention__type_support.cpp.o[0m
[ 53%] [32mBuilding CXX object CMakeFiles/rm_autonomy_interfaces__rosidl_typesupport_introspection_cpp.dir/rosidl_typesupport_introspection_cpp/rm_autonomy_interfaces/msg/detail/human_intervention__type_support.cpp.o[0m
[ 54%] [32mBuilding CXX object CMakeFiles/rm_autonomy_interfaces__rosidl_typesupport_introspection_cpp.dir/rosidl_typesupport_introspection_cpp/rm_autonomy_interfaces/msg/detail/omni_sensing__type_support.cpp.o[0m
[ 55%] [32m[1mLinking CXX shared library librm_autonomy_interfaces__rosidl_typesupport_cpp.so[0m
[ 55%] [32mBuilding CXX object CMakeFiles/rm_autonomy_interfaces__rosidl_typesupport_c.dir/rosidl_typesupport_c/rm_autonomy_interfaces/msg/omni_sensing__type_support.cpp.o[0m
[ 56%] [32mBuilding CXX object CMakeFiles/rm_autonomy_interfaces__rosidl_typesupport_c.dir/rosidl_typesupport_c/rm_autonomy_interfaces/msg/radar_enemy_position__type_support.cpp.o[0m
[ 57%] [32mBuilding CXX object CMakeFiles/rm_autonomy_interfaces__rosidl_typesupport_c.dir/rosidl_typesupport_c/rm_autonomy_interfaces/msg/radar_target__type_support.cpp.o[0m
[ 58%] Built target rm_autonomy_interfaces__rosidl_typesupport_cpp
[ 59%] [32mBuilding CXX object CMakeFiles/rm_autonomy_interfaces__rosidl_typesupport_introspection_cpp.dir/rosidl_typesupport_introspection_cpp/rm_autonomy_interfaces/msg/detail/radar_enemy_position__type_support.cpp.o[0m
[ 59%] [32mBuilding CXX object CMakeFiles/rm_autonomy_interfaces__rosidl_typesupport_c.dir/rosidl_typesupport_c/rm_autonomy_interfaces/msg/self_state__type_support.cpp.o[0m
[ 60%] [32mBuilding CXX object CMakeFiles/rm_autonomy_interfaces__rosidl_typesupport_c.dir/rosidl_typesupport_c/rm_autonomy_interfaces/msg/navigate_command__type_support.cpp.o[0m
[ 61%] [32mBuilding CXX object CMakeFiles/rm_autonomy_interfaces__rosidl_typesupport_c.dir/rosidl_typesupport_c/rm_autonomy_interfaces/msg/fire_trigger__type_support.cpp.o[0m
[ 61%] [32mBuilding CXX object CMakeFiles/rm_autonomy_interfaces__rosidl_typesupport_introspection_cpp.dir/rosidl_typesupport_introspection_cpp/rm_autonomy_interfaces/msg/detail/radar_target__type_support.cpp.o[0m
[ 61%] [32mBuilding CXX object CMakeFiles/rm_autonomy_interfaces__rosidl_typesupport_fastrtps_cpp.dir/rosidl_typesupport_fastrtps_cpp/rm_autonomy_interfaces/msg/detail/dds_fastrtps/fire_trigger__type_support.cpp.o[0m
[ 61%] [32mBuilding CXX object CMakeFiles/rm_autonomy_interfaces__rosidl_typesupport_c.dir/rosidl_typesupport_c/rm_autonomy_interfaces/msg/invincible_target__type_support.cpp.o[0m
[ 62%] [32mBuilding CXX object CMakeFiles/rm_autonomy_interfaces__rosidl_typesupport_c.dir/rosidl_typesupport_c/rm_autonomy_interfaces/msg/chase_control__type_support.cpp.o[0m
[ 63%] [32mBuilding CXX object CMakeFiles/rm_autonomy_interfaces__rosidl_typesupport_fastrtps_cpp.dir/rosidl_typesupport_fastrtps_cpp/rm_autonomy_interfaces/msg/detail/dds_fastrtps/invincible_target__type_support.cpp.o[0m
[ 64%] [32m[1mLinking CXX shared library librm_autonomy_interfaces__rosidl_typesupport_c.so[0m
[ 65%] [32mBuilding CXX object CMakeFiles/rm_autonomy_interfaces__rosidl_typesupport_introspection_cpp.dir/rosidl_typesupport_introspection_cpp/rm_autonomy_interfaces/msg/detail/self_state__type_support.cpp.o[0m
[ 66%] [32mBuilding CXX object CMakeFiles/rm_autonomy_interfaces__rosidl_typesupport_fastrtps_cpp.dir/rosidl_typesupport_fastrtps_cpp/rm_autonomy_interfaces/msg/detail/dds_fastrtps/chase_control__type_support.cpp.o[0m
[ 67%] Built target rm_autonomy_interfaces__rosidl_typesupport_c
[ 67%] [32mBuilding CXX object CMakeFiles/rm_autonomy_interfaces__rosidl_typesupport_introspection_cpp.dir/rosidl_typesupport_introspection_cpp/rm_autonomy_interfaces/msg/detail/fire_trigger__type_support.cpp.o[0m
[ 68%] [32mBuilding CXX object CMakeFiles/rm_autonomy_interfaces__rosidl_typesupport_introspection_cpp.dir/rosidl_typesupport_introspection_cpp/rm_autonomy_interfaces/msg/detail/navigate_command__type_support.cpp.o[0m
[ 69%] [32mBuilding CXX object CMakeFiles/rm_autonomy_interfaces__rosidl_typesupport_introspection_cpp.dir/rosidl_typesupport_introspection_cpp/rm_autonomy_interfaces/msg/detail/invincible_target__type_support.cpp.o[0m
[ 70%] [32mBuilding CXX object CMakeFiles/rm_autonomy_interfaces__rosidl_typesupport_introspection_cpp.dir/rosidl_typesupport_introspection_cpp/rm_autonomy_interfaces/msg/detail/chase_control__type_support.cpp.o[0m
[ 70%] [32m[1mLinking CXX shared library librm_autonomy_interfaces__rosidl_typesupport_fastrtps_cpp.so[0m
[ 71%] Built target rm_autonomy_interfaces__rosidl_typesupport_fastrtps_cpp
[35m[1mScanning dependencies of target rm_autonomy_interfaces__rosidl_typesupport_fastrtps_c[0m
[ 71%] [32mBuilding CXX object CMakeFiles/rm_autonomy_interfaces__rosidl_typesupport_fastrtps_c.dir/rosidl_typesupport_fastrtps_c/rm_autonomy_interfaces/msg/detail/ally_robot_position__type_support_c.cpp.o[0m
[ 72%] [32mBuilding CXX object CMakeFiles/rm_autonomy_interfaces__rosidl_typesupport_fastrtps_c.dir/rosidl_typesupport_fastrtps_c/rm_autonomy_interfaces/msg/detail/all_robot_hp__type_support_c.cpp.o[0m
[ 73%] [32mBuilding CXX object CMakeFiles/rm_autonomy_interfaces__rosidl_typesupport_fastrtps_c.dir/rosidl_typesupport_fastrtps_c/rm_autonomy_interfaces/msg/detail/arena_status__type_support_c.cpp.o[0m
[ 74%] [32m[1mLinking CXX shared library librm_autonomy_interfaces__rosidl_typesupport_introspection_cpp.so[0m
[ 74%] Built target rm_autonomy_interfaces__rosidl_typesupport_introspection_cpp
[ 75%] [32mBuilding CXX object CMakeFiles/rm_autonomy_interfaces__rosidl_typesupport_fastrtps_c.dir/rosidl_typesupport_fastrtps_c/rm_autonomy_interfaces/msg/detail/enemy_robot_mark__type_support_c.cpp.o[0m
[ 76%] [32mBuilding CXX object CMakeFiles/rm_autonomy_interfaces__rosidl_typesupport_fastrtps_c.dir/rosidl_typesupport_fastrtps_c/rm_autonomy_interfaces/msg/detail/human_intervention__type_support_c.cpp.o[0m
[ 77%] [32mBuilding CXX object CMakeFiles/rm_autonomy_interfaces__rosidl_typesupport_fastrtps_c.dir/rosidl_typesupport_fastrtps_c/rm_autonomy_interfaces/msg/detail/radar_enemy_position__type_support_c.cpp.o[0m
[ 77%] [32mBuilding CXX object CMakeFiles/rm_autonomy_interfaces__rosidl_typesupport_fastrtps_c.dir/rosidl_typesupport_fastrtps_c/rm_autonomy_interfaces/msg/detail/omni_sensing__type_support_c.cpp.o[0m
[ 78%] [32mBuilding CXX object CMakeFiles/rm_autonomy_interfaces__rosidl_typesupport_fastrtps_c.dir/rosidl_typesupport_fastrtps_c/rm_autonomy_interfaces/msg/detail/invincible_target__type_support_c.cpp.o[0m
[ 78%] [32mBuilding CXX object CMakeFiles/rm_autonomy_interfaces__rosidl_typesupport_fastrtps_c.dir/rosidl_typesupport_fastrtps_c/rm_autonomy_interfaces/msg/detail/chase_control__type_support_c.cpp.o[0m
[ 79%] [32mBuilding CXX object CMakeFiles/rm_autonomy_interfaces__rosidl_typesupport_fastrtps_c.dir/rosidl_typesupport_fastrtps_c/rm_autonomy_interfaces/msg/detail/fire_trigger__type_support_c.cpp.o[0m
[ 79%] [32mBuilding CXX object CMakeFiles/rm_autonomy_interfaces__rosidl_typesupport_fastrtps_c.dir/rosidl_typesupport_fastrtps_c/rm_autonomy_interfaces/msg/detail/navigate_command__type_support_c.cpp.o[0m
[ 80%] [32mBuilding CXX object CMakeFiles/rm_autonomy_interfaces__rosidl_typesupport_fastrtps_c.dir/rosidl_typesupport_fastrtps_c/rm_autonomy_interfaces/msg/detail/self_state__type_support_c.cpp.o[0m
[ 81%] [32mBuilding CXX object CMakeFiles/rm_autonomy_interfaces__rosidl_typesupport_fastrtps_c.dir/rosidl_typesupport_fastrtps_c/rm_autonomy_interfaces/msg/detail/radar_target__type_support_c.cpp.o[0m
[ 81%] [32mBuilding CXX object CMakeFiles/rm_autonomy_interfaces__rosidl_typesupport_fastrtps_c.dir/rosidl_typesupport_fastrtps_c/rm_autonomy_interfaces/msg/detail/game_status__type_support_c.cpp.o[0m
[ 82%] [32mBuilding CXX object CMakeFiles/rm_autonomy_interfaces__rosidl_typesupport_fastrtps_c.dir/rosidl_typesupport_fastrtps_c/rm_autonomy_interfaces/msg/detail/autoaim_communication__type_support_c.cpp.o[0m
[ 83%] [32m[1mLinking CXX shared library librm_autonomy_interfaces__rosidl_typesupport_fastrtps_c.so[0m
[ 84%] Built target rm_autonomy_interfaces__rosidl_typesupport_fastrtps_c
[35m[1mScanning dependencies of target rm_autonomy_interfaces[0m
[ 84%] Built target rm_autonomy_interfaces
[ 85%] Built target rm_autonomy_interfaces__py
[35m[1mScanning dependencies of target rm_autonomy_interfaces__python[0m
[ 86%] [32mBuilding C object CMakeFiles/rm_autonomy_interfaces__python.dir/rosidl_generator_py/rm_autonomy_interfaces/msg/_all_robot_hp_s.c.o[0m
[ 86%] [32mBuilding C object CMakeFiles/rm_autonomy_interfaces__python.dir/rosidl_generator_py/rm_autonomy_interfaces/msg/_omni_sensing_s.c.o[0m
[ 87%] [32mBuilding C object CMakeFiles/rm_autonomy_interfaces__python.dir/rosidl_generator_py/rm_autonomy_interfaces/msg/_radar_enemy_position_s.c.o[0m
[ 88%] [32mBuilding C object CMakeFiles/rm_autonomy_interfaces__python.dir/rosidl_generator_py/rm_autonomy_interfaces/msg/_radar_target_s.c.o[0m
[ 89%] [32mBuilding C object CMakeFiles/rm_autonomy_interfaces__python.dir/rosidl_generator_py/rm_autonomy_interfaces/msg/_self_state_s.c.o[0m
[ 89%] [32mBuilding C object CMakeFiles/rm_autonomy_interfaces__python.dir/rosidl_generator_py/rm_autonomy_interfaces/msg/_navigate_command_s.c.o[0m
[ 90%] [32mBuilding C object CMakeFiles/rm_autonomy_interfaces__python.dir/rosidl_generator_py/rm_autonomy_interfaces/msg/_fire_trigger_s.c.o[0m
[ 91%] [32mBuilding C object CMakeFiles/rm_autonomy_interfaces__python.dir/rosidl_generator_py/rm_autonomy_interfaces/msg/_invincible_target_s.c.o[0m
[ 91%] [32mBuilding C object CMakeFiles/rm_autonomy_interfaces__python.dir/rosidl_generator_py/rm_autonomy_interfaces/msg/_chase_control_s.c.o[0m
[ 92%] [32mBuilding C object CMakeFiles/rm_autonomy_interfaces__python.dir/rosidl_generator_py/rm_autonomy_interfaces/msg/_human_intervention_s.c.o[0m
[ 93%] [32mBuilding C object CMakeFiles/rm_autonomy_interfaces__python.dir/rosidl_generator_py/rm_autonomy_interfaces/msg/_enemy_robot_mark_s.c.o[0m
[ 93%] [32mBuilding C object CMakeFiles/rm_autonomy_interfaces__python.dir/rosidl_generator_py/rm_autonomy_interfaces/msg/_game_status_s.c.o[0m
[ 94%] [32mBuilding C object CMakeFiles/rm_autonomy_interfaces__python.dir/rosidl_generator_py/rm_autonomy_interfaces/msg/_autoaim_communication_s.c.o[0m
[ 95%] [32mBuilding C object CMakeFiles/rm_autonomy_interfaces__python.dir/rosidl_generator_py/rm_autonomy_interfaces/msg/_arena_status_s.c.o[0m
[ 95%] [32mBuilding C object CMakeFiles/rm_autonomy_interfaces__python.dir/rosidl_generator_py/rm_autonomy_interfaces/msg/_ally_robot_position_s.c.o[0m
[ 96%] [32m[1mLinking C shared library rosidl_generator_py/rm_autonomy_interfaces/librm_autonomy_interfaces__python.so[0m
[ 96%] Built target rm_autonomy_interfaces__python
[35m[1mScanning dependencies of target rm_autonomy_interfaces__rosidl_typesupport_c__pyext[0m
[ 97%] [32mBuilding C object CMakeFiles/rm_autonomy_interfaces__rosidl_typesupport_c__pyext.dir/rosidl_generator_py/rm_autonomy_interfaces/_rm_autonomy_interfaces_s.ep.rosidl_typesupport_c.c.o[0m
[ 97%] [32m[1mLinking C shared library rosidl_generator_py/rm_autonomy_interfaces/rm_autonomy_interfaces_s__rosidl_typesupport_c.cpython-38-aarch64-linux-gnu.so[0m
[ 97%] Built target rm_autonomy_interfaces__rosidl_typesupport_c__pyext
[35m[1mScanning dependencies of target rm_autonomy_interfaces__rosidl_typesupport_fastrtps_c__pyext[0m
[ 98%] [32mBuilding C object CMakeFiles/rm_autonomy_interfaces__rosidl_typesupport_fastrtps_c__pyext.dir/rosidl_generator_py/rm_autonomy_interfaces/_rm_autonomy_interfaces_s.ep.rosidl_typesupport_fastrtps_c.c.o[0m
[ 98%] [32m[1mLinking CXX shared library rosidl_generator_py/rm_autonomy_interfaces/rm_autonomy_interfaces_s__rosidl_typesupport_fastrtps_c.cpython-38-aarch64-linux-gnu.so[0m
[ 98%] Built target rm_autonomy_interfaces__rosidl_typesupport_fastrtps_c__pyext
[35m[1mScanning dependencies of target rm_autonomy_interfaces__rosidl_typesupport_introspection_c__pyext[0m
[ 99%] [32mBuilding C object CMakeFiles/rm_autonomy_interfaces__rosidl_typesupport_introspection_c__pyext.dir/rosidl_generator_py/rm_autonomy_interfaces/_rm_autonomy_interfaces_s.ep.rosidl_typesupport_introspection_c.c.o[0m
[100%] [32m[1mLinking C shared library rosidl_generator_py/rm_autonomy_interfaces/rm_autonomy_interfaces_s__rosidl_typesupport_introspection_c.cpython-38-aarch64-linux-gnu.so[0m
[100%] Built target rm_autonomy_interfaces__rosidl_typesupport_introspection_c__pyext
-- Install configuration: "Release"
-- Up-to-date: /home/unitree/navigation_ws/install/rm_autonomy_interfaces/include/rm_autonomy_interfaces
-- Up-to-date: /home/unitree/navigation_ws/install/rm_autonomy_interfaces/include/rm_autonomy_interfaces/msg
-- Up-to-date: /home/unitree/navigation_ws/install/rm_autonomy_interfaces/include/rm_autonomy_interfaces/msg/detail
-- Installing: /home/unitree/navigation_ws/install/rm_autonomy_interfaces/include/rm_autonomy_interfaces/msg/detail/human_intervention__functions.c
-- Installing: /home/unitree/navigation_ws/install/rm_autonomy_interfaces/include/rm_autonomy_interfaces/msg/detail/radar_target__functions.c
-- Installing: /home/unitree/navigation_ws/install/rm_autonomy_interfaces/include/rm_autonomy_interfaces/msg/detail/omni_sensing__functions.c
-- Installing: /home/unitree/navigation_ws/install/rm_autonomy_interfaces/include/rm_autonomy_interfaces/msg/detail/game_status__functions.c
-- Installing: /home/unitree/navigation_ws/install/rm_autonomy_interfaces/include/rm_autonomy_interfaces/msg/detail/enemy_robot_mark__functions.c
-- Installing: /home/unitree/navigation_ws/install/rm_autonomy_interfaces/include/rm_autonomy_interfaces/msg/detail/ally_robot_position__functions.c
-- Installing: /home/unitree/navigation_ws/install/rm_autonomy_interfaces/include/rm_autonomy_interfaces/msg/detail/invincible_target__functions.c
-- Installing: /home/unitree/navigation_ws/install/rm_autonomy_interfaces/include/rm_autonomy_interfaces/msg/detail/radar_enemy_position__functions.c
-- Installing: /home/unitree/navigation_ws/install/rm_autonomy_interfaces/include/rm_autonomy_interfaces/msg/detail/navigate_command__functions.c
-- Installing: /home/unitree/navigation_ws/install/rm_autonomy_interfaces/include/rm_autonomy_interfaces/msg/detail/chase_control__functions.c
-- Installing: /home/unitree/navigation_ws/install/rm_autonomy_interfaces/include/rm_autonomy_interfaces/msg/detail/autoaim_communication__functions.c
-- Installing: /home/unitree/navigation_ws/install/rm_autonomy_interfaces/include/rm_autonomy_interfaces/msg/detail/all_robot_hp__functions.c
-- Installing: /home/unitree/navigation_ws/install/rm_autonomy_interfaces/include/rm_autonomy_interfaces/msg/detail/fire_trigger__functions.c
-- Installing: /home/unitree/navigation_ws/install/rm_autonomy_interfaces/include/rm_autonomy_interfaces/msg/detail/arena_status__functions.c
-- Installing: /home/unitree/navigation_ws/install/rm_autonomy_interfaces/include/rm_autonomy_interfaces/msg/detail/self_state__functions.c
-- Installing: /home/unitree/navigation_ws/install/rm_autonomy_interfaces/lib/librm_autonomy_interfaces__rosidl_generator_c.so
-- Set runtime path of "/home/unitree/navigation_ws/install/rm_autonomy_interfaces/lib/librm_autonomy_interfaces__rosidl_generator_c.so" to ""
-- Up-to-date: /home/unitree/navigation_ws/install/rm_autonomy_interfaces/include/rm_autonomy_interfaces
-- Up-to-date: /home/unitree/navigation_ws/install/rm_autonomy_interfaces/include/rm_autonomy_interfaces/msg
-- Up-to-date: /home/unitree/navigation_ws/install/rm_autonomy_interfaces/include/rm_autonomy_interfaces/msg/detail
-- Up-to-date: /home/unitree/navigation_ws/install/rm_autonomy_interfaces/include/rm_autonomy_interfaces
-- Up-to-date: /home/unitree/navigation_ws/install/rm_autonomy_interfaces/include/rm_autonomy_interfaces/msg
-- Up-to-date: /home/unitree/navigation_ws/install/rm_autonomy_interfaces/include/rm_autonomy_interfaces/msg/detail
-- Installing: /home/unitree/navigation_ws/install/rm_autonomy_interfaces/include/rm_autonomy_interfaces/msg/detail/dds_fastrtps
-- Up-to-date: /home/unitree/navigation_ws/install/rm_autonomy_interfaces/include/rm_autonomy_interfaces
-- Up-to-date: /home/unitree/navigation_ws/install/rm_autonomy_interfaces/include/rm_autonomy_interfaces/msg
-- Up-to-date: /home/unitree/navigation_ws/install/rm_autonomy_interfaces/include/rm_autonomy_interfaces/msg/detail
-- Installing: /home/unitree/navigation_ws/install/rm_autonomy_interfaces/include/rm_autonomy_interfaces/msg/detail/radar_target__type_support.c
-- Installing: /home/unitree/navigation_ws/install/rm_autonomy_interfaces/include/rm_autonomy_interfaces/msg/detail/invincible_target__type_support.c
-- Installing: /home/unitree/navigation_ws/install/rm_autonomy_interfaces/include/rm_autonomy_interfaces/msg/detail/all_robot_hp__type_support.c
-- Installing: /home/unitree/navigation_ws/install/rm_autonomy_interfaces/include/rm_autonomy_interfaces/msg/detail/arena_status__type_support.c
-- Installing: /home/unitree/navigation_ws/install/rm_autonomy_interfaces/include/rm_autonomy_interfaces/msg/detail/navigate_command__type_support.c
-- Installing: /home/unitree/navigation_ws/install/rm_autonomy_interfaces/include/rm_autonomy_interfaces/msg/detail/ally_robot_position__type_support.c
-- Installing: /home/unitree/navigation_ws/install/rm_autonomy_interfaces/include/rm_autonomy_interfaces/msg/detail/human_intervention__type_support.c
-- Installing: /home/unitree/navigation_ws/install/rm_autonomy_interfaces/include/rm_autonomy_interfaces/msg/detail/game_status__type_support.c
-- Installing: /home/unitree/navigation_ws/install/rm_autonomy_interfaces/include/rm_autonomy_interfaces/msg/detail/omni_sensing__type_support.c
-- Installing: /home/unitree/navigation_ws/install/rm_autonomy_interfaces/include/rm_autonomy_interfaces/msg/detail/self_state__type_support.c
-- Installing: /home/unitree/navigation_ws/install/rm_autonomy_interfaces/include/rm_autonomy_interfaces/msg/detail/radar_enemy_position__type_support.c
-- Installing: /home/unitree/navigation_ws/install/rm_autonomy_interfaces/include/rm_autonomy_interfaces/msg/detail/autoaim_communication__type_support.c
-- Installing: /home/unitree/navigation_ws/install/rm_autonomy_interfaces/include/rm_autonomy_interfaces/msg/detail/chase_control__type_support.c
-- Installing: /home/unitree/navigation_ws/install/rm_autonomy_interfaces/include/rm_autonomy_interfaces/msg/detail/fire_trigger__type_support.c
-- Installing: /home/unitree/navigation_ws/install/rm_autonomy_interfaces/include/rm_autonomy_interfaces/msg/detail/enemy_robot_mark__type_support.c
-- Installing: /home/unitree/navigation_ws/install/rm_autonomy_interfaces/lib/librm_autonomy_interfaces__rosidl_typesupport_introspection_c.so
-- Set runtime path of "/home/unitree/navigation_ws/install/rm_autonomy_interfaces/lib/librm_autonomy_interfaces__rosidl_typesupport_introspection_c.so" to ""
-- Installing: /home/unitree/navigation_ws/install/rm_autonomy_interfaces/lib/librm_autonomy_interfaces__rosidl_typesupport_c.so
-- Set runtime path of "/home/unitree/navigation_ws/install/rm_autonomy_interfaces/lib/librm_autonomy_interfaces__rosidl_typesupport_c.so" to ""
-- Up-to-date: /home/unitree/navigation_ws/install/rm_autonomy_interfaces/include/rm_autonomy_interfaces
-- Up-to-date: /home/unitree/navigation_ws/install/rm_autonomy_interfaces/include/rm_autonomy_interfaces/msg
-- Up-to-date: /home/unitree/navigation_ws/install/rm_autonomy_interfaces/include/rm_autonomy_interfaces/msg/detail
-- Up-to-date: /home/unitree/navigation_ws/install/rm_autonomy_interfaces/include/rm_autonomy_interfaces
-- Up-to-date: /home/unitree/navigation_ws/install/rm_autonomy_interfaces/include/rm_autonomy_interfaces/msg
-- Up-to-date: /home/unitree/navigation_ws/install/rm_autonomy_interfaces/include/rm_autonomy_interfaces/msg/detail
-- Installing: /home/unitree/navigation_ws/install/rm_autonomy_interfaces/include/rm_autonomy_interfaces/msg/detail/ally_robot_position__type_support.cpp
-- Installing: /home/unitree/navigation_ws/install/rm_autonomy_interfaces/include/rm_autonomy_interfaces/msg/detail/radar_enemy_position__type_support.cpp
-- Installing: /home/unitree/navigation_ws/install/rm_autonomy_interfaces/include/rm_autonomy_interfaces/msg/detail/navigate_command__type_support.cpp
-- Installing: /home/unitree/navigation_ws/install/rm_autonomy_interfaces/include/rm_autonomy_interfaces/msg/detail/enemy_robot_mark__type_support.cpp
-- Installing: /home/unitree/navigation_ws/install/rm_autonomy_interfaces/include/rm_autonomy_interfaces/msg/detail/arena_status__type_support.cpp
-- Installing: /home/unitree/navigation_ws/install/rm_autonomy_interfaces/include/rm_autonomy_interfaces/msg/detail/omni_sensing__type_support.cpp
-- Installing: /home/unitree/navigation_ws/install/rm_autonomy_interfaces/include/rm_autonomy_interfaces/msg/detail/chase_control__type_support.cpp
-- Installing: /home/unitree/navigation_ws/install/rm_autonomy_interfaces/include/rm_autonomy_interfaces/msg/detail/all_robot_hp__type_support.cpp
-- Installing: /home/unitree/navigation_ws/install/rm_autonomy_interfaces/include/rm_autonomy_interfaces/msg/detail/fire_trigger__type_support.cpp
-- Installing: /home/unitree/navigation_ws/install/rm_autonomy_interfaces/include/rm_autonomy_interfaces/msg/detail/invincible_target__type_support.cpp
-- Installing: /home/unitree/navigation_ws/install/rm_autonomy_interfaces/include/rm_autonomy_interfaces/msg/detail/self_state__type_support.cpp
-- Installing: /home/unitree/navigation_ws/install/rm_autonomy_interfaces/include/rm_autonomy_interfaces/msg/detail/human_intervention__type_support.cpp
-- Installing: /home/unitree/navigation_ws/install/rm_autonomy_interfaces/include/rm_autonomy_interfaces/msg/detail/autoaim_communication__type_support.cpp
-- Installing: /home/unitree/navigation_ws/install/rm_autonomy_interfaces/include/rm_autonomy_interfaces/msg/detail/radar_target__type_support.cpp
-- Installing: /home/unitree/navigation_ws/install/rm_autonomy_interfaces/include/rm_autonomy_interfaces/msg/detail/game_status__type_support.cpp
-- Installing: /home/unitree/navigation_ws/install/rm_autonomy_interfaces/lib/librm_autonomy_interfaces__rosidl_typesupport_introspection_cpp.so
-- Set runtime path of "/home/unitree/navigation_ws/install/rm_autonomy_interfaces/lib/librm_autonomy_interfaces__rosidl_typesupport_introspection_cpp.so" to ""
-- Installing: /home/unitree/navigation_ws/install/rm_autonomy_interfaces/lib/librm_autonomy_interfaces__rosidl_typesupport_cpp.so
-- Set runtime path of "/home/unitree/navigation_ws/install/rm_autonomy_interfaces/lib/librm_autonomy_interfaces__rosidl_typesupport_cpp.so" to ""
Compiling '/home/unitree/navigation_ws/install/rm_autonomy_interfaces/lib/python3.8/site-packages/rm_autonomy_interfaces/__init__.py'...
-- Up-to-date: /home/unitree/navigation_ws/install/rm_autonomy_interfaces/lib/python3.8/site-packages/rm_autonomy_interfaces/msg
-- Installing: /home/unitree/navigation_ws/install/rm_autonomy_interfaces/lib/python3.8/site-packages/rm_autonomy_interfaces/msg/_invincible_target_s.c
-- Installing: /home/unitree/navigation_ws/install/rm_autonomy_interfaces/lib/python3.8/site-packages/rm_autonomy_interfaces/msg/_self_state_s.c
-- Installing: /home/unitree/navigation_ws/install/rm_autonomy_interfaces/lib/python3.8/site-packages/rm_autonomy_interfaces/msg/_navigate_command_s.c
-- Installing: /home/unitree/navigation_ws/install/rm_autonomy_interfaces/lib/python3.8/site-packages/rm_autonomy_interfaces/msg/_ally_robot_position_s.c
-- Installing: /home/unitree/navigation_ws/install/rm_autonomy_interfaces/lib/python3.8/site-packages/rm_autonomy_interfaces/msg/_chase_control_s.c
-- Installing: /home/unitree/navigation_ws/install/rm_autonomy_interfaces/lib/python3.8/site-packages/rm_autonomy_interfaces/msg/_all_robot_hp_s.c
-- Installing: /home/unitree/navigation_ws/install/rm_autonomy_interfaces/lib/python3.8/site-packages/rm_autonomy_interfaces/msg/_autoaim_communication_s.c
-- Installing: /home/unitree/navigation_ws/install/rm_autonomy_interfaces/lib/python3.8/site-packages/rm_autonomy_interfaces/msg/_human_intervention_s.c
-- Installing: /home/unitree/navigation_ws/install/rm_autonomy_interfaces/lib/python3.8/site-packages/rm_autonomy_interfaces/msg/_radar_enemy_position_s.c
-- Installing: /home/unitree/navigation_ws/install/rm_autonomy_interfaces/lib/python3.8/site-packages/rm_autonomy_interfaces/msg/_fire_trigger_s.c
-- Installing: /home/unitree/navigation_ws/install/rm_autonomy_interfaces/lib/python3.8/site-packages/rm_autonomy_interfaces/msg/_arena_status_s.c
-- Installing: /home/unitree/navigation_ws/install/rm_autonomy_interfaces/lib/python3.8/site-packages/rm_autonomy_interfaces/msg/_enemy_robot_mark_s.c
-- Installing: /home/unitree/navigation_ws/install/rm_autonomy_interfaces/lib/python3.8/site-packages/rm_autonomy_interfaces/msg/_radar_target_s.c
-- Installing: /home/unitree/navigation_ws/install/rm_autonomy_interfaces/lib/python3.8/site-packages/rm_autonomy_interfaces/msg/_game_status_s.c
-- Installing: /home/unitree/navigation_ws/install/rm_autonomy_interfaces/lib/python3.8/site-packages/rm_autonomy_interfaces/msg/_omni_sensing_s.c
-- Installing: /home/unitree/navigation_ws/install/rm_autonomy_interfaces/share/rm_autonomy_interfaces/package.dsv
-- Up-to-date: /home/unitree/navigation_ws/install/rm_autonomy_interfaces/share/rm_autonomy_interfaces/cmake/rm_autonomy_interfaces__rosidl_generator_cExport.cmake
-- Installing: /home/unitree/navigation_ws/install/rm_autonomy_interfaces/share/rm_autonomy_interfaces/cmake/rm_autonomy_interfaces__rosidl_generator_cExport-release.cmake
-- Up-to-date: /home/unitree/navigation_ws/install/rm_autonomy_interfaces/share/rm_autonomy_interfaces/cmake/rm_autonomy_interfaces__rosidl_typesupport_introspection_cExport.cmake
-- Installing: /home/unitree/navigation_ws/install/rm_autonomy_interfaces/share/rm_autonomy_interfaces/cmake/rm_autonomy_interfaces__rosidl_typesupport_introspection_cExport-release.cmake
-- Up-to-date: /home/unitree/navigation_ws/install/rm_autonomy_interfaces/share/rm_autonomy_interfaces/cmake/rm_autonomy_interfaces__rosidl_typesupport_cExport.cmake
-- Installing: /home/unitree/navigation_ws/install/rm_autonomy_interfaces/share/rm_autonomy_interfaces/cmake/rm_autonomy_interfaces__rosidl_typesupport_cExport-release.cmake
-- Up-to-date: /home/unitree/navigation_ws/install/rm_autonomy_interfaces/share/rm_autonomy_interfaces/cmake/rm_autonomy_interfaces__rosidl_generator_cppExport.cmake
-- Up-to-date: /home/unitree/navigation_ws/install/rm_autonomy_interfaces/share/rm_autonomy_interfaces/cmake/rm_autonomy_interfaces__rosidl_typesupport_introspection_cppExport.cmake
-- Installing: /home/unitree/navigation_ws/install/rm_autonomy_interfaces/share/rm_autonomy_interfaces/cmake/rm_autonomy_interfaces__rosidl_typesupport_introspection_cppExport-release.cmake
-- Up-to-date: /home/unitree/navigation_ws/install/rm_autonomy_interfaces/share/rm_autonomy_interfaces/cmake/rm_autonomy_interfaces__rosidl_typesupport_cppExport.cmake
-- Installing: /home/unitree/navigation_ws/install/rm_autonomy_interfaces/share/rm_autonomy_interfaces/cmake/rm_autonomy_interfaces__rosidl_typesupport_cppExport-release.cmake
