Performing C SOURCE FILE Test CMAKE_HAVE_LIBC_PTHREAD failed with the following output:
Change Dir: /home/unitree/navigation_ws/build/nav_2d_utils/CMakeFiles/CMakeTmp

Run Build Command(s):/usr/bin/make cmTC_c1c2e/fast && /usr/bin/make -f CMakeFiles/cmTC_c1c2e.dir/build.make CMakeFiles/cmTC_c1c2e.dir/build
make[1]: Entering directory '/home/unitree/navigation_ws/build/nav_2d_utils/CMakeFiles/CMakeTmp'
Building C object CMakeFiles/cmTC_c1c2e.dir/src.c.o
/usr/bin/cc   -DCMAKE_HAVE_LIBC_PTHREAD   -o CMakeFiles/cmTC_c1c2e.dir/src.c.o   -c /home/unitree/navigation_ws/build/nav_2d_utils/CMakeFiles/CMakeTmp/src.c
Linking C executable cmTC_c1c2e
/usr/bin/cmake -E cmake_link_script CMakeFiles/cmTC_c1c2e.dir/link.txt --verbose=1
/usr/bin/cc  -DCMAKE_HAVE_LIBC_PTHREAD    CMakeFiles/cmTC_c1c2e.dir/src.c.o  -o cmTC_c1c2e 
/usr/bin/ld: CMakeFiles/cmTC_c1c2e.dir/src.c.o: in function `main':
src.c:(.text+0x48): undefined reference to `pthread_create'
/usr/bin/ld: src.c:(.text+0x50): undefined reference to `pthread_detach'
/usr/bin/ld: src.c:(.text+0x5c): undefined reference to `pthread_join'
collect2: error: ld returned 1 exit status
make[1]: *** [CMakeFiles/cmTC_c1c2e.dir/build.make:87: cmTC_c1c2e] Error 1
make[1]: Leaving directory '/home/unitree/navigation_ws/build/nav_2d_utils/CMakeFiles/CMakeTmp'
make: *** [Makefile:121: cmTC_c1c2e/fast] Error 2


Source file was:
#include <pthread.h>

void* test_func(void* data)
{
  return data;
}

int main(void)
{
  pthread_t thread;
  pthread_create(&thread, NULL, test_func, NULL);
  pthread_detach(thread);
  pthread_join(thread, NULL);
  pthread_atfork(NULL, NULL, NULL);
  pthread_exit(NULL);

  return 0;
}

Determining if the function pthread_create exists in the pthreads failed with the following output:
Change Dir: /home/unitree/navigation_ws/build/nav_2d_utils/CMakeFiles/CMakeTmp

Run Build Command(s):/usr/bin/make cmTC_59078/fast && /usr/bin/make -f CMakeFiles/cmTC_59078.dir/build.make CMakeFiles/cmTC_59078.dir/build
make[1]: Entering directory '/home/unitree/navigation_ws/build/nav_2d_utils/CMakeFiles/CMakeTmp'
Building C object CMakeFiles/cmTC_59078.dir/CheckFunctionExists.c.o
/usr/bin/cc   -DCHECK_FUNCTION_EXISTS=pthread_create   -o CMakeFiles/cmTC_59078.dir/CheckFunctionExists.c.o   -c /usr/share/cmake-3.16/Modules/CheckFunctionExists.c
Linking C executable cmTC_59078
/usr/bin/cmake -E cmake_link_script CMakeFiles/cmTC_59078.dir/link.txt --verbose=1
/usr/bin/cc  -DCHECK_FUNCTION_EXISTS=pthread_create    CMakeFiles/cmTC_59078.dir/CheckFunctionExists.c.o  -o cmTC_59078  -lpthreads 
/usr/bin/ld: cannot find -lpthreads
collect2: error: ld returned 1 exit status
make[1]: *** [CMakeFiles/cmTC_59078.dir/build.make:87: cmTC_59078] Error 1
make[1]: Leaving directory '/home/unitree/navigation_ws/build/nav_2d_utils/CMakeFiles/CMakeTmp'
make: *** [Makefile:121: cmTC_59078/fast] Error 2



Performing C SOURCE FILE Test CMAKE_HAVE_LIBC_PTHREAD failed with the following output:
Change Dir: /home/unitree/navigation_ws/build/nav_2d_utils/CMakeFiles/CMakeTmp

Run Build Command(s):/usr/bin/make cmTC_8a292/fast && /usr/bin/make -f CMakeFiles/cmTC_8a292.dir/build.make CMakeFiles/cmTC_8a292.dir/build
make[1]: Entering directory '/home/unitree/navigation_ws/build/nav_2d_utils/CMakeFiles/CMakeTmp'
Building C object CMakeFiles/cmTC_8a292.dir/src.c.o
/usr/bin/cc   -DCMAKE_HAVE_LIBC_PTHREAD   -o CMakeFiles/cmTC_8a292.dir/src.c.o   -c /home/unitree/navigation_ws/build/nav_2d_utils/CMakeFiles/CMakeTmp/src.c
Linking C executable cmTC_8a292
/usr/bin/cmake -E cmake_link_script CMakeFiles/cmTC_8a292.dir/link.txt --verbose=1
/usr/bin/cc  -DCMAKE_HAVE_LIBC_PTHREAD    CMakeFiles/cmTC_8a292.dir/src.c.o  -o cmTC_8a292 
/usr/bin/ld: CMakeFiles/cmTC_8a292.dir/src.c.o: in function `main':
src.c:(.text+0x48): undefined reference to `pthread_create'
/usr/bin/ld: src.c:(.text+0x50): undefined reference to `pthread_detach'
/usr/bin/ld: src.c:(.text+0x5c): undefined reference to `pthread_join'
collect2: error: ld returned 1 exit status
make[1]: *** [CMakeFiles/cmTC_8a292.dir/build.make:87: cmTC_8a292] Error 1
make[1]: Leaving directory '/home/unitree/navigation_ws/build/nav_2d_utils/CMakeFiles/CMakeTmp'
make: *** [Makefile:121: cmTC_8a292/fast] Error 2


Source file was:
#include <pthread.h>

void* test_func(void* data)
{
  return data;
}

int main(void)
{
  pthread_t thread;
  pthread_create(&thread, NULL, test_func, NULL);
  pthread_detach(thread);
  pthread_join(thread, NULL);
  pthread_atfork(NULL, NULL, NULL);
  pthread_exit(NULL);

  return 0;
}

Determining if the function pthread_create exists in the pthreads failed with the following output:
Change Dir: /home/unitree/navigation_ws/build/nav_2d_utils/CMakeFiles/CMakeTmp

Run Build Command(s):/usr/bin/make cmTC_55faa/fast && /usr/bin/make -f CMakeFiles/cmTC_55faa.dir/build.make CMakeFiles/cmTC_55faa.dir/build
make[1]: Entering directory '/home/unitree/navigation_ws/build/nav_2d_utils/CMakeFiles/CMakeTmp'
Building C object CMakeFiles/cmTC_55faa.dir/CheckFunctionExists.c.o
/usr/bin/cc   -DCHECK_FUNCTION_EXISTS=pthread_create   -o CMakeFiles/cmTC_55faa.dir/CheckFunctionExists.c.o   -c /usr/share/cmake-3.16/Modules/CheckFunctionExists.c
Linking C executable cmTC_55faa
/usr/bin/cmake -E cmake_link_script CMakeFiles/cmTC_55faa.dir/link.txt --verbose=1
/usr/bin/cc  -DCHECK_FUNCTION_EXISTS=pthread_create    CMakeFiles/cmTC_55faa.dir/CheckFunctionExists.c.o  -o cmTC_55faa  -lpthreads 
/usr/bin/ld: cannot find -lpthreads
collect2: error: ld returned 1 exit status
make[1]: *** [CMakeFiles/cmTC_55faa.dir/build.make:87: cmTC_55faa] Error 1
make[1]: Leaving directory '/home/unitree/navigation_ws/build/nav_2d_utils/CMakeFiles/CMakeTmp'
make: *** [Makefile:121: cmTC_55faa/fast] Error 2



