-- Found ament_cmake_auto: 0.9.12 (/opt/ros/foxy/share/ament_cmake_auto/cmake)
-- Using PYTHON_EXECUTABLE: /usr/bin/python3
-- Override CMake install command with custom implementation using symlinks instead of copying resources
-- Found nav2_util: 0.4.7 (/home/unitree/navigation_ws/install/nav2_util/share/nav2_util/cmake)
-- Using all available rosidl_typesupport_c: rosidl_typesupport_fastrtps_c;rosidl_typesupport_introspection_c
-- Found rosidl_adapter: 1.3.1 (/opt/ros/foxy/share/rosidl_adapter/cmake)
-- Using all available rosidl_typesupport_cpp: rosidl_typesupport_fastrtps_cpp;rosidl_typesupport_introspection_cpp
-- Found rmw_implementation_cmake: 1.0.4 (/opt/ros/foxy/share/rmw_implementation_cmake/cmake)
-- Using RMW implementation 'rmw_cyclonedds_cpp' as default
-- Found eigen3_cmake_module: 0.1.1 (/opt/ros/foxy/share/eigen3_cmake_module/cmake)
-- Found nav2_costmap_2d: 0.4.7 (/home/unitree/navigation_ws/install/nav2_costmap_2d/share/nav2_costmap_2d/cmake)
-- Configuring done
-- Generating done
-- Build files have been written to: /home/unitree/navigation_ws/build/rm_autonomy
[  8%] [32m[1mLinking CXX shared library libpolygon.so[0m
[ 16%] Built target polygon
[ 25%] [32m[1mLinking CXX shared library liboccupancy_grid_wrapper.so[0m
[ 33%] Built target occupancy_grid_wrapper
[ 41%] [32m[1mLinking CXX shared library libget_current_location_action_bt_node.so[0m
[ 50%] [32m[1mLinking CXX executable sentry_autonomy_node[0m
[ 58%] Built target get_current_location_action_bt_node
[ 66%] [32m[1mLinking CXX shared library libsend_goal_action_bt_node.so[0m
[ 75%] Built target sentry_autonomy_node
[ 83%] Built target send_goal_action_bt_node
[35m[1mScanning dependencies of target pub_chasing_position_btnode_action[0m
[ 91%] [32mBuilding CXX object CMakeFiles/pub_chasing_position_btnode_action.dir/plugins/action/pub_chasing_position_btnode_action.cpp.o[0m
[01m[K/home/unitree/navigation_ws/src/autonomy/rm_autonomy/plugins/action/pub_chasing_position_btnode_action.cpp:[m[K In constructor ‘[01m[Krm_autonomy::PubChasingPositionAction::PubChasingPositionAction(const string&, const BT::NodeConfig&)[m[K’:
[01m[K/home/unitree/navigation_ws/src/autonomy/rm_autonomy/plugins/action/pub_chasing_position_btnode_action.cpp:16:34:[m[K [01;31m[Kerror: [m[K‘[01m[Krclcpp::Logger::Logger()[m[K’ is private within this context
   16 | : BT::SyncActionNode(name, config[01;31m[K)[m[K
      |                                  [01;31m[K^[m[K
In file included from [01m[K/opt/ros/foxy/include/rclcpp/logging.hpp:23[m[K,
                 from [01m[K/opt/ros/foxy/include/rclcpp/service.hpp:34[m[K,
                 from [01m[K/opt/ros/foxy/include/rclcpp/callback_group.hpp:25[m[K,
                 from [01m[K/opt/ros/foxy/include/rclcpp/any_executable.hpp:20[m[K,
                 from [01m[K/opt/ros/foxy/include/rclcpp/memory_strategy.hpp:24[m[K,
                 from [01m[K/opt/ros/foxy/include/rclcpp/memory_strategies.hpp:18[m[K,
                 from [01m[K/opt/ros/foxy/include/rclcpp/executor_options.hpp:20[m[K,
                 from [01m[K/opt/ros/foxy/include/rclcpp/executor.hpp:33[m[K,
                 from [01m[K/opt/ros/foxy/include/rclcpp/executors/multi_threaded_executor.hpp:26[m[K,
                 from [01m[K/opt/ros/foxy/include/rclcpp/executors.hpp:21[m[K,
                 from [01m[K/opt/ros/foxy/include/rclcpp/rclcpp.hpp:146[m[K,
                 from [01m[K/home/unitree/navigation_ws/src/autonomy/rm_autonomy/include/rm_autonomy/plugins/action/pub_chasing_position_btnode_action.hpp:9[m[K,
                 from [01m[K/home/unitree/navigation_ws/src/autonomy/rm_autonomy/plugins/action/pub_chasing_position_btnode_action.cpp:1[m[K:
[01m[K/opt/ros/foxy/include/rclcpp/logger.hpp:88:3:[m[K [01;36m[Knote: [m[Kdeclared private here
   88 |   [01;36m[KLogger[m[K()
      |   [01;36m[K^~~~~~[m[K
[01m[K/home/unitree/navigation_ws/src/autonomy/rm_autonomy/plugins/action/pub_chasing_position_btnode_action.cpp:[m[K In member function ‘[01m[Kvirtual BT::NodeStatus rm_autonomy::PubChasingPositionAction::tick()[m[K’:
[01m[K/home/unitree/navigation_ws/src/autonomy/rm_autonomy/plugins/action/pub_chasing_position_btnode_action.cpp:42:24:[m[K [01;31m[Kerror: [m[K‘[01m[Kstruct geometry_msgs::msg::PointStamped_<std::allocator<void> >[m[K’ has no member named ‘[01m[Khas_value[m[K’
   42 |         if(last_pose_->[01;31m[Khas_value[m[K())
      |                        [01;31m[K^~~~~~~~~[m[K
[01m[K/home/unitree/navigation_ws/src/autonomy/rm_autonomy/plugins/action/pub_chasing_position_btnode_action.cpp:45:11:[m[K [01;31m[Kerror: [m[K‘[01m[Kautoaim_position[m[K’ was not declared in this scope
   45 |           [01;31m[Kautoaim_position[m[K.x = -last_pose_->point.x+current_pose.transform.translation.x;
      |           [01;31m[K^~~~~~~~~~~~~~~~[m[K
[01m[K/home/unitree/navigation_ws/src/autonomy/rm_autonomy/plugins/action/pub_chasing_position_btnode_action.cpp:129:14:[m[K [01;31m[Kerror: [m[K‘[01m[Kautoaim_position[m[K’ was not declared in this scope
  129 |   float dx = [01;31m[Kautoaim_position[m[K.x - current_pose.transform.translation.x;
      |              [01;31m[K^~~~~~~~~~~~~~~~[m[K
[01m[K/home/unitree/navigation_ws/src/autonomy/rm_autonomy/plugins/action/pub_chasing_position_btnode_action.cpp:150:59:[m[K [01;31m[Kerror: [m[K‘[01m[Kdirection[m[K’ was not declared in this scope; did you mean ‘[01m[Ksigaction[m[K’?
  150 |   goal.pose.position.x = autoaim_position.x+goal_distance*[01;31m[Kdirection[m[K[0];
      |                                                           [01;31m[K^~~~~~~~~[m[K
      |                                                           [32m[Ksigaction[m[K
make[2]: *** [CMakeFiles/pub_chasing_position_btnode_action.dir/build.make:63: CMakeFiles/pub_chasing_position_btnode_action.dir/plugins/action/pub_chasing_position_btnode_action.cpp.o] Error 1
make[1]: *** [CMakeFiles/Makefile2:284: CMakeFiles/pub_chasing_position_btnode_action.dir/all] Error 2
make: *** [Makefile:141: all] Error 2
