[0.253s] Invoking command in '/home/unitree/navigation_ws/build/nav2_msgs': CMAKE_PREFIX_PATH=/home/unitree/navigation_ws/install/nav2_common:/home/unitree/navigation_ws/install/nav2_bringup:/home/unitree/navigation_ws/install/navigation2:/home/unitree/navigation_ws/install/smac_planner:/home/unitree/navigation_ws/install/rm_autonomy:/home/unitree/navigation_ws/install/rm_autonomy_interfaces:/home/unitree/navigation_ws/install/bringup:/home/unitree/navigation_ws/install/pointcloud_to_laserscan:/home/unitree/navigation_ws/install/nav2_dwb_controller:/home/unitree/navigation_ws/install/nav2_controller:/home/unitree/navigation_ws/install/dwb_plugins:/home/unitree/navigation_ws/install/dwb_critics:/home/unitree/navigation_ws/install/dwb_core:/home/unitree/navigation_ws/install/nav_2d_utils:/home/unitree/navigation_ws/install/dwb_msgs:/home/unitree/navigation_ws/install/nav_2d_msgs:/home/unitree/navigation_ws/install/nav2_waypoint_follower:/home/unitree/navigation_ws/install/nav2_regulated_pure_pursuit_controller:/home/unitree/navigation_ws/install/nav2_recoveries:/home/unitree/navigation_ws/install/nav2_planner:/home/unitree/navigation_ws/install/nav2_navfn_planner:/home/unitree/navigation_ws/install/nav2_core:/home/unitree/navigation_ws/install/costmap_queue:/home/unitree/navigation_ws/install/nav2_costmap_2d:/home/unitree/navigation_ws/install/nav2_voxel_grid:/home/unitree/navigation_ws/install/nav2_map_server:/home/unitree/navigation_ws/install/nav2_lifecycle_manager:/home/unitree/navigation_ws/install/nav2_bt_navigator:/home/unitree/navigation_ws/install/nav2_behavior_tree:/home/unitree/navigation_ws/install/nav2_amcl:/home/unitree/navigation_ws/install/nav2_util:/home/unitree/navigation_ws/install/nav2_msgs:/home/unitree/navigation_ws/install/loam_interface:/home/unitree/navigation_ws/install/fast_lio:/home/unitree/navigation_ws/install/livox_ros_driver2:/home/unitree/navigation_ws/install/linefit_ground_segmentation_ros:/home/unitree/navigation_ws/install/linefit_ground_segmentation:/home/unitree/navigation_ws/install/cmd_vel_processor:/home/unitree/navigation_ws/install/behaviortree_cpp:/home/unitree/cyclonedds_ws/install/rmw_cyclonedds_cpp:/home/unitree/cyclonedds_ws/install/cyclonedds:/opt/ros/foxy PYTHONPATH=/home/unitree/navigation_ws/install/nav2_common/lib/python3.8/site-packages:/home/unitree/navigation_ws/install/rm_autonomy_interfaces/lib/python3.8/site-packages:/home/unitree/navigation_ws/install/dwb_msgs/lib/python3.8/site-packages:/home/unitree/navigation_ws/install/nav_2d_msgs/lib/python3.8/site-packages:/home/unitree/navigation_ws/install/nav2_msgs/lib/python3.8/site-packages:/home/unitree/navigation_ws/install/fast_lio/lib/python3.8/site-packages:/home/unitree/navigation_ws/install/livox_ros_driver2/lib/python3.8/site-packages:/opt/ros/foxy/lib/python3.8/site-packages /usr/bin/cmake --build /home/unitree/navigation_ws/build/nav2_msgs -- -j8 -l8
[0.450s] [  0%] Built target nav2_msgs__cpp
[0.469s] [ 12%] Built target nav2_msgs__rosidl_generator_c
[0.555s] [ 24%] Built target nav2_msgs__rosidl_typesupport_cpp
[0.591s] [ 36%] Built target nav2_msgs__rosidl_typesupport_fastrtps_cpp
[0.594s] [ 49%] Built target nav2_msgs__rosidl_typesupport_introspection_cpp
[0.595s] [ 61%] Built target nav2_msgs__rosidl_typesupport_c
[0.601s] [ 73%] Built target nav2_msgs__rosidl_typesupport_introspection_c
[0.693s] [ 85%] Built target nav2_msgs__rosidl_typesupport_fastrtps_c
[0.758s] [ 85%] Built target nav2_msgs
[0.834s] [ 86%] Built target nav2_msgs__py
[0.942s] [ 97%] Built target nav2_msgs__python
[1.031s] [ 98%] Built target nav2_msgs__rosidl_typesupport_introspection_c__pyext
[1.043s] [ 99%] Built target nav2_msgs__rosidl_typesupport_c__pyext
[1.059s] [100%] Built target nav2_msgs__rosidl_typesupport_fastrtps_c__pyext
[1.161s] Invoked command in '/home/unitree/navigation_ws/build/nav2_msgs' returned '0': CMAKE_PREFIX_PATH=/home/unitree/navigation_ws/install/nav2_common:/home/unitree/navigation_ws/install/nav2_bringup:/home/unitree/navigation_ws/install/navigation2:/home/unitree/navigation_ws/install/smac_planner:/home/unitree/navigation_ws/install/rm_autonomy:/home/unitree/navigation_ws/install/rm_autonomy_interfaces:/home/unitree/navigation_ws/install/bringup:/home/unitree/navigation_ws/install/pointcloud_to_laserscan:/home/unitree/navigation_ws/install/nav2_dwb_controller:/home/unitree/navigation_ws/install/nav2_controller:/home/unitree/navigation_ws/install/dwb_plugins:/home/unitree/navigation_ws/install/dwb_critics:/home/unitree/navigation_ws/install/dwb_core:/home/unitree/navigation_ws/install/nav_2d_utils:/home/unitree/navigation_ws/install/dwb_msgs:/home/unitree/navigation_ws/install/nav_2d_msgs:/home/unitree/navigation_ws/install/nav2_waypoint_follower:/home/unitree/navigation_ws/install/nav2_regulated_pure_pursuit_controller:/home/unitree/navigation_ws/install/nav2_recoveries:/home/unitree/navigation_ws/install/nav2_planner:/home/unitree/navigation_ws/install/nav2_navfn_planner:/home/unitree/navigation_ws/install/nav2_core:/home/unitree/navigation_ws/install/costmap_queue:/home/unitree/navigation_ws/install/nav2_costmap_2d:/home/unitree/navigation_ws/install/nav2_voxel_grid:/home/unitree/navigation_ws/install/nav2_map_server:/home/unitree/navigation_ws/install/nav2_lifecycle_manager:/home/unitree/navigation_ws/install/nav2_bt_navigator:/home/unitree/navigation_ws/install/nav2_behavior_tree:/home/unitree/navigation_ws/install/nav2_amcl:/home/unitree/navigation_ws/install/nav2_util:/home/unitree/navigation_ws/install/nav2_msgs:/home/unitree/navigation_ws/install/loam_interface:/home/unitree/navigation_ws/install/fast_lio:/home/unitree/navigation_ws/install/livox_ros_driver2:/home/unitree/navigation_ws/install/linefit_ground_segmentation_ros:/home/unitree/navigation_ws/install/linefit_ground_segmentation:/home/unitree/navigation_ws/install/cmd_vel_processor:/home/unitree/navigation_ws/install/behaviortree_cpp:/home/unitree/cyclonedds_ws/install/rmw_cyclonedds_cpp:/home/unitree/cyclonedds_ws/install/cyclonedds:/opt/ros/foxy PYTHONPATH=/home/unitree/navigation_ws/install/nav2_common/lib/python3.8/site-packages:/home/unitree/navigation_ws/install/rm_autonomy_interfaces/lib/python3.8/site-packages:/home/unitree/navigation_ws/install/dwb_msgs/lib/python3.8/site-packages:/home/unitree/navigation_ws/install/nav_2d_msgs/lib/python3.8/site-packages:/home/unitree/navigation_ws/install/nav2_msgs/lib/python3.8/site-packages:/home/unitree/navigation_ws/install/fast_lio/lib/python3.8/site-packages:/home/unitree/navigation_ws/install/livox_ros_driver2/lib/python3.8/site-packages:/opt/ros/foxy/lib/python3.8/site-packages /usr/bin/cmake --build /home/unitree/navigation_ws/build/nav2_msgs -- -j8 -l8
[2.551s] Invoking command in '/home/unitree/navigation_ws/build/nav2_msgs': CMAKE_PREFIX_PATH=/home/unitree/navigation_ws/install/nav2_common:/home/unitree/navigation_ws/install/nav2_bringup:/home/unitree/navigation_ws/install/navigation2:/home/unitree/navigation_ws/install/smac_planner:/home/unitree/navigation_ws/install/rm_autonomy:/home/unitree/navigation_ws/install/rm_autonomy_interfaces:/home/unitree/navigation_ws/install/bringup:/home/unitree/navigation_ws/install/pointcloud_to_laserscan:/home/unitree/navigation_ws/install/nav2_dwb_controller:/home/unitree/navigation_ws/install/nav2_controller:/home/unitree/navigation_ws/install/dwb_plugins:/home/unitree/navigation_ws/install/dwb_critics:/home/unitree/navigation_ws/install/dwb_core:/home/unitree/navigation_ws/install/nav_2d_utils:/home/unitree/navigation_ws/install/dwb_msgs:/home/unitree/navigation_ws/install/nav_2d_msgs:/home/unitree/navigation_ws/install/nav2_waypoint_follower:/home/unitree/navigation_ws/install/nav2_regulated_pure_pursuit_controller:/home/unitree/navigation_ws/install/nav2_recoveries:/home/unitree/navigation_ws/install/nav2_planner:/home/unitree/navigation_ws/install/nav2_navfn_planner:/home/unitree/navigation_ws/install/nav2_core:/home/unitree/navigation_ws/install/costmap_queue:/home/unitree/navigation_ws/install/nav2_costmap_2d:/home/unitree/navigation_ws/install/nav2_voxel_grid:/home/unitree/navigation_ws/install/nav2_map_server:/home/unitree/navigation_ws/install/nav2_lifecycle_manager:/home/unitree/navigation_ws/install/nav2_bt_navigator:/home/unitree/navigation_ws/install/nav2_behavior_tree:/home/unitree/navigation_ws/install/nav2_amcl:/home/unitree/navigation_ws/install/nav2_util:/home/unitree/navigation_ws/install/nav2_msgs:/home/unitree/navigation_ws/install/loam_interface:/home/unitree/navigation_ws/install/fast_lio:/home/unitree/navigation_ws/install/livox_ros_driver2:/home/unitree/navigation_ws/install/linefit_ground_segmentation_ros:/home/unitree/navigation_ws/install/linefit_ground_segmentation:/home/unitree/navigation_ws/install/cmd_vel_processor:/home/unitree/navigation_ws/install/behaviortree_cpp:/home/unitree/cyclonedds_ws/install/rmw_cyclonedds_cpp:/home/unitree/cyclonedds_ws/install/cyclonedds:/opt/ros/foxy PYTHONPATH=/home/unitree/navigation_ws/install/nav2_common/lib/python3.8/site-packages:/home/unitree/navigation_ws/install/rm_autonomy_interfaces/lib/python3.8/site-packages:/home/unitree/navigation_ws/install/dwb_msgs/lib/python3.8/site-packages:/home/unitree/navigation_ws/install/nav_2d_msgs/lib/python3.8/site-packages:/home/unitree/navigation_ws/install/nav2_msgs/lib/python3.8/site-packages:/home/unitree/navigation_ws/install/fast_lio/lib/python3.8/site-packages:/home/unitree/navigation_ws/install/livox_ros_driver2/lib/python3.8/site-packages:/opt/ros/foxy/lib/python3.8/site-packages /usr/bin/cmake --install /home/unitree/navigation_ws/build/nav2_msgs
[2.577s] -- Install configuration: "Release"
[2.579s] -- Execute custom install script
[2.579s] -- Up-to-date symlink: /home/unitree/navigation_ws/install/nav2_msgs/share/ament_index/resource_index/rosidl_interfaces/nav2_msgs
[2.582s] -- Up-to-date symlink: /home/unitree/navigation_ws/install/nav2_msgs/include/nav2_msgs/action/back_up.h
[2.582s] -- Up-to-date symlink: /home/unitree/navigation_ws/install/nav2_msgs/include/nav2_msgs/action/compute_path_to_pose.h
[2.582s] -- Up-to-date symlink: /home/unitree/navigation_ws/install/nav2_msgs/include/nav2_msgs/action/detail/back_up__functions.h
[2.582s] -- Up-to-date symlink: /home/unitree/navigation_ws/install/nav2_msgs/include/nav2_msgs/action/detail/back_up__struct.h
[2.582s] -- Up-to-date symlink: /home/unitree/navigation_ws/install/nav2_msgs/include/nav2_msgs/action/detail/back_up__type_support.h
[2.583s] -- Up-to-date symlink: /home/unitree/navigation_ws/install/nav2_msgs/include/nav2_msgs/action/detail/compute_path_to_pose__functions.h
[2.583s] -- Up-to-date symlink: /home/unitree/navigation_ws/install/nav2_msgs/include/nav2_msgs/action/detail/compute_path_to_pose__struct.h
[2.583s] -- Up-to-date symlink: /home/unitree/navigation_ws/install/nav2_msgs/include/nav2_msgs/action/detail/compute_path_to_pose__type_support.h
[2.583s] -- Up-to-date symlink: /home/unitree/navigation_ws/install/nav2_msgs/include/nav2_msgs/action/detail/dummy_recovery__functions.h
[2.583s] -- Up-to-date symlink: /home/unitree/navigation_ws/install/nav2_msgs/include/nav2_msgs/action/detail/dummy_recovery__struct.h
[2.584s] -- Up-to-date symlink: /home/unitree/navigation_ws/install/nav2_msgs/include/nav2_msgs/action/detail/dummy_recovery__type_support.h
[2.584s] -- Up-to-date symlink: /home/unitree/navigation_ws/install/nav2_msgs/include/nav2_msgs/action/detail/follow_path__functions.h
[2.585s] -- Up-to-date symlink: /home/unitree/navigation_ws/install/nav2_msgs/include/nav2_msgs/action/detail/follow_path__struct.h
[2.586s] -- Up-to-date symlink: /home/unitree/navigation_ws/install/nav2_msgs/include/nav2_msgs/action/detail/follow_path__type_support.h
[2.586s] -- Up-to-date symlink: /home/unitree/navigation_ws/install/nav2_msgs/include/nav2_msgs/action/detail/follow_waypoints__functions.h
[2.587s] -- Up-to-date symlink: /home/unitree/navigation_ws/install/nav2_msgs/include/nav2_msgs/action/detail/follow_waypoints__struct.h
[2.587s] -- Up-to-date symlink: /home/unitree/navigation_ws/install/nav2_msgs/include/nav2_msgs/action/detail/follow_waypoints__type_support.h
[2.587s] -- Up-to-date symlink: /home/unitree/navigation_ws/install/nav2_msgs/include/nav2_msgs/action/detail/navigate_to_pose__functions.h
[2.587s] -- Up-to-date symlink: /home/unitree/navigation_ws/install/nav2_msgs/include/nav2_msgs/action/detail/navigate_to_pose__struct.h
[2.587s] -- Up-to-date symlink: /home/unitree/navigation_ws/install/nav2_msgs/include/nav2_msgs/action/detail/navigate_to_pose__type_support.h
[2.587s] -- Up-to-date symlink: /home/unitree/navigation_ws/install/nav2_msgs/include/nav2_msgs/action/detail/spin__functions.h
[2.587s] -- Up-to-date symlink: /home/unitree/navigation_ws/install/nav2_msgs/include/nav2_msgs/action/detail/spin__struct.h
[2.588s] -- Up-to-date symlink: /home/unitree/navigation_ws/install/nav2_msgs/include/nav2_msgs/action/detail/spin__type_support.h
[2.588s] -- Up-to-date symlink: /home/unitree/navigation_ws/install/nav2_msgs/include/nav2_msgs/action/detail/wait__functions.h
[2.588s] -- Up-to-date symlink: /home/unitree/navigation_ws/install/nav2_msgs/include/nav2_msgs/action/detail/wait__struct.h
[2.588s] -- Up-to-date symlink: /home/unitree/navigation_ws/install/nav2_msgs/include/nav2_msgs/action/detail/wait__type_support.h
[2.588s] -- Up-to-date symlink: /home/unitree/navigation_ws/install/nav2_msgs/include/nav2_msgs/action/dummy_recovery.h
[2.588s] -- Up-to-date symlink: /home/unitree/navigation_ws/install/nav2_msgs/include/nav2_msgs/action/follow_path.h
[2.589s] -- Up-to-date symlink: /home/unitree/navigation_ws/install/nav2_msgs/include/nav2_msgs/action/follow_waypoints.h
[2.589s] -- Up-to-date symlink: /home/unitree/navigation_ws/install/nav2_msgs/include/nav2_msgs/action/navigate_to_pose.h
[2.589s] -- Up-to-date symlink: /home/unitree/navigation_ws/install/nav2_msgs/include/nav2_msgs/action/spin.h
[2.589s] -- Up-to-date symlink: /home/unitree/navigation_ws/install/nav2_msgs/include/nav2_msgs/action/wait.h
[2.589s] -- Up-to-date symlink: /home/unitree/navigation_ws/install/nav2_msgs/include/nav2_msgs/msg/behavior_tree_log.h
[2.590s] -- Up-to-date symlink: /home/unitree/navigation_ws/install/nav2_msgs/include/nav2_msgs/msg/behavior_tree_status_change.h
[2.590s] -- Up-to-date symlink: /home/unitree/navigation_ws/install/nav2_msgs/include/nav2_msgs/msg/costmap.h
[2.590s] -- Up-to-date symlink: /home/unitree/navigation_ws/install/nav2_msgs/include/nav2_msgs/msg/costmap_meta_data.h
[2.590s] -- Up-to-date symlink: /home/unitree/navigation_ws/install/nav2_msgs/include/nav2_msgs/msg/detail/behavior_tree_log__functions.h
[2.590s] -- Up-to-date symlink: /home/unitree/navigation_ws/install/nav2_msgs/include/nav2_msgs/msg/detail/behavior_tree_log__struct.h
[2.591s] -- Up-to-date symlink: /home/unitree/navigation_ws/install/nav2_msgs/include/nav2_msgs/msg/detail/behavior_tree_log__type_support.h
[2.591s] -- Up-to-date symlink: /home/unitree/navigation_ws/install/nav2_msgs/include/nav2_msgs/msg/detail/behavior_tree_status_change__functions.h
[2.591s] -- Up-to-date symlink: /home/unitree/navigation_ws/install/nav2_msgs/include/nav2_msgs/msg/detail/behavior_tree_status_change__struct.h
[2.592s] -- Up-to-date symlink: /home/unitree/navigation_ws/install/nav2_msgs/include/nav2_msgs/msg/detail/behavior_tree_status_change__type_support.h
[2.592s] -- Up-to-date symlink: /home/unitree/navigation_ws/install/nav2_msgs/include/nav2_msgs/msg/detail/costmap__functions.h
[2.592s] -- Up-to-date symlink: /home/unitree/navigation_ws/install/nav2_msgs/include/nav2_msgs/msg/detail/costmap__struct.h
[2.592s] -- Up-to-date symlink: /home/unitree/navigation_ws/install/nav2_msgs/include/nav2_msgs/msg/detail/costmap__type_support.h
[2.592s] -- Up-to-date symlink: /home/unitree/navigation_ws/install/nav2_msgs/include/nav2_msgs/msg/detail/costmap_meta_data__functions.h
[2.593s] -- Up-to-date symlink: /home/unitree/navigation_ws/install/nav2_msgs/include/nav2_msgs/msg/detail/costmap_meta_data__struct.h
[2.593s] -- Up-to-date symlink: /home/unitree/navigation_ws/install/nav2_msgs/include/nav2_msgs/msg/detail/costmap_meta_data__type_support.h
[2.593s] -- Up-to-date symlink: /home/unitree/navigation_ws/install/nav2_msgs/include/nav2_msgs/msg/detail/particle__functions.h
[2.593s] -- Up-to-date symlink: /home/unitree/navigation_ws/install/nav2_msgs/include/nav2_msgs/msg/detail/particle__struct.h
[2.594s] -- Up-to-date symlink: /home/unitree/navigation_ws/install/nav2_msgs/include/nav2_msgs/msg/detail/particle__type_support.h
[2.594s] -- Up-to-date symlink: /home/unitree/navigation_ws/install/nav2_msgs/include/nav2_msgs/msg/detail/particle_cloud__functions.h
[2.594s] -- Up-to-date symlink: /home/unitree/navigation_ws/install/nav2_msgs/include/nav2_msgs/msg/detail/particle_cloud__struct.h
[2.594s] -- Up-to-date symlink: /home/unitree/navigation_ws/install/nav2_msgs/include/nav2_msgs/msg/detail/particle_cloud__type_support.h
[2.594s] -- Up-to-date symlink: /home/unitree/navigation_ws/install/nav2_msgs/include/nav2_msgs/msg/detail/voxel_grid__functions.h
[2.595s] -- Up-to-date symlink: /home/unitree/navigation_ws/install/nav2_msgs/include/nav2_msgs/msg/detail/voxel_grid__struct.h
[2.595s] -- Up-to-date symlink: /home/unitree/navigation_ws/install/nav2_msgs/include/nav2_msgs/msg/detail/voxel_grid__type_support.h
[2.595s] -- Up-to-date symlink: /home/unitree/navigation_ws/install/nav2_msgs/include/nav2_msgs/msg/particle.h
[2.596s] -- Up-to-date symlink: /home/unitree/navigation_ws/install/nav2_msgs/include/nav2_msgs/msg/particle_cloud.h
[2.596s] -- Up-to-date symlink: /home/unitree/navigation_ws/install/nav2_msgs/include/nav2_msgs/msg/rosidl_generator_c__visibility_control.h
[2.596s] -- Up-to-date symlink: /home/unitree/navigation_ws/install/nav2_msgs/include/nav2_msgs/msg/voxel_grid.h
[2.596s] -- Up-to-date symlink: /home/unitree/navigation_ws/install/nav2_msgs/include/nav2_msgs/srv/clear_costmap_around_robot.h
[2.597s] -- Up-to-date symlink: /home/unitree/navigation_ws/install/nav2_msgs/include/nav2_msgs/srv/clear_costmap_except_region.h
[2.597s] -- Up-to-date symlink: /home/unitree/navigation_ws/install/nav2_msgs/include/nav2_msgs/srv/clear_entire_costmap.h
[2.597s] -- Up-to-date symlink: /home/unitree/navigation_ws/install/nav2_msgs/include/nav2_msgs/srv/detail/clear_costmap_around_robot__functions.h
[2.597s] -- Up-to-date symlink: /home/unitree/navigation_ws/install/nav2_msgs/include/nav2_msgs/srv/detail/clear_costmap_around_robot__struct.h
[2.597s] -- Up-to-date symlink: /home/unitree/navigation_ws/install/nav2_msgs/include/nav2_msgs/srv/detail/clear_costmap_around_robot__type_support.h
[2.598s] -- Up-to-date symlink: /home/unitree/navigation_ws/install/nav2_msgs/include/nav2_msgs/srv/detail/clear_costmap_except_region__functions.h
[2.598s] -- Up-to-date symlink: /home/unitree/navigation_ws/install/nav2_msgs/include/nav2_msgs/srv/detail/clear_costmap_except_region__struct.h
[2.598s] -- Up-to-date symlink: /home/unitree/navigation_ws/install/nav2_msgs/include/nav2_msgs/srv/detail/clear_costmap_except_region__type_support.h
[2.598s] -- Up-to-date symlink: /home/unitree/navigation_ws/install/nav2_msgs/include/nav2_msgs/srv/detail/clear_entire_costmap__functions.h
[2.598s] -- Up-to-date symlink: /home/unitree/navigation_ws/install/nav2_msgs/include/nav2_msgs/srv/detail/clear_entire_costmap__struct.h
[2.599s] -- Up-to-date symlink: /home/unitree/navigation_ws/install/nav2_msgs/include/nav2_msgs/srv/detail/clear_entire_costmap__type_support.h
[2.599s] -- Up-to-date symlink: /home/unitree/navigation_ws/install/nav2_msgs/include/nav2_msgs/srv/detail/get_costmap__functions.h
[2.599s] -- Up-to-date symlink: /home/unitree/navigation_ws/install/nav2_msgs/include/nav2_msgs/srv/detail/get_costmap__struct.h
[2.599s] -- Up-to-date symlink: /home/unitree/navigation_ws/install/nav2_msgs/include/nav2_msgs/srv/detail/get_costmap__type_support.h
[2.600s] -- Up-to-date symlink: /home/unitree/navigation_ws/install/nav2_msgs/include/nav2_msgs/srv/detail/load_map__functions.h
[2.600s] -- Up-to-date symlink: /home/unitree/navigation_ws/install/nav2_msgs/include/nav2_msgs/srv/detail/load_map__struct.h
[2.601s] -- Up-to-date symlink: /home/unitree/navigation_ws/install/nav2_msgs/include/nav2_msgs/srv/detail/load_map__type_support.h
[2.601s] -- Up-to-date symlink: /home/unitree/navigation_ws/install/nav2_msgs/include/nav2_msgs/srv/detail/manage_lifecycle_nodes__functions.h
[2.601s] -- Up-to-date symlink: /home/unitree/navigation_ws/install/nav2_msgs/include/nav2_msgs/srv/detail/manage_lifecycle_nodes__struct.h
[2.601s] -- Up-to-date symlink: /home/unitree/navigation_ws/install/nav2_msgs/include/nav2_msgs/srv/detail/manage_lifecycle_nodes__type_support.h
[2.601s] -- Up-to-date symlink: /home/unitree/navigation_ws/install/nav2_msgs/include/nav2_msgs/srv/detail/save_map__functions.h
[2.602s] -- Up-to-date symlink: /home/unitree/navigation_ws/install/nav2_msgs/include/nav2_msgs/srv/detail/save_map__struct.h
[2.602s] -- Up-to-date symlink: /home/unitree/navigation_ws/install/nav2_msgs/include/nav2_msgs/srv/detail/save_map__type_support.h
[2.603s] -- Up-to-date symlink: /home/unitree/navigation_ws/install/nav2_msgs/include/nav2_msgs/srv/get_costmap.h
[2.603s] -- Up-to-date symlink: /home/unitree/navigation_ws/install/nav2_msgs/include/nav2_msgs/srv/load_map.h
[2.603s] -- Up-to-date symlink: /home/unitree/navigation_ws/install/nav2_msgs/include/nav2_msgs/srv/manage_lifecycle_nodes.h
[2.603s] -- Up-to-date symlink: /home/unitree/navigation_ws/install/nav2_msgs/include/nav2_msgs/srv/save_map.h
[2.603s] -- Up-to-date symlink: /home/unitree/navigation_ws/install/nav2_msgs/share/nav2_msgs/environment/library_path.sh
[2.603s] -- Up-to-date symlink: /home/unitree/navigation_ws/install/nav2_msgs/share/nav2_msgs/environment/library_path.dsv
[2.605s] -- Up-to-date symlink: /home/unitree/navigation_ws/install/nav2_msgs/include/nav2_msgs/action/detail/back_up__rosidl_typesupport_fastrtps_c.h
[2.606s] -- Up-to-date symlink: /home/unitree/navigation_ws/install/nav2_msgs/include/nav2_msgs/action/detail/compute_path_to_pose__rosidl_typesupport_fastrtps_c.h
[2.606s] -- Up-to-date symlink: /home/unitree/navigation_ws/install/nav2_msgs/include/nav2_msgs/action/detail/dummy_recovery__rosidl_typesupport_fastrtps_c.h
[2.606s] -- Up-to-date symlink: /home/unitree/navigation_ws/install/nav2_msgs/include/nav2_msgs/action/detail/follow_path__rosidl_typesupport_fastrtps_c.h
[2.606s] -- Up-to-date symlink: /home/unitree/navigation_ws/install/nav2_msgs/include/nav2_msgs/action/detail/follow_waypoints__rosidl_typesupport_fastrtps_c.h
[2.606s] -- Up-to-date symlink: /home/unitree/navigation_ws/install/nav2_msgs/include/nav2_msgs/action/detail/navigate_to_pose__rosidl_typesupport_fastrtps_c.h
[2.607s] -- Up-to-date symlink: /home/unitree/navigation_ws/install/nav2_msgs/include/nav2_msgs/action/detail/spin__rosidl_typesupport_fastrtps_c.h
[2.607s] -- Up-to-date symlink: /home/unitree/navigation_ws/install/nav2_msgs/include/nav2_msgs/action/detail/wait__rosidl_typesupport_fastrtps_c.h
[2.607s] -- Up-to-date symlink: /home/unitree/navigation_ws/install/nav2_msgs/include/nav2_msgs/msg/detail/behavior_tree_log__rosidl_typesupport_fastrtps_c.h
[2.607s] -- Up-to-date symlink: /home/unitree/navigation_ws/install/nav2_msgs/include/nav2_msgs/msg/detail/behavior_tree_status_change__rosidl_typesupport_fastrtps_c.h
[2.608s] -- Up-to-date symlink: /home/unitree/navigation_ws/install/nav2_msgs/include/nav2_msgs/msg/detail/costmap__rosidl_typesupport_fastrtps_c.h
[2.608s] -- Up-to-date symlink: /home/unitree/navigation_ws/install/nav2_msgs/include/nav2_msgs/msg/detail/costmap_meta_data__rosidl_typesupport_fastrtps_c.h
[2.608s] -- Up-to-date symlink: /home/unitree/navigation_ws/install/nav2_msgs/include/nav2_msgs/msg/detail/particle__rosidl_typesupport_fastrtps_c.h
[2.609s] -- Up-to-date symlink: /home/unitree/navigation_ws/install/nav2_msgs/include/nav2_msgs/msg/detail/particle_cloud__rosidl_typesupport_fastrtps_c.h
[2.609s] -- Up-to-date symlink: /home/unitree/navigation_ws/install/nav2_msgs/include/nav2_msgs/msg/detail/voxel_grid__rosidl_typesupport_fastrtps_c.h
[2.609s] -- Up-to-date symlink: /home/unitree/navigation_ws/install/nav2_msgs/include/nav2_msgs/msg/rosidl_typesupport_fastrtps_c__visibility_control.h
[2.609s] -- Up-to-date symlink: /home/unitree/navigation_ws/install/nav2_msgs/include/nav2_msgs/srv/detail/clear_costmap_around_robot__rosidl_typesupport_fastrtps_c.h
[2.610s] -- Up-to-date symlink: /home/unitree/navigation_ws/install/nav2_msgs/include/nav2_msgs/srv/detail/clear_costmap_except_region__rosidl_typesupport_fastrtps_c.h
[2.610s] -- Up-to-date symlink: /home/unitree/navigation_ws/install/nav2_msgs/include/nav2_msgs/srv/detail/clear_entire_costmap__rosidl_typesupport_fastrtps_c.h
[2.610s] -- Up-to-date symlink: /home/unitree/navigation_ws/install/nav2_msgs/include/nav2_msgs/srv/detail/get_costmap__rosidl_typesupport_fastrtps_c.h
[2.610s] -- Up-to-date symlink: /home/unitree/navigation_ws/install/nav2_msgs/include/nav2_msgs/srv/detail/load_map__rosidl_typesupport_fastrtps_c.h
[2.611s] -- Up-to-date symlink: /home/unitree/navigation_ws/install/nav2_msgs/include/nav2_msgs/srv/detail/manage_lifecycle_nodes__rosidl_typesupport_fastrtps_c.h
[2.611s] -- Up-to-date symlink: /home/unitree/navigation_ws/install/nav2_msgs/include/nav2_msgs/srv/detail/save_map__rosidl_typesupport_fastrtps_c.h
[2.611s] -- Up-to-date symlink: /home/unitree/navigation_ws/install/nav2_msgs/lib/libnav2_msgs__rosidl_typesupport_fastrtps_c.so
[2.613s] -- Up-to-date symlink: /home/unitree/navigation_ws/install/nav2_msgs/include/nav2_msgs/action/detail/back_up__rosidl_typesupport_fastrtps_cpp.hpp
[2.614s] -- Up-to-date symlink: /home/unitree/navigation_ws/install/nav2_msgs/include/nav2_msgs/action/detail/compute_path_to_pose__rosidl_typesupport_fastrtps_cpp.hpp
[2.614s] -- Up-to-date symlink: /home/unitree/navigation_ws/install/nav2_msgs/include/nav2_msgs/action/detail/dummy_recovery__rosidl_typesupport_fastrtps_cpp.hpp
[2.614s] -- Up-to-date symlink: /home/unitree/navigation_ws/install/nav2_msgs/include/nav2_msgs/action/detail/follow_path__rosidl_typesupport_fastrtps_cpp.hpp
[2.615s] -- Up-to-date symlink: /home/unitree/navigation_ws/install/nav2_msgs/include/nav2_msgs/action/detail/follow_waypoints__rosidl_typesupport_fastrtps_cpp.hpp
[2.615s] -- Up-to-date symlink: /home/unitree/navigation_ws/install/nav2_msgs/include/nav2_msgs/action/detail/navigate_to_pose__rosidl_typesupport_fastrtps_cpp.hpp
[2.615s] -- Up-to-date symlink: /home/unitree/navigation_ws/install/nav2_msgs/include/nav2_msgs/action/detail/spin__rosidl_typesupport_fastrtps_cpp.hpp
[2.615s] -- Up-to-date symlink: /home/unitree/navigation_ws/install/nav2_msgs/include/nav2_msgs/action/detail/wait__rosidl_typesupport_fastrtps_cpp.hpp
[2.615s] -- Up-to-date symlink: /home/unitree/navigation_ws/install/nav2_msgs/include/nav2_msgs/msg/detail/behavior_tree_log__rosidl_typesupport_fastrtps_cpp.hpp
[2.616s] -- Up-to-date symlink: /home/unitree/navigation_ws/install/nav2_msgs/include/nav2_msgs/msg/detail/behavior_tree_status_change__rosidl_typesupport_fastrtps_cpp.hpp
[2.616s] -- Up-to-date symlink: /home/unitree/navigation_ws/install/nav2_msgs/include/nav2_msgs/msg/detail/costmap__rosidl_typesupport_fastrtps_cpp.hpp
[2.616s] -- Up-to-date symlink: /home/unitree/navigation_ws/install/nav2_msgs/include/nav2_msgs/msg/detail/costmap_meta_data__rosidl_typesupport_fastrtps_cpp.hpp
[2.617s] -- Up-to-date symlink: /home/unitree/navigation_ws/install/nav2_msgs/include/nav2_msgs/msg/detail/particle__rosidl_typesupport_fastrtps_cpp.hpp
[2.617s] -- Up-to-date symlink: /home/unitree/navigation_ws/install/nav2_msgs/include/nav2_msgs/msg/detail/particle_cloud__rosidl_typesupport_fastrtps_cpp.hpp
[2.617s] -- Up-to-date symlink: /home/unitree/navigation_ws/install/nav2_msgs/include/nav2_msgs/msg/detail/voxel_grid__rosidl_typesupport_fastrtps_cpp.hpp
[2.617s] -- Up-to-date symlink: /home/unitree/navigation_ws/install/nav2_msgs/include/nav2_msgs/msg/rosidl_typesupport_fastrtps_cpp__visibility_control.h
[2.618s] -- Up-to-date symlink: /home/unitree/navigation_ws/install/nav2_msgs/include/nav2_msgs/srv/detail/clear_costmap_around_robot__rosidl_typesupport_fastrtps_cpp.hpp
[2.618s] -- Up-to-date symlink: /home/unitree/navigation_ws/install/nav2_msgs/include/nav2_msgs/srv/detail/clear_costmap_except_region__rosidl_typesupport_fastrtps_cpp.hpp
[2.618s] -- Up-to-date symlink: /home/unitree/navigation_ws/install/nav2_msgs/include/nav2_msgs/srv/detail/clear_entire_costmap__rosidl_typesupport_fastrtps_cpp.hpp
[2.618s] -- Up-to-date symlink: /home/unitree/navigation_ws/install/nav2_msgs/include/nav2_msgs/srv/detail/get_costmap__rosidl_typesupport_fastrtps_cpp.hpp
[2.618s] -- Up-to-date symlink: /home/unitree/navigation_ws/install/nav2_msgs/include/nav2_msgs/srv/detail/load_map__rosidl_typesupport_fastrtps_cpp.hpp
[2.619s] -- Up-to-date symlink: /home/unitree/navigation_ws/install/nav2_msgs/include/nav2_msgs/srv/detail/manage_lifecycle_nodes__rosidl_typesupport_fastrtps_cpp.hpp
[2.619s] -- Up-to-date symlink: /home/unitree/navigation_ws/install/nav2_msgs/include/nav2_msgs/srv/detail/save_map__rosidl_typesupport_fastrtps_cpp.hpp
[2.619s] -- Up-to-date symlink: /home/unitree/navigation_ws/install/nav2_msgs/lib/libnav2_msgs__rosidl_typesupport_fastrtps_cpp.so
[2.621s] -- Up-to-date symlink: /home/unitree/navigation_ws/install/nav2_msgs/include/nav2_msgs/action/detail/back_up__rosidl_typesupport_introspection_c.h
[2.621s] -- Up-to-date symlink: /home/unitree/navigation_ws/install/nav2_msgs/include/nav2_msgs/action/detail/compute_path_to_pose__rosidl_typesupport_introspection_c.h
[2.621s] -- Up-to-date symlink: /home/unitree/navigation_ws/install/nav2_msgs/include/nav2_msgs/action/detail/dummy_recovery__rosidl_typesupport_introspection_c.h
[2.621s] -- Up-to-date symlink: /home/unitree/navigation_ws/install/nav2_msgs/include/nav2_msgs/action/detail/follow_path__rosidl_typesupport_introspection_c.h
[2.622s] -- Up-to-date symlink: /home/unitree/navigation_ws/install/nav2_msgs/include/nav2_msgs/action/detail/follow_waypoints__rosidl_typesupport_introspection_c.h
[2.622s] -- Up-to-date symlink: /home/unitree/navigation_ws/install/nav2_msgs/include/nav2_msgs/action/detail/navigate_to_pose__rosidl_typesupport_introspection_c.h
[2.622s] -- Up-to-date symlink: /home/unitree/navigation_ws/install/nav2_msgs/include/nav2_msgs/action/detail/spin__rosidl_typesupport_introspection_c.h
[2.622s] -- Up-to-date symlink: /home/unitree/navigation_ws/install/nav2_msgs/include/nav2_msgs/action/detail/wait__rosidl_typesupport_introspection_c.h
[2.623s] -- Up-to-date symlink: /home/unitree/navigation_ws/install/nav2_msgs/include/nav2_msgs/msg/detail/behavior_tree_log__rosidl_typesupport_introspection_c.h
[2.623s] -- Up-to-date symlink: /home/unitree/navigation_ws/install/nav2_msgs/include/nav2_msgs/msg/detail/behavior_tree_status_change__rosidl_typesupport_introspection_c.h
[2.623s] -- Up-to-date symlink: /home/unitree/navigation_ws/install/nav2_msgs/include/nav2_msgs/msg/detail/costmap__rosidl_typesupport_introspection_c.h
[2.623s] -- Up-to-date symlink: /home/unitree/navigation_ws/install/nav2_msgs/include/nav2_msgs/msg/detail/costmap_meta_data__rosidl_typesupport_introspection_c.h
[2.623s] -- Up-to-date symlink: /home/unitree/navigation_ws/install/nav2_msgs/include/nav2_msgs/msg/detail/particle__rosidl_typesupport_introspection_c.h
[2.624s] -- Up-to-date symlink: /home/unitree/navigation_ws/install/nav2_msgs/include/nav2_msgs/msg/detail/particle_cloud__rosidl_typesupport_introspection_c.h
[2.624s] -- Up-to-date symlink: /home/unitree/navigation_ws/install/nav2_msgs/include/nav2_msgs/msg/detail/voxel_grid__rosidl_typesupport_introspection_c.h
[2.624s] -- Up-to-date symlink: /home/unitree/navigation_ws/install/nav2_msgs/include/nav2_msgs/msg/rosidl_typesupport_introspection_c__visibility_control.h
[2.625s] -- Up-to-date symlink: /home/unitree/navigation_ws/install/nav2_msgs/include/nav2_msgs/srv/detail/clear_costmap_around_robot__rosidl_typesupport_introspection_c.h
[2.625s] -- Up-to-date symlink: /home/unitree/navigation_ws/install/nav2_msgs/include/nav2_msgs/srv/detail/clear_costmap_except_region__rosidl_typesupport_introspection_c.h
[2.625s] -- Up-to-date symlink: /home/unitree/navigation_ws/install/nav2_msgs/include/nav2_msgs/srv/detail/clear_entire_costmap__rosidl_typesupport_introspection_c.h
[2.625s] -- Up-to-date symlink: /home/unitree/navigation_ws/install/nav2_msgs/include/nav2_msgs/srv/detail/get_costmap__rosidl_typesupport_introspection_c.h
[2.625s] -- Up-to-date symlink: /home/unitree/navigation_ws/install/nav2_msgs/include/nav2_msgs/srv/detail/load_map__rosidl_typesupport_introspection_c.h
[2.626s] -- Up-to-date symlink: /home/unitree/navigation_ws/install/nav2_msgs/include/nav2_msgs/srv/detail/manage_lifecycle_nodes__rosidl_typesupport_introspection_c.h
[2.626s] -- Up-to-date symlink: /home/unitree/navigation_ws/install/nav2_msgs/include/nav2_msgs/srv/detail/save_map__rosidl_typesupport_introspection_c.h
[2.629s] -- Up-to-date symlink: /home/unitree/navigation_ws/install/nav2_msgs/include/nav2_msgs/action/back_up.hpp
[2.629s] -- Up-to-date symlink: /home/unitree/navigation_ws/install/nav2_msgs/include/nav2_msgs/action/compute_path_to_pose.hpp
[2.629s] -- Up-to-date symlink: /home/unitree/navigation_ws/install/nav2_msgs/include/nav2_msgs/action/detail/back_up__builder.hpp
[2.629s] -- Up-to-date symlink: /home/unitree/navigation_ws/install/nav2_msgs/include/nav2_msgs/action/detail/back_up__struct.hpp
[2.629s] -- Up-to-date symlink: /home/unitree/navigation_ws/install/nav2_msgs/include/nav2_msgs/action/detail/back_up__traits.hpp
[2.630s] -- Up-to-date symlink: /home/unitree/navigation_ws/install/nav2_msgs/include/nav2_msgs/action/detail/back_up__type_support.hpp
[2.630s] -- Up-to-date symlink: /home/unitree/navigation_ws/install/nav2_msgs/include/nav2_msgs/action/detail/compute_path_to_pose__builder.hpp
[2.630s] -- Up-to-date symlink: /home/unitree/navigation_ws/install/nav2_msgs/include/nav2_msgs/action/detail/compute_path_to_pose__struct.hpp
[2.630s] -- Up-to-date symlink: /home/unitree/navigation_ws/install/nav2_msgs/include/nav2_msgs/action/detail/compute_path_to_pose__traits.hpp
[2.631s] -- Up-to-date symlink: /home/unitree/navigation_ws/install/nav2_msgs/include/nav2_msgs/action/detail/compute_path_to_pose__type_support.hpp
[2.631s] -- Up-to-date symlink: /home/unitree/navigation_ws/install/nav2_msgs/include/nav2_msgs/action/detail/dummy_recovery__builder.hpp
[2.631s] -- Up-to-date symlink: /home/unitree/navigation_ws/install/nav2_msgs/include/nav2_msgs/action/detail/dummy_recovery__struct.hpp
[2.631s] -- Up-to-date symlink: /home/unitree/navigation_ws/install/nav2_msgs/include/nav2_msgs/action/detail/dummy_recovery__traits.hpp
[2.631s] -- Up-to-date symlink: /home/unitree/navigation_ws/install/nav2_msgs/include/nav2_msgs/action/detail/dummy_recovery__type_support.hpp
[2.632s] -- Up-to-date symlink: /home/unitree/navigation_ws/install/nav2_msgs/include/nav2_msgs/action/detail/follow_path__builder.hpp
[2.632s] -- Up-to-date symlink: /home/unitree/navigation_ws/install/nav2_msgs/include/nav2_msgs/action/detail/follow_path__struct.hpp
[2.632s] -- Up-to-date symlink: /home/unitree/navigation_ws/install/nav2_msgs/include/nav2_msgs/action/detail/follow_path__traits.hpp
[2.632s] -- Up-to-date symlink: /home/unitree/navigation_ws/install/nav2_msgs/include/nav2_msgs/action/detail/follow_path__type_support.hpp
[2.633s] -- Up-to-date symlink: /home/unitree/navigation_ws/install/nav2_msgs/include/nav2_msgs/action/detail/follow_waypoints__builder.hpp
[2.633s] -- Up-to-date symlink: /home/unitree/navigation_ws/install/nav2_msgs/include/nav2_msgs/action/detail/follow_waypoints__struct.hpp
[2.635s] -- Up-to-date symlink: /home/unitree/navigation_ws/install/nav2_msgs/include/nav2_msgs/action/detail/follow_waypoints__traits.hpp
[2.635s] -- Up-to-date symlink: /home/unitree/navigation_ws/install/nav2_msgs/include/nav2_msgs/action/detail/follow_waypoints__type_support.hpp
[2.635s] -- Up-to-date symlink: /home/unitree/navigation_ws/install/nav2_msgs/include/nav2_msgs/action/detail/navigate_to_pose__builder.hpp
[2.636s] -- Up-to-date symlink: /home/unitree/navigation_ws/install/nav2_msgs/include/nav2_msgs/action/detail/navigate_to_pose__struct.hpp
[2.636s] -- Up-to-date symlink: /home/unitree/navigation_ws/install/nav2_msgs/include/nav2_msgs/action/detail/navigate_to_pose__traits.hpp
[2.636s] -- Up-to-date symlink: /home/unitree/navigation_ws/install/nav2_msgs/include/nav2_msgs/action/detail/navigate_to_pose__type_support.hpp
[2.636s] -- Up-to-date symlink: /home/unitree/navigation_ws/install/nav2_msgs/include/nav2_msgs/action/detail/spin__builder.hpp
[2.637s] -- Up-to-date symlink: /home/unitree/navigation_ws/install/nav2_msgs/include/nav2_msgs/action/detail/spin__struct.hpp
[2.637s] -- Up-to-date symlink: /home/unitree/navigation_ws/install/nav2_msgs/include/nav2_msgs/action/detail/spin__traits.hpp
[2.637s] -- Up-to-date symlink: /home/unitree/navigation_ws/install/nav2_msgs/include/nav2_msgs/action/detail/spin__type_support.hpp
[2.637s] -- Up-to-date symlink: /home/unitree/navigation_ws/install/nav2_msgs/include/nav2_msgs/action/detail/wait__builder.hpp
[2.637s] -- Up-to-date symlink: /home/unitree/navigation_ws/install/nav2_msgs/include/nav2_msgs/action/detail/wait__struct.hpp
[2.637s] -- Up-to-date symlink: /home/unitree/navigation_ws/install/nav2_msgs/include/nav2_msgs/action/detail/wait__traits.hpp
[2.637s] -- Up-to-date symlink: /home/unitree/navigation_ws/install/nav2_msgs/include/nav2_msgs/action/detail/wait__type_support.hpp
[2.638s] -- Up-to-date symlink: /home/unitree/navigation_ws/install/nav2_msgs/include/nav2_msgs/action/dummy_recovery.hpp
[2.638s] -- Up-to-date symlink: /home/unitree/navigation_ws/install/nav2_msgs/include/nav2_msgs/action/follow_path.hpp
[2.638s] -- Up-to-date symlink: /home/unitree/navigation_ws/install/nav2_msgs/include/nav2_msgs/action/follow_waypoints.hpp
[2.638s] -- Up-to-date symlink: /home/unitree/navigation_ws/install/nav2_msgs/include/nav2_msgs/action/navigate_to_pose.hpp
[2.638s] -- Up-to-date symlink: /home/unitree/navigation_ws/install/nav2_msgs/include/nav2_msgs/action/spin.hpp
[2.638s] -- Up-to-date symlink: /home/unitree/navigation_ws/install/nav2_msgs/include/nav2_msgs/action/wait.hpp
[2.639s] -- Up-to-date symlink: /home/unitree/navigation_ws/install/nav2_msgs/include/nav2_msgs/msg/behavior_tree_log.hpp
[2.639s] -- Up-to-date symlink: /home/unitree/navigation_ws/install/nav2_msgs/include/nav2_msgs/msg/behavior_tree_status_change.hpp
[2.639s] -- Up-to-date symlink: /home/unitree/navigation_ws/install/nav2_msgs/include/nav2_msgs/msg/costmap.hpp
[2.639s] -- Up-to-date symlink: /home/unitree/navigation_ws/install/nav2_msgs/include/nav2_msgs/msg/costmap_meta_data.hpp
[2.639s] -- Up-to-date symlink: /home/unitree/navigation_ws/install/nav2_msgs/include/nav2_msgs/msg/detail/behavior_tree_log__builder.hpp
[2.639s] -- Up-to-date symlink: /home/unitree/navigation_ws/install/nav2_msgs/include/nav2_msgs/msg/detail/behavior_tree_log__struct.hpp
[2.640s] -- Up-to-date symlink: /home/unitree/navigation_ws/install/nav2_msgs/include/nav2_msgs/msg/detail/behavior_tree_log__traits.hpp
[2.640s] -- Up-to-date symlink: /home/unitree/navigation_ws/install/nav2_msgs/include/nav2_msgs/msg/detail/behavior_tree_log__type_support.hpp
[2.640s] -- Up-to-date symlink: /home/unitree/navigation_ws/install/nav2_msgs/include/nav2_msgs/msg/detail/behavior_tree_status_change__builder.hpp
[2.641s] -- Up-to-date symlink: /home/unitree/navigation_ws/install/nav2_msgs/include/nav2_msgs/msg/detail/behavior_tree_status_change__struct.hpp
[2.641s] -- Up-to-date symlink: /home/unitree/navigation_ws/install/nav2_msgs/include/nav2_msgs/msg/detail/behavior_tree_status_change__traits.hpp
[2.641s] -- Up-to-date symlink: /home/unitree/navigation_ws/install/nav2_msgs/include/nav2_msgs/msg/detail/behavior_tree_status_change__type_support.hpp
[2.642s] -- Up-to-date symlink: /home/unitree/navigation_ws/install/nav2_msgs/include/nav2_msgs/msg/detail/costmap__builder.hpp
[2.642s] -- Up-to-date symlink: /home/unitree/navigation_ws/install/nav2_msgs/include/nav2_msgs/msg/detail/costmap__struct.hpp
[2.642s] -- Up-to-date symlink: /home/unitree/navigation_ws/install/nav2_msgs/include/nav2_msgs/msg/detail/costmap__traits.hpp
[2.642s] -- Up-to-date symlink: /home/unitree/navigation_ws/install/nav2_msgs/include/nav2_msgs/msg/detail/costmap__type_support.hpp
[2.642s] -- Up-to-date symlink: /home/unitree/navigation_ws/install/nav2_msgs/include/nav2_msgs/msg/detail/costmap_meta_data__builder.hpp
[2.642s] -- Up-to-date symlink: /home/unitree/navigation_ws/install/nav2_msgs/include/nav2_msgs/msg/detail/costmap_meta_data__struct.hpp
[2.643s] -- Up-to-date symlink: /home/unitree/navigation_ws/install/nav2_msgs/include/nav2_msgs/msg/detail/costmap_meta_data__traits.hpp
[2.643s] -- Up-to-date symlink: /home/unitree/navigation_ws/install/nav2_msgs/include/nav2_msgs/msg/detail/costmap_meta_data__type_support.hpp
[2.644s] -- Up-to-date symlink: /home/unitree/navigation_ws/install/nav2_msgs/include/nav2_msgs/msg/detail/particle__builder.hpp
[2.644s] -- Up-to-date symlink: /home/unitree/navigation_ws/install/nav2_msgs/include/nav2_msgs/msg/detail/particle__struct.hpp
[2.644s] -- Up-to-date symlink: /home/unitree/navigation_ws/install/nav2_msgs/include/nav2_msgs/msg/detail/particle__traits.hpp
[2.644s] -- Up-to-date symlink: /home/unitree/navigation_ws/install/nav2_msgs/include/nav2_msgs/msg/detail/particle__type_support.hpp
[2.644s] -- Up-to-date symlink: /home/unitree/navigation_ws/install/nav2_msgs/include/nav2_msgs/msg/detail/particle_cloud__builder.hpp
[2.645s] -- Up-to-date symlink: /home/unitree/navigation_ws/install/nav2_msgs/include/nav2_msgs/msg/detail/particle_cloud__struct.hpp
[2.645s] -- Up-to-date symlink: /home/unitree/navigation_ws/install/nav2_msgs/include/nav2_msgs/msg/detail/particle_cloud__traits.hpp
[2.645s] -- Up-to-date symlink: /home/unitree/navigation_ws/install/nav2_msgs/include/nav2_msgs/msg/detail/particle_cloud__type_support.hpp
[2.645s] -- Up-to-date symlink: /home/unitree/navigation_ws/install/nav2_msgs/include/nav2_msgs/msg/detail/voxel_grid__builder.hpp
[2.646s] -- Up-to-date symlink: /home/unitree/navigation_ws/install/nav2_msgs/include/nav2_msgs/msg/detail/voxel_grid__struct.hpp
[2.646s] -- Up-to-date symlink: /home/unitree/navigation_ws/install/nav2_msgs/include/nav2_msgs/msg/detail/voxel_grid__traits.hpp
[2.646s] -- Up-to-date symlink: /home/unitree/navigation_ws/install/nav2_msgs/include/nav2_msgs/msg/detail/voxel_grid__type_support.hpp
[2.646s] -- Up-to-date symlink: /home/unitree/navigation_ws/install/nav2_msgs/include/nav2_msgs/msg/particle.hpp
[2.646s] -- Up-to-date symlink: /home/unitree/navigation_ws/install/nav2_msgs/include/nav2_msgs/msg/particle_cloud.hpp
[2.646s] -- Up-to-date symlink: /home/unitree/navigation_ws/install/nav2_msgs/include/nav2_msgs/msg/rosidl_generator_cpp__visibility_control.hpp
[2.647s] -- Up-to-date symlink: /home/unitree/navigation_ws/install/nav2_msgs/include/nav2_msgs/msg/voxel_grid.hpp
[2.647s] -- Up-to-date symlink: /home/unitree/navigation_ws/install/nav2_msgs/include/nav2_msgs/srv/clear_costmap_around_robot.hpp
[2.647s] -- Up-to-date symlink: /home/unitree/navigation_ws/install/nav2_msgs/include/nav2_msgs/srv/clear_costmap_except_region.hpp
[2.648s] -- Up-to-date symlink: /home/unitree/navigation_ws/install/nav2_msgs/include/nav2_msgs/srv/clear_entire_costmap.hpp
[2.648s] -- Up-to-date symlink: /home/unitree/navigation_ws/install/nav2_msgs/include/nav2_msgs/srv/detail/clear_costmap_around_robot__builder.hpp
[2.648s] -- Up-to-date symlink: /home/unitree/navigation_ws/install/nav2_msgs/include/nav2_msgs/srv/detail/clear_costmap_around_robot__struct.hpp
[2.648s] -- Up-to-date symlink: /home/unitree/navigation_ws/install/nav2_msgs/include/nav2_msgs/srv/detail/clear_costmap_around_robot__traits.hpp
[2.649s] -- Up-to-date symlink: /home/unitree/navigation_ws/install/nav2_msgs/include/nav2_msgs/srv/detail/clear_costmap_around_robot__type_support.hpp
[2.649s] -- Up-to-date symlink: /home/unitree/navigation_ws/install/nav2_msgs/include/nav2_msgs/srv/detail/clear_costmap_except_region__builder.hpp
[2.649s] -- Up-to-date symlink: /home/unitree/navigation_ws/install/nav2_msgs/include/nav2_msgs/srv/detail/clear_costmap_except_region__struct.hpp
[2.649s] -- Up-to-date symlink: /home/unitree/navigation_ws/install/nav2_msgs/include/nav2_msgs/srv/detail/clear_costmap_except_region__traits.hpp
[2.649s] -- Up-to-date symlink: /home/unitree/navigation_ws/install/nav2_msgs/include/nav2_msgs/srv/detail/clear_costmap_except_region__type_support.hpp
[2.649s] -- Up-to-date symlink: /home/unitree/navigation_ws/install/nav2_msgs/include/nav2_msgs/srv/detail/clear_entire_costmap__builder.hpp
[2.650s] -- Up-to-date symlink: /home/unitree/navigation_ws/install/nav2_msgs/include/nav2_msgs/srv/detail/clear_entire_costmap__struct.hpp
[2.650s] -- Up-to-date symlink: /home/unitree/navigation_ws/install/nav2_msgs/include/nav2_msgs/srv/detail/clear_entire_costmap__traits.hpp
[2.650s] -- Up-to-date symlink: /home/unitree/navigation_ws/install/nav2_msgs/include/nav2_msgs/srv/detail/clear_entire_costmap__type_support.hpp
[2.651s] -- Up-to-date symlink: /home/unitree/navigation_ws/install/nav2_msgs/include/nav2_msgs/srv/detail/get_costmap__builder.hpp
[2.651s] -- Up-to-date symlink: /home/unitree/navigation_ws/install/nav2_msgs/include/nav2_msgs/srv/detail/get_costmap__struct.hpp
[2.651s] -- Up-to-date symlink: /home/unitree/navigation_ws/install/nav2_msgs/include/nav2_msgs/srv/detail/get_costmap__traits.hpp
[2.651s] -- Up-to-date symlink: /home/unitree/navigation_ws/install/nav2_msgs/include/nav2_msgs/srv/detail/get_costmap__type_support.hpp
[2.651s] -- Up-to-date symlink: /home/unitree/navigation_ws/install/nav2_msgs/include/nav2_msgs/srv/detail/load_map__builder.hpp
[2.652s] -- Up-to-date symlink: /home/unitree/navigation_ws/install/nav2_msgs/include/nav2_msgs/srv/detail/load_map__struct.hpp
[2.652s] -- Up-to-date symlink: /home/unitree/navigation_ws/install/nav2_msgs/include/nav2_msgs/srv/detail/load_map__traits.hpp
[2.653s] -- Up-to-date symlink: /home/unitree/navigation_ws/install/nav2_msgs/include/nav2_msgs/srv/detail/load_map__type_support.hpp
[2.653s] -- Up-to-date symlink: /home/unitree/navigation_ws/install/nav2_msgs/include/nav2_msgs/srv/detail/manage_lifecycle_nodes__builder.hpp
[2.653s] -- Up-to-date symlink: /home/unitree/navigation_ws/install/nav2_msgs/include/nav2_msgs/srv/detail/manage_lifecycle_nodes__struct.hpp
[2.653s] -- Up-to-date symlink: /home/unitree/navigation_ws/install/nav2_msgs/include/nav2_msgs/srv/detail/manage_lifecycle_nodes__traits.hpp
[2.653s] -- Up-to-date symlink: /home/unitree/navigation_ws/install/nav2_msgs/include/nav2_msgs/srv/detail/manage_lifecycle_nodes__type_support.hpp
[2.654s] -- Up-to-date symlink: /home/unitree/navigation_ws/install/nav2_msgs/include/nav2_msgs/srv/detail/save_map__builder.hpp
[2.656s] -- Up-to-date symlink: /home/unitree/navigation_ws/install/nav2_msgs/include/nav2_msgs/srv/detail/save_map__struct.hpp
[2.657s] -- Up-to-date symlink: /home/unitree/navigation_ws/install/nav2_msgs/include/nav2_msgs/srv/detail/save_map__traits.hpp
[2.657s] -- Up-to-date symlink: /home/unitree/navigation_ws/install/nav2_msgs/include/nav2_msgs/srv/detail/save_map__type_support.hpp
[2.658s] -- Up-to-date symlink: /home/unitree/navigation_ws/install/nav2_msgs/include/nav2_msgs/srv/get_costmap.hpp
[2.658s] -- Up-to-date symlink: /home/unitree/navigation_ws/install/nav2_msgs/include/nav2_msgs/srv/load_map.hpp
[2.659s] -- Up-to-date symlink: /home/unitree/navigation_ws/install/nav2_msgs/include/nav2_msgs/srv/manage_lifecycle_nodes.hpp
[2.659s] -- Up-to-date symlink: /home/unitree/navigation_ws/install/nav2_msgs/include/nav2_msgs/srv/save_map.hpp
[2.659s] -- Up-to-date symlink: /home/unitree/navigation_ws/install/nav2_msgs/include/nav2_msgs/action/detail/back_up__rosidl_typesupport_introspection_cpp.hpp
[2.659s] -- Up-to-date symlink: /home/unitree/navigation_ws/install/nav2_msgs/include/nav2_msgs/action/detail/compute_path_to_pose__rosidl_typesupport_introspection_cpp.hpp
[2.659s] -- Up-to-date symlink: /home/unitree/navigation_ws/install/nav2_msgs/include/nav2_msgs/action/detail/dummy_recovery__rosidl_typesupport_introspection_cpp.hpp
[2.659s] -- Up-to-date symlink: /home/unitree/navigation_ws/install/nav2_msgs/include/nav2_msgs/action/detail/follow_path__rosidl_typesupport_introspection_cpp.hpp
[2.660s] -- Up-to-date symlink: /home/unitree/navigation_ws/install/nav2_msgs/include/nav2_msgs/action/detail/follow_waypoints__rosidl_typesupport_introspection_cpp.hpp
[2.660s] -- Up-to-date symlink: /home/unitree/navigation_ws/install/nav2_msgs/include/nav2_msgs/action/detail/navigate_to_pose__rosidl_typesupport_introspection_cpp.hpp
[2.661s] -- Up-to-date symlink: /home/unitree/navigation_ws/install/nav2_msgs/include/nav2_msgs/action/detail/spin__rosidl_typesupport_introspection_cpp.hpp
[2.661s] -- Up-to-date symlink: /home/unitree/navigation_ws/install/nav2_msgs/include/nav2_msgs/action/detail/wait__rosidl_typesupport_introspection_cpp.hpp
[2.661s] -- Up-to-date symlink: /home/unitree/navigation_ws/install/nav2_msgs/include/nav2_msgs/msg/detail/behavior_tree_log__rosidl_typesupport_introspection_cpp.hpp
[2.661s] -- Up-to-date symlink: /home/unitree/navigation_ws/install/nav2_msgs/include/nav2_msgs/msg/detail/behavior_tree_status_change__rosidl_typesupport_introspection_cpp.hpp
[2.661s] -- Up-to-date symlink: /home/unitree/navigation_ws/install/nav2_msgs/include/nav2_msgs/msg/detail/costmap__rosidl_typesupport_introspection_cpp.hpp
[2.661s] -- Up-to-date symlink: /home/unitree/navigation_ws/install/nav2_msgs/include/nav2_msgs/msg/detail/costmap_meta_data__rosidl_typesupport_introspection_cpp.hpp
[2.661s] -- Up-to-date symlink: /home/unitree/navigation_ws/install/nav2_msgs/include/nav2_msgs/msg/detail/particle__rosidl_typesupport_introspection_cpp.hpp
[2.662s] -- Up-to-date symlink: /home/unitree/navigation_ws/install/nav2_msgs/include/nav2_msgs/msg/detail/particle_cloud__rosidl_typesupport_introspection_cpp.hpp
[2.662s] -- Up-to-date symlink: /home/unitree/navigation_ws/install/nav2_msgs/include/nav2_msgs/msg/detail/voxel_grid__rosidl_typesupport_introspection_cpp.hpp
[2.662s] -- Up-to-date symlink: /home/unitree/navigation_ws/install/nav2_msgs/include/nav2_msgs/srv/detail/clear_costmap_around_robot__rosidl_typesupport_introspection_cpp.hpp
[2.663s] -- Up-to-date symlink: /home/unitree/navigation_ws/install/nav2_msgs/include/nav2_msgs/srv/detail/clear_costmap_except_region__rosidl_typesupport_introspection_cpp.hpp
[2.663s] -- Up-to-date symlink: /home/unitree/navigation_ws/install/nav2_msgs/include/nav2_msgs/srv/detail/clear_entire_costmap__rosidl_typesupport_introspection_cpp.hpp
[2.663s] -- Up-to-date symlink: /home/unitree/navigation_ws/install/nav2_msgs/include/nav2_msgs/srv/detail/get_costmap__rosidl_typesupport_introspection_cpp.hpp
[2.663s] -- Up-to-date symlink: /home/unitree/navigation_ws/install/nav2_msgs/include/nav2_msgs/srv/detail/load_map__rosidl_typesupport_introspection_cpp.hpp
[2.663s] -- Up-to-date symlink: /home/unitree/navigation_ws/install/nav2_msgs/include/nav2_msgs/srv/detail/manage_lifecycle_nodes__rosidl_typesupport_introspection_cpp.hpp
[2.663s] -- Up-to-date symlink: /home/unitree/navigation_ws/install/nav2_msgs/include/nav2_msgs/srv/detail/save_map__rosidl_typesupport_introspection_cpp.hpp
[2.663s] -- Up-to-date symlink: /home/unitree/navigation_ws/install/nav2_msgs/share/nav2_msgs/environment/pythonpath.sh
[2.664s] -- Up-to-date symlink: /home/unitree/navigation_ws/install/nav2_msgs/share/nav2_msgs/environment/pythonpath.dsv
[2.664s] -- Up-to-date symlink: /home/unitree/navigation_ws/install/nav2_msgs/lib/python3.8/site-packages/nav2_msgs/__init__.py
[2.665s] -- Up-to-date symlink: /home/unitree/navigation_ws/install/nav2_msgs/lib/python3.8/site-packages/nav2_msgs/msg/__init__.py
[2.666s] -- Up-to-date symlink: /home/unitree/navigation_ws/install/nav2_msgs/lib/python3.8/site-packages/nav2_msgs/msg/_behavior_tree_log.py
[2.666s] -- Up-to-date symlink: /home/unitree/navigation_ws/install/nav2_msgs/lib/python3.8/site-packages/nav2_msgs/msg/_behavior_tree_status_change.py
[2.667s] -- Up-to-date symlink: /home/unitree/navigation_ws/install/nav2_msgs/lib/python3.8/site-packages/nav2_msgs/msg/_costmap.py
[2.667s] -- Up-to-date symlink: /home/unitree/navigation_ws/install/nav2_msgs/lib/python3.8/site-packages/nav2_msgs/msg/_costmap_meta_data.py
[2.667s] -- Up-to-date symlink: /home/unitree/navigation_ws/install/nav2_msgs/lib/python3.8/site-packages/nav2_msgs/msg/_particle.py
[2.667s] -- Up-to-date symlink: /home/unitree/navigation_ws/install/nav2_msgs/lib/python3.8/site-packages/nav2_msgs/msg/_particle_cloud.py
[2.667s] -- Up-to-date symlink: /home/unitree/navigation_ws/install/nav2_msgs/lib/python3.8/site-packages/nav2_msgs/msg/_voxel_grid.py
[2.668s] -- Up-to-date symlink: /home/unitree/navigation_ws/install/nav2_msgs/lib/python3.8/site-packages/nav2_msgs/srv/__init__.py
[2.668s] -- Up-to-date symlink: /home/unitree/navigation_ws/install/nav2_msgs/lib/python3.8/site-packages/nav2_msgs/srv/_clear_costmap_around_robot.py
[2.668s] -- Up-to-date symlink: /home/unitree/navigation_ws/install/nav2_msgs/lib/python3.8/site-packages/nav2_msgs/srv/_clear_costmap_except_region.py
[2.668s] -- Up-to-date symlink: /home/unitree/navigation_ws/install/nav2_msgs/lib/python3.8/site-packages/nav2_msgs/srv/_clear_entire_costmap.py
[2.669s] -- Up-to-date symlink: /home/unitree/navigation_ws/install/nav2_msgs/lib/python3.8/site-packages/nav2_msgs/srv/_get_costmap.py
[2.669s] -- Up-to-date symlink: /home/unitree/navigation_ws/install/nav2_msgs/lib/python3.8/site-packages/nav2_msgs/srv/_load_map.py
[2.669s] -- Up-to-date symlink: /home/unitree/navigation_ws/install/nav2_msgs/lib/python3.8/site-packages/nav2_msgs/srv/_manage_lifecycle_nodes.py
[2.669s] -- Up-to-date symlink: /home/unitree/navigation_ws/install/nav2_msgs/lib/python3.8/site-packages/nav2_msgs/srv/_save_map.py
[2.670s] -- Up-to-date symlink: /home/unitree/navigation_ws/install/nav2_msgs/lib/python3.8/site-packages/nav2_msgs/action/__init__.py
[2.670s] -- Up-to-date symlink: /home/unitree/navigation_ws/install/nav2_msgs/lib/python3.8/site-packages/nav2_msgs/action/_back_up.py
[2.670s] -- Up-to-date symlink: /home/unitree/navigation_ws/install/nav2_msgs/lib/python3.8/site-packages/nav2_msgs/action/_compute_path_to_pose.py
[2.671s] -- Up-to-date symlink: /home/unitree/navigation_ws/install/nav2_msgs/lib/python3.8/site-packages/nav2_msgs/action/_dummy_recovery.py
[2.671s] -- Up-to-date symlink: /home/unitree/navigation_ws/install/nav2_msgs/lib/python3.8/site-packages/nav2_msgs/action/_follow_path.py
[2.671s] -- Up-to-date symlink: /home/unitree/navigation_ws/install/nav2_msgs/lib/python3.8/site-packages/nav2_msgs/action/_follow_waypoints.py
[2.671s] -- Up-to-date symlink: /home/unitree/navigation_ws/install/nav2_msgs/lib/python3.8/site-packages/nav2_msgs/action/_navigate_to_pose.py
[2.671s] -- Up-to-date symlink: /home/unitree/navigation_ws/install/nav2_msgs/lib/python3.8/site-packages/nav2_msgs/action/_spin.py
[2.672s] -- Up-to-date symlink: /home/unitree/navigation_ws/install/nav2_msgs/lib/python3.8/site-packages/nav2_msgs/action/_wait.py
[2.672s] -- Up-to-date symlink: /home/unitree/navigation_ws/install/nav2_msgs/lib/python3.8/site-packages/nav2_msgs/nav2_msgs_s__rosidl_typesupport_fastrtps_c.cpython-38-aarch64-linux-gnu.so
[2.673s] -- Up-to-date symlink: /home/unitree/navigation_ws/install/nav2_msgs/lib/python3.8/site-packages/nav2_msgs/nav2_msgs_s__rosidl_typesupport_introspection_c.cpython-38-aarch64-linux-gnu.so
[2.674s] -- Up-to-date symlink: /home/unitree/navigation_ws/install/nav2_msgs/lib/python3.8/site-packages/nav2_msgs/nav2_msgs_s__rosidl_typesupport_c.cpython-38-aarch64-linux-gnu.so
[2.674s] -- Up-to-date symlink: /home/unitree/navigation_ws/install/nav2_msgs/lib/libnav2_msgs__python.so
[2.674s] -- Up-to-date symlink: /home/unitree/navigation_ws/install/nav2_msgs/share/nav2_msgs/msg/Costmap.idl
[2.675s] -- Up-to-date symlink: /home/unitree/navigation_ws/install/nav2_msgs/share/nav2_msgs/msg/CostmapMetaData.idl
[2.675s] -- Up-to-date symlink: /home/unitree/navigation_ws/install/nav2_msgs/share/nav2_msgs/msg/VoxelGrid.idl
[2.676s] -- Up-to-date symlink: /home/unitree/navigation_ws/install/nav2_msgs/share/nav2_msgs/msg/BehaviorTreeStatusChange.idl
[2.676s] -- Up-to-date symlink: /home/unitree/navigation_ws/install/nav2_msgs/share/nav2_msgs/msg/BehaviorTreeLog.idl
[2.676s] -- Up-to-date symlink: /home/unitree/navigation_ws/install/nav2_msgs/share/nav2_msgs/msg/Particle.idl
[2.676s] -- Up-to-date symlink: /home/unitree/navigation_ws/install/nav2_msgs/share/nav2_msgs/msg/ParticleCloud.idl
[2.677s] -- Up-to-date symlink: /home/unitree/navigation_ws/install/nav2_msgs/share/nav2_msgs/srv/GetCostmap.idl
[2.677s] -- Up-to-date symlink: /home/unitree/navigation_ws/install/nav2_msgs/share/nav2_msgs/srv/ClearCostmapExceptRegion.idl
[2.678s] -- Up-to-date symlink: /home/unitree/navigation_ws/install/nav2_msgs/share/nav2_msgs/srv/ClearCostmapAroundRobot.idl
[2.678s] -- Up-to-date symlink: /home/unitree/navigation_ws/install/nav2_msgs/share/nav2_msgs/srv/ClearEntireCostmap.idl
[2.679s] -- Up-to-date symlink: /home/unitree/navigation_ws/install/nav2_msgs/share/nav2_msgs/srv/ManageLifecycleNodes.idl
[2.679s] -- Up-to-date symlink: /home/unitree/navigation_ws/install/nav2_msgs/share/nav2_msgs/srv/LoadMap.idl
[2.680s] -- Up-to-date symlink: /home/unitree/navigation_ws/install/nav2_msgs/share/nav2_msgs/srv/SaveMap.idl
[2.680s] -- Up-to-date symlink: /home/unitree/navigation_ws/install/nav2_msgs/share/nav2_msgs/action/BackUp.idl
[2.681s] -- Up-to-date symlink: /home/unitree/navigation_ws/install/nav2_msgs/share/nav2_msgs/action/ComputePathToPose.idl
[2.681s] -- Up-to-date symlink: /home/unitree/navigation_ws/install/nav2_msgs/share/nav2_msgs/action/FollowPath.idl
[2.681s] -- Up-to-date symlink: /home/unitree/navigation_ws/install/nav2_msgs/share/nav2_msgs/action/NavigateToPose.idl
[2.681s] -- Up-to-date symlink: /home/unitree/navigation_ws/install/nav2_msgs/share/nav2_msgs/action/Wait.idl
[2.681s] -- Up-to-date symlink: /home/unitree/navigation_ws/install/nav2_msgs/share/nav2_msgs/action/Spin.idl
[2.681s] -- Up-to-date symlink: /home/unitree/navigation_ws/install/nav2_msgs/share/nav2_msgs/action/DummyRecovery.idl
[2.682s] -- Up-to-date symlink: /home/unitree/navigation_ws/install/nav2_msgs/share/nav2_msgs/action/FollowWaypoints.idl
[2.682s] -- Up-to-date symlink: /home/unitree/navigation_ws/install/nav2_msgs/share/nav2_msgs/msg/Costmap.msg
[2.683s] -- Up-to-date symlink: /home/unitree/navigation_ws/install/nav2_msgs/share/nav2_msgs/msg/CostmapMetaData.msg
[2.683s] -- Up-to-date symlink: /home/unitree/navigation_ws/install/nav2_msgs/share/nav2_msgs/msg/VoxelGrid.msg
[2.683s] -- Up-to-date symlink: /home/unitree/navigation_ws/install/nav2_msgs/share/nav2_msgs/msg/BehaviorTreeStatusChange.msg
[2.683s] -- Up-to-date symlink: /home/unitree/navigation_ws/install/nav2_msgs/share/nav2_msgs/msg/BehaviorTreeLog.msg
[2.684s] -- Up-to-date symlink: /home/unitree/navigation_ws/install/nav2_msgs/share/nav2_msgs/msg/Particle.msg
[2.685s] -- Up-to-date symlink: /home/unitree/navigation_ws/install/nav2_msgs/share/nav2_msgs/msg/ParticleCloud.msg
[2.685s] -- Up-to-date symlink: /home/unitree/navigation_ws/install/nav2_msgs/share/nav2_msgs/srv/GetCostmap.srv
[2.685s] -- Up-to-date symlink: /home/unitree/navigation_ws/install/nav2_msgs/share/nav2_msgs/srv/GetCostmap_Request.msg
[2.686s] -- Up-to-date symlink: /home/unitree/navigation_ws/install/nav2_msgs/share/nav2_msgs/srv/GetCostmap_Response.msg
[2.686s] -- Up-to-date symlink: /home/unitree/navigation_ws/install/nav2_msgs/share/nav2_msgs/srv/ClearCostmapExceptRegion.srv
[2.686s] -- Up-to-date symlink: /home/unitree/navigation_ws/install/nav2_msgs/share/nav2_msgs/srv/ClearCostmapExceptRegion_Request.msg
[2.687s] -- Up-to-date symlink: /home/unitree/navigation_ws/install/nav2_msgs/share/nav2_msgs/srv/ClearCostmapExceptRegion_Response.msg
[2.687s] -- Up-to-date symlink: /home/unitree/navigation_ws/install/nav2_msgs/share/nav2_msgs/srv/ClearCostmapAroundRobot.srv
[2.687s] -- Up-to-date symlink: /home/unitree/navigation_ws/install/nav2_msgs/share/nav2_msgs/srv/ClearCostmapAroundRobot_Request.msg
[2.688s] -- Up-to-date symlink: /home/unitree/navigation_ws/install/nav2_msgs/share/nav2_msgs/srv/ClearCostmapAroundRobot_Response.msg
[2.688s] -- Up-to-date symlink: /home/unitree/navigation_ws/install/nav2_msgs/share/nav2_msgs/srv/ClearEntireCostmap.srv
[2.689s] -- Up-to-date symlink: /home/unitree/navigation_ws/install/nav2_msgs/share/nav2_msgs/srv/ClearEntireCostmap_Request.msg
[2.689s] -- Up-to-date symlink: /home/unitree/navigation_ws/install/nav2_msgs/share/nav2_msgs/srv/ClearEntireCostmap_Response.msg
[2.689s] -- Up-to-date symlink: /home/unitree/navigation_ws/install/nav2_msgs/share/nav2_msgs/srv/ManageLifecycleNodes.srv
[2.689s] -- Up-to-date symlink: /home/unitree/navigation_ws/install/nav2_msgs/share/nav2_msgs/srv/ManageLifecycleNodes_Request.msg
[2.689s] -- Up-to-date symlink: /home/unitree/navigation_ws/install/nav2_msgs/share/nav2_msgs/srv/ManageLifecycleNodes_Response.msg
[2.690s] -- Up-to-date symlink: /home/unitree/navigation_ws/install/nav2_msgs/share/nav2_msgs/srv/LoadMap.srv
[2.690s] -- Up-to-date symlink: /home/unitree/navigation_ws/install/nav2_msgs/share/nav2_msgs/srv/LoadMap_Request.msg
[2.690s] -- Up-to-date symlink: /home/unitree/navigation_ws/install/nav2_msgs/share/nav2_msgs/srv/LoadMap_Response.msg
[2.691s] -- Up-to-date symlink: /home/unitree/navigation_ws/install/nav2_msgs/share/nav2_msgs/srv/SaveMap.srv
[2.691s] -- Up-to-date symlink: /home/unitree/navigation_ws/install/nav2_msgs/share/nav2_msgs/srv/SaveMap_Request.msg
[2.691s] -- Up-to-date symlink: /home/unitree/navigation_ws/install/nav2_msgs/share/nav2_msgs/srv/SaveMap_Response.msg
[2.692s] -- Up-to-date symlink: /home/unitree/navigation_ws/install/nav2_msgs/share/nav2_msgs/action/BackUp.action
[2.692s] -- Up-to-date symlink: /home/unitree/navigation_ws/install/nav2_msgs/share/nav2_msgs/action/ComputePathToPose.action
[2.692s] -- Up-to-date symlink: /home/unitree/navigation_ws/install/nav2_msgs/share/nav2_msgs/action/FollowPath.action
[2.693s] -- Up-to-date symlink: /home/unitree/navigation_ws/install/nav2_msgs/share/nav2_msgs/action/NavigateToPose.action
[2.694s] -- Up-to-date symlink: /home/unitree/navigation_ws/install/nav2_msgs/share/nav2_msgs/action/Wait.action
[2.694s] -- Up-to-date symlink: /home/unitree/navigation_ws/install/nav2_msgs/share/nav2_msgs/action/Spin.action
[2.694s] -- Up-to-date symlink: /home/unitree/navigation_ws/install/nav2_msgs/share/nav2_msgs/action/DummyRecovery.action
[2.694s] -- Up-to-date symlink: /home/unitree/navigation_ws/install/nav2_msgs/share/nav2_msgs/action/FollowWaypoints.action
[2.695s] -- Up-to-date symlink: /home/unitree/navigation_ws/install/nav2_msgs/share/ament_index/resource_index/package_run_dependencies/nav2_msgs
[2.695s] -- Up-to-date symlink: /home/unitree/navigation_ws/install/nav2_msgs/share/ament_index/resource_index/parent_prefix_path/nav2_msgs
[2.695s] -- Up-to-date symlink: /home/unitree/navigation_ws/install/nav2_msgs/share/nav2_msgs/environment/ament_prefix_path.sh
[2.696s] -- Up-to-date symlink: /home/unitree/navigation_ws/install/nav2_msgs/share/nav2_msgs/environment/ament_prefix_path.dsv
[2.696s] -- Up-to-date symlink: /home/unitree/navigation_ws/install/nav2_msgs/share/nav2_msgs/environment/path.sh
[2.696s] -- Up-to-date symlink: /home/unitree/navigation_ws/install/nav2_msgs/share/nav2_msgs/environment/path.dsv
[2.697s] -- Up-to-date symlink: /home/unitree/navigation_ws/install/nav2_msgs/share/nav2_msgs/local_setup.bash
[2.697s] -- Up-to-date symlink: /home/unitree/navigation_ws/install/nav2_msgs/share/nav2_msgs/local_setup.sh
[2.697s] -- Up-to-date symlink: /home/unitree/navigation_ws/install/nav2_msgs/share/nav2_msgs/local_setup.zsh
[2.698s] -- Up-to-date symlink: /home/unitree/navigation_ws/install/nav2_msgs/share/nav2_msgs/local_setup.dsv
[2.698s] -- Symlinking: /home/unitree/navigation_ws/install/nav2_msgs/share/nav2_msgs/package.dsv
[2.726s] -- Up-to-date symlink: /home/unitree/navigation_ws/install/nav2_msgs/share/ament_index/resource_index/packages/nav2_msgs
[2.726s] -- Up-to-date symlink: /home/unitree/navigation_ws/install/nav2_msgs/share/nav2_msgs/cmake/rosidl_cmake-extras.cmake
[2.727s] -- Up-to-date symlink: /home/unitree/navigation_ws/install/nav2_msgs/share/nav2_msgs/cmake/ament_cmake_export_dependencies-extras.cmake
[2.727s] -- Up-to-date symlink: /home/unitree/navigation_ws/install/nav2_msgs/share/nav2_msgs/cmake/ament_cmake_export_libraries-extras.cmake
[2.727s] -- Up-to-date symlink: /home/unitree/navigation_ws/install/nav2_msgs/share/nav2_msgs/cmake/ament_cmake_export_targets-extras.cmake
[2.728s] -- Up-to-date symlink: /home/unitree/navigation_ws/install/nav2_msgs/share/nav2_msgs/cmake/ament_cmake_export_include_directories-extras.cmake
[2.729s] -- Up-to-date symlink: /home/unitree/navigation_ws/install/nav2_msgs/share/nav2_msgs/cmake/rosidl_cmake_export_typesupport_libraries-extras.cmake
[2.729s] -- Up-to-date symlink: /home/unitree/navigation_ws/install/nav2_msgs/share/nav2_msgs/cmake/rosidl_cmake_export_typesupport_targets-extras.cmake
[2.729s] -- Up-to-date symlink: /home/unitree/navigation_ws/install/nav2_msgs/share/nav2_msgs/cmake/nav2_msgsConfig.cmake
[2.729s] -- Up-to-date symlink: /home/unitree/navigation_ws/install/nav2_msgs/share/nav2_msgs/cmake/nav2_msgsConfig-version.cmake
[2.730s] -- Up-to-date symlink: /home/unitree/navigation_ws/install/nav2_msgs/share/nav2_msgs/package.xml
[2.730s] -- Up-to-date: /home/unitree/navigation_ws/install/nav2_msgs/lib/libnav2_msgs__rosidl_generator_c.so
[2.730s] -- Up-to-date: /home/unitree/navigation_ws/install/nav2_msgs/lib/libnav2_msgs__rosidl_typesupport_introspection_c.so
[2.731s] -- Up-to-date: /home/unitree/navigation_ws/install/nav2_msgs/lib/libnav2_msgs__rosidl_typesupport_c.so
[2.731s] -- Up-to-date: /home/unitree/navigation_ws/install/nav2_msgs/lib/libnav2_msgs__rosidl_typesupport_introspection_cpp.so
[2.732s] -- Up-to-date: /home/unitree/navigation_ws/install/nav2_msgs/lib/libnav2_msgs__rosidl_typesupport_cpp.so
[2.794s] -- Up-to-date: /home/unitree/navigation_ws/install/nav2_msgs/share/nav2_msgs/cmake/nav2_msgs__rosidl_generator_cExport.cmake
[2.795s] -- Up-to-date: /home/unitree/navigation_ws/install/nav2_msgs/share/nav2_msgs/cmake/nav2_msgs__rosidl_generator_cExport-release.cmake
[2.795s] -- Up-to-date: /home/unitree/navigation_ws/install/nav2_msgs/share/nav2_msgs/cmake/nav2_msgs__rosidl_typesupport_introspection_cExport.cmake
[2.795s] -- Up-to-date: /home/unitree/navigation_ws/install/nav2_msgs/share/nav2_msgs/cmake/nav2_msgs__rosidl_typesupport_introspection_cExport-release.cmake
[2.795s] -- Up-to-date: /home/unitree/navigation_ws/install/nav2_msgs/share/nav2_msgs/cmake/nav2_msgs__rosidl_typesupport_cExport.cmake
[2.795s] -- Up-to-date: /home/unitree/navigation_ws/install/nav2_msgs/share/nav2_msgs/cmake/nav2_msgs__rosidl_typesupport_cExport-release.cmake
[2.795s] -- Up-to-date: /home/unitree/navigation_ws/install/nav2_msgs/share/nav2_msgs/cmake/nav2_msgs__rosidl_generator_cppExport.cmake
[2.795s] -- Up-to-date: /home/unitree/navigation_ws/install/nav2_msgs/share/nav2_msgs/cmake/nav2_msgs__rosidl_typesupport_introspection_cppExport.cmake
[2.796s] -- Up-to-date: /home/unitree/navigation_ws/install/nav2_msgs/share/nav2_msgs/cmake/nav2_msgs__rosidl_typesupport_introspection_cppExport-release.cmake
[2.796s] -- Up-to-date: /home/unitree/navigation_ws/install/nav2_msgs/share/nav2_msgs/cmake/nav2_msgs__rosidl_typesupport_cppExport.cmake
[2.796s] -- Up-to-date: /home/unitree/navigation_ws/install/nav2_msgs/share/nav2_msgs/cmake/nav2_msgs__rosidl_typesupport_cppExport-release.cmake
[2.801s] Invoked command in '/home/unitree/navigation_ws/build/nav2_msgs' returned '0': CMAKE_PREFIX_PATH=/home/unitree/navigation_ws/install/nav2_common:/home/unitree/navigation_ws/install/nav2_bringup:/home/unitree/navigation_ws/install/navigation2:/home/unitree/navigation_ws/install/smac_planner:/home/unitree/navigation_ws/install/rm_autonomy:/home/unitree/navigation_ws/install/rm_autonomy_interfaces:/home/unitree/navigation_ws/install/bringup:/home/unitree/navigation_ws/install/pointcloud_to_laserscan:/home/unitree/navigation_ws/install/nav2_dwb_controller:/home/unitree/navigation_ws/install/nav2_controller:/home/unitree/navigation_ws/install/dwb_plugins:/home/unitree/navigation_ws/install/dwb_critics:/home/unitree/navigation_ws/install/dwb_core:/home/unitree/navigation_ws/install/nav_2d_utils:/home/unitree/navigation_ws/install/dwb_msgs:/home/unitree/navigation_ws/install/nav_2d_msgs:/home/unitree/navigation_ws/install/nav2_waypoint_follower:/home/unitree/navigation_ws/install/nav2_regulated_pure_pursuit_controller:/home/unitree/navigation_ws/install/nav2_recoveries:/home/unitree/navigation_ws/install/nav2_planner:/home/unitree/navigation_ws/install/nav2_navfn_planner:/home/unitree/navigation_ws/install/nav2_core:/home/unitree/navigation_ws/install/costmap_queue:/home/unitree/navigation_ws/install/nav2_costmap_2d:/home/unitree/navigation_ws/install/nav2_voxel_grid:/home/unitree/navigation_ws/install/nav2_map_server:/home/unitree/navigation_ws/install/nav2_lifecycle_manager:/home/unitree/navigation_ws/install/nav2_bt_navigator:/home/unitree/navigation_ws/install/nav2_behavior_tree:/home/unitree/navigation_ws/install/nav2_amcl:/home/unitree/navigation_ws/install/nav2_util:/home/unitree/navigation_ws/install/nav2_msgs:/home/unitree/navigation_ws/install/loam_interface:/home/unitree/navigation_ws/install/fast_lio:/home/unitree/navigation_ws/install/livox_ros_driver2:/home/unitree/navigation_ws/install/linefit_ground_segmentation_ros:/home/unitree/navigation_ws/install/linefit_ground_segmentation:/home/unitree/navigation_ws/install/cmd_vel_processor:/home/unitree/navigation_ws/install/behaviortree_cpp:/home/unitree/cyclonedds_ws/install/rmw_cyclonedds_cpp:/home/unitree/cyclonedds_ws/install/cyclonedds:/opt/ros/foxy PYTHONPATH=/home/unitree/navigation_ws/install/nav2_common/lib/python3.8/site-packages:/home/unitree/navigation_ws/install/rm_autonomy_interfaces/lib/python3.8/site-packages:/home/unitree/navigation_ws/install/dwb_msgs/lib/python3.8/site-packages:/home/unitree/navigation_ws/install/nav_2d_msgs/lib/python3.8/site-packages:/home/unitree/navigation_ws/install/nav2_msgs/lib/python3.8/site-packages:/home/unitree/navigation_ws/install/fast_lio/lib/python3.8/site-packages:/home/unitree/navigation_ws/install/livox_ros_driver2/lib/python3.8/site-packages:/opt/ros/foxy/lib/python3.8/site-packages /usr/bin/cmake --install /home/unitree/navigation_ws/build/nav2_msgs
