[0.127s] Invoking command in '/home/unitree/navigation_ws/build/cmd_vel_processor': CMAKE_PREFIX_PATH=${CMAKE_PREFIX_PATH}:/opt/ros/foxy /usr/bin/cmake --build /home/unitree/navigation_ws/build/cmd_vel_processor -- -j8 -l8
[0.536s] [100%] Built target cmd_vel_subscriber
[0.573s] Invoked command in '/home/unitree/navigation_ws/build/cmd_vel_processor' returned '0': CMAKE_PREFIX_PATH=${CMAKE_PREFIX_PATH}:/opt/ros/foxy /usr/bin/cmake --build /home/unitree/navigation_ws/build/cmd_vel_processor -- -j8 -l8
[0.782s] Invoking command in '/home/unitree/navigation_ws/build/cmd_vel_processor': CMAKE_PREFIX_PATH=${CMAKE_PREFIX_PATH}:/opt/ros/foxy /usr/bin/cmake --install /home/unitree/navigation_ws/build/cmd_vel_processor
[0.835s] -- Install configuration: ""
[0.835s] -- Execute custom install script
[0.836s] -- Up-to-date symlink: /home/unitree/navigation_ws/install/cmd_vel_processor/lib/cmd_vel_processor/cmd_vel_subscriber
[0.837s] -- Up-to-date symlink: /home/unitree/navigation_ws/install/cmd_vel_processor/share/ament_index/resource_index/package_run_dependencies/cmd_vel_processor
[0.837s] -- Up-to-date symlink: /home/unitree/navigation_ws/install/cmd_vel_processor/share/ament_index/resource_index/parent_prefix_path/cmd_vel_processor
[0.838s] -- Up-to-date symlink: /home/unitree/navigation_ws/install/cmd_vel_processor/share/cmd_vel_processor/environment/ament_prefix_path.sh
[0.838s] -- Up-to-date symlink: /home/unitree/navigation_ws/install/cmd_vel_processor/share/cmd_vel_processor/environment/ament_prefix_path.dsv
[0.838s] -- Up-to-date symlink: /home/unitree/navigation_ws/install/cmd_vel_processor/share/cmd_vel_processor/environment/path.sh
[0.838s] -- Up-to-date symlink: /home/unitree/navigation_ws/install/cmd_vel_processor/share/cmd_vel_processor/environment/path.dsv
[0.839s] -- Up-to-date symlink: /home/unitree/navigation_ws/install/cmd_vel_processor/share/cmd_vel_processor/local_setup.bash
[0.839s] -- Up-to-date symlink: /home/unitree/navigation_ws/install/cmd_vel_processor/share/cmd_vel_processor/local_setup.sh
[0.840s] -- Up-to-date symlink: /home/unitree/navigation_ws/install/cmd_vel_processor/share/cmd_vel_processor/local_setup.zsh
[0.840s] -- Up-to-date symlink: /home/unitree/navigation_ws/install/cmd_vel_processor/share/cmd_vel_processor/local_setup.dsv
[0.840s] -- Symlinking: /home/unitree/navigation_ws/install/cmd_vel_processor/share/cmd_vel_processor/package.dsv
[0.901s] -- Up-to-date symlink: /home/unitree/navigation_ws/install/cmd_vel_processor/share/ament_index/resource_index/packages/cmd_vel_processor
[0.901s] -- Up-to-date symlink: /home/unitree/navigation_ws/install/cmd_vel_processor/share/cmd_vel_processor/cmake/cmd_vel_processorConfig.cmake
[0.901s] -- Up-to-date symlink: /home/unitree/navigation_ws/install/cmd_vel_processor/share/cmd_vel_processor/cmake/cmd_vel_processorConfig-version.cmake
[0.901s] -- Up-to-date symlink: /home/unitree/navigation_ws/install/cmd_vel_processor/share/cmd_vel_processor/package.xml
[0.974s] Invoked command in '/home/unitree/navigation_ws/build/cmd_vel_processor' returned '0': CMAKE_PREFIX_PATH=${CMAKE_PREFIX_PATH}:/opt/ros/foxy /usr/bin/cmake --install /home/unitree/navigation_ws/build/cmd_vel_processor
