-- The C compiler identification is GNU 9.4.0
-- The CXX compiler identification is GNU 9.4.0
-- Check for working C compiler: /usr/bin/cc
-- Check for working C compiler: /usr/bin/cc -- works
-- Detecting C compiler ABI info
-- Detecting C compiler ABI info - done
-- Detecting C compile features
-- Detecting C compile features - done
-- Check for working CXX compiler: /usr/bin/c++
-- Check for working CXX compiler: /usr/bin/c++ -- works
-- Detecting CXX compiler ABI info
-- Detecting CXX compiler ABI info - done
-- Detecting CXX compile features
-- Detecting CXX compile features - done
Current CPU archtecture: aarch64
-- Found PythonLibs: /usr/lib/aarch64-linux-gnu/libpython3.8.so (found version "3.8.10") 
-- Found ament_cmake: 0.9.12 (/opt/ros/foxy/share/ament_cmake/cmake)
-- Found PythonInterp: /usr/bin/python3 (found suitable version "3.8.10", minimum required is "3") 
-- Using PYTHON_EXECUTABLE: /usr/bin/python3
-- Found rclcpp: 2.4.3 (/opt/ros/foxy/share/rclcpp/cmake)
-- Using all available rosidl_typesupport_c: rosidl_typesupport_fastrtps_c;rosidl_typesupport_introspection_c
-- Found rosidl_adapter: 1.3.1 (/opt/ros/foxy/share/rosidl_adapter/cmake)
-- Found OpenSSL: /usr/lib/aarch64-linux-gnu/libcrypto.so (found version "1.1.1f")  
-- Found FastRTPS: /opt/ros/foxy/include  
-- Using all available rosidl_typesupport_cpp: rosidl_typesupport_fastrtps_cpp;rosidl_typesupport_introspection_cpp
-- Found rmw_implementation_cmake: 1.0.4 (/opt/ros/foxy/share/rmw_implementation_cmake/cmake)
-- Using RMW implementation 'rmw_cyclonedds_cpp' as default
-- Looking for pthread.h
-- Looking for pthread.h - found
-- Performing Test CMAKE_HAVE_LIBC_PTHREAD
-- Performing Test CMAKE_HAVE_LIBC_PTHREAD - Success
-- Found Threads: TRUE  
-- Found rclcpp_components: 2.4.3 (/opt/ros/foxy/share/rclcpp_components/cmake)
-- Found geometry_msgs: 2.0.5 (/opt/ros/foxy/share/geometry_msgs/cmake)
-- Found nav_msgs: 2.0.5 (/opt/ros/foxy/share/nav_msgs/cmake)
-- Found sensor_msgs: 2.0.5 (/opt/ros/foxy/share/sensor_msgs/cmake)
-- Found std_srvs: 2.0.5 (/opt/ros/foxy/share/std_srvs/cmake)
-- Found visualization_msgs: 2.0.5 (/opt/ros/foxy/share/visualization_msgs/cmake)
-- Found pcl_ros: 2.2.1 (/opt/ros/foxy/share/pcl_ros/cmake)
-- Found eigen3_cmake_module: 0.1.1 (/opt/ros/foxy/share/eigen3_cmake_module/cmake)
-- Found Eigen3: TRUE (found version "3.3.7") 
-- Checking for module 'eigen3'
--   Found eigen3, version 3.3.7
-- Found Eigen: /usr/include/eigen3 (Required is at least version "3.1") 
-- Eigen found (include: /usr/include/eigen3, version: 3.3.7)
-- Checking for module 'flann'
--   Found flann, version 1.9.1
-- Found FLANN: /usr/lib/aarch64-linux-gnu/libflann_cpp.so  
-- The imported target "vtkParseOGLExt" references the file
   "/usr/bin/vtkParseOGLExt-7.1"
but this file does not exist.  Possible reasons include:
* The file was deleted, renamed, or moved to another location.
* An install or uninstall procedure did not complete successfully.
* The installation package was faulty and contained
   "/usr/lib/cmake/vtk-7.1/VTKTargets.cmake"
but not all the files it references.

-- The imported target "vtkRenderingPythonTkWidgets" references the file
   "/usr/lib/aarch64-linux-gnu/libvtkRenderingPythonTkWidgets.so"
but this file does not exist.  Possible reasons include:
* The file was deleted, renamed, or moved to another location.
* An install or uninstall procedure did not complete successfully.
* The installation package was faulty and contained
   "/usr/lib/cmake/vtk-7.1/VTKTargets.cmake"
but not all the files it references.

-- The imported target "vtk" references the file
   "/usr/bin/vtk"
but this file does not exist.  Possible reasons include:
* The file was deleted, renamed, or moved to another location.
* An install or uninstall procedure did not complete successfully.
* The installation package was faulty and contained
   "/usr/lib/cmake/vtk-7.1/VTKTargets.cmake"
but not all the files it references.

-- The imported target "pvtk" references the file
   "/usr/bin/pvtk"
but this file does not exist.  Possible reasons include:
* The file was deleted, renamed, or moved to another location.
* An install or uninstall procedure did not complete successfully.
* The installation package was faulty and contained
   "/usr/lib/cmake/vtk-7.1/VTKTargets.cmake"
but not all the files it references.

-- Checking for module 'libusb-1.0'
--   Found libusb-1.0, version 1.0.23
-- Found USB_10: /usr/lib/aarch64-linux-gnu/libusb-1.0.so  
-- OpenNI found (include: /usr/include/ni, lib: /usr/lib/libOpenNI.so)
-- OpenNI2 found (include: /usr/include/openni2, lib: /usr/lib/libOpenNI2.so)
-- Found libusb-1.0: /usr/include  
-- OpenNI found (include: /usr/include/ni, lib: /usr/lib/libOpenNI.so)
-- OpenNI2 found (include: /usr/include/openni2, lib: /usr/lib/libOpenNI2.so)
-- Found Qhull: optimized;/usr/lib/aarch64-linux-gnu/libqhull.so;debug;/usr/lib/aarch64-linux-gnu/libqhull.so  
-- QHULL found (include: /usr/include, lib: optimized;/usr/lib/aarch64-linux-gnu/libqhull.so;debug;/usr/lib/aarch64-linux-gnu/libqhull.so)
-- OpenNI found (include: /usr/include/ni, lib: /usr/lib/libOpenNI.so)
-- Found PCL_COMMON: /usr/lib/aarch64-linux-gnu/libpcl_common.so  
-- Found PCL_KDTREE: /usr/lib/aarch64-linux-gnu/libpcl_kdtree.so  
-- Found PCL_OCTREE: /usr/lib/aarch64-linux-gnu/libpcl_octree.so  
-- Found PCL_SEARCH: /usr/lib/aarch64-linux-gnu/libpcl_search.so  
-- Found PCL_SAMPLE_CONSENSUS: /usr/lib/aarch64-linux-gnu/libpcl_sample_consensus.so  
-- Found PCL_FILTERS: /usr/lib/aarch64-linux-gnu/libpcl_filters.so  
-- Found PCL_2D: /usr/include/pcl-1.10  
-- Found PCL_GEOMETRY: /usr/include/pcl-1.10  
-- Found PCL_IO: /usr/lib/aarch64-linux-gnu/libpcl_io.so  
-- Found PCL_FEATURES: /usr/lib/aarch64-linux-gnu/libpcl_features.so  
-- Found PCL_ML: /usr/lib/aarch64-linux-gnu/libpcl_ml.so  
-- Found PCL_SEGMENTATION: /usr/lib/aarch64-linux-gnu/libpcl_segmentation.so  
-- Found PCL_VISUALIZATION: /usr/lib/aarch64-linux-gnu/libpcl_visualization.so  
-- Found PCL_SURFACE: /usr/lib/aarch64-linux-gnu/libpcl_surface.so  
-- Found PCL_REGISTRATION: /usr/lib/aarch64-linux-gnu/libpcl_registration.so  
-- Found PCL_KEYPOINTS: /usr/lib/aarch64-linux-gnu/libpcl_keypoints.so  
-- Found PCL_TRACKING: /usr/lib/aarch64-linux-gnu/libpcl_tracking.so  
-- Found PCL_RECOGNITION: /usr/lib/aarch64-linux-gnu/libpcl_recognition.so  
-- Found PCL_STEREO: /usr/lib/aarch64-linux-gnu/libpcl_stereo.so  
-- Found PCL_APPS: /usr/lib/aarch64-linux-gnu/libpcl_apps.so  
-- Found PCL_IN_HAND_SCANNER: /usr/include/pcl-1.10  
-- Found PCL_POINT_CLOUD_EDITOR: /usr/include/pcl-1.10  
-- Found PCL_OUTOFCORE: /usr/lib/aarch64-linux-gnu/libpcl_outofcore.so  
-- Found PCL_PEOPLE: /usr/lib/aarch64-linux-gnu/libpcl_people.so  
-- Found livox_ros_driver2: 1.0.0 (/home/unitree/navigation_ws/install/livox_ros_driver2/share/livox_ros_driver2/cmake)
-- Found rosidl_default_generators: 1.0.1 (/opt/ros/foxy/share/rosidl_default_generators/cmake)
CMake Warning (dev) at CMakeLists.txt:81 (find_package):
  Policy CMP0074 is not set: find_package uses <PackageName>_ROOT variables.
  Run "cmake --help-policy CMP0074" for policy details.  Use the cmake_policy
  command to set the policy and suppress this warning.

  CMake variable PCL_ROOT is set to:

    /usr

  For compatibility, CMake is ignoring the variable.
This warning is for project developers.  Use -Wno-dev to suppress it.

Eigen:/usr/include/eigen3
-- PCL: /usr/include/pcl-1.10
-- Found PythonInterp: /usr/bin/python3 (found version "3.8.10") 
-- Found ament_cmake_ros: 0.9.2 (/opt/ros/foxy/share/ament_cmake_ros/cmake)
-- Using all available rosidl_typesupport_c: rosidl_typesupport_fastrtps_c;rosidl_typesupport_introspection_c
-- Using all available rosidl_typesupport_cpp: rosidl_typesupport_fastrtps_cpp;rosidl_typesupport_introspection_cpp
-- Found PythonInterp: /usr/bin/python3 (found suitable version "3.8.10", minimum required is "3.5") 
-- Found python_cmake_module: 0.8.1 (/opt/ros/foxy/share/python_cmake_module/cmake)
-- Found PythonLibs: /usr/lib/aarch64-linux-gnu/libpython3.8.so (found suitable version "3.8.10", minimum required is "3.5") 
-- Using PYTHON_EXECUTABLE: /usr/bin/python3
-- Using PYTHON_INCLUDE_DIRS: /usr/include/python3.8
-- Using PYTHON_LIBRARIES: /usr/lib/aarch64-linux-gnu/libpython3.8.so
-- Found PythonExtra: .so  
-- Configuring done
-- Generating done
-- Build files have been written to: /home/unitree/navigation_ws/build/fast_lio
[35m[1mScanning dependencies of target fast_lio__cpp[0m
[35m[1mScanning dependencies of target fast_lio__rosidl_generator_c[0m
[  5%] Built target fast_lio__cpp
[ 11%] Built target fast_lio__rosidl_generator_c
[35m[1mScanning dependencies of target fast_lio__rosidl_typesupport_introspection_c[0m
[35m[1mScanning dependencies of target fast_lio__rosidl_typesupport_fastrtps_cpp[0m
[35m[1mScanning dependencies of target fast_lio__rosidl_typesupport_cpp[0m
[ 20%] Built target fast_lio__rosidl_typesupport_cpp
[ 28%] [32m[1mLinking CXX shared library libfast_lio__rosidl_typesupport_fastrtps_cpp.so[0m
[ 31%] Built target fast_lio__rosidl_typesupport_introspection_c
[35m[1mScanning dependencies of target fast_lio__rosidl_typesupport_c[0m
[35m[1mScanning dependencies of target fast_lio__rosidl_typesupport_introspection_cpp[0m
[ 48%] Built target fast_lio__rosidl_typesupport_introspection_cpp
[ 48%] Built target fast_lio__rosidl_typesupport_c
[ 54%] Built target fast_lio__rosidl_typesupport_fastrtps_cpp
[35m[1mScanning dependencies of target fast_lio__rosidl_typesupport_fastrtps_c[0m
[ 57%] [32m[1mLinking CXX shared library libfast_lio__rosidl_typesupport_fastrtps_c.so[0m
[ 62%] Built target fast_lio__rosidl_typesupport_fastrtps_c
[35m[1mScanning dependencies of target fast_lio[0m
[ 62%] Built target fast_lio
[35m[1mScanning dependencies of target fastlio_mapping[0m
[ 65%] Built target fast_lio__py
[35m[1mScanning dependencies of target fast_lio__python[0m
[ 68%] [32m[1mLinking C shared library rosidl_generator_py/fast_lio/libfast_lio__python.so[0m
[ 71%] [32m[1mLinking CXX executable fastlio_mapping[0m
[ 74%] Built target fast_lio__python
[35m[1mScanning dependencies of target fast_lio__rosidl_typesupport_introspection_c__pyext[0m
[35m[1mScanning dependencies of target fast_lio__rosidl_typesupport_c__pyext[0m
[ 77%] [32m[1mLinking C shared library rosidl_generator_py/fast_lio/fast_lio_s__rosidl_typesupport_introspection_c.cpython-38-aarch64-linux-gnu.so[0m
[ 80%] [32m[1mLinking C shared library rosidl_generator_py/fast_lio/fast_lio_s__rosidl_typesupport_c.cpython-38-aarch64-linux-gnu.so[0m
[ 82%] Built target fast_lio__rosidl_typesupport_c__pyext
[ 85%] Built target fast_lio__rosidl_typesupport_introspection_c__pyext
[35m[1mScanning dependencies of target fast_lio__rosidl_typesupport_fastrtps_c__pyext[0m
[ 88%] [32m[1mLinking CXX shared library rosidl_generator_py/fast_lio/fast_lio_s__rosidl_typesupport_fastrtps_c.cpython-38-aarch64-linux-gnu.so[0m
[ 91%] Built target fast_lio__rosidl_typesupport_fastrtps_c__pyext
[100%] Built target fastlio_mapping
-- Install configuration: "Release"
-- Up-to-date: /home/unitree/navigation_ws/install/fast_lio/include/fast_lio
-- Up-to-date: /home/unitree/navigation_ws/install/fast_lio/include/fast_lio/msg
-- Up-to-date: /home/unitree/navigation_ws/install/fast_lio/include/fast_lio/msg/detail
-- Installing: /home/unitree/navigation_ws/install/fast_lio/include/fast_lio/msg/detail/pose6_d__functions.c
-- Up-to-date: /home/unitree/navigation_ws/install/fast_lio/lib/libfast_lio__rosidl_generator_c.so
-- Up-to-date: /home/unitree/navigation_ws/install/fast_lio/include/fast_lio
-- Up-to-date: /home/unitree/navigation_ws/install/fast_lio/include/fast_lio/msg
-- Up-to-date: /home/unitree/navigation_ws/install/fast_lio/include/fast_lio/msg/detail
-- Up-to-date: /home/unitree/navigation_ws/install/fast_lio/include/fast_lio
-- Up-to-date: /home/unitree/navigation_ws/install/fast_lio/include/fast_lio/msg
-- Up-to-date: /home/unitree/navigation_ws/install/fast_lio/include/fast_lio/msg/detail
-- Installing: /home/unitree/navigation_ws/install/fast_lio/include/fast_lio/msg/detail/dds_fastrtps
-- Up-to-date: /home/unitree/navigation_ws/install/fast_lio/include/fast_lio
-- Up-to-date: /home/unitree/navigation_ws/install/fast_lio/include/fast_lio/msg
-- Up-to-date: /home/unitree/navigation_ws/install/fast_lio/include/fast_lio/msg/detail
-- Installing: /home/unitree/navigation_ws/install/fast_lio/include/fast_lio/msg/detail/pose6_d__type_support.c
-- Up-to-date: /home/unitree/navigation_ws/install/fast_lio/lib/libfast_lio__rosidl_typesupport_introspection_c.so
-- Up-to-date: /home/unitree/navigation_ws/install/fast_lio/lib/libfast_lio__rosidl_typesupport_c.so
-- Up-to-date: /home/unitree/navigation_ws/install/fast_lio/include/fast_lio
-- Up-to-date: /home/unitree/navigation_ws/install/fast_lio/include/fast_lio/msg
-- Up-to-date: /home/unitree/navigation_ws/install/fast_lio/include/fast_lio/msg/detail
-- Up-to-date: /home/unitree/navigation_ws/install/fast_lio/include/fast_lio
-- Up-to-date: /home/unitree/navigation_ws/install/fast_lio/include/fast_lio/msg
-- Up-to-date: /home/unitree/navigation_ws/install/fast_lio/include/fast_lio/msg/detail
-- Installing: /home/unitree/navigation_ws/install/fast_lio/include/fast_lio/msg/detail/pose6_d__type_support.cpp
-- Up-to-date: /home/unitree/navigation_ws/install/fast_lio/lib/libfast_lio__rosidl_typesupport_introspection_cpp.so
-- Up-to-date: /home/unitree/navigation_ws/install/fast_lio/lib/libfast_lio__rosidl_typesupport_cpp.so
Compiling '/home/unitree/navigation_ws/install/fast_lio/lib/python3.8/site-packages/fast_lio/__init__.py'...
-- Up-to-date: /home/unitree/navigation_ws/install/fast_lio/lib/python3.8/site-packages/fast_lio/msg
-- Installing: /home/unitree/navigation_ws/install/fast_lio/lib/python3.8/site-packages/fast_lio/msg/_pose6_d_s.c
-- Up-to-date: /home/unitree/navigation_ws/install/fast_lio/share/fast_lio/config
-- Up-to-date: /home/unitree/navigation_ws/install/fast_lio/share/fast_lio/launch
-- Up-to-date: /home/unitree/navigation_ws/install/fast_lio/share/fast_lio/rviz
-- Installing: /home/unitree/navigation_ws/install/fast_lio/share/fast_lio/package.dsv
-- Up-to-date: /home/unitree/navigation_ws/install/fast_lio/share/fast_lio/cmake/fast_lio__rosidl_generator_cExport.cmake
-- Installing: /home/unitree/navigation_ws/install/fast_lio/share/fast_lio/cmake/fast_lio__rosidl_generator_cExport-release.cmake
-- Up-to-date: /home/unitree/navigation_ws/install/fast_lio/share/fast_lio/cmake/fast_lio__rosidl_typesupport_introspection_cExport.cmake
-- Installing: /home/unitree/navigation_ws/install/fast_lio/share/fast_lio/cmake/fast_lio__rosidl_typesupport_introspection_cExport-release.cmake
-- Up-to-date: /home/unitree/navigation_ws/install/fast_lio/share/fast_lio/cmake/fast_lio__rosidl_typesupport_cExport.cmake
-- Installing: /home/unitree/navigation_ws/install/fast_lio/share/fast_lio/cmake/fast_lio__rosidl_typesupport_cExport-release.cmake
-- Up-to-date: /home/unitree/navigation_ws/install/fast_lio/share/fast_lio/cmake/fast_lio__rosidl_generator_cppExport.cmake
-- Up-to-date: /home/unitree/navigation_ws/install/fast_lio/share/fast_lio/cmake/fast_lio__rosidl_typesupport_introspection_cppExport.cmake
-- Installing: /home/unitree/navigation_ws/install/fast_lio/share/fast_lio/cmake/fast_lio__rosidl_typesupport_introspection_cppExport-release.cmake
-- Up-to-date: /home/unitree/navigation_ws/install/fast_lio/share/fast_lio/cmake/fast_lio__rosidl_typesupport_cppExport.cmake
-- Installing: /home/unitree/navigation_ws/install/fast_lio/share/fast_lio/cmake/fast_lio__rosidl_typesupport_cppExport-release.cmake
