[0.141s] Invoking command in '/home/unitree/navigation_ws/build/nav_2d_msgs': CMAKE_PREFIX_PATH=${CMAKE_PREFIX_PATH}:/opt/ros/foxy /usr/bin/cmake --build /home/unitree/navigation_ws/build/nav_2d_msgs -- -j8 -l8
[0.339s] [  4%] Built target nav_2d_msgs__cpp
[0.340s] [ 12%] Built target nav_2d_msgs__rosidl_generator_c
[0.459s] [ 23%] Built target nav_2d_msgs__rosidl_typesupport_introspection_cpp
[0.589s] [ 35%] Built target nav_2d_msgs__rosidl_typesupport_cpp
[0.623s] [ 46%] Built target nav_2d_msgs__rosidl_typesupport_fastrtps_cpp
[0.748s] [ 57%] Built target nav_2d_msgs__rosidl_typesupport_c
[0.772s] [ 69%] Built target nav_2d_msgs__rosidl_typesupport_introspection_c
[0.835s] [ 80%] Built target nav_2d_msgs__rosidl_typesupport_fastrtps_c
[0.962s] [ 80%] Built target nav_2d_msgs
[1.090s] [ 81%] Built target nav_2d_msgs__py
[1.262s] [ 91%] Built target nav_2d_msgs__python
[1.456s] [ 94%] Built target nav_2d_msgs__rosidl_typesupport_c__pyext
[1.481s] [ 97%] Built target nav_2d_msgs__rosidl_typesupport_fastrtps_c__pyext
[1.495s] [100%] Built target nav_2d_msgs__rosidl_typesupport_introspection_c__pyext
[1.554s] Invoked command in '/home/unitree/navigation_ws/build/nav_2d_msgs' returned '0': CMAKE_PREFIX_PATH=${CMAKE_PREFIX_PATH}:/opt/ros/foxy /usr/bin/cmake --build /home/unitree/navigation_ws/build/nav_2d_msgs -- -j8 -l8
[2.377s] Invoking command in '/home/unitree/navigation_ws/build/nav_2d_msgs': CMAKE_PREFIX_PATH=${CMAKE_PREFIX_PATH}:/opt/ros/foxy /usr/bin/cmake --install /home/unitree/navigation_ws/build/nav_2d_msgs
[2.406s] -- Install configuration: ""
[2.407s] -- Execute custom install script
[2.407s] -- Up-to-date symlink: /home/unitree/navigation_ws/install/nav_2d_msgs/share/ament_index/resource_index/rosidl_interfaces/nav_2d_msgs
[2.408s] -- Up-to-date symlink: /home/unitree/navigation_ws/install/nav_2d_msgs/include/nav_2d_msgs/msg/detail/path2_d__functions.h
[2.408s] -- Up-to-date symlink: /home/unitree/navigation_ws/install/nav_2d_msgs/include/nav_2d_msgs/msg/detail/path2_d__struct.h
[2.412s] -- Up-to-date symlink: /home/unitree/navigation_ws/install/nav_2d_msgs/include/nav_2d_msgs/msg/detail/path2_d__type_support.h
[2.413s] -- Up-to-date symlink: /home/unitree/navigation_ws/install/nav_2d_msgs/include/nav_2d_msgs/msg/detail/pose2_d32__functions.h
[2.414s] -- Up-to-date symlink: /home/unitree/navigation_ws/install/nav_2d_msgs/include/nav_2d_msgs/msg/detail/pose2_d32__struct.h
[2.414s] -- Up-to-date symlink: /home/unitree/navigation_ws/install/nav_2d_msgs/include/nav_2d_msgs/msg/detail/pose2_d32__type_support.h
[2.414s] -- Up-to-date symlink: /home/unitree/navigation_ws/install/nav_2d_msgs/include/nav_2d_msgs/msg/detail/pose2_d_stamped__functions.h
[2.414s] -- Up-to-date symlink: /home/unitree/navigation_ws/install/nav_2d_msgs/include/nav_2d_msgs/msg/detail/pose2_d_stamped__struct.h
[2.415s] -- Up-to-date symlink: /home/unitree/navigation_ws/install/nav_2d_msgs/include/nav_2d_msgs/msg/detail/pose2_d_stamped__type_support.h
[2.415s] -- Up-to-date symlink: /home/unitree/navigation_ws/install/nav_2d_msgs/include/nav_2d_msgs/msg/detail/twist2_d32__functions.h
[2.415s] -- Up-to-date symlink: /home/unitree/navigation_ws/install/nav_2d_msgs/include/nav_2d_msgs/msg/detail/twist2_d32__struct.h
[2.415s] -- Up-to-date symlink: /home/unitree/navigation_ws/install/nav_2d_msgs/include/nav_2d_msgs/msg/detail/twist2_d32__type_support.h
[2.416s] -- Up-to-date symlink: /home/unitree/navigation_ws/install/nav_2d_msgs/include/nav_2d_msgs/msg/detail/twist2_d__functions.h
[2.416s] -- Up-to-date symlink: /home/unitree/navigation_ws/install/nav_2d_msgs/include/nav_2d_msgs/msg/detail/twist2_d__struct.h
[2.416s] -- Up-to-date symlink: /home/unitree/navigation_ws/install/nav_2d_msgs/include/nav_2d_msgs/msg/detail/twist2_d__type_support.h
[2.416s] -- Up-to-date symlink: /home/unitree/navigation_ws/install/nav_2d_msgs/include/nav_2d_msgs/msg/detail/twist2_d_stamped__functions.h
[2.417s] -- Up-to-date symlink: /home/unitree/navigation_ws/install/nav_2d_msgs/include/nav_2d_msgs/msg/detail/twist2_d_stamped__struct.h
[2.417s] -- Up-to-date symlink: /home/unitree/navigation_ws/install/nav_2d_msgs/include/nav_2d_msgs/msg/detail/twist2_d_stamped__type_support.h
[2.417s] -- Up-to-date symlink: /home/unitree/navigation_ws/install/nav_2d_msgs/include/nav_2d_msgs/msg/path2_d.h
[2.418s] -- Up-to-date symlink: /home/unitree/navigation_ws/install/nav_2d_msgs/include/nav_2d_msgs/msg/pose2_d32.h
[2.418s] -- Up-to-date symlink: /home/unitree/navigation_ws/install/nav_2d_msgs/include/nav_2d_msgs/msg/pose2_d_stamped.h
[2.418s] -- Up-to-date symlink: /home/unitree/navigation_ws/install/nav_2d_msgs/include/nav_2d_msgs/msg/rosidl_generator_c__visibility_control.h
[2.418s] -- Up-to-date symlink: /home/unitree/navigation_ws/install/nav_2d_msgs/include/nav_2d_msgs/msg/twist2_d.h
[2.419s] -- Up-to-date symlink: /home/unitree/navigation_ws/install/nav_2d_msgs/include/nav_2d_msgs/msg/twist2_d32.h
[2.419s] -- Up-to-date symlink: /home/unitree/navigation_ws/install/nav_2d_msgs/include/nav_2d_msgs/msg/twist2_d_stamped.h
[2.419s] -- Up-to-date symlink: /home/unitree/navigation_ws/install/nav_2d_msgs/share/nav_2d_msgs/environment/library_path.sh
[2.420s] -- Up-to-date symlink: /home/unitree/navigation_ws/install/nav_2d_msgs/share/nav_2d_msgs/environment/library_path.dsv
[2.420s] -- Up-to-date symlink: /home/unitree/navigation_ws/install/nav_2d_msgs/include/nav_2d_msgs/msg/detail/path2_d__rosidl_typesupport_fastrtps_c.h
[2.420s] -- Up-to-date symlink: /home/unitree/navigation_ws/install/nav_2d_msgs/include/nav_2d_msgs/msg/detail/pose2_d32__rosidl_typesupport_fastrtps_c.h
[2.420s] -- Up-to-date symlink: /home/unitree/navigation_ws/install/nav_2d_msgs/include/nav_2d_msgs/msg/detail/pose2_d_stamped__rosidl_typesupport_fastrtps_c.h
[2.421s] -- Up-to-date symlink: /home/unitree/navigation_ws/install/nav_2d_msgs/include/nav_2d_msgs/msg/detail/twist2_d32__rosidl_typesupport_fastrtps_c.h
[2.421s] -- Up-to-date symlink: /home/unitree/navigation_ws/install/nav_2d_msgs/include/nav_2d_msgs/msg/detail/twist2_d__rosidl_typesupport_fastrtps_c.h
[2.421s] -- Up-to-date symlink: /home/unitree/navigation_ws/install/nav_2d_msgs/include/nav_2d_msgs/msg/detail/twist2_d_stamped__rosidl_typesupport_fastrtps_c.h
[2.422s] -- Up-to-date symlink: /home/unitree/navigation_ws/install/nav_2d_msgs/include/nav_2d_msgs/msg/rosidl_typesupport_fastrtps_c__visibility_control.h
[2.422s] -- Up-to-date symlink: /home/unitree/navigation_ws/install/nav_2d_msgs/lib/libnav_2d_msgs__rosidl_typesupport_fastrtps_c.so
[2.422s] -- Up-to-date symlink: /home/unitree/navigation_ws/install/nav_2d_msgs/include/nav_2d_msgs/msg/detail/path2_d__rosidl_typesupport_fastrtps_cpp.hpp
[2.423s] -- Up-to-date symlink: /home/unitree/navigation_ws/install/nav_2d_msgs/include/nav_2d_msgs/msg/detail/pose2_d32__rosidl_typesupport_fastrtps_cpp.hpp
[2.423s] -- Up-to-date symlink: /home/unitree/navigation_ws/install/nav_2d_msgs/include/nav_2d_msgs/msg/detail/pose2_d_stamped__rosidl_typesupport_fastrtps_cpp.hpp
[2.423s] -- Up-to-date symlink: /home/unitree/navigation_ws/install/nav_2d_msgs/include/nav_2d_msgs/msg/detail/twist2_d32__rosidl_typesupport_fastrtps_cpp.hpp
[2.424s] -- Up-to-date symlink: /home/unitree/navigation_ws/install/nav_2d_msgs/include/nav_2d_msgs/msg/detail/twist2_d__rosidl_typesupport_fastrtps_cpp.hpp
[2.424s] -- Up-to-date symlink: /home/unitree/navigation_ws/install/nav_2d_msgs/include/nav_2d_msgs/msg/detail/twist2_d_stamped__rosidl_typesupport_fastrtps_cpp.hpp
[2.424s] -- Up-to-date symlink: /home/unitree/navigation_ws/install/nav_2d_msgs/include/nav_2d_msgs/msg/rosidl_typesupport_fastrtps_cpp__visibility_control.h
[2.425s] -- Up-to-date symlink: /home/unitree/navigation_ws/install/nav_2d_msgs/lib/libnav_2d_msgs__rosidl_typesupport_fastrtps_cpp.so
[2.426s] -- Up-to-date symlink: /home/unitree/navigation_ws/install/nav_2d_msgs/include/nav_2d_msgs/msg/detail/path2_d__rosidl_typesupport_introspection_c.h
[2.426s] -- Up-to-date symlink: /home/unitree/navigation_ws/install/nav_2d_msgs/include/nav_2d_msgs/msg/detail/pose2_d32__rosidl_typesupport_introspection_c.h
[2.426s] -- Up-to-date symlink: /home/unitree/navigation_ws/install/nav_2d_msgs/include/nav_2d_msgs/msg/detail/pose2_d_stamped__rosidl_typesupport_introspection_c.h
[2.426s] -- Up-to-date symlink: /home/unitree/navigation_ws/install/nav_2d_msgs/include/nav_2d_msgs/msg/detail/twist2_d32__rosidl_typesupport_introspection_c.h
[2.426s] -- Up-to-date symlink: /home/unitree/navigation_ws/install/nav_2d_msgs/include/nav_2d_msgs/msg/detail/twist2_d__rosidl_typesupport_introspection_c.h
[2.427s] -- Up-to-date symlink: /home/unitree/navigation_ws/install/nav_2d_msgs/include/nav_2d_msgs/msg/detail/twist2_d_stamped__rosidl_typesupport_introspection_c.h
[2.427s] -- Up-to-date symlink: /home/unitree/navigation_ws/install/nav_2d_msgs/include/nav_2d_msgs/msg/rosidl_typesupport_introspection_c__visibility_control.h
[2.428s] -- Up-to-date symlink: /home/unitree/navigation_ws/install/nav_2d_msgs/include/nav_2d_msgs/msg/detail/path2_d__builder.hpp
[2.429s] -- Up-to-date symlink: /home/unitree/navigation_ws/install/nav_2d_msgs/include/nav_2d_msgs/msg/detail/path2_d__struct.hpp
[2.429s] -- Up-to-date symlink: /home/unitree/navigation_ws/install/nav_2d_msgs/include/nav_2d_msgs/msg/detail/path2_d__traits.hpp
[2.430s] -- Up-to-date symlink: /home/unitree/navigation_ws/install/nav_2d_msgs/include/nav_2d_msgs/msg/detail/path2_d__type_support.hpp
[2.430s] -- Up-to-date symlink: /home/unitree/navigation_ws/install/nav_2d_msgs/include/nav_2d_msgs/msg/detail/pose2_d32__builder.hpp
[2.430s] -- Up-to-date symlink: /home/unitree/navigation_ws/install/nav_2d_msgs/include/nav_2d_msgs/msg/detail/pose2_d32__struct.hpp
[2.431s] -- Up-to-date symlink: /home/unitree/navigation_ws/install/nav_2d_msgs/include/nav_2d_msgs/msg/detail/pose2_d32__traits.hpp
[2.431s] -- Up-to-date symlink: /home/unitree/navigation_ws/install/nav_2d_msgs/include/nav_2d_msgs/msg/detail/pose2_d32__type_support.hpp
[2.431s] -- Up-to-date symlink: /home/unitree/navigation_ws/install/nav_2d_msgs/include/nav_2d_msgs/msg/detail/pose2_d_stamped__builder.hpp
[2.431s] -- Up-to-date symlink: /home/unitree/navigation_ws/install/nav_2d_msgs/include/nav_2d_msgs/msg/detail/pose2_d_stamped__struct.hpp
[2.431s] -- Up-to-date symlink: /home/unitree/navigation_ws/install/nav_2d_msgs/include/nav_2d_msgs/msg/detail/pose2_d_stamped__traits.hpp
[2.432s] -- Up-to-date symlink: /home/unitree/navigation_ws/install/nav_2d_msgs/include/nav_2d_msgs/msg/detail/pose2_d_stamped__type_support.hpp
[2.432s] -- Up-to-date symlink: /home/unitree/navigation_ws/install/nav_2d_msgs/include/nav_2d_msgs/msg/detail/twist2_d32__builder.hpp
[2.433s] -- Up-to-date symlink: /home/unitree/navigation_ws/install/nav_2d_msgs/include/nav_2d_msgs/msg/detail/twist2_d32__struct.hpp
[2.433s] -- Up-to-date symlink: /home/unitree/navigation_ws/install/nav_2d_msgs/include/nav_2d_msgs/msg/detail/twist2_d32__traits.hpp
[2.433s] -- Up-to-date symlink: /home/unitree/navigation_ws/install/nav_2d_msgs/include/nav_2d_msgs/msg/detail/twist2_d32__type_support.hpp
[2.433s] -- Up-to-date symlink: /home/unitree/navigation_ws/install/nav_2d_msgs/include/nav_2d_msgs/msg/detail/twist2_d__builder.hpp
[2.434s] -- Up-to-date symlink: /home/unitree/navigation_ws/install/nav_2d_msgs/include/nav_2d_msgs/msg/detail/twist2_d__struct.hpp
[2.434s] -- Up-to-date symlink: /home/unitree/navigation_ws/install/nav_2d_msgs/include/nav_2d_msgs/msg/detail/twist2_d__traits.hpp
[2.434s] -- Up-to-date symlink: /home/unitree/navigation_ws/install/nav_2d_msgs/include/nav_2d_msgs/msg/detail/twist2_d__type_support.hpp
[2.434s] -- Up-to-date symlink: /home/unitree/navigation_ws/install/nav_2d_msgs/include/nav_2d_msgs/msg/detail/twist2_d_stamped__builder.hpp
[2.435s] -- Up-to-date symlink: /home/unitree/navigation_ws/install/nav_2d_msgs/include/nav_2d_msgs/msg/detail/twist2_d_stamped__struct.hpp
[2.435s] -- Up-to-date symlink: /home/unitree/navigation_ws/install/nav_2d_msgs/include/nav_2d_msgs/msg/detail/twist2_d_stamped__traits.hpp
[2.435s] -- Up-to-date symlink: /home/unitree/navigation_ws/install/nav_2d_msgs/include/nav_2d_msgs/msg/detail/twist2_d_stamped__type_support.hpp
[2.435s] -- Up-to-date symlink: /home/unitree/navigation_ws/install/nav_2d_msgs/include/nav_2d_msgs/msg/path2_d.hpp
[2.435s] -- Up-to-date symlink: /home/unitree/navigation_ws/install/nav_2d_msgs/include/nav_2d_msgs/msg/pose2_d32.hpp
[2.435s] -- Up-to-date symlink: /home/unitree/navigation_ws/install/nav_2d_msgs/include/nav_2d_msgs/msg/pose2_d_stamped.hpp
[2.435s] -- Up-to-date symlink: /home/unitree/navigation_ws/install/nav_2d_msgs/include/nav_2d_msgs/msg/rosidl_generator_cpp__visibility_control.hpp
[2.436s] -- Up-to-date symlink: /home/unitree/navigation_ws/install/nav_2d_msgs/include/nav_2d_msgs/msg/twist2_d.hpp
[2.436s] -- Up-to-date symlink: /home/unitree/navigation_ws/install/nav_2d_msgs/include/nav_2d_msgs/msg/twist2_d32.hpp
[2.436s] -- Up-to-date symlink: /home/unitree/navigation_ws/install/nav_2d_msgs/include/nav_2d_msgs/msg/twist2_d_stamped.hpp
[2.437s] -- Up-to-date symlink: /home/unitree/navigation_ws/install/nav_2d_msgs/include/nav_2d_msgs/msg/detail/path2_d__rosidl_typesupport_introspection_cpp.hpp
[2.437s] -- Up-to-date symlink: /home/unitree/navigation_ws/install/nav_2d_msgs/include/nav_2d_msgs/msg/detail/pose2_d32__rosidl_typesupport_introspection_cpp.hpp
[2.437s] -- Up-to-date symlink: /home/unitree/navigation_ws/install/nav_2d_msgs/include/nav_2d_msgs/msg/detail/pose2_d_stamped__rosidl_typesupport_introspection_cpp.hpp
[2.438s] -- Up-to-date symlink: /home/unitree/navigation_ws/install/nav_2d_msgs/include/nav_2d_msgs/msg/detail/twist2_d32__rosidl_typesupport_introspection_cpp.hpp
[2.438s] -- Up-to-date symlink: /home/unitree/navigation_ws/install/nav_2d_msgs/include/nav_2d_msgs/msg/detail/twist2_d__rosidl_typesupport_introspection_cpp.hpp
[2.438s] -- Up-to-date symlink: /home/unitree/navigation_ws/install/nav_2d_msgs/include/nav_2d_msgs/msg/detail/twist2_d_stamped__rosidl_typesupport_introspection_cpp.hpp
[2.438s] -- Up-to-date symlink: /home/unitree/navigation_ws/install/nav_2d_msgs/share/nav_2d_msgs/environment/pythonpath.sh
[2.439s] -- Up-to-date symlink: /home/unitree/navigation_ws/install/nav_2d_msgs/share/nav_2d_msgs/environment/pythonpath.dsv
[2.439s] -- Up-to-date symlink: /home/unitree/navigation_ws/install/nav_2d_msgs/lib/python3.8/site-packages/nav_2d_msgs/__init__.py
[2.440s] -- Up-to-date symlink: /home/unitree/navigation_ws/install/nav_2d_msgs/lib/python3.8/site-packages/nav_2d_msgs/msg/__init__.py
[2.440s] -- Up-to-date symlink: /home/unitree/navigation_ws/install/nav_2d_msgs/lib/python3.8/site-packages/nav_2d_msgs/msg/_path2_d.py
[2.440s] -- Up-to-date symlink: /home/unitree/navigation_ws/install/nav_2d_msgs/lib/python3.8/site-packages/nav_2d_msgs/msg/_pose2_d32.py
[2.440s] -- Up-to-date symlink: /home/unitree/navigation_ws/install/nav_2d_msgs/lib/python3.8/site-packages/nav_2d_msgs/msg/_pose2_d_stamped.py
[2.441s] -- Up-to-date symlink: /home/unitree/navigation_ws/install/nav_2d_msgs/lib/python3.8/site-packages/nav_2d_msgs/msg/_twist2_d.py
[2.441s] -- Up-to-date symlink: /home/unitree/navigation_ws/install/nav_2d_msgs/lib/python3.8/site-packages/nav_2d_msgs/msg/_twist2_d32.py
[2.441s] -- Up-to-date symlink: /home/unitree/navigation_ws/install/nav_2d_msgs/lib/python3.8/site-packages/nav_2d_msgs/msg/_twist2_d_stamped.py
[2.442s] -- Up-to-date symlink: /home/unitree/navigation_ws/install/nav_2d_msgs/lib/python3.8/site-packages/nav_2d_msgs/nav_2d_msgs_s__rosidl_typesupport_fastrtps_c.cpython-38-aarch64-linux-gnu.so
[2.442s] -- Up-to-date symlink: /home/unitree/navigation_ws/install/nav_2d_msgs/lib/python3.8/site-packages/nav_2d_msgs/nav_2d_msgs_s__rosidl_typesupport_introspection_c.cpython-38-aarch64-linux-gnu.so
[2.443s] -- Up-to-date symlink: /home/unitree/navigation_ws/install/nav_2d_msgs/lib/python3.8/site-packages/nav_2d_msgs/nav_2d_msgs_s__rosidl_typesupport_c.cpython-38-aarch64-linux-gnu.so
[2.443s] -- Up-to-date symlink: /home/unitree/navigation_ws/install/nav_2d_msgs/lib/libnav_2d_msgs__python.so
[2.444s] -- Up-to-date symlink: /home/unitree/navigation_ws/install/nav_2d_msgs/share/nav_2d_msgs/msg/Path2D.idl
[2.444s] -- Up-to-date symlink: /home/unitree/navigation_ws/install/nav_2d_msgs/share/nav_2d_msgs/msg/Pose2D32.idl
[2.444s] -- Up-to-date symlink: /home/unitree/navigation_ws/install/nav_2d_msgs/share/nav_2d_msgs/msg/Pose2DStamped.idl
[2.445s] -- Up-to-date symlink: /home/unitree/navigation_ws/install/nav_2d_msgs/share/nav_2d_msgs/msg/Twist2D.idl
[2.445s] -- Up-to-date symlink: /home/unitree/navigation_ws/install/nav_2d_msgs/share/nav_2d_msgs/msg/Twist2D32.idl
[2.446s] -- Up-to-date symlink: /home/unitree/navigation_ws/install/nav_2d_msgs/share/nav_2d_msgs/msg/Twist2DStamped.idl
[2.446s] -- Up-to-date symlink: /home/unitree/navigation_ws/install/nav_2d_msgs/share/nav_2d_msgs/msg/Path2D.msg
[2.446s] -- Up-to-date symlink: /home/unitree/navigation_ws/install/nav_2d_msgs/share/nav_2d_msgs/msg/Pose2D32.msg
[2.447s] -- Up-to-date symlink: /home/unitree/navigation_ws/install/nav_2d_msgs/share/nav_2d_msgs/msg/Pose2DStamped.msg
[2.447s] -- Up-to-date symlink: /home/unitree/navigation_ws/install/nav_2d_msgs/share/nav_2d_msgs/msg/Twist2D.msg
[2.448s] -- Up-to-date symlink: /home/unitree/navigation_ws/install/nav_2d_msgs/share/nav_2d_msgs/msg/Twist2D32.msg
[2.452s] -- Up-to-date symlink: /home/unitree/navigation_ws/install/nav_2d_msgs/share/nav_2d_msgs/msg/Twist2DStamped.msg
[2.453s] -- Up-to-date symlink: /home/unitree/navigation_ws/install/nav_2d_msgs/share/ament_index/resource_index/package_run_dependencies/nav_2d_msgs
[2.453s] -- Up-to-date symlink: /home/unitree/navigation_ws/install/nav_2d_msgs/share/ament_index/resource_index/parent_prefix_path/nav_2d_msgs
[2.454s] -- Up-to-date symlink: /home/unitree/navigation_ws/install/nav_2d_msgs/share/nav_2d_msgs/environment/ament_prefix_path.sh
[2.454s] -- Up-to-date symlink: /home/unitree/navigation_ws/install/nav_2d_msgs/share/nav_2d_msgs/environment/ament_prefix_path.dsv
[2.454s] -- Up-to-date symlink: /home/unitree/navigation_ws/install/nav_2d_msgs/share/nav_2d_msgs/environment/path.sh
[2.454s] -- Up-to-date symlink: /home/unitree/navigation_ws/install/nav_2d_msgs/share/nav_2d_msgs/environment/path.dsv
[2.455s] -- Up-to-date symlink: /home/unitree/navigation_ws/install/nav_2d_msgs/share/nav_2d_msgs/local_setup.bash
[2.455s] -- Up-to-date symlink: /home/unitree/navigation_ws/install/nav_2d_msgs/share/nav_2d_msgs/local_setup.sh
[2.455s] -- Up-to-date symlink: /home/unitree/navigation_ws/install/nav_2d_msgs/share/nav_2d_msgs/local_setup.zsh
[2.455s] -- Up-to-date symlink: /home/unitree/navigation_ws/install/nav_2d_msgs/share/nav_2d_msgs/local_setup.dsv
[2.456s] -- Symlinking: /home/unitree/navigation_ws/install/nav_2d_msgs/share/nav_2d_msgs/package.dsv
[2.530s] -- Up-to-date symlink: /home/unitree/navigation_ws/install/nav_2d_msgs/share/ament_index/resource_index/packages/nav_2d_msgs
[2.531s] -- Up-to-date symlink: /home/unitree/navigation_ws/install/nav_2d_msgs/share/nav_2d_msgs/cmake/rosidl_cmake-extras.cmake
[2.531s] -- Up-to-date symlink: /home/unitree/navigation_ws/install/nav_2d_msgs/share/nav_2d_msgs/cmake/ament_cmake_export_dependencies-extras.cmake
[2.540s] -- Up-to-date symlink: /home/unitree/navigation_ws/install/nav_2d_msgs/share/nav_2d_msgs/cmake/ament_cmake_export_libraries-extras.cmake
[2.541s] -- Up-to-date symlink: /home/unitree/navigation_ws/install/nav_2d_msgs/share/nav_2d_msgs/cmake/ament_cmake_export_targets-extras.cmake
[2.541s] -- Up-to-date symlink: /home/unitree/navigation_ws/install/nav_2d_msgs/share/nav_2d_msgs/cmake/ament_cmake_export_include_directories-extras.cmake
[2.541s] -- Up-to-date symlink: /home/unitree/navigation_ws/install/nav_2d_msgs/share/nav_2d_msgs/cmake/rosidl_cmake_export_typesupport_libraries-extras.cmake
[2.541s] -- Up-to-date symlink: /home/unitree/navigation_ws/install/nav_2d_msgs/share/nav_2d_msgs/cmake/rosidl_cmake_export_typesupport_targets-extras.cmake
[2.542s] -- Up-to-date symlink: /home/unitree/navigation_ws/install/nav_2d_msgs/share/nav_2d_msgs/cmake/nav_2d_msgsConfig.cmake
[2.542s] -- Up-to-date symlink: /home/unitree/navigation_ws/install/nav_2d_msgs/share/nav_2d_msgs/cmake/nav_2d_msgsConfig-version.cmake
[2.542s] -- Up-to-date symlink: /home/unitree/navigation_ws/install/nav_2d_msgs/share/nav_2d_msgs/package.xml
[2.542s] -- Up-to-date: /home/unitree/navigation_ws/install/nav_2d_msgs/lib/libnav_2d_msgs__rosidl_generator_c.so
[2.542s] -- Up-to-date: /home/unitree/navigation_ws/install/nav_2d_msgs/lib/libnav_2d_msgs__rosidl_typesupport_introspection_c.so
[2.542s] -- Up-to-date: /home/unitree/navigation_ws/install/nav_2d_msgs/lib/libnav_2d_msgs__rosidl_typesupport_c.so
[2.542s] -- Up-to-date: /home/unitree/navigation_ws/install/nav_2d_msgs/lib/libnav_2d_msgs__rosidl_typesupport_introspection_cpp.so
[2.542s] -- Up-to-date: /home/unitree/navigation_ws/install/nav_2d_msgs/lib/libnav_2d_msgs__rosidl_typesupport_cpp.so
[2.573s] -- Up-to-date: /home/unitree/navigation_ws/install/nav_2d_msgs/share/nav_2d_msgs/cmake/nav_2d_msgs__rosidl_generator_cExport.cmake
[2.574s] -- Up-to-date: /home/unitree/navigation_ws/install/nav_2d_msgs/share/nav_2d_msgs/cmake/nav_2d_msgs__rosidl_generator_cExport-noconfig.cmake
[2.574s] -- Up-to-date: /home/unitree/navigation_ws/install/nav_2d_msgs/share/nav_2d_msgs/cmake/nav_2d_msgs__rosidl_typesupport_introspection_cExport.cmake
[2.574s] -- Up-to-date: /home/unitree/navigation_ws/install/nav_2d_msgs/share/nav_2d_msgs/cmake/nav_2d_msgs__rosidl_typesupport_introspection_cExport-noconfig.cmake
[2.574s] -- Up-to-date: /home/unitree/navigation_ws/install/nav_2d_msgs/share/nav_2d_msgs/cmake/nav_2d_msgs__rosidl_typesupport_cExport.cmake
[2.575s] -- Up-to-date: /home/unitree/navigation_ws/install/nav_2d_msgs/share/nav_2d_msgs/cmake/nav_2d_msgs__rosidl_typesupport_cExport-noconfig.cmake
[2.575s] -- Up-to-date: /home/unitree/navigation_ws/install/nav_2d_msgs/share/nav_2d_msgs/cmake/nav_2d_msgs__rosidl_generator_cppExport.cmake
[2.575s] -- Up-to-date: /home/unitree/navigation_ws/install/nav_2d_msgs/share/nav_2d_msgs/cmake/nav_2d_msgs__rosidl_typesupport_introspection_cppExport.cmake
[2.577s] -- Up-to-date: /home/unitree/navigation_ws/install/nav_2d_msgs/share/nav_2d_msgs/cmake/nav_2d_msgs__rosidl_typesupport_introspection_cppExport-noconfig.cmake
[2.578s] -- Up-to-date: /home/unitree/navigation_ws/install/nav_2d_msgs/share/nav_2d_msgs/cmake/nav_2d_msgs__rosidl_typesupport_cppExport.cmake
[2.578s] -- Up-to-date: /home/unitree/navigation_ws/install/nav_2d_msgs/share/nav_2d_msgs/cmake/nav_2d_msgs__rosidl_typesupport_cppExport-noconfig.cmake
[2.585s] Invoked command in '/home/unitree/navigation_ws/build/nav_2d_msgs' returned '0': CMAKE_PREFIX_PATH=${CMAKE_PREFIX_PATH}:/opt/ros/foxy /usr/bin/cmake --install /home/unitree/navigation_ws/build/nav_2d_msgs
