-- Found ament_cmake: 0.9.12 (/opt/ros/foxy/share/ament_cmake/cmake)
-- Using PYTHON_EXECUTABLE: /usr/bin/python3
-- Override CMake install command with custom implementation using symlinks instead of copying resources
-- Found nav2_common: 0.4.7 (/home/unitree/navigation_ws/install/nav2_common/share/nav2_common/cmake)
-- Found nav2_costmap_2d: 0.4.7 (/home/unitree/navigation_ws/install/nav2_costmap_2d/share/nav2_costmap_2d/cmake)
-- Using all available rosidl_typesupport_c: rosidl_typesupport_fastrtps_c;rosidl_typesupport_introspection_c
-- Found rosidl_adapter: 1.3.1 (/opt/ros/foxy/share/rosidl_adapter/cmake)
-- Using all available rosidl_typesupport_cpp: rosidl_typesupport_fastrtps_cpp;rosidl_typesupport_introspection_cpp
-- Found rmw_implementation_cmake: 1.0.4 (/opt/ros/foxy/share/rmw_implementation_cmake/cmake)
-- Using RMW implementation 'rmw_cyclonedds_cpp' as default
-- Found ament_lint_auto: 0.9.8 (/opt/ros/foxy/share/ament_lint_auto/cmake)
-- Found gtest sources under '/opt/ros/foxy/src/gtest_vendor': C++ tests using 'Google Test' will be built
-- Added test 'cppcheck' to perform static code analysis on C / C++ code
-- Configured cppcheck include dirs: /home/unitree/navigation_ws/src/navigation2/nav2_dwb_controller/costmap_queue/include
-- Configured cppcheck exclude dirs and/or files: 
-- Added test 'cpplint' to check C / C++ code against the Google style
-- Configured cpplint exclude dirs and/or files: 
-- Added test 'lint_cmake' to check CMake code style
-- Added test 'uncrustify' to check C / C++ code style
-- Configured uncrustify additional arguments: 
-- Added test 'xmllint' to check XML markup files
-- Configuring done
-- Generating done
-- Build files have been written to: /home/unitree/navigation_ws/build/costmap_queue
[ 18%] Built target gtest
[ 27%] [32mBuilding CXX object CMakeFiles/costmap_queue.dir/src/limited_costmap_queue.cpp.o[0m
[ 45%] Built target gtest_main
[ 54%] [32mBuilding CXX object CMakeFiles/costmap_queue.dir/src/costmap_queue.cpp.o[0m
[ 63%] [32mBuilding CXX object CMakeFiles/mbq_test.dir/test/mbq_test.cpp.o[0m
[ 72%] [32m[1mLinking CXX static library libcostmap_queue.a[0m
[ 72%] Built target costmap_queue
[ 81%] [32mBuilding CXX object CMakeFiles/utest.dir/test/utest.cpp.o[0m
[ 90%] [32m[1mLinking CXX executable mbq_test[0m
[ 90%] Built target mbq_test
[100%] [32m[1mLinking CXX executable utest[0m
[100%] Built target utest
-- Install configuration: "Release"
-- Execute custom install script
-- Up-to-date symlink: /home/unitree/navigation_ws/install/costmap_queue/lib/libcostmap_queue.a
-- Up-to-date symlink: /home/unitree/navigation_ws/install/costmap_queue/include//costmap_queue/costmap_queue.hpp
-- Up-to-date symlink: /home/unitree/navigation_ws/install/costmap_queue/include//costmap_queue/limited_costmap_queue.hpp
-- Up-to-date symlink: /home/unitree/navigation_ws/install/costmap_queue/include//costmap_queue/map_based_queue.hpp
-- Up-to-date symlink: /home/unitree/navigation_ws/install/costmap_queue/share/costmap_queue/environment/library_path.sh
-- Up-to-date symlink: /home/unitree/navigation_ws/install/costmap_queue/share/costmap_queue/environment/library_path.dsv
-- Up-to-date symlink: /home/unitree/navigation_ws/install/costmap_queue/share/ament_index/resource_index/package_run_dependencies/costmap_queue
-- Up-to-date symlink: /home/unitree/navigation_ws/install/costmap_queue/share/ament_index/resource_index/parent_prefix_path/costmap_queue
-- Up-to-date symlink: /home/unitree/navigation_ws/install/costmap_queue/share/costmap_queue/environment/ament_prefix_path.sh
-- Up-to-date symlink: /home/unitree/navigation_ws/install/costmap_queue/share/costmap_queue/environment/ament_prefix_path.dsv
-- Up-to-date symlink: /home/unitree/navigation_ws/install/costmap_queue/share/costmap_queue/environment/path.sh
-- Up-to-date symlink: /home/unitree/navigation_ws/install/costmap_queue/share/costmap_queue/environment/path.dsv
-- Up-to-date symlink: /home/unitree/navigation_ws/install/costmap_queue/share/costmap_queue/local_setup.bash
-- Up-to-date symlink: /home/unitree/navigation_ws/install/costmap_queue/share/costmap_queue/local_setup.sh
-- Up-to-date symlink: /home/unitree/navigation_ws/install/costmap_queue/share/costmap_queue/local_setup.zsh
-- Up-to-date symlink: /home/unitree/navigation_ws/install/costmap_queue/share/costmap_queue/local_setup.dsv
-- Symlinking: /home/unitree/navigation_ws/install/costmap_queue/share/costmap_queue/package.dsv
-- Up-to-date symlink: /home/unitree/navigation_ws/install/costmap_queue/share/ament_index/resource_index/packages/costmap_queue
-- Up-to-date symlink: /home/unitree/navigation_ws/install/costmap_queue/share/costmap_queue/cmake/ament_cmake_export_include_directories-extras.cmake
-- Up-to-date symlink: /home/unitree/navigation_ws/install/costmap_queue/share/costmap_queue/cmake/ament_cmake_export_libraries-extras.cmake
-- Up-to-date symlink: /home/unitree/navigation_ws/install/costmap_queue/share/costmap_queue/cmake/costmap_queueConfig.cmake
-- Up-to-date symlink: /home/unitree/navigation_ws/install/costmap_queue/share/costmap_queue/cmake/costmap_queueConfig-version.cmake
-- Up-to-date symlink: /home/unitree/navigation_ws/install/costmap_queue/share/costmap_queue/package.xml
