-- The C compiler identification is GNU 9.4.0
-- The CXX compiler identification is GNU 9.4.0
-- Check for working C compiler: /usr/bin/cc
-- Check for working C compiler: /usr/bin/cc -- works
-- Detecting C compiler ABI info
-- Detecting C compiler ABI info - done
-- Detecting C compile features
-- Detecting C compile features - done
-- Check for working CXX compiler: /usr/bin/c++
-- Check for working CXX compiler: /usr/bin/c++ -- works
-- Detecting CXX compiler ABI info
-- Detecting CXX compiler ABI info - done
-- Detecting CXX compile features
-- Detecting CXX compile features - done
-- Found ament_cmake_auto: 0.9.12 (/opt/ros/foxy/share/ament_cmake_auto/cmake)
-- Found PythonInterp: /usr/bin/python3 (found suitable version "3.8.10", minimum required is "3") 
-- Using PYTHON_EXECUTABLE: /usr/bin/python3
-- Found nav2_util: 0.4.7 (/home/unitree/navigation_ws/install/nav2_util/share/nav2_util/cmake)
-- Using all available rosidl_typesupport_c: rosidl_typesupport_fastrtps_c;rosidl_typesupport_introspection_c
-- Found rosidl_adapter: 1.3.1 (/opt/ros/foxy/share/rosidl_adapter/cmake)
-- Found OpenSSL: /usr/lib/aarch64-linux-gnu/libcrypto.so (found version "1.1.1f")  
-- Found FastRTPS: /opt/ros/foxy/include  
-- Using all available rosidl_typesupport_cpp: rosidl_typesupport_fastrtps_cpp;rosidl_typesupport_introspection_cpp
-- Found rmw_implementation_cmake: 1.0.4 (/opt/ros/foxy/share/rmw_implementation_cmake/cmake)
-- Using RMW implementation 'rmw_cyclonedds_cpp' as default
-- Looking for pthread.h
-- Looking for pthread.h - found
-- Performing Test CMAKE_HAVE_LIBC_PTHREAD
-- Performing Test CMAKE_HAVE_LIBC_PTHREAD - Failed
-- Looking for pthread_create in pthreads
-- Looking for pthread_create in pthreads - not found
-- Looking for pthread_create in pthread
-- Looking for pthread_create in pthread - found
-- Found Threads: TRUE  
-- Found eigen3_cmake_module: 0.1.1 (/opt/ros/foxy/share/eigen3_cmake_module/cmake)
-- Found Eigen3: TRUE (found version "3.3.7") 
-- Found nav2_costmap_2d: 0.4.7 (/home/unitree/navigation_ws/install/nav2_costmap_2d/share/nav2_costmap_2d/cmake)
-- Configuring done
-- Generating done
-- Build files have been written to: /home/unitree/navigation_ws/build/rm_autonomy
[35m[1mScanning dependencies of target polygon[0m
[  8%] [32mBuilding CXX object CMakeFiles/polygon.dir/src/polygon.cpp.o[0m
[ 16%] [32m[1mLinking CXX shared library libpolygon.so[0m
[ 16%] Built target polygon
[35m[1mScanning dependencies of target occupancy_grid_wrapper[0m
[ 25%] [32mBuilding CXX object CMakeFiles/occupancy_grid_wrapper.dir/src/occupancy_grid_wrapper.cpp.o[0m
[ 33%] [32m[1mLinking CXX shared library liboccupancy_grid_wrapper.so[0m
[ 33%] Built target occupancy_grid_wrapper
[35m[1mScanning dependencies of target sentry_autonomy_node[0m
[ 41%] [32mBuilding CXX object CMakeFiles/sentry_autonomy_node.dir/src/sentry_autonomy_node.cpp.o[0m
[ 50%] [32m[1mLinking CXX executable sentry_autonomy_node[0m
[ 50%] Built target sentry_autonomy_node
[35m[1mScanning dependencies of target get_current_location_action_bt_node[0m
[ 58%] [32mBuilding CXX object CMakeFiles/get_current_location_action_bt_node.dir/plugins/action/get_current_location_action_bt_node.cpp.o[0m
[ 66%] [32m[1mLinking CXX shared library libget_current_location_action_bt_node.so[0m
[ 66%] Built target get_current_location_action_bt_node
[35m[1mScanning dependencies of target send_goal_action_bt_node[0m
[ 75%] [32mBuilding CXX object CMakeFiles/send_goal_action_bt_node.dir/plugins/action/send_goal_action_bt_node.cpp.o[0m
[ 83%] [32m[1mLinking CXX shared library libsend_goal_action_bt_node.so[0m
[ 83%] Built target send_goal_action_bt_node
[35m[1mScanning dependencies of target pub_chasing_position_btnode_action[0m
[ 91%] [32mBuilding CXX object CMakeFiles/pub_chasing_position_btnode_action.dir/plugins/action/pub_chasing_position_btnode_action.cpp.o[0m
[100%] [32m[1mLinking CXX shared library libpub_chasing_position_btnode_action.so[0m
[100%] Built target pub_chasing_position_btnode_action
-- Install configuration: "Release"
-- Up-to-date: /home/unitree/navigation_ws/install/rm_autonomy/share/rm_autonomy/bt_xml
-- Up-to-date: /home/unitree/navigation_ws/install/rm_autonomy/share/rm_autonomy/bt_xml/system_test
-- Up-to-date: /home/unitree/navigation_ws/install/rm_autonomy/share/rm_autonomy/bt_xml/system_test/defence
-- Up-to-date: /home/unitree/navigation_ws/install/rm_autonomy/share/rm_autonomy/bt_xml/system_test/patrol
-- Up-to-date: /home/unitree/navigation_ws/install/rm_autonomy/share/rm_autonomy/bt_xml/system_test/attack
-- Up-to-date: /home/unitree/navigation_ws/install/rm_autonomy/share/rm_autonomy/bt_xml/system_test/dead
-- Up-to-date: /home/unitree/navigation_ws/install/rm_autonomy/share/rm_autonomy/bt_xml/unit_test
-- Up-to-date: /home/unitree/navigation_ws/install/rm_autonomy/share/rm_autonomy/launch
-- Up-to-date: /home/unitree/navigation_ws/install/rm_autonomy/include
-- Up-to-date: /home/unitree/navigation_ws/install/rm_autonomy/include/rm_autonomy
-- Up-to-date: /home/unitree/navigation_ws/install/rm_autonomy/include/rm_autonomy/utils
-- Up-to-date: /home/unitree/navigation_ws/install/rm_autonomy/include/rm_autonomy/plugins
-- Up-to-date: /home/unitree/navigation_ws/install/rm_autonomy/include/rm_autonomy/plugins/condition
-- Up-to-date: /home/unitree/navigation_ws/install/rm_autonomy/include/rm_autonomy/plugins/control
-- Up-to-date: /home/unitree/navigation_ws/install/rm_autonomy/include/rm_autonomy/plugins/action
-- Installing: /home/unitree/navigation_ws/install/rm_autonomy/share/rm_autonomy/package.dsv
