[0.120s] Invoking command in '/home/unitree/navigation_ws/build/behaviortree_cpp': CMAKE_PREFIX_PATH=${CMAKE_PREFIX_PATH}:/opt/ros/foxy /usr/bin/cmake /home/unitree/navigation_ws/src/autonomy/BehaviorTree.CPP -DAMENT_CMAKE_SYMLINK_INSTALL=1 -DCMAKE_INSTALL_PREFIX=/home/unitree/navigation_ws/install/behaviortree_cpp
[0.277s] -- The C compiler identification is GNU 9.4.0
[0.426s] -- The CXX compiler identification is GNU 9.4.0
[0.442s] -- Check for working C compiler: /usr/bin/cc
[0.657s] -- Check for working C compiler: /usr/bin/cc -- works
[0.658s] -- Detecting C compiler ABI info
[0.922s] -- Detecting C compiler ABI info - done
[0.953s] -- Detecting C compile features
[0.955s] -- Detecting C compile features - done
[0.964s] -- Check for working CXX compiler: /usr/bin/c++
[1.204s] -- Check for working CXX compiler: /usr/bin/c++ -- works
[1.204s] -- Detecting CXX compiler ABI info
[1.417s] -- Detecting CXX compiler ABI info - done
[1.437s] -- Detecting CXX compile features
[1.437s] -- Detecting CXX compile features - done
[1.439s] -- Setting build type to 'Release' as none was specified.
[1.441s] -- Looking for pthread.h
[1.686s] -- Looking for pthread.h - found
[1.686s] -- Performing Test CMAKE_HAVE_LIBC_PTHREAD
[1.911s] -- Performing Test CMAKE_HAVE_LIBC_PTHREAD - Failed
[1.912s] -- Looking for pthread_create in pthreads
[2.072s] -- Looking for pthread_create in pthreads - not found
[2.072s] -- Looking for pthread_create in pthread
[2.258s] -- Looking for pthread_create in pthread - found
[2.259s] -- Found Threads: TRUE  
[2.336s] -- Found PythonInterp: /usr/bin/python3 (found suitable version "3.8.10", minimum required is "3") 
[2.336s] -- Using PYTHON_EXECUTABLE: /usr/bin/python3
[2.703s] -- Override CMake install command with custom implementation using symlinks instead of copying resources
[2.799s] -- ------------------------------------------
[2.800s] -- BehaviorTree is being built using AMENT.
[2.801s] -- ------------------------------------------
[2.817s] -- Found ZeroMQ: /usr/lib/aarch64-linux-gnu/libzmq.so  
[2.828s] -- Found SQLite3: /usr/include (found version "3.31.1") 
[2.840s] -- Found ament_index_cpp: 1.1.0 (/opt/ros/foxy/share/ament_index_cpp/cmake)
[2.856s] -- BTCPP_EXTRA_LIBRARIES: $<BUILD_INTERFACE:ament_index_cpp::ament_index_cpp>;$<BUILD_INTERFACE:/usr/lib/aarch64-linux-gnu/libzmq.so>;$<BUILD_INTERFACE:/usr/lib/aarch64-linux-gnu/libsqlite3.so>
[2.857s] -- BTCPP_LIB_DESTINATION:   lib 
[2.857s] -- BTCPP_INCLUDE_DESTINATION: include 
[2.874s] -- BUILD_TESTING:   ON 
[2.884s] -- Found ament_cmake_gtest: 0.9.12 (/opt/ros/foxy/share/ament_cmake_gtest/cmake)
[2.893s] -- Found gtest sources under '/opt/ros/foxy/src/gtest_vendor': C++ tests using 'Google Test' will be built
[2.897s] -- Check if compiler accepts -pthread
[3.086s] -- Check if compiler accepts -pthread - yes
[3.232s] -- Configuring done
[3.421s] -- Generating done
[3.437s] -- Build files have been written to: /home/unitree/navigation_ws/build/behaviortree_cpp
[3.468s] Invoked command in '/home/unitree/navigation_ws/build/behaviortree_cpp' returned '0': CMAKE_PREFIX_PATH=${CMAKE_PREFIX_PATH}:/opt/ros/foxy /usr/bin/cmake /home/unitree/navigation_ws/src/autonomy/BehaviorTree.CPP -DAMENT_CMAKE_SYMLINK_INSTALL=1 -DCMAKE_INSTALL_PREFIX=/home/unitree/navigation_ws/install/behaviortree_cpp
[3.470s] Invoking command in '/home/unitree/navigation_ws/build/behaviortree_cpp': CMAKE_PREFIX_PATH=${CMAKE_PREFIX_PATH}:/opt/ros/foxy /usr/bin/cmake --build /home/unitree/navigation_ws/build/behaviortree_cpp -- -j8 -l8
[4.388s] [35m[1mScanning dependencies of target minitrace[0m
[4.389s] [  1%] Built target lexy_file
[4.389s] [  2%] Built target gtest
[4.389s] [  4%] Built target minitrace
[4.389s] [  6%] Built target gtest_main
[4.389s] [35m[1mScanning dependencies of target behaviortree_cpp[0m
[4.390s] [ 36%] Built target behaviortree_cpp
[4.391s] [ 37%] [32m[1mLinking CXX shared library bin/libmovebase_node_dyn.so[0m
[4.391s] [ 37%] [32m[1mLinking CXX shared library bin/libdummy_nodes_dyn.so[0m
[4.391s] [ 38%] [32m[1mLinking CXX shared library bin/libcrossdoor_nodes_dyn.so[0m
[4.392s] [ 39%] [32m[1mLinking CXX executable bt4_plugin_manifest[0m
[4.393s] [ 42%] Built target bt_sample_nodes
[4.393s] [ 44%] Built target test_plugin_executor
[4.393s] [ 46%] Built target t01_first_tree_dynamic
[4.394s] [ 47%] Built target test_plugin_action
[4.394s] [ 67%] Built target behaviortree_cpp_test
[4.395s] [ 69%] Built target t09_scripting
[4.395s] [ 70%] Built target t10_observer
[4.413s] [ 70%] Built target movebase_node_dyn
[4.420s] [ 70%] Built target crossdoor_nodes_dyn
[4.452s] [ 71%] Built target bt4_plugin_manifest
[4.484s] [ 72%] Built target t08_additional_node_args
[4.570s] [ 74%] Built target t12_default_ports
[4.606s] [ 76%] Built target t07_load_multiple_xml
[4.629s] [ 78%] Built target ex03_sqlite_log
[4.629s] [ 80%] Built target t11_groot_howto
[4.629s] [ 80%] Built target t06_subtree_port_remapping
[4.636s] [ 81%] Built target dummy_nodes_dyn
[4.722s] [ 82%] Built target t13_access_by_ref
[4.728s] [ 84%] Built target t03_generic_ports
[4.779s] [ 86%] Built target t05_crossdoor
[4.811s] [ 87%] Built target t02_basic_ports
[4.849s] [ 88%] Built target t04_reactive_sequence
[4.881s] [ 89%] Built target t15_nodes_mocking
[4.907s] [ 91%] Built target t14_subtree_model
[4.922s] [ 93%] Built target t16_global_blackboard
[4.924s] [ 95%] Built target ex01_wrap_legacy
[4.939s] [ 97%] Built target t18_waypoints
[5.030s] [ 98%] Built target ex02_runtime_ports
[5.031s] [ 99%] Built target t01_first_tree_static
[5.051s] [100%] Built target t17_blackboard_backup
[5.114s] Invoked command in '/home/unitree/navigation_ws/build/behaviortree_cpp' returned '0': CMAKE_PREFIX_PATH=${CMAKE_PREFIX_PATH}:/opt/ros/foxy /usr/bin/cmake --build /home/unitree/navigation_ws/build/behaviortree_cpp -- -j8 -l8
[9.431s] Invoking command in '/home/unitree/navigation_ws/build/behaviortree_cpp': CMAKE_PREFIX_PATH=${CMAKE_PREFIX_PATH}:/opt/ros/foxy /usr/bin/cmake --install /home/unitree/navigation_ws/build/behaviortree_cpp
[17.153s] -- Install configuration: "Release"
[17.153s] -- Execute custom install script
[17.153s] -- Up-to-date symlink: /home/unitree/navigation_ws/install/behaviortree_cpp/lib/cmake/lexy/lexyConfig.cmake
[17.154s] -- Up-to-date symlink: /home/unitree/navigation_ws/install/behaviortree_cpp/lib/cmake/lexy/lexyConfigVersion.cmake
[17.154s] -- Up-to-date symlink: /home/unitree/navigation_ws/install/behaviortree_cpp/share/behaviortree_cpp/bt_plugins/libcrossdoor_nodes_dyn.so
[17.154s] -- Up-to-date symlink: /home/unitree/navigation_ws/install/behaviortree_cpp/share/behaviortree_cpp/bt_plugins/libdummy_nodes_dyn.so
[17.154s] -- Up-to-date symlink: /home/unitree/navigation_ws/install/behaviortree_cpp/share/behaviortree_cpp/bt_plugins/libmovebase_node_dyn.so
[17.154s] -- Up-to-date symlink: /home/unitree/navigation_ws/install/behaviortree_cpp/bin/bt4_plugin_manifest
[17.154s] -- Up-to-date symlink: /home/unitree/navigation_ws/install/behaviortree_cpp/share/behaviortree_cpp/environment/library_path.sh
[17.154s] -- Up-to-date symlink: /home/unitree/navigation_ws/install/behaviortree_cpp/share/behaviortree_cpp/environment/library_path.dsv
[17.154s] -- Up-to-date symlink: /home/unitree/navigation_ws/install/behaviortree_cpp/share/ament_index/resource_index/package_run_dependencies/behaviortree_cpp
[17.155s] -- Up-to-date symlink: /home/unitree/navigation_ws/install/behaviortree_cpp/share/ament_index/resource_index/parent_prefix_path/behaviortree_cpp
[17.155s] -- Up-to-date symlink: /home/unitree/navigation_ws/install/behaviortree_cpp/share/behaviortree_cpp/environment/ament_prefix_path.sh
[17.155s] -- Up-to-date symlink: /home/unitree/navigation_ws/install/behaviortree_cpp/share/behaviortree_cpp/environment/ament_prefix_path.dsv
[17.155s] -- Up-to-date symlink: /home/unitree/navigation_ws/install/behaviortree_cpp/share/behaviortree_cpp/environment/path.sh
[17.155s] -- Up-to-date symlink: /home/unitree/navigation_ws/install/behaviortree_cpp/share/behaviortree_cpp/environment/path.dsv
[17.155s] -- Up-to-date symlink: /home/unitree/navigation_ws/install/behaviortree_cpp/share/behaviortree_cpp/local_setup.bash
[17.155s] -- Up-to-date symlink: /home/unitree/navigation_ws/install/behaviortree_cpp/share/behaviortree_cpp/local_setup.sh
[17.155s] -- Up-to-date symlink: /home/unitree/navigation_ws/install/behaviortree_cpp/share/behaviortree_cpp/local_setup.zsh
[17.155s] -- Up-to-date symlink: /home/unitree/navigation_ws/install/behaviortree_cpp/share/behaviortree_cpp/local_setup.dsv
[17.155s] -- Symlinking: /home/unitree/navigation_ws/install/behaviortree_cpp/share/behaviortree_cpp/package.dsv
[17.156s] -- Up-to-date symlink: /home/unitree/navigation_ws/install/behaviortree_cpp/share/ament_index/resource_index/packages/behaviortree_cpp
[17.156s] -- Up-to-date symlink: /home/unitree/navigation_ws/install/behaviortree_cpp/share/behaviortree_cpp/cmake/ament_cmake_export_dependencies-extras.cmake
[17.156s] -- Up-to-date symlink: /home/unitree/navigation_ws/install/behaviortree_cpp/share/behaviortree_cpp/cmake/ament_cmake_export_include_directories-extras.cmake
[17.156s] -- Up-to-date symlink: /home/unitree/navigation_ws/install/behaviortree_cpp/share/behaviortree_cpp/cmake/ament_cmake_export_libraries-extras.cmake
[17.156s] -- Up-to-date symlink: /home/unitree/navigation_ws/install/behaviortree_cpp/share/behaviortree_cpp/cmake/ament_cmake_export_targets-extras.cmake
[17.156s] -- Up-to-date symlink: /home/unitree/navigation_ws/install/behaviortree_cpp/share/behaviortree_cpp/cmake/behaviortree_cppConfig.cmake
[17.156s] -- Up-to-date symlink: /home/unitree/navigation_ws/install/behaviortree_cpp/share/behaviortree_cpp/cmake/behaviortree_cppConfig-version.cmake
[17.156s] -- Up-to-date symlink: /home/unitree/navigation_ws/install/behaviortree_cpp/share/behaviortree_cpp/package.xml
[17.156s] -- Up-to-date: /home/unitree/navigation_ws/install/behaviortree_cpp/lib/liblexy_file.a
[17.156s] -- Up-to-date: /home/unitree/navigation_ws/install/behaviortree_cpp/lib/cmake/lexy/lexyTargets.cmake
[17.157s] -- Installing: /home/unitree/navigation_ws/install/behaviortree_cpp/lib/cmake/lexy/lexyTargets-release.cmake
[17.157s] -- Up-to-date: /home/unitree/navigation_ws/install/behaviortree_cpp/include/lexy
[17.157s] -- Up-to-date: /home/unitree/navigation_ws/install/behaviortree_cpp/include/lexy/input_location.hpp
[17.157s] -- Up-to-date: /home/unitree/navigation_ws/install/behaviortree_cpp/include/lexy/callback
[17.157s] -- Up-to-date: /home/unitree/navigation_ws/install/behaviortree_cpp/include/lexy/callback/noop.hpp
[17.157s] -- Up-to-date: /home/unitree/navigation_ws/install/behaviortree_cpp/include/lexy/callback/composition.hpp
[17.157s] -- Up-to-date: /home/unitree/navigation_ws/install/behaviortree_cpp/include/lexy/callback/container.hpp
[17.157s] -- Up-to-date: /home/unitree/navigation_ws/install/behaviortree_cpp/include/lexy/callback/object.hpp
[17.157s] -- Up-to-date: /home/unitree/navigation_ws/install/behaviortree_cpp/include/lexy/callback/bit_cast.hpp
[17.157s] -- Up-to-date: /home/unitree/navigation_ws/install/behaviortree_cpp/include/lexy/callback/bind.hpp
[17.158s] -- Up-to-date: /home/unitree/navigation_ws/install/behaviortree_cpp/include/lexy/callback/adapter.hpp
[17.158s] -- Up-to-date: /home/unitree/navigation_ws/install/behaviortree_cpp/include/lexy/callback/aggregate.hpp
[17.158s] -- Up-to-date: /home/unitree/navigation_ws/install/behaviortree_cpp/include/lexy/callback/forward.hpp
[17.158s] -- Up-to-date: /home/unitree/navigation_ws/install/behaviortree_cpp/include/lexy/callback/string.hpp
[17.158s] -- Up-to-date: /home/unitree/navigation_ws/install/behaviortree_cpp/include/lexy/callback/integer.hpp
[17.158s] -- Up-to-date: /home/unitree/navigation_ws/install/behaviortree_cpp/include/lexy/callback/fold.hpp
[17.158s] -- Up-to-date: /home/unitree/navigation_ws/install/behaviortree_cpp/include/lexy/callback/constant.hpp
[17.158s] -- Up-to-date: /home/unitree/navigation_ws/install/behaviortree_cpp/include/lexy/callback/base.hpp
[17.158s] -- Up-to-date: /home/unitree/navigation_ws/install/behaviortree_cpp/include/lexy/parse_tree.hpp
[17.165s] -- Up-to-date: /home/unitree/navigation_ws/install/behaviortree_cpp/include/lexy/input
[17.165s] -- Up-to-date: /home/unitree/navigation_ws/install/behaviortree_cpp/include/lexy/input/buffer.hpp
[17.165s] -- Up-to-date: /home/unitree/navigation_ws/install/behaviortree_cpp/include/lexy/input/string_input.hpp
[17.165s] -- Up-to-date: /home/unitree/navigation_ws/install/behaviortree_cpp/include/lexy/input/range_input.hpp
[17.166s] -- Up-to-date: /home/unitree/navigation_ws/install/behaviortree_cpp/include/lexy/input/parse_tree_input.hpp
[17.166s] -- Up-to-date: /home/unitree/navigation_ws/install/behaviortree_cpp/include/lexy/input/file.hpp
[17.166s] -- Up-to-date: /home/unitree/navigation_ws/install/behaviortree_cpp/include/lexy/input/argv_input.hpp
[17.166s] -- Up-to-date: /home/unitree/navigation_ws/install/behaviortree_cpp/include/lexy/input/lexeme_input.hpp
[17.166s] -- Up-to-date: /home/unitree/navigation_ws/install/behaviortree_cpp/include/lexy/input/base.hpp
[17.166s] -- Up-to-date: /home/unitree/navigation_ws/install/behaviortree_cpp/include/lexy/encoding.hpp
[17.166s] -- Up-to-date: /home/unitree/navigation_ws/install/behaviortree_cpp/include/lexy/code_point.hpp
[17.166s] -- Up-to-date: /home/unitree/navigation_ws/install/behaviortree_cpp/include/lexy/dsl
[17.166s] -- Up-to-date: /home/unitree/navigation_ws/install/behaviortree_cpp/include/lexy/dsl/until.hpp
[17.167s] -- Up-to-date: /home/unitree/navigation_ws/install/behaviortree_cpp/include/lexy/dsl/branch.hpp
[17.167s] -- Up-to-date: /home/unitree/navigation_ws/install/behaviortree_cpp/include/lexy/dsl/parse_as.hpp
[17.167s] -- Up-to-date: /home/unitree/navigation_ws/install/behaviortree_cpp/include/lexy/dsl/bom.hpp
[17.167s] -- Up-to-date: /home/unitree/navigation_ws/install/behaviortree_cpp/include/lexy/dsl/lookahead.hpp
[17.167s] -- Up-to-date: /home/unitree/navigation_ws/install/behaviortree_cpp/include/lexy/dsl/char_class.hpp
[17.167s] -- Up-to-date: /home/unitree/navigation_ws/install/behaviortree_cpp/include/lexy/dsl/operator.hpp
[17.167s] -- Up-to-date: /home/unitree/navigation_ws/install/behaviortree_cpp/include/lexy/dsl/context_identifier.hpp
[17.167s] -- Up-to-date: /home/unitree/navigation_ws/install/behaviortree_cpp/include/lexy/dsl/delimited.hpp
[17.167s] -- Up-to-date: /home/unitree/navigation_ws/install/behaviortree_cpp/include/lexy/dsl/unicode.hpp
[17.167s] -- Up-to-date: /home/unitree/navigation_ws/install/behaviortree_cpp/include/lexy/dsl/times.hpp
[17.168s] -- Up-to-date: /home/unitree/navigation_ws/install/behaviortree_cpp/include/lexy/dsl/newline.hpp
[17.168s] -- Up-to-date: /home/unitree/navigation_ws/install/behaviortree_cpp/include/lexy/dsl/punctuator.hpp
[17.168s] -- Up-to-date: /home/unitree/navigation_ws/install/behaviortree_cpp/include/lexy/dsl/choice.hpp
[17.168s] -- Up-to-date: /home/unitree/navigation_ws/install/behaviortree_cpp/include/lexy/dsl/recover.hpp
[17.175s] -- Up-to-date: /home/unitree/navigation_ws/install/behaviortree_cpp/include/lexy/dsl/list.hpp
[17.175s] -- Up-to-date: /home/unitree/navigation_ws/install/behaviortree_cpp/include/lexy/dsl/context_flag.hpp
[17.175s] -- Up-to-date: /home/unitree/navigation_ws/install/behaviortree_cpp/include/lexy/dsl/identifier.hpp
[17.175s] -- Up-to-date: /home/unitree/navigation_ws/install/behaviortree_cpp/include/lexy/dsl/if.hpp
[17.175s] -- Up-to-date: /home/unitree/navigation_ws/install/behaviortree_cpp/include/lexy/dsl/brackets.hpp
[17.176s] -- Up-to-date: /home/unitree/navigation_ws/install/behaviortree_cpp/include/lexy/dsl/separator.hpp
[17.176s] -- Up-to-date: /home/unitree/navigation_ws/install/behaviortree_cpp/include/lexy/dsl/peek.hpp
[17.176s] -- Up-to-date: /home/unitree/navigation_ws/install/behaviortree_cpp/include/lexy/dsl/code_point.hpp
[17.176s] -- Up-to-date: /home/unitree/navigation_ws/install/behaviortree_cpp/include/lexy/dsl/case_folding.hpp
[17.176s] -- Up-to-date: /home/unitree/navigation_ws/install/behaviortree_cpp/include/lexy/dsl/literal.hpp
[17.176s] -- Up-to-date: /home/unitree/navigation_ws/install/behaviortree_cpp/include/lexy/dsl/production.hpp
[17.176s] -- Up-to-date: /home/unitree/navigation_ws/install/behaviortree_cpp/include/lexy/dsl/any.hpp
[17.176s] -- Up-to-date: /home/unitree/navigation_ws/install/behaviortree_cpp/include/lexy/dsl/return.hpp
[17.177s] -- Up-to-date: /home/unitree/navigation_ws/install/behaviortree_cpp/include/lexy/dsl/loop.hpp
[17.177s] -- Up-to-date: /home/unitree/navigation_ws/install/behaviortree_cpp/include/lexy/dsl/sign.hpp
[17.177s] -- Up-to-date: /home/unitree/navigation_ws/install/behaviortree_cpp/include/lexy/dsl/sequence.hpp
[17.177s] -- Up-to-date: /home/unitree/navigation_ws/install/behaviortree_cpp/include/lexy/dsl/combination.hpp
[17.177s] -- Up-to-date: /home/unitree/navigation_ws/install/behaviortree_cpp/include/lexy/dsl/digit.hpp
[17.177s] -- Up-to-date: /home/unitree/navigation_ws/install/behaviortree_cpp/include/lexy/dsl/repeat.hpp
[17.177s] -- Up-to-date: /home/unitree/navigation_ws/install/behaviortree_cpp/include/lexy/dsl/ascii.hpp
[17.177s] -- Up-to-date: /home/unitree/navigation_ws/install/behaviortree_cpp/include/lexy/dsl/scan.hpp
[17.177s] -- Up-to-date: /home/unitree/navigation_ws/install/behaviortree_cpp/include/lexy/dsl/effect.hpp
[17.177s] -- Up-to-date: /home/unitree/navigation_ws/install/behaviortree_cpp/include/lexy/dsl/capture.hpp
[17.178s] -- Up-to-date: /home/unitree/navigation_ws/install/behaviortree_cpp/include/lexy/dsl/subgrammar.hpp
[17.178s] -- Up-to-date: /home/unitree/navigation_ws/install/behaviortree_cpp/include/lexy/dsl/position.hpp
[17.178s] -- Up-to-date: /home/unitree/navigation_ws/install/behaviortree_cpp/include/lexy/dsl/member.hpp
[17.178s] -- Up-to-date: /home/unitree/navigation_ws/install/behaviortree_cpp/include/lexy/dsl/terminator.hpp
[17.178s] -- Up-to-date: /home/unitree/navigation_ws/install/behaviortree_cpp/include/lexy/dsl/error.hpp
[17.178s] -- Up-to-date: /home/unitree/navigation_ws/install/behaviortree_cpp/include/lexy/dsl/token.hpp
[17.178s] -- Up-to-date: /home/unitree/navigation_ws/install/behaviortree_cpp/include/lexy/dsl/context_counter.hpp
[17.178s] -- Up-to-date: /home/unitree/navigation_ws/install/behaviortree_cpp/include/lexy/dsl/bits.hpp
[17.178s] -- Up-to-date: /home/unitree/navigation_ws/install/behaviortree_cpp/include/lexy/dsl/flags.hpp
[17.178s] -- Up-to-date: /home/unitree/navigation_ws/install/behaviortree_cpp/include/lexy/dsl/integer.hpp
[17.179s] -- Up-to-date: /home/unitree/navigation_ws/install/behaviortree_cpp/include/lexy/dsl/parse_tree_node.hpp
[17.179s] -- Up-to-date: /home/unitree/navigation_ws/install/behaviortree_cpp/include/lexy/dsl/follow.hpp
[17.179s] -- Up-to-date: /home/unitree/navigation_ws/install/behaviortree_cpp/include/lexy/dsl/byte.hpp
[17.179s] -- Up-to-date: /home/unitree/navigation_ws/install/behaviortree_cpp/include/lexy/dsl/eof.hpp
[17.179s] -- Up-to-date: /home/unitree/navigation_ws/install/behaviortree_cpp/include/lexy/dsl/option.hpp
[17.179s] -- Up-to-date: /home/unitree/navigation_ws/install/behaviortree_cpp/include/lexy/dsl/symbol.hpp
[17.179s] -- Up-to-date: /home/unitree/navigation_ws/install/behaviortree_cpp/include/lexy/dsl/whitespace.hpp
[17.179s] -- Up-to-date: /home/unitree/navigation_ws/install/behaviortree_cpp/include/lexy/dsl/base.hpp
[17.179s] -- Up-to-date: /home/unitree/navigation_ws/install/behaviortree_cpp/include/lexy/dsl/expression.hpp
[17.180s] -- Up-to-date: /home/unitree/navigation_ws/install/behaviortree_cpp/include/lexy/dsl.hpp
[17.180s] -- Up-to-date: /home/unitree/navigation_ws/install/behaviortree_cpp/include/lexy/_detail
[17.180s] -- Up-to-date: /home/unitree/navigation_ws/install/behaviortree_cpp/include/lexy/_detail/string_view.hpp
[17.180s] -- Up-to-date: /home/unitree/navigation_ws/install/behaviortree_cpp/include/lexy/_detail/memory_resource.hpp
[17.180s] -- Up-to-date: /home/unitree/navigation_ws/install/behaviortree_cpp/include/lexy/_detail/nttp_string.hpp
[17.180s] -- Up-to-date: /home/unitree/navigation_ws/install/behaviortree_cpp/include/lexy/_detail/assert.hpp
[17.180s] -- Up-to-date: /home/unitree/navigation_ws/install/behaviortree_cpp/include/lexy/_detail/stateless_lambda.hpp
[17.180s] -- Up-to-date: /home/unitree/navigation_ws/install/behaviortree_cpp/include/lexy/_detail/config.hpp
[17.180s] -- Up-to-date: /home/unitree/navigation_ws/install/behaviortree_cpp/include/lexy/_detail/code_point.hpp
[17.181s] -- Up-to-date: /home/unitree/navigation_ws/install/behaviortree_cpp/include/lexy/_detail/std.hpp
[17.181s] -- Up-to-date: /home/unitree/navigation_ws/install/behaviortree_cpp/include/lexy/_detail/lazy_init.hpp
[17.181s] -- Up-to-date: /home/unitree/navigation_ws/install/behaviortree_cpp/include/lexy/_detail/tuple.hpp
[17.181s] -- Up-to-date: /home/unitree/navigation_ws/install/behaviortree_cpp/include/lexy/_detail/swar.hpp
[17.181s] -- Up-to-date: /home/unitree/navigation_ws/install/behaviortree_cpp/include/lexy/_detail/detect.hpp
[17.181s] -- Up-to-date: /home/unitree/navigation_ws/install/behaviortree_cpp/include/lexy/_detail/iterator.hpp
[17.181s] -- Up-to-date: /home/unitree/navigation_ws/install/behaviortree_cpp/include/lexy/_detail/buffer_builder.hpp
[17.181s] -- Up-to-date: /home/unitree/navigation_ws/install/behaviortree_cpp/include/lexy/_detail/integer_sequence.hpp
[17.181s] -- Up-to-date: /home/unitree/navigation_ws/install/behaviortree_cpp/include/lexy/_detail/type_name.hpp
[17.181s] -- Up-to-date: /home/unitree/navigation_ws/install/behaviortree_cpp/include/lexy/_detail/invoke.hpp
[17.182s] -- Up-to-date: /home/unitree/navigation_ws/install/behaviortree_cpp/include/lexy/_detail/any_ref.hpp
[17.182s] -- Up-to-date: /home/unitree/navigation_ws/install/behaviortree_cpp/include/lexy/_detail/unicode_database.hpp
[17.182s] -- Up-to-date: /home/unitree/navigation_ws/install/behaviortree_cpp/include/lexy/lexeme.hpp
[17.182s] -- Up-to-date: /home/unitree/navigation_ws/install/behaviortree_cpp/include/lexy/action
[17.182s] -- Up-to-date: /home/unitree/navigation_ws/install/behaviortree_cpp/include/lexy/action/match.hpp
[17.182s] -- Up-to-date: /home/unitree/navigation_ws/install/behaviortree_cpp/include/lexy/action/parse_as_tree.hpp
[17.182s] -- Up-to-date: /home/unitree/navigation_ws/install/behaviortree_cpp/include/lexy/action/parse.hpp
[17.182s] -- Up-to-date: /home/unitree/navigation_ws/install/behaviortree_cpp/include/lexy/action/validate.hpp
[17.182s] -- Up-to-date: /home/unitree/navigation_ws/install/behaviortree_cpp/include/lexy/action/scan.hpp
[17.202s] -- Up-to-date: /home/unitree/navigation_ws/install/behaviortree_cpp/include/lexy/action/trace.hpp
[17.202s] -- Up-to-date: /home/unitree/navigation_ws/install/behaviortree_cpp/include/lexy/action/base.hpp
[17.202s] -- Up-to-date: /home/unitree/navigation_ws/install/behaviortree_cpp/include/lexy/callback.hpp
[17.227s] -- Up-to-date: /home/unitree/navigation_ws/install/behaviortree_cpp/include/lexy/error.hpp
[17.228s] -- Up-to-date: /home/unitree/navigation_ws/install/behaviortree_cpp/include/lexy/token.hpp
[17.228s] -- Up-to-date: /home/unitree/navigation_ws/install/behaviortree_cpp/include/lexy/visualize.hpp
[17.229s] -- Up-to-date: /home/unitree/navigation_ws/install/behaviortree_cpp/include/lexy/grammar.hpp
[17.229s] -- Up-to-date: /home/unitree/navigation_ws/install/behaviortree_cpp/include/lexy_ext
[17.229s] -- Up-to-date: /home/unitree/navigation_ws/install/behaviortree_cpp/include/lexy_ext/shell.hpp
[17.229s] -- Up-to-date: /home/unitree/navigation_ws/install/behaviortree_cpp/include/lexy_ext/parse_tree_doctest.hpp
[17.229s] -- Up-to-date: /home/unitree/navigation_ws/install/behaviortree_cpp/include/lexy_ext/compiler_explorer.hpp
[17.229s] -- Up-to-date: /home/unitree/navigation_ws/install/behaviortree_cpp/include/lexy_ext/parse_tree_algorithm.hpp
[17.229s] -- Up-to-date: /home/unitree/navigation_ws/install/behaviortree_cpp/include/lexy_ext/report_error.hpp
[17.229s] -- Up-to-date: /home/unitree/navigation_ws/install/behaviortree_cpp/lib/libbehaviortree_cpp.so
[17.229s] -- Up-to-date: /home/unitree/navigation_ws/install/behaviortree_cpp/include
[17.230s] -- Up-to-date: /home/unitree/navigation_ws/install/behaviortree_cpp/include/behaviortree_cpp
[17.230s] -- Up-to-date: /home/unitree/navigation_ws/install/behaviortree_cpp/include/behaviortree_cpp/scripting
[17.230s] -- Up-to-date: /home/unitree/navigation_ws/install/behaviortree_cpp/include/behaviortree_cpp/scripting/script_parser.hpp
[17.230s] -- Up-to-date: /home/unitree/navigation_ws/install/behaviortree_cpp/include/behaviortree_cpp/scripting/any_types.hpp
[17.230s] -- Up-to-date: /home/unitree/navigation_ws/install/behaviortree_cpp/include/behaviortree_cpp/scripting/operators.hpp
[17.230s] -- Up-to-date: /home/unitree/navigation_ws/install/behaviortree_cpp/include/behaviortree_cpp/flatbuffers
[17.230s] -- Up-to-date: /home/unitree/navigation_ws/install/behaviortree_cpp/include/behaviortree_cpp/flatbuffers/bt_flatbuffer_helper.h
[17.230s] -- Up-to-date: /home/unitree/navigation_ws/install/behaviortree_cpp/include/behaviortree_cpp/utils
[17.230s] -- Up-to-date: /home/unitree/navigation_ws/install/behaviortree_cpp/include/behaviortree_cpp/utils/signal.h
[17.231s] -- Up-to-date: /home/unitree/navigation_ws/install/behaviortree_cpp/include/behaviortree_cpp/utils/locked_reference.hpp
[17.231s] -- Up-to-date: /home/unitree/navigation_ws/install/behaviortree_cpp/include/behaviortree_cpp/utils/shared_library.h
[17.231s] -- Up-to-date: /home/unitree/navigation_ws/install/behaviortree_cpp/include/behaviortree_cpp/utils/platform.hpp
[17.231s] -- Up-to-date: /home/unitree/navigation_ws/install/behaviortree_cpp/include/behaviortree_cpp/utils/wakeup_signal.hpp
[17.231s] -- Up-to-date: /home/unitree/navigation_ws/install/behaviortree_cpp/include/behaviortree_cpp/utils/convert_impl.hpp
[17.231s] -- Up-to-date: /home/unitree/navigation_ws/install/behaviortree_cpp/include/behaviortree_cpp/utils/demangle_util.h
[17.231s] -- Up-to-date: /home/unitree/navigation_ws/install/behaviortree_cpp/include/behaviortree_cpp/utils/strcat.hpp
[17.231s] -- Up-to-date: /home/unitree/navigation_ws/install/behaviortree_cpp/include/behaviortree_cpp/utils/safe_any.hpp
[17.231s] -- Up-to-date: /home/unitree/navigation_ws/install/behaviortree_cpp/include/behaviortree_cpp/utils/timer_queue.h
[17.231s] -- Up-to-date: /home/unitree/navigation_ws/install/behaviortree_cpp/include/behaviortree_cpp/utils/simple_string.hpp
[17.231s] -- Up-to-date: /home/unitree/navigation_ws/install/behaviortree_cpp/include/behaviortree_cpp/bt_factory.h
[17.232s] -- Up-to-date: /home/unitree/navigation_ws/install/behaviortree_cpp/include/behaviortree_cpp/tree_node.h
[17.232s] -- Up-to-date: /home/unitree/navigation_ws/install/behaviortree_cpp/include/behaviortree_cpp/contrib
[17.232s] -- Up-to-date: /home/unitree/navigation_ws/install/behaviortree_cpp/include/behaviortree_cpp/contrib/any.hpp
[17.232s] -- Up-to-date: /home/unitree/navigation_ws/install/behaviortree_cpp/include/behaviortree_cpp/contrib/magic_enum.hpp
[17.232s] -- Up-to-date: /home/unitree/navigation_ws/install/behaviortree_cpp/include/behaviortree_cpp/contrib/json.hpp
[17.232s] -- Up-to-date: /home/unitree/navigation_ws/install/behaviortree_cpp/include/behaviortree_cpp/contrib/expected.hpp
[17.232s] -- Up-to-date: /home/unitree/navigation_ws/install/behaviortree_cpp/include/behaviortree_cpp/json_export.h
[17.232s] -- Up-to-date: /home/unitree/navigation_ws/install/behaviortree_cpp/include/behaviortree_cpp/blackboard.h
[17.232s] -- Up-to-date: /home/unitree/navigation_ws/install/behaviortree_cpp/include/behaviortree_cpp/exceptions.h
[17.232s] -- Up-to-date: /home/unitree/navigation_ws/install/behaviortree_cpp/include/behaviortree_cpp/bt_parser.h
[17.233s] -- Up-to-date: /home/unitree/navigation_ws/install/behaviortree_cpp/include/behaviortree_cpp/decorators
[17.233s] -- Up-to-date: /home/unitree/navigation_ws/install/behaviortree_cpp/include/behaviortree_cpp/decorators/updated_decorator.h
[17.233s] -- Up-to-date: /home/unitree/navigation_ws/install/behaviortree_cpp/include/behaviortree_cpp/decorators/loop_node.h
[17.233s] -- Up-to-date: /home/unitree/navigation_ws/install/behaviortree_cpp/include/behaviortree_cpp/decorators/keep_running_until_failure_node.h
[17.233s] -- Up-to-date: /home/unitree/navigation_ws/install/behaviortree_cpp/include/behaviortree_cpp/decorators/timeout_node.h
[17.234s] -- Up-to-date: /home/unitree/navigation_ws/install/behaviortree_cpp/include/behaviortree_cpp/decorators/retry_node.h
[17.234s] -- Up-to-date: /home/unitree/navigation_ws/install/behaviortree_cpp/include/behaviortree_cpp/decorators/consume_queue.h
[17.234s] -- Up-to-date: /home/unitree/navigation_ws/install/behaviortree_cpp/include/behaviortree_cpp/decorators/script_precondition.h
[17.234s] -- Up-to-date: /home/unitree/navigation_ws/install/behaviortree_cpp/include/behaviortree_cpp/decorators/delay_node.h
[17.234s] -- Up-to-date: /home/unitree/navigation_ws/install/behaviortree_cpp/include/behaviortree_cpp/decorators/repeat_node.h
[17.234s] -- Up-to-date: /home/unitree/navigation_ws/install/behaviortree_cpp/include/behaviortree_cpp/decorators/inverter_node.h
[17.234s] -- Up-to-date: /home/unitree/navigation_ws/install/behaviortree_cpp/include/behaviortree_cpp/decorators/subtree_node.h
[17.259s] -- Up-to-date: /home/unitree/navigation_ws/install/behaviortree_cpp/include/behaviortree_cpp/decorators/force_failure_node.h
[17.259s] -- Up-to-date: /home/unitree/navigation_ws/install/behaviortree_cpp/include/behaviortree_cpp/decorators/force_success_node.h
[17.259s] -- Up-to-date: /home/unitree/navigation_ws/install/behaviortree_cpp/include/behaviortree_cpp/decorators/run_once_node.h
[17.259s] -- Up-to-date: /home/unitree/navigation_ws/install/behaviortree_cpp/include/behaviortree_cpp/control_node.h
[17.259s] -- Up-to-date: /home/unitree/navigation_ws/install/behaviortree_cpp/include/behaviortree_cpp/action_node.h
[17.260s] -- Up-to-date: /home/unitree/navigation_ws/install/behaviortree_cpp/include/behaviortree_cpp/basic_types.h
[17.260s] -- Up-to-date: /home/unitree/navigation_ws/install/behaviortree_cpp/include/behaviortree_cpp/xml_parsing.h
[17.260s] -- Up-to-date: /home/unitree/navigation_ws/install/behaviortree_cpp/include/behaviortree_cpp/actions
[17.260s] -- Up-to-date: /home/unitree/navigation_ws/install/behaviortree_cpp/include/behaviortree_cpp/actions/unset_blackboard_node.h
[17.260s] -- Up-to-date: /home/unitree/navigation_ws/install/behaviortree_cpp/include/behaviortree_cpp/actions/test_node.h
[17.260s] -- Up-to-date: /home/unitree/navigation_ws/install/behaviortree_cpp/include/behaviortree_cpp/actions/updated_action.h
[17.260s] -- Up-to-date: /home/unitree/navigation_ws/install/behaviortree_cpp/include/behaviortree_cpp/actions/sleep_node.h
[17.260s] -- Up-to-date: /home/unitree/navigation_ws/install/behaviortree_cpp/include/behaviortree_cpp/actions/always_failure_node.h
[17.260s] -- Up-to-date: /home/unitree/navigation_ws/install/behaviortree_cpp/include/behaviortree_cpp/actions/pop_from_queue.hpp
[17.261s] -- Up-to-date: /home/unitree/navigation_ws/install/behaviortree_cpp/include/behaviortree_cpp/actions/script_node.h
[17.261s] -- Up-to-date: /home/unitree/navigation_ws/install/behaviortree_cpp/include/behaviortree_cpp/actions/script_condition.h
[17.261s] -- Up-to-date: /home/unitree/navigation_ws/install/behaviortree_cpp/include/behaviortree_cpp/actions/always_success_node.h
[17.261s] -- Up-to-date: /home/unitree/navigation_ws/install/behaviortree_cpp/include/behaviortree_cpp/actions/set_blackboard_node.h
[17.261s] -- Up-to-date: /home/unitree/navigation_ws/install/behaviortree_cpp/include/behaviortree_cpp/controls
[17.261s] -- Up-to-date: /home/unitree/navigation_ws/install/behaviortree_cpp/include/behaviortree_cpp/controls/parallel_all_node.h
[17.261s] -- Up-to-date: /home/unitree/navigation_ws/install/behaviortree_cpp/include/behaviortree_cpp/controls/fallback_node.h
[17.261s] -- Up-to-date: /home/unitree/navigation_ws/install/behaviortree_cpp/include/behaviortree_cpp/controls/reactive_sequence.h
[17.261s] -- Up-to-date: /home/unitree/navigation_ws/install/behaviortree_cpp/include/behaviortree_cpp/controls/sequence_with_memory_node.h
[17.261s] -- Up-to-date: /home/unitree/navigation_ws/install/behaviortree_cpp/include/behaviortree_cpp/controls/sequence_node.h
[17.262s] -- Up-to-date: /home/unitree/navigation_ws/install/behaviortree_cpp/include/behaviortree_cpp/controls/switch_node.h
[17.262s] -- Up-to-date: /home/unitree/navigation_ws/install/behaviortree_cpp/include/behaviortree_cpp/controls/manual_node.h
[17.262s] -- Up-to-date: /home/unitree/navigation_ws/install/behaviortree_cpp/include/behaviortree_cpp/controls/reactive_fallback.h
[17.262s] -- Up-to-date: /home/unitree/navigation_ws/install/behaviortree_cpp/include/behaviortree_cpp/controls/if_then_else_node.h
[17.262s] -- Up-to-date: /home/unitree/navigation_ws/install/behaviortree_cpp/include/behaviortree_cpp/controls/while_do_else_node.h
[17.262s] -- Up-to-date: /home/unitree/navigation_ws/install/behaviortree_cpp/include/behaviortree_cpp/controls/parallel_node.h
[17.262s] -- Up-to-date: /home/unitree/navigation_ws/install/behaviortree_cpp/include/behaviortree_cpp/leaf_node.h
[17.262s] -- Up-to-date: /home/unitree/navigation_ws/install/behaviortree_cpp/include/behaviortree_cpp/condition_node.h
[17.262s] -- Up-to-date: /home/unitree/navigation_ws/install/behaviortree_cpp/include/behaviortree_cpp/decorator_node.h
[17.263s] -- Up-to-date: /home/unitree/navigation_ws/install/behaviortree_cpp/include/behaviortree_cpp/loggers
[17.263s] -- Up-to-date: /home/unitree/navigation_ws/install/behaviortree_cpp/include/behaviortree_cpp/loggers/bt_observer.h
[17.263s] -- Up-to-date: /home/unitree/navigation_ws/install/behaviortree_cpp/include/behaviortree_cpp/loggers/bt_sqlite_logger.h
[17.263s] -- Up-to-date: /home/unitree/navigation_ws/install/behaviortree_cpp/include/behaviortree_cpp/loggers/abstract_logger.h
[17.263s] -- Up-to-date: /home/unitree/navigation_ws/install/behaviortree_cpp/include/behaviortree_cpp/loggers/bt_file_logger_v2.h
[17.263s] -- Up-to-date: /home/unitree/navigation_ws/install/behaviortree_cpp/include/behaviortree_cpp/loggers/bt_cout_logger.h
[17.279s] -- Up-to-date: /home/unitree/navigation_ws/install/behaviortree_cpp/include/behaviortree_cpp/loggers/groot2_protocol.h
[17.280s] -- Up-to-date: /home/unitree/navigation_ws/install/behaviortree_cpp/include/behaviortree_cpp/loggers/groot2_publisher.h
[17.280s] -- Up-to-date: /home/unitree/navigation_ws/install/behaviortree_cpp/include/behaviortree_cpp/loggers/bt_minitrace_logger.h
[17.280s] -- Up-to-date: /home/unitree/navigation_ws/install/behaviortree_cpp/include/behaviortree_cpp/behavior_tree.h
[17.280s] -- Up-to-date: /home/unitree/navigation_ws/install/behaviortree_cpp/share/behaviortree_cpp/cmake/behaviortree_cppTargetsExport.cmake
[17.280s] -- Installing: /home/unitree/navigation_ws/install/behaviortree_cpp/share/behaviortree_cpp/cmake/behaviortree_cppTargetsExport-release.cmake
[17.291s] Invoked command in '/home/unitree/navigation_ws/build/behaviortree_cpp' returned '0': CMAKE_PREFIX_PATH=${CMAKE_PREFIX_PATH}:/opt/ros/foxy /usr/bin/cmake --install /home/unitree/navigation_ws/build/behaviortree_cpp
