Performing C SOURCE FILE Test CMAKE_HAVE_LIBC_PTHREAD failed with the following output:
Change Dir: /home/unitree/navigation_ws/build/nav2_map_server/CMakeFiles/CMakeTmp

Run Build Command(s):/usr/bin/make cmTC_b0704/fast && /usr/bin/make -f CMakeFiles/cmTC_b0704.dir/build.make CMakeFiles/cmTC_b0704.dir/build
make[1]: Entering directory '/home/unitree/navigation_ws/build/nav2_map_server/CMakeFiles/CMakeTmp'
Building C object CMakeFiles/cmTC_b0704.dir/src.c.o
/usr/bin/cc   -DCMAKE_HAVE_LIBC_PTHREAD   -o CMakeFiles/cmTC_b0704.dir/src.c.o   -c /home/unitree/navigation_ws/build/nav2_map_server/CMakeFiles/CMakeTmp/src.c
Linking C executable cmTC_b0704
/usr/bin/cmake -E cmake_link_script CMakeFiles/cmTC_b0704.dir/link.txt --verbose=1
/usr/bin/cc  -DCMAKE_HAVE_LIBC_PTHREAD    CMakeFiles/cmTC_b0704.dir/src.c.o  -o cmTC_b0704 
/usr/bin/ld: CMakeFiles/cmTC_b0704.dir/src.c.o: in function `main':
src.c:(.text+0x48): undefined reference to `pthread_create'
/usr/bin/ld: src.c:(.text+0x50): undefined reference to `pthread_detach'
/usr/bin/ld: src.c:(.text+0x5c): undefined reference to `pthread_join'
collect2: error: ld returned 1 exit status
make[1]: *** [CMakeFiles/cmTC_b0704.dir/build.make:87: cmTC_b0704] Error 1
make[1]: Leaving directory '/home/unitree/navigation_ws/build/nav2_map_server/CMakeFiles/CMakeTmp'
make: *** [Makefile:121: cmTC_b0704/fast] Error 2


Source file was:
#include <pthread.h>

void* test_func(void* data)
{
  return data;
}

int main(void)
{
  pthread_t thread;
  pthread_create(&thread, NULL, test_func, NULL);
  pthread_detach(thread);
  pthread_join(thread, NULL);
  pthread_atfork(NULL, NULL, NULL);
  pthread_exit(NULL);

  return 0;
}

Determining if the function pthread_create exists in the pthreads failed with the following output:
Change Dir: /home/unitree/navigation_ws/build/nav2_map_server/CMakeFiles/CMakeTmp

Run Build Command(s):/usr/bin/make cmTC_052dc/fast && /usr/bin/make -f CMakeFiles/cmTC_052dc.dir/build.make CMakeFiles/cmTC_052dc.dir/build
make[1]: Entering directory '/home/unitree/navigation_ws/build/nav2_map_server/CMakeFiles/CMakeTmp'
Building C object CMakeFiles/cmTC_052dc.dir/CheckFunctionExists.c.o
/usr/bin/cc   -DCHECK_FUNCTION_EXISTS=pthread_create   -o CMakeFiles/cmTC_052dc.dir/CheckFunctionExists.c.o   -c /usr/share/cmake-3.16/Modules/CheckFunctionExists.c
Linking C executable cmTC_052dc
/usr/bin/cmake -E cmake_link_script CMakeFiles/cmTC_052dc.dir/link.txt --verbose=1
/usr/bin/cc  -DCHECK_FUNCTION_EXISTS=pthread_create    CMakeFiles/cmTC_052dc.dir/CheckFunctionExists.c.o  -o cmTC_052dc  -lpthreads 
/usr/bin/ld: cannot find -lpthreads
collect2: error: ld returned 1 exit status
make[1]: *** [CMakeFiles/cmTC_052dc.dir/build.make:87: cmTC_052dc] Error 1
make[1]: Leaving directory '/home/unitree/navigation_ws/build/nav2_map_server/CMakeFiles/CMakeTmp'
make: *** [Makefile:121: cmTC_052dc/fast] Error 2



Performing C SOURCE FILE Test CMAKE_HAVE_LIBC_PTHREAD failed with the following output:
Change Dir: /home/unitree/navigation_ws/build/nav2_map_server/CMakeFiles/CMakeTmp

Run Build Command(s):/usr/bin/make cmTC_9618a/fast && /usr/bin/make -f CMakeFiles/cmTC_9618a.dir/build.make CMakeFiles/cmTC_9618a.dir/build
make[1]: Entering directory '/home/unitree/navigation_ws/build/nav2_map_server/CMakeFiles/CMakeTmp'
Building C object CMakeFiles/cmTC_9618a.dir/src.c.o
/usr/bin/cc   -DCMAKE_HAVE_LIBC_PTHREAD   -o CMakeFiles/cmTC_9618a.dir/src.c.o   -c /home/unitree/navigation_ws/build/nav2_map_server/CMakeFiles/CMakeTmp/src.c
Linking C executable cmTC_9618a
/usr/bin/cmake -E cmake_link_script CMakeFiles/cmTC_9618a.dir/link.txt --verbose=1
/usr/bin/cc  -DCMAKE_HAVE_LIBC_PTHREAD    CMakeFiles/cmTC_9618a.dir/src.c.o  -o cmTC_9618a 
/usr/bin/ld: CMakeFiles/cmTC_9618a.dir/src.c.o: in function `main':
src.c:(.text+0x48): undefined reference to `pthread_create'
/usr/bin/ld: src.c:(.text+0x50): undefined reference to `pthread_detach'
/usr/bin/ld: src.c:(.text+0x5c): undefined reference to `pthread_join'
collect2: error: ld returned 1 exit status
make[1]: *** [CMakeFiles/cmTC_9618a.dir/build.make:87: cmTC_9618a] Error 1
make[1]: Leaving directory '/home/unitree/navigation_ws/build/nav2_map_server/CMakeFiles/CMakeTmp'
make: *** [Makefile:121: cmTC_9618a/fast] Error 2


Source file was:
#include <pthread.h>

void* test_func(void* data)
{
  return data;
}

int main(void)
{
  pthread_t thread;
  pthread_create(&thread, NULL, test_func, NULL);
  pthread_detach(thread);
  pthread_join(thread, NULL);
  pthread_atfork(NULL, NULL, NULL);
  pthread_exit(NULL);

  return 0;
}

Determining if the function pthread_create exists in the pthreads failed with the following output:
Change Dir: /home/unitree/navigation_ws/build/nav2_map_server/CMakeFiles/CMakeTmp

Run Build Command(s):/usr/bin/make cmTC_a9444/fast && /usr/bin/make -f CMakeFiles/cmTC_a9444.dir/build.make CMakeFiles/cmTC_a9444.dir/build
make[1]: Entering directory '/home/unitree/navigation_ws/build/nav2_map_server/CMakeFiles/CMakeTmp'
Building C object CMakeFiles/cmTC_a9444.dir/CheckFunctionExists.c.o
/usr/bin/cc   -DCHECK_FUNCTION_EXISTS=pthread_create   -o CMakeFiles/cmTC_a9444.dir/CheckFunctionExists.c.o   -c /usr/share/cmake-3.16/Modules/CheckFunctionExists.c
Linking C executable cmTC_a9444
/usr/bin/cmake -E cmake_link_script CMakeFiles/cmTC_a9444.dir/link.txt --verbose=1
/usr/bin/cc  -DCHECK_FUNCTION_EXISTS=pthread_create    CMakeFiles/cmTC_a9444.dir/CheckFunctionExists.c.o  -o cmTC_a9444  -lpthreads 
/usr/bin/ld: cannot find -lpthreads
collect2: error: ld returned 1 exit status
make[1]: *** [CMakeFiles/cmTC_a9444.dir/build.make:87: cmTC_a9444] Error 1
make[1]: Leaving directory '/home/unitree/navigation_ws/build/nav2_map_server/CMakeFiles/CMakeTmp'
make: *** [Makefile:121: cmTC_a9444/fast] Error 2



