-- Found ament_cmake: 0.9.12 (/opt/ros/foxy/share/ament_cmake/cmake)
-- Using PYTHON_EXECUTABLE: /usr/bin/python3
-- Override CMake install command with custom implementation using symlinks instead of copying resources
-- Found geometry_msgs: 2.0.5 (/opt/ros/foxy/share/geometry_msgs/cmake)
-- Using all available rosidl_typesupport_c: rosidl_typesupport_fastrtps_c;rosidl_typesupport_introspection_c
-- Found rosidl_adapter: 1.3.1 (/opt/ros/foxy/share/rosidl_adapter/cmake)
-- Using all available rosidl_typesupport_cpp: rosidl_typesupport_fastrtps_cpp;rosidl_typesupport_introspection_cpp
-- Found lifecycle_msgs: 1.0.0 (/opt/ros/foxy/share/lifecycle_msgs/cmake)
-- Found nav2_common: 0.4.7 (/home/unitree/navigation_ws/install/nav2_common/share/nav2_common/cmake)
-- Found nav2_msgs: 0.4.7 (/home/unitree/navigation_ws/install/nav2_msgs/share/nav2_msgs/cmake)
-- Found nav2_util: 0.4.7 (/home/unitree/navigation_ws/install/nav2_util/share/nav2_util/cmake)
-- Found rmw_implementation_cmake: 1.0.4 (/opt/ros/foxy/share/rmw_implementation_cmake/cmake)
-- Using RMW implementation 'rmw_cyclonedds_cpp' as default
-- Found eigen3_cmake_module: 0.1.1 (/opt/ros/foxy/share/eigen3_cmake_module/cmake)
-- Found std_srvs: 2.0.5 (/opt/ros/foxy/share/std_srvs/cmake)
-- Found ament_lint_auto: 0.9.8 (/opt/ros/foxy/share/ament_lint_auto/cmake)
-- Found ament_cmake_gtest: 0.9.12 (/opt/ros/foxy/share/ament_cmake_gtest/cmake)
-- Found ament_cmake_pytest: 0.9.12 (/opt/ros/foxy/share/ament_cmake_pytest/cmake)
-- Found gtest sources under '/opt/ros/foxy/src/gtest_vendor': C++ tests using 'Google Test' will be built
-- Added test 'copyright' to check source files copyright and LICENSE
-- Added test 'cppcheck' to perform static code analysis on C / C++ code
-- Configured cppcheck include dirs: /home/unitree/navigation_ws/src/navigation2/nav2_lifecycle_manager/include
-- Configured cppcheck exclude dirs and/or files: 
-- Added test 'cpplint' to check C / C++ code against the Google style
-- Configured cpplint exclude dirs and/or files: 
-- Added test 'flake8' to check Python code syntax and style conventions
-- Added test 'lint_cmake' to check CMake code style
-- Added test 'pep257' to check Python code against some of the style conventions in PEP 257
-- Added test 'uncrustify' to check C / C++ code style
-- Configured uncrustify additional arguments: 
-- Added test 'xmllint' to check XML markup files
-- Configuring done
-- Generating done
-- Build files have been written to: /home/unitree/navigation_ws/build/nav2_lifecycle_manager
[ 18%] Built target gtest
[ 27%] [32mBuilding CXX object CMakeFiles/nav2_lifecycle_manager_core.dir/src/lifecycle_manager.cpp.o[0m
[ 36%] [32mBuilding CXX object CMakeFiles/nav2_lifecycle_manager_core.dir/src/lifecycle_manager_client.cpp.o[0m
[ 54%] Built target gtest_main
[ 63%] [32m[1mLinking CXX shared library libnav2_lifecycle_manager_core.so[0m
[ 63%] Built target nav2_lifecycle_manager_core
[ 81%] [32mBuilding CXX object test/CMakeFiles/test_lifecycle_gtest.dir/test_lifecycle_manager.cpp.o[0m
[ 81%] [32mBuilding CXX object CMakeFiles/lifecycle_manager.dir/src/main.cpp.o[0m
[ 90%] [32m[1mLinking CXX executable lifecycle_manager[0m
[ 90%] Built target lifecycle_manager
[100%] [32m[1mLinking CXX executable test_lifecycle_gtest[0m
[100%] Built target test_lifecycle_gtest
-- Install configuration: "Release"
-- Execute custom install script
-- Up-to-date symlink: /home/unitree/navigation_ws/install/nav2_lifecycle_manager/lib/libnav2_lifecycle_manager_core.so
-- Up-to-date symlink: /home/unitree/navigation_ws/install/nav2_lifecycle_manager/lib/nav2_lifecycle_manager/lifecycle_manager
-- Up-to-date symlink: /home/unitree/navigation_ws/install/nav2_lifecycle_manager/include//nav2_lifecycle_manager/lifecycle_manager.hpp
-- Up-to-date symlink: /home/unitree/navigation_ws/install/nav2_lifecycle_manager/include//nav2_lifecycle_manager/lifecycle_manager_client.hpp
-- Up-to-date symlink: /home/unitree/navigation_ws/install/nav2_lifecycle_manager/share/nav2_lifecycle_manager/environment/library_path.sh
-- Up-to-date symlink: /home/unitree/navigation_ws/install/nav2_lifecycle_manager/share/nav2_lifecycle_manager/environment/library_path.dsv
-- Up-to-date symlink: /home/unitree/navigation_ws/install/nav2_lifecycle_manager/share/ament_index/resource_index/package_run_dependencies/nav2_lifecycle_manager
-- Up-to-date symlink: /home/unitree/navigation_ws/install/nav2_lifecycle_manager/share/ament_index/resource_index/parent_prefix_path/nav2_lifecycle_manager
-- Up-to-date symlink: /home/unitree/navigation_ws/install/nav2_lifecycle_manager/share/nav2_lifecycle_manager/environment/ament_prefix_path.sh
-- Up-to-date symlink: /home/unitree/navigation_ws/install/nav2_lifecycle_manager/share/nav2_lifecycle_manager/environment/ament_prefix_path.dsv
-- Up-to-date symlink: /home/unitree/navigation_ws/install/nav2_lifecycle_manager/share/nav2_lifecycle_manager/environment/path.sh
-- Up-to-date symlink: /home/unitree/navigation_ws/install/nav2_lifecycle_manager/share/nav2_lifecycle_manager/environment/path.dsv
-- Up-to-date symlink: /home/unitree/navigation_ws/install/nav2_lifecycle_manager/share/nav2_lifecycle_manager/local_setup.bash
-- Up-to-date symlink: /home/unitree/navigation_ws/install/nav2_lifecycle_manager/share/nav2_lifecycle_manager/local_setup.sh
-- Up-to-date symlink: /home/unitree/navigation_ws/install/nav2_lifecycle_manager/share/nav2_lifecycle_manager/local_setup.zsh
-- Up-to-date symlink: /home/unitree/navigation_ws/install/nav2_lifecycle_manager/share/nav2_lifecycle_manager/local_setup.dsv
-- Symlinking: /home/unitree/navigation_ws/install/nav2_lifecycle_manager/share/nav2_lifecycle_manager/package.dsv
-- Up-to-date symlink: /home/unitree/navigation_ws/install/nav2_lifecycle_manager/share/ament_index/resource_index/packages/nav2_lifecycle_manager
-- Up-to-date symlink: /home/unitree/navigation_ws/install/nav2_lifecycle_manager/share/nav2_lifecycle_manager/cmake/ament_cmake_export_include_directories-extras.cmake
-- Up-to-date symlink: /home/unitree/navigation_ws/install/nav2_lifecycle_manager/share/nav2_lifecycle_manager/cmake/ament_cmake_export_libraries-extras.cmake
-- Up-to-date symlink: /home/unitree/navigation_ws/install/nav2_lifecycle_manager/share/nav2_lifecycle_manager/cmake/ament_cmake_export_dependencies-extras.cmake
-- Up-to-date symlink: /home/unitree/navigation_ws/install/nav2_lifecycle_manager/share/nav2_lifecycle_manager/cmake/nav2_lifecycle_managerConfig.cmake
-- Up-to-date symlink: /home/unitree/navigation_ws/install/nav2_lifecycle_manager/share/nav2_lifecycle_manager/cmake/nav2_lifecycle_managerConfig-version.cmake
-- Up-to-date symlink: /home/unitree/navigation_ws/install/nav2_lifecycle_manager/share/nav2_lifecycle_manager/package.xml
