[0.123s] Invoking command in '/home/unitree/navigation_ws/build/livox_ros_driver2': CMAKE_PREFIX_PATH=${CMAKE_PREFIX_PATH}:/opt/ros/foxy /usr/bin/cmake --build /home/unitree/navigation_ws/build/livox_ros_driver2 -- -j8 -l8
[0.325s] [  1%] Built target livox_interfaces2__cpp
[0.350s] [  8%] Built target livox_interfaces2__rosidl_generator_c
[0.353s] [ 12%] Built target livox_ros_driver2_node
[0.506s] [ 19%] Built target livox_interfaces2__rosidl_typesupport_introspection_cpp
[0.507s] [ 26%] Built target livox_interfaces2__rosidl_typesupport_fastrtps_cpp
[0.539s] [ 33%] Built target livox_interfaces2__rosidl_typesupport_c
[0.588s] [ 40%] Built target livox_interfaces2__rosidl_typesupport_cpp
[0.589s] [ 47%] Built target livox_interfaces2__rosidl_typesupport_introspection_c
[0.692s] [ 54%] Built target livox_interfaces2__rosidl_typesupport_fastrtps_c
[0.780s] [ 54%] Built target livox_interfaces2
[0.911s] [ 56%] Built target livox_interfaces2__py
[0.942s] [ 84%] Built target livox_ros_driver2
[1.031s] [ 89%] Built target livox_interfaces2__python
[1.130s] [ 92%] Built target livox_ros_driver2__rosidl_typesupport_introspection_c__pyext
[1.144s] [ 96%] Built target livox_ros_driver2__rosidl_typesupport_fastrtps_c__pyext
[1.146s] [100%] Built target livox_ros_driver2__rosidl_typesupport_c__pyext
[1.217s] Invoked command in '/home/unitree/navigation_ws/build/livox_ros_driver2' returned '0': CMAKE_PREFIX_PATH=${CMAKE_PREFIX_PATH}:/opt/ros/foxy /usr/bin/cmake --build /home/unitree/navigation_ws/build/livox_ros_driver2 -- -j8 -l8
[1.721s] Invoking command in '/home/unitree/navigation_ws/build/livox_ros_driver2': CMAKE_PREFIX_PATH=${CMAKE_PREFIX_PATH}:/opt/ros/foxy /usr/bin/cmake --install /home/unitree/navigation_ws/build/livox_ros_driver2
[1.755s] -- Install configuration: ""
[1.756s] -- Execute custom install script
[1.756s] -- Up-to-date symlink: /home/unitree/navigation_ws/install/livox_ros_driver2/share/ament_index/resource_index/rosidl_interfaces/livox_ros_driver2
[1.756s] -- Up-to-date symlink: /home/unitree/navigation_ws/install/livox_ros_driver2/include/livox_ros_driver2/msg/custom_msg.h
[1.756s] -- Up-to-date symlink: /home/unitree/navigation_ws/install/livox_ros_driver2/include/livox_ros_driver2/msg/custom_point.h
[1.756s] -- Up-to-date symlink: /home/unitree/navigation_ws/install/livox_ros_driver2/include/livox_ros_driver2/msg/detail/custom_msg__functions.h
[1.756s] -- Up-to-date symlink: /home/unitree/navigation_ws/install/livox_ros_driver2/include/livox_ros_driver2/msg/detail/custom_msg__struct.h
[1.756s] -- Up-to-date symlink: /home/unitree/navigation_ws/install/livox_ros_driver2/include/livox_ros_driver2/msg/detail/custom_msg__type_support.h
[1.756s] -- Up-to-date symlink: /home/unitree/navigation_ws/install/livox_ros_driver2/include/livox_ros_driver2/msg/detail/custom_point__functions.h
[1.757s] -- Up-to-date symlink: /home/unitree/navigation_ws/install/livox_ros_driver2/include/livox_ros_driver2/msg/detail/custom_point__struct.h
[1.757s] -- Up-to-date symlink: /home/unitree/navigation_ws/install/livox_ros_driver2/include/livox_ros_driver2/msg/detail/custom_point__type_support.h
[1.763s] -- Up-to-date symlink: /home/unitree/navigation_ws/install/livox_ros_driver2/include/livox_ros_driver2/msg/rosidl_generator_c__visibility_control.h
[1.765s] -- Up-to-date symlink: /home/unitree/navigation_ws/install/livox_ros_driver2/share/livox_ros_driver2/environment/library_path.sh
[1.765s] -- Up-to-date symlink: /home/unitree/navigation_ws/install/livox_ros_driver2/share/livox_ros_driver2/environment/library_path.dsv
[1.765s] -- Up-to-date symlink: /home/unitree/navigation_ws/install/livox_ros_driver2/include/livox_ros_driver2/msg/detail/custom_msg__rosidl_typesupport_fastrtps_c.h
[1.767s] -- Up-to-date symlink: /home/unitree/navigation_ws/install/livox_ros_driver2/include/livox_ros_driver2/msg/detail/custom_point__rosidl_typesupport_fastrtps_c.h
[1.767s] -- Up-to-date symlink: /home/unitree/navigation_ws/install/livox_ros_driver2/include/livox_ros_driver2/msg/rosidl_typesupport_fastrtps_c__visibility_control.h
[1.768s] -- Up-to-date symlink: /home/unitree/navigation_ws/install/livox_ros_driver2/lib/liblivox_ros_driver2__rosidl_typesupport_fastrtps_c.so
[1.768s] -- Up-to-date symlink: /home/unitree/navigation_ws/install/livox_ros_driver2/include/livox_ros_driver2/msg/detail/custom_msg__rosidl_typesupport_fastrtps_cpp.hpp
[1.768s] -- Up-to-date symlink: /home/unitree/navigation_ws/install/livox_ros_driver2/include/livox_ros_driver2/msg/detail/custom_point__rosidl_typesupport_fastrtps_cpp.hpp
[1.768s] -- Up-to-date symlink: /home/unitree/navigation_ws/install/livox_ros_driver2/include/livox_ros_driver2/msg/rosidl_typesupport_fastrtps_cpp__visibility_control.h
[1.768s] -- Up-to-date symlink: /home/unitree/navigation_ws/install/livox_ros_driver2/lib/liblivox_ros_driver2__rosidl_typesupport_fastrtps_cpp.so
[1.768s] -- Up-to-date symlink: /home/unitree/navigation_ws/install/livox_ros_driver2/include/livox_ros_driver2/msg/detail/custom_msg__rosidl_typesupport_introspection_c.h
[1.768s] -- Up-to-date symlink: /home/unitree/navigation_ws/install/livox_ros_driver2/include/livox_ros_driver2/msg/detail/custom_point__rosidl_typesupport_introspection_c.h
[1.769s] -- Up-to-date symlink: /home/unitree/navigation_ws/install/livox_ros_driver2/include/livox_ros_driver2/msg/rosidl_typesupport_introspection_c__visibility_control.h
[1.769s] -- Up-to-date symlink: /home/unitree/navigation_ws/install/livox_ros_driver2/include/livox_ros_driver2/msg/custom_msg.hpp
[1.769s] -- Up-to-date symlink: /home/unitree/navigation_ws/install/livox_ros_driver2/include/livox_ros_driver2/msg/custom_point.hpp
[1.769s] -- Up-to-date symlink: /home/unitree/navigation_ws/install/livox_ros_driver2/include/livox_ros_driver2/msg/detail/custom_msg__builder.hpp
[1.769s] -- Up-to-date symlink: /home/unitree/navigation_ws/install/livox_ros_driver2/include/livox_ros_driver2/msg/detail/custom_msg__struct.hpp
[1.769s] -- Up-to-date symlink: /home/unitree/navigation_ws/install/livox_ros_driver2/include/livox_ros_driver2/msg/detail/custom_msg__traits.hpp
[1.769s] -- Up-to-date symlink: /home/unitree/navigation_ws/install/livox_ros_driver2/include/livox_ros_driver2/msg/detail/custom_msg__type_support.hpp
[1.769s] -- Up-to-date symlink: /home/unitree/navigation_ws/install/livox_ros_driver2/include/livox_ros_driver2/msg/detail/custom_point__builder.hpp
[1.770s] -- Up-to-date symlink: /home/unitree/navigation_ws/install/livox_ros_driver2/include/livox_ros_driver2/msg/detail/custom_point__struct.hpp
[1.770s] -- Up-to-date symlink: /home/unitree/navigation_ws/install/livox_ros_driver2/include/livox_ros_driver2/msg/detail/custom_point__traits.hpp
[1.770s] -- Up-to-date symlink: /home/unitree/navigation_ws/install/livox_ros_driver2/include/livox_ros_driver2/msg/detail/custom_point__type_support.hpp
[1.770s] -- Up-to-date symlink: /home/unitree/navigation_ws/install/livox_ros_driver2/include/livox_ros_driver2/msg/rosidl_generator_cpp__visibility_control.hpp
[1.770s] -- Up-to-date symlink: /home/unitree/navigation_ws/install/livox_ros_driver2/include/livox_ros_driver2/msg/detail/custom_msg__rosidl_typesupport_introspection_cpp.hpp
[1.771s] -- Up-to-date symlink: /home/unitree/navigation_ws/install/livox_ros_driver2/include/livox_ros_driver2/msg/detail/custom_point__rosidl_typesupport_introspection_cpp.hpp
[1.771s] -- Up-to-date symlink: /home/unitree/navigation_ws/install/livox_ros_driver2/share/livox_ros_driver2/environment/pythonpath.sh
[1.771s] -- Up-to-date symlink: /home/unitree/navigation_ws/install/livox_ros_driver2/share/livox_ros_driver2/environment/pythonpath.dsv
[1.771s] -- Up-to-date symlink: /home/unitree/navigation_ws/install/livox_ros_driver2/lib/python3.8/site-packages/livox_ros_driver2/__init__.py
[1.771s] -- Up-to-date symlink: /home/unitree/navigation_ws/install/livox_ros_driver2/lib/python3.8/site-packages/livox_ros_driver2/msg/__init__.py
[1.772s] -- Up-to-date symlink: /home/unitree/navigation_ws/install/livox_ros_driver2/lib/python3.8/site-packages/livox_ros_driver2/msg/_custom_msg.py
[1.772s] -- Up-to-date symlink: /home/unitree/navigation_ws/install/livox_ros_driver2/lib/python3.8/site-packages/livox_ros_driver2/msg/_custom_point.py
[1.773s] -- Up-to-date symlink: /home/unitree/navigation_ws/install/livox_ros_driver2/lib/python3.8/site-packages/livox_ros_driver2/livox_ros_driver2_s__rosidl_typesupport_fastrtps_c.cpython-38-aarch64-linux-gnu.so
[1.773s] -- Up-to-date symlink: /home/unitree/navigation_ws/install/livox_ros_driver2/lib/python3.8/site-packages/livox_ros_driver2/livox_ros_driver2_s__rosidl_typesupport_introspection_c.cpython-38-aarch64-linux-gnu.so
[1.774s] -- Up-to-date symlink: /home/unitree/navigation_ws/install/livox_ros_driver2/lib/python3.8/site-packages/livox_ros_driver2/livox_ros_driver2_s__rosidl_typesupport_c.cpython-38-aarch64-linux-gnu.so
[1.774s] -- Up-to-date symlink: /home/unitree/navigation_ws/install/livox_ros_driver2/lib/liblivox_interfaces2__python.so
[1.775s] -- Up-to-date symlink: /home/unitree/navigation_ws/install/livox_ros_driver2/share/livox_ros_driver2/msg/CustomPoint.idl
[1.775s] -- Up-to-date symlink: /home/unitree/navigation_ws/install/livox_ros_driver2/share/livox_ros_driver2/msg/CustomMsg.idl
[1.776s] -- Up-to-date symlink: /home/unitree/navigation_ws/install/livox_ros_driver2/share/livox_ros_driver2/msg/CustomPoint.msg
[1.777s] -- Up-to-date symlink: /home/unitree/navigation_ws/install/livox_ros_driver2/share/livox_ros_driver2/msg/CustomMsg.msg
[1.777s] -- Up-to-date symlink: /home/unitree/navigation_ws/install/livox_ros_driver2/lib/livox_ros_driver2/livox_ros_driver2_node
[1.779s] -- Up-to-date symlink: /home/unitree/navigation_ws/install/livox_ros_driver2/lib/liblivox_ros_driver2.so
[1.779s] -- Up-to-date symlink: /home/unitree/navigation_ws/install/livox_ros_driver2/share/livox_ros_driver2/config/HAP_config.json
[1.779s] -- Up-to-date symlink: /home/unitree/navigation_ws/install/livox_ros_driver2/share/livox_ros_driver2/config/MID360_config.json
[1.780s] -- Up-to-date symlink: /home/unitree/navigation_ws/install/livox_ros_driver2/share/livox_ros_driver2/config/display_point_cloud_ROS1.rviz
[1.780s] -- Up-to-date symlink: /home/unitree/navigation_ws/install/livox_ros_driver2/share/livox_ros_driver2/config/display_point_cloud_ROS2.rviz
[1.780s] -- Up-to-date symlink: /home/unitree/navigation_ws/install/livox_ros_driver2/share/livox_ros_driver2/config/mixed_HAP_MID360_config.json
[1.781s] -- Up-to-date symlink: /home/unitree/navigation_ws/install/livox_ros_driver2/share/livox_ros_driver2/launch_ROS2/msg_HAP_launch.py
[1.781s] -- Up-to-date symlink: /home/unitree/navigation_ws/install/livox_ros_driver2/share/livox_ros_driver2/launch_ROS2/msg_MID360_launch.py
[1.789s] -- Up-to-date symlink: /home/unitree/navigation_ws/install/livox_ros_driver2/share/livox_ros_driver2/launch_ROS2/rviz_HAP_launch.py
[1.791s] -- Up-to-date symlink: /home/unitree/navigation_ws/install/livox_ros_driver2/share/livox_ros_driver2/launch_ROS2/rviz_MID360_launch.py
[1.791s] -- Up-to-date symlink: /home/unitree/navigation_ws/install/livox_ros_driver2/share/livox_ros_driver2/launch_ROS2/rviz_mixed.py
[1.791s] -- Up-to-date symlink: /home/unitree/navigation_ws/install/livox_ros_driver2/share/ament_index/resource_index/package_run_dependencies/livox_ros_driver2
[1.791s] -- Up-to-date symlink: /home/unitree/navigation_ws/install/livox_ros_driver2/share/ament_index/resource_index/parent_prefix_path/livox_ros_driver2
[1.791s] -- Up-to-date symlink: /home/unitree/navigation_ws/install/livox_ros_driver2/share/livox_ros_driver2/environment/ament_prefix_path.sh
[1.791s] -- Up-to-date symlink: /home/unitree/navigation_ws/install/livox_ros_driver2/share/livox_ros_driver2/environment/ament_prefix_path.dsv
[1.792s] -- Up-to-date symlink: /home/unitree/navigation_ws/install/livox_ros_driver2/share/livox_ros_driver2/environment/path.sh
[1.796s] -- Up-to-date symlink: /home/unitree/navigation_ws/install/livox_ros_driver2/share/livox_ros_driver2/environment/path.dsv
[1.796s] -- Up-to-date symlink: /home/unitree/navigation_ws/install/livox_ros_driver2/share/livox_ros_driver2/local_setup.bash
[1.796s] -- Up-to-date symlink: /home/unitree/navigation_ws/install/livox_ros_driver2/share/livox_ros_driver2/local_setup.sh
[1.796s] -- Up-to-date symlink: /home/unitree/navigation_ws/install/livox_ros_driver2/share/livox_ros_driver2/local_setup.zsh
[1.796s] -- Up-to-date symlink: /home/unitree/navigation_ws/install/livox_ros_driver2/share/livox_ros_driver2/local_setup.dsv
[1.796s] -- Symlinking: /home/unitree/navigation_ws/install/livox_ros_driver2/share/livox_ros_driver2/package.dsv
[1.828s] -- Up-to-date symlink: /home/unitree/navigation_ws/install/livox_ros_driver2/share/ament_index/resource_index/packages/livox_ros_driver2
[1.828s] -- Up-to-date symlink: /home/unitree/navigation_ws/install/livox_ros_driver2/share/ament_index/resource_index/rclcpp_components/livox_ros_driver2
[1.828s] -- Up-to-date symlink: /home/unitree/navigation_ws/install/livox_ros_driver2/share/livox_ros_driver2/cmake/rosidl_cmake-extras.cmake
[1.828s] -- Up-to-date symlink: /home/unitree/navigation_ws/install/livox_ros_driver2/share/livox_ros_driver2/cmake/ament_cmake_export_dependencies-extras.cmake
[1.829s] -- Up-to-date symlink: /home/unitree/navigation_ws/install/livox_ros_driver2/share/livox_ros_driver2/cmake/ament_cmake_export_libraries-extras.cmake
[1.829s] -- Up-to-date symlink: /home/unitree/navigation_ws/install/livox_ros_driver2/share/livox_ros_driver2/cmake/ament_cmake_export_targets-extras.cmake
[1.829s] -- Up-to-date symlink: /home/unitree/navigation_ws/install/livox_ros_driver2/share/livox_ros_driver2/cmake/ament_cmake_export_include_directories-extras.cmake
[1.829s] -- Up-to-date symlink: /home/unitree/navigation_ws/install/livox_ros_driver2/share/livox_ros_driver2/cmake/rosidl_cmake_export_typesupport_libraries-extras.cmake
[1.829s] -- Up-to-date symlink: /home/unitree/navigation_ws/install/livox_ros_driver2/share/livox_ros_driver2/cmake/rosidl_cmake_export_typesupport_targets-extras.cmake
[1.829s] -- Up-to-date symlink: /home/unitree/navigation_ws/install/livox_ros_driver2/share/livox_ros_driver2/cmake/livox_ros_driver2Config.cmake
[1.829s] -- Up-to-date symlink: /home/unitree/navigation_ws/install/livox_ros_driver2/share/livox_ros_driver2/cmake/livox_ros_driver2Config-version.cmake
[1.832s] -- Up-to-date symlink: /home/unitree/navigation_ws/install/livox_ros_driver2/share/livox_ros_driver2/package.xml
[1.832s] -- Up-to-date: /home/unitree/navigation_ws/install/livox_ros_driver2/lib/liblivox_ros_driver2__rosidl_generator_c.so
[1.832s] -- Up-to-date: /home/unitree/navigation_ws/install/livox_ros_driver2/lib/liblivox_ros_driver2__rosidl_typesupport_introspection_c.so
[1.832s] -- Up-to-date: /home/unitree/navigation_ws/install/livox_ros_driver2/lib/liblivox_ros_driver2__rosidl_typesupport_c.so
[1.832s] -- Up-to-date: /home/unitree/navigation_ws/install/livox_ros_driver2/lib/liblivox_ros_driver2__rosidl_typesupport_introspection_cpp.so
[1.832s] -- Up-to-date: /home/unitree/navigation_ws/install/livox_ros_driver2/lib/liblivox_ros_driver2__rosidl_typesupport_cpp.so
[1.903s] -- Up-to-date: /home/unitree/navigation_ws/install/livox_ros_driver2/share/livox_ros_driver2/cmake/livox_interfaces2__rosidl_generator_cExport.cmake
[1.904s] -- Up-to-date: /home/unitree/navigation_ws/install/livox_ros_driver2/share/livox_ros_driver2/cmake/livox_interfaces2__rosidl_generator_cExport-noconfig.cmake
[1.904s] -- Up-to-date: /home/unitree/navigation_ws/install/livox_ros_driver2/share/livox_ros_driver2/cmake/livox_interfaces2__rosidl_typesupport_introspection_cExport.cmake
[1.904s] -- Up-to-date: /home/unitree/navigation_ws/install/livox_ros_driver2/share/livox_ros_driver2/cmake/livox_interfaces2__rosidl_typesupport_introspection_cExport-noconfig.cmake
[1.904s] -- Up-to-date: /home/unitree/navigation_ws/install/livox_ros_driver2/share/livox_ros_driver2/cmake/livox_interfaces2__rosidl_typesupport_cExport.cmake
[1.904s] -- Up-to-date: /home/unitree/navigation_ws/install/livox_ros_driver2/share/livox_ros_driver2/cmake/livox_interfaces2__rosidl_typesupport_cExport-noconfig.cmake
[1.904s] -- Up-to-date: /home/unitree/navigation_ws/install/livox_ros_driver2/share/livox_ros_driver2/cmake/livox_interfaces2__rosidl_generator_cppExport.cmake
[1.905s] -- Up-to-date: /home/unitree/navigation_ws/install/livox_ros_driver2/share/livox_ros_driver2/cmake/livox_interfaces2__rosidl_typesupport_introspection_cppExport.cmake
[1.905s] -- Up-to-date: /home/unitree/navigation_ws/install/livox_ros_driver2/share/livox_ros_driver2/cmake/livox_interfaces2__rosidl_typesupport_introspection_cppExport-noconfig.cmake
[1.905s] -- Up-to-date: /home/unitree/navigation_ws/install/livox_ros_driver2/share/livox_ros_driver2/cmake/livox_interfaces2__rosidl_typesupport_cppExport.cmake
[1.905s] -- Up-to-date: /home/unitree/navigation_ws/install/livox_ros_driver2/share/livox_ros_driver2/cmake/livox_interfaces2__rosidl_typesupport_cppExport-noconfig.cmake
[1.920s] Invoked command in '/home/unitree/navigation_ws/build/livox_ros_driver2' returned '0': CMAKE_PREFIX_PATH=${CMAKE_PREFIX_PATH}:/opt/ros/foxy /usr/bin/cmake --install /home/unitree/navigation_ws/build/livox_ros_driver2
