[0.081s] Invoking command in '/home/unitree/navigation_ws/build/nav_2d_utils': AMENT_PREFIX_PATH=/home/unitree/navigation_ws/install/nav2_util:/home/unitree/navigation_ws/install/nav2_msgs:/home/unitree/navigation_ws/install/nav_2d_msgs:/home/unitree/navigation_ws/install/nav2_common:${AMENT_PREFIX_PATH} CMAKE_PREFIX_PATH=/home/unitree/navigation_ws/install/nav2_util:/home/unitree/navigation_ws/install/nav2_msgs:/home/unitree/navigation_ws/install/nav_2d_msgs:/home/unitree/navigation_ws/install/nav2_common:/home/unitree/cyclonedds_ws/install/rmw_cyclonedds_cpp:/home/unitree/cyclonedds_ws/install/cyclonedds:/opt/ros/foxy LD_LIBRARY_PATH=/home/unitree/navigation_ws/install/nav2_util/lib:/home/unitree/navigation_ws/install/nav2_msgs/lib:/home/unitree/navigation_ws/install/nav_2d_msgs/lib:/usr/local/cuda-11.4/lib64:/usr/local/lib:/home/unitree/cyclonedds_ws/install/rmw_cyclonedds_cpp/lib:/home/unitree/cyclonedds_ws/install/cyclonedds/lib:/opt/ros/foxy/opt/yaml_cpp_vendor/lib:/opt/ros/foxy/opt/rviz_ogre_vendor/lib:/opt/ros/foxy/lib/aarch64-linux-gnu:/opt/ros/foxy/lib:/usr/local/cuda-11.4/lib64 PYTHONPATH=/home/unitree/navigation_ws/install/nav2_msgs/lib/python3.8/site-packages:/home/unitree/navigation_ws/install/nav_2d_msgs/lib/python3.8/site-packages:/home/unitree/navigation_ws/install/nav2_common/lib/python3.8/site-packages:${PYTHONPATH} /usr/bin/cmake /home/unitree/navigation_ws/src/navigation2/nav2_dwb_controller/nav_2d_utils -DAMENT_CMAKE_SYMLINK_INSTALL=1 -DCMAKE_INSTALL_PREFIX=/home/unitree/navigation_ws/install/nav_2d_utils
[0.226s] -- The C compiler identification is GNU 9.4.0
[0.374s] -- The CXX compiler identification is GNU 9.4.0
[0.382s] -- Check for working C compiler: /usr/bin/cc
[0.590s] -- Check for working C compiler: /usr/bin/cc -- works
[0.599s] -- Detecting C compiler ABI info
[0.796s] -- Detecting C compiler ABI info - done
[0.815s] -- Detecting C compile features
[0.815s] -- Detecting C compile features - done
[0.819s] -- Check for working CXX compiler: /usr/bin/c++
[1.032s] -- Check for working CXX compiler: /usr/bin/c++ -- works
[1.036s] -- Detecting CXX compiler ABI info
[1.261s] -- Detecting CXX compiler ABI info - done
[1.282s] -- Detecting CXX compile features
[1.284s] -- Detecting CXX compile features - done
[1.292s] -- Found ament_cmake: 0.9.12 (/opt/ros/foxy/share/ament_cmake/cmake)
[1.343s] -- Found PythonInterp: /usr/bin/python3 (found suitable version "3.8.10", minimum required is "3") 
[1.343s] -- Using PYTHON_EXECUTABLE: /usr/bin/python3
[1.803s] -- Override CMake install command with custom implementation using symlinks instead of copying resources
[1.855s] -- Found nav2_common: 0.4.7 (/home/unitree/navigation_ws/install/nav2_common/share/nav2_common/cmake)
[1.858s] -- Found geometry_msgs: 2.0.5 (/opt/ros/foxy/share/geometry_msgs/cmake)
[1.926s] -- Using all available rosidl_typesupport_c: rosidl_typesupport_fastrtps_c;rosidl_typesupport_introspection_c
[1.941s] -- Found rosidl_adapter: 1.3.1 (/opt/ros/foxy/share/rosidl_adapter/cmake)
[2.199s] -- Found OpenSSL: /usr/lib/aarch64-linux-gnu/libcrypto.so (found version "1.1.1f")  
[2.267s] -- Found FastRTPS: /opt/ros/foxy/include  
[2.431s] -- Using all available rosidl_typesupport_cpp: rosidl_typesupport_fastrtps_cpp;rosidl_typesupport_introspection_cpp
[2.562s] -- Found nav_2d_msgs: 0.4.7 (/home/unitree/navigation_ws/install/nav_2d_msgs/share/nav_2d_msgs/cmake)
[2.661s] -- Found nav_msgs: 2.0.5 (/opt/ros/foxy/share/nav_msgs/cmake)
[2.787s] -- Found rclcpp: 2.4.3 (/opt/ros/foxy/share/rclcpp/cmake)
[2.867s] -- Found rmw_implementation_cmake: 1.0.4 (/opt/ros/foxy/share/rmw_implementation_cmake/cmake)
[2.872s] -- Using RMW implementation 'rmw_cyclonedds_cpp' as default
[2.874s] -- Looking for pthread.h
[3.098s] -- Looking for pthread.h - found
[3.099s] -- Performing Test CMAKE_HAVE_LIBC_PTHREAD
[3.320s] -- Performing Test CMAKE_HAVE_LIBC_PTHREAD - Failed
[3.320s] -- Looking for pthread_create in pthreads
[3.487s] -- Looking for pthread_create in pthreads - not found
[3.487s] -- Looking for pthread_create in pthread
[3.701s] -- Looking for pthread_create in pthread - found
[3.707s] -- Found Threads: TRUE  
[3.968s] -- Found tf2: 0.13.14 (/opt/ros/foxy/share/tf2/cmake)
[3.991s] -- Found tf2_geometry_msgs: 0.13.14 (/opt/ros/foxy/share/tf2_geometry_msgs/cmake)
[4.008s] -- Found eigen3_cmake_module: 0.1.1 (/opt/ros/foxy/share/eigen3_cmake_module/cmake)
[4.014s] -- Found Eigen3: TRUE (found version "3.3.7") 
[4.616s] -- Found nav2_msgs: 0.4.7 (/home/unitree/navigation_ws/install/nav2_msgs/share/nav2_msgs/cmake)
[4.957s] -- Found nav2_util: 0.4.7 (/home/unitree/navigation_ws/install/nav2_util/share/nav2_util/cmake)
[5.225s] -- Setting build type to Release as none was specified.
[5.695s] -- Found ament_lint_auto: 0.9.8 (/opt/ros/foxy/share/ament_lint_auto/cmake)
[5.897s] -- Added test 'cppcheck' to perform static code analysis on C / C++ code
[5.897s] -- Configured cppcheck include dirs: /home/unitree/navigation_ws/src/navigation2/nav2_dwb_controller/nav_2d_utils/include
[5.897s] -- Configured cppcheck exclude dirs and/or files: 
[5.899s] -- Added test 'cpplint' to check C / C++ code against the Google style
[5.899s] -- Configured cpplint exclude dirs and/or files: 
[5.901s] -- Added test 'lint_cmake' to check CMake code style
[5.903s] -- Added test 'uncrustify' to check C / C++ code style
[5.903s] -- Configured uncrustify additional arguments: 
[5.904s] -- Added test 'xmllint' to check XML markup files
[5.917s] -- Configuring done
[6.035s] -- Generating done
[6.040s] -- Build files have been written to: /home/unitree/navigation_ws/build/nav_2d_utils
[6.072s] Invoked command in '/home/unitree/navigation_ws/build/nav_2d_utils' returned '0': AMENT_PREFIX_PATH=/home/unitree/navigation_ws/install/nav2_util:/home/unitree/navigation_ws/install/nav2_msgs:/home/unitree/navigation_ws/install/nav_2d_msgs:/home/unitree/navigation_ws/install/nav2_common:${AMENT_PREFIX_PATH} CMAKE_PREFIX_PATH=/home/unitree/navigation_ws/install/nav2_util:/home/unitree/navigation_ws/install/nav2_msgs:/home/unitree/navigation_ws/install/nav_2d_msgs:/home/unitree/navigation_ws/install/nav2_common:/home/unitree/cyclonedds_ws/install/rmw_cyclonedds_cpp:/home/unitree/cyclonedds_ws/install/cyclonedds:/opt/ros/foxy LD_LIBRARY_PATH=/home/unitree/navigation_ws/install/nav2_util/lib:/home/unitree/navigation_ws/install/nav2_msgs/lib:/home/unitree/navigation_ws/install/nav_2d_msgs/lib:/usr/local/cuda-11.4/lib64:/usr/local/lib:/home/unitree/cyclonedds_ws/install/rmw_cyclonedds_cpp/lib:/home/unitree/cyclonedds_ws/install/cyclonedds/lib:/opt/ros/foxy/opt/yaml_cpp_vendor/lib:/opt/ros/foxy/opt/rviz_ogre_vendor/lib:/opt/ros/foxy/lib/aarch64-linux-gnu:/opt/ros/foxy/lib:/usr/local/cuda-11.4/lib64 PYTHONPATH=/home/unitree/navigation_ws/install/nav2_msgs/lib/python3.8/site-packages:/home/unitree/navigation_ws/install/nav_2d_msgs/lib/python3.8/site-packages:/home/unitree/navigation_ws/install/nav2_common/lib/python3.8/site-packages:${PYTHONPATH} /usr/bin/cmake /home/unitree/navigation_ws/src/navigation2/nav2_dwb_controller/nav_2d_utils -DAMENT_CMAKE_SYMLINK_INSTALL=1 -DCMAKE_INSTALL_PREFIX=/home/unitree/navigation_ws/install/nav_2d_utils
[6.094s] Invoking command in '/home/unitree/navigation_ws/build/nav_2d_utils': AMENT_PREFIX_PATH=/home/unitree/navigation_ws/install/nav2_util:/home/unitree/navigation_ws/install/nav2_msgs:/home/unitree/navigation_ws/install/nav_2d_msgs:/home/unitree/navigation_ws/install/nav2_common:${AMENT_PREFIX_PATH} CMAKE_PREFIX_PATH=/home/unitree/navigation_ws/install/nav2_util:/home/unitree/navigation_ws/install/nav2_msgs:/home/unitree/navigation_ws/install/nav_2d_msgs:/home/unitree/navigation_ws/install/nav2_common:/home/unitree/cyclonedds_ws/install/rmw_cyclonedds_cpp:/home/unitree/cyclonedds_ws/install/cyclonedds:/opt/ros/foxy LD_LIBRARY_PATH=/home/unitree/navigation_ws/install/nav2_util/lib:/home/unitree/navigation_ws/install/nav2_msgs/lib:/home/unitree/navigation_ws/install/nav_2d_msgs/lib:/usr/local/cuda-11.4/lib64:/usr/local/lib:/home/unitree/cyclonedds_ws/install/rmw_cyclonedds_cpp/lib:/home/unitree/cyclonedds_ws/install/cyclonedds/lib:/opt/ros/foxy/opt/yaml_cpp_vendor/lib:/opt/ros/foxy/opt/rviz_ogre_vendor/lib:/opt/ros/foxy/lib/aarch64-linux-gnu:/opt/ros/foxy/lib:/usr/local/cuda-11.4/lib64 PYTHONPATH=/home/unitree/navigation_ws/install/nav2_msgs/lib/python3.8/site-packages:/home/unitree/navigation_ws/install/nav_2d_msgs/lib/python3.8/site-packages:/home/unitree/navigation_ws/install/nav2_common/lib/python3.8/site-packages:${PYTHONPATH} /usr/bin/cmake --build /home/unitree/navigation_ws/build/nav_2d_utils -- -j8 -l8
[6.220s] [35m[1mScanning dependencies of target conversions[0m
[6.266s] [35m[1mScanning dependencies of target path_ops[0m
[6.360s] [ 16%] [32mBuilding CXX object CMakeFiles/path_ops.dir/src/path_ops.cpp.o[0m
[6.402s] [ 33%] [32mBuilding CXX object CMakeFiles/conversions.dir/src/conversions.cpp.o[0m
[7.898s] [ 50%] [32m[1mLinking CXX shared library libpath_ops.so[0m
[8.934s] [ 50%] Built target path_ops
[14.352s] [ 66%] [32m[1mLinking CXX shared library libconversions.so[0m
[14.701s] [ 66%] Built target conversions
[14.794s] [35m[1mScanning dependencies of target tf_help[0m
[14.977s] [ 83%] [32mBuilding CXX object CMakeFiles/tf_help.dir/src/tf_help.cpp.o[0m
[21.613s] [100%] [32m[1mLinking CXX shared library libtf_help.so[0m
[22.068s] [100%] Built target tf_help
[22.119s] Invoked command in '/home/unitree/navigation_ws/build/nav_2d_utils' returned '0': AMENT_PREFIX_PATH=/home/unitree/navigation_ws/install/nav2_util:/home/unitree/navigation_ws/install/nav2_msgs:/home/unitree/navigation_ws/install/nav_2d_msgs:/home/unitree/navigation_ws/install/nav2_common:${AMENT_PREFIX_PATH} CMAKE_PREFIX_PATH=/home/unitree/navigation_ws/install/nav2_util:/home/unitree/navigation_ws/install/nav2_msgs:/home/unitree/navigation_ws/install/nav_2d_msgs:/home/unitree/navigation_ws/install/nav2_common:/home/unitree/cyclonedds_ws/install/rmw_cyclonedds_cpp:/home/unitree/cyclonedds_ws/install/cyclonedds:/opt/ros/foxy LD_LIBRARY_PATH=/home/unitree/navigation_ws/install/nav2_util/lib:/home/unitree/navigation_ws/install/nav2_msgs/lib:/home/unitree/navigation_ws/install/nav_2d_msgs/lib:/usr/local/cuda-11.4/lib64:/usr/local/lib:/home/unitree/cyclonedds_ws/install/rmw_cyclonedds_cpp/lib:/home/unitree/cyclonedds_ws/install/cyclonedds/lib:/opt/ros/foxy/opt/yaml_cpp_vendor/lib:/opt/ros/foxy/opt/rviz_ogre_vendor/lib:/opt/ros/foxy/lib/aarch64-linux-gnu:/opt/ros/foxy/lib:/usr/local/cuda-11.4/lib64 PYTHONPATH=/home/unitree/navigation_ws/install/nav2_msgs/lib/python3.8/site-packages:/home/unitree/navigation_ws/install/nav_2d_msgs/lib/python3.8/site-packages:/home/unitree/navigation_ws/install/nav2_common/lib/python3.8/site-packages:${PYTHONPATH} /usr/bin/cmake --build /home/unitree/navigation_ws/build/nav_2d_utils -- -j8 -l8
[22.233s] Invoking command in '/home/unitree/navigation_ws/build/nav_2d_utils': AMENT_PREFIX_PATH=/home/unitree/navigation_ws/install/nav2_util:/home/unitree/navigation_ws/install/nav2_msgs:/home/unitree/navigation_ws/install/nav_2d_msgs:/home/unitree/navigation_ws/install/nav2_common:${AMENT_PREFIX_PATH} CMAKE_PREFIX_PATH=/home/unitree/navigation_ws/install/nav2_util:/home/unitree/navigation_ws/install/nav2_msgs:/home/unitree/navigation_ws/install/nav_2d_msgs:/home/unitree/navigation_ws/install/nav2_common:/home/unitree/cyclonedds_ws/install/rmw_cyclonedds_cpp:/home/unitree/cyclonedds_ws/install/cyclonedds:/opt/ros/foxy LD_LIBRARY_PATH=/home/unitree/navigation_ws/install/nav2_util/lib:/home/unitree/navigation_ws/install/nav2_msgs/lib:/home/unitree/navigation_ws/install/nav_2d_msgs/lib:/usr/local/cuda-11.4/lib64:/usr/local/lib:/home/unitree/cyclonedds_ws/install/rmw_cyclonedds_cpp/lib:/home/unitree/cyclonedds_ws/install/cyclonedds/lib:/opt/ros/foxy/opt/yaml_cpp_vendor/lib:/opt/ros/foxy/opt/rviz_ogre_vendor/lib:/opt/ros/foxy/lib/aarch64-linux-gnu:/opt/ros/foxy/lib:/usr/local/cuda-11.4/lib64 PYTHONPATH=/home/unitree/navigation_ws/install/nav2_msgs/lib/python3.8/site-packages:/home/unitree/navigation_ws/install/nav_2d_msgs/lib/python3.8/site-packages:/home/unitree/navigation_ws/install/nav2_common/lib/python3.8/site-packages:${PYTHONPATH} /usr/bin/cmake --install /home/unitree/navigation_ws/build/nav_2d_utils
[22.996s] -- Install configuration: "Release"
[22.996s] -- Execute custom install script
[22.996s] -- Symlinking: /home/unitree/navigation_ws/install/nav_2d_utils/lib/libconversions.so
[22.997s] -- Symlinking: /home/unitree/navigation_ws/install/nav_2d_utils/lib/libpath_ops.so
[22.997s] -- Symlinking: /home/unitree/navigation_ws/install/nav_2d_utils/lib/libtf_help.so
[22.997s] -- Symlinking: /home/unitree/navigation_ws/install/nav_2d_utils/include//nav_2d_utils/conversions.hpp
[22.997s] -- Symlinking: /home/unitree/navigation_ws/install/nav_2d_utils/include//nav_2d_utils/odom_subscriber.hpp
[22.997s] -- Symlinking: /home/unitree/navigation_ws/install/nav_2d_utils/include//nav_2d_utils/parameters.hpp
[22.997s] -- Symlinking: /home/unitree/navigation_ws/install/nav_2d_utils/include//nav_2d_utils/path_ops.hpp
[22.997s] -- Symlinking: /home/unitree/navigation_ws/install/nav_2d_utils/include//nav_2d_utils/tf_help.hpp
[22.997s] -- Symlinking: /home/unitree/navigation_ws/install/nav_2d_utils/share/nav_2d_utils/environment/library_path.sh
[22.997s] -- Symlinking: /home/unitree/navigation_ws/install/nav_2d_utils/share/nav_2d_utils/environment/library_path.dsv
[22.997s] -- Symlinking: /home/unitree/navigation_ws/install/nav_2d_utils/share/ament_index/resource_index/package_run_dependencies/nav_2d_utils
[22.997s] -- Symlinking: /home/unitree/navigation_ws/install/nav_2d_utils/share/ament_index/resource_index/parent_prefix_path/nav_2d_utils
[22.998s] -- Symlinking: /home/unitree/navigation_ws/install/nav_2d_utils/share/nav_2d_utils/environment/ament_prefix_path.sh
[22.998s] -- Symlinking: /home/unitree/navigation_ws/install/nav_2d_utils/share/nav_2d_utils/environment/ament_prefix_path.dsv
[22.998s] -- Symlinking: /home/unitree/navigation_ws/install/nav_2d_utils/share/nav_2d_utils/environment/path.sh
[22.998s] -- Symlinking: /home/unitree/navigation_ws/install/nav_2d_utils/share/nav_2d_utils/environment/path.dsv
[22.998s] -- Symlinking: /home/unitree/navigation_ws/install/nav_2d_utils/share/nav_2d_utils/local_setup.bash
[22.998s] -- Symlinking: /home/unitree/navigation_ws/install/nav_2d_utils/share/nav_2d_utils/local_setup.sh
[22.998s] -- Symlinking: /home/unitree/navigation_ws/install/nav_2d_utils/share/nav_2d_utils/local_setup.zsh
[22.998s] -- Symlinking: /home/unitree/navigation_ws/install/nav_2d_utils/share/nav_2d_utils/local_setup.dsv
[22.998s] -- Symlinking: /home/unitree/navigation_ws/install/nav_2d_utils/share/nav_2d_utils/package.dsv
[22.998s] -- Symlinking: /home/unitree/navigation_ws/install/nav_2d_utils/share/ament_index/resource_index/packages/nav_2d_utils
[22.999s] -- Symlinking: /home/unitree/navigation_ws/install/nav_2d_utils/share/nav_2d_utils/cmake/ament_cmake_export_include_directories-extras.cmake
[22.999s] -- Symlinking: /home/unitree/navigation_ws/install/nav_2d_utils/share/nav_2d_utils/cmake/ament_cmake_export_libraries-extras.cmake
[23.022s] -- Symlinking: /home/unitree/navigation_ws/install/nav_2d_utils/share/nav_2d_utils/cmake/ament_cmake_export_dependencies-extras.cmake
[23.058s] -- Symlinking: /home/unitree/navigation_ws/install/nav_2d_utils/share/nav_2d_utils/cmake/nav_2d_utilsConfig.cmake
[23.082s] -- Symlinking: /home/unitree/navigation_ws/install/nav_2d_utils/share/nav_2d_utils/cmake/nav_2d_utilsConfig-version.cmake
[23.108s] -- Symlinking: /home/unitree/navigation_ws/install/nav_2d_utils/share/nav_2d_utils/package.xml
[23.154s] Invoked command in '/home/unitree/navigation_ws/build/nav_2d_utils' returned '0': AMENT_PREFIX_PATH=/home/unitree/navigation_ws/install/nav2_util:/home/unitree/navigation_ws/install/nav2_msgs:/home/unitree/navigation_ws/install/nav_2d_msgs:/home/unitree/navigation_ws/install/nav2_common:${AMENT_PREFIX_PATH} CMAKE_PREFIX_PATH=/home/unitree/navigation_ws/install/nav2_util:/home/unitree/navigation_ws/install/nav2_msgs:/home/unitree/navigation_ws/install/nav_2d_msgs:/home/unitree/navigation_ws/install/nav2_common:/home/unitree/cyclonedds_ws/install/rmw_cyclonedds_cpp:/home/unitree/cyclonedds_ws/install/cyclonedds:/opt/ros/foxy LD_LIBRARY_PATH=/home/unitree/navigation_ws/install/nav2_util/lib:/home/unitree/navigation_ws/install/nav2_msgs/lib:/home/unitree/navigation_ws/install/nav_2d_msgs/lib:/usr/local/cuda-11.4/lib64:/usr/local/lib:/home/unitree/cyclonedds_ws/install/rmw_cyclonedds_cpp/lib:/home/unitree/cyclonedds_ws/install/cyclonedds/lib:/opt/ros/foxy/opt/yaml_cpp_vendor/lib:/opt/ros/foxy/opt/rviz_ogre_vendor/lib:/opt/ros/foxy/lib/aarch64-linux-gnu:/opt/ros/foxy/lib:/usr/local/cuda-11.4/lib64 PYTHONPATH=/home/unitree/navigation_ws/install/nav2_msgs/lib/python3.8/site-packages:/home/unitree/navigation_ws/install/nav_2d_msgs/lib/python3.8/site-packages:/home/unitree/navigation_ws/install/nav2_common/lib/python3.8/site-packages:${PYTHONPATH} /usr/bin/cmake --install /home/unitree/navigation_ws/build/nav_2d_utils
