[0.153s] Invoking command in '/home/unitree/navigation_ws/build/linefit_ground_segmentation': CMAKE_PREFIX_PATH=${CMAKE_PREFIX_PATH}:/opt/ros/foxy /usr/bin/cmake /home/unitree/navigation_ws/src/reconstruction/linefit_ground_segmentation_ros2/linefit_ground_segmentation -DCMAKE_BUILD_TYPE=Release -DCMAKE_INSTALL_PREFIX=/home/unitree/navigation_ws/install/linefit_ground_segmentation
[0.304s] -- The C compiler identification is GNU 9.4.0
[0.439s] -- The CXX compiler identification is GNU 9.4.0
[0.449s] -- Check for working C compiler: /usr/bin/cc
[0.669s] -- Check for working C compiler: /usr/bin/cc -- works
[0.671s] -- Detecting C compiler ABI info
[0.913s] -- Detecting C compiler ABI info - done
[0.914s] -- Detecting C compile features
[0.914s] -- Detecting C compile features - done
[0.916s] -- Check for working CXX compiler: /usr/bin/c++
[1.138s] -- Check for working CXX compiler: /usr/bin/c++ -- works
[1.140s] -- Detecting CXX compiler ABI info
[1.345s] -- Detecting CXX compiler ABI info - done
[1.364s] -- Detecting CXX compile features
[1.367s] -- Detecting CXX compile features - done
[1.377s] -- Found ament_cmake_auto: 0.9.12 (/opt/ros/foxy/share/ament_cmake_auto/cmake)
[1.458s] -- Found PythonInterp: /usr/bin/python3 (found suitable version "3.8.10", minimum required is "3") 
[1.458s] -- Using PYTHON_EXECUTABLE: /usr/bin/python3
[1.957s] -- Checking for module 'eigen3'
[2.014s] --   Found eigen3, version 3.3.7
[2.134s] -- Found Eigen: /usr/include/eigen3 (Required is at least version "3.1") 
[2.135s] -- Eigen found (include: /usr/include/eigen3, version: 3.3.7)
[2.350s] -- Found Boost: /usr/include (found suitable version "1.71.0", minimum required is "1.55.0") found components: system filesystem date_time iostreams regex 
[2.365s] -- Checking for module 'libusb-1.0'
[2.424s] --   Found libusb-1.0, version 1.0.23
[2.586s] -- Found USB_10: /usr/lib/aarch64-linux-gnu/libusb-1.0.so  
[2.783s] -- Found OpenNI: /usr/lib/libOpenNI.so  
[2.784s] -- OpenNI found (include: /usr/include/ni, lib: /usr/lib/libOpenNI.so)
[3.015s] -- Found OpenNI2: /usr/lib/libOpenNI2.so  
[3.015s] -- OpenNI2 found (include: /usr/include/openni2, lib: /usr/lib/libOpenNI2.so)
[3.016s] ** WARNING ** io features related to pcap will be disabled
[3.016s] ** WARNING ** io features related to png will be disabled
[3.107s] -- The imported target "vtkParseOGLExt" references the file
[3.107s]    "/usr/bin/vtkParseOGLExt-7.1"
[3.107s] but this file does not exist.  Possible reasons include:
[3.108s] * The file was deleted, renamed, or moved to another location.
[3.108s] * An install or uninstall procedure did not complete successfully.
[3.108s] * The installation package was faulty and contained
[3.108s]    "/usr/lib/cmake/vtk-7.1/VTKTargets.cmake"
[3.108s] but not all the files it references.
[3.114s] 
[3.114s] -- The imported target "vtkRenderingPythonTkWidgets" references the file
[3.114s]    "/usr/lib/aarch64-linux-gnu/libvtkRenderingPythonTkWidgets.so"
[3.114s] but this file does not exist.  Possible reasons include:
[3.114s] * The file was deleted, renamed, or moved to another location.
[3.115s] * An install or uninstall procedure did not complete successfully.
[3.115s] * The installation package was faulty and contained
[3.115s]    "/usr/lib/cmake/vtk-7.1/VTKTargets.cmake"
[3.115s] but not all the files it references.
[3.115s] 
[3.115s] -- The imported target "vtk" references the file
[3.115s]    "/usr/bin/vtk"
[3.116s] but this file does not exist.  Possible reasons include:
[3.116s] * The file was deleted, renamed, or moved to another location.
[3.116s] * An install or uninstall procedure did not complete successfully.
[3.116s] * The installation package was faulty and contained
[3.116s]    "/usr/lib/cmake/vtk-7.1/VTKTargets.cmake"
[3.116s] but not all the files it references.
[3.116s] 
[3.116s] -- The imported target "pvtk" references the file
[3.116s]    "/usr/bin/pvtk"
[3.117s] but this file does not exist.  Possible reasons include:
[3.117s] * The file was deleted, renamed, or moved to another location.
[3.117s] * An install or uninstall procedure did not complete successfully.
[3.117s] * The installation package was faulty and contained
[3.117s]    "/usr/lib/cmake/vtk-7.1/VTKTargets.cmake"
[3.117s] but not all the files it references.
[3.118s] 
[3.143s] -- Found libusb-1.0: /usr/include  
[3.144s] ** WARNING ** io features related to libusb-1.0 will be disabled
[3.182s] -- Checking for module 'flann'
[3.240s] --   Found flann, version 1.9.1
[3.420s] -- Found FLANN: /usr/lib/aarch64-linux-gnu/libflann_cpp.so  
[3.460s] -- looking for PCL_COMMON
[3.463s] -- Found PCL_COMMON: /usr/lib/aarch64-linux-gnu/libpcl_common.so  
[3.463s] -- looking for PCL_OCTREE
[3.464s] -- Found PCL_OCTREE: /usr/lib/aarch64-linux-gnu/libpcl_octree.so  
[3.465s] -- looking for PCL_IO
[3.467s] -- Found PCL_IO: /usr/lib/aarch64-linux-gnu/libpcl_io.so  
[3.467s] -- looking for PCL_KDTREE
[3.470s] -- Found PCL_KDTREE: /usr/lib/aarch64-linux-gnu/libpcl_kdtree.so  
[3.472s] -- looking for PCL_SEARCH
[3.473s] -- Found PCL_SEARCH: /usr/lib/aarch64-linux-gnu/libpcl_search.so  
[3.474s] -- looking for PCL_SAMPLE_CONSENSUS
[3.478s] -- Found PCL_SAMPLE_CONSENSUS: /usr/lib/aarch64-linux-gnu/libpcl_sample_consensus.so  
[3.478s] -- looking for PCL_FILTERS
[3.480s] -- Found PCL_FILTERS: /usr/lib/aarch64-linux-gnu/libpcl_filters.so  
[3.481s] -- looking for PCL_GEOMETRY
[3.481s] -- Found PCL_GEOMETRY: /usr/include/pcl-1.10  
[3.481s] -- looking for PCL_2D
[3.482s] -- Found PCL_2D: /usr/include/pcl-1.10  
[3.482s] -- looking for PCL_FEATURES
[3.484s] -- Found PCL_FEATURES: /usr/lib/aarch64-linux-gnu/libpcl_features.so  
[3.484s] -- looking for PCL_ML
[3.486s] -- Found PCL_ML: /usr/lib/aarch64-linux-gnu/libpcl_ml.so  
[3.486s] -- looking for PCL_SEGMENTATION
[3.488s] -- Found PCL_SEGMENTATION: /usr/lib/aarch64-linux-gnu/libpcl_segmentation.so  
[3.491s] -- Found PCL: pcl_common;pcl_octree;pcl_io;pcl_kdtree;pcl_search;pcl_sample_consensus;pcl_filters;pcl_features;pcl_ml;pcl_segmentation;/usr/lib/aarch64-linux-gnu/libboost_system.so;/usr/lib/aarch64-linux-gnu/libboost_filesystem.so;/usr/lib/aarch64-linux-gnu/libboost_date_time.so;/usr/lib/aarch64-linux-gnu/libboost_iostreams.so;/usr/lib/aarch64-linux-gnu/libboost_regex.so;/usr/lib/libOpenNI.so;/usr/lib/libOpenNI2.so;vtkChartsCore;vtkCommonColor;vtkCommonCore;vtksys;vtkCommonDataModel;vtkCommonMath;vtkCommonMisc;vtkCommonSystem;vtkCommonTransforms;vtkCommonExecutionModel;vtkFiltersGeneral;vtkCommonComputationalGeometry;vtkFiltersCore;vtkInfovisCore;vtkFiltersExtraction;vtkFiltersStatistics;vtkImagingFourier;vtkImagingCore;vtkalglib;vtkRenderingContext2D;vtkRenderingCore;vtkFiltersGeometry;vtkFiltersSources;vtkRenderingFreeType;/usr/lib/aarch64-linux-gnu/libfreetype.so;/usr/lib/aarch64-linux-gnu/libz.so;vtkFiltersModeling;vtkImagingSources;vtkInteractionStyle;vtkInteractionWidgets;vtkFiltersHybrid;vtkImagingColor;vtkImagingGeneral;vtkImagingHybrid;vtkIOImage;vtkDICOMParser;vtkmetaio;/usr/lib/aarch64-linux-gnu/libjpeg.so;/usr/lib/aarch64-linux-gnu/libpng.so;/usr/lib/aarch64-linux-gnu/libtiff.so;vtkRenderingAnnotation;vtkRenderingVolume;vtkIOXML;vtkIOCore;vtkIOXMLParser;/usr/lib/aarch64-linux-gnu/libexpat.so;vtkIOGeometry;vtkIOLegacy;vtkIOPLY;vtkRenderingLOD;vtkViewsContext2D;vtkViewsCore;vtkRenderingContextOpenGL2;vtkRenderingOpenGL2;FLANN::FLANN  
[3.792s] -- Using all available rosidl_typesupport_c: rosidl_typesupport_fastrtps_c;rosidl_typesupport_introspection_c
[3.818s] -- Found rosidl_adapter: 1.3.1 (/opt/ros/foxy/share/rosidl_adapter/cmake)
[4.404s] -- Found OpenSSL: /usr/lib/aarch64-linux-gnu/libcrypto.so (found version "1.1.1f")  
[4.535s] -- Found FastRTPS: /opt/ros/foxy/include  
[4.836s] -- Using all available rosidl_typesupport_cpp: rosidl_typesupport_fastrtps_cpp;rosidl_typesupport_introspection_cpp
[5.929s] -- Found rmw_implementation_cmake: 1.0.4 (/opt/ros/foxy/share/rmw_implementation_cmake/cmake)
[5.934s] -- Using RMW implementation 'rmw_cyclonedds_cpp' as default
[5.936s] -- Looking for pthread.h
[6.966s] -- Looking for pthread.h - found
[6.967s] -- Performing Test CMAKE_HAVE_LIBC_PTHREAD
[7.744s] -- Performing Test CMAKE_HAVE_LIBC_PTHREAD - Failed
[7.744s] -- Looking for pthread_create in pthreads
[8.429s] -- Looking for pthread_create in pthreads - not found
[8.429s] -- Looking for pthread_create in pthread
[9.320s] -- Looking for pthread_create in pthread - found
[9.331s] -- Found Threads: TRUE  
[10.873s] -- Configuring done
[11.197s] -- Generating done
[11.241s] -- Build files have been written to: /home/unitree/navigation_ws/build/linefit_ground_segmentation
[11.396s] Invoked command in '/home/unitree/navigation_ws/build/linefit_ground_segmentation' returned '0': CMAKE_PREFIX_PATH=${CMAKE_PREFIX_PATH}:/opt/ros/foxy /usr/bin/cmake /home/unitree/navigation_ws/src/reconstruction/linefit_ground_segmentation_ros2/linefit_ground_segmentation -DCMAKE_BUILD_TYPE=Release -DCMAKE_INSTALL_PREFIX=/home/unitree/navigation_ws/install/linefit_ground_segmentation
[11.399s] Invoking command in '/home/unitree/navigation_ws/build/linefit_ground_segmentation': CMAKE_PREFIX_PATH=${CMAKE_PREFIX_PATH}:/opt/ros/foxy /usr/bin/cmake --build /home/unitree/navigation_ws/build/linefit_ground_segmentation -- -j8 -l8
[19.505s] [35m[1mScanning dependencies of target linefit_ground_segmentation[0m
[19.516s] [ 20%] [32mBuilding CXX object CMakeFiles/linefit_ground_segmentation.dir/src/bin.cc.o[0m
[19.517s] [ 40%] [32mBuilding CXX object CMakeFiles/linefit_ground_segmentation.dir/src/segment.cc.o[0m
[19.517s] [ 60%] [32mBuilding CXX object CMakeFiles/linefit_ground_segmentation.dir/src/ground_segmentation.cc.o[0m
[19.517s] [ 80%] [32mBuilding CXX object CMakeFiles/linefit_ground_segmentation.dir/src/viewer.cc.o[0m
[45.458s] [100%] [32m[1mLinking CXX shared library liblinefit_ground_segmentation.so[0m
[46.421s] [100%] Built target linefit_ground_segmentation
[46.473s] Invoked command in '/home/unitree/navigation_ws/build/linefit_ground_segmentation' returned '0': CMAKE_PREFIX_PATH=${CMAKE_PREFIX_PATH}:/opt/ros/foxy /usr/bin/cmake --build /home/unitree/navigation_ws/build/linefit_ground_segmentation -- -j8 -l8
[46.598s] Invoking command in '/home/unitree/navigation_ws/build/linefit_ground_segmentation': CMAKE_PREFIX_PATH=${CMAKE_PREFIX_PATH}:/opt/ros/foxy /usr/bin/cmake --install /home/unitree/navigation_ws/build/linefit_ground_segmentation
[46.629s] -- Install configuration: "Release"
[46.629s] -- Up-to-date: /home/unitree/navigation_ws/install/linefit_ground_segmentation/include
[46.629s] -- Up-to-date: /home/unitree/navigation_ws/install/linefit_ground_segmentation/include/ground_segmentation
[46.631s] -- Installing: /home/unitree/navigation_ws/install/linefit_ground_segmentation/share/linefit_ground_segmentation/package.dsv
[46.641s] Invoked command in '/home/unitree/navigation_ws/build/linefit_ground_segmentation' returned '0': CMAKE_PREFIX_PATH=${CMAKE_PREFIX_PATH}:/opt/ros/foxy /usr/bin/cmake --install /home/unitree/navigation_ws/build/linefit_ground_segmentation
