[0.032s] Invoking command in '/home/unitree/navigation_ws/build/fast_lio': AMENT_PREFIX_PATH=/home/unitree/navigation_ws/install/livox_ros_driver2:${AMENT_PREFIX_PATH} CMAKE_PREFIX_PATH=/home/unitree/navigation_ws/install/livox_ros_driver2:/home/unitree/cyclonedds_ws/install/rmw_cyclonedds_cpp:/home/unitree/cyclonedds_ws/install/cyclonedds:/opt/ros/foxy LD_LIBRARY_PATH=/home/unitree/navigation_ws/install/livox_ros_driver2/lib:/usr/local/cuda-11.4/lib64:/usr/local/lib:/home/unitree/cyclonedds_ws/install/rmw_cyclonedds_cpp/lib:/home/unitree/cyclonedds_ws/install/cyclonedds/lib:/opt/ros/foxy/opt/yaml_cpp_vendor/lib:/opt/ros/foxy/opt/rviz_ogre_vendor/lib:/opt/ros/foxy/lib/aarch64-linux-gnu:/opt/ros/foxy/lib:/usr/local/cuda-11.4/lib64 PYTHONPATH=/home/unitree/navigation_ws/install/livox_ros_driver2/lib/python3.8/site-packages:${PYTHONPATH} /usr/bin/cmake /home/unitree/navigation_ws/src/localization/FAST_LIO -DAMENT_CMAKE_SYMLINK_INSTALL=1 -DCMAKE_INSTALL_PREFIX=/home/unitree/navigation_ws/install/fast_lio
[0.131s] -- The C compiler identification is GNU 9.4.0
[0.229s] -- The CXX compiler identification is GNU 9.4.0
[0.237s] -- Check for working C compiler: /usr/bin/cc
[0.376s] -- Check for working C compiler: /usr/bin/cc -- works
[0.378s] -- Detecting C compiler ABI info
[0.513s] -- Detecting C compiler ABI info - done
[0.528s] -- Detecting C compile features
[0.528s] -- Detecting C compile features - done
[0.533s] -- Check for working CXX compiler: /usr/bin/c++
[0.678s] -- Check for working CXX compiler: /usr/bin/c++ -- works
[0.680s] -- Detecting CXX compiler ABI info
[0.841s] -- Detecting CXX compiler ABI info - done
[0.844s] -- Detecting CXX compile features
[0.844s] -- Detecting CXX compile features - done
[0.846s] Current CPU archtecture: aarch64
[1.547s] -- Found PythonLibs: /usr/lib/aarch64-linux-gnu/libpython3.8.so (found version "3.8.10") 
[1.551s] -- Found ament_cmake: 0.9.12 (/opt/ros/foxy/share/ament_cmake/cmake)
[1.596s] -- Found PythonInterp: /usr/bin/python3 (found suitable version "3.8.10", minimum required is "3") 
[1.597s] -- Using PYTHON_EXECUTABLE: /usr/bin/python3
[1.927s] -- Override CMake install command with custom implementation using symlinks instead of copying resources
[1.974s] -- Found rclcpp: 2.4.3 (/opt/ros/foxy/share/rclcpp/cmake)
[2.047s] -- Using all available rosidl_typesupport_c: rosidl_typesupport_fastrtps_c;rosidl_typesupport_introspection_c
[2.060s] -- Found rosidl_adapter: 1.3.1 (/opt/ros/foxy/share/rosidl_adapter/cmake)
[2.237s] -- Found OpenSSL: /usr/lib/aarch64-linux-gnu/libcrypto.so (found version "1.1.1f")  
[2.286s] -- Found FastRTPS: /opt/ros/foxy/include  
[2.427s] -- Using all available rosidl_typesupport_cpp: rosidl_typesupport_fastrtps_cpp;rosidl_typesupport_introspection_cpp
[2.517s] -- Found rmw_implementation_cmake: 1.0.4 (/opt/ros/foxy/share/rmw_implementation_cmake/cmake)
[2.520s] -- Using RMW implementation 'rmw_cyclonedds_cpp' as default
[2.522s] -- Looking for pthread.h
[2.670s] -- Looking for pthread.h - found
[2.670s] -- Performing Test CMAKE_HAVE_LIBC_PTHREAD
[2.818s] -- Performing Test CMAKE_HAVE_LIBC_PTHREAD - Success
[2.820s] -- Found Threads: TRUE  
[3.052s] -- Found rclcpp_components: 2.4.3 (/opt/ros/foxy/share/rclcpp_components/cmake)
[3.142s] -- Found geometry_msgs: 2.0.5 (/opt/ros/foxy/share/geometry_msgs/cmake)
[3.192s] -- Found nav_msgs: 2.0.5 (/opt/ros/foxy/share/nav_msgs/cmake)
[3.296s] -- Found sensor_msgs: 2.0.5 (/opt/ros/foxy/share/sensor_msgs/cmake)
[3.398s] -- Found std_srvs: 2.0.5 (/opt/ros/foxy/share/std_srvs/cmake)
[3.417s] -- Found visualization_msgs: 2.0.5 (/opt/ros/foxy/share/visualization_msgs/cmake)
[3.522s] -- Found pcl_ros: 2.2.1 (/opt/ros/foxy/share/pcl_ros/cmake)
[3.919s] -- Found eigen3_cmake_module: 0.1.1 (/opt/ros/foxy/share/eigen3_cmake_module/cmake)
[3.924s] -- Found Eigen3: TRUE (found version "3.3.7") 
[4.430s] -- Checking for module 'eigen3'
[4.462s] --   Found eigen3, version 3.3.7
[4.544s] -- Found Eigen: /usr/include/eigen3 (Required is at least version "3.1") 
[4.544s] -- Eigen found (include: /usr/include/eigen3, version: 3.3.7)
[4.642s] -- Checking for module 'flann'
[4.677s] --   Found flann, version 1.9.1
[4.770s] -- Found FLANN: /usr/lib/aarch64-linux-gnu/libflann_cpp.so  
[4.854s] -- The imported target "vtkParseOGLExt" references the file
[4.855s]    "/usr/bin/vtkParseOGLExt-7.1"
[4.855s] but this file does not exist.  Possible reasons include:
[4.855s] * The file was deleted, renamed, or moved to another location.
[4.855s] * An install or uninstall procedure did not complete successfully.
[4.855s] * The installation package was faulty and contained
[4.855s]    "/usr/lib/cmake/vtk-7.1/VTKTargets.cmake"
[4.855s] but not all the files it references.
[4.855s] 
[4.856s] -- The imported target "vtkRenderingPythonTkWidgets" references the file
[4.856s]    "/usr/lib/aarch64-linux-gnu/libvtkRenderingPythonTkWidgets.so"
[4.856s] but this file does not exist.  Possible reasons include:
[4.856s] * The file was deleted, renamed, or moved to another location.
[4.856s] * An install or uninstall procedure did not complete successfully.
[4.856s] * The installation package was faulty and contained
[4.856s]    "/usr/lib/cmake/vtk-7.1/VTKTargets.cmake"
[4.857s] but not all the files it references.
[4.857s] 
[4.857s] -- The imported target "vtk" references the file
[4.857s]    "/usr/bin/vtk"
[4.857s] but this file does not exist.  Possible reasons include:
[4.857s] * The file was deleted, renamed, or moved to another location.
[4.857s] * An install or uninstall procedure did not complete successfully.
[4.858s] * The installation package was faulty and contained
[4.858s]    "/usr/lib/cmake/vtk-7.1/VTKTargets.cmake"
[4.858s] but not all the files it references.
[4.858s] 
[4.858s] -- The imported target "pvtk" references the file
[4.858s]    "/usr/bin/pvtk"
[4.858s] but this file does not exist.  Possible reasons include:
[4.858s] * The file was deleted, renamed, or moved to another location.
[4.858s] * An install or uninstall procedure did not complete successfully.
[4.858s] * The installation package was faulty and contained
[4.858s]    "/usr/lib/cmake/vtk-7.1/VTKTargets.cmake"
[4.859s] but not all the files it references.
[4.859s] 
[4.891s] -- Checking for module 'libusb-1.0'
[4.930s] --   Found libusb-1.0, version 1.0.23
[5.023s] -- Found USB_10: /usr/lib/aarch64-linux-gnu/libusb-1.0.so  
[5.141s] -- OpenNI found (include: /usr/include/ni, lib: /usr/lib/libOpenNI.so)
[5.272s] -- OpenNI2 found (include: /usr/include/openni2, lib: /usr/lib/libOpenNI2.so)
[5.294s] -- Found libusb-1.0: /usr/include  
[5.307s] -- OpenNI found (include: /usr/include/ni, lib: /usr/lib/libOpenNI.so)
[5.322s] -- OpenNI2 found (include: /usr/include/openni2, lib: /usr/lib/libOpenNI2.so)
[5.379s] -- Found Qhull: optimized;/usr/lib/aarch64-linux-gnu/libqhull.so;debug;/usr/lib/aarch64-linux-gnu/libqhull.so  
[5.379s] -- QHULL found (include: /usr/include, lib: optimized;/usr/lib/aarch64-linux-gnu/libqhull.so;debug;/usr/lib/aarch64-linux-gnu/libqhull.so)
[5.392s] -- OpenNI found (include: /usr/include/ni, lib: /usr/lib/libOpenNI.so)
[5.414s] -- Found PCL_COMMON: /usr/lib/aarch64-linux-gnu/libpcl_common.so  
[5.417s] -- Found PCL_KDTREE: /usr/lib/aarch64-linux-gnu/libpcl_kdtree.so  
[5.420s] -- Found PCL_OCTREE: /usr/lib/aarch64-linux-gnu/libpcl_octree.so  
[5.423s] -- Found PCL_SEARCH: /usr/lib/aarch64-linux-gnu/libpcl_search.so  
[5.426s] -- Found PCL_SAMPLE_CONSENSUS: /usr/lib/aarch64-linux-gnu/libpcl_sample_consensus.so  
[5.428s] -- Found PCL_FILTERS: /usr/lib/aarch64-linux-gnu/libpcl_filters.so  
[5.429s] -- Found PCL_2D: /usr/include/pcl-1.10  
[5.429s] -- Found PCL_GEOMETRY: /usr/include/pcl-1.10  
[5.432s] -- Found PCL_IO: /usr/lib/aarch64-linux-gnu/libpcl_io.so  
[5.434s] -- Found PCL_FEATURES: /usr/lib/aarch64-linux-gnu/libpcl_features.so  
[5.436s] -- Found PCL_ML: /usr/lib/aarch64-linux-gnu/libpcl_ml.so  
[5.438s] -- Found PCL_SEGMENTATION: /usr/lib/aarch64-linux-gnu/libpcl_segmentation.so  
[5.440s] -- Found PCL_VISUALIZATION: /usr/lib/aarch64-linux-gnu/libpcl_visualization.so  
[5.442s] -- Found PCL_SURFACE: /usr/lib/aarch64-linux-gnu/libpcl_surface.so  
[5.445s] -- Found PCL_REGISTRATION: /usr/lib/aarch64-linux-gnu/libpcl_registration.so  
[5.447s] -- Found PCL_KEYPOINTS: /usr/lib/aarch64-linux-gnu/libpcl_keypoints.so  
[5.449s] -- Found PCL_TRACKING: /usr/lib/aarch64-linux-gnu/libpcl_tracking.so  
[5.451s] -- Found PCL_RECOGNITION: /usr/lib/aarch64-linux-gnu/libpcl_recognition.so  
[5.454s] -- Found PCL_STEREO: /usr/lib/aarch64-linux-gnu/libpcl_stereo.so  
[5.456s] -- Found PCL_APPS: /usr/lib/aarch64-linux-gnu/libpcl_apps.so  
[5.457s] -- Found PCL_IN_HAND_SCANNER: /usr/include/pcl-1.10  
[5.458s] -- Found PCL_POINT_CLOUD_EDITOR: /usr/include/pcl-1.10  
[5.461s] -- Found PCL_OUTOFCORE: /usr/lib/aarch64-linux-gnu/libpcl_outofcore.so  
[5.463s] -- Found PCL_PEOPLE: /usr/lib/aarch64-linux-gnu/libpcl_people.so  
[5.796s] -- Found livox_ros_driver2: 1.0.0 (/home/unitree/navigation_ws/install/livox_ros_driver2/share/livox_ros_driver2/cmake)
[5.974s] -- Found rosidl_default_generators: 1.0.1 (/opt/ros/foxy/share/rosidl_default_generators/cmake)
[5.995s] CMake Warning (dev) at CMakeLists.txt:81 (find_package):
[5.995s]   Policy CMP0074 is not set: find_package uses <PackageName>_ROOT variables.
[5.995s]   Run "cmake --help-policy CMP0074" for policy details.  Use the cmake_policy
[5.995s]   command to set the policy and suppress this warning.
[5.995s] 
[5.995s]   CMake variable PCL_ROOT is set to:
[5.995s] 
[5.995s]     /usr
[5.995s] 
[5.996s]   For compatibility, CMake is ignoring the variable.
[5.996s] This warning is for project developers.  Use -Wno-dev to suppress it.
[5.996s] 
[6.006s] Eigen:/usr/include/eigen3
[6.006s] -- PCL: /usr/include/pcl-1.10
[6.047s] -- Found PythonInterp: /usr/bin/python3 (found version "3.8.10") 
[6.275s] -- Found ament_cmake_ros: 0.9.2 (/opt/ros/foxy/share/ament_cmake_ros/cmake)
[6.459s] -- Using all available rosidl_typesupport_c: rosidl_typesupport_fastrtps_c;rosidl_typesupport_introspection_c
[6.473s] -- Using all available rosidl_typesupport_cpp: rosidl_typesupport_fastrtps_cpp;rosidl_typesupport_introspection_cpp
[6.520s] -- Found PythonInterp: /usr/bin/python3 (found suitable version "3.8.10", minimum required is "3.5") 
[6.523s] -- Found python_cmake_module: 0.8.1 (/opt/ros/foxy/share/python_cmake_module/cmake)
[6.569s] -- Found PythonLibs: /usr/lib/aarch64-linux-gnu/libpython3.8.so (found suitable version "3.8.10", minimum required is "3.5") 
[6.569s] -- Using PYTHON_EXECUTABLE: /usr/bin/python3
[6.569s] -- Using PYTHON_INCLUDE_DIRS: /usr/include/python3.8
[6.569s] -- Using PYTHON_LIBRARIES: /usr/lib/aarch64-linux-gnu/libpython3.8.so
[6.610s] -- Found PythonExtra: .so  
[6.788s] -- Configuring done
[6.949s] -- Generating done
[6.956s] -- Build files have been written to: /home/unitree/navigation_ws/build/fast_lio
[7.008s] Invoked command in '/home/unitree/navigation_ws/build/fast_lio' returned '0': AMENT_PREFIX_PATH=/home/unitree/navigation_ws/install/livox_ros_driver2:${AMENT_PREFIX_PATH} CMAKE_PREFIX_PATH=/home/unitree/navigation_ws/install/livox_ros_driver2:/home/unitree/cyclonedds_ws/install/rmw_cyclonedds_cpp:/home/unitree/cyclonedds_ws/install/cyclonedds:/opt/ros/foxy LD_LIBRARY_PATH=/home/unitree/navigation_ws/install/livox_ros_driver2/lib:/usr/local/cuda-11.4/lib64:/usr/local/lib:/home/unitree/cyclonedds_ws/install/rmw_cyclonedds_cpp/lib:/home/unitree/cyclonedds_ws/install/cyclonedds/lib:/opt/ros/foxy/opt/yaml_cpp_vendor/lib:/opt/ros/foxy/opt/rviz_ogre_vendor/lib:/opt/ros/foxy/lib/aarch64-linux-gnu:/opt/ros/foxy/lib:/usr/local/cuda-11.4/lib64 PYTHONPATH=/home/unitree/navigation_ws/install/livox_ros_driver2/lib/python3.8/site-packages:${PYTHONPATH} /usr/bin/cmake /home/unitree/navigation_ws/src/localization/FAST_LIO -DAMENT_CMAKE_SYMLINK_INSTALL=1 -DCMAKE_INSTALL_PREFIX=/home/unitree/navigation_ws/install/fast_lio
[7.015s] Invoking command in '/home/unitree/navigation_ws/build/fast_lio': AMENT_PREFIX_PATH=/home/unitree/navigation_ws/install/livox_ros_driver2:${AMENT_PREFIX_PATH} CMAKE_PREFIX_PATH=/home/unitree/navigation_ws/install/livox_ros_driver2:/home/unitree/cyclonedds_ws/install/rmw_cyclonedds_cpp:/home/unitree/cyclonedds_ws/install/cyclonedds:/opt/ros/foxy LD_LIBRARY_PATH=/home/unitree/navigation_ws/install/livox_ros_driver2/lib:/usr/local/cuda-11.4/lib64:/usr/local/lib:/home/unitree/cyclonedds_ws/install/rmw_cyclonedds_cpp/lib:/home/unitree/cyclonedds_ws/install/cyclonedds/lib:/opt/ros/foxy/opt/yaml_cpp_vendor/lib:/opt/ros/foxy/opt/rviz_ogre_vendor/lib:/opt/ros/foxy/lib/aarch64-linux-gnu:/opt/ros/foxy/lib:/usr/local/cuda-11.4/lib64 PYTHONPATH=/home/unitree/navigation_ws/install/livox_ros_driver2/lib/python3.8/site-packages:${PYTHONPATH} /usr/bin/cmake --build /home/unitree/navigation_ws/build/fast_lio -- -j8 -l8
[7.106s] [35m[1mScanning dependencies of target fast_lio__cpp[0m
[7.134s] [  2%] [34m[1mGenerating C++ code for ROS interfaces[0m
[7.697s] [  2%] Built target fast_lio__cpp
[7.717s] [  5%] [34m[1mGenerating C code for ROS interfaces[0m
[8.280s] [35m[1mScanning dependencies of target fast_lio__rosidl_generator_c[0m
[8.305s] [  8%] [32mBuilding C object CMakeFiles/fast_lio__rosidl_generator_c.dir/rosidl_generator_c/fast_lio/msg/detail/pose6_d__functions.c.o[0m
[8.491s] [ 11%] [32m[1mLinking C shared library libfast_lio__rosidl_generator_c.so[0m
[8.556s] [ 11%] Built target fast_lio__rosidl_generator_c
[8.579s] [ 14%] [34m[1mGenerating C++ introspection for ROS interfaces[0m
[9.112s] [35m[1mScanning dependencies of target fast_lio__rosidl_typesupport_introspection_cpp[0m
[9.137s] [ 17%] [32mBuilding CXX object CMakeFiles/fast_lio__rosidl_typesupport_introspection_cpp.dir/rosidl_typesupport_introspection_cpp/fast_lio/msg/detail/pose6_d__type_support.cpp.o[0m
[9.734s] [ 20%] [32m[1mLinking CXX shared library libfast_lio__rosidl_typesupport_introspection_cpp.so[0m
[9.811s] [ 20%] Built target fast_lio__rosidl_typesupport_introspection_cpp
[9.836s] [ 22%] [34m[1mGenerating C introspection for ROS interfaces[0m
[10.408s] [35m[1mScanning dependencies of target fast_lio__rosidl_typesupport_introspection_c[0m
[10.437s] [ 25%] [32mBuilding C object CMakeFiles/fast_lio__rosidl_typesupport_introspection_c.dir/rosidl_typesupport_introspection_c/fast_lio/msg/detail/pose6_d__type_support.c.o[0m
[10.517s] [ 28%] [32m[1mLinking C shared library libfast_lio__rosidl_typesupport_introspection_c.so[0m
[10.576s] [ 28%] Built target fast_lio__rosidl_typesupport_introspection_c
[10.601s] [ 31%] [34m[1mGenerating C type support dispatch for ROS interfaces[0m
[11.074s] [35m[1mScanning dependencies of target fast_lio__rosidl_typesupport_c[0m
[11.101s] [ 34%] [32mBuilding CXX object CMakeFiles/fast_lio__rosidl_typesupport_c.dir/rosidl_typesupport_c/fast_lio/msg/pose6_d__type_support.cpp.o[0m
[11.169s] [ 37%] [32m[1mLinking CXX shared library libfast_lio__rosidl_typesupport_c.so[0m
[11.244s] [ 37%] Built target fast_lio__rosidl_typesupport_c
[11.266s] [ 40%] [34m[1mGenerating C++ type support for eProsima Fast-RTPS[0m
[11.757s] [35m[1mScanning dependencies of target fast_lio__rosidl_typesupport_fastrtps_cpp[0m
[11.788s] [ 42%] [32mBuilding CXX object CMakeFiles/fast_lio__rosidl_typesupport_fastrtps_cpp.dir/rosidl_typesupport_fastrtps_cpp/fast_lio/msg/detail/dds_fastrtps/pose6_d__type_support.cpp.o[0m
[12.636s] [ 45%] [32m[1mLinking CXX shared library libfast_lio__rosidl_typesupport_fastrtps_cpp.so[0m
[12.849s] [ 45%] Built target fast_lio__rosidl_typesupport_fastrtps_cpp
[12.875s] [ 48%] [34m[1mGenerating C++ type support dispatch for ROS interfaces[0m
[13.340s] [35m[1mScanning dependencies of target fast_lio__rosidl_typesupport_cpp[0m
[13.368s] [ 51%] [32mBuilding CXX object CMakeFiles/fast_lio__rosidl_typesupport_cpp.dir/rosidl_typesupport_cpp/fast_lio/msg/pose6_d__type_support.cpp.o[0m
[13.936s] [ 54%] [32m[1mLinking CXX shared library libfast_lio__rosidl_typesupport_cpp.so[0m
[14.009s] [ 54%] Built target fast_lio__rosidl_typesupport_cpp
[14.031s] [ 57%] [34m[1mGenerating C type support for eProsima Fast-RTPS[0m
[14.534s] [35m[1mScanning dependencies of target fast_lio__rosidl_typesupport_fastrtps_c[0m
[14.568s] [ 60%] [32mBuilding CXX object CMakeFiles/fast_lio__rosidl_typesupport_fastrtps_c.dir/rosidl_typesupport_fastrtps_c/fast_lio/msg/detail/pose6_d__type_support_c.cpp.o[0m
[15.295s] [ 62%] [32m[1mLinking CXX shared library libfast_lio__rosidl_typesupport_fastrtps_c.so[0m
[15.475s] [ 62%] Built target fast_lio__rosidl_typesupport_fastrtps_c
[15.500s] [35m[1mScanning dependencies of target fast_lio[0m
[15.524s] [ 62%] Built target fast_lio
[15.546s] [35m[1mScanning dependencies of target fastlio_mapping[0m
[15.759s] [ 65%] [32mBuilding CXX object CMakeFiles/fastlio_mapping.dir/src/laserMapping.cpp.o[0m
[34.385s] In file included from [01m[K/usr/include/boost/preprocessor/tuple/elem.hpp:23[m[K,
[34.385s]                  from [01m[K/usr/include/boost/preprocessor/arithmetic/add.hpp:21[m[K,
[34.385s]                  from [01m[K/usr/include/boost/mpl/aux_/preprocessor/def_params_tail.hpp:66[m[K,
[34.385s]                  from [01m[K/usr/include/boost/mpl/aux_/na_spec.hpp:28[m[K,
[34.385s]                  from [01m[K/usr/include/boost/mpl/not.hpp:20[m[K,
[34.385s]                  from [01m[K/usr/include/boost/mpl/assert.hpp:17[m[K,
[34.385s]                  from [01m[K/usr/include/pcl-1.10/pcl/point_traits.h:48[m[K,
[34.385s]                  from [01m[K/usr/include/pcl-1.10/pcl/register_point_struct.h:56[m[K,
[34.386s]                  from [01m[K/usr/include/pcl-1.10/pcl/point_types.h:44[m[K,
[34.386s]                  from [01m[K/home/unitree/navigation_ws/src/localization/FAST_LIO/include/common_lib.h:6[m[K,
[34.386s]                  from [01m[K/home/unitree/navigation_ws/src/localization/FAST_LIO/src/IMU_Processing.hpp:10[m[K,
[34.386s]                  from [01m[K/home/unitree/navigation_ws/src/localization/FAST_LIO/src/laserMapping.cpp:47[m[K:
[34.386s] [01m[K/home/unitree/navigation_ws/src/localization/FAST_LIO/src/preprocess.h:83:105:[m[K [01;35m[Kwarning: [m[K‘[01m[Kusing uint16_t = uint16_t[m[K’ is deprecated: use std::uint16_t instead of pcl::uint16_t [[01;35m[K-Wdeprecated-declarations[m[K]
[34.386s]    83 |                                                                           intensity)(float, time, time)([01;35m[Kuint16_t[m[K, ring,
[34.386s]       |                                                                                                         [01;35m[K^~~~~~~~[m[K
[34.386s] In file included from [01m[K/usr/include/pcl-1.10/pcl/point_types.h:42[m[K,
[34.387s]                  from [01m[K/home/unitree/navigation_ws/src/localization/FAST_LIO/include/common_lib.h:6[m[K,
[34.387s]                  from [01m[K/home/unitree/navigation_ws/src/localization/FAST_LIO/src/IMU_Processing.hpp:10[m[K,
[34.387s]                  from [01m[K/home/unitree/navigation_ws/src/localization/FAST_LIO/src/laserMapping.cpp:47[m[K:
[34.387s] [01m[K/usr/include/pcl-1.10/pcl/pcl_macros.h:94:9:[m[K [01;36m[Knote: [m[Kdeclared here
[34.387s]    94 |   using [01;36m[Kuint16_t[m[K [[deprecated("use std::uint16_t instead of pcl::uint16_t")]] = std::uint16_t;
[34.387s]       |         [01;36m[K^~~~~~~~[m[K
[34.425s] In file included from [01m[K/usr/include/boost/preprocessor/tuple/elem.hpp:23[m[K,
[34.425s]                  from [01m[K/usr/include/boost/preprocessor/arithmetic/add.hpp:21[m[K,
[34.426s]                  from [01m[K/usr/include/boost/mpl/aux_/preprocessor/def_params_tail.hpp:66[m[K,
[34.426s]                  from [01m[K/usr/include/boost/mpl/aux_/na_spec.hpp:28[m[K,
[34.426s]                  from [01m[K/usr/include/boost/mpl/not.hpp:20[m[K,
[34.426s]                  from [01m[K/usr/include/boost/mpl/assert.hpp:17[m[K,
[34.426s]                  from [01m[K/usr/include/pcl-1.10/pcl/point_traits.h:48[m[K,
[34.426s]                  from [01m[K/usr/include/pcl-1.10/pcl/register_point_struct.h:56[m[K,
[34.426s]                  from [01m[K/usr/include/pcl-1.10/pcl/point_types.h:44[m[K,
[34.426s]                  from [01m[K/home/unitree/navigation_ws/src/localization/FAST_LIO/include/common_lib.h:6[m[K,
[34.426s]                  from [01m[K/home/unitree/navigation_ws/src/localization/FAST_LIO/src/IMU_Processing.hpp:10[m[K,
[34.426s]                  from [01m[K/home/unitree/navigation_ws/src/localization/FAST_LIO/src/laserMapping.cpp:47[m[K:
[34.426s] [01m[K/home/unitree/navigation_ws/src/localization/FAST_LIO/src/preprocess.h:140:6:[m[K [01;35m[Kwarning: [m[K‘[01m[Kusing uint8_t = uint8_t[m[K’ is deprecated: use std::uint8_t instead of pcl::uint8_t [[01;35m[K-Wdeprecated-declarations[m[K]
[34.427s]   140 |     ([01;35m[Kuint8_t[m[K, tag, tag)
[34.427s]       |      [01;35m[K^~~~~~~[m[K
[34.427s] In file included from [01m[K/usr/include/pcl-1.10/pcl/point_types.h:42[m[K,
[34.427s]                  from [01m[K/home/unitree/navigation_ws/src/localization/FAST_LIO/include/common_lib.h:6[m[K,
[34.427s]                  from [01m[K/home/unitree/navigation_ws/src/localization/FAST_LIO/src/IMU_Processing.hpp:10[m[K,
[34.427s]                  from [01m[K/home/unitree/navigation_ws/src/localization/FAST_LIO/src/laserMapping.cpp:47[m[K:
[34.427s] [01m[K/usr/include/pcl-1.10/pcl/pcl_macros.h:92:9:[m[K [01;36m[Knote: [m[Kdeclared here
[34.427s]    92 |   using [01;36m[Kuint8_t[m[K [[deprecated("use std::uint8_t instead of pcl::uint8_t")]] = std::uint8_t;
[34.427s]       |         [01;36m[K^~~~~~~[m[K
[34.427s] In file included from [01m[K/usr/include/boost/preprocessor/tuple/elem.hpp:23[m[K,
[34.427s]                  from [01m[K/usr/include/boost/preprocessor/arithmetic/add.hpp:21[m[K,
[34.428s]                  from [01m[K/usr/include/boost/mpl/aux_/preprocessor/def_params_tail.hpp:66[m[K,
[34.428s]                  from [01m[K/usr/include/boost/mpl/aux_/na_spec.hpp:28[m[K,
[34.428s]                  from [01m[K/usr/include/boost/mpl/not.hpp:20[m[K,
[34.429s]                  from [01m[K/usr/include/boost/mpl/assert.hpp:17[m[K,
[34.429s]                  from [01m[K/usr/include/pcl-1.10/pcl/point_traits.h:48[m[K,
[34.429s]                  from [01m[K/usr/include/pcl-1.10/pcl/register_point_struct.h:56[m[K,
[34.429s]                  from [01m[K/usr/include/pcl-1.10/pcl/point_types.h:44[m[K,
[34.429s]                  from [01m[K/home/unitree/navigation_ws/src/localization/FAST_LIO/include/common_lib.h:6[m[K,
[34.429s]                  from [01m[K/home/unitree/navigation_ws/src/localization/FAST_LIO/src/IMU_Processing.hpp:10[m[K,
[34.429s]                  from [01m[K/home/unitree/navigation_ws/src/localization/FAST_LIO/src/laserMapping.cpp:47[m[K:
[34.429s] [01m[K/home/unitree/navigation_ws/src/localization/FAST_LIO/src/preprocess.h:141:6:[m[K [01;35m[Kwarning: [m[K‘[01m[Kusing uint8_t = uint8_t[m[K’ is deprecated: use std::uint8_t instead of pcl::uint8_t [[01;35m[K-Wdeprecated-declarations[m[K]
[34.429s]   141 |     ([01;35m[Kuint8_t[m[K, line, line)
[34.430s]       |      [01;35m[K^~~~~~~[m[K
[34.430s] In file included from [01m[K/usr/include/pcl-1.10/pcl/point_types.h:42[m[K,
[34.430s]                  from [01m[K/home/unitree/navigation_ws/src/localization/FAST_LIO/include/common_lib.h:6[m[K,
[34.430s]                  from [01m[K/home/unitree/navigation_ws/src/localization/FAST_LIO/src/IMU_Processing.hpp:10[m[K,
[34.430s]                  from [01m[K/home/unitree/navigation_ws/src/localization/FAST_LIO/src/laserMapping.cpp:47[m[K:
[34.430s] [01m[K/usr/include/pcl-1.10/pcl/pcl_macros.h:92:9:[m[K [01;36m[Knote: [m[Kdeclared here
[34.430s]    92 |   using [01;36m[Kuint8_t[m[K [[deprecated("use std::uint8_t instead of pcl::uint8_t")]] = std::uint8_t;
[34.430s]       |         [01;36m[K^~~~~~~[m[K
[34.442s] In file included from [01m[K/usr/include/boost/preprocessor/tuple/elem.hpp:23[m[K,
[34.442s]                  from [01m[K/usr/include/boost/preprocessor/arithmetic/add.hpp:21[m[K,
[34.442s]                  from [01m[K/usr/include/boost/mpl/aux_/preprocessor/def_params_tail.hpp:66[m[K,
[34.442s]                  from [01m[K/usr/include/boost/mpl/aux_/na_spec.hpp:28[m[K,
[34.443s]                  from [01m[K/usr/include/boost/mpl/not.hpp:20[m[K,
[34.443s]                  from [01m[K/usr/include/boost/mpl/assert.hpp:17[m[K,
[34.443s]                  from [01m[K/usr/include/pcl-1.10/pcl/point_traits.h:48[m[K,
[34.443s]                  from [01m[K/usr/include/pcl-1.10/pcl/register_point_struct.h:56[m[K,
[34.443s]                  from [01m[K/usr/include/pcl-1.10/pcl/point_types.h:44[m[K,
[34.443s]                  from [01m[K/home/unitree/navigation_ws/src/localization/FAST_LIO/include/common_lib.h:6[m[K,
[34.443s]                  from [01m[K/home/unitree/navigation_ws/src/localization/FAST_LIO/src/IMU_Processing.hpp:10[m[K,
[34.443s]                  from [01m[K/home/unitree/navigation_ws/src/localization/FAST_LIO/src/laserMapping.cpp:47[m[K:
[34.443s] [01m[K/home/unitree/navigation_ws/src/localization/FAST_LIO/src/preprocess.h:149:6:[m[K [01;35m[Kwarning: [m[K‘[01m[Kusing uint8_t = uint8_t[m[K’ is deprecated: use std::uint8_t instead of pcl::uint8_t [[01;35m[K-Wdeprecated-declarations[m[K]
[34.443s]   149 |     ([01;35m[Kuint8_t[m[K, tag, tag)
[34.444s]       |      [01;35m[K^~~~~~~[m[K
[34.444s] In file included from [01m[K/usr/include/pcl-1.10/pcl/point_types.h:42[m[K,
[34.444s]                  from [01m[K/home/unitree/navigation_ws/src/localization/FAST_LIO/include/common_lib.h:6[m[K,
[34.444s]                  from [01m[K/home/unitree/navigation_ws/src/localization/FAST_LIO/src/IMU_Processing.hpp:10[m[K,
[34.444s]                  from [01m[K/home/unitree/navigation_ws/src/localization/FAST_LIO/src/laserMapping.cpp:47[m[K:
[34.444s] [01m[K/usr/include/pcl-1.10/pcl/pcl_macros.h:92:9:[m[K [01;36m[Knote: [m[Kdeclared here
[34.444s]    92 |   using [01;36m[Kuint8_t[m[K [[deprecated("use std::uint8_t instead of pcl::uint8_t")]] = std::uint8_t;
[34.444s]       |         [01;36m[K^~~~~~~[m[K
[34.444s] In file included from [01m[K/usr/include/boost/preprocessor/tuple/elem.hpp:23[m[K,
[34.445s]                  from [01m[K/usr/include/boost/preprocessor/arithmetic/add.hpp:21[m[K,
[34.445s]                  from [01m[K/usr/include/boost/mpl/aux_/preprocessor/def_params_tail.hpp:66[m[K,
[34.445s]                  from [01m[K/usr/include/boost/mpl/aux_/na_spec.hpp:28[m[K,
[34.445s]                  from [01m[K/usr/include/boost/mpl/not.hpp:20[m[K,
[34.445s]                  from [01m[K/usr/include/boost/mpl/assert.hpp:17[m[K,
[34.445s]                  from [01m[K/usr/include/pcl-1.10/pcl/point_traits.h:48[m[K,
[34.445s]                  from [01m[K/usr/include/pcl-1.10/pcl/register_point_struct.h:56[m[K,
[34.445s]                  from [01m[K/usr/include/pcl-1.10/pcl/point_types.h:44[m[K,
[34.445s]                  from [01m[K/home/unitree/navigation_ws/src/localization/FAST_LIO/include/common_lib.h:6[m[K,
[34.445s]                  from [01m[K/home/unitree/navigation_ws/src/localization/FAST_LIO/src/IMU_Processing.hpp:10[m[K,
[34.445s]                  from [01m[K/home/unitree/navigation_ws/src/localization/FAST_LIO/src/laserMapping.cpp:47[m[K:
[34.445s] [01m[K/home/unitree/navigation_ws/src/localization/FAST_LIO/src/preprocess.h:150:6:[m[K [01;35m[Kwarning: [m[K‘[01m[Kusing uint8_t = uint8_t[m[K’ is deprecated: use std::uint8_t instead of pcl::uint8_t [[01;35m[K-Wdeprecated-declarations[m[K]
[34.446s]   150 |     ([01;35m[Kuint8_t[m[K, line, line)
[34.446s]       |      [01;35m[K^~~~~~~[m[K
[34.446s] In file included from [01m[K/usr/include/pcl-1.10/pcl/point_types.h:42[m[K,
[34.446s]                  from [01m[K/home/unitree/navigation_ws/src/localization/FAST_LIO/include/common_lib.h:6[m[K,
[34.446s]                  from [01m[K/home/unitree/navigation_ws/src/localization/FAST_LIO/src/IMU_Processing.hpp:10[m[K,
[34.446s]                  from [01m[K/home/unitree/navigation_ws/src/localization/FAST_LIO/src/laserMapping.cpp:47[m[K:
[34.446s] [01m[K/usr/include/pcl-1.10/pcl/pcl_macros.h:92:9:[m[K [01;36m[Knote: [m[Kdeclared here
[34.446s]    92 |   using [01;36m[Kuint8_t[m[K [[deprecated("use std::uint8_t instead of pcl::uint8_t")]] = std::uint8_t;
[34.446s]       |         [01;36m[K^~~~~~~[m[K
[164.852s] [ 68%] [32mBuilding CXX object CMakeFiles/fastlio_mapping.dir/src/preprocess.cpp.o[0m
[174.510s] In file included from [01m[K/usr/include/boost/preprocessor/tuple/elem.hpp:23[m[K,
[174.510s]                  from [01m[K/usr/include/boost/preprocessor/arithmetic/add.hpp:21[m[K,
[174.510s]                  from [01m[K/usr/include/boost/mpl/aux_/preprocessor/def_params_tail.hpp:66[m[K,
[174.510s]                  from [01m[K/usr/include/boost/mpl/aux_/na_spec.hpp:28[m[K,
[174.510s]                  from [01m[K/usr/include/boost/mpl/not.hpp:20[m[K,
[174.511s]                  from [01m[K/usr/include/boost/mpl/assert.hpp:17[m[K,
[174.511s]                  from [01m[K/usr/include/pcl-1.10/pcl/point_traits.h:48[m[K,
[174.511s]                  from [01m[K/usr/include/pcl-1.10/pcl/point_cloud.h:50[m[K,
[174.511s]                  from [01m[K/usr/include/pcl-1.10/pcl/conversions.h:49[m[K,
[174.511s]                  from [01m[K/opt/ros/foxy/include/pcl_conversions/pcl_conversions.h:46[m[K,
[174.511s]                  from [01m[K/home/unitree/navigation_ws/src/localization/FAST_LIO/src/preprocess.h:3[m[K,
[174.511s]                  from [01m[K/home/unitree/navigation_ws/src/localization/FAST_LIO/src/preprocess.cpp:1[m[K:
[174.511s] [01m[K/home/unitree/navigation_ws/src/localization/FAST_LIO/src/preprocess.h:83:105:[m[K [01;35m[Kwarning: [m[K‘[01m[Kusing uint16_t = uint16_t[m[K’ is deprecated: use std::uint16_t instead of pcl::uint16_t [[01;35m[K-Wdeprecated-declarations[m[K]
[174.511s]    83 |                                                                           intensity)(float, time, time)([01;35m[Kuint16_t[m[K, ring,
[174.511s]       |                                                                                                         [01;35m[K^~~~~~~~[m[K
[174.512s] In file included from [01m[K/usr/include/pcl-1.10/pcl/PCLPointField.h:10[m[K,
[174.512s]                  from [01m[K/usr/include/pcl-1.10/pcl/conversions.h:46[m[K,
[174.512s]                  from [01m[K/opt/ros/foxy/include/pcl_conversions/pcl_conversions.h:46[m[K,
[174.512s]                  from [01m[K/home/unitree/navigation_ws/src/localization/FAST_LIO/src/preprocess.h:3[m[K,
[174.512s]                  from [01m[K/home/unitree/navigation_ws/src/localization/FAST_LIO/src/preprocess.cpp:1[m[K:
[174.512s] [01m[K/usr/include/pcl-1.10/pcl/pcl_macros.h:94:9:[m[K [01;36m[Knote: [m[Kdeclared here
[174.512s]    94 |   using [01;36m[Kuint16_t[m[K [[deprecated("use std::uint16_t instead of pcl::uint16_t")]] = std::uint16_t;
[174.512s]       |         [01;36m[K^~~~~~~~[m[K
[174.537s] In file included from [01m[K/usr/include/boost/preprocessor/tuple/elem.hpp:23[m[K,
[174.537s]                  from [01m[K/usr/include/boost/preprocessor/arithmetic/add.hpp:21[m[K,
[174.538s]                  from [01m[K/usr/include/boost/mpl/aux_/preprocessor/def_params_tail.hpp:66[m[K,
[174.538s]                  from [01m[K/usr/include/boost/mpl/aux_/na_spec.hpp:28[m[K,
[174.538s]                  from [01m[K/usr/include/boost/mpl/not.hpp:20[m[K,
[174.538s]                  from [01m[K/usr/include/boost/mpl/assert.hpp:17[m[K,
[174.538s]                  from [01m[K/usr/include/pcl-1.10/pcl/point_traits.h:48[m[K,
[174.538s]                  from [01m[K/usr/include/pcl-1.10/pcl/point_cloud.h:50[m[K,
[174.538s]                  from [01m[K/usr/include/pcl-1.10/pcl/conversions.h:49[m[K,
[174.538s]                  from [01m[K/opt/ros/foxy/include/pcl_conversions/pcl_conversions.h:46[m[K,
[174.538s]                  from [01m[K/home/unitree/navigation_ws/src/localization/FAST_LIO/src/preprocess.h:3[m[K,
[174.538s]                  from [01m[K/home/unitree/navigation_ws/src/localization/FAST_LIO/src/preprocess.cpp:1[m[K:
[174.538s] [01m[K/home/unitree/navigation_ws/src/localization/FAST_LIO/src/preprocess.h:140:6:[m[K [01;35m[Kwarning: [m[K‘[01m[Kusing uint8_t = uint8_t[m[K’ is deprecated: use std::uint8_t instead of pcl::uint8_t [[01;35m[K-Wdeprecated-declarations[m[K]
[174.539s]   140 |     ([01;35m[Kuint8_t[m[K, tag, tag)
[174.539s]       |      [01;35m[K^~~~~~~[m[K
[174.539s] In file included from [01m[K/usr/include/pcl-1.10/pcl/PCLPointField.h:10[m[K,
[174.539s]                  from [01m[K/usr/include/pcl-1.10/pcl/conversions.h:46[m[K,
[174.539s]                  from [01m[K/opt/ros/foxy/include/pcl_conversions/pcl_conversions.h:46[m[K,
[174.539s]                  from [01m[K/home/unitree/navigation_ws/src/localization/FAST_LIO/src/preprocess.h:3[m[K,
[174.539s]                  from [01m[K/home/unitree/navigation_ws/src/localization/FAST_LIO/src/preprocess.cpp:1[m[K:
[174.540s] [01m[K/usr/include/pcl-1.10/pcl/pcl_macros.h:92:9:[m[K [01;36m[Knote: [m[Kdeclared here
[174.540s]    92 |   using [01;36m[Kuint8_t[m[K [[deprecated("use std::uint8_t instead of pcl::uint8_t")]] = std::uint8_t;
[174.540s]       |         [01;36m[K^~~~~~~[m[K
[174.540s] In file included from [01m[K/usr/include/boost/preprocessor/tuple/elem.hpp:23[m[K,
[174.540s]                  from [01m[K/usr/include/boost/preprocessor/arithmetic/add.hpp:21[m[K,
[174.540s]                  from [01m[K/usr/include/boost/mpl/aux_/preprocessor/def_params_tail.hpp:66[m[K,
[174.540s]                  from [01m[K/usr/include/boost/mpl/aux_/na_spec.hpp:28[m[K,
[174.540s]                  from [01m[K/usr/include/boost/mpl/not.hpp:20[m[K,
[174.540s]                  from [01m[K/usr/include/boost/mpl/assert.hpp:17[m[K,
[174.540s]                  from [01m[K/usr/include/pcl-1.10/pcl/point_traits.h:48[m[K,
[174.541s]                  from [01m[K/usr/include/pcl-1.10/pcl/point_cloud.h:50[m[K,
[174.541s]                  from [01m[K/usr/include/pcl-1.10/pcl/conversions.h:49[m[K,
[174.541s]                  from [01m[K/opt/ros/foxy/include/pcl_conversions/pcl_conversions.h:46[m[K,
[174.541s]                  from [01m[K/home/unitree/navigation_ws/src/localization/FAST_LIO/src/preprocess.h:3[m[K,
[174.541s]                  from [01m[K/home/unitree/navigation_ws/src/localization/FAST_LIO/src/preprocess.cpp:1[m[K:
[174.541s] [01m[K/home/unitree/navigation_ws/src/localization/FAST_LIO/src/preprocess.h:141:6:[m[K [01;35m[Kwarning: [m[K‘[01m[Kusing uint8_t = uint8_t[m[K’ is deprecated: use std::uint8_t instead of pcl::uint8_t [[01;35m[K-Wdeprecated-declarations[m[K]
[174.541s]   141 |     ([01;35m[Kuint8_t[m[K, line, line)
[174.541s]       |      [01;35m[K^~~~~~~[m[K
[174.541s] In file included from [01m[K/usr/include/pcl-1.10/pcl/PCLPointField.h:10[m[K,
[174.541s]                  from [01m[K/usr/include/pcl-1.10/pcl/conversions.h:46[m[K,
[174.541s]                  from [01m[K/opt/ros/foxy/include/pcl_conversions/pcl_conversions.h:46[m[K,
[174.542s]                  from [01m[K/home/unitree/navigation_ws/src/localization/FAST_LIO/src/preprocess.h:3[m[K,
[174.542s]                  from [01m[K/home/unitree/navigation_ws/src/localization/FAST_LIO/src/preprocess.cpp:1[m[K:
[174.542s] [01m[K/usr/include/pcl-1.10/pcl/pcl_macros.h:92:9:[m[K [01;36m[Knote: [m[Kdeclared here
[174.542s]    92 |   using [01;36m[Kuint8_t[m[K [[deprecated("use std::uint8_t instead of pcl::uint8_t")]] = std::uint8_t;
[174.542s]       |         [01;36m[K^~~~~~~[m[K
[174.548s] In file included from [01m[K/usr/include/boost/preprocessor/tuple/elem.hpp:23[m[K,
[174.548s]                  from [01m[K/usr/include/boost/preprocessor/arithmetic/add.hpp:21[m[K,
[174.548s]                  from [01m[K/usr/include/boost/mpl/aux_/preprocessor/def_params_tail.hpp:66[m[K,
[174.548s]                  from [01m[K/usr/include/boost/mpl/aux_/na_spec.hpp:28[m[K,
[174.548s]                  from [01m[K/usr/include/boost/mpl/not.hpp:20[m[K,
[174.548s]                  from [01m[K/usr/include/boost/mpl/assert.hpp:17[m[K,
[174.549s]                  from [01m[K/usr/include/pcl-1.10/pcl/point_traits.h:48[m[K,
[174.549s]                  from [01m[K/usr/include/pcl-1.10/pcl/point_cloud.h:50[m[K,
[174.549s]                  from [01m[K/usr/include/pcl-1.10/pcl/conversions.h:49[m[K,
[174.549s]                  from [01m[K/opt/ros/foxy/include/pcl_conversions/pcl_conversions.h:46[m[K,
[174.549s]                  from [01m[K/home/unitree/navigation_ws/src/localization/FAST_LIO/src/preprocess.h:3[m[K,
[174.549s]                  from [01m[K/home/unitree/navigation_ws/src/localization/FAST_LIO/src/preprocess.cpp:1[m[K:
[174.549s] [01m[K/home/unitree/navigation_ws/src/localization/FAST_LIO/src/preprocess.h:149:6:[m[K [01;35m[Kwarning: [m[K‘[01m[Kusing uint8_t = uint8_t[m[K’ is deprecated: use std::uint8_t instead of pcl::uint8_t [[01;35m[K-Wdeprecated-declarations[m[K]
[174.549s]   149 |     ([01;35m[Kuint8_t[m[K, tag, tag)
[174.549s]       |      [01;35m[K^~~~~~~[m[K
[174.549s] In file included from [01m[K/usr/include/pcl-1.10/pcl/PCLPointField.h:10[m[K,
[174.549s]                  from [01m[K/usr/include/pcl-1.10/pcl/conversions.h:46[m[K,
[174.549s]                  from [01m[K/opt/ros/foxy/include/pcl_conversions/pcl_conversions.h:46[m[K,
[174.550s]                  from [01m[K/home/unitree/navigation_ws/src/localization/FAST_LIO/src/preprocess.h:3[m[K,
[174.550s]                  from [01m[K/home/unitree/navigation_ws/src/localization/FAST_LIO/src/preprocess.cpp:1[m[K:
[174.550s] [01m[K/usr/include/pcl-1.10/pcl/pcl_macros.h:92:9:[m[K [01;36m[Knote: [m[Kdeclared here
[174.550s]    92 |   using [01;36m[Kuint8_t[m[K [[deprecated("use std::uint8_t instead of pcl::uint8_t")]] = std::uint8_t;
[174.550s]       |         [01;36m[K^~~~~~~[m[K
[174.550s] In file included from [01m[K/usr/include/boost/preprocessor/tuple/elem.hpp:23[m[K,
[174.550s]                  from [01m[K/usr/include/boost/preprocessor/arithmetic/add.hpp:21[m[K,
[174.550s]                  from [01m[K/usr/include/boost/mpl/aux_/preprocessor/def_params_tail.hpp:66[m[K,
[174.550s]                  from [01m[K/usr/include/boost/mpl/aux_/na_spec.hpp:28[m[K,
[174.550s]                  from [01m[K/usr/include/boost/mpl/not.hpp:20[m[K,
[174.550s]                  from [01m[K/usr/include/boost/mpl/assert.hpp:17[m[K,
[174.551s]                  from [01m[K/usr/include/pcl-1.10/pcl/point_traits.h:48[m[K,
[174.551s]                  from [01m[K/usr/include/pcl-1.10/pcl/point_cloud.h:50[m[K,
[174.551s]                  from [01m[K/usr/include/pcl-1.10/pcl/conversions.h:49[m[K,
[174.551s]                  from [01m[K/opt/ros/foxy/include/pcl_conversions/pcl_conversions.h:46[m[K,
[174.551s]                  from [01m[K/home/unitree/navigation_ws/src/localization/FAST_LIO/src/preprocess.h:3[m[K,
[174.551s]                  from [01m[K/home/unitree/navigation_ws/src/localization/FAST_LIO/src/preprocess.cpp:1[m[K:
[174.551s] [01m[K/home/unitree/navigation_ws/src/localization/FAST_LIO/src/preprocess.h:150:6:[m[K [01;35m[Kwarning: [m[K‘[01m[Kusing uint8_t = uint8_t[m[K’ is deprecated: use std::uint8_t instead of pcl::uint8_t [[01;35m[K-Wdeprecated-declarations[m[K]
[174.551s]   150 |     ([01;35m[Kuint8_t[m[K, line, line)
[174.551s]       |      [01;35m[K^~~~~~~[m[K
[174.551s] In file included from [01m[K/usr/include/pcl-1.10/pcl/PCLPointField.h:10[m[K,
[174.551s]                  from [01m[K/usr/include/pcl-1.10/pcl/conversions.h:46[m[K,
[174.551s]                  from [01m[K/opt/ros/foxy/include/pcl_conversions/pcl_conversions.h:46[m[K,
[174.552s]                  from [01m[K/home/unitree/navigation_ws/src/localization/FAST_LIO/src/preprocess.h:3[m[K,
[174.552s]                  from [01m[K/home/unitree/navigation_ws/src/localization/FAST_LIO/src/preprocess.cpp:1[m[K:
[174.552s] [01m[K/usr/include/pcl-1.10/pcl/pcl_macros.h:92:9:[m[K [01;36m[Knote: [m[Kdeclared here
[174.552s]    92 |   using [01;36m[Kuint8_t[m[K [[deprecated("use std::uint8_t instead of pcl::uint8_t")]] = std::uint8_t;
[174.552s]       |         [01;36m[K^~~~~~~[m[K
[181.312s] [ 71%] [32mBuilding CXX object CMakeFiles/fastlio_mapping.dir/include/ikd-Tree/ikd_Tree.cpp.o[0m
[192.250s] [ 74%] [32m[1mLinking CXX executable fastlio_mapping[0m
[197.249s] [ 74%] Built target fastlio_mapping
[197.329s] [35m[1mScanning dependencies of target fast_lio__py[0m
[197.398s] [ 77%] [34m[1mGenerating Python code for ROS interfaces[0m
[199.343s] [ 77%] Built target fast_lio__py
[199.366s] [35m[1mScanning dependencies of target fast_lio__python[0m
[199.431s] [ 80%] [32mBuilding C object CMakeFiles/fast_lio__python.dir/rosidl_generator_py/fast_lio/msg/_pose6_d_s.c.o[0m
[200.115s] [ 82%] [32m[1mLinking C shared library rosidl_generator_py/fast_lio/libfast_lio__python.so[0m
[200.279s] [ 82%] Built target fast_lio__python
[200.362s] [35m[1mScanning dependencies of target fast_lio__rosidl_typesupport_c__pyext[0m
[200.509s] [ 85%] [32mBuilding C object CMakeFiles/fast_lio__rosidl_typesupport_c__pyext.dir/rosidl_generator_py/fast_lio/_fast_lio_s.ep.rosidl_typesupport_c.c.o[0m
[200.838s] [ 88%] [32m[1mLinking C shared library rosidl_generator_py/fast_lio/fast_lio_s__rosidl_typesupport_c.cpython-38-aarch64-linux-gnu.so[0m
[201.101s] [ 88%] Built target fast_lio__rosidl_typesupport_c__pyext
[201.196s] [35m[1mScanning dependencies of target fast_lio__rosidl_typesupport_fastrtps_c__pyext[0m
[201.310s] [ 91%] [32mBuilding C object CMakeFiles/fast_lio__rosidl_typesupport_fastrtps_c__pyext.dir/rosidl_generator_py/fast_lio/_fast_lio_s.ep.rosidl_typesupport_fastrtps_c.c.o[0m
[201.546s] [ 94%] [32m[1mLinking CXX shared library rosidl_generator_py/fast_lio/fast_lio_s__rosidl_typesupport_fastrtps_c.cpython-38-aarch64-linux-gnu.so[0m
[201.773s] [ 94%] Built target fast_lio__rosidl_typesupport_fastrtps_c__pyext
[201.809s] [35m[1mScanning dependencies of target fast_lio__rosidl_typesupport_introspection_c__pyext[0m
[201.880s] [ 97%] [32mBuilding C object CMakeFiles/fast_lio__rosidl_typesupport_introspection_c__pyext.dir/rosidl_generator_py/fast_lio/_fast_lio_s.ep.rosidl_typesupport_introspection_c.c.o[0m
[202.185s] [100%] [32m[1mLinking C shared library rosidl_generator_py/fast_lio/fast_lio_s__rosidl_typesupport_introspection_c.cpython-38-aarch64-linux-gnu.so[0m
[202.337s] [100%] Built target fast_lio__rosidl_typesupport_introspection_c__pyext
[202.390s] Invoked command in '/home/unitree/navigation_ws/build/fast_lio' returned '0': AMENT_PREFIX_PATH=/home/unitree/navigation_ws/install/livox_ros_driver2:${AMENT_PREFIX_PATH} CMAKE_PREFIX_PATH=/home/unitree/navigation_ws/install/livox_ros_driver2:/home/unitree/cyclonedds_ws/install/rmw_cyclonedds_cpp:/home/unitree/cyclonedds_ws/install/cyclonedds:/opt/ros/foxy LD_LIBRARY_PATH=/home/unitree/navigation_ws/install/livox_ros_driver2/lib:/usr/local/cuda-11.4/lib64:/usr/local/lib:/home/unitree/cyclonedds_ws/install/rmw_cyclonedds_cpp/lib:/home/unitree/cyclonedds_ws/install/cyclonedds/lib:/opt/ros/foxy/opt/yaml_cpp_vendor/lib:/opt/ros/foxy/opt/rviz_ogre_vendor/lib:/opt/ros/foxy/lib/aarch64-linux-gnu:/opt/ros/foxy/lib:/usr/local/cuda-11.4/lib64 PYTHONPATH=/home/unitree/navigation_ws/install/livox_ros_driver2/lib/python3.8/site-packages:${PYTHONPATH} /usr/bin/cmake --build /home/unitree/navigation_ws/build/fast_lio -- -j8 -l8
[202.572s] Invoking command in '/home/unitree/navigation_ws/build/fast_lio': AMENT_PREFIX_PATH=/home/unitree/navigation_ws/install/livox_ros_driver2:${AMENT_PREFIX_PATH} CMAKE_PREFIX_PATH=/home/unitree/navigation_ws/install/livox_ros_driver2:/home/unitree/cyclonedds_ws/install/rmw_cyclonedds_cpp:/home/unitree/cyclonedds_ws/install/cyclonedds:/opt/ros/foxy LD_LIBRARY_PATH=/home/unitree/navigation_ws/install/livox_ros_driver2/lib:/usr/local/cuda-11.4/lib64:/usr/local/lib:/home/unitree/cyclonedds_ws/install/rmw_cyclonedds_cpp/lib:/home/unitree/cyclonedds_ws/install/cyclonedds/lib:/opt/ros/foxy/opt/yaml_cpp_vendor/lib:/opt/ros/foxy/opt/rviz_ogre_vendor/lib:/opt/ros/foxy/lib/aarch64-linux-gnu:/opt/ros/foxy/lib:/usr/local/cuda-11.4/lib64 PYTHONPATH=/home/unitree/navigation_ws/install/livox_ros_driver2/lib/python3.8/site-packages:${PYTHONPATH} /usr/bin/cmake --install /home/unitree/navigation_ws/build/fast_lio
[203.396s] -- Install configuration: "Release"
[203.398s] -- Execute custom install script
[203.398s] -- Symlinking: /home/unitree/navigation_ws/install/fast_lio/share/ament_index/resource_index/rosidl_interfaces/fast_lio
[203.398s] -- Symlinking: /home/unitree/navigation_ws/install/fast_lio/include/fast_lio/msg/detail/pose6_d__functions.h
[203.398s] -- Symlinking: /home/unitree/navigation_ws/install/fast_lio/include/fast_lio/msg/detail/pose6_d__struct.h
[203.399s] -- Symlinking: /home/unitree/navigation_ws/install/fast_lio/include/fast_lio/msg/detail/pose6_d__type_support.h
[203.399s] -- Symlinking: /home/unitree/navigation_ws/install/fast_lio/include/fast_lio/msg/pose6_d.h
[203.399s] -- Symlinking: /home/unitree/navigation_ws/install/fast_lio/include/fast_lio/msg/rosidl_generator_c__visibility_control.h
[203.399s] -- Symlinking: /home/unitree/navigation_ws/install/fast_lio/share/fast_lio/environment/library_path.sh
[203.399s] -- Symlinking: /home/unitree/navigation_ws/install/fast_lio/share/fast_lio/environment/library_path.dsv
[203.399s] -- Symlinking: /home/unitree/navigation_ws/install/fast_lio/include/fast_lio/msg/detail/pose6_d__rosidl_typesupport_fastrtps_c.h
[203.399s] -- Symlinking: /home/unitree/navigation_ws/install/fast_lio/include/fast_lio/msg/rosidl_typesupport_fastrtps_c__visibility_control.h
[203.399s] -- Symlinking: /home/unitree/navigation_ws/install/fast_lio/lib/libfast_lio__rosidl_typesupport_fastrtps_c.so
[203.399s] -- Symlinking: /home/unitree/navigation_ws/install/fast_lio/include/fast_lio/msg/detail/pose6_d__rosidl_typesupport_fastrtps_cpp.hpp
[203.399s] -- Symlinking: /home/unitree/navigation_ws/install/fast_lio/include/fast_lio/msg/rosidl_typesupport_fastrtps_cpp__visibility_control.h
[203.400s] -- Symlinking: /home/unitree/navigation_ws/install/fast_lio/lib/libfast_lio__rosidl_typesupport_fastrtps_cpp.so
[203.400s] -- Symlinking: /home/unitree/navigation_ws/install/fast_lio/include/fast_lio/msg/detail/pose6_d__rosidl_typesupport_introspection_c.h
[203.400s] -- Symlinking: /home/unitree/navigation_ws/install/fast_lio/include/fast_lio/msg/rosidl_typesupport_introspection_c__visibility_control.h
[203.400s] -- Symlinking: /home/unitree/navigation_ws/install/fast_lio/include/fast_lio/msg/detail/pose6_d__builder.hpp
[203.400s] -- Symlinking: /home/unitree/navigation_ws/install/fast_lio/include/fast_lio/msg/detail/pose6_d__struct.hpp
[203.400s] -- Symlinking: /home/unitree/navigation_ws/install/fast_lio/include/fast_lio/msg/detail/pose6_d__traits.hpp
[203.400s] -- Symlinking: /home/unitree/navigation_ws/install/fast_lio/include/fast_lio/msg/detail/pose6_d__type_support.hpp
[203.400s] -- Symlinking: /home/unitree/navigation_ws/install/fast_lio/include/fast_lio/msg/pose6_d.hpp
[203.400s] -- Symlinking: /home/unitree/navigation_ws/install/fast_lio/include/fast_lio/msg/rosidl_generator_cpp__visibility_control.hpp
[203.401s] -- Symlinking: /home/unitree/navigation_ws/install/fast_lio/include/fast_lio/msg/detail/pose6_d__rosidl_typesupport_introspection_cpp.hpp
[203.401s] -- Symlinking: /home/unitree/navigation_ws/install/fast_lio/share/fast_lio/environment/pythonpath.sh
[203.401s] -- Symlinking: /home/unitree/navigation_ws/install/fast_lio/share/fast_lio/environment/pythonpath.dsv
[203.401s] -- Symlinking: /home/unitree/navigation_ws/install/fast_lio/lib/python3.8/site-packages/fast_lio/__init__.py
[203.401s] -- Symlinking: /home/unitree/navigation_ws/install/fast_lio/lib/python3.8/site-packages/fast_lio/msg/__init__.py
[203.401s] -- Symlinking: /home/unitree/navigation_ws/install/fast_lio/lib/python3.8/site-packages/fast_lio/msg/_pose6_d.py
[203.416s] -- Symlinking: /home/unitree/navigation_ws/install/fast_lio/lib/python3.8/site-packages/fast_lio/fast_lio_s__rosidl_typesupport_fastrtps_c.cpython-38-aarch64-linux-gnu.so
[203.434s] -- Symlinking: /home/unitree/navigation_ws/install/fast_lio/lib/python3.8/site-packages/fast_lio/fast_lio_s__rosidl_typesupport_introspection_c.cpython-38-aarch64-linux-gnu.so
[203.463s] -- Symlinking: /home/unitree/navigation_ws/install/fast_lio/lib/python3.8/site-packages/fast_lio/fast_lio_s__rosidl_typesupport_c.cpython-38-aarch64-linux-gnu.so
[203.507s] -- Symlinking: /home/unitree/navigation_ws/install/fast_lio/lib/libfast_lio__python.so
[203.536s] -- Symlinking: /home/unitree/navigation_ws/install/fast_lio/share/fast_lio/msg/Pose6D.idl
[203.567s] -- Symlinking: /home/unitree/navigation_ws/install/fast_lio/share/fast_lio/msg/Pose6D.msg
[203.605s] -- Symlinking: /home/unitree/navigation_ws/install/fast_lio/lib/fast_lio/fastlio_mapping
[203.627s] -- Symlinking: /home/unitree/navigation_ws/install/fast_lio/share/fast_lio/config/avia.yaml
[203.647s] -- Symlinking: /home/unitree/navigation_ws/install/fast_lio/share/fast_lio/config/horizon.yaml
[203.674s] -- Symlinking: /home/unitree/navigation_ws/install/fast_lio/share/fast_lio/config/mid360.yaml
[203.704s] -- Symlinking: /home/unitree/navigation_ws/install/fast_lio/share/fast_lio/config/ouster64.yaml
[203.730s] -- Symlinking: /home/unitree/navigation_ws/install/fast_lio/share/fast_lio/config/velodyne.yaml
[203.766s] -- Symlinking: /home/unitree/navigation_ws/install/fast_lio/share/fast_lio/launch/gdb_debug_example.launch
[203.797s] -- Symlinking: /home/unitree/navigation_ws/install/fast_lio/share/fast_lio/launch/mapping.launch.py
[203.829s] -- Symlinking: /home/unitree/navigation_ws/install/fast_lio/share/fast_lio/rviz/fastlio.rviz
[203.857s] -- Symlinking: /home/unitree/navigation_ws/install/fast_lio/share/ament_index/resource_index/package_run_dependencies/fast_lio
[203.893s] -- Symlinking: /home/unitree/navigation_ws/install/fast_lio/share/ament_index/resource_index/parent_prefix_path/fast_lio
[203.924s] -- Symlinking: /home/unitree/navigation_ws/install/fast_lio/share/fast_lio/environment/ament_prefix_path.sh
[203.957s] -- Symlinking: /home/unitree/navigation_ws/install/fast_lio/share/fast_lio/environment/ament_prefix_path.dsv
[203.988s] -- Symlinking: /home/unitree/navigation_ws/install/fast_lio/share/fast_lio/environment/path.sh
[204.021s] -- Symlinking: /home/unitree/navigation_ws/install/fast_lio/share/fast_lio/environment/path.dsv
[204.053s] -- Symlinking: /home/unitree/navigation_ws/install/fast_lio/share/fast_lio/local_setup.bash
[204.088s] -- Symlinking: /home/unitree/navigation_ws/install/fast_lio/share/fast_lio/local_setup.sh
[204.122s] -- Symlinking: /home/unitree/navigation_ws/install/fast_lio/share/fast_lio/local_setup.zsh
[204.155s] -- Symlinking: /home/unitree/navigation_ws/install/fast_lio/share/fast_lio/local_setup.dsv
[204.187s] -- Symlinking: /home/unitree/navigation_ws/install/fast_lio/share/fast_lio/package.dsv
[204.218s] -- Symlinking: /home/unitree/navigation_ws/install/fast_lio/share/ament_index/resource_index/packages/fast_lio
[204.248s] -- Symlinking: /home/unitree/navigation_ws/install/fast_lio/share/fast_lio/cmake/rosidl_cmake-extras.cmake
[204.283s] -- Symlinking: /home/unitree/navigation_ws/install/fast_lio/share/fast_lio/cmake/ament_cmake_export_dependencies-extras.cmake
[204.315s] -- Symlinking: /home/unitree/navigation_ws/install/fast_lio/share/fast_lio/cmake/ament_cmake_export_libraries-extras.cmake
[204.347s] -- Symlinking: /home/unitree/navigation_ws/install/fast_lio/share/fast_lio/cmake/ament_cmake_export_targets-extras.cmake
[204.382s] -- Symlinking: /home/unitree/navigation_ws/install/fast_lio/share/fast_lio/cmake/ament_cmake_export_include_directories-extras.cmake
[204.415s] -- Symlinking: /home/unitree/navigation_ws/install/fast_lio/share/fast_lio/cmake/rosidl_cmake_export_typesupport_libraries-extras.cmake
[204.447s] -- Symlinking: /home/unitree/navigation_ws/install/fast_lio/share/fast_lio/cmake/rosidl_cmake_export_typesupport_targets-extras.cmake
[204.478s] -- Symlinking: /home/unitree/navigation_ws/install/fast_lio/share/fast_lio/cmake/fast_lioConfig.cmake
[204.507s] -- Symlinking: /home/unitree/navigation_ws/install/fast_lio/share/fast_lio/cmake/fast_lioConfig-version.cmake
[204.541s] -- Symlinking: /home/unitree/navigation_ws/install/fast_lio/share/fast_lio/package.xml
[204.574s] -- Installing: /home/unitree/navigation_ws/install/fast_lio/lib/libfast_lio__rosidl_generator_c.so
[204.576s] -- Set runtime path of "/home/unitree/navigation_ws/install/fast_lio/lib/libfast_lio__rosidl_generator_c.so" to ""
[204.576s] -- Installing: /home/unitree/navigation_ws/install/fast_lio/lib/libfast_lio__rosidl_typesupport_introspection_c.so
[204.577s] -- Set runtime path of "/home/unitree/navigation_ws/install/fast_lio/lib/libfast_lio__rosidl_typesupport_introspection_c.so" to ""
[204.577s] -- Installing: /home/unitree/navigation_ws/install/fast_lio/lib/libfast_lio__rosidl_typesupport_c.so
[204.578s] -- Set runtime path of "/home/unitree/navigation_ws/install/fast_lio/lib/libfast_lio__rosidl_typesupport_c.so" to ""
[204.578s] -- Installing: /home/unitree/navigation_ws/install/fast_lio/lib/libfast_lio__rosidl_typesupport_introspection_cpp.so
[204.578s] -- Set runtime path of "/home/unitree/navigation_ws/install/fast_lio/lib/libfast_lio__rosidl_typesupport_introspection_cpp.so" to ""
[204.579s] -- Installing: /home/unitree/navigation_ws/install/fast_lio/lib/libfast_lio__rosidl_typesupport_cpp.so
[204.579s] -- Set runtime path of "/home/unitree/navigation_ws/install/fast_lio/lib/libfast_lio__rosidl_typesupport_cpp.so" to ""
[204.673s] Compiling '/home/unitree/navigation_ws/install/fast_lio/lib/python3.8/site-packages/fast_lio/__init__.py'...
[204.690s] -- Installing: /home/unitree/navigation_ws/install/fast_lio/share/fast_lio/cmake/fast_lio__rosidl_generator_cExport.cmake
[204.693s] -- Installing: /home/unitree/navigation_ws/install/fast_lio/share/fast_lio/cmake/fast_lio__rosidl_generator_cExport-release.cmake
[204.693s] -- Installing: /home/unitree/navigation_ws/install/fast_lio/share/fast_lio/cmake/fast_lio__rosidl_typesupport_introspection_cExport.cmake
[204.693s] -- Installing: /home/unitree/navigation_ws/install/fast_lio/share/fast_lio/cmake/fast_lio__rosidl_typesupport_introspection_cExport-release.cmake
[204.693s] -- Installing: /home/unitree/navigation_ws/install/fast_lio/share/fast_lio/cmake/fast_lio__rosidl_typesupport_cExport.cmake
[204.699s] -- Installing: /home/unitree/navigation_ws/install/fast_lio/share/fast_lio/cmake/fast_lio__rosidl_typesupport_cExport-release.cmake
[204.699s] -- Installing: /home/unitree/navigation_ws/install/fast_lio/share/fast_lio/cmake/fast_lio__rosidl_generator_cppExport.cmake
[204.699s] -- Installing: /home/unitree/navigation_ws/install/fast_lio/share/fast_lio/cmake/fast_lio__rosidl_typesupport_introspection_cppExport.cmake
[204.699s] -- Installing: /home/unitree/navigation_ws/install/fast_lio/share/fast_lio/cmake/fast_lio__rosidl_typesupport_introspection_cppExport-release.cmake
[204.699s] -- Installing: /home/unitree/navigation_ws/install/fast_lio/share/fast_lio/cmake/fast_lio__rosidl_typesupport_cppExport.cmake
[204.699s] -- Installing: /home/unitree/navigation_ws/install/fast_lio/share/fast_lio/cmake/fast_lio__rosidl_typesupport_cppExport-release.cmake
[204.713s] Invoked command in '/home/unitree/navigation_ws/build/fast_lio' returned '0': AMENT_PREFIX_PATH=/home/unitree/navigation_ws/install/livox_ros_driver2:${AMENT_PREFIX_PATH} CMAKE_PREFIX_PATH=/home/unitree/navigation_ws/install/livox_ros_driver2:/home/unitree/cyclonedds_ws/install/rmw_cyclonedds_cpp:/home/unitree/cyclonedds_ws/install/cyclonedds:/opt/ros/foxy LD_LIBRARY_PATH=/home/unitree/navigation_ws/install/livox_ros_driver2/lib:/usr/local/cuda-11.4/lib64:/usr/local/lib:/home/unitree/cyclonedds_ws/install/rmw_cyclonedds_cpp/lib:/home/unitree/cyclonedds_ws/install/cyclonedds/lib:/opt/ros/foxy/opt/yaml_cpp_vendor/lib:/opt/ros/foxy/opt/rviz_ogre_vendor/lib:/opt/ros/foxy/lib/aarch64-linux-gnu:/opt/ros/foxy/lib:/usr/local/cuda-11.4/lib64 PYTHONPATH=/home/unitree/navigation_ws/install/livox_ros_driver2/lib/python3.8/site-packages:${PYTHONPATH} /usr/bin/cmake --install /home/unitree/navigation_ws/build/fast_lio
