Performing C SOURCE FILE Test CMAKE_HAVE_LIBC_PTHREAD failed with the following output:
Change Dir: /home/unitree/navigation_ws/build/behaviortree_cpp/CMakeFiles/CMakeTmp

Run Build Command(s):/usr/bin/make cmTC_0d9d1/fast && /usr/bin/make -f CMakeFiles/cmTC_0d9d1.dir/build.make CMakeFiles/cmTC_0d9d1.dir/build
make[1]: Entering directory '/home/unitree/navigation_ws/build/behaviortree_cpp/CMakeFiles/CMakeTmp'
Building C object CMakeFiles/cmTC_0d9d1.dir/src.c.o
/usr/bin/cc   -DCMAKE_HAVE_LIBC_PTHREAD   -o CMakeFiles/cmTC_0d9d1.dir/src.c.o   -c /home/unitree/navigation_ws/build/behaviortree_cpp/CMakeFiles/CMakeTmp/src.c
Linking C executable cmTC_0d9d1
/usr/bin/cmake -E cmake_link_script CMakeFiles/cmTC_0d9d1.dir/link.txt --verbose=1
/usr/bin/cc  -DCMAKE_HAVE_LIBC_PTHREAD    CMakeFiles/cmTC_0d9d1.dir/src.c.o  -o cmTC_0d9d1 
/usr/bin/ld: CMakeFiles/cmTC_0d9d1.dir/src.c.o: in function `main':
src.c:(.text+0x48): undefined reference to `pthread_create'
/usr/bin/ld: src.c:(.text+0x50): undefined reference to `pthread_detach'
/usr/bin/ld: src.c:(.text+0x5c): undefined reference to `pthread_join'
collect2: error: ld returned 1 exit status
make[1]: *** [CMakeFiles/cmTC_0d9d1.dir/build.make:87: cmTC_0d9d1] Error 1
make[1]: Leaving directory '/home/unitree/navigation_ws/build/behaviortree_cpp/CMakeFiles/CMakeTmp'
make: *** [Makefile:121: cmTC_0d9d1/fast] Error 2


Source file was:
#include <pthread.h>

void* test_func(void* data)
{
  return data;
}

int main(void)
{
  pthread_t thread;
  pthread_create(&thread, NULL, test_func, NULL);
  pthread_detach(thread);
  pthread_join(thread, NULL);
  pthread_atfork(NULL, NULL, NULL);
  pthread_exit(NULL);

  return 0;
}

Determining if the function pthread_create exists in the pthreads failed with the following output:
Change Dir: /home/unitree/navigation_ws/build/behaviortree_cpp/CMakeFiles/CMakeTmp

Run Build Command(s):/usr/bin/make cmTC_08d34/fast && /usr/bin/make -f CMakeFiles/cmTC_08d34.dir/build.make CMakeFiles/cmTC_08d34.dir/build
make[1]: Entering directory '/home/unitree/navigation_ws/build/behaviortree_cpp/CMakeFiles/CMakeTmp'
Building C object CMakeFiles/cmTC_08d34.dir/CheckFunctionExists.c.o
/usr/bin/cc   -DCHECK_FUNCTION_EXISTS=pthread_create   -o CMakeFiles/cmTC_08d34.dir/CheckFunctionExists.c.o   -c /usr/share/cmake-3.16/Modules/CheckFunctionExists.c
Linking C executable cmTC_08d34
/usr/bin/cmake -E cmake_link_script CMakeFiles/cmTC_08d34.dir/link.txt --verbose=1
/usr/bin/cc  -DCHECK_FUNCTION_EXISTS=pthread_create    CMakeFiles/cmTC_08d34.dir/CheckFunctionExists.c.o  -o cmTC_08d34  -lpthreads 
/usr/bin/ld: cannot find -lpthreads
collect2: error: ld returned 1 exit status
make[1]: *** [CMakeFiles/cmTC_08d34.dir/build.make:87: cmTC_08d34] Error 1
make[1]: Leaving directory '/home/unitree/navigation_ws/build/behaviortree_cpp/CMakeFiles/CMakeTmp'
make: *** [Makefile:121: cmTC_08d34/fast] Error 2



Performing C SOURCE FILE Test CMAKE_HAVE_LIBC_PTHREAD failed with the following output:
Change Dir: /home/unitree/navigation_ws/build/behaviortree_cpp/CMakeFiles/CMakeTmp

Run Build Command(s):/usr/bin/make cmTC_a87ff/fast && /usr/bin/make -f CMakeFiles/cmTC_a87ff.dir/build.make CMakeFiles/cmTC_a87ff.dir/build
make[1]: Entering directory '/home/unitree/navigation_ws/build/behaviortree_cpp/CMakeFiles/CMakeTmp'
Building C object CMakeFiles/cmTC_a87ff.dir/src.c.o
/usr/bin/cc   -DCMAKE_HAVE_LIBC_PTHREAD   -o CMakeFiles/cmTC_a87ff.dir/src.c.o   -c /home/unitree/navigation_ws/build/behaviortree_cpp/CMakeFiles/CMakeTmp/src.c
Linking C executable cmTC_a87ff
/usr/bin/cmake -E cmake_link_script CMakeFiles/cmTC_a87ff.dir/link.txt --verbose=1
/usr/bin/cc  -DCMAKE_HAVE_LIBC_PTHREAD    CMakeFiles/cmTC_a87ff.dir/src.c.o  -o cmTC_a87ff 
/usr/bin/ld: CMakeFiles/cmTC_a87ff.dir/src.c.o: in function `main':
src.c:(.text+0x48): undefined reference to `pthread_create'
/usr/bin/ld: src.c:(.text+0x50): undefined reference to `pthread_detach'
/usr/bin/ld: src.c:(.text+0x5c): undefined reference to `pthread_join'
collect2: error: ld returned 1 exit status
make[1]: *** [CMakeFiles/cmTC_a87ff.dir/build.make:87: cmTC_a87ff] Error 1
make[1]: Leaving directory '/home/unitree/navigation_ws/build/behaviortree_cpp/CMakeFiles/CMakeTmp'
make: *** [Makefile:121: cmTC_a87ff/fast] Error 2


Source file was:
#include <pthread.h>

void* test_func(void* data)
{
  return data;
}

int main(void)
{
  pthread_t thread;
  pthread_create(&thread, NULL, test_func, NULL);
  pthread_detach(thread);
  pthread_join(thread, NULL);
  pthread_atfork(NULL, NULL, NULL);
  pthread_exit(NULL);

  return 0;
}

Determining if the function pthread_create exists in the pthreads failed with the following output:
Change Dir: /home/unitree/navigation_ws/build/behaviortree_cpp/CMakeFiles/CMakeTmp

Run Build Command(s):/usr/bin/make cmTC_e1562/fast && /usr/bin/make -f CMakeFiles/cmTC_e1562.dir/build.make CMakeFiles/cmTC_e1562.dir/build
make[1]: Entering directory '/home/unitree/navigation_ws/build/behaviortree_cpp/CMakeFiles/CMakeTmp'
Building C object CMakeFiles/cmTC_e1562.dir/CheckFunctionExists.c.o
/usr/bin/cc   -DCHECK_FUNCTION_EXISTS=pthread_create   -o CMakeFiles/cmTC_e1562.dir/CheckFunctionExists.c.o   -c /usr/share/cmake-3.16/Modules/CheckFunctionExists.c
Linking C executable cmTC_e1562
/usr/bin/cmake -E cmake_link_script CMakeFiles/cmTC_e1562.dir/link.txt --verbose=1
/usr/bin/cc  -DCHECK_FUNCTION_EXISTS=pthread_create    CMakeFiles/cmTC_e1562.dir/CheckFunctionExists.c.o  -o cmTC_e1562  -lpthreads 
/usr/bin/ld: cannot find -lpthreads
collect2: error: ld returned 1 exit status
make[1]: *** [CMakeFiles/cmTC_e1562.dir/build.make:87: cmTC_e1562] Error 1
make[1]: Leaving directory '/home/unitree/navigation_ws/build/behaviortree_cpp/CMakeFiles/CMakeTmp'
make: *** [Makefile:121: cmTC_e1562/fast] Error 2



Performing C SOURCE FILE Test CMAKE_HAVE_LIBC_PTHREAD failed with the following output:
Change Dir: /home/unitree/navigation_ws/build/behaviortree_cpp/CMakeFiles/CMakeTmp

Run Build Command(s):/usr/bin/make cmTC_a1b36/fast && /usr/bin/make -f CMakeFiles/cmTC_a1b36.dir/build.make CMakeFiles/cmTC_a1b36.dir/build
make[1]: Entering directory '/home/unitree/navigation_ws/build/behaviortree_cpp/CMakeFiles/CMakeTmp'
Building C object CMakeFiles/cmTC_a1b36.dir/src.c.o
/usr/bin/cc   -DCMAKE_HAVE_LIBC_PTHREAD   -o CMakeFiles/cmTC_a1b36.dir/src.c.o   -c /home/unitree/navigation_ws/build/behaviortree_cpp/CMakeFiles/CMakeTmp/src.c
Linking C executable cmTC_a1b36
/usr/bin/cmake -E cmake_link_script CMakeFiles/cmTC_a1b36.dir/link.txt --verbose=1
/usr/bin/cc  -DCMAKE_HAVE_LIBC_PTHREAD    CMakeFiles/cmTC_a1b36.dir/src.c.o  -o cmTC_a1b36 
/usr/bin/ld: CMakeFiles/cmTC_a1b36.dir/src.c.o: in function `main':
src.c:(.text+0x48): undefined reference to `pthread_create'
/usr/bin/ld: src.c:(.text+0x50): undefined reference to `pthread_detach'
/usr/bin/ld: src.c:(.text+0x5c): undefined reference to `pthread_join'
collect2: error: ld returned 1 exit status
make[1]: *** [CMakeFiles/cmTC_a1b36.dir/build.make:87: cmTC_a1b36] Error 1
make[1]: Leaving directory '/home/unitree/navigation_ws/build/behaviortree_cpp/CMakeFiles/CMakeTmp'
make: *** [Makefile:121: cmTC_a1b36/fast] Error 2


Source file was:
#include <pthread.h>

void* test_func(void* data)
{
  return data;
}

int main(void)
{
  pthread_t thread;
  pthread_create(&thread, NULL, test_func, NULL);
  pthread_detach(thread);
  pthread_join(thread, NULL);
  pthread_atfork(NULL, NULL, NULL);
  pthread_exit(NULL);

  return 0;
}

Determining if the function pthread_create exists in the pthreads failed with the following output:
Change Dir: /home/unitree/navigation_ws/build/behaviortree_cpp/CMakeFiles/CMakeTmp

Run Build Command(s):/usr/bin/make cmTC_ddc78/fast && /usr/bin/make -f CMakeFiles/cmTC_ddc78.dir/build.make CMakeFiles/cmTC_ddc78.dir/build
make[1]: Entering directory '/home/unitree/navigation_ws/build/behaviortree_cpp/CMakeFiles/CMakeTmp'
Building C object CMakeFiles/cmTC_ddc78.dir/CheckFunctionExists.c.o
/usr/bin/cc   -DCHECK_FUNCTION_EXISTS=pthread_create   -o CMakeFiles/cmTC_ddc78.dir/CheckFunctionExists.c.o   -c /usr/share/cmake-3.16/Modules/CheckFunctionExists.c
Linking C executable cmTC_ddc78
/usr/bin/cmake -E cmake_link_script CMakeFiles/cmTC_ddc78.dir/link.txt --verbose=1
/usr/bin/cc  -DCHECK_FUNCTION_EXISTS=pthread_create    CMakeFiles/cmTC_ddc78.dir/CheckFunctionExists.c.o  -o cmTC_ddc78  -lpthreads 
/usr/bin/ld: cannot find -lpthreads
collect2: error: ld returned 1 exit status
make[1]: *** [CMakeFiles/cmTC_ddc78.dir/build.make:87: cmTC_ddc78] Error 1
make[1]: Leaving directory '/home/unitree/navigation_ws/build/behaviortree_cpp/CMakeFiles/CMakeTmp'
make: *** [Makefile:121: cmTC_ddc78/fast] Error 2



