[0.116s] Invoking command in '/home/unitree/navigation_ws/build/linefit_ground_segmentation': CMAKE_PREFIX_PATH=${CMAKE_PREFIX_PATH}:/opt/ros/foxy /usr/bin/cmake --build /home/unitree/navigation_ws/build/linefit_ground_segmentation -- -j8 -l8
[0.491s] [100%] Built target linefit_ground_segmentation
[0.592s] Invoked command in '/home/unitree/navigation_ws/build/linefit_ground_segmentation' returned '0': CMAKE_PREFIX_PATH=${CMAKE_PREFIX_PATH}:/opt/ros/foxy /usr/bin/cmake --build /home/unitree/navigation_ws/build/linefit_ground_segmentation -- -j8 -l8
[0.862s] Invoking command in '/home/unitree/navigation_ws/build/linefit_ground_segmentation': CMAKE_PREFIX_PATH=${CMAKE_PREFIX_PATH}:/opt/ros/foxy /usr/bin/cmake --install /home/unitree/navigation_ws/build/linefit_ground_segmentation
[0.913s] -- Install configuration: ""
[0.917s] -- Execute custom install script
[0.918s] -- Up-to-date symlink: /home/unitree/navigation_ws/install/linefit_ground_segmentation/include/ground_segmentation/bin.h
[0.919s] -- Up-to-date symlink: /home/unitree/navigation_ws/install/linefit_ground_segmentation/include/ground_segmentation/ground_segmentation.h
[0.919s] -- Up-to-date symlink: /home/unitree/navigation_ws/install/linefit_ground_segmentation/include/ground_segmentation/segment.h
[0.919s] -- Up-to-date symlink: /home/unitree/navigation_ws/install/linefit_ground_segmentation/include/ground_segmentation/typedefs.h
[0.919s] -- Up-to-date symlink: /home/unitree/navigation_ws/install/linefit_ground_segmentation/include/ground_segmentation/viewer.h
[0.920s] -- Up-to-date symlink: /home/unitree/navigation_ws/install/linefit_ground_segmentation/share/linefit_ground_segmentation/environment/library_path.sh
[0.920s] -- Up-to-date symlink: /home/unitree/navigation_ws/install/linefit_ground_segmentation/share/linefit_ground_segmentation/environment/library_path.dsv
[0.921s] -- Up-to-date symlink: /home/unitree/navigation_ws/install/linefit_ground_segmentation/lib/liblinefit_ground_segmentation.so
[0.922s] -- Up-to-date symlink: /home/unitree/navigation_ws/install/linefit_ground_segmentation/share/ament_index/resource_index/package_run_dependencies/linefit_ground_segmentation
[0.922s] -- Up-to-date symlink: /home/unitree/navigation_ws/install/linefit_ground_segmentation/share/ament_index/resource_index/parent_prefix_path/linefit_ground_segmentation
[0.923s] -- Up-to-date symlink: /home/unitree/navigation_ws/install/linefit_ground_segmentation/share/linefit_ground_segmentation/environment/ament_prefix_path.sh
[0.923s] -- Up-to-date symlink: /home/unitree/navigation_ws/install/linefit_ground_segmentation/share/linefit_ground_segmentation/environment/ament_prefix_path.dsv
[0.923s] -- Up-to-date symlink: /home/unitree/navigation_ws/install/linefit_ground_segmentation/share/linefit_ground_segmentation/environment/path.sh
[0.924s] -- Up-to-date symlink: /home/unitree/navigation_ws/install/linefit_ground_segmentation/share/linefit_ground_segmentation/environment/path.dsv
[0.924s] -- Up-to-date symlink: /home/unitree/navigation_ws/install/linefit_ground_segmentation/share/linefit_ground_segmentation/local_setup.bash
[0.924s] -- Up-to-date symlink: /home/unitree/navigation_ws/install/linefit_ground_segmentation/share/linefit_ground_segmentation/local_setup.sh
[0.925s] -- Up-to-date symlink: /home/unitree/navigation_ws/install/linefit_ground_segmentation/share/linefit_ground_segmentation/local_setup.zsh
[0.925s] -- Up-to-date symlink: /home/unitree/navigation_ws/install/linefit_ground_segmentation/share/linefit_ground_segmentation/local_setup.dsv
[0.926s] -- Symlinking: /home/unitree/navigation_ws/install/linefit_ground_segmentation/share/linefit_ground_segmentation/package.dsv
[0.963s] -- Up-to-date symlink: /home/unitree/navigation_ws/install/linefit_ground_segmentation/share/ament_index/resource_index/packages/linefit_ground_segmentation
[0.963s] -- Up-to-date symlink: /home/unitree/navigation_ws/install/linefit_ground_segmentation/share/linefit_ground_segmentation/cmake/ament_cmake_export_dependencies-extras.cmake
[0.963s] -- Up-to-date symlink: /home/unitree/navigation_ws/install/linefit_ground_segmentation/share/linefit_ground_segmentation/cmake/ament_cmake_export_include_directories-extras.cmake
[0.969s] -- Up-to-date symlink: /home/unitree/navigation_ws/install/linefit_ground_segmentation/share/linefit_ground_segmentation/cmake/ament_cmake_export_libraries-extras.cmake
[0.969s] -- Up-to-date symlink: /home/unitree/navigation_ws/install/linefit_ground_segmentation/share/linefit_ground_segmentation/cmake/linefit_ground_segmentationConfig.cmake
[0.970s] -- Up-to-date symlink: /home/unitree/navigation_ws/install/linefit_ground_segmentation/share/linefit_ground_segmentation/cmake/linefit_ground_segmentationConfig-version.cmake
[0.970s] -- Up-to-date symlink: /home/unitree/navigation_ws/install/linefit_ground_segmentation/share/linefit_ground_segmentation/package.xml
[1.070s] Invoked command in '/home/unitree/navigation_ws/build/linefit_ground_segmentation' returned '0': CMAKE_PREFIX_PATH=${CMAKE_PREFIX_PATH}:/opt/ros/foxy /usr/bin/cmake --install /home/unitree/navigation_ws/build/linefit_ground_segmentation
