[0.111s] Invoking command in '/home/unitree/navigation_ws/build/pointcloud_to_laserscan': CMAKE_PREFIX_PATH=${CMAKE_PREFIX_PATH}:/opt/ros/foxy /usr/bin/cmake --build /home/unitree/navigation_ws/build/pointcloud_to_laserscan -- -j8 -l8
[0.403s] [ 20%] Built target pointcloud_to_laserscan_node
[0.441s] [ 40%] Built target pointcloud_to_laserscan
[0.462s] [ 60%] Built target laserscan_to_pointcloud
[0.477s] [ 80%] Built target laserscan_to_pointcloud_node
[0.553s] [100%] Built target dummy_pointcloud_publisher
[0.660s] Invoked command in '/home/unitree/navigation_ws/build/pointcloud_to_laserscan' returned '0': CMAKE_PREFIX_PATH=${CMAKE_PREFIX_PATH}:/opt/ros/foxy /usr/bin/cmake --build /home/unitree/navigation_ws/build/pointcloud_to_laserscan -- -j8 -l8
[0.978s] Invoking command in '/home/unitree/navigation_ws/build/pointcloud_to_laserscan': CMAKE_PREFIX_PATH=${CMAKE_PREFIX_PATH}:/opt/ros/foxy /usr/bin/cmake --install /home/unitree/navigation_ws/build/pointcloud_to_laserscan
[1.048s] -- Install configuration: ""
[1.048s] -- Execute custom install script
[1.049s] -- Up-to-date symlink: /home/unitree/navigation_ws/install/pointcloud_to_laserscan/lib/pointcloud_to_laserscan/laserscan_to_pointcloud_node
[1.049s] -- Up-to-date symlink: /home/unitree/navigation_ws/install/pointcloud_to_laserscan/lib/pointcloud_to_laserscan/pointcloud_to_laserscan_node
[1.049s] -- Up-to-date symlink: /home/unitree/navigation_ws/install/pointcloud_to_laserscan/lib/liblaserscan_to_pointcloud.so
[1.049s] -- Up-to-date symlink: /home/unitree/navigation_ws/install/pointcloud_to_laserscan/lib/libpointcloud_to_laserscan.so
[1.049s] -- Up-to-date symlink: /home/unitree/navigation_ws/install/pointcloud_to_laserscan/lib/pointcloud_to_laserscan/dummy_pointcloud_publisher
[1.049s] -- Up-to-date symlink: /home/unitree/navigation_ws/install/pointcloud_to_laserscan/include/include/pointcloud_to_laserscan/laserscan_to_pointcloud_node.hpp
[1.049s] -- Up-to-date symlink: /home/unitree/navigation_ws/install/pointcloud_to_laserscan/include/include/pointcloud_to_laserscan/pointcloud_to_laserscan_node.hpp
[1.049s] -- Up-to-date symlink: /home/unitree/navigation_ws/install/pointcloud_to_laserscan/include/include/pointcloud_to_laserscan/visibility_control.h
[1.049s] -- Up-to-date symlink: /home/unitree/navigation_ws/install/pointcloud_to_laserscan/share/pointcloud_to_laserscan/launch/sample_laserscan_to_pointcloud_launch.py
[1.050s] -- Up-to-date symlink: /home/unitree/navigation_ws/install/pointcloud_to_laserscan/share/pointcloud_to_laserscan/launch/sample_pointcloud_to_laserscan_launch.py
[1.050s] -- Up-to-date symlink: /home/unitree/navigation_ws/install/pointcloud_to_laserscan/share/ament_index/resource_index/package_run_dependencies/pointcloud_to_laserscan
[1.050s] -- Up-to-date symlink: /home/unitree/navigation_ws/install/pointcloud_to_laserscan/share/ament_index/resource_index/parent_prefix_path/pointcloud_to_laserscan
[1.050s] -- Up-to-date symlink: /home/unitree/navigation_ws/install/pointcloud_to_laserscan/share/pointcloud_to_laserscan/environment/ament_prefix_path.sh
[1.054s] -- Up-to-date symlink: /home/unitree/navigation_ws/install/pointcloud_to_laserscan/share/pointcloud_to_laserscan/environment/ament_prefix_path.dsv
[1.055s] -- Up-to-date symlink: /home/unitree/navigation_ws/install/pointcloud_to_laserscan/share/pointcloud_to_laserscan/environment/path.sh
[1.055s] -- Up-to-date symlink: /home/unitree/navigation_ws/install/pointcloud_to_laserscan/share/pointcloud_to_laserscan/environment/path.dsv
[1.055s] -- Up-to-date symlink: /home/unitree/navigation_ws/install/pointcloud_to_laserscan/share/pointcloud_to_laserscan/local_setup.bash
[1.055s] -- Up-to-date symlink: /home/unitree/navigation_ws/install/pointcloud_to_laserscan/share/pointcloud_to_laserscan/local_setup.sh
[1.055s] -- Up-to-date symlink: /home/unitree/navigation_ws/install/pointcloud_to_laserscan/share/pointcloud_to_laserscan/local_setup.zsh
[1.055s] -- Up-to-date symlink: /home/unitree/navigation_ws/install/pointcloud_to_laserscan/share/pointcloud_to_laserscan/local_setup.dsv
[1.056s] -- Symlinking: /home/unitree/navigation_ws/install/pointcloud_to_laserscan/share/pointcloud_to_laserscan/package.dsv
[1.106s] -- Up-to-date symlink: /home/unitree/navigation_ws/install/pointcloud_to_laserscan/share/ament_index/resource_index/packages/pointcloud_to_laserscan
[1.106s] -- Up-to-date symlink: /home/unitree/navigation_ws/install/pointcloud_to_laserscan/share/ament_index/resource_index/rclcpp_components/pointcloud_to_laserscan
[1.106s] -- Up-to-date symlink: /home/unitree/navigation_ws/install/pointcloud_to_laserscan/share/pointcloud_to_laserscan/cmake/pointcloud_to_laserscanConfig.cmake
[1.107s] -- Up-to-date symlink: /home/unitree/navigation_ws/install/pointcloud_to_laserscan/share/pointcloud_to_laserscan/cmake/pointcloud_to_laserscanConfig-version.cmake
[1.107s] -- Up-to-date symlink: /home/unitree/navigation_ws/install/pointcloud_to_laserscan/share/pointcloud_to_laserscan/package.xml
[1.210s] Invoked command in '/home/unitree/navigation_ws/build/pointcloud_to_laserscan' returned '0': CMAKE_PREFIX_PATH=${CMAKE_PREFIX_PATH}:/opt/ros/foxy /usr/bin/cmake --install /home/unitree/navigation_ws/build/pointcloud_to_laserscan
