Performing C SOURCE FILE Test CMAKE_HAVE_LIBC_PTHREAD failed with the following output:
Change Dir: /home/unitree/navigation_ws/build/nav2_planner/CMakeFiles/CMakeTmp

Run Build Command(s):/usr/bin/make cmTC_d4654/fast && /usr/bin/make -f CMakeFiles/cmTC_d4654.dir/build.make CMakeFiles/cmTC_d4654.dir/build
make[1]: Entering directory '/home/unitree/navigation_ws/build/nav2_planner/CMakeFiles/CMakeTmp'
Building C object CMakeFiles/cmTC_d4654.dir/src.c.o
/usr/bin/cc   -DCMAKE_HAVE_LIBC_PTHREAD   -o CMakeFiles/cmTC_d4654.dir/src.c.o   -c /home/unitree/navigation_ws/build/nav2_planner/CMakeFiles/CMakeTmp/src.c
Linking C executable cmTC_d4654
/usr/bin/cmake -E cmake_link_script CMakeFiles/cmTC_d4654.dir/link.txt --verbose=1
/usr/bin/cc  -DCMAKE_HAVE_LIBC_PTHREAD    CMakeFiles/cmTC_d4654.dir/src.c.o  -o cmTC_d4654 
/usr/bin/ld: CMakeFiles/cmTC_d4654.dir/src.c.o: in function `main':
src.c:(.text+0x48): undefined reference to `pthread_create'
/usr/bin/ld: src.c:(.text+0x50): undefined reference to `pthread_detach'
/usr/bin/ld: src.c:(.text+0x5c): undefined reference to `pthread_join'
collect2: error: ld returned 1 exit status
make[1]: *** [CMakeFiles/cmTC_d4654.dir/build.make:87: cmTC_d4654] Error 1
make[1]: Leaving directory '/home/unitree/navigation_ws/build/nav2_planner/CMakeFiles/CMakeTmp'
make: *** [Makefile:121: cmTC_d4654/fast] Error 2


Source file was:
#include <pthread.h>

void* test_func(void* data)
{
  return data;
}

int main(void)
{
  pthread_t thread;
  pthread_create(&thread, NULL, test_func, NULL);
  pthread_detach(thread);
  pthread_join(thread, NULL);
  pthread_atfork(NULL, NULL, NULL);
  pthread_exit(NULL);

  return 0;
}

Determining if the function pthread_create exists in the pthreads failed with the following output:
Change Dir: /home/unitree/navigation_ws/build/nav2_planner/CMakeFiles/CMakeTmp

Run Build Command(s):/usr/bin/make cmTC_39ad7/fast && /usr/bin/make -f CMakeFiles/cmTC_39ad7.dir/build.make CMakeFiles/cmTC_39ad7.dir/build
make[1]: Entering directory '/home/unitree/navigation_ws/build/nav2_planner/CMakeFiles/CMakeTmp'
Building C object CMakeFiles/cmTC_39ad7.dir/CheckFunctionExists.c.o
/usr/bin/cc   -DCHECK_FUNCTION_EXISTS=pthread_create   -o CMakeFiles/cmTC_39ad7.dir/CheckFunctionExists.c.o   -c /usr/share/cmake-3.16/Modules/CheckFunctionExists.c
Linking C executable cmTC_39ad7
/usr/bin/cmake -E cmake_link_script CMakeFiles/cmTC_39ad7.dir/link.txt --verbose=1
/usr/bin/cc  -DCHECK_FUNCTION_EXISTS=pthread_create    CMakeFiles/cmTC_39ad7.dir/CheckFunctionExists.c.o  -o cmTC_39ad7  -lpthreads 
/usr/bin/ld: cannot find -lpthreads
collect2: error: ld returned 1 exit status
make[1]: *** [CMakeFiles/cmTC_39ad7.dir/build.make:87: cmTC_39ad7] Error 1
make[1]: Leaving directory '/home/unitree/navigation_ws/build/nav2_planner/CMakeFiles/CMakeTmp'
make: *** [Makefile:121: cmTC_39ad7/fast] Error 2



Performing C SOURCE FILE Test CMAKE_HAVE_LIBC_PTHREAD failed with the following output:
Change Dir: /home/unitree/navigation_ws/build/nav2_planner/CMakeFiles/CMakeTmp

Run Build Command(s):/usr/bin/make cmTC_3558d/fast && /usr/bin/make -f CMakeFiles/cmTC_3558d.dir/build.make CMakeFiles/cmTC_3558d.dir/build
make[1]: Entering directory '/home/unitree/navigation_ws/build/nav2_planner/CMakeFiles/CMakeTmp'
Building C object CMakeFiles/cmTC_3558d.dir/src.c.o
/usr/bin/cc   -DCMAKE_HAVE_LIBC_PTHREAD   -o CMakeFiles/cmTC_3558d.dir/src.c.o   -c /home/unitree/navigation_ws/build/nav2_planner/CMakeFiles/CMakeTmp/src.c
Linking C executable cmTC_3558d
/usr/bin/cmake -E cmake_link_script CMakeFiles/cmTC_3558d.dir/link.txt --verbose=1
/usr/bin/cc  -DCMAKE_HAVE_LIBC_PTHREAD    CMakeFiles/cmTC_3558d.dir/src.c.o  -o cmTC_3558d 
/usr/bin/ld: CMakeFiles/cmTC_3558d.dir/src.c.o: in function `main':
src.c:(.text+0x48): undefined reference to `pthread_create'
/usr/bin/ld: src.c:(.text+0x50): undefined reference to `pthread_detach'
/usr/bin/ld: src.c:(.text+0x5c): undefined reference to `pthread_join'
collect2: error: ld returned 1 exit status
make[1]: *** [CMakeFiles/cmTC_3558d.dir/build.make:87: cmTC_3558d] Error 1
make[1]: Leaving directory '/home/unitree/navigation_ws/build/nav2_planner/CMakeFiles/CMakeTmp'
make: *** [Makefile:121: cmTC_3558d/fast] Error 2


Source file was:
#include <pthread.h>

void* test_func(void* data)
{
  return data;
}

int main(void)
{
  pthread_t thread;
  pthread_create(&thread, NULL, test_func, NULL);
  pthread_detach(thread);
  pthread_join(thread, NULL);
  pthread_atfork(NULL, NULL, NULL);
  pthread_exit(NULL);

  return 0;
}

Determining if the function pthread_create exists in the pthreads failed with the following output:
Change Dir: /home/unitree/navigation_ws/build/nav2_planner/CMakeFiles/CMakeTmp

Run Build Command(s):/usr/bin/make cmTC_fbce8/fast && /usr/bin/make -f CMakeFiles/cmTC_fbce8.dir/build.make CMakeFiles/cmTC_fbce8.dir/build
make[1]: Entering directory '/home/unitree/navigation_ws/build/nav2_planner/CMakeFiles/CMakeTmp'
Building C object CMakeFiles/cmTC_fbce8.dir/CheckFunctionExists.c.o
/usr/bin/cc   -DCHECK_FUNCTION_EXISTS=pthread_create   -o CMakeFiles/cmTC_fbce8.dir/CheckFunctionExists.c.o   -c /usr/share/cmake-3.16/Modules/CheckFunctionExists.c
Linking C executable cmTC_fbce8
/usr/bin/cmake -E cmake_link_script CMakeFiles/cmTC_fbce8.dir/link.txt --verbose=1
/usr/bin/cc  -DCHECK_FUNCTION_EXISTS=pthread_create    CMakeFiles/cmTC_fbce8.dir/CheckFunctionExists.c.o  -o cmTC_fbce8  -lpthreads 
/usr/bin/ld: cannot find -lpthreads
collect2: error: ld returned 1 exit status
make[1]: *** [CMakeFiles/cmTC_fbce8.dir/build.make:87: cmTC_fbce8] Error 1
make[1]: Leaving directory '/home/unitree/navigation_ws/build/nav2_planner/CMakeFiles/CMakeTmp'
make: *** [Makefile:121: cmTC_fbce8/fast] Error 2



