[0.124s] Invoking command in '/home/unitree/navigation_ws/build/livox_ros_driver2': CMAKE_PREFIX_PATH=${CMAKE_PREFIX_PATH}:/opt/ros/foxy /usr/bin/cmake --build /home/unitree/navigation_ws/build/livox_ros_driver2 -- -j8 -l8
[0.347s] [  3%] Built target livox_ros_driver2_node
[0.360s] [ 10%] Built target livox_interfaces2__rosidl_generator_c
[0.364s] [ 12%] Built target livox_interfaces2__cpp
[0.527s] [ 19%] Built target livox_interfaces2__rosidl_typesupport_c
[0.572s] [ 26%] Built target livox_interfaces2__rosidl_typesupport_introspection_c
[0.712s] [ 33%] Built target livox_interfaces2__rosidl_typesupport_cpp
[0.735s] [ 40%] Built target livox_interfaces2__rosidl_typesupport_introspection_cpp
[0.769s] [ 47%] Built target livox_interfaces2__rosidl_typesupport_fastrtps_cpp
[0.888s] [ 54%] Built target livox_interfaces2__rosidl_typesupport_fastrtps_c
[0.954s] [ 54%] Built target livox_interfaces2
[1.128s] [ 56%] Built target livox_interfaces2__py
[1.253s] [ 84%] Built target livox_ros_driver2
[1.323s] [ 89%] Built target livox_interfaces2__python
[1.448s] [ 92%] Built target livox_ros_driver2__rosidl_typesupport_fastrtps_c__pyext
[1.477s] [ 96%] Built target livox_ros_driver2__rosidl_typesupport_c__pyext
[1.497s] [100%] Built target livox_ros_driver2__rosidl_typesupport_introspection_c__pyext
[1.576s] Invoked command in '/home/unitree/navigation_ws/build/livox_ros_driver2' returned '0': CMAKE_PREFIX_PATH=${CMAKE_PREFIX_PATH}:/opt/ros/foxy /usr/bin/cmake --build /home/unitree/navigation_ws/build/livox_ros_driver2 -- -j8 -l8
[2.029s] Invoking command in '/home/unitree/navigation_ws/build/livox_ros_driver2': CMAKE_PREFIX_PATH=${CMAKE_PREFIX_PATH}:/opt/ros/foxy /usr/bin/cmake --install /home/unitree/navigation_ws/build/livox_ros_driver2
[2.065s] -- Install configuration: ""
[2.065s] -- Execute custom install script
[2.065s] -- Up-to-date symlink: /home/unitree/navigation_ws/install/livox_ros_driver2/share/ament_index/resource_index/rosidl_interfaces/livox_ros_driver2
[2.065s] -- Up-to-date symlink: /home/unitree/navigation_ws/install/livox_ros_driver2/include/livox_ros_driver2/msg/custom_msg.h
[2.066s] -- Up-to-date symlink: /home/unitree/navigation_ws/install/livox_ros_driver2/include/livox_ros_driver2/msg/custom_point.h
[2.066s] -- Up-to-date symlink: /home/unitree/navigation_ws/install/livox_ros_driver2/include/livox_ros_driver2/msg/detail/custom_msg__functions.h
[2.066s] -- Up-to-date symlink: /home/unitree/navigation_ws/install/livox_ros_driver2/include/livox_ros_driver2/msg/detail/custom_msg__struct.h
[2.066s] -- Up-to-date symlink: /home/unitree/navigation_ws/install/livox_ros_driver2/include/livox_ros_driver2/msg/detail/custom_msg__type_support.h
[2.066s] -- Up-to-date symlink: /home/unitree/navigation_ws/install/livox_ros_driver2/include/livox_ros_driver2/msg/detail/custom_point__functions.h
[2.066s] -- Up-to-date symlink: /home/unitree/navigation_ws/install/livox_ros_driver2/include/livox_ros_driver2/msg/detail/custom_point__struct.h
[2.067s] -- Up-to-date symlink: /home/unitree/navigation_ws/install/livox_ros_driver2/include/livox_ros_driver2/msg/detail/custom_point__type_support.h
[2.067s] -- Up-to-date symlink: /home/unitree/navigation_ws/install/livox_ros_driver2/include/livox_ros_driver2/msg/rosidl_generator_c__visibility_control.h
[2.067s] -- Up-to-date symlink: /home/unitree/navigation_ws/install/livox_ros_driver2/share/livox_ros_driver2/environment/library_path.sh
[2.073s] -- Up-to-date symlink: /home/unitree/navigation_ws/install/livox_ros_driver2/share/livox_ros_driver2/environment/library_path.dsv
[2.074s] -- Up-to-date symlink: /home/unitree/navigation_ws/install/livox_ros_driver2/include/livox_ros_driver2/msg/detail/custom_msg__rosidl_typesupport_fastrtps_c.h
[2.074s] -- Up-to-date symlink: /home/unitree/navigation_ws/install/livox_ros_driver2/include/livox_ros_driver2/msg/detail/custom_point__rosidl_typesupport_fastrtps_c.h
[2.074s] -- Up-to-date symlink: /home/unitree/navigation_ws/install/livox_ros_driver2/include/livox_ros_driver2/msg/rosidl_typesupport_fastrtps_c__visibility_control.h
[2.074s] -- Up-to-date symlink: /home/unitree/navigation_ws/install/livox_ros_driver2/lib/liblivox_ros_driver2__rosidl_typesupport_fastrtps_c.so
[2.074s] -- Up-to-date symlink: /home/unitree/navigation_ws/install/livox_ros_driver2/include/livox_ros_driver2/msg/detail/custom_msg__rosidl_typesupport_fastrtps_cpp.hpp
[2.074s] -- Up-to-date symlink: /home/unitree/navigation_ws/install/livox_ros_driver2/include/livox_ros_driver2/msg/detail/custom_point__rosidl_typesupport_fastrtps_cpp.hpp
[2.074s] -- Up-to-date symlink: /home/unitree/navigation_ws/install/livox_ros_driver2/include/livox_ros_driver2/msg/rosidl_typesupport_fastrtps_cpp__visibility_control.h
[2.075s] -- Up-to-date symlink: /home/unitree/navigation_ws/install/livox_ros_driver2/lib/liblivox_ros_driver2__rosidl_typesupport_fastrtps_cpp.so
[2.077s] -- Up-to-date symlink: /home/unitree/navigation_ws/install/livox_ros_driver2/include/livox_ros_driver2/msg/detail/custom_msg__rosidl_typesupport_introspection_c.h
[2.077s] -- Up-to-date symlink: /home/unitree/navigation_ws/install/livox_ros_driver2/include/livox_ros_driver2/msg/detail/custom_point__rosidl_typesupport_introspection_c.h
[2.077s] -- Up-to-date symlink: /home/unitree/navigation_ws/install/livox_ros_driver2/include/livox_ros_driver2/msg/rosidl_typesupport_introspection_c__visibility_control.h
[2.077s] -- Up-to-date symlink: /home/unitree/navigation_ws/install/livox_ros_driver2/include/livox_ros_driver2/msg/custom_msg.hpp
[2.077s] -- Up-to-date symlink: /home/unitree/navigation_ws/install/livox_ros_driver2/include/livox_ros_driver2/msg/custom_point.hpp
[2.077s] -- Up-to-date symlink: /home/unitree/navigation_ws/install/livox_ros_driver2/include/livox_ros_driver2/msg/detail/custom_msg__builder.hpp
[2.078s] -- Up-to-date symlink: /home/unitree/navigation_ws/install/livox_ros_driver2/include/livox_ros_driver2/msg/detail/custom_msg__struct.hpp
[2.078s] -- Up-to-date symlink: /home/unitree/navigation_ws/install/livox_ros_driver2/include/livox_ros_driver2/msg/detail/custom_msg__traits.hpp
[2.078s] -- Up-to-date symlink: /home/unitree/navigation_ws/install/livox_ros_driver2/include/livox_ros_driver2/msg/detail/custom_msg__type_support.hpp
[2.078s] -- Up-to-date symlink: /home/unitree/navigation_ws/install/livox_ros_driver2/include/livox_ros_driver2/msg/detail/custom_point__builder.hpp
[2.078s] -- Up-to-date symlink: /home/unitree/navigation_ws/install/livox_ros_driver2/include/livox_ros_driver2/msg/detail/custom_point__struct.hpp
[2.079s] -- Up-to-date symlink: /home/unitree/navigation_ws/install/livox_ros_driver2/include/livox_ros_driver2/msg/detail/custom_point__traits.hpp
[2.079s] -- Up-to-date symlink: /home/unitree/navigation_ws/install/livox_ros_driver2/include/livox_ros_driver2/msg/detail/custom_point__type_support.hpp
[2.079s] -- Up-to-date symlink: /home/unitree/navigation_ws/install/livox_ros_driver2/include/livox_ros_driver2/msg/rosidl_generator_cpp__visibility_control.hpp
[2.079s] -- Up-to-date symlink: /home/unitree/navigation_ws/install/livox_ros_driver2/include/livox_ros_driver2/msg/detail/custom_msg__rosidl_typesupport_introspection_cpp.hpp
[2.079s] -- Up-to-date symlink: /home/unitree/navigation_ws/install/livox_ros_driver2/include/livox_ros_driver2/msg/detail/custom_point__rosidl_typesupport_introspection_cpp.hpp
[2.079s] -- Up-to-date symlink: /home/unitree/navigation_ws/install/livox_ros_driver2/share/livox_ros_driver2/environment/pythonpath.sh
[2.079s] -- Up-to-date symlink: /home/unitree/navigation_ws/install/livox_ros_driver2/share/livox_ros_driver2/environment/pythonpath.dsv
[2.079s] -- Up-to-date symlink: /home/unitree/navigation_ws/install/livox_ros_driver2/lib/python3.8/site-packages/livox_ros_driver2/__init__.py
[2.080s] -- Up-to-date symlink: /home/unitree/navigation_ws/install/livox_ros_driver2/lib/python3.8/site-packages/livox_ros_driver2/msg/__init__.py
[2.080s] -- Up-to-date symlink: /home/unitree/navigation_ws/install/livox_ros_driver2/lib/python3.8/site-packages/livox_ros_driver2/msg/_custom_msg.py
[2.080s] -- Up-to-date symlink: /home/unitree/navigation_ws/install/livox_ros_driver2/lib/python3.8/site-packages/livox_ros_driver2/msg/_custom_point.py
[2.080s] -- Up-to-date symlink: /home/unitree/navigation_ws/install/livox_ros_driver2/lib/python3.8/site-packages/livox_ros_driver2/livox_ros_driver2_s__rosidl_typesupport_fastrtps_c.cpython-38-aarch64-linux-gnu.so
[2.080s] -- Up-to-date symlink: /home/unitree/navigation_ws/install/livox_ros_driver2/lib/python3.8/site-packages/livox_ros_driver2/livox_ros_driver2_s__rosidl_typesupport_introspection_c.cpython-38-aarch64-linux-gnu.so
[2.080s] -- Up-to-date symlink: /home/unitree/navigation_ws/install/livox_ros_driver2/lib/python3.8/site-packages/livox_ros_driver2/livox_ros_driver2_s__rosidl_typesupport_c.cpython-38-aarch64-linux-gnu.so
[2.081s] -- Up-to-date symlink: /home/unitree/navigation_ws/install/livox_ros_driver2/lib/liblivox_interfaces2__python.so
[2.081s] -- Up-to-date symlink: /home/unitree/navigation_ws/install/livox_ros_driver2/share/livox_ros_driver2/msg/CustomPoint.idl
[2.081s] -- Up-to-date symlink: /home/unitree/navigation_ws/install/livox_ros_driver2/share/livox_ros_driver2/msg/CustomMsg.idl
[2.081s] -- Up-to-date symlink: /home/unitree/navigation_ws/install/livox_ros_driver2/share/livox_ros_driver2/msg/CustomPoint.msg
[2.082s] -- Up-to-date symlink: /home/unitree/navigation_ws/install/livox_ros_driver2/share/livox_ros_driver2/msg/CustomMsg.msg
[2.082s] -- Up-to-date symlink: /home/unitree/navigation_ws/install/livox_ros_driver2/lib/livox_ros_driver2/livox_ros_driver2_node
[2.082s] -- Up-to-date symlink: /home/unitree/navigation_ws/install/livox_ros_driver2/lib/liblivox_ros_driver2.so
[2.082s] -- Up-to-date symlink: /home/unitree/navigation_ws/install/livox_ros_driver2/share/livox_ros_driver2/config/HAP_config.json
[2.082s] -- Up-to-date symlink: /home/unitree/navigation_ws/install/livox_ros_driver2/share/livox_ros_driver2/config/MID360_config.json
[2.082s] -- Up-to-date symlink: /home/unitree/navigation_ws/install/livox_ros_driver2/share/livox_ros_driver2/config/display_point_cloud_ROS1.rviz
[2.082s] -- Up-to-date symlink: /home/unitree/navigation_ws/install/livox_ros_driver2/share/livox_ros_driver2/config/display_point_cloud_ROS2.rviz
[2.083s] -- Up-to-date symlink: /home/unitree/navigation_ws/install/livox_ros_driver2/share/livox_ros_driver2/config/mixed_HAP_MID360_config.json
[2.083s] -- Up-to-date symlink: /home/unitree/navigation_ws/install/livox_ros_driver2/share/livox_ros_driver2/launch_ROS2/msg_HAP_launch.py
[2.083s] -- Up-to-date symlink: /home/unitree/navigation_ws/install/livox_ros_driver2/share/livox_ros_driver2/launch_ROS2/msg_MID360_launch.py
[2.083s] -- Up-to-date symlink: /home/unitree/navigation_ws/install/livox_ros_driver2/share/livox_ros_driver2/launch_ROS2/rviz_HAP_launch.py
[2.083s] -- Up-to-date symlink: /home/unitree/navigation_ws/install/livox_ros_driver2/share/livox_ros_driver2/launch_ROS2/rviz_MID360_launch.py
[2.084s] -- Up-to-date symlink: /home/unitree/navigation_ws/install/livox_ros_driver2/share/livox_ros_driver2/launch_ROS2/rviz_mixed.py
[2.084s] -- Up-to-date symlink: /home/unitree/navigation_ws/install/livox_ros_driver2/share/ament_index/resource_index/package_run_dependencies/livox_ros_driver2
[2.085s] -- Up-to-date symlink: /home/unitree/navigation_ws/install/livox_ros_driver2/share/ament_index/resource_index/parent_prefix_path/livox_ros_driver2
[2.085s] -- Up-to-date symlink: /home/unitree/navigation_ws/install/livox_ros_driver2/share/livox_ros_driver2/environment/ament_prefix_path.sh
[2.085s] -- Up-to-date symlink: /home/unitree/navigation_ws/install/livox_ros_driver2/share/livox_ros_driver2/environment/ament_prefix_path.dsv
[2.085s] -- Up-to-date symlink: /home/unitree/navigation_ws/install/livox_ros_driver2/share/livox_ros_driver2/environment/path.sh
[2.085s] -- Up-to-date symlink: /home/unitree/navigation_ws/install/livox_ros_driver2/share/livox_ros_driver2/environment/path.dsv
[2.085s] -- Up-to-date symlink: /home/unitree/navigation_ws/install/livox_ros_driver2/share/livox_ros_driver2/local_setup.bash
[2.085s] -- Up-to-date symlink: /home/unitree/navigation_ws/install/livox_ros_driver2/share/livox_ros_driver2/local_setup.sh
[2.085s] -- Up-to-date symlink: /home/unitree/navigation_ws/install/livox_ros_driver2/share/livox_ros_driver2/local_setup.zsh
[2.085s] -- Up-to-date symlink: /home/unitree/navigation_ws/install/livox_ros_driver2/share/livox_ros_driver2/local_setup.dsv
[2.085s] -- Symlinking: /home/unitree/navigation_ws/install/livox_ros_driver2/share/livox_ros_driver2/package.dsv
[2.130s] -- Up-to-date symlink: /home/unitree/navigation_ws/install/livox_ros_driver2/share/ament_index/resource_index/packages/livox_ros_driver2
[2.135s] -- Up-to-date symlink: /home/unitree/navigation_ws/install/livox_ros_driver2/share/ament_index/resource_index/rclcpp_components/livox_ros_driver2
[2.135s] -- Up-to-date symlink: /home/unitree/navigation_ws/install/livox_ros_driver2/share/livox_ros_driver2/cmake/rosidl_cmake-extras.cmake
[2.138s] -- Up-to-date symlink: /home/unitree/navigation_ws/install/livox_ros_driver2/share/livox_ros_driver2/cmake/ament_cmake_export_dependencies-extras.cmake
[2.138s] -- Up-to-date symlink: /home/unitree/navigation_ws/install/livox_ros_driver2/share/livox_ros_driver2/cmake/ament_cmake_export_libraries-extras.cmake
[2.139s] -- Up-to-date symlink: /home/unitree/navigation_ws/install/livox_ros_driver2/share/livox_ros_driver2/cmake/ament_cmake_export_targets-extras.cmake
[2.139s] -- Up-to-date symlink: /home/unitree/navigation_ws/install/livox_ros_driver2/share/livox_ros_driver2/cmake/ament_cmake_export_include_directories-extras.cmake
[2.139s] -- Up-to-date symlink: /home/unitree/navigation_ws/install/livox_ros_driver2/share/livox_ros_driver2/cmake/rosidl_cmake_export_typesupport_libraries-extras.cmake
[2.139s] -- Up-to-date symlink: /home/unitree/navigation_ws/install/livox_ros_driver2/share/livox_ros_driver2/cmake/rosidl_cmake_export_typesupport_targets-extras.cmake
[2.140s] -- Up-to-date symlink: /home/unitree/navigation_ws/install/livox_ros_driver2/share/livox_ros_driver2/cmake/livox_ros_driver2Config.cmake
[2.141s] -- Up-to-date symlink: /home/unitree/navigation_ws/install/livox_ros_driver2/share/livox_ros_driver2/cmake/livox_ros_driver2Config-version.cmake
[2.142s] -- Up-to-date symlink: /home/unitree/navigation_ws/install/livox_ros_driver2/share/livox_ros_driver2/package.xml
[2.142s] -- Up-to-date: /home/unitree/navigation_ws/install/livox_ros_driver2/lib/liblivox_ros_driver2__rosidl_generator_c.so
[2.142s] -- Up-to-date: /home/unitree/navigation_ws/install/livox_ros_driver2/lib/liblivox_ros_driver2__rosidl_typesupport_introspection_c.so
[2.142s] -- Up-to-date: /home/unitree/navigation_ws/install/livox_ros_driver2/lib/liblivox_ros_driver2__rosidl_typesupport_c.so
[2.142s] -- Up-to-date: /home/unitree/navigation_ws/install/livox_ros_driver2/lib/liblivox_ros_driver2__rosidl_typesupport_introspection_cpp.so
[2.142s] -- Up-to-date: /home/unitree/navigation_ws/install/livox_ros_driver2/lib/liblivox_ros_driver2__rosidl_typesupport_cpp.so
[2.194s] -- Up-to-date: /home/unitree/navigation_ws/install/livox_ros_driver2/share/livox_ros_driver2/cmake/livox_interfaces2__rosidl_generator_cExport.cmake
[2.194s] -- Up-to-date: /home/unitree/navigation_ws/install/livox_ros_driver2/share/livox_ros_driver2/cmake/livox_interfaces2__rosidl_generator_cExport-noconfig.cmake
[2.194s] -- Up-to-date: /home/unitree/navigation_ws/install/livox_ros_driver2/share/livox_ros_driver2/cmake/livox_interfaces2__rosidl_typesupport_introspection_cExport.cmake
[2.198s] -- Up-to-date: /home/unitree/navigation_ws/install/livox_ros_driver2/share/livox_ros_driver2/cmake/livox_interfaces2__rosidl_typesupport_introspection_cExport-noconfig.cmake
[2.198s] -- Up-to-date: /home/unitree/navigation_ws/install/livox_ros_driver2/share/livox_ros_driver2/cmake/livox_interfaces2__rosidl_typesupport_cExport.cmake
[2.198s] -- Up-to-date: /home/unitree/navigation_ws/install/livox_ros_driver2/share/livox_ros_driver2/cmake/livox_interfaces2__rosidl_typesupport_cExport-noconfig.cmake
[2.200s] -- Up-to-date: /home/unitree/navigation_ws/install/livox_ros_driver2/share/livox_ros_driver2/cmake/livox_interfaces2__rosidl_generator_cppExport.cmake
[2.223s] -- Up-to-date: /home/unitree/navigation_ws/install/livox_ros_driver2/share/livox_ros_driver2/cmake/livox_interfaces2__rosidl_typesupport_introspection_cppExport.cmake
[2.223s] -- Up-to-date: /home/unitree/navigation_ws/install/livox_ros_driver2/share/livox_ros_driver2/cmake/livox_interfaces2__rosidl_typesupport_introspection_cppExport-noconfig.cmake
[2.223s] -- Up-to-date: /home/unitree/navigation_ws/install/livox_ros_driver2/share/livox_ros_driver2/cmake/livox_interfaces2__rosidl_typesupport_cppExport.cmake
[2.224s] -- Up-to-date: /home/unitree/navigation_ws/install/livox_ros_driver2/share/livox_ros_driver2/cmake/livox_interfaces2__rosidl_typesupport_cppExport-noconfig.cmake
[2.267s] Invoked command in '/home/unitree/navigation_ws/build/livox_ros_driver2' returned '0': CMAKE_PREFIX_PATH=${CMAKE_PREFIX_PATH}:/opt/ros/foxy /usr/bin/cmake --install /home/unitree/navigation_ws/build/livox_ros_driver2
